19:44:40 [TestNG-test-Test-1] INFO  verifyingTheBrandsFilterFunctionality_Laptop_19-44-40 - No existing WebDriver found for current thread. Initializing a new ChromeDriver...
19:44:40 [TestNG-test-Test-1] INFO  verifyingTheBrandsFilterFunctionality_Laptop_19-44-40 - WebDriverManager: chromedriver setup OK
19:44:42 [TestNG-test-Test-1] INFO  verifyingTheBrandsFilterFunctionality_Laptop_19-44-40 - ChromeDriver initialized successfully for thread: 34
19:44:44 [TestNG-test-Test-1] INFO  verifyingTheBrandsFilterFunctionality_Laptop_19-44-40 - [verifyingTheBrandsFilterFunctionality_Laptop_19-44-40] Opening amazon Landing page
19:44:44 [TestNG-test-Test-1] INFO  verifyingTheBrandsFilterFunctionality_Laptop_19-44-40 - [verifyingTheBrandsFilterFunctionality_Laptop_19-44-40] Within safeFindElement method
19:44:45 [TestNG-test-Test-1] INFO  verifyingTheBrandsFilterFunctionality_Laptop_19-44-40 - [verifyingTheBrandsFilterFunctionality_Laptop_19-44-40]Found the element returning it ,element ->[[ChromeDriver: chrome on windows (743914b707057f905602008925ce14ab)] -> xpath: //a[@id='nav-logo-sprites']]
19:44:45 [TestNG-test-Test-1] INFO  verifyingTheBrandsFilterFunctionality_Laptop_19-44-40 - [verifyingTheBrandsFilterFunctionality_Laptop_19-44-40] Giving input within the search bar
19:44:45 [TestNG-test-Test-1] INFO  verifyingTheBrandsFilterFunctionality_Laptop_19-44-40 - [verifyingTheBrandsFilterFunctionality_Laptop_19-44-40] Within safeClick method
19:44:47 [TestNG-test-Test-1] INFO  verifyingTheBrandsFilterFunctionality_Laptop_19-44-40 - [verifyingTheBrandsFilterFunctionality_Laptop_19-44-40] Clicked the  [[ChromeDriver: chrome on windows (743914b707057f905602008925ce14ab)] -> xpath: //input[@id='nav-search-submit-button']]   using safeClick
19:44:47 [TestNG-test-Test-1] INFO  verifyingTheBrandsFilterFunctionality_Laptop_19-44-40 - [verifyingTheBrandsFilterFunctionality_Laptop_19-44-40] Clicking on the submit in the search bar
19:44:48 [TestNG-test-Test-1] INFO  verifyingTheBrandsFilterFunctionality_Laptop_19-44-40 - [verifyingTheBrandsFilterFunctionality_Laptop_19-44-40] Within filterCheckUnderList method
19:44:48 [TestNG-test-Test-1] INFO  verifyingTheBrandsFilterFunctionality_Laptop_19-44-40 - [verifyingTheBrandsFilterFunctionality_Laptop_19-44-40] Found the Filter within the filter check List
19:44:48 [TestNG-test-Test-1] INFO  verifyingTheBrandsFilterFunctionality_Laptop_19-44-40 - [verifyingTheBrandsFilterFunctionality_Laptop_19-44-40] Within safeFindElements 
19:44:53 [TestNG-test-Test-1] INFO  verifyingTheBrandsFilterFunctionality_Laptop_19-44-40 - [verifyingTheBrandsFilterFunctionality_Laptop_19-44-40] Retrying findElements for:By.xpath: //span[@class='a-size-base a-color-base puis-bold-weight-text' and text()='Brands']/parent::div/following-sibling::div[@class='a-section a-spacing-medium sf-navigation-searchable-content']//span[@class='a-size-base a-color-base']
19:44:54 [TestNG-test-Test-1] INFO  verifyingTheBrandsFilterFunctionality_Laptop_19-44-40 - [verifyingTheBrandsFilterFunctionality_Laptop_19-44-40] Refreshing the page while trying to find :By.xpath: //span[@class='a-size-base a-color-base puis-bold-weight-text' and text()='Brands']/parent::div/following-sibling::div[@class='a-section a-spacing-medium sf-navigation-searchable-content']//span[@class='a-size-base a-color-base']
19:44:54 [TestNG-test-Test-1] INFO  verifyingTheBrandsFilterFunctionality_Laptop_19-44-40 - [verifyingTheBrandsFilterFunctionality_Laptop_19-44-40] Skipping action Elements not found after1  Attempts
19:44:59 [TestNG-test-Test-1] INFO  verifyingTheBrandsFilterFunctionality_Laptop_19-44-40 - [verifyingTheBrandsFilterFunctionality_Laptop_19-44-40] Retrying findElements for:By.xpath: //span[@class='a-size-base a-color-base puis-bold-weight-text' and text()='Brands']/parent::div/following-sibling::div[@class='a-section a-spacing-medium sf-navigation-searchable-content']//span[@class='a-size-base a-color-base']
19:45:01 [TestNG-test-Test-1] INFO  verifyingTheBrandsFilterFunctionality_Laptop_19-44-40 - [verifyingTheBrandsFilterFunctionality_Laptop_19-44-40] Refreshing the page while trying to find :By.xpath: //span[@class='a-size-base a-color-base puis-bold-weight-text' and text()='Brands']/parent::div/following-sibling::div[@class='a-section a-spacing-medium sf-navigation-searchable-content']//span[@class='a-size-base a-color-base']
19:45:01 [TestNG-test-Test-1] INFO  verifyingTheBrandsFilterFunctionality_Laptop_19-44-40 - [verifyingTheBrandsFilterFunctionality_Laptop_19-44-40] Skipping action Elements not found after2  Attempts
19:45:01 [TestNG-test-Test-1] INFO  verifyingTheBrandsFilterFunctionality_Laptop_19-44-40 - [verifyingTheBrandsFilterFunctionality_Laptop_19-44-40] Within applyFilterAndValidateBrandsFilterWithResult method
19:45:01 [TestNG-test-Test-1] INFO  verifyingTheBrandsFilterFunctionality_Laptop_19-44-40 - [verifyingTheBrandsFilterFunctionality_Laptop_19-44-40] Scrolling to the 'More' Button under brands filter section
19:45:01 [TestNG-test-Test-1] INFO  verifyingTheBrandsFilterFunctionality_Laptop_19-44-40 - [verifyingTheBrandsFilterFunctionality_Laptop_19-44-40] Within safeFindElement method
19:45:01 [TestNG-test-Test-1] INFO  verifyingTheBrandsFilterFunctionality_Laptop_19-44-40 - [verifyingTheBrandsFilterFunctionality_Laptop_19-44-40]Found the element returning it ,element ->[[ChromeDriver: chrome on windows (743914b707057f905602008925ce14ab)] -> xpath: //a[@aria-label='See more, Brands']]
19:45:01 [TestNG-test-Test-1] INFO  verifyingTheBrandsFilterFunctionality_Laptop_19-44-40 - [verifyingTheBrandsFilterFunctionality_Laptop_19-44-40] Within smoothScrollToElement method
19:45:01 [TestNG-test-Test-1] INFO  verifyingTheBrandsFilterFunctionality_Laptop_19-44-40 - [verifyingTheBrandsFilterFunctionality_Laptop_19-44-40] Within safeFindElement method
19:45:01 [TestNG-test-Test-1] INFO  verifyingTheBrandsFilterFunctionality_Laptop_19-44-40 - [verifyingTheBrandsFilterFunctionality_Laptop_19-44-40]Found the element returning it ,element ->[[ChromeDriver: chrome on windows (743914b707057f905602008925ce14ab)] -> xpath: //a[@aria-label='See more, Brands']]
19:45:01 [TestNG-test-Test-1] INFO  verifyingTheBrandsFilterFunctionality_Laptop_19-44-40 - [verifyingTheBrandsFilterFunctionality_Laptop_19-44-40] Successfully scrolled to element: By.xpath: //a[@aria-label='See more, Brands']
19:45:01 [TestNG-test-Test-1] INFO  verifyingTheBrandsFilterFunctionality_Laptop_19-44-40 - [verifyingTheBrandsFilterFunctionality_Laptop_19-44-40] Within safeClick method
19:45:01 [TestNG-test-Test-1] INFO  verifyingTheBrandsFilterFunctionality_Laptop_19-44-40 - [verifyingTheBrandsFilterFunctionality_Laptop_19-44-40] Clicked the  [[ChromeDriver: chrome on windows (743914b707057f905602008925ce14ab)] -> xpath: //a[@aria-label='See more, Brands']]   using safeClick
19:45:01 [TestNG-test-Test-1] INFO  verifyingTheBrandsFilterFunctionality_Laptop_19-44-40 - [verifyingTheBrandsFilterFunctionality_Laptop_19-44-40] Clicked the 'More' Button under brands filter section
19:45:01 [TestNG-test-Test-1] INFO  verifyingTheBrandsFilterFunctionality_Laptop_19-44-40 - [verifyingTheBrandsFilterFunctionality_Laptop_19-44-40] Within safeFindElements 
19:45:01 [TestNG-test-Test-1] INFO  verifyingTheBrandsFilterFunctionality_Laptop_19-44-40 - [verifyingTheBrandsFilterFunctionality_Laptop_19-44-40] Returning the  [[[ChromeDriver: chrome on windows (743914b707057f905602008925ce14ab)] -> xpath: //ul[@id='filter-p_123']//span[@class='a-size-base a-color-base']], [[ChromeDriver: chrome on windows (743914b707057f905602008925ce14ab)] -> xpath: //ul[@id='filter-p_123']//span[@class='a-size-base a-color-base']], [[ChromeDriver: chrome on windows (743914b707057f905602008925ce14ab)] -> xpath: //ul[@id='filter-p_123']//span[@class='a-size-base a-color-base']], [[ChromeDriver: chrome on windows (743914b707057f905602008925ce14ab)] -> xpath: //ul[@id='filter-p_123']//span[@class='a-size-base a-color-base']], [[ChromeDriver: chrome on windows (743914b707057f905602008925ce14ab)] -> xpath: //ul[@id='filter-p_123']//span[@class='a-size-base a-color-base']], [[ChromeDriver: chrome on windows (743914b707057f905602008925ce14ab)] -> xpath: //ul[@id='filter-p_123']//span[@class='a-size-base a-color-base']], [[ChromeDriver: chrome on windows (743914b707057f905602008925ce14ab)] -> xpath: //ul[@id='filter-p_123']//span[@class='a-size-base a-color-base']], [[ChromeDriver: chrome on windows (743914b707057f905602008925ce14ab)] -> xpath: //ul[@id='filter-p_123']//span[@class='a-size-base a-color-base']], [[ChromeDriver: chrome on windows (743914b707057f905602008925ce14ab)] -> xpath: //ul[@id='filter-p_123']//span[@class='a-size-base a-color-base']], [[ChromeDriver: chrome on windows (743914b707057f905602008925ce14ab)] -> xpath: //ul[@id='filter-p_123']//span[@class='a-size-base a-color-base']], [[ChromeDriver: chrome on windows (743914b707057f905602008925ce14ab)] -> xpath: //ul[@id='filter-p_123']//span[@class='a-size-base a-color-base']]] from the safeFindElements method
19:45:01 [TestNG-test-Test-1] INFO  verifyingTheBrandsFilterFunctionality_Laptop_19-44-40 - [verifyingTheBrandsFilterFunctionality_Laptop_19-44-40] Within the filterOptions loop 
19:45:01 [TestNG-test-Test-1] INFO  verifyingTheBrandsFilterFunctionality_Laptop_19-44-40 - [verifyingTheBrandsFilterFunctionality_Laptop_19-44-40] Within safeFindElements 
19:45:01 [TestNG-test-Test-1] INFO  verifyingTheBrandsFilterFunctionality_Laptop_19-44-40 - [verifyingTheBrandsFilterFunctionality_Laptop_19-44-40] Returning the  [[[ChromeDriver: chrome on windows (743914b707057f905602008925ce14ab)] -> xpath: //ul[@id='filter-p_123']//span[@class='a-size-base a-color-base']], [[ChromeDriver: chrome on windows (743914b707057f905602008925ce14ab)] -> xpath: //ul[@id='filter-p_123']//span[@class='a-size-base a-color-base']], [[ChromeDriver: chrome on windows (743914b707057f905602008925ce14ab)] -> xpath: //ul[@id='filter-p_123']//span[@class='a-size-base a-color-base']], [[ChromeDriver: chrome on windows (743914b707057f905602008925ce14ab)] -> xpath: //ul[@id='filter-p_123']//span[@class='a-size-base a-color-base']], [[ChromeDriver: chrome on windows (743914b707057f905602008925ce14ab)] -> xpath: //ul[@id='filter-p_123']//span[@class='a-size-base a-color-base']], [[ChromeDriver: chrome on windows (743914b707057f905602008925ce14ab)] -> xpath: //ul[@id='filter-p_123']//span[@class='a-size-base a-color-base']], [[ChromeDriver: chrome on windows (743914b707057f905602008925ce14ab)] -> xpath: //ul[@id='filter-p_123']//span[@class='a-size-base a-color-base']], [[ChromeDriver: chrome on windows (743914b707057f905602008925ce14ab)] -> xpath: //ul[@id='filter-p_123']//span[@class='a-size-base a-color-base']], [[ChromeDriver: chrome on windows (743914b707057f905602008925ce14ab)] -> xpath: //ul[@id='filter-p_123']//span[@class='a-size-base a-color-base']], [[ChromeDriver: chrome on windows (743914b707057f905602008925ce14ab)] -> xpath: //ul[@id='filter-p_123']//span[@class='a-size-base a-color-base']], [[ChromeDriver: chrome on windows (743914b707057f905602008925ce14ab)] -> xpath: //ul[@id='filter-p_123']//span[@class='a-size-base a-color-base']]] from the safeFindElements method
19:45:01 [TestNG-test-Test-1] INFO  verifyingTheBrandsFilterFunctionality_Laptop_19-44-40 - [verifyingTheBrandsFilterFunctionality_Laptop_19-44-40] Within safeFindElement method
19:45:01 [TestNG-test-Test-1] INFO  verifyingTheBrandsFilterFunctionality_Laptop_19-44-40 - [verifyingTheBrandsFilterFunctionality_Laptop_19-44-40]Found the element returning it ,element ->[[ChromeDriver: chrome on windows (743914b707057f905602008925ce14ab)] -> xpath: //a[@aria-label='See more, Brands']]
19:45:01 [TestNG-test-Test-1] INFO  verifyingTheBrandsFilterFunctionality_Laptop_19-44-40 - [verifyingTheBrandsFilterFunctionality_Laptop_19-44-40] Within smoothScrollToElement method
19:45:01 [TestNG-test-Test-1] INFO  verifyingTheBrandsFilterFunctionality_Laptop_19-44-40 - [verifyingTheBrandsFilterFunctionality_Laptop_19-44-40] Within safeFindElement method
19:45:01 [TestNG-test-Test-1] INFO  verifyingTheBrandsFilterFunctionality_Laptop_19-44-40 - [verifyingTheBrandsFilterFunctionality_Laptop_19-44-40]Found the element returning it ,element ->[[ChromeDriver: chrome on windows (743914b707057f905602008925ce14ab)] -> xpath: //a[@aria-label='See more, Brands']]
19:45:01 [TestNG-test-Test-1] INFO  verifyingTheBrandsFilterFunctionality_Laptop_19-44-40 - [verifyingTheBrandsFilterFunctionality_Laptop_19-44-40] Successfully scrolled to element: By.xpath: //a[@aria-label='See more, Brands']
19:45:01 [TestNG-test-Test-1] INFO  verifyingTheBrandsFilterFunctionality_Laptop_19-44-40 - [verifyingTheBrandsFilterFunctionality_Laptop_19-44-40] Within safeClick method
19:45:01 [TestNG-test-Test-1] INFO  verifyingTheBrandsFilterFunctionality_Laptop_19-44-40 - [verifyingTheBrandsFilterFunctionality_Laptop_19-44-40] Clicked the  [[ChromeDriver: chrome on windows (743914b707057f905602008925ce14ab)] -> xpath: //a[@aria-label='See more, Brands']]   using safeClick
19:45:01 [TestNG-test-Test-1] INFO  verifyingTheBrandsFilterFunctionality_Laptop_19-44-40 - [verifyingTheBrandsFilterFunctionality_Laptop_19-44-40] Within safeFindElements 
19:45:01 [TestNG-test-Test-1] INFO  verifyingTheBrandsFilterFunctionality_Laptop_19-44-40 - [verifyingTheBrandsFilterFunctionality_Laptop_19-44-40] Returning the  [[[ChromeDriver: chrome on windows (743914b707057f905602008925ce14ab)] -> xpath: //ul[@id='filter-p_123']//span[@class='a-size-base a-color-base']], [[ChromeDriver: chrome on windows (743914b707057f905602008925ce14ab)] -> xpath: //ul[@id='filter-p_123']//span[@class='a-size-base a-color-base']], [[ChromeDriver: chrome on windows (743914b707057f905602008925ce14ab)] -> xpath: //ul[@id='filter-p_123']//span[@class='a-size-base a-color-base']], [[ChromeDriver: chrome on windows (743914b707057f905602008925ce14ab)] -> xpath: //ul[@id='filter-p_123']//span[@class='a-size-base a-color-base']], [[ChromeDriver: chrome on windows (743914b707057f905602008925ce14ab)] -> xpath: //ul[@id='filter-p_123']//span[@class='a-size-base a-color-base']], [[ChromeDriver: chrome on windows (743914b707057f905602008925ce14ab)] -> xpath: //ul[@id='filter-p_123']//span[@class='a-size-base a-color-base']], [[ChromeDriver: chrome on windows (743914b707057f905602008925ce14ab)] -> xpath: //ul[@id='filter-p_123']//span[@class='a-size-base a-color-base']], [[ChromeDriver: chrome on windows (743914b707057f905602008925ce14ab)] -> xpath: //ul[@id='filter-p_123']//span[@class='a-size-base a-color-base']], [[ChromeDriver: chrome on windows (743914b707057f905602008925ce14ab)] -> xpath: //ul[@id='filter-p_123']//span[@class='a-size-base a-color-base']], [[ChromeDriver: chrome on windows (743914b707057f905602008925ce14ab)] -> xpath: //ul[@id='filter-p_123']//span[@class='a-size-base a-color-base']], [[ChromeDriver: chrome on windows (743914b707057f905602008925ce14ab)] -> xpath: //ul[@id='filter-p_123']//span[@class='a-size-base a-color-base']]] from the safeFindElements method
19:45:01 [TestNG-test-Test-1] INFO  verifyingTheBrandsFilterFunctionality_Laptop_19-44-40 - [verifyingTheBrandsFilterFunctionality_Laptop_19-44-40] Within getfilterByTypeAndName method
19:45:01 [TestNG-test-Test-1] INFO  verifyingTheBrandsFilterFunctionality_Laptop_19-44-40 - [verifyingTheBrandsFilterFunctionality_Laptop_19-44-40] Within safeClickBooleanWithScreenShot method
19:45:01 [TestNG-test-Test-1] INFO  verifyingTheBrandsFilterFunctionality_Laptop_19-44-40 - [verifyingTheBrandsFilterFunctionality_Laptop_19-44-40] Within getAppliedfilterByTypeAndName method
19:45:01 [TestNG-test-Test-1] INFO  verifyingTheBrandsFilterFunctionality_Laptop_19-44-40 - [verifyingTheBrandsFilterFunctionality_Laptop_19-44-40] Within smoothScrollToElement method
19:45:01 [TestNG-test-Test-1] INFO  verifyingTheBrandsFilterFunctionality_Laptop_19-44-40 - [verifyingTheBrandsFilterFunctionality_Laptop_19-44-40] Within safeFindElement method
19:45:01 [TestNG-test-Test-1] INFO  verifyingTheBrandsFilterFunctionality_Laptop_19-44-40 - [verifyingTheBrandsFilterFunctionality_Laptop_19-44-40]Found the element returning it ,element ->[[ChromeDriver: chrome on windows (743914b707057f905602008925ce14ab)] -> xpath: //span[@class='a-size-base a-color-base puis-bold-weight-text' and text()='Brands']]
19:45:01 [TestNG-test-Test-1] INFO  verifyingTheBrandsFilterFunctionality_Laptop_19-44-40 - [verifyingTheBrandsFilterFunctionality_Laptop_19-44-40] Successfully scrolled to element: By.xpath: //span[@class='a-size-base a-color-base puis-bold-weight-text' and text()='Brands']
19:45:01 [TestNG-test-Test-1] INFO  verifyingTheBrandsFilterFunctionality_Laptop_19-44-40 - [verifyingTheBrandsFilterFunctionality_Laptop_19-44-40] Within getMoreButtonByFilterTypeAndName method
19:45:01 [TestNG-test-Test-1] INFO  verifyingTheBrandsFilterFunctionality_Laptop_19-44-40 - [verifyingTheBrandsFilterFunctionality_Laptop_19-44-40] could not find more button
19:45:02 [TestNG-test-Test-1] INFO  verifyingTheBrandsFilterFunctionality_Laptop_19-44-40 - [verifyingTheBrandsFilterFunctionality_Laptop_19-44-40] Within getAppliedfilterByTypeAndName method
19:45:02 [TestNG-test-Test-1] INFO  verifyingTheBrandsFilterFunctionality_Laptop_19-44-40 - [verifyingTheBrandsFilterFunctionality_Laptop_19-44-40] Within smoothScrollToElement method
19:45:02 [TestNG-test-Test-1] INFO  verifyingTheBrandsFilterFunctionality_Laptop_19-44-40 - [verifyingTheBrandsFilterFunctionality_Laptop_19-44-40] Within safeFindElement method
19:45:03 [TestNG-test-Test-1] INFO  verifyingTheBrandsFilterFunctionality_Laptop_19-44-40 - [verifyingTheBrandsFilterFunctionality_Laptop_19-44-40]Found the element returning it ,element ->[[ChromeDriver: chrome on windows (743914b707057f905602008925ce14ab)] -> xpath: //span[@class='a-size-base a-color-base puis-bold-weight-text' and text()='Brands']]
19:45:03 [TestNG-test-Test-1] INFO  verifyingTheBrandsFilterFunctionality_Laptop_19-44-40 - [verifyingTheBrandsFilterFunctionality_Laptop_19-44-40] Successfully scrolled to element: By.xpath: //span[@class='a-size-base a-color-base puis-bold-weight-text' and text()='Brands']
19:45:03 [TestNG-test-Test-1] INFO  verifyingTheBrandsFilterFunctionality_Laptop_19-44-40 - [verifyingTheBrandsFilterFunctionality_Laptop_19-44-40] Within getMoreButtonByFilterTypeAndName method
19:45:03 [TestNG-test-Test-1] INFO  verifyingTheBrandsFilterFunctionality_Laptop_19-44-40 - [verifyingTheBrandsFilterFunctionality_Laptop_19-44-40] could not find more button
19:45:03 [TestNG-test-Test-1] INFO  verifyingTheBrandsFilterFunctionality_Laptop_19-44-40 - [verifyingTheBrandsFilterFunctionality_Laptop_19-44-40] Within getfilterByTypeAndName method
19:45:03 [TestNG-test-Test-1] INFO  verifyingTheBrandsFilterFunctionality_Laptop_19-44-40 - [verifyingTheBrandsFilterFunctionality_Laptop_19-44-40] Within smoothScrollToElement method
19:45:03 [TestNG-test-Test-1] INFO  verifyingTheBrandsFilterFunctionality_Laptop_19-44-40 - [verifyingTheBrandsFilterFunctionality_Laptop_19-44-40] Within safeFindElement method
19:45:08 [TestNG-test-Test-1] INFO  verifyingTheBrandsFilterFunctionality_Laptop_19-44-40 - [verifyingTheBrandsFilterFunctionality_Laptop_19-44-40]Retrying findElement for: ->By.xpath: //ul[@id='filter-p_123']//span[@class='a-size-base a-color-base' and text()='ASUS']
19:45:09 [TestNG-test-Test-1] INFO  verifyingTheBrandsFilterFunctionality_Laptop_19-44-40 - [verifyingTheBrandsFilterFunctionality_Laptop_19-44-40]Refrehsing the page , while trying to safely find : ->By.xpath: //ul[@id='filter-p_123']//span[@class='a-size-base a-color-base' and text()='ASUS']
19:45:14 [TestNG-test-Test-1] INFO  verifyingTheBrandsFilterFunctionality_Laptop_19-44-40 - [verifyingTheBrandsFilterFunctionality_Laptop_19-44-40]Retrying findElement for: ->By.xpath: //ul[@id='filter-p_123']//span[@class='a-size-base a-color-base' and text()='ASUS']
19:45:15 [TestNG-test-Test-1] INFO  verifyingTheBrandsFilterFunctionality_Laptop_19-44-40 - [verifyingTheBrandsFilterFunctionality_Laptop_19-44-40]Refrehsing the page , while trying to safely find : ->By.xpath: //ul[@id='filter-p_123']//span[@class='a-size-base a-color-base' and text()='ASUS']
19:45:15 [TestNG-test-Test-1] INFO  verifyingTheBrandsFilterFunctionality_Laptop_19-44-40 - [verifyingTheBrandsFilterFunctionality_Laptop_19-44-40] Skipping action: Element not found after 2   attemps
19:45:15 [TestNG-test-Test-1] WARN  verifyingTheBrandsFilterFunctionality_Laptop_19-44-40 - [verifyingTheBrandsFilterFunctionality_Laptop_19-44-40] Element not found for locator: By.xpath: //ul[@id='filter-p_123']//span[@class='a-size-base a-color-base' and text()='ASUS']
19:45:15 [TestNG-test-Test-1] INFO  verifyingTheBrandsFilterFunctionality_Laptop_19-44-40 - [verifyingTheBrandsFilterFunctionality_Laptop_19-44-40] Clicked the element using safe click ,element is [[ChromeDriver: chrome on windows (743914b707057f905602008925ce14ab)] -> xpath: //ul[@id='filter-p_123']//span[@class='a-size-base a-color-base' and text()='ASUS']]
19:45:15 [TestNG-test-Test-1] INFO  verifyingTheBrandsFilterFunctionality_Laptop_19-44-40 - [verifyingTheBrandsFilterFunctionality_Laptop_19-44-40] Clicked on ASUSWithin the filterOptions loop
19:45:15 [TestNG-test-Test-1] INFO  verifyingTheBrandsFilterFunctionality_Laptop_19-44-40 - [verifyingTheBrandsFilterFunctionality_Laptop_19-44-40] Within safeFindElements 
19:45:15 [TestNG-test-Test-1] INFO  verifyingTheBrandsFilterFunctionality_Laptop_19-44-40 - [verifyingTheBrandsFilterFunctionality_Laptop_19-44-40] Returning the  [[[ChromeDriver: chrome on windows (743914b707057f905602008925ce14ab)] -> xpath: //div[@data-cy='title-recipe']], [[ChromeDriver: chrome on windows (743914b707057f905602008925ce14ab)] -> xpath: //div[@data-cy='title-recipe']], [[ChromeDriver: chrome on windows (743914b707057f905602008925ce14ab)] -> xpath: //div[@data-cy='title-recipe']], [[ChromeDriver: chrome on windows (743914b707057f905602008925ce14ab)] -> xpath: //div[@data-cy='title-recipe']], [[ChromeDriver: chrome on windows (743914b707057f905602008925ce14ab)] -> xpath: //div[@data-cy='title-recipe']], [[ChromeDriver: chrome on windows (743914b707057f905602008925ce14ab)] -> xpath: //div[@data-cy='title-recipe']], [[ChromeDriver: chrome on windows (743914b707057f905602008925ce14ab)] -> xpath: //div[@data-cy='title-recipe']], [[ChromeDriver: chrome on windows (743914b707057f905602008925ce14ab)] -> xpath: //div[@data-cy='title-recipe']], [[ChromeDriver: chrome on windows (743914b707057f905602008925ce14ab)] -> xpath: //div[@data-cy='title-recipe']], [[ChromeDriver: chrome on windows (743914b707057f905602008925ce14ab)] -> xpath: //div[@data-cy='title-recipe']], [[ChromeDriver: chrome on windows (743914b707057f905602008925ce14ab)] -> xpath: //div[@data-cy='title-recipe']], [[ChromeDriver: chrome on windows (743914b707057f905602008925ce14ab)] -> xpath: //div[@data-cy='title-recipe']], [[ChromeDriver: chrome on windows (743914b707057f905602008925ce14ab)] -> xpath: //div[@data-cy='title-recipe']], [[ChromeDriver: chrome on windows (743914b707057f905602008925ce14ab)] -> xpath: //div[@data-cy='title-recipe']], [[ChromeDriver: chrome on windows (743914b707057f905602008925ce14ab)] -> xpath: //div[@data-cy='title-recipe']], [[ChromeDriver: chrome on windows (743914b707057f905602008925ce14ab)] -> xpath: //div[@data-cy='title-recipe']]] from the safeFindElements method
19:45:15 [TestNG-test-Test-1] INFO  verifyingTheBrandsFilterFunctionality_Laptop_19-44-40 - [verifyingTheBrandsFilterFunctionality_Laptop_19-44-40] Within productNameListingPage loop with product index 0and filter name ASUS
19:45:15 [TestNG-test-Test-1] INFO  verifyingTheBrandsFilterFunctionality_Laptop_19-44-40 - [verifyingTheBrandsFilterFunctionality_Laptop_19-44-40] Within productNameListingPage loop with product index 1and filter name ASUS
19:45:15 [TestNG-test-Test-1] INFO  verifyingTheBrandsFilterFunctionality_Laptop_19-44-40 - [verifyingTheBrandsFilterFunctionality_Laptop_19-44-40] Within productNameListingPage loop with product index 2and filter name ASUS
19:45:15 [TestNG-test-Test-1] INFO  verifyingTheBrandsFilterFunctionality_Laptop_19-44-40 - [verifyingTheBrandsFilterFunctionality_Laptop_19-44-40] Within productNameListingPage loop with product index 3and filter name ASUS
19:45:15 [TestNG-test-Test-1] INFO  verifyingTheBrandsFilterFunctionality_Laptop_19-44-40 - [verifyingTheBrandsFilterFunctionality_Laptop_19-44-40] Within productNameListingPage loop with product index 4and filter name ASUS
19:45:15 [TestNG-test-Test-1] INFO  verifyingTheBrandsFilterFunctionality_Laptop_19-44-40 - [verifyingTheBrandsFilterFunctionality_Laptop_19-44-40] Within productNameListingPage loop with product index 5and filter name ASUS
19:45:15 [TestNG-test-Test-1] INFO  verifyingTheBrandsFilterFunctionality_Laptop_19-44-40 - [verifyingTheBrandsFilterFunctionality_Laptop_19-44-40] Within productNameListingPage loop with product index 6and filter name ASUS
19:45:15 [TestNG-test-Test-1] INFO  verifyingTheBrandsFilterFunctionality_Laptop_19-44-40 - [verifyingTheBrandsFilterFunctionality_Laptop_19-44-40] Within productNameListingPage loop with product index 7and filter name ASUS
19:45:15 [TestNG-test-Test-1] INFO  verifyingTheBrandsFilterFunctionality_Laptop_19-44-40 - [verifyingTheBrandsFilterFunctionality_Laptop_19-44-40] Within productNameListingPage loop with product index 8and filter name ASUS
19:45:15 [TestNG-test-Test-1] INFO  verifyingTheBrandsFilterFunctionality_Laptop_19-44-40 - [verifyingTheBrandsFilterFunctionality_Laptop_19-44-40] Within productNameListingPage loop with product index 9and filter name ASUS
19:45:15 [TestNG-test-Test-1] INFO  verifyingTheBrandsFilterFunctionality_Laptop_19-44-40 - [verifyingTheBrandsFilterFunctionality_Laptop_19-44-40] Within productNameListingPage loop with product index 10and filter name ASUS
19:45:15 [TestNG-test-Test-1] INFO  verifyingTheBrandsFilterFunctionality_Laptop_19-44-40 - [verifyingTheBrandsFilterFunctionality_Laptop_19-44-40] Within productNameListingPage loop with product index 11and filter name ASUS
19:45:15 [TestNG-test-Test-1] INFO  verifyingTheBrandsFilterFunctionality_Laptop_19-44-40 - [verifyingTheBrandsFilterFunctionality_Laptop_19-44-40] Within productNameListingPage loop with product index 12and filter name ASUS
19:45:15 [TestNG-test-Test-1] INFO  verifyingTheBrandsFilterFunctionality_Laptop_19-44-40 - [verifyingTheBrandsFilterFunctionality_Laptop_19-44-40] Within productNameListingPage loop with product index 13and filter name ASUS
19:45:15 [TestNG-test-Test-1] INFO  verifyingTheBrandsFilterFunctionality_Laptop_19-44-40 - [verifyingTheBrandsFilterFunctionality_Laptop_19-44-40] Within productNameListingPage loop with product index 14and filter name ASUS
19:45:15 [TestNG-test-Test-1] INFO  verifyingTheBrandsFilterFunctionality_Laptop_19-44-40 - [verifyingTheBrandsFilterFunctionality_Laptop_19-44-40] Within productNameListingPage loop with product index 15and filter name ASUS
19:45:15 [TestNG-test-Test-1] INFO  verifyingTheBrandsFilterFunctionality_Laptop_19-44-40 - [verifyingTheBrandsFilterFunctionality_Laptop_19-44-40] Creating 'result' Map for storing ,'brand','isValid','mismatches list' with map size ->3
19:45:15 [TestNG-test-Test-1] INFO  verifyingTheBrandsFilterFunctionality_Laptop_19-44-40 - [verifyingTheBrandsFilterFunctionality_Laptop_19-44-40] Adding 'result' with the data into 'allResults' i.e list of Map3
19:45:15 [TestNG-test-Test-1] INFO  verifyingTheBrandsFilterFunctionality_Laptop_19-44-40 - [verifyingTheBrandsFilterFunctionality_Laptop_19-44-40] Waiting until element is visible in viewport
19:45:15 [TestNG-test-Test-1] INFO  verifyingTheBrandsFilterFunctionality_Laptop_19-44-40 - [verifyingTheBrandsFilterFunctionality_Laptop_19-44-40] Within safeClick method
19:45:16 [TestNG-test-Test-1] INFO  verifyingTheBrandsFilterFunctionality_Laptop_19-44-40 - [verifyingTheBrandsFilterFunctionality_Laptop_19-44-40] Clicked the  [[ChromeDriver: chrome on windows (743914b707057f905602008925ce14ab)] -> xpath: //span[@class='a-size-base a-color-base' and text()='Clear']]   using safeClick
19:45:16 [TestNG-test-Test-1] INFO  verifyingTheBrandsFilterFunctionality_Laptop_19-44-40 - [verifyingTheBrandsFilterFunctionality_Laptop_19-44-40] Clicked clear button for the filter ->ASUS
19:45:16 [TestNG-test-Test-1] INFO  verifyingTheBrandsFilterFunctionality_Laptop_19-44-40 - [verifyingTheBrandsFilterFunctionality_Laptop_19-44-40] Within the filterOptions loop 
19:45:16 [TestNG-test-Test-1] INFO  verifyingTheBrandsFilterFunctionality_Laptop_19-44-40 - [verifyingTheBrandsFilterFunctionality_Laptop_19-44-40] Within safeFindElements 
19:45:17 [TestNG-test-Test-1] INFO  verifyingTheBrandsFilterFunctionality_Laptop_19-44-40 - [verifyingTheBrandsFilterFunctionality_Laptop_19-44-40] Returning the  [[[ChromeDriver: chrome on windows (743914b707057f905602008925ce14ab)] -> xpath: //ul[@id='filter-p_123']//span[@class='a-size-base a-color-base']], [[ChromeDriver: chrome on windows (743914b707057f905602008925ce14ab)] -> xpath: //ul[@id='filter-p_123']//span[@class='a-size-base a-color-base']], [[ChromeDriver: chrome on windows (743914b707057f905602008925ce14ab)] -> xpath: //ul[@id='filter-p_123']//span[@class='a-size-base a-color-base']], [[ChromeDriver: chrome on windows (743914b707057f905602008925ce14ab)] -> xpath: //ul[@id='filter-p_123']//span[@class='a-size-base a-color-base']], [[ChromeDriver: chrome on windows (743914b707057f905602008925ce14ab)] -> xpath: //ul[@id='filter-p_123']//span[@class='a-size-base a-color-base']], [[ChromeDriver: chrome on windows (743914b707057f905602008925ce14ab)] -> xpath: //ul[@id='filter-p_123']//span[@class='a-size-base a-color-base']], [[ChromeDriver: chrome on windows (743914b707057f905602008925ce14ab)] -> xpath: //ul[@id='filter-p_123']//span[@class='a-size-base a-color-base']], [[ChromeDriver: chrome on windows (743914b707057f905602008925ce14ab)] -> xpath: //ul[@id='filter-p_123']//span[@class='a-size-base a-color-base']], [[ChromeDriver: chrome on windows (743914b707057f905602008925ce14ab)] -> xpath: //ul[@id='filter-p_123']//span[@class='a-size-base a-color-base']], [[ChromeDriver: chrome on windows (743914b707057f905602008925ce14ab)] -> xpath: //ul[@id='filter-p_123']//span[@class='a-size-base a-color-base']], [[ChromeDriver: chrome on windows (743914b707057f905602008925ce14ab)] -> xpath: //ul[@id='filter-p_123']//span[@class='a-size-base a-color-base']]] from the safeFindElements method
19:45:17 [TestNG-test-Test-1] INFO  verifyingTheBrandsFilterFunctionality_Laptop_19-44-40 - [verifyingTheBrandsFilterFunctionality_Laptop_19-44-40] Within safeFindElement method
19:45:17 [TestNG-test-Test-1] INFO  verifyingTheBrandsFilterFunctionality_Laptop_19-44-40 - [verifyingTheBrandsFilterFunctionality_Laptop_19-44-40]Found the element returning it ,element ->[[ChromeDriver: chrome on windows (743914b707057f905602008925ce14ab)] -> xpath: //a[@aria-label='See more, Brands']]
19:45:17 [TestNG-test-Test-1] INFO  verifyingTheBrandsFilterFunctionality_Laptop_19-44-40 - [verifyingTheBrandsFilterFunctionality_Laptop_19-44-40] Within smoothScrollToElement method
19:45:17 [TestNG-test-Test-1] INFO  verifyingTheBrandsFilterFunctionality_Laptop_19-44-40 - [verifyingTheBrandsFilterFunctionality_Laptop_19-44-40] Within safeFindElement method
19:45:17 [TestNG-test-Test-1] INFO  verifyingTheBrandsFilterFunctionality_Laptop_19-44-40 - [verifyingTheBrandsFilterFunctionality_Laptop_19-44-40]Found the element returning it ,element ->[[ChromeDriver: chrome on windows (743914b707057f905602008925ce14ab)] -> xpath: //a[@aria-label='See more, Brands']]
19:45:17 [TestNG-test-Test-1] INFO  verifyingTheBrandsFilterFunctionality_Laptop_19-44-40 - [verifyingTheBrandsFilterFunctionality_Laptop_19-44-40] Successfully scrolled to element: By.xpath: //a[@aria-label='See more, Brands']
19:45:17 [TestNG-test-Test-1] INFO  verifyingTheBrandsFilterFunctionality_Laptop_19-44-40 - [verifyingTheBrandsFilterFunctionality_Laptop_19-44-40] Within safeClick method
19:45:17 [TestNG-test-Test-1] INFO  verifyingTheBrandsFilterFunctionality_Laptop_19-44-40 - [verifyingTheBrandsFilterFunctionality_Laptop_19-44-40] Clicked the  [[ChromeDriver: chrome on windows (743914b707057f905602008925ce14ab)] -> xpath: //a[@aria-label='See more, Brands']]   using safeClick
19:45:17 [TestNG-test-Test-1] INFO  verifyingTheBrandsFilterFunctionality_Laptop_19-44-40 - [verifyingTheBrandsFilterFunctionality_Laptop_19-44-40] Within safeFindElements 
19:45:17 [TestNG-test-Test-1] INFO  verifyingTheBrandsFilterFunctionality_Laptop_19-44-40 - [verifyingTheBrandsFilterFunctionality_Laptop_19-44-40] Returning the  [[[ChromeDriver: chrome on windows (743914b707057f905602008925ce14ab)] -> xpath: //ul[@id='filter-p_123']//span[@class='a-size-base a-color-base']], [[ChromeDriver: chrome on windows (743914b707057f905602008925ce14ab)] -> xpath: //ul[@id='filter-p_123']//span[@class='a-size-base a-color-base']], [[ChromeDriver: chrome on windows (743914b707057f905602008925ce14ab)] -> xpath: //ul[@id='filter-p_123']//span[@class='a-size-base a-color-base']], [[ChromeDriver: chrome on windows (743914b707057f905602008925ce14ab)] -> xpath: //ul[@id='filter-p_123']//span[@class='a-size-base a-color-base']], [[ChromeDriver: chrome on windows (743914b707057f905602008925ce14ab)] -> xpath: //ul[@id='filter-p_123']//span[@class='a-size-base a-color-base']], [[ChromeDriver: chrome on windows (743914b707057f905602008925ce14ab)] -> xpath: //ul[@id='filter-p_123']//span[@class='a-size-base a-color-base']], [[ChromeDriver: chrome on windows (743914b707057f905602008925ce14ab)] -> xpath: //ul[@id='filter-p_123']//span[@class='a-size-base a-color-base']], [[ChromeDriver: chrome on windows (743914b707057f905602008925ce14ab)] -> xpath: //ul[@id='filter-p_123']//span[@class='a-size-base a-color-base']], [[ChromeDriver: chrome on windows (743914b707057f905602008925ce14ab)] -> xpath: //ul[@id='filter-p_123']//span[@class='a-size-base a-color-base']], [[ChromeDriver: chrome on windows (743914b707057f905602008925ce14ab)] -> xpath: //ul[@id='filter-p_123']//span[@class='a-size-base a-color-base']], [[ChromeDriver: chrome on windows (743914b707057f905602008925ce14ab)] -> xpath: //ul[@id='filter-p_123']//span[@class='a-size-base a-color-base']]] from the safeFindElements method
19:45:17 [TestNG-test-Test-1] INFO  verifyingTheBrandsFilterFunctionality_Laptop_19-44-40 - [verifyingTheBrandsFilterFunctionality_Laptop_19-44-40] Within getfilterByTypeAndName method
19:45:17 [TestNG-test-Test-1] INFO  verifyingTheBrandsFilterFunctionality_Laptop_19-44-40 - [verifyingTheBrandsFilterFunctionality_Laptop_19-44-40] Within safeClickBooleanWithScreenShot method
19:45:17 [TestNG-test-Test-1] INFO  verifyingTheBrandsFilterFunctionality_Laptop_19-44-40 - [verifyingTheBrandsFilterFunctionality_Laptop_19-44-40] Within getAppliedfilterByTypeAndName method
19:45:17 [TestNG-test-Test-1] INFO  verifyingTheBrandsFilterFunctionality_Laptop_19-44-40 - [verifyingTheBrandsFilterFunctionality_Laptop_19-44-40] Within smoothScrollToElement method
19:45:17 [TestNG-test-Test-1] INFO  verifyingTheBrandsFilterFunctionality_Laptop_19-44-40 - [verifyingTheBrandsFilterFunctionality_Laptop_19-44-40] Within safeFindElement method
19:45:17 [TestNG-test-Test-1] INFO  verifyingTheBrandsFilterFunctionality_Laptop_19-44-40 - [verifyingTheBrandsFilterFunctionality_Laptop_19-44-40]Found the element returning it ,element ->[[ChromeDriver: chrome on windows (743914b707057f905602008925ce14ab)] -> xpath: //span[@class='a-size-base a-color-base puis-bold-weight-text' and text()='Brands']]
19:45:17 [TestNG-test-Test-1] INFO  verifyingTheBrandsFilterFunctionality_Laptop_19-44-40 - [verifyingTheBrandsFilterFunctionality_Laptop_19-44-40] Successfully scrolled to element: By.xpath: //span[@class='a-size-base a-color-base puis-bold-weight-text' and text()='Brands']
19:45:17 [TestNG-test-Test-1] INFO  verifyingTheBrandsFilterFunctionality_Laptop_19-44-40 - [verifyingTheBrandsFilterFunctionality_Laptop_19-44-40] Within getMoreButtonByFilterTypeAndName method
19:45:17 [TestNG-test-Test-1] INFO  verifyingTheBrandsFilterFunctionality_Laptop_19-44-40 - [verifyingTheBrandsFilterFunctionality_Laptop_19-44-40] could not find more button
19:45:17 [TestNG-test-Test-1] INFO  verifyingTheBrandsFilterFunctionality_Laptop_19-44-40 - [verifyingTheBrandsFilterFunctionality_Laptop_19-44-40] Within getAppliedfilterByTypeAndName method
19:45:17 [TestNG-test-Test-1] INFO  verifyingTheBrandsFilterFunctionality_Laptop_19-44-40 - [verifyingTheBrandsFilterFunctionality_Laptop_19-44-40] Within smoothScrollToElement method
19:45:17 [TestNG-test-Test-1] INFO  verifyingTheBrandsFilterFunctionality_Laptop_19-44-40 - [verifyingTheBrandsFilterFunctionality_Laptop_19-44-40] Within safeFindElement method
19:45:18 [TestNG-test-Test-1] INFO  verifyingTheBrandsFilterFunctionality_Laptop_19-44-40 - [verifyingTheBrandsFilterFunctionality_Laptop_19-44-40]Found the element returning it ,element ->[[ChromeDriver: chrome on windows (743914b707057f905602008925ce14ab)] -> xpath: //span[@class='a-size-base a-color-base puis-bold-weight-text' and text()='Brands']]
19:45:18 [TestNG-test-Test-1] INFO  verifyingTheBrandsFilterFunctionality_Laptop_19-44-40 - [verifyingTheBrandsFilterFunctionality_Laptop_19-44-40] Successfully scrolled to element: By.xpath: //span[@class='a-size-base a-color-base puis-bold-weight-text' and text()='Brands']
19:45:18 [TestNG-test-Test-1] INFO  verifyingTheBrandsFilterFunctionality_Laptop_19-44-40 - [verifyingTheBrandsFilterFunctionality_Laptop_19-44-40] Within getMoreButtonByFilterTypeAndName method
19:45:18 [TestNG-test-Test-1] INFO  verifyingTheBrandsFilterFunctionality_Laptop_19-44-40 - [verifyingTheBrandsFilterFunctionality_Laptop_19-44-40] could not find more button
19:45:18 [TestNG-test-Test-1] INFO  verifyingTheBrandsFilterFunctionality_Laptop_19-44-40 - [verifyingTheBrandsFilterFunctionality_Laptop_19-44-40] Within getfilterByTypeAndName method
19:45:18 [TestNG-test-Test-1] INFO  verifyingTheBrandsFilterFunctionality_Laptop_19-44-40 - [verifyingTheBrandsFilterFunctionality_Laptop_19-44-40] Within smoothScrollToElement method
19:45:18 [TestNG-test-Test-1] INFO  verifyingTheBrandsFilterFunctionality_Laptop_19-44-40 - [verifyingTheBrandsFilterFunctionality_Laptop_19-44-40] Within safeFindElement method
19:45:24 [TestNG-test-Test-1] INFO  verifyingTheBrandsFilterFunctionality_Laptop_19-44-40 - [verifyingTheBrandsFilterFunctionality_Laptop_19-44-40]Retrying findElement for: ->By.xpath: //ul[@id='filter-p_123']//span[@class='a-size-base a-color-base' and text()='Acer']
19:45:25 [TestNG-test-Test-1] INFO  verifyingTheBrandsFilterFunctionality_Laptop_19-44-40 - [verifyingTheBrandsFilterFunctionality_Laptop_19-44-40]Refrehsing the page , while trying to safely find : ->By.xpath: //ul[@id='filter-p_123']//span[@class='a-size-base a-color-base' and text()='Acer']
19:45:30 [TestNG-test-Test-1] INFO  verifyingTheBrandsFilterFunctionality_Laptop_19-44-40 - [verifyingTheBrandsFilterFunctionality_Laptop_19-44-40]Retrying findElement for: ->By.xpath: //ul[@id='filter-p_123']//span[@class='a-size-base a-color-base' and text()='Acer']
19:45:31 [TestNG-test-Test-1] INFO  verifyingTheBrandsFilterFunctionality_Laptop_19-44-40 - [verifyingTheBrandsFilterFunctionality_Laptop_19-44-40]Refrehsing the page , while trying to safely find : ->By.xpath: //ul[@id='filter-p_123']//span[@class='a-size-base a-color-base' and text()='Acer']
19:45:31 [TestNG-test-Test-1] INFO  verifyingTheBrandsFilterFunctionality_Laptop_19-44-40 - [verifyingTheBrandsFilterFunctionality_Laptop_19-44-40] Skipping action: Element not found after 2   attemps
19:45:31 [TestNG-test-Test-1] WARN  verifyingTheBrandsFilterFunctionality_Laptop_19-44-40 - [verifyingTheBrandsFilterFunctionality_Laptop_19-44-40] Element not found for locator: By.xpath: //ul[@id='filter-p_123']//span[@class='a-size-base a-color-base' and text()='Acer']
19:45:31 [TestNG-test-Test-1] INFO  verifyingTheBrandsFilterFunctionality_Laptop_19-44-40 - [verifyingTheBrandsFilterFunctionality_Laptop_19-44-40] Clicked the element using safe click ,element is [[ChromeDriver: chrome on windows (743914b707057f905602008925ce14ab)] -> xpath: //ul[@id='filter-p_123']//span[@class='a-size-base a-color-base' and text()='Acer']]
19:45:31 [TestNG-test-Test-1] INFO  verifyingTheBrandsFilterFunctionality_Laptop_19-44-40 - [verifyingTheBrandsFilterFunctionality_Laptop_19-44-40] Clicked on AcerWithin the filterOptions loop
19:45:31 [TestNG-test-Test-1] INFO  verifyingTheBrandsFilterFunctionality_Laptop_19-44-40 - [verifyingTheBrandsFilterFunctionality_Laptop_19-44-40] Within safeFindElements 
19:45:31 [TestNG-test-Test-1] INFO  verifyingTheBrandsFilterFunctionality_Laptop_19-44-40 - [verifyingTheBrandsFilterFunctionality_Laptop_19-44-40] Returning the  [[[ChromeDriver: chrome on windows (743914b707057f905602008925ce14ab)] -> xpath: //div[@data-cy='title-recipe']], [[ChromeDriver: chrome on windows (743914b707057f905602008925ce14ab)] -> xpath: //div[@data-cy='title-recipe']], [[ChromeDriver: chrome on windows (743914b707057f905602008925ce14ab)] -> xpath: //div[@data-cy='title-recipe']], [[ChromeDriver: chrome on windows (743914b707057f905602008925ce14ab)] -> xpath: //div[@data-cy='title-recipe']], [[ChromeDriver: chrome on windows (743914b707057f905602008925ce14ab)] -> xpath: //div[@data-cy='title-recipe']], [[ChromeDriver: chrome on windows (743914b707057f905602008925ce14ab)] -> xpath: //div[@data-cy='title-recipe']], [[ChromeDriver: chrome on windows (743914b707057f905602008925ce14ab)] -> xpath: //div[@data-cy='title-recipe']], [[ChromeDriver: chrome on windows (743914b707057f905602008925ce14ab)] -> xpath: //div[@data-cy='title-recipe']], [[ChromeDriver: chrome on windows (743914b707057f905602008925ce14ab)] -> xpath: //div[@data-cy='title-recipe']], [[ChromeDriver: chrome on windows (743914b707057f905602008925ce14ab)] -> xpath: //div[@data-cy='title-recipe']], [[ChromeDriver: chrome on windows (743914b707057f905602008925ce14ab)] -> xpath: //div[@data-cy='title-recipe']], [[ChromeDriver: chrome on windows (743914b707057f905602008925ce14ab)] -> xpath: //div[@data-cy='title-recipe']], [[ChromeDriver: chrome on windows (743914b707057f905602008925ce14ab)] -> xpath: //div[@data-cy='title-recipe']], [[ChromeDriver: chrome on windows (743914b707057f905602008925ce14ab)] -> xpath: //div[@data-cy='title-recipe']], [[ChromeDriver: chrome on windows (743914b707057f905602008925ce14ab)] -> xpath: //div[@data-cy='title-recipe']], [[ChromeDriver: chrome on windows (743914b707057f905602008925ce14ab)] -> xpath: //div[@data-cy='title-recipe']]] from the safeFindElements method
19:45:31 [TestNG-test-Test-1] INFO  verifyingTheBrandsFilterFunctionality_Laptop_19-44-40 - [verifyingTheBrandsFilterFunctionality_Laptop_19-44-40] Within productNameListingPage loop with product index 0and filter name Acer
19:45:31 [TestNG-test-Test-1] INFO  verifyingTheBrandsFilterFunctionality_Laptop_19-44-40 - [verifyingTheBrandsFilterFunctionality_Laptop_19-44-40] Within productNameListingPage loop with product index 1and filter name Acer
19:45:31 [TestNG-test-Test-1] INFO  verifyingTheBrandsFilterFunctionality_Laptop_19-44-40 - [verifyingTheBrandsFilterFunctionality_Laptop_19-44-40] Within productNameListingPage loop with product index 2and filter name Acer
19:45:31 [TestNG-test-Test-1] INFO  verifyingTheBrandsFilterFunctionality_Laptop_19-44-40 - [verifyingTheBrandsFilterFunctionality_Laptop_19-44-40] Within productNameListingPage loop with product index 3and filter name Acer
19:45:31 [TestNG-test-Test-1] INFO  verifyingTheBrandsFilterFunctionality_Laptop_19-44-40 - [verifyingTheBrandsFilterFunctionality_Laptop_19-44-40] Within productNameListingPage loop with product index 4and filter name Acer
19:45:31 [TestNG-test-Test-1] INFO  verifyingTheBrandsFilterFunctionality_Laptop_19-44-40 - [verifyingTheBrandsFilterFunctionality_Laptop_19-44-40] Within productNameListingPage loop with product index 5and filter name Acer
19:45:31 [TestNG-test-Test-1] INFO  verifyingTheBrandsFilterFunctionality_Laptop_19-44-40 - [verifyingTheBrandsFilterFunctionality_Laptop_19-44-40] Within productNameListingPage loop with product index 6and filter name Acer
19:45:31 [TestNG-test-Test-1] INFO  verifyingTheBrandsFilterFunctionality_Laptop_19-44-40 - [verifyingTheBrandsFilterFunctionality_Laptop_19-44-40] Within productNameListingPage loop with product index 7and filter name Acer
19:45:31 [TestNG-test-Test-1] INFO  verifyingTheBrandsFilterFunctionality_Laptop_19-44-40 - [verifyingTheBrandsFilterFunctionality_Laptop_19-44-40] Within productNameListingPage loop with product index 8and filter name Acer
19:45:31 [TestNG-test-Test-1] INFO  verifyingTheBrandsFilterFunctionality_Laptop_19-44-40 - [verifyingTheBrandsFilterFunctionality_Laptop_19-44-40] Within productNameListingPage loop with product index 9and filter name Acer
19:45:31 [TestNG-test-Test-1] INFO  verifyingTheBrandsFilterFunctionality_Laptop_19-44-40 - [verifyingTheBrandsFilterFunctionality_Laptop_19-44-40] Within productNameListingPage loop with product index 10and filter name Acer
19:45:31 [TestNG-test-Test-1] INFO  verifyingTheBrandsFilterFunctionality_Laptop_19-44-40 - [verifyingTheBrandsFilterFunctionality_Laptop_19-44-40] Within productNameListingPage loop with product index 11and filter name Acer
19:45:31 [TestNG-test-Test-1] INFO  verifyingTheBrandsFilterFunctionality_Laptop_19-44-40 - [verifyingTheBrandsFilterFunctionality_Laptop_19-44-40] Within productNameListingPage loop with product index 12and filter name Acer
19:45:31 [TestNG-test-Test-1] INFO  verifyingTheBrandsFilterFunctionality_Laptop_19-44-40 - [verifyingTheBrandsFilterFunctionality_Laptop_19-44-40] Within productNameListingPage loop with product index 13and filter name Acer
19:45:31 [TestNG-test-Test-1] INFO  verifyingTheBrandsFilterFunctionality_Laptop_19-44-40 - [verifyingTheBrandsFilterFunctionality_Laptop_19-44-40] Within productNameListingPage loop with product index 14and filter name Acer
19:45:31 [TestNG-test-Test-1] INFO  verifyingTheBrandsFilterFunctionality_Laptop_19-44-40 - [verifyingTheBrandsFilterFunctionality_Laptop_19-44-40] Within productNameListingPage loop with product index 15and filter name Acer
19:45:31 [TestNG-test-Test-1] INFO  verifyingTheBrandsFilterFunctionality_Laptop_19-44-40 - [verifyingTheBrandsFilterFunctionality_Laptop_19-44-40] Creating 'result' Map for storing ,'brand','isValid','mismatches list' with map size ->3
19:45:31 [TestNG-test-Test-1] INFO  verifyingTheBrandsFilterFunctionality_Laptop_19-44-40 - [verifyingTheBrandsFilterFunctionality_Laptop_19-44-40] Adding 'result' with the data into 'allResults' i.e list of Map3
19:45:31 [TestNG-test-Test-1] INFO  verifyingTheBrandsFilterFunctionality_Laptop_19-44-40 - [verifyingTheBrandsFilterFunctionality_Laptop_19-44-40] Waiting until element is visible in viewport
19:45:31 [TestNG-test-Test-1] INFO  verifyingTheBrandsFilterFunctionality_Laptop_19-44-40 - [verifyingTheBrandsFilterFunctionality_Laptop_19-44-40] Within safeClick method
19:45:32 [TestNG-test-Test-1] INFO  verifyingTheBrandsFilterFunctionality_Laptop_19-44-40 - [verifyingTheBrandsFilterFunctionality_Laptop_19-44-40] Clicked the  [[ChromeDriver: chrome on windows (743914b707057f905602008925ce14ab)] -> xpath: //span[@class='a-size-base a-color-base' and text()='Clear']]   using safeClick
19:45:32 [TestNG-test-Test-1] INFO  verifyingTheBrandsFilterFunctionality_Laptop_19-44-40 - [verifyingTheBrandsFilterFunctionality_Laptop_19-44-40] Clicked clear button for the filter ->Acer
19:45:32 [TestNG-test-Test-1] INFO  verifyingTheBrandsFilterFunctionality_Laptop_19-44-40 - [verifyingTheBrandsFilterFunctionality_Laptop_19-44-40] Returning the allResults List of Maps containing the data
19:45:32 [TestNG-test-Test-1] INFO  verifyingTheBrandsFilterFunctionality_Laptop_19-44-40 - [verifyingTheBrandsFilterFunctionality_Laptop_19-44-40] All product titles matched for brand: 'ASUS'
19:45:32 [TestNG-test-Test-1] INFO  verifyingTheBrandsFilterFunctionality_Laptop_19-44-40 - [verifyingTheBrandsFilterFunctionality_Laptop_19-44-40] All product titles matched for brand: 'Acer'
19:45:32 [TestNG-test-Test-1] INFO  verifyingTheBrandsFilterFunctionality_Laptop_19-44-40 - [verifyingTheBrandsFilterFunctionality_Laptop_19-44-40]  Asserting all soft assertions now...
