20:37:13 [TestNG-test-Test-2] INFO  verifyingTheBrandsFilterFunctionality_Laptop_20-37-13 - No existing WebDriver found for current thread. Initializing a new ChromeDriver...
20:37:14 [TestNG-test-Test-2] INFO  verifyingTheBrandsFilterFunctionality_Laptop_20-37-13 - WebDriverManager: chromedriver setup OK
20:37:15 [TestNG-test-Test-2] INFO  verifyingTheBrandsFilterFunctionality_Laptop_20-37-13 - ChromeDriver initialized successfully for thread: 35
20:37:16 [TestNG-test-Test-2] INFO  verifyingTheBrandsFilterFunctionality_Laptop_20-37-13 - [verifyingTheBrandsFilterFunctionality_Laptop_20-37-13] Opening amazon Landing page
20:37:16 [TestNG-test-Test-2] INFO  verifyingTheBrandsFilterFunctionality_Laptop_20-37-13 - [verifyingTheBrandsFilterFunctionality_Laptop_20-37-13] Within safeFindElement method
20:37:21 [TestNG-test-Test-2] INFO  verifyingTheBrandsFilterFunctionality_Laptop_20-37-13 - [verifyingTheBrandsFilterFunctionality_Laptop_20-37-13]Retrying findElement for: ->By.xpath: //a[@id='nav-logo-sprites']
20:37:21 [TestNG-test-Test-2] INFO  verifyingTheBrandsFilterFunctionality_Laptop_20-37-13 - [verifyingTheBrandsFilterFunctionality_Laptop_20-37-13]Refrehsing the page , while trying to safely find : ->By.xpath: //a[@id='nav-logo-sprites']
20:37:26 [TestNG-test-Test-2] INFO  verifyingTheBrandsFilterFunctionality_Laptop_20-37-13 - [verifyingTheBrandsFilterFunctionality_Laptop_20-37-13]Retrying findElement for: ->By.xpath: //a[@id='nav-logo-sprites']
20:37:26 [TestNG-test-Test-2] INFO  verifyingTheBrandsFilterFunctionality_Laptop_20-37-13 - [verifyingTheBrandsFilterFunctionality_Laptop_20-37-13]Refrehsing the page , while trying to safely find : ->By.xpath: //a[@id='nav-logo-sprites']
20:37:26 [TestNG-test-Test-2] INFO  verifyingTheBrandsFilterFunctionality_Laptop_20-37-13 - [verifyingTheBrandsFilterFunctionality_Laptop_20-37-13] Skipping action: Element not found after 2   attemps
20:37:29 [TestNG-test-Test-2] INFO  verifyingTheBrandsFilterFunctionality_Laptop_20-37-13 - [verifyingTheBrandsFilterFunctionality_Laptop_20-37-13] Giving input within the search bar
20:37:29 [TestNG-test-Test-2] INFO  verifyingTheBrandsFilterFunctionality_Laptop_20-37-13 - [verifyingTheBrandsFilterFunctionality_Laptop_20-37-13] Within safeClick method
20:37:32 [TestNG-test-Test-2] INFO  verifyingTheBrandsFilterFunctionality_Laptop_20-37-13 - [verifyingTheBrandsFilterFunctionality_Laptop_20-37-13] Clicked the  [[ChromeDriver: chrome on windows (a83bc8aa794f4d9d7b0a1ff4e6761280)] -> xpath: //input[@id='nav-search-submit-button']]   using safeClick
20:37:32 [TestNG-test-Test-2] INFO  verifyingTheBrandsFilterFunctionality_Laptop_20-37-13 - [verifyingTheBrandsFilterFunctionality_Laptop_20-37-13] Clicking on the submit in the search bar
20:37:32 [TestNG-test-Test-2] INFO  verifyingTheBrandsFilterFunctionality_Laptop_20-37-13 - [verifyingTheBrandsFilterFunctionality_Laptop_20-37-13] Within filterCheckUnderList method
20:37:32 [TestNG-test-Test-2] INFO  verifyingTheBrandsFilterFunctionality_Laptop_20-37-13 - [verifyingTheBrandsFilterFunctionality_Laptop_20-37-13] Found the Filter within the filter check List
20:37:32 [TestNG-test-Test-2] INFO  verifyingTheBrandsFilterFunctionality_Laptop_20-37-13 - [verifyingTheBrandsFilterFunctionality_Laptop_20-37-13] Within safeFindElements 
20:37:37 [TestNG-test-Test-2] INFO  verifyingTheBrandsFilterFunctionality_Laptop_20-37-13 - [verifyingTheBrandsFilterFunctionality_Laptop_20-37-13] Retrying findElements for:By.xpath: //span[@class='a-size-base a-color-base puis-bold-weight-text' and text()='Brands']/parent::div/following-sibling::div[@class='a-section a-spacing-medium sf-navigation-searchable-content']//span[@class='a-size-base a-color-base']
20:37:38 [TestNG-test-Test-2] INFO  verifyingTheBrandsFilterFunctionality_Laptop_20-37-13 - [verifyingTheBrandsFilterFunctionality_Laptop_20-37-13] Refreshing the page while trying to find :By.xpath: //span[@class='a-size-base a-color-base puis-bold-weight-text' and text()='Brands']/parent::div/following-sibling::div[@class='a-section a-spacing-medium sf-navigation-searchable-content']//span[@class='a-size-base a-color-base']
20:37:38 [TestNG-test-Test-2] INFO  verifyingTheBrandsFilterFunctionality_Laptop_20-37-13 - [verifyingTheBrandsFilterFunctionality_Laptop_20-37-13] Skipping action Elements not found after1  Attempts
20:37:43 [TestNG-test-Test-2] INFO  verifyingTheBrandsFilterFunctionality_Laptop_20-37-13 - [verifyingTheBrandsFilterFunctionality_Laptop_20-37-13] Retrying findElements for:By.xpath: //span[@class='a-size-base a-color-base puis-bold-weight-text' and text()='Brands']/parent::div/following-sibling::div[@class='a-section a-spacing-medium sf-navigation-searchable-content']//span[@class='a-size-base a-color-base']
20:37:45 [TestNG-test-Test-2] INFO  verifyingTheBrandsFilterFunctionality_Laptop_20-37-13 - [verifyingTheBrandsFilterFunctionality_Laptop_20-37-13] Refreshing the page while trying to find :By.xpath: //span[@class='a-size-base a-color-base puis-bold-weight-text' and text()='Brands']/parent::div/following-sibling::div[@class='a-section a-spacing-medium sf-navigation-searchable-content']//span[@class='a-size-base a-color-base']
20:37:45 [TestNG-test-Test-2] INFO  verifyingTheBrandsFilterFunctionality_Laptop_20-37-13 - [verifyingTheBrandsFilterFunctionality_Laptop_20-37-13] Skipping action Elements not found after2  Attempts
20:37:45 [TestNG-test-Test-2] INFO  verifyingTheBrandsFilterFunctionality_Laptop_20-37-13 - [verifyingTheBrandsFilterFunctionality_Laptop_20-37-13] Within applyFilterAndValidateBrandsFilterWithResult method
20:37:45 [TestNG-test-Test-2] INFO  verifyingTheBrandsFilterFunctionality_Laptop_20-37-13 - [verifyingTheBrandsFilterFunctionality_Laptop_20-37-13] Scrolling to the 'More' Button under brands filter section
20:37:45 [TestNG-test-Test-2] INFO  verifyingTheBrandsFilterFunctionality_Laptop_20-37-13 - [verifyingTheBrandsFilterFunctionality_Laptop_20-37-13] Within safeFindElement method
20:37:45 [TestNG-test-Test-2] INFO  verifyingTheBrandsFilterFunctionality_Laptop_20-37-13 - [verifyingTheBrandsFilterFunctionality_Laptop_20-37-13]Found the element returning it ,element ->[[ChromeDriver: chrome on windows (a83bc8aa794f4d9d7b0a1ff4e6761280)] -> xpath: //a[@aria-label='See more, Brands']]
20:37:45 [TestNG-test-Test-2] INFO  verifyingTheBrandsFilterFunctionality_Laptop_20-37-13 - [verifyingTheBrandsFilterFunctionality_Laptop_20-37-13] Within smoothScrollToElement method
20:37:45 [TestNG-test-Test-2] INFO  verifyingTheBrandsFilterFunctionality_Laptop_20-37-13 - [verifyingTheBrandsFilterFunctionality_Laptop_20-37-13] Within safeFindElement method
20:37:45 [TestNG-test-Test-2] INFO  verifyingTheBrandsFilterFunctionality_Laptop_20-37-13 - [verifyingTheBrandsFilterFunctionality_Laptop_20-37-13]Found the element returning it ,element ->[[ChromeDriver: chrome on windows (a83bc8aa794f4d9d7b0a1ff4e6761280)] -> xpath: //a[@aria-label='See more, Brands']]
20:37:45 [TestNG-test-Test-2] INFO  verifyingTheBrandsFilterFunctionality_Laptop_20-37-13 - [verifyingTheBrandsFilterFunctionality_Laptop_20-37-13] Successfully scrolled to element: By.xpath: //a[@aria-label='See more, Brands']
20:37:45 [TestNG-test-Test-2] INFO  verifyingTheBrandsFilterFunctionality_Laptop_20-37-13 - [verifyingTheBrandsFilterFunctionality_Laptop_20-37-13] Within safeClick method
20:37:46 [TestNG-test-Test-2] INFO  verifyingTheBrandsFilterFunctionality_Laptop_20-37-13 - [verifyingTheBrandsFilterFunctionality_Laptop_20-37-13] Clicked the  [[ChromeDriver: chrome on windows (a83bc8aa794f4d9d7b0a1ff4e6761280)] -> xpath: //a[@aria-label='See more, Brands']]   using safeClick
20:37:46 [TestNG-test-Test-2] INFO  verifyingTheBrandsFilterFunctionality_Laptop_20-37-13 - [verifyingTheBrandsFilterFunctionality_Laptop_20-37-13] Clicked the 'More' Button under brands filter section
20:37:46 [TestNG-test-Test-2] INFO  verifyingTheBrandsFilterFunctionality_Laptop_20-37-13 - [verifyingTheBrandsFilterFunctionality_Laptop_20-37-13] Within safeFindElements 
20:37:46 [TestNG-test-Test-2] INFO  verifyingTheBrandsFilterFunctionality_Laptop_20-37-13 - [verifyingTheBrandsFilterFunctionality_Laptop_20-37-13] Returning the  [[[ChromeDriver: chrome on windows (a83bc8aa794f4d9d7b0a1ff4e6761280)] -> xpath: //ul[@id='filter-p_123']//span[@class='a-size-base a-color-base']], [[ChromeDriver: chrome on windows (a83bc8aa794f4d9d7b0a1ff4e6761280)] -> xpath: //ul[@id='filter-p_123']//span[@class='a-size-base a-color-base']], [[ChromeDriver: chrome on windows (a83bc8aa794f4d9d7b0a1ff4e6761280)] -> xpath: //ul[@id='filter-p_123']//span[@class='a-size-base a-color-base']], [[ChromeDriver: chrome on windows (a83bc8aa794f4d9d7b0a1ff4e6761280)] -> xpath: //ul[@id='filter-p_123']//span[@class='a-size-base a-color-base']], [[ChromeDriver: chrome on windows (a83bc8aa794f4d9d7b0a1ff4e6761280)] -> xpath: //ul[@id='filter-p_123']//span[@class='a-size-base a-color-base']], [[ChromeDriver: chrome on windows (a83bc8aa794f4d9d7b0a1ff4e6761280)] -> xpath: //ul[@id='filter-p_123']//span[@class='a-size-base a-color-base']], [[ChromeDriver: chrome on windows (a83bc8aa794f4d9d7b0a1ff4e6761280)] -> xpath: //ul[@id='filter-p_123']//span[@class='a-size-base a-color-base']], [[ChromeDriver: chrome on windows (a83bc8aa794f4d9d7b0a1ff4e6761280)] -> xpath: //ul[@id='filter-p_123']//span[@class='a-size-base a-color-base']], [[ChromeDriver: chrome on windows (a83bc8aa794f4d9d7b0a1ff4e6761280)] -> xpath: //ul[@id='filter-p_123']//span[@class='a-size-base a-color-base']], [[ChromeDriver: chrome on windows (a83bc8aa794f4d9d7b0a1ff4e6761280)] -> xpath: //ul[@id='filter-p_123']//span[@class='a-size-base a-color-base']]] from the safeFindElements method
20:37:46 [TestNG-test-Test-2] INFO  verifyingTheBrandsFilterFunctionality_Laptop_20-37-13 - [verifyingTheBrandsFilterFunctionality_Laptop_20-37-13] Within the filterOptions loop 
20:37:46 [TestNG-test-Test-2] INFO  verifyingTheBrandsFilterFunctionality_Laptop_20-37-13 - [verifyingTheBrandsFilterFunctionality_Laptop_20-37-13] Within safeFindElements 
20:37:46 [TestNG-test-Test-2] INFO  verifyingTheBrandsFilterFunctionality_Laptop_20-37-13 - [verifyingTheBrandsFilterFunctionality_Laptop_20-37-13] Returning the  [[[ChromeDriver: chrome on windows (a83bc8aa794f4d9d7b0a1ff4e6761280)] -> xpath: //ul[@id='filter-p_123']//span[@class='a-size-base a-color-base']], [[ChromeDriver: chrome on windows (a83bc8aa794f4d9d7b0a1ff4e6761280)] -> xpath: //ul[@id='filter-p_123']//span[@class='a-size-base a-color-base']], [[ChromeDriver: chrome on windows (a83bc8aa794f4d9d7b0a1ff4e6761280)] -> xpath: //ul[@id='filter-p_123']//span[@class='a-size-base a-color-base']], [[ChromeDriver: chrome on windows (a83bc8aa794f4d9d7b0a1ff4e6761280)] -> xpath: //ul[@id='filter-p_123']//span[@class='a-size-base a-color-base']], [[ChromeDriver: chrome on windows (a83bc8aa794f4d9d7b0a1ff4e6761280)] -> xpath: //ul[@id='filter-p_123']//span[@class='a-size-base a-color-base']], [[ChromeDriver: chrome on windows (a83bc8aa794f4d9d7b0a1ff4e6761280)] -> xpath: //ul[@id='filter-p_123']//span[@class='a-size-base a-color-base']], [[ChromeDriver: chrome on windows (a83bc8aa794f4d9d7b0a1ff4e6761280)] -> xpath: //ul[@id='filter-p_123']//span[@class='a-size-base a-color-base']], [[ChromeDriver: chrome on windows (a83bc8aa794f4d9d7b0a1ff4e6761280)] -> xpath: //ul[@id='filter-p_123']//span[@class='a-size-base a-color-base']], [[ChromeDriver: chrome on windows (a83bc8aa794f4d9d7b0a1ff4e6761280)] -> xpath: //ul[@id='filter-p_123']//span[@class='a-size-base a-color-base']], [[ChromeDriver: chrome on windows (a83bc8aa794f4d9d7b0a1ff4e6761280)] -> xpath: //ul[@id='filter-p_123']//span[@class='a-size-base a-color-base']]] from the safeFindElements method
20:37:46 [TestNG-test-Test-2] INFO  verifyingTheBrandsFilterFunctionality_Laptop_20-37-13 - [verifyingTheBrandsFilterFunctionality_Laptop_20-37-13] Within safeFindElement method
20:37:46 [TestNG-test-Test-2] INFO  verifyingTheBrandsFilterFunctionality_Laptop_20-37-13 - [verifyingTheBrandsFilterFunctionality_Laptop_20-37-13]Found the element returning it ,element ->[[ChromeDriver: chrome on windows (a83bc8aa794f4d9d7b0a1ff4e6761280)] -> xpath: //a[@aria-label='See more, Brands']]
20:37:46 [TestNG-test-Test-2] INFO  verifyingTheBrandsFilterFunctionality_Laptop_20-37-13 - [verifyingTheBrandsFilterFunctionality_Laptop_20-37-13] Within smoothScrollToElement method
20:37:46 [TestNG-test-Test-2] INFO  verifyingTheBrandsFilterFunctionality_Laptop_20-37-13 - [verifyingTheBrandsFilterFunctionality_Laptop_20-37-13] Within safeFindElement method
20:37:46 [TestNG-test-Test-2] INFO  verifyingTheBrandsFilterFunctionality_Laptop_20-37-13 - [verifyingTheBrandsFilterFunctionality_Laptop_20-37-13]Found the element returning it ,element ->[[ChromeDriver: chrome on windows (a83bc8aa794f4d9d7b0a1ff4e6761280)] -> xpath: //a[@aria-label='See more, Brands']]
20:37:46 [TestNG-test-Test-2] INFO  verifyingTheBrandsFilterFunctionality_Laptop_20-37-13 - [verifyingTheBrandsFilterFunctionality_Laptop_20-37-13] Successfully scrolled to element: By.xpath: //a[@aria-label='See more, Brands']
20:37:46 [TestNG-test-Test-2] INFO  verifyingTheBrandsFilterFunctionality_Laptop_20-37-13 - [verifyingTheBrandsFilterFunctionality_Laptop_20-37-13] Within safeClick method
20:37:46 [TestNG-test-Test-2] INFO  verifyingTheBrandsFilterFunctionality_Laptop_20-37-13 - [verifyingTheBrandsFilterFunctionality_Laptop_20-37-13] Clicked the  [[ChromeDriver: chrome on windows (a83bc8aa794f4d9d7b0a1ff4e6761280)] -> xpath: //a[@aria-label='See more, Brands']]   using safeClick
20:37:46 [TestNG-test-Test-2] INFO  verifyingTheBrandsFilterFunctionality_Laptop_20-37-13 - [verifyingTheBrandsFilterFunctionality_Laptop_20-37-13] Within safeFindElements 
20:37:46 [TestNG-test-Test-2] INFO  verifyingTheBrandsFilterFunctionality_Laptop_20-37-13 - [verifyingTheBrandsFilterFunctionality_Laptop_20-37-13] Returning the  [[[ChromeDriver: chrome on windows (a83bc8aa794f4d9d7b0a1ff4e6761280)] -> xpath: //ul[@id='filter-p_123']//span[@class='a-size-base a-color-base']], [[ChromeDriver: chrome on windows (a83bc8aa794f4d9d7b0a1ff4e6761280)] -> xpath: //ul[@id='filter-p_123']//span[@class='a-size-base a-color-base']], [[ChromeDriver: chrome on windows (a83bc8aa794f4d9d7b0a1ff4e6761280)] -> xpath: //ul[@id='filter-p_123']//span[@class='a-size-base a-color-base']], [[ChromeDriver: chrome on windows (a83bc8aa794f4d9d7b0a1ff4e6761280)] -> xpath: //ul[@id='filter-p_123']//span[@class='a-size-base a-color-base']], [[ChromeDriver: chrome on windows (a83bc8aa794f4d9d7b0a1ff4e6761280)] -> xpath: //ul[@id='filter-p_123']//span[@class='a-size-base a-color-base']], [[ChromeDriver: chrome on windows (a83bc8aa794f4d9d7b0a1ff4e6761280)] -> xpath: //ul[@id='filter-p_123']//span[@class='a-size-base a-color-base']], [[ChromeDriver: chrome on windows (a83bc8aa794f4d9d7b0a1ff4e6761280)] -> xpath: //ul[@id='filter-p_123']//span[@class='a-size-base a-color-base']], [[ChromeDriver: chrome on windows (a83bc8aa794f4d9d7b0a1ff4e6761280)] -> xpath: //ul[@id='filter-p_123']//span[@class='a-size-base a-color-base']], [[ChromeDriver: chrome on windows (a83bc8aa794f4d9d7b0a1ff4e6761280)] -> xpath: //ul[@id='filter-p_123']//span[@class='a-size-base a-color-base']], [[ChromeDriver: chrome on windows (a83bc8aa794f4d9d7b0a1ff4e6761280)] -> xpath: //ul[@id='filter-p_123']//span[@class='a-size-base a-color-base']]] from the safeFindElements method
20:37:46 [TestNG-test-Test-2] INFO  verifyingTheBrandsFilterFunctionality_Laptop_20-37-13 - [verifyingTheBrandsFilterFunctionality_Laptop_20-37-13] Within getfilterByTypeAndName method
20:37:46 [TestNG-test-Test-2] INFO  verifyingTheBrandsFilterFunctionality_Laptop_20-37-13 - [verifyingTheBrandsFilterFunctionality_Laptop_20-37-13] Within safeClickBooleanWithScreenShot method
20:37:46 [TestNG-test-Test-2] INFO  verifyingTheBrandsFilterFunctionality_Laptop_20-37-13 - [verifyingTheBrandsFilterFunctionality_Laptop_20-37-13] Within getAppliedfilterByTypeAndName method
20:37:46 [TestNG-test-Test-2] INFO  verifyingTheBrandsFilterFunctionality_Laptop_20-37-13 - [verifyingTheBrandsFilterFunctionality_Laptop_20-37-13] Within smoothScrollToElement method
20:37:46 [TestNG-test-Test-2] INFO  verifyingTheBrandsFilterFunctionality_Laptop_20-37-13 - [verifyingTheBrandsFilterFunctionality_Laptop_20-37-13] Within safeFindElement method
20:37:46 [TestNG-test-Test-2] INFO  verifyingTheBrandsFilterFunctionality_Laptop_20-37-13 - [verifyingTheBrandsFilterFunctionality_Laptop_20-37-13]Found the element returning it ,element ->[[ChromeDriver: chrome on windows (a83bc8aa794f4d9d7b0a1ff4e6761280)] -> xpath: //span[@class='a-size-base a-color-base puis-bold-weight-text' and text()='Brands']]
20:37:46 [TestNG-test-Test-2] INFO  verifyingTheBrandsFilterFunctionality_Laptop_20-37-13 - [verifyingTheBrandsFilterFunctionality_Laptop_20-37-13] Successfully scrolled to element: By.xpath: //span[@class='a-size-base a-color-base puis-bold-weight-text' and text()='Brands']
20:37:46 [TestNG-test-Test-2] INFO  verifyingTheBrandsFilterFunctionality_Laptop_20-37-13 - [verifyingTheBrandsFilterFunctionality_Laptop_20-37-13] Within getMoreButtonByFilterTypeAndName method
20:37:46 [TestNG-test-Test-2] INFO  verifyingTheBrandsFilterFunctionality_Laptop_20-37-13 - [verifyingTheBrandsFilterFunctionality_Laptop_20-37-13] could not find more button
20:37:47 [TestNG-test-Test-2] INFO  verifyingTheBrandsFilterFunctionality_Laptop_20-37-13 - [verifyingTheBrandsFilterFunctionality_Laptop_20-37-13] Within getAppliedfilterByTypeAndName method
20:37:47 [TestNG-test-Test-2] INFO  verifyingTheBrandsFilterFunctionality_Laptop_20-37-13 - [verifyingTheBrandsFilterFunctionality_Laptop_20-37-13] Within smoothScrollToElement method
20:37:47 [TestNG-test-Test-2] INFO  verifyingTheBrandsFilterFunctionality_Laptop_20-37-13 - [verifyingTheBrandsFilterFunctionality_Laptop_20-37-13] Within safeFindElement method
20:37:48 [TestNG-test-Test-2] INFO  verifyingTheBrandsFilterFunctionality_Laptop_20-37-13 - [verifyingTheBrandsFilterFunctionality_Laptop_20-37-13]Found the element returning it ,element ->[[ChromeDriver: chrome on windows (a83bc8aa794f4d9d7b0a1ff4e6761280)] -> xpath: //span[@class='a-size-base a-color-base puis-bold-weight-text' and text()='Brands']]
20:37:48 [TestNG-test-Test-2] INFO  verifyingTheBrandsFilterFunctionality_Laptop_20-37-13 - [verifyingTheBrandsFilterFunctionality_Laptop_20-37-13] Successfully scrolled to element: By.xpath: //span[@class='a-size-base a-color-base puis-bold-weight-text' and text()='Brands']
20:37:48 [TestNG-test-Test-2] INFO  verifyingTheBrandsFilterFunctionality_Laptop_20-37-13 - [verifyingTheBrandsFilterFunctionality_Laptop_20-37-13] Within getMoreButtonByFilterTypeAndName method
20:37:48 [TestNG-test-Test-2] INFO  verifyingTheBrandsFilterFunctionality_Laptop_20-37-13 - [verifyingTheBrandsFilterFunctionality_Laptop_20-37-13] could not find more button
20:37:48 [TestNG-test-Test-2] INFO  verifyingTheBrandsFilterFunctionality_Laptop_20-37-13 - [verifyingTheBrandsFilterFunctionality_Laptop_20-37-13] Within getfilterByTypeAndName method
20:37:48 [TestNG-test-Test-2] INFO  verifyingTheBrandsFilterFunctionality_Laptop_20-37-13 - [verifyingTheBrandsFilterFunctionality_Laptop_20-37-13] Within smoothScrollToElement method
20:37:48 [TestNG-test-Test-2] INFO  verifyingTheBrandsFilterFunctionality_Laptop_20-37-13 - [verifyingTheBrandsFilterFunctionality_Laptop_20-37-13] Within safeFindElement method
20:37:53 [TestNG-test-Test-2] INFO  verifyingTheBrandsFilterFunctionality_Laptop_20-37-13 - [verifyingTheBrandsFilterFunctionality_Laptop_20-37-13]Retrying findElement for: ->By.xpath: //ul[@id='filter-p_123']//span[@class='a-size-base a-color-base' and text()='Lenovo']
20:37:55 [TestNG-test-Test-2] INFO  verifyingTheBrandsFilterFunctionality_Laptop_20-37-13 - [verifyingTheBrandsFilterFunctionality_Laptop_20-37-13]Refrehsing the page , while trying to safely find : ->By.xpath: //ul[@id='filter-p_123']//span[@class='a-size-base a-color-base' and text()='Lenovo']
20:38:00 [TestNG-test-Test-2] INFO  verifyingTheBrandsFilterFunctionality_Laptop_20-37-13 - [verifyingTheBrandsFilterFunctionality_Laptop_20-37-13]Retrying findElement for: ->By.xpath: //ul[@id='filter-p_123']//span[@class='a-size-base a-color-base' and text()='Lenovo']
20:38:01 [TestNG-test-Test-2] INFO  verifyingTheBrandsFilterFunctionality_Laptop_20-37-13 - [verifyingTheBrandsFilterFunctionality_Laptop_20-37-13]Refrehsing the page , while trying to safely find : ->By.xpath: //ul[@id='filter-p_123']//span[@class='a-size-base a-color-base' and text()='Lenovo']
20:38:01 [TestNG-test-Test-2] INFO  verifyingTheBrandsFilterFunctionality_Laptop_20-37-13 - [verifyingTheBrandsFilterFunctionality_Laptop_20-37-13] Skipping action: Element not found after 2   attemps
20:38:01 [TestNG-test-Test-2] WARN  verifyingTheBrandsFilterFunctionality_Laptop_20-37-13 - [verifyingTheBrandsFilterFunctionality_Laptop_20-37-13] Element not found for locator: By.xpath: //ul[@id='filter-p_123']//span[@class='a-size-base a-color-base' and text()='Lenovo']
20:38:01 [TestNG-test-Test-2] INFO  verifyingTheBrandsFilterFunctionality_Laptop_20-37-13 - [verifyingTheBrandsFilterFunctionality_Laptop_20-37-13] Clicked the element using safe click ,element is [[ChromeDriver: chrome on windows (a83bc8aa794f4d9d7b0a1ff4e6761280)] -> xpath: //ul[@id='filter-p_123']//span[@class='a-size-base a-color-base' and text()='Lenovo']]
20:38:01 [TestNG-test-Test-2] INFO  verifyingTheBrandsFilterFunctionality_Laptop_20-37-13 - [verifyingTheBrandsFilterFunctionality_Laptop_20-37-13] Clicked on LenovoWithin the filterOptions loop
20:38:01 [TestNG-test-Test-2] INFO  verifyingTheBrandsFilterFunctionality_Laptop_20-37-13 - [verifyingTheBrandsFilterFunctionality_Laptop_20-37-13] Within safeFindElements 
20:38:01 [TestNG-test-Test-2] INFO  verifyingTheBrandsFilterFunctionality_Laptop_20-37-13 - [verifyingTheBrandsFilterFunctionality_Laptop_20-37-13] Returning the  [[[ChromeDriver: chrome on windows (a83bc8aa794f4d9d7b0a1ff4e6761280)] -> xpath: //div[@data-cy='title-recipe']], [[ChromeDriver: chrome on windows (a83bc8aa794f4d9d7b0a1ff4e6761280)] -> xpath: //div[@data-cy='title-recipe']], [[ChromeDriver: chrome on windows (a83bc8aa794f4d9d7b0a1ff4e6761280)] -> xpath: //div[@data-cy='title-recipe']], [[ChromeDriver: chrome on windows (a83bc8aa794f4d9d7b0a1ff4e6761280)] -> xpath: //div[@data-cy='title-recipe']], [[ChromeDriver: chrome on windows (a83bc8aa794f4d9d7b0a1ff4e6761280)] -> xpath: //div[@data-cy='title-recipe']], [[ChromeDriver: chrome on windows (a83bc8aa794f4d9d7b0a1ff4e6761280)] -> xpath: //div[@data-cy='title-recipe']], [[ChromeDriver: chrome on windows (a83bc8aa794f4d9d7b0a1ff4e6761280)] -> xpath: //div[@data-cy='title-recipe']], [[ChromeDriver: chrome on windows (a83bc8aa794f4d9d7b0a1ff4e6761280)] -> xpath: //div[@data-cy='title-recipe']], [[ChromeDriver: chrome on windows (a83bc8aa794f4d9d7b0a1ff4e6761280)] -> xpath: //div[@data-cy='title-recipe']], [[ChromeDriver: chrome on windows (a83bc8aa794f4d9d7b0a1ff4e6761280)] -> xpath: //div[@data-cy='title-recipe']], [[ChromeDriver: chrome on windows (a83bc8aa794f4d9d7b0a1ff4e6761280)] -> xpath: //div[@data-cy='title-recipe']], [[ChromeDriver: chrome on windows (a83bc8aa794f4d9d7b0a1ff4e6761280)] -> xpath: //div[@data-cy='title-recipe']], [[ChromeDriver: chrome on windows (a83bc8aa794f4d9d7b0a1ff4e6761280)] -> xpath: //div[@data-cy='title-recipe']], [[ChromeDriver: chrome on windows (a83bc8aa794f4d9d7b0a1ff4e6761280)] -> xpath: //div[@data-cy='title-recipe']], [[ChromeDriver: chrome on windows (a83bc8aa794f4d9d7b0a1ff4e6761280)] -> xpath: //div[@data-cy='title-recipe']], [[ChromeDriver: chrome on windows (a83bc8aa794f4d9d7b0a1ff4e6761280)] -> xpath: //div[@data-cy='title-recipe']], [[ChromeDriver: chrome on windows (a83bc8aa794f4d9d7b0a1ff4e6761280)] -> xpath: //div[@data-cy='title-recipe']], [[ChromeDriver: chrome on windows (a83bc8aa794f4d9d7b0a1ff4e6761280)] -> xpath: //div[@data-cy='title-recipe']], [[ChromeDriver: chrome on windows (a83bc8aa794f4d9d7b0a1ff4e6761280)] -> xpath: //div[@data-cy='title-recipe']], [[ChromeDriver: chrome on windows (a83bc8aa794f4d9d7b0a1ff4e6761280)] -> xpath: //div[@data-cy='title-recipe']], [[ChromeDriver: chrome on windows (a83bc8aa794f4d9d7b0a1ff4e6761280)] -> xpath: //div[@data-cy='title-recipe']], [[ChromeDriver: chrome on windows (a83bc8aa794f4d9d7b0a1ff4e6761280)] -> xpath: //div[@data-cy='title-recipe']]] from the safeFindElements method
20:38:01 [TestNG-test-Test-2] INFO  verifyingTheBrandsFilterFunctionality_Laptop_20-37-13 - [verifyingTheBrandsFilterFunctionality_Laptop_20-37-13] Within productNameListingPage loop with product index 0and filter name Lenovo
20:38:01 [TestNG-test-Test-2] INFO  verifyingTheBrandsFilterFunctionality_Laptop_20-37-13 - [verifyingTheBrandsFilterFunctionality_Laptop_20-37-13] Within productNameListingPage loop with product index 1and filter name Lenovo
20:38:01 [TestNG-test-Test-2] INFO  verifyingTheBrandsFilterFunctionality_Laptop_20-37-13 - [verifyingTheBrandsFilterFunctionality_Laptop_20-37-13] Within productNameListingPage loop with product index 2and filter name Lenovo
20:38:01 [TestNG-test-Test-2] INFO  verifyingTheBrandsFilterFunctionality_Laptop_20-37-13 - [verifyingTheBrandsFilterFunctionality_Laptop_20-37-13] Within productNameListingPage loop with product index 3and filter name Lenovo
20:38:01 [TestNG-test-Test-2] INFO  verifyingTheBrandsFilterFunctionality_Laptop_20-37-13 - [verifyingTheBrandsFilterFunctionality_Laptop_20-37-13] Within productNameListingPage loop with product index 4and filter name Lenovo
20:38:01 [TestNG-test-Test-2] INFO  verifyingTheBrandsFilterFunctionality_Laptop_20-37-13 - [verifyingTheBrandsFilterFunctionality_Laptop_20-37-13] Within productNameListingPage loop with product index 5and filter name Lenovo
20:38:01 [TestNG-test-Test-2] INFO  verifyingTheBrandsFilterFunctionality_Laptop_20-37-13 - [verifyingTheBrandsFilterFunctionality_Laptop_20-37-13] Within productNameListingPage loop with product index 6and filter name Lenovo
20:38:01 [TestNG-test-Test-2] INFO  verifyingTheBrandsFilterFunctionality_Laptop_20-37-13 - [verifyingTheBrandsFilterFunctionality_Laptop_20-37-13] Within productNameListingPage loop with product index 7and filter name Lenovo
20:38:01 [TestNG-test-Test-2] INFO  verifyingTheBrandsFilterFunctionality_Laptop_20-37-13 - [verifyingTheBrandsFilterFunctionality_Laptop_20-37-13] Within productNameListingPage loop with product index 8and filter name Lenovo
20:38:02 [TestNG-test-Test-2] INFO  verifyingTheBrandsFilterFunctionality_Laptop_20-37-13 - [verifyingTheBrandsFilterFunctionality_Laptop_20-37-13] Within productNameListingPage loop with product index 9and filter name Lenovo
20:38:02 [TestNG-test-Test-2] INFO  verifyingTheBrandsFilterFunctionality_Laptop_20-37-13 - [verifyingTheBrandsFilterFunctionality_Laptop_20-37-13] Within productNameListingPage loop with product index 10and filter name Lenovo
20:38:02 [TestNG-test-Test-2] INFO  verifyingTheBrandsFilterFunctionality_Laptop_20-37-13 - [verifyingTheBrandsFilterFunctionality_Laptop_20-37-13] Within productNameListingPage loop with product index 11and filter name Lenovo
20:38:02 [TestNG-test-Test-2] INFO  verifyingTheBrandsFilterFunctionality_Laptop_20-37-13 - [verifyingTheBrandsFilterFunctionality_Laptop_20-37-13] Within productNameListingPage loop with product index 12and filter name Lenovo
20:38:02 [TestNG-test-Test-2] INFO  verifyingTheBrandsFilterFunctionality_Laptop_20-37-13 - [verifyingTheBrandsFilterFunctionality_Laptop_20-37-13] Within productNameListingPage loop with product index 13and filter name Lenovo
20:38:02 [TestNG-test-Test-2] INFO  verifyingTheBrandsFilterFunctionality_Laptop_20-37-13 - [verifyingTheBrandsFilterFunctionality_Laptop_20-37-13] Within productNameListingPage loop with product index 14and filter name Lenovo
20:38:02 [TestNG-test-Test-2] INFO  verifyingTheBrandsFilterFunctionality_Laptop_20-37-13 - [verifyingTheBrandsFilterFunctionality_Laptop_20-37-13] Within productNameListingPage loop with product index 15and filter name Lenovo
20:38:02 [TestNG-test-Test-2] INFO  verifyingTheBrandsFilterFunctionality_Laptop_20-37-13 - [verifyingTheBrandsFilterFunctionality_Laptop_20-37-13] Within productNameListingPage loop with product index 16and filter name Lenovo
20:38:02 [TestNG-test-Test-2] INFO  verifyingTheBrandsFilterFunctionality_Laptop_20-37-13 - [verifyingTheBrandsFilterFunctionality_Laptop_20-37-13] Within productNameListingPage loop with product index 17and filter name Lenovo
20:38:02 [TestNG-test-Test-2] INFO  verifyingTheBrandsFilterFunctionality_Laptop_20-37-13 - [verifyingTheBrandsFilterFunctionality_Laptop_20-37-13] Within productNameListingPage loop with product index 18and filter name Lenovo
20:38:02 [TestNG-test-Test-2] INFO  verifyingTheBrandsFilterFunctionality_Laptop_20-37-13 - [verifyingTheBrandsFilterFunctionality_Laptop_20-37-13] Within productNameListingPage loop with product index 19and filter name Lenovo
20:38:02 [TestNG-test-Test-2] INFO  verifyingTheBrandsFilterFunctionality_Laptop_20-37-13 - [verifyingTheBrandsFilterFunctionality_Laptop_20-37-13] Within productNameListingPage loop with product index 20and filter name Lenovo
20:38:02 [TestNG-test-Test-2] INFO  verifyingTheBrandsFilterFunctionality_Laptop_20-37-13 - [verifyingTheBrandsFilterFunctionality_Laptop_20-37-13] Within productNameListingPage loop with product index 21and filter name Lenovo
20:38:02 [TestNG-test-Test-2] INFO  verifyingTheBrandsFilterFunctionality_Laptop_20-37-13 - [verifyingTheBrandsFilterFunctionality_Laptop_20-37-13] Creating 'result' Map for storing ,'brand','isValid','mismatches list' with map size ->3
20:38:02 [TestNG-test-Test-2] INFO  verifyingTheBrandsFilterFunctionality_Laptop_20-37-13 - [verifyingTheBrandsFilterFunctionality_Laptop_20-37-13] Adding 'result' with the data into 'allResults' i.e list of Map3
20:38:02 [TestNG-test-Test-2] INFO  verifyingTheBrandsFilterFunctionality_Laptop_20-37-13 - [verifyingTheBrandsFilterFunctionality_Laptop_20-37-13] Waiting until element is visible in viewport
20:38:02 [TestNG-test-Test-2] INFO  verifyingTheBrandsFilterFunctionality_Laptop_20-37-13 - [verifyingTheBrandsFilterFunctionality_Laptop_20-37-13] Within safeClick method
20:38:02 [TestNG-test-Test-2] INFO  verifyingTheBrandsFilterFunctionality_Laptop_20-37-13 - [verifyingTheBrandsFilterFunctionality_Laptop_20-37-13] Clicked the  [[ChromeDriver: chrome on windows (a83bc8aa794f4d9d7b0a1ff4e6761280)] -> xpath: //span[@class='a-size-base a-color-base' and text()='Clear']]   using safeClick
20:38:02 [TestNG-test-Test-2] INFO  verifyingTheBrandsFilterFunctionality_Laptop_20-37-13 - [verifyingTheBrandsFilterFunctionality_Laptop_20-37-13] Clicked clear button for the filter ->Lenovo
20:38:02 [TestNG-test-Test-2] INFO  verifyingTheBrandsFilterFunctionality_Laptop_20-37-13 - [verifyingTheBrandsFilterFunctionality_Laptop_20-37-13] Within the filterOptions loop 
20:38:02 [TestNG-test-Test-2] INFO  verifyingTheBrandsFilterFunctionality_Laptop_20-37-13 - [verifyingTheBrandsFilterFunctionality_Laptop_20-37-13] Within safeFindElements 
20:38:03 [TestNG-test-Test-2] INFO  verifyingTheBrandsFilterFunctionality_Laptop_20-37-13 - [verifyingTheBrandsFilterFunctionality_Laptop_20-37-13] Returning the  [[[ChromeDriver: chrome on windows (a83bc8aa794f4d9d7b0a1ff4e6761280)] -> xpath: //ul[@id='filter-p_123']//span[@class='a-size-base a-color-base']], [[ChromeDriver: chrome on windows (a83bc8aa794f4d9d7b0a1ff4e6761280)] -> xpath: //ul[@id='filter-p_123']//span[@class='a-size-base a-color-base']], [[ChromeDriver: chrome on windows (a83bc8aa794f4d9d7b0a1ff4e6761280)] -> xpath: //ul[@id='filter-p_123']//span[@class='a-size-base a-color-base']], [[ChromeDriver: chrome on windows (a83bc8aa794f4d9d7b0a1ff4e6761280)] -> xpath: //ul[@id='filter-p_123']//span[@class='a-size-base a-color-base']], [[ChromeDriver: chrome on windows (a83bc8aa794f4d9d7b0a1ff4e6761280)] -> xpath: //ul[@id='filter-p_123']//span[@class='a-size-base a-color-base']], [[ChromeDriver: chrome on windows (a83bc8aa794f4d9d7b0a1ff4e6761280)] -> xpath: //ul[@id='filter-p_123']//span[@class='a-size-base a-color-base']], [[ChromeDriver: chrome on windows (a83bc8aa794f4d9d7b0a1ff4e6761280)] -> xpath: //ul[@id='filter-p_123']//span[@class='a-size-base a-color-base']], [[ChromeDriver: chrome on windows (a83bc8aa794f4d9d7b0a1ff4e6761280)] -> xpath: //ul[@id='filter-p_123']//span[@class='a-size-base a-color-base']], [[ChromeDriver: chrome on windows (a83bc8aa794f4d9d7b0a1ff4e6761280)] -> xpath: //ul[@id='filter-p_123']//span[@class='a-size-base a-color-base']], [[ChromeDriver: chrome on windows (a83bc8aa794f4d9d7b0a1ff4e6761280)] -> xpath: //ul[@id='filter-p_123']//span[@class='a-size-base a-color-base']]] from the safeFindElements method
20:38:03 [TestNG-test-Test-2] INFO  verifyingTheBrandsFilterFunctionality_Laptop_20-37-13 - [verifyingTheBrandsFilterFunctionality_Laptop_20-37-13] Within safeFindElement method
20:38:03 [TestNG-test-Test-2] INFO  verifyingTheBrandsFilterFunctionality_Laptop_20-37-13 - [verifyingTheBrandsFilterFunctionality_Laptop_20-37-13]Found the element returning it ,element ->[[ChromeDriver: chrome on windows (a83bc8aa794f4d9d7b0a1ff4e6761280)] -> xpath: //a[@aria-label='See more, Brands']]
20:38:03 [TestNG-test-Test-2] INFO  verifyingTheBrandsFilterFunctionality_Laptop_20-37-13 - [verifyingTheBrandsFilterFunctionality_Laptop_20-37-13] Within smoothScrollToElement method
20:38:03 [TestNG-test-Test-2] INFO  verifyingTheBrandsFilterFunctionality_Laptop_20-37-13 - [verifyingTheBrandsFilterFunctionality_Laptop_20-37-13] Within safeFindElement method
20:38:03 [TestNG-test-Test-2] INFO  verifyingTheBrandsFilterFunctionality_Laptop_20-37-13 - [verifyingTheBrandsFilterFunctionality_Laptop_20-37-13]Found the element returning it ,element ->[[ChromeDriver: chrome on windows (a83bc8aa794f4d9d7b0a1ff4e6761280)] -> xpath: //a[@aria-label='See more, Brands']]
20:38:03 [TestNG-test-Test-2] INFO  verifyingTheBrandsFilterFunctionality_Laptop_20-37-13 - [verifyingTheBrandsFilterFunctionality_Laptop_20-37-13] Successfully scrolled to element: By.xpath: //a[@aria-label='See more, Brands']
20:38:03 [TestNG-test-Test-2] INFO  verifyingTheBrandsFilterFunctionality_Laptop_20-37-13 - [verifyingTheBrandsFilterFunctionality_Laptop_20-37-13] Within safeClick method
20:38:03 [TestNG-test-Test-2] INFO  verifyingTheBrandsFilterFunctionality_Laptop_20-37-13 - [verifyingTheBrandsFilterFunctionality_Laptop_20-37-13] Clicked the  [[ChromeDriver: chrome on windows (a83bc8aa794f4d9d7b0a1ff4e6761280)] -> xpath: //a[@aria-label='See more, Brands']]   using safeClick
20:38:03 [TestNG-test-Test-2] INFO  verifyingTheBrandsFilterFunctionality_Laptop_20-37-13 - [verifyingTheBrandsFilterFunctionality_Laptop_20-37-13] Within safeFindElements 
20:38:03 [TestNG-test-Test-2] INFO  verifyingTheBrandsFilterFunctionality_Laptop_20-37-13 - [verifyingTheBrandsFilterFunctionality_Laptop_20-37-13] Returning the  [[[ChromeDriver: chrome on windows (a83bc8aa794f4d9d7b0a1ff4e6761280)] -> xpath: //ul[@id='filter-p_123']//span[@class='a-size-base a-color-base']], [[ChromeDriver: chrome on windows (a83bc8aa794f4d9d7b0a1ff4e6761280)] -> xpath: //ul[@id='filter-p_123']//span[@class='a-size-base a-color-base']], [[ChromeDriver: chrome on windows (a83bc8aa794f4d9d7b0a1ff4e6761280)] -> xpath: //ul[@id='filter-p_123']//span[@class='a-size-base a-color-base']], [[ChromeDriver: chrome on windows (a83bc8aa794f4d9d7b0a1ff4e6761280)] -> xpath: //ul[@id='filter-p_123']//span[@class='a-size-base a-color-base']], [[ChromeDriver: chrome on windows (a83bc8aa794f4d9d7b0a1ff4e6761280)] -> xpath: //ul[@id='filter-p_123']//span[@class='a-size-base a-color-base']], [[ChromeDriver: chrome on windows (a83bc8aa794f4d9d7b0a1ff4e6761280)] -> xpath: //ul[@id='filter-p_123']//span[@class='a-size-base a-color-base']], [[ChromeDriver: chrome on windows (a83bc8aa794f4d9d7b0a1ff4e6761280)] -> xpath: //ul[@id='filter-p_123']//span[@class='a-size-base a-color-base']], [[ChromeDriver: chrome on windows (a83bc8aa794f4d9d7b0a1ff4e6761280)] -> xpath: //ul[@id='filter-p_123']//span[@class='a-size-base a-color-base']], [[ChromeDriver: chrome on windows (a83bc8aa794f4d9d7b0a1ff4e6761280)] -> xpath: //ul[@id='filter-p_123']//span[@class='a-size-base a-color-base']], [[ChromeDriver: chrome on windows (a83bc8aa794f4d9d7b0a1ff4e6761280)] -> xpath: //ul[@id='filter-p_123']//span[@class='a-size-base a-color-base']]] from the safeFindElements method
20:38:03 [TestNG-test-Test-2] INFO  verifyingTheBrandsFilterFunctionality_Laptop_20-37-13 - [verifyingTheBrandsFilterFunctionality_Laptop_20-37-13] Within getfilterByTypeAndName method
20:38:03 [TestNG-test-Test-2] INFO  verifyingTheBrandsFilterFunctionality_Laptop_20-37-13 - [verifyingTheBrandsFilterFunctionality_Laptop_20-37-13] Within safeClickBooleanWithScreenShot method
20:38:03 [TestNG-test-Test-2] INFO  verifyingTheBrandsFilterFunctionality_Laptop_20-37-13 - [verifyingTheBrandsFilterFunctionality_Laptop_20-37-13] Within getAppliedfilterByTypeAndName method
20:38:03 [TestNG-test-Test-2] INFO  verifyingTheBrandsFilterFunctionality_Laptop_20-37-13 - [verifyingTheBrandsFilterFunctionality_Laptop_20-37-13] Within smoothScrollToElement method
20:38:03 [TestNG-test-Test-2] INFO  verifyingTheBrandsFilterFunctionality_Laptop_20-37-13 - [verifyingTheBrandsFilterFunctionality_Laptop_20-37-13] Within safeFindElement method
20:38:03 [TestNG-test-Test-2] INFO  verifyingTheBrandsFilterFunctionality_Laptop_20-37-13 - [verifyingTheBrandsFilterFunctionality_Laptop_20-37-13]Found the element returning it ,element ->[[ChromeDriver: chrome on windows (a83bc8aa794f4d9d7b0a1ff4e6761280)] -> xpath: //span[@class='a-size-base a-color-base puis-bold-weight-text' and text()='Brands']]
20:38:03 [TestNG-test-Test-2] INFO  verifyingTheBrandsFilterFunctionality_Laptop_20-37-13 - [verifyingTheBrandsFilterFunctionality_Laptop_20-37-13] Successfully scrolled to element: By.xpath: //span[@class='a-size-base a-color-base puis-bold-weight-text' and text()='Brands']
20:38:03 [TestNG-test-Test-2] INFO  verifyingTheBrandsFilterFunctionality_Laptop_20-37-13 - [verifyingTheBrandsFilterFunctionality_Laptop_20-37-13] Within getMoreButtonByFilterTypeAndName method
20:38:03 [TestNG-test-Test-2] INFO  verifyingTheBrandsFilterFunctionality_Laptop_20-37-13 - [verifyingTheBrandsFilterFunctionality_Laptop_20-37-13] could not find more button
20:38:04 [TestNG-test-Test-2] INFO  verifyingTheBrandsFilterFunctionality_Laptop_20-37-13 - [verifyingTheBrandsFilterFunctionality_Laptop_20-37-13] Within getAppliedfilterByTypeAndName method
20:38:04 [TestNG-test-Test-2] INFO  verifyingTheBrandsFilterFunctionality_Laptop_20-37-13 - [verifyingTheBrandsFilterFunctionality_Laptop_20-37-13] Within smoothScrollToElement method
20:38:04 [TestNG-test-Test-2] INFO  verifyingTheBrandsFilterFunctionality_Laptop_20-37-13 - [verifyingTheBrandsFilterFunctionality_Laptop_20-37-13] Within safeFindElement method
20:38:05 [TestNG-test-Test-2] INFO  verifyingTheBrandsFilterFunctionality_Laptop_20-37-13 - [verifyingTheBrandsFilterFunctionality_Laptop_20-37-13]Found the element returning it ,element ->[[ChromeDriver: chrome on windows (a83bc8aa794f4d9d7b0a1ff4e6761280)] -> xpath: //span[@class='a-size-base a-color-base puis-bold-weight-text' and text()='Brands']]
20:38:05 [TestNG-test-Test-2] INFO  verifyingTheBrandsFilterFunctionality_Laptop_20-37-13 - [verifyingTheBrandsFilterFunctionality_Laptop_20-37-13] Successfully scrolled to element: By.xpath: //span[@class='a-size-base a-color-base puis-bold-weight-text' and text()='Brands']
20:38:05 [TestNG-test-Test-2] INFO  verifyingTheBrandsFilterFunctionality_Laptop_20-37-13 - [verifyingTheBrandsFilterFunctionality_Laptop_20-37-13] Within getMoreButtonByFilterTypeAndName method
20:38:05 [TestNG-test-Test-2] INFO  verifyingTheBrandsFilterFunctionality_Laptop_20-37-13 - [verifyingTheBrandsFilterFunctionality_Laptop_20-37-13] could not find more button
20:38:05 [TestNG-test-Test-2] INFO  verifyingTheBrandsFilterFunctionality_Laptop_20-37-13 - [verifyingTheBrandsFilterFunctionality_Laptop_20-37-13] Within getfilterByTypeAndName method
20:38:05 [TestNG-test-Test-2] INFO  verifyingTheBrandsFilterFunctionality_Laptop_20-37-13 - [verifyingTheBrandsFilterFunctionality_Laptop_20-37-13] Within smoothScrollToElement method
20:38:05 [TestNG-test-Test-2] INFO  verifyingTheBrandsFilterFunctionality_Laptop_20-37-13 - [verifyingTheBrandsFilterFunctionality_Laptop_20-37-13] Within safeFindElement method
20:38:10 [TestNG-test-Test-2] INFO  verifyingTheBrandsFilterFunctionality_Laptop_20-37-13 - [verifyingTheBrandsFilterFunctionality_Laptop_20-37-13]Retrying findElement for: ->By.xpath: //ul[@id='filter-p_123']//span[@class='a-size-base a-color-base' and text()='ASUS']
20:38:11 [TestNG-test-Test-2] INFO  verifyingTheBrandsFilterFunctionality_Laptop_20-37-13 - [verifyingTheBrandsFilterFunctionality_Laptop_20-37-13]Refrehsing the page , while trying to safely find : ->By.xpath: //ul[@id='filter-p_123']//span[@class='a-size-base a-color-base' and text()='ASUS']
20:38:16 [TestNG-test-Test-2] INFO  verifyingTheBrandsFilterFunctionality_Laptop_20-37-13 - [verifyingTheBrandsFilterFunctionality_Laptop_20-37-13]Retrying findElement for: ->By.xpath: //ul[@id='filter-p_123']//span[@class='a-size-base a-color-base' and text()='ASUS']
20:38:18 [TestNG-test-Test-2] INFO  verifyingTheBrandsFilterFunctionality_Laptop_20-37-13 - [verifyingTheBrandsFilterFunctionality_Laptop_20-37-13]Refrehsing the page , while trying to safely find : ->By.xpath: //ul[@id='filter-p_123']//span[@class='a-size-base a-color-base' and text()='ASUS']
20:38:18 [TestNG-test-Test-2] INFO  verifyingTheBrandsFilterFunctionality_Laptop_20-37-13 - [verifyingTheBrandsFilterFunctionality_Laptop_20-37-13] Skipping action: Element not found after 2   attemps
20:38:18 [TestNG-test-Test-2] WARN  verifyingTheBrandsFilterFunctionality_Laptop_20-37-13 - [verifyingTheBrandsFilterFunctionality_Laptop_20-37-13] Element not found for locator: By.xpath: //ul[@id='filter-p_123']//span[@class='a-size-base a-color-base' and text()='ASUS']
20:38:18 [TestNG-test-Test-2] INFO  verifyingTheBrandsFilterFunctionality_Laptop_20-37-13 - [verifyingTheBrandsFilterFunctionality_Laptop_20-37-13] Clicked the element using safe click ,element is [[ChromeDriver: chrome on windows (a83bc8aa794f4d9d7b0a1ff4e6761280)] -> xpath: //ul[@id='filter-p_123']//span[@class='a-size-base a-color-base' and text()='ASUS']]
20:38:18 [TestNG-test-Test-2] INFO  verifyingTheBrandsFilterFunctionality_Laptop_20-37-13 - [verifyingTheBrandsFilterFunctionality_Laptop_20-37-13] Clicked on ASUSWithin the filterOptions loop
20:38:18 [TestNG-test-Test-2] INFO  verifyingTheBrandsFilterFunctionality_Laptop_20-37-13 - [verifyingTheBrandsFilterFunctionality_Laptop_20-37-13] Within safeFindElements 
20:38:18 [TestNG-test-Test-2] INFO  verifyingTheBrandsFilterFunctionality_Laptop_20-37-13 - [verifyingTheBrandsFilterFunctionality_Laptop_20-37-13] Returning the  [[[ChromeDriver: chrome on windows (a83bc8aa794f4d9d7b0a1ff4e6761280)] -> xpath: //div[@data-cy='title-recipe']], [[ChromeDriver: chrome on windows (a83bc8aa794f4d9d7b0a1ff4e6761280)] -> xpath: //div[@data-cy='title-recipe']], [[ChromeDriver: chrome on windows (a83bc8aa794f4d9d7b0a1ff4e6761280)] -> xpath: //div[@data-cy='title-recipe']], [[ChromeDriver: chrome on windows (a83bc8aa794f4d9d7b0a1ff4e6761280)] -> xpath: //div[@data-cy='title-recipe']], [[ChromeDriver: chrome on windows (a83bc8aa794f4d9d7b0a1ff4e6761280)] -> xpath: //div[@data-cy='title-recipe']], [[ChromeDriver: chrome on windows (a83bc8aa794f4d9d7b0a1ff4e6761280)] -> xpath: //div[@data-cy='title-recipe']], [[ChromeDriver: chrome on windows (a83bc8aa794f4d9d7b0a1ff4e6761280)] -> xpath: //div[@data-cy='title-recipe']], [[ChromeDriver: chrome on windows (a83bc8aa794f4d9d7b0a1ff4e6761280)] -> xpath: //div[@data-cy='title-recipe']], [[ChromeDriver: chrome on windows (a83bc8aa794f4d9d7b0a1ff4e6761280)] -> xpath: //div[@data-cy='title-recipe']], [[ChromeDriver: chrome on windows (a83bc8aa794f4d9d7b0a1ff4e6761280)] -> xpath: //div[@data-cy='title-recipe']], [[ChromeDriver: chrome on windows (a83bc8aa794f4d9d7b0a1ff4e6761280)] -> xpath: //div[@data-cy='title-recipe']], [[ChromeDriver: chrome on windows (a83bc8aa794f4d9d7b0a1ff4e6761280)] -> xpath: //div[@data-cy='title-recipe']], [[ChromeDriver: chrome on windows (a83bc8aa794f4d9d7b0a1ff4e6761280)] -> xpath: //div[@data-cy='title-recipe']], [[ChromeDriver: chrome on windows (a83bc8aa794f4d9d7b0a1ff4e6761280)] -> xpath: //div[@data-cy='title-recipe']], [[ChromeDriver: chrome on windows (a83bc8aa794f4d9d7b0a1ff4e6761280)] -> xpath: //div[@data-cy='title-recipe']], [[ChromeDriver: chrome on windows (a83bc8aa794f4d9d7b0a1ff4e6761280)] -> xpath: //div[@data-cy='title-recipe']]] from the safeFindElements method
20:38:18 [TestNG-test-Test-2] INFO  verifyingTheBrandsFilterFunctionality_Laptop_20-37-13 - [verifyingTheBrandsFilterFunctionality_Laptop_20-37-13] Within productNameListingPage loop with product index 0and filter name ASUS
20:38:18 [TestNG-test-Test-2] INFO  verifyingTheBrandsFilterFunctionality_Laptop_20-37-13 - [verifyingTheBrandsFilterFunctionality_Laptop_20-37-13] Within productNameListingPage loop with product index 1and filter name ASUS
20:38:18 [TestNG-test-Test-2] INFO  verifyingTheBrandsFilterFunctionality_Laptop_20-37-13 - [verifyingTheBrandsFilterFunctionality_Laptop_20-37-13] Within productNameListingPage loop with product index 2and filter name ASUS
20:38:18 [TestNG-test-Test-2] INFO  verifyingTheBrandsFilterFunctionality_Laptop_20-37-13 - [verifyingTheBrandsFilterFunctionality_Laptop_20-37-13] Within productNameListingPage loop with product index 3and filter name ASUS
20:38:18 [TestNG-test-Test-2] INFO  verifyingTheBrandsFilterFunctionality_Laptop_20-37-13 - [verifyingTheBrandsFilterFunctionality_Laptop_20-37-13] Within productNameListingPage loop with product index 4and filter name ASUS
20:38:18 [TestNG-test-Test-2] INFO  verifyingTheBrandsFilterFunctionality_Laptop_20-37-13 - [verifyingTheBrandsFilterFunctionality_Laptop_20-37-13] Within productNameListingPage loop with product index 5and filter name ASUS
20:38:18 [TestNG-test-Test-2] INFO  verifyingTheBrandsFilterFunctionality_Laptop_20-37-13 - [verifyingTheBrandsFilterFunctionality_Laptop_20-37-13] Within productNameListingPage loop with product index 6and filter name ASUS
20:38:18 [TestNG-test-Test-2] INFO  verifyingTheBrandsFilterFunctionality_Laptop_20-37-13 - [verifyingTheBrandsFilterFunctionality_Laptop_20-37-13] Within productNameListingPage loop with product index 7and filter name ASUS
20:38:18 [TestNG-test-Test-2] INFO  verifyingTheBrandsFilterFunctionality_Laptop_20-37-13 - [verifyingTheBrandsFilterFunctionality_Laptop_20-37-13] Within productNameListingPage loop with product index 8and filter name ASUS
20:38:18 [TestNG-test-Test-2] INFO  verifyingTheBrandsFilterFunctionality_Laptop_20-37-13 - [verifyingTheBrandsFilterFunctionality_Laptop_20-37-13] Within productNameListingPage loop with product index 9and filter name ASUS
20:38:18 [TestNG-test-Test-2] INFO  verifyingTheBrandsFilterFunctionality_Laptop_20-37-13 - [verifyingTheBrandsFilterFunctionality_Laptop_20-37-13] Within productNameListingPage loop with product index 10and filter name ASUS
20:38:18 [TestNG-test-Test-2] INFO  verifyingTheBrandsFilterFunctionality_Laptop_20-37-13 - [verifyingTheBrandsFilterFunctionality_Laptop_20-37-13] Within productNameListingPage loop with product index 11and filter name ASUS
20:38:18 [TestNG-test-Test-2] INFO  verifyingTheBrandsFilterFunctionality_Laptop_20-37-13 - [verifyingTheBrandsFilterFunctionality_Laptop_20-37-13] Within productNameListingPage loop with product index 12and filter name ASUS
20:38:18 [TestNG-test-Test-2] INFO  verifyingTheBrandsFilterFunctionality_Laptop_20-37-13 - [verifyingTheBrandsFilterFunctionality_Laptop_20-37-13] Within productNameListingPage loop with product index 13and filter name ASUS
20:38:18 [TestNG-test-Test-2] INFO  verifyingTheBrandsFilterFunctionality_Laptop_20-37-13 - [verifyingTheBrandsFilterFunctionality_Laptop_20-37-13] Within productNameListingPage loop with product index 14and filter name ASUS
20:38:18 [TestNG-test-Test-2] INFO  verifyingTheBrandsFilterFunctionality_Laptop_20-37-13 - [verifyingTheBrandsFilterFunctionality_Laptop_20-37-13] Within productNameListingPage loop with product index 15and filter name ASUS
20:38:18 [TestNG-test-Test-2] INFO  verifyingTheBrandsFilterFunctionality_Laptop_20-37-13 - [verifyingTheBrandsFilterFunctionality_Laptop_20-37-13] Creating 'result' Map for storing ,'brand','isValid','mismatches list' with map size ->3
20:38:18 [TestNG-test-Test-2] INFO  verifyingTheBrandsFilterFunctionality_Laptop_20-37-13 - [verifyingTheBrandsFilterFunctionality_Laptop_20-37-13] Adding 'result' with the data into 'allResults' i.e list of Map3
20:38:18 [TestNG-test-Test-2] INFO  verifyingTheBrandsFilterFunctionality_Laptop_20-37-13 - [verifyingTheBrandsFilterFunctionality_Laptop_20-37-13] Waiting until element is visible in viewport
20:38:18 [TestNG-test-Test-2] INFO  verifyingTheBrandsFilterFunctionality_Laptop_20-37-13 - [verifyingTheBrandsFilterFunctionality_Laptop_20-37-13] Within safeClick method
20:38:18 [TestNG-test-Test-2] INFO  verifyingTheBrandsFilterFunctionality_Laptop_20-37-13 - [verifyingTheBrandsFilterFunctionality_Laptop_20-37-13] Clicked the  [[ChromeDriver: chrome on windows (a83bc8aa794f4d9d7b0a1ff4e6761280)] -> xpath: //span[@class='a-size-base a-color-base' and text()='Clear']]   using safeClick
20:38:18 [TestNG-test-Test-2] INFO  verifyingTheBrandsFilterFunctionality_Laptop_20-37-13 - [verifyingTheBrandsFilterFunctionality_Laptop_20-37-13] Clicked clear button for the filter ->ASUS
20:38:18 [TestNG-test-Test-2] INFO  verifyingTheBrandsFilterFunctionality_Laptop_20-37-13 - [verifyingTheBrandsFilterFunctionality_Laptop_20-37-13] Returning the allResults List of Maps containing the data
20:38:18 [TestNG-test-Test-2] INFO  verifyingTheBrandsFilterFunctionality_Laptop_20-37-13 - [verifyingTheBrandsFilterFunctionality_Laptop_20-37-13] All product titles matched for brand: 'Lenovo'
20:38:18 [TestNG-test-Test-2] INFO  verifyingTheBrandsFilterFunctionality_Laptop_20-37-13 - [verifyingTheBrandsFilterFunctionality_Laptop_20-37-13] All product titles matched for brand: 'ASUS'
20:38:18 [TestNG-test-Test-2] INFO  verifyingTheBrandsFilterFunctionality_Laptop_20-37-13 - [verifyingTheBrandsFilterFunctionality_Laptop_20-37-13]  Asserting all soft assertions now...
