20:30:30 [TestNG-test-Test-3] INFO  verifyingGetItByTomorrowFilterFunctionality_Tablet_20-30-30 - No existing WebDriver found for current thread. Initializing a new ChromeDriver...
20:30:30 [TestNG-test-Test-3] INFO  verifyingGetItByTomorrowFilterFunctionality_Tablet_20-30-30 - WebDriverManager: chromedriver setup OK
20:30:32 [TestNG-test-Test-3] INFO  verifyingGetItByTomorrowFilterFunctionality_Tablet_20-30-30 - ChromeDriver initialized successfully for thread: 36
20:30:32 [TestNG-test-Test-3] INFO  verifyingGetItByTomorrowFilterFunctionality_Tablet_20-30-30 - [verifyingGetItByTomorrowFilterFunctionality_Tablet_20-30-30] Opening amazon Landing page
20:30:32 [TestNG-test-Test-3] INFO  verifyingGetItByTomorrowFilterFunctionality_Tablet_20-30-30 - [verifyingGetItByTomorrowFilterFunctionality_Tablet_20-30-30] Within safeFindElement method
20:30:34 [TestNG-test-Test-3] INFO  verifyingGetItByTomorrowFilterFunctionality_Tablet_20-30-30 - [verifyingGetItByTomorrowFilterFunctionality_Tablet_20-30-30]Found the element returning it ,element ->[[ChromeDriver: chrome on windows (fe037472733fae1811fc8cc87b631b37)] -> xpath: //a[@id='nav-logo-sprites']]
20:30:36 [TestNG-test-Test-3] INFO  verifyingGetItByTomorrowFilterFunctionality_Tablet_20-30-30 - [verifyingGetItByTomorrowFilterFunctionality_Tablet_20-30-30] Giving input within the search bar
20:30:36 [TestNG-test-Test-3] INFO  verifyingGetItByTomorrowFilterFunctionality_Tablet_20-30-30 - [verifyingGetItByTomorrowFilterFunctionality_Tablet_20-30-30] Within safeClick method
20:30:39 [TestNG-test-Test-3] INFO  verifyingGetItByTomorrowFilterFunctionality_Tablet_20-30-30 - [verifyingGetItByTomorrowFilterFunctionality_Tablet_20-30-30] Clicked the  [[ChromeDriver: chrome on windows (fe037472733fae1811fc8cc87b631b37)] -> xpath: //input[@id='nav-search-submit-button']]   using safeClick
20:30:39 [TestNG-test-Test-3] INFO  verifyingGetItByTomorrowFilterFunctionality_Tablet_20-30-30 - [verifyingGetItByTomorrowFilterFunctionality_Tablet_20-30-30] Clicking on the submit in the search bar
20:30:40 [TestNG-test-Test-3] INFO  verifyingGetItByTomorrowFilterFunctionality_Tablet_20-30-30 - [verifyingGetItByTomorrowFilterFunctionality_Tablet_20-30-30] Waiting until element is visible in viewport
20:30:40 [TestNG-test-Test-3] INFO  verifyingGetItByTomorrowFilterFunctionality_Tablet_20-30-30 - [verifyingGetItByTomorrowFilterFunctionality_Tablet_20-30-30] Within validateDeliveryFilterOptionsWithResult method
20:30:40 [TestNG-test-Test-3] INFO  verifyingGetItByTomorrowFilterFunctionality_Tablet_20-30-30 - [verifyingGetItByTomorrowFilterFunctionality_Tablet_20-30-30] Within safeClick method
20:30:41 [TestNG-test-Test-3] INFO  verifyingGetItByTomorrowFilterFunctionality_Tablet_20-30-30 - [verifyingGetItByTomorrowFilterFunctionality_Tablet_20-30-30] Clicked the  [[ChromeDriver: chrome on windows (fe037472733fae1811fc8cc87b631b37)] -> xpath: //span[@class='a-size-base a-color-base puis-bold-weight-text' and text()='Delivery Day']/parent::div/following-sibling::ul//span[@class='a-size-base a-color-base' and text()='Get It by Tomorrow']]   using safeClick
20:30:41 [TestNG-test-Test-3] INFO  verifyingGetItByTomorrowFilterFunctionality_Tablet_20-30-30 - [verifyingGetItByTomorrowFilterFunctionality_Tablet_20-30-30] Within getMoreButtonByFilterTypeAndName method
20:30:41 [TestNG-test-Test-3] INFO  verifyingGetItByTomorrowFilterFunctionality_Tablet_20-30-30 - [verifyingGetItByTomorrowFilterFunctionality_Tablet_20-30-30] Clicked on By.xpath: //span[@class='a-size-base a-color-base puis-bold-weight-text' and text()='Delivery Day']/parent::div/following-sibling::ul//span[@class='a-size-base a-color-base' and text()='Get It by Tomorrow']
20:30:41 [TestNG-test-Test-3] INFO  verifyingGetItByTomorrowFilterFunctionality_Tablet_20-30-30 - [verifyingGetItByTomorrowFilterFunctionality_Tablet_20-30-30] Within safeFindElements 
20:30:42 [TestNG-test-Test-3] INFO  verifyingGetItByTomorrowFilterFunctionality_Tablet_20-30-30 - [verifyingGetItByTomorrowFilterFunctionality_Tablet_20-30-30] Returning the  [[[ChromeDriver: chrome on windows (fe037472733fae1811fc8cc87b631b37)] -> xpath: //div[@class='a-section a-spacing-small a-spacing-top-small']], [[ChromeDriver: chrome on windows (fe037472733fae1811fc8cc87b631b37)] -> xpath: //div[@class='a-section a-spacing-small a-spacing-top-small']], [[ChromeDriver: chrome on windows (fe037472733fae1811fc8cc87b631b37)] -> xpath: //div[@class='a-section a-spacing-small a-spacing-top-small']], [[ChromeDriver: chrome on windows (fe037472733fae1811fc8cc87b631b37)] -> xpath: //div[@class='a-section a-spacing-small a-spacing-top-small']], [[ChromeDriver: chrome on windows (fe037472733fae1811fc8cc87b631b37)] -> xpath: //div[@class='a-section a-spacing-small a-spacing-top-small']], [[ChromeDriver: chrome on windows (fe037472733fae1811fc8cc87b631b37)] -> xpath: //div[@class='a-section a-spacing-small a-spacing-top-small']], [[ChromeDriver: chrome on windows (fe037472733fae1811fc8cc87b631b37)] -> xpath: //div[@class='a-section a-spacing-small a-spacing-top-small']], [[ChromeDriver: chrome on windows (fe037472733fae1811fc8cc87b631b37)] -> xpath: //div[@class='a-section a-spacing-small a-spacing-top-small']], [[ChromeDriver: chrome on windows (fe037472733fae1811fc8cc87b631b37)] -> xpath: //div[@class='a-section a-spacing-small a-spacing-top-small']], [[ChromeDriver: chrome on windows (fe037472733fae1811fc8cc87b631b37)] -> xpath: //div[@class='a-section a-spacing-small a-spacing-top-small']], [[ChromeDriver: chrome on windows (fe037472733fae1811fc8cc87b631b37)] -> xpath: //div[@class='a-section a-spacing-small a-spacing-top-small']], [[ChromeDriver: chrome on windows (fe037472733fae1811fc8cc87b631b37)] -> xpath: //div[@class='a-section a-spacing-small a-spacing-top-small']], [[ChromeDriver: chrome on windows (fe037472733fae1811fc8cc87b631b37)] -> xpath: //div[@class='a-section a-spacing-small a-spacing-top-small']], [[ChromeDriver: chrome on windows (fe037472733fae1811fc8cc87b631b37)] -> xpath: //div[@class='a-section a-spacing-small a-spacing-top-small']], [[ChromeDriver: chrome on windows (fe037472733fae1811fc8cc87b631b37)] -> xpath: //div[@class='a-section a-spacing-small a-spacing-top-small']], [[ChromeDriver: chrome on windows (fe037472733fae1811fc8cc87b631b37)] -> xpath: //div[@class='a-section a-spacing-small a-spacing-top-small']]] from the safeFindElements method
20:30:42 [TestNG-test-Test-3] INFO  verifyingGetItByTomorrowFilterFunctionality_Tablet_20-30-30 - [verifyingGetItByTomorrowFilterFunctionality_Tablet_20-30-30] Created hashset with required data to assert with Within validateDeliveryFilterOptionsWithResult method
20:30:42 [TestNG-test-Test-3] INFO  verifyingGetItByTomorrowFilterFunctionality_Tablet_20-30-30 - [verifyingGetItByTomorrowFilterFunctionality_Tablet_20-30-30] this is the set  [Today, 26, 27, FREE delivery, Sat, Sun, Tomorrow, Sep]
20:30:42 [TestNG-test-Test-3] INFO  verifyingGetItByTomorrowFilterFunctionality_Tablet_20-30-30 - [verifyingGetItByTomorrowFilterFunctionality_Tablet_20-30-30] Within deliveryElements loop iterating over the products  Within validateDeliveryFilterOptionsWithResult method
20:30:42 [TestNG-test-Test-3] INFO  verifyingGetItByTomorrowFilterFunctionality_Tablet_20-30-30 - [verifyingGetItByTomorrowFilterFunctionality_Tablet_20-30-30] Checking if the allowedDateParts have the assert text — index 0, text: Lenovo Tab (Smartchoice) | 10.1 Inch Display| Wi-Fi Only| 4 GB RAM + 64 GB ROM (Expandable up to 1 TB)| Metal Body| Dual Speakers with Dolby Atmos| Android 14| Color: Polar Blue
4.2
(646)
300+ bought in past month
₹16,148
M.R.P:
₹18,000 (10% off)
Up to 5% back with Amazon Pay ICI...
FREE delivery Tue, 29 Sept
Or fastest delivery Today
Add to cart
20:30:42 [TestNG-test-Test-3] INFO  verifyingGetItByTomorrowFilterFunctionality_Tablet_20-30-30 - [verifyingGetItByTomorrowFilterFunctionality_Tablet_20-30-30] Within deliveryElements loop iterating over the products  Within validateDeliveryFilterOptionsWithResult method
20:30:42 [TestNG-test-Test-3] INFO  verifyingGetItByTomorrowFilterFunctionality_Tablet_20-30-30 - [verifyingGetItByTomorrowFilterFunctionality_Tablet_20-30-30] Checking if the allowedDateParts have the assert text — index 1, text: Lenovo Idea Tab Smartchoice |11-inch 2.5K Clear Display, 90Hz Refresh Rate, 8GB RAM, 256GB ROM| MediaTek Dimensity 6300| 7040mAh Battery|4 Speakers| USB-C |Wi-Fi |AI-Enabled, Dolby Atmos, Luna Grey
4.4
(377)
200+ bought in past month
₹24,000
Up to 5% back with Amazon Pay ICI...
FREE delivery Tue, 29 Sept
Or fastest delivery Today
Add to cart
20:30:42 [TestNG-test-Test-3] INFO  verifyingGetItByTomorrowFilterFunctionality_Tablet_20-30-30 - [verifyingGetItByTomorrowFilterFunctionality_Tablet_20-30-30] Within deliveryElements loop iterating over the products  Within validateDeliveryFilterOptionsWithResult method
20:30:42 [TestNG-test-Test-3] INFO  verifyingGetItByTomorrowFilterFunctionality_Tablet_20-30-30 - [verifyingGetItByTomorrowFilterFunctionality_Tablet_20-30-30] Checking if the allowedDateParts have the assert text — index 2, text: OnePlus Pad 2 (12.1 Inch),12GB RAM, 256GB Storage Snapdragon 8 Gen 3,144Hz Refresh Rate, 6 Speakers, 3K 12.1 Display, AI Features, 9610 mAh Battery, Wi-Fi with Cellular Data Sharing [Nimbus Gray]
4.4
(839)
1K+ bought in past month
Sale Price Live
₹31,999
M.R.P:
₹47,999 (33% off)
Up to 5% back with Amazon Pay ICI...
FREE delivery Tue, 29 Sept
Or fastest delivery Today
Add to cart
20:30:42 [TestNG-test-Test-3] INFO  verifyingGetItByTomorrowFilterFunctionality_Tablet_20-30-30 - [verifyingGetItByTomorrowFilterFunctionality_Tablet_20-30-30] Within deliveryElements loop iterating over the products  Within validateDeliveryFilterOptionsWithResult method
20:30:42 [TestNG-test-Test-3] INFO  verifyingGetItByTomorrowFilterFunctionality_Tablet_20-30-30 - [verifyingGetItByTomorrowFilterFunctionality_Tablet_20-30-30] Checking if the allowedDateParts have the assert text — index 3, text: Samsung Galaxy Tab A11+ [Smartchoice], 11-inch (27.82 CM), LCD Display, 6GB RAM, 128GB ROM, Wi-Fi, Quad Speakers, Dolby Atmos, Gray, AI Enabled
4.4
(253)
400+ bought in past month
₹25,999
M.R.P:
₹27,999 (7% off)
Up to 5% back with Amazon Pay ICI...
FREE delivery Tue, 29 Sept
Or fastest delivery Today
Add to cart
20:30:42 [TestNG-test-Test-3] INFO  verifyingGetItByTomorrowFilterFunctionality_Tablet_20-30-30 - [verifyingGetItByTomorrowFilterFunctionality_Tablet_20-30-30] Within deliveryElements loop iterating over the products  Within validateDeliveryFilterOptionsWithResult method
20:30:42 [TestNG-test-Test-3] INFO  verifyingGetItByTomorrowFilterFunctionality_Tablet_20-30-30 - [verifyingGetItByTomorrowFilterFunctionality_Tablet_20-30-30] Checking if the allowedDateParts have the assert text — index 4, text: Samsung Galaxy Tab S10 Lite [Smartchoice], 10.9-inch (27.7 CM), LCD Display, 6GB RAM, 128GB ROM, Wi-Fi+5G, Dual Speakers, S Pen, Silver, AI Enabled
4.4
(269)
200+ bought in past month
₹38,999
M.R.P:
₹41,999 (7% off)
Save extra with No Cost EMI
FREE delivery Tue, 29 Sept
Or fastest delivery Tomorrow 8 am - 12 pm
Add to cart
20:30:42 [TestNG-test-Test-3] INFO  verifyingGetItByTomorrowFilterFunctionality_Tablet_20-30-30 - [verifyingGetItByTomorrowFilterFunctionality_Tablet_20-30-30] Within deliveryElements loop iterating over the products  Within validateDeliveryFilterOptionsWithResult method
20:30:42 [TestNG-test-Test-3] INFO  verifyingGetItByTomorrowFilterFunctionality_Tablet_20-30-30 - [verifyingGetItByTomorrowFilterFunctionality_Tablet_20-30-30] Checking if the allowedDateParts have the assert text — index 5, text: Redmi Pad 2, 11-inch (27.94 CM), LCD Display - 2.5K Sharp & Clear, 6GB RAM, 128GB ROM, Wi-Fi + Cellular (4G), Quad Speakers, Dolby Atmos, Sky Blue, AI Enabled
4.3
(903)
300+ bought in past month
₹23,999
M.R.P:
₹30,999 (23% off)
Up to 5% back with Amazon Pay ICI...
FREE delivery Tue, 29 Sept
Or fastest delivery Today
Add to cart
20:30:42 [TestNG-test-Test-3] INFO  verifyingGetItByTomorrowFilterFunctionality_Tablet_20-30-30 - [verifyingGetItByTomorrowFilterFunctionality_Tablet_20-30-30] Within deliveryElements loop iterating over the products  Within validateDeliveryFilterOptionsWithResult method
20:30:42 [TestNG-test-Test-3] INFO  verifyingGetItByTomorrowFilterFunctionality_Tablet_20-30-30 - [verifyingGetItByTomorrowFilterFunctionality_Tablet_20-30-30] Checking if the allowedDateParts have the assert text — index 6, text: Lenovo Idea Tab (Smartchoice) with Folio Keyboard + Tab Pen | Wi-Fi + 5G |11" Display, 2.5K Resolution, 90Hz Refresh|8GB RAM, 256GB ROM| MediaTek Dimensity 6300| 7040mAh|4 Speakers| USB-C| Luna Grey
4.4
(69)
400+ bought in past month
₹34,199
M.R.P:
₹52,000 (34% off)
Up to 5% back with Amazon Pay ICI...
FREE delivery Tue, 29 Sept
Or fastest delivery Today
Add to cart
20:30:42 [TestNG-test-Test-3] INFO  verifyingGetItByTomorrowFilterFunctionality_Tablet_20-30-30 - [verifyingGetItByTomorrowFilterFunctionality_Tablet_20-30-30] Within deliveryElements loop iterating over the products  Within validateDeliveryFilterOptionsWithResult method
20:30:42 [TestNG-test-Test-3] INFO  verifyingGetItByTomorrowFilterFunctionality_Tablet_20-30-30 - [verifyingGetItByTomorrowFilterFunctionality_Tablet_20-30-30] Checking if the allowedDateParts have the assert text — index 7, text: OnePlus,Pad Lite, 11-inch (27.94 CM CM), LCD, 8GB RAM, 128GB ROM, WiFi + LTE, Quad Speakers, 9340mAh Battery, Aero Blue, Not AI Enabled
4.4
(890)
400+ bought in past month
₹26,999
M.R.P:
₹29,999 (10% off)
Up to 5% back with Amazon Pay ICI...
FREE delivery Tue, 29 Sept
Or fastest delivery Today
Add to cart
20:30:42 [TestNG-test-Test-3] INFO  verifyingGetItByTomorrowFilterFunctionality_Tablet_20-30-30 - [verifyingGetItByTomorrowFilterFunctionality_Tablet_20-30-30] Within deliveryElements loop iterating over the products  Within validateDeliveryFilterOptionsWithResult method
20:30:42 [TestNG-test-Test-3] INFO  verifyingGetItByTomorrowFilterFunctionality_Tablet_20-30-30 - [verifyingGetItByTomorrowFilterFunctionality_Tablet_20-30-30] Checking if the allowedDateParts have the assert text — index 8, text: Lenovo Idea Tab Plus with Pen |Wifi +5G |12.1" 2.5K Display, 800nits Peak Brightness |8GB RAM + 256GB ROM (Expandable upto 2TB)| MediaTek Dimensity 6400| 10200mAh|4 Speakers with Dolby Atmos|Luna Grey
4.2
(113)
50+ bought in past month
₹33,299
M.R.P:
₹41,000 (19% off)
Up to 5% back with Amazon Pay ICI...
FREE delivery Tue, 29 Sept
Or fastest delivery Today
Add to cart
20:30:42 [TestNG-test-Test-3] INFO  verifyingGetItByTomorrowFilterFunctionality_Tablet_20-30-30 - [verifyingGetItByTomorrowFilterFunctionality_Tablet_20-30-30] Within deliveryElements loop iterating over the products  Within validateDeliveryFilterOptionsWithResult method
20:30:42 [TestNG-test-Test-3] INFO  verifyingGetItByTomorrowFilterFunctionality_Tablet_20-30-30 - [verifyingGetItByTomorrowFilterFunctionality_Tablet_20-30-30] Checking if the allowedDateParts have the assert text — index 9, text: Apple iPad 11″: A16 chip, 27.69 cm (11″) Model, Liquid Retina Display, 128GB, Wi-Fi 6, 12MP Front/12MP Back Camera, Touch ID, All-Day Battery Life — Yellow
4.6
(1.1K)
200+ bought in past month
₹49,900
Up to 5% back with Amazon Pay ICI...
FREE delivery Tue, 29 Sept
Or fastest delivery Today
Add to cart
20:30:42 [TestNG-test-Test-3] INFO  verifyingGetItByTomorrowFilterFunctionality_Tablet_20-30-30 - [verifyingGetItByTomorrowFilterFunctionality_Tablet_20-30-30] Within deliveryElements loop iterating over the products  Within validateDeliveryFilterOptionsWithResult method
20:30:42 [TestNG-test-Test-3] INFO  verifyingGetItByTomorrowFilterFunctionality_Tablet_20-30-30 - [verifyingGetItByTomorrowFilterFunctionality_Tablet_20-30-30] Checking if the allowedDateParts have the assert text — index 10, text: OnePlus, Pad Go 2, 12.1 inch (30.73 CM), LCD, 8GB RAM, 128GB ROM, Wi-Fi, Quad Speakers, Eye Care,Shadow Black, AI Enabled
4.2
(930)
400+ bought in past month
₹29,999
Up to 5% back with Amazon Pay ICI...
FREE delivery Tue, 29 Sept
Or fastest delivery Today
Add to cart
20:30:42 [TestNG-test-Test-3] INFO  verifyingGetItByTomorrowFilterFunctionality_Tablet_20-30-30 - [verifyingGetItByTomorrowFilterFunctionality_Tablet_20-30-30] Within deliveryElements loop iterating over the products  Within validateDeliveryFilterOptionsWithResult method
20:30:42 [TestNG-test-Test-3] INFO  verifyingGetItByTomorrowFilterFunctionality_Tablet_20-30-30 - [verifyingGetItByTomorrowFilterFunctionality_Tablet_20-30-30] Checking if the allowedDateParts have the assert text — index 11, text: Samsung Galaxy Tab S10 Plus [Smartchoice], S Pen in-Box, 31.5 cm (12.4 inch) Dynamic AMOLED 2X Display, 12 GB RAM, 256 GB Storage, Wi-Fi Tablet, Moonstone Gray
4.4
(83)
200+ bought in past month
₹79,999
M.R.P:
₹1,01,999 (22% off)
Save extra with No Cost EMI
FREE delivery Tue, 29 Sept
Or fastest delivery Tomorrow 8 am - 12 pm
Add to cart
20:30:42 [TestNG-test-Test-3] INFO  verifyingGetItByTomorrowFilterFunctionality_Tablet_20-30-30 - [verifyingGetItByTomorrowFilterFunctionality_Tablet_20-30-30] Within deliveryElements loop iterating over the products  Within validateDeliveryFilterOptionsWithResult method
20:30:42 [TestNG-test-Test-3] INFO  verifyingGetItByTomorrowFilterFunctionality_Tablet_20-30-30 - [verifyingGetItByTomorrowFilterFunctionality_Tablet_20-30-30] Checking if the allowedDateParts have the assert text — index 12, text: Redmi Pad 2 Pro, 12.1-inch (30.73 CM), LCD Display - 2.5K Sharp & Clear, 8GB RAM, 128GB ROM, Wi-Fi, Quad Speakers, Dolby Atmos, Graphite Grey, AI Enabled
4.0
(327)
500+ bought in past month
₹28,999
M.R.P:
₹39,999 (28% off)
Up to 5% back with Amazon Pay ICI...
FREE delivery Tue, 29 Sept
Or fastest delivery Today
Add to cart
20:30:42 [TestNG-test-Test-3] INFO  verifyingGetItByTomorrowFilterFunctionality_Tablet_20-30-30 - [verifyingGetItByTomorrowFilterFunctionality_Tablet_20-30-30] Within deliveryElements loop iterating over the products  Within validateDeliveryFilterOptionsWithResult method
20:30:42 [TestNG-test-Test-3] INFO  verifyingGetItByTomorrowFilterFunctionality_Tablet_20-30-30 - [verifyingGetItByTomorrowFilterFunctionality_Tablet_20-30-30] Checking if the allowedDateParts have the assert text — index 13, text: OnePlus, Pad 4, 13.2 inch (33.53 CM), LCD, 8GB RAM, 256GB ROM, WiFi, 8 Speakers, Snapdragon 8 Elite Gen 5, Dune Glow, AI Enabled
4.6
(47)
50+ bought in past month
₹62,999
Up to 5% back with Amazon Pay ICI...
FREE delivery Tue, 29 Sept
Or fastest delivery Tomorrow 8 am - 12 pm
Add to cart
20:30:42 [TestNG-test-Test-3] INFO  verifyingGetItByTomorrowFilterFunctionality_Tablet_20-30-30 - [verifyingGetItByTomorrowFilterFunctionality_Tablet_20-30-30] Within deliveryElements loop iterating over the products  Within validateDeliveryFilterOptionsWithResult method
20:30:42 [TestNG-test-Test-3] INFO  verifyingGetItByTomorrowFilterFunctionality_Tablet_20-30-30 - [verifyingGetItByTomorrowFilterFunctionality_Tablet_20-30-30] Checking if the allowedDateParts have the assert text — index 14, text: Lenovo {Smartchoice} Idea Tab Pro with Pen Plus & Keyboard|12.7" 3K Display|144 Hz Refresh|12 GB RAM, 256 GB ROM| AI-Enabled| MediaTek Dimensity 8300|4 JBL Speakers|10200 mAh Battery with 45 W Charger
4.3
(40)
200+ bought in past month
₹41,999
M.R.P:
₹48,999 (14% off)
Up to 5% back with Amazon Pay ICI...
FREE delivery Tue, 29 Sept
Or fastest delivery Today
Add to cart
20:30:42 [TestNG-test-Test-3] INFO  verifyingGetItByTomorrowFilterFunctionality_Tablet_20-30-30 - [verifyingGetItByTomorrowFilterFunctionality_Tablet_20-30-30] Within deliveryElements loop iterating over the products  Within validateDeliveryFilterOptionsWithResult method
20:30:42 [TestNG-test-Test-3] INFO  verifyingGetItByTomorrowFilterFunctionality_Tablet_20-30-30 - [verifyingGetItByTomorrowFilterFunctionality_Tablet_20-30-30] Checking if the allowedDateParts have the assert text — index 15, text: Acer Iconia Tab10 | 10.36" | 2K IPS Display, 480 Nit | Quad Speakers | 6GB + 128GB (Expandable) | Wi-Fi + (Calling)
3.9
(54)
₹20,990
M.R.P:
₹30,990 (32% off)
Up to 5% back with Amazon Pay ICI...
FREE delivery Tue, 29 Sept
Or fastest delivery Today
Add to cart
20:30:42 [TestNG-test-Test-3] INFO  verifyingGetItByTomorrowFilterFunctionality_Tablet_20-30-30 - [verifyingGetItByTomorrowFilterFunctionality_Tablet_20-30-30] Returning the list with boolean values   Within validateDeliveryFilterOptionsWithResult method
20:30:42 [TestNG-test-Test-3] INFO  verifyingGetItByTomorrowFilterFunctionality_Tablet_20-30-30 - [verifyingGetItByTomorrowFilterFunctionality_Tablet_20-30-30] Asserting delivery filter: isValid=true, index=-1, text=All the things are valid no errors
