19:35:30 [TestNG-test-Test-3] INFO  verifyingGetItIn2DaysFilterFunctionality_Laptop_19-35-30 - No existing WebDriver found for current thread. Initializing a new ChromeDriver...
19:35:30 [TestNG-test-Test-3] INFO  verifyingGetItIn2DaysFilterFunctionality_Laptop_19-35-30 - WebDriverManager: chromedriver setup OK
19:35:32 [TestNG-test-Test-3] INFO  verifyingGetItIn2DaysFilterFunctionality_Laptop_19-35-30 - ChromeDriver initialized successfully for thread: 36
19:35:34 [TestNG-test-Test-3] INFO  verifyingGetItIn2DaysFilterFunctionality_Laptop_19-35-30 - [verifyingGetItIn2DaysFilterFunctionality_Laptop_19-35-30] Opening amazon Landing page
19:35:34 [TestNG-test-Test-3] INFO  verifyingGetItIn2DaysFilterFunctionality_Laptop_19-35-30 - [verifyingGetItIn2DaysFilterFunctionality_Laptop_19-35-30] Within safeFindElement method
19:35:35 [TestNG-test-Test-3] INFO  verifyingGetItIn2DaysFilterFunctionality_Laptop_19-35-30 - [verifyingGetItIn2DaysFilterFunctionality_Laptop_19-35-30]Found the element returning it ,element ->[[ChromeDriver: chrome on windows (14dd7c9fa4b9d8e23dddca4bb51ef809)] -> xpath: //a[@id='nav-logo-sprites']]
19:35:36 [TestNG-test-Test-3] INFO  verifyingGetItIn2DaysFilterFunctionality_Laptop_19-35-30 - [verifyingGetItIn2DaysFilterFunctionality_Laptop_19-35-30] Giving input within the search bar
19:35:36 [TestNG-test-Test-3] INFO  verifyingGetItIn2DaysFilterFunctionality_Laptop_19-35-30 - [verifyingGetItIn2DaysFilterFunctionality_Laptop_19-35-30] Within safeClick method
19:35:39 [TestNG-test-Test-3] INFO  verifyingGetItIn2DaysFilterFunctionality_Laptop_19-35-30 - [verifyingGetItIn2DaysFilterFunctionality_Laptop_19-35-30] Clicked the  [[ChromeDriver: chrome on windows (14dd7c9fa4b9d8e23dddca4bb51ef809)] -> xpath: //input[@id='nav-search-submit-button']]   using safeClick
19:35:39 [TestNG-test-Test-3] INFO  verifyingGetItIn2DaysFilterFunctionality_Laptop_19-35-30 - [verifyingGetItIn2DaysFilterFunctionality_Laptop_19-35-30] Clicking on the submit in the search bar
19:35:39 [TestNG-test-Test-3] INFO  verifyingGetItIn2DaysFilterFunctionality_Laptop_19-35-30 - [verifyingGetItIn2DaysFilterFunctionality_Laptop_19-35-30] Waiting until element is visible in viewport
19:35:39 [TestNG-test-Test-3] INFO  verifyingGetItIn2DaysFilterFunctionality_Laptop_19-35-30 - [verifyingGetItIn2DaysFilterFunctionality_Laptop_19-35-30] Within validateDeliveryFilterOptionsWithResult method
19:35:39 [TestNG-test-Test-3] INFO  verifyingGetItIn2DaysFilterFunctionality_Laptop_19-35-30 - [verifyingGetItIn2DaysFilterFunctionality_Laptop_19-35-30] Within safeClick method
19:35:40 [TestNG-test-Test-3] INFO  verifyingGetItIn2DaysFilterFunctionality_Laptop_19-35-30 - [verifyingGetItIn2DaysFilterFunctionality_Laptop_19-35-30] Clicked the  [[ChromeDriver: chrome on windows (14dd7c9fa4b9d8e23dddca4bb51ef809)] -> xpath: //span[@class='a-size-base a-color-base puis-bold-weight-text' and text()='Delivery Day']/parent::div/following-sibling::ul//span[@class='a-size-base a-color-base' and text()='Get It in 2 Days']]   using safeClick
19:35:40 [TestNG-test-Test-3] INFO  verifyingGetItIn2DaysFilterFunctionality_Laptop_19-35-30 - [verifyingGetItIn2DaysFilterFunctionality_Laptop_19-35-30] Within getMoreButtonByFilterTypeAndName method
19:35:40 [TestNG-test-Test-3] INFO  verifyingGetItIn2DaysFilterFunctionality_Laptop_19-35-30 - [verifyingGetItIn2DaysFilterFunctionality_Laptop_19-35-30] Clicked on By.xpath: //span[@class='a-size-base a-color-base puis-bold-weight-text' and text()='Delivery Day']/parent::div/following-sibling::ul//span[@class='a-size-base a-color-base' and text()='Get It in 2 Days']
19:35:40 [TestNG-test-Test-3] INFO  verifyingGetItIn2DaysFilterFunctionality_Laptop_19-35-30 - [verifyingGetItIn2DaysFilterFunctionality_Laptop_19-35-30] Within safeFindElements 
19:35:40 [TestNG-test-Test-3] INFO  verifyingGetItIn2DaysFilterFunctionality_Laptop_19-35-30 - [verifyingGetItIn2DaysFilterFunctionality_Laptop_19-35-30] Returning the  [[[ChromeDriver: chrome on windows (14dd7c9fa4b9d8e23dddca4bb51ef809)] -> xpath: //div[@class='a-section a-spacing-small a-spacing-top-small']], [[ChromeDriver: chrome on windows (14dd7c9fa4b9d8e23dddca4bb51ef809)] -> xpath: //div[@class='a-section a-spacing-small a-spacing-top-small']], [[ChromeDriver: chrome on windows (14dd7c9fa4b9d8e23dddca4bb51ef809)] -> xpath: //div[@class='a-section a-spacing-small a-spacing-top-small']], [[ChromeDriver: chrome on windows (14dd7c9fa4b9d8e23dddca4bb51ef809)] -> xpath: //div[@class='a-section a-spacing-small a-spacing-top-small']], [[ChromeDriver: chrome on windows (14dd7c9fa4b9d8e23dddca4bb51ef809)] -> xpath: //div[@class='a-section a-spacing-small a-spacing-top-small']], [[ChromeDriver: chrome on windows (14dd7c9fa4b9d8e23dddca4bb51ef809)] -> xpath: //div[@class='a-section a-spacing-small a-spacing-top-small']], [[ChromeDriver: chrome on windows (14dd7c9fa4b9d8e23dddca4bb51ef809)] -> xpath: //div[@class='a-section a-spacing-small a-spacing-top-small']], [[ChromeDriver: chrome on windows (14dd7c9fa4b9d8e23dddca4bb51ef809)] -> xpath: //div[@class='a-section a-spacing-small a-spacing-top-small']]] from the safeFindElements method
19:35:40 [TestNG-test-Test-3] INFO  verifyingGetItIn2DaysFilterFunctionality_Laptop_19-35-30 - [verifyingGetItIn2DaysFilterFunctionality_Laptop_19-35-30] Created hashset with required data to assert with Within validateDeliveryFilterOptions method
19:35:40 [TestNG-test-Test-3] INFO  verifyingGetItIn2DaysFilterFunctionality_Laptop_19-35-30 - [verifyingGetItIn2DaysFilterFunctionality_Laptop_19-35-30] this is the set  [Jun, Today, 27, FREE delivery, 28, Sat, Sun, Tomorrow]
19:35:40 [TestNG-test-Test-3] INFO  verifyingGetItIn2DaysFilterFunctionality_Laptop_19-35-30 - [verifyingGetItIn2DaysFilterFunctionality_Laptop_19-35-30] Within deliveryElements loop iterating over the products  Within validateDeliveryFilterOptions method
19:35:40 [TestNG-test-Test-3] INFO  verifyingGetItIn2DaysFilterFunctionality_Laptop_19-35-30 - [verifyingGetItIn2DaysFilterFunctionality_Laptop_19-35-30] Checking if the allowedDateParts have the assert text   Within validateDeliveryFilterOptions method
19:35:40 [TestNG-test-Test-3] INFO  verifyingGetItIn2DaysFilterFunctionality_Laptop_19-35-30 - [verifyingGetItIn2DaysFilterFunctionality_Laptop_19-35-30] Within deliveryElements loop iterating over the products  Within validateDeliveryFilterOptions method
19:35:40 [TestNG-test-Test-3] INFO  verifyingGetItIn2DaysFilterFunctionality_Laptop_19-35-30 - [verifyingGetItIn2DaysFilterFunctionality_Laptop_19-35-30] Checking if the allowedDateParts have the assert text   Within validateDeliveryFilterOptions method
19:35:40 [TestNG-test-Test-3] INFO  verifyingGetItIn2DaysFilterFunctionality_Laptop_19-35-30 - [verifyingGetItIn2DaysFilterFunctionality_Laptop_19-35-30] Within deliveryElements loop iterating over the products  Within validateDeliveryFilterOptions method
19:35:40 [TestNG-test-Test-3] INFO  verifyingGetItIn2DaysFilterFunctionality_Laptop_19-35-30 - [verifyingGetItIn2DaysFilterFunctionality_Laptop_19-35-30] Checking if the allowedDateParts have the assert text   Within validateDeliveryFilterOptions method
19:35:40 [TestNG-test-Test-3] INFO  verifyingGetItIn2DaysFilterFunctionality_Laptop_19-35-30 - [verifyingGetItIn2DaysFilterFunctionality_Laptop_19-35-30] Within deliveryElements loop iterating over the products  Within validateDeliveryFilterOptions method
19:35:40 [TestNG-test-Test-3] INFO  verifyingGetItIn2DaysFilterFunctionality_Laptop_19-35-30 - [verifyingGetItIn2DaysFilterFunctionality_Laptop_19-35-30] Checking if the allowedDateParts have the assert text   Within validateDeliveryFilterOptions method
19:35:40 [TestNG-test-Test-3] INFO  verifyingGetItIn2DaysFilterFunctionality_Laptop_19-35-30 - [verifyingGetItIn2DaysFilterFunctionality_Laptop_19-35-30] Within deliveryElements loop iterating over the products  Within validateDeliveryFilterOptions method
19:35:40 [TestNG-test-Test-3] INFO  verifyingGetItIn2DaysFilterFunctionality_Laptop_19-35-30 - [verifyingGetItIn2DaysFilterFunctionality_Laptop_19-35-30] Checking if the allowedDateParts have the assert text   Within validateDeliveryFilterOptions method
19:35:40 [TestNG-test-Test-3] INFO  verifyingGetItIn2DaysFilterFunctionality_Laptop_19-35-30 - [verifyingGetItIn2DaysFilterFunctionality_Laptop_19-35-30] Within deliveryElements loop iterating over the products  Within validateDeliveryFilterOptions method
19:35:40 [TestNG-test-Test-3] INFO  verifyingGetItIn2DaysFilterFunctionality_Laptop_19-35-30 - [verifyingGetItIn2DaysFilterFunctionality_Laptop_19-35-30] Checking if the allowedDateParts have the assert text   Within validateDeliveryFilterOptions method
19:35:40 [TestNG-test-Test-3] INFO  verifyingGetItIn2DaysFilterFunctionality_Laptop_19-35-30 - [verifyingGetItIn2DaysFilterFunctionality_Laptop_19-35-30] Within deliveryElements loop iterating over the products  Within validateDeliveryFilterOptions method
19:35:40 [TestNG-test-Test-3] INFO  verifyingGetItIn2DaysFilterFunctionality_Laptop_19-35-30 - [verifyingGetItIn2DaysFilterFunctionality_Laptop_19-35-30] Checking if the allowedDateParts have the assert text   Within validateDeliveryFilterOptions method
19:35:40 [TestNG-test-Test-3] INFO  verifyingGetItIn2DaysFilterFunctionality_Laptop_19-35-30 - [verifyingGetItIn2DaysFilterFunctionality_Laptop_19-35-30] Within deliveryElements loop iterating over the products  Within validateDeliveryFilterOptions method
19:35:41 [TestNG-test-Test-3] INFO  verifyingGetItIn2DaysFilterFunctionality_Laptop_19-35-30 - [verifyingGetItIn2DaysFilterFunctionality_Laptop_19-35-30] Checking if the allowedDateParts have the assert text   Within validateDeliveryFilterOptions method
19:35:41 [TestNG-test-Test-3] INFO  verifyingGetItIn2DaysFilterFunctionality_Laptop_19-35-30 - [verifyingGetItIn2DaysFilterFunctionality_Laptop_19-35-30] Returning the list with boolean values   Within validateDeliveryFilterOptions method
19:35:41 [TestNG-test-Test-3] INFO  verifyingGetItIn2DaysFilterFunctionality_Laptop_19-35-30 - [verifyingGetItIn2DaysFilterFunctionality_Laptop_19-35-30] Asserting delivery filter: isValid=true, index=-1, text=All the things are valid no errors
