21:04:47 [TestNG-test-Test-3] INFO  verifyingFreeDeliveryFilterFunctionality_Mobile_21-04-47 - No existing WebDriver found for current thread. Initializing a new ChromeDriver...
21:04:47 [TestNG-test-Test-3] INFO  verifyingFreeDeliveryFilterFunctionality_Mobile_21-04-47 - WebDriverManager: chromedriver setup OK
21:04:48 [TestNG-test-Test-3] INFO  verifyingFreeDeliveryFilterFunctionality_Mobile_21-04-47 - ChromeDriver initialized successfully for thread: 36
21:04:49 [TestNG-test-Test-3] INFO  verifyingFreeDeliveryFilterFunctionality_Mobile_21-04-47 - [verifyingFreeDeliveryFilterFunctionality_Mobile_21-04-47] Opening amazon Landing page
21:04:49 [TestNG-test-Test-3] INFO  verifyingFreeDeliveryFilterFunctionality_Mobile_21-04-47 - [verifyingFreeDeliveryFilterFunctionality_Mobile_21-04-47] Within safeFindElement method
21:04:51 [TestNG-test-Test-3] INFO  verifyingFreeDeliveryFilterFunctionality_Mobile_21-04-47 - [verifyingFreeDeliveryFilterFunctionality_Mobile_21-04-47]Found the element returning it ,element ->[[ChromeDriver: chrome on windows (80ac0a55e5c620625c93df2f6fee2d54)] -> xpath: //a[@id='nav-logo-sprites']]
21:04:53 [TestNG-test-Test-3] INFO  verifyingFreeDeliveryFilterFunctionality_Mobile_21-04-47 - [verifyingFreeDeliveryFilterFunctionality_Mobile_21-04-47] Giving input within the search bar
21:04:53 [TestNG-test-Test-3] INFO  verifyingFreeDeliveryFilterFunctionality_Mobile_21-04-47 - [verifyingFreeDeliveryFilterFunctionality_Mobile_21-04-47] Within safeClick method
21:04:56 [TestNG-test-Test-3] INFO  verifyingFreeDeliveryFilterFunctionality_Mobile_21-04-47 - [verifyingFreeDeliveryFilterFunctionality_Mobile_21-04-47] Clicked the  [[ChromeDriver: chrome on windows (80ac0a55e5c620625c93df2f6fee2d54)] -> xpath: //input[@id='nav-search-submit-button']]   using safeClick
21:04:56 [TestNG-test-Test-3] INFO  verifyingFreeDeliveryFilterFunctionality_Mobile_21-04-47 - [verifyingFreeDeliveryFilterFunctionality_Mobile_21-04-47] Clicking on the submit in the search bar
21:04:56 [TestNG-test-Test-3] INFO  verifyingFreeDeliveryFilterFunctionality_Mobile_21-04-47 - [verifyingFreeDeliveryFilterFunctionality_Mobile_21-04-47] Waiting until element is visible in viewport
21:04:56 [TestNG-test-Test-3] INFO  verifyingFreeDeliveryFilterFunctionality_Mobile_21-04-47 - [verifyingFreeDeliveryFilterFunctionality_Mobile_21-04-47] Within validateDeliveryFilterOptionsWithResult method
21:04:56 [TestNG-test-Test-3] INFO  verifyingFreeDeliveryFilterFunctionality_Mobile_21-04-47 - [verifyingFreeDeliveryFilterFunctionality_Mobile_21-04-47] Within safeClick method
21:04:56 [TestNG-test-Test-3] INFO  verifyingFreeDeliveryFilterFunctionality_Mobile_21-04-47 - [verifyingFreeDeliveryFilterFunctionality_Mobile_21-04-47] Clicked the  [[ChromeDriver: chrome on windows (80ac0a55e5c620625c93df2f6fee2d54)] -> xpath: //span[@class='a-size-base a-color-base puis-bold-weight-text' and text()='Eligible for Free Delivery']/parent::div/following-sibling::ul//span[@class='a-size-base a-color-base' and text()='Free Shipping']]   using safeClick
21:04:56 [TestNG-test-Test-3] INFO  verifyingFreeDeliveryFilterFunctionality_Mobile_21-04-47 - [verifyingFreeDeliveryFilterFunctionality_Mobile_21-04-47] Within getMoreButtonByFilterTypeAndName method
21:04:56 [TestNG-test-Test-3] INFO  verifyingFreeDeliveryFilterFunctionality_Mobile_21-04-47 - [verifyingFreeDeliveryFilterFunctionality_Mobile_21-04-47] Clicked on By.xpath: //span[@class='a-size-base a-color-base puis-bold-weight-text' and text()='Eligible for Free Delivery']/parent::div/following-sibling::ul//span[@class='a-size-base a-color-base' and text()='Free Shipping']
21:04:56 [TestNG-test-Test-3] INFO  verifyingFreeDeliveryFilterFunctionality_Mobile_21-04-47 - [verifyingFreeDeliveryFilterFunctionality_Mobile_21-04-47] Within safeFindElements 
21:04:57 [TestNG-test-Test-3] INFO  verifyingFreeDeliveryFilterFunctionality_Mobile_21-04-47 - [verifyingFreeDeliveryFilterFunctionality_Mobile_21-04-47] Returning the  [[[ChromeDriver: chrome on windows (80ac0a55e5c620625c93df2f6fee2d54)] -> xpath: //div[@class='a-section a-spacing-small a-spacing-top-small']], [[ChromeDriver: chrome on windows (80ac0a55e5c620625c93df2f6fee2d54)] -> xpath: //div[@class='a-section a-spacing-small a-spacing-top-small']], [[ChromeDriver: chrome on windows (80ac0a55e5c620625c93df2f6fee2d54)] -> xpath: //div[@class='a-section a-spacing-small a-spacing-top-small']]] from the safeFindElements method
21:04:57 [TestNG-test-Test-3] INFO  verifyingFreeDeliveryFilterFunctionality_Mobile_21-04-47 - [verifyingFreeDeliveryFilterFunctionality_Mobile_21-04-47] Created hashset with required data to assert with Within validateDeliveryFilterOptionsWithResult method
21:04:57 [TestNG-test-Test-3] INFO  verifyingFreeDeliveryFilterFunctionality_Mobile_21-04-47 - [verifyingFreeDeliveryFilterFunctionality_Mobile_21-04-47] this is the set  [Thu, 24, Today, 25, FREE delivery, Fri, Tomorrow, Sep]
21:04:57 [TestNG-test-Test-3] INFO  verifyingFreeDeliveryFilterFunctionality_Mobile_21-04-47 - [verifyingFreeDeliveryFilterFunctionality_Mobile_21-04-47] Within deliveryElements loop iterating over the products  Within validateDeliveryFilterOptionsWithResult method
21:04:57 [TestNG-test-Test-3] INFO  verifyingFreeDeliveryFilterFunctionality_Mobile_21-04-47 - [verifyingFreeDeliveryFilterFunctionality_Mobile_21-04-47] Checking if the allowedDateParts have the assert text — index 0, text: Samsung Galaxy M07 Mobile (Black, 4GB RAM, 64GB Storage) | MediaTek Helio G99 | AnTuTu 624K | IP54| 50MP Camera | 7.6mm Slim | 5000mAh Battery | 25W Fast Charging | 6 Gen OS Upgrades | Without Charger
4.2
(2.5K)
5K+ bought in past month
₹11,999
Up to 5% back with Amazon Pay ICICI card
FREE delivery Sun, 27 Sept
Or fastest delivery Tomorrow 8 am - 12 pm
Add to cart
21:04:57 [TestNG-test-Test-3] INFO  verifyingFreeDeliveryFilterFunctionality_Mobile_21-04-47 - [verifyingFreeDeliveryFilterFunctionality_Mobile_21-04-47] Within deliveryElements loop iterating over the products  Within validateDeliveryFilterOptionsWithResult method
21:04:57 [TestNG-test-Test-3] INFO  verifyingFreeDeliveryFilterFunctionality_Mobile_21-04-47 - [verifyingFreeDeliveryFilterFunctionality_Mobile_21-04-47] Checking if the allowedDateParts have the assert text — index 1, text: iQOO Z10 Lite 5G (Titanium Blue 2026, 4GB RAM, 64GB Storage) | Dimensity 6300 5G Processor | 50MP Sony AI Camera | 6000 mAh Battery | IP64 Rated & Military Grade Shock-Resistance*
4.1
(431)
1K+ bought in past month
Sale Price Live
₹16,997
M.R.P:
₹27,999 (39% off)
FREE delivery Sun, 27 Sept
Or fastest delivery Today 8 am - 12 pm
Add to cart
21:04:57 [TestNG-test-Test-3] INFO  verifyingFreeDeliveryFilterFunctionality_Mobile_21-04-47 - [verifyingFreeDeliveryFilterFunctionality_Mobile_21-04-47] Within deliveryElements loop iterating over the products  Within validateDeliveryFilterOptionsWithResult method
21:04:57 [TestNG-test-Test-3] INFO  verifyingFreeDeliveryFilterFunctionality_Mobile_21-04-47 - [verifyingFreeDeliveryFilterFunctionality_Mobile_21-04-47] Checking if the allowedDateParts have the assert text — index 2, text: Redmi 15C 5G Prime Edition Dusk Purple 6GB + 128GB | Massive 6000mAh Battery | Segment's Largest 17.53cm Display Up to 120Hz | MediaTek Dimensity 6300 | 33W Fast Charging | 50MP AI Dual Camera
4.1
(585)
1K+ bought in past month
Limited time deal
₹19,499
M.R.P:
₹31,999 (39% off)
Up to 5% back with Amazon Pay ICICI card
FREE delivery Sun, 27 Sept
Or fastest delivery Today 8 am - 12 pm
Add to cart
21:04:57 [TestNG-test-Test-3] INFO  verifyingFreeDeliveryFilterFunctionality_Mobile_21-04-47 - [verifyingFreeDeliveryFilterFunctionality_Mobile_21-04-47] Returning the list with boolean values   Within validateDeliveryFilterOptionsWithResult method
21:04:57 [TestNG-test-Test-3] INFO  verifyingFreeDeliveryFilterFunctionality_Mobile_21-04-47 - [verifyingFreeDeliveryFilterFunctionality_Mobile_21-04-47] Asserting delivery filter: isValid=true, index=-1, text=All the things are valid no errors
