19:26:15 [TestNG-test-Test-3] INFO  verifyingFreeDeliveryFilterFunctionality_Mobile_19-26-15 - No existing WebDriver found for current thread. Initializing a new ChromeDriver...
19:26:15 [TestNG-test-Test-3] INFO  verifyingFreeDeliveryFilterFunctionality_Mobile_19-26-15 - WebDriverManager: chromedriver setup OK
19:26:16 [TestNG-test-Test-3] INFO  verifyingFreeDeliveryFilterFunctionality_Mobile_19-26-15 - ChromeDriver initialized successfully for thread: 36
19:26:17 [TestNG-test-Test-3] INFO  verifyingFreeDeliveryFilterFunctionality_Mobile_19-26-15 - [verifyingFreeDeliveryFilterFunctionality_Mobile_19-26-15] Opening amazon Landing page
19:26:17 [TestNG-test-Test-3] INFO  verifyingFreeDeliveryFilterFunctionality_Mobile_19-26-15 - [verifyingFreeDeliveryFilterFunctionality_Mobile_19-26-15] Within safeFindElement method
19:26:22 [TestNG-test-Test-3] INFO  verifyingFreeDeliveryFilterFunctionality_Mobile_19-26-15 - [verifyingFreeDeliveryFilterFunctionality_Mobile_19-26-15]Retrying findElement for: ->By.xpath: //a[@id='nav-logo-sprites']
19:26:22 [TestNG-test-Test-3] INFO  verifyingFreeDeliveryFilterFunctionality_Mobile_19-26-15 - [verifyingFreeDeliveryFilterFunctionality_Mobile_19-26-15]Refrehsing the page , while trying to safely find : ->By.xpath: //a[@id='nav-logo-sprites']
19:26:24 [TestNG-test-Test-3] INFO  verifyingFreeDeliveryFilterFunctionality_Mobile_19-26-15 - [verifyingFreeDeliveryFilterFunctionality_Mobile_19-26-15]Found the element returning it ,element ->[[ChromeDriver: chrome on windows (2bdccfb3c85b4e7e8f817f885c5d6c35)] -> xpath: //a[@id='nav-logo-sprites']]
19:26:24 [TestNG-test-Test-3] INFO  verifyingFreeDeliveryFilterFunctionality_Mobile_19-26-15 - [verifyingFreeDeliveryFilterFunctionality_Mobile_19-26-15] Giving input within the search bar
19:26:24 [TestNG-test-Test-3] INFO  verifyingFreeDeliveryFilterFunctionality_Mobile_19-26-15 - [verifyingFreeDeliveryFilterFunctionality_Mobile_19-26-15] Within safeClick method
19:26:27 [TestNG-test-Test-3] INFO  verifyingFreeDeliveryFilterFunctionality_Mobile_19-26-15 - [verifyingFreeDeliveryFilterFunctionality_Mobile_19-26-15] Clicked the  [[ChromeDriver: chrome on windows (2bdccfb3c85b4e7e8f817f885c5d6c35)] -> xpath: //input[@id='nav-search-submit-button']]   using safeClick
19:26:27 [TestNG-test-Test-3] INFO  verifyingFreeDeliveryFilterFunctionality_Mobile_19-26-15 - [verifyingFreeDeliveryFilterFunctionality_Mobile_19-26-15] Clicking on the submit in the search bar
19:26:27 [TestNG-test-Test-3] INFO  verifyingFreeDeliveryFilterFunctionality_Mobile_19-26-15 - [verifyingFreeDeliveryFilterFunctionality_Mobile_19-26-15] Waiting until element is visible in viewport
19:26:28 [TestNG-test-Test-3] INFO  verifyingFreeDeliveryFilterFunctionality_Mobile_19-26-15 - [verifyingFreeDeliveryFilterFunctionality_Mobile_19-26-15] Within validateDeliveryFilterOptionsWithResult method
19:26:28 [TestNG-test-Test-3] INFO  verifyingFreeDeliveryFilterFunctionality_Mobile_19-26-15 - [verifyingFreeDeliveryFilterFunctionality_Mobile_19-26-15] Within safeClick method
19:26:28 [TestNG-test-Test-3] INFO  verifyingFreeDeliveryFilterFunctionality_Mobile_19-26-15 - [verifyingFreeDeliveryFilterFunctionality_Mobile_19-26-15] Clicked the  [[ChromeDriver: chrome on windows (2bdccfb3c85b4e7e8f817f885c5d6c35)] -> xpath: //span[@class='a-size-base a-color-base puis-bold-weight-text' and text()='Eligible for Free Delivery']/parent::div/following-sibling::ul//span[@class='a-size-base a-color-base' and text()='Free Shipping']]   using safeClick
19:26:28 [TestNG-test-Test-3] INFO  verifyingFreeDeliveryFilterFunctionality_Mobile_19-26-15 - [verifyingFreeDeliveryFilterFunctionality_Mobile_19-26-15] Within getMoreButtonByFilterTypeAndName method
19:26:28 [TestNG-test-Test-3] INFO  verifyingFreeDeliveryFilterFunctionality_Mobile_19-26-15 - [verifyingFreeDeliveryFilterFunctionality_Mobile_19-26-15] Clicked on By.xpath: //span[@class='a-size-base a-color-base puis-bold-weight-text' and text()='Eligible for Free Delivery']/parent::div/following-sibling::ul//span[@class='a-size-base a-color-base' and text()='Free Shipping']
19:26:28 [TestNG-test-Test-3] INFO  verifyingFreeDeliveryFilterFunctionality_Mobile_19-26-15 - [verifyingFreeDeliveryFilterFunctionality_Mobile_19-26-15] Within safeFindElements 
19:26:29 [TestNG-test-Test-3] INFO  verifyingFreeDeliveryFilterFunctionality_Mobile_19-26-15 - [verifyingFreeDeliveryFilterFunctionality_Mobile_19-26-15] Returning the  [[[ChromeDriver: chrome on windows (2bdccfb3c85b4e7e8f817f885c5d6c35)] -> xpath: //div[@class='a-section a-spacing-small a-spacing-top-small']], [[ChromeDriver: chrome on windows (2bdccfb3c85b4e7e8f817f885c5d6c35)] -> xpath: //div[@class='a-section a-spacing-small a-spacing-top-small']], [[ChromeDriver: chrome on windows (2bdccfb3c85b4e7e8f817f885c5d6c35)] -> xpath: //div[@class='a-section a-spacing-small a-spacing-top-small']], [[ChromeDriver: chrome on windows (2bdccfb3c85b4e7e8f817f885c5d6c35)] -> xpath: //div[@class='a-section a-spacing-small a-spacing-top-small']], [[ChromeDriver: chrome on windows (2bdccfb3c85b4e7e8f817f885c5d6c35)] -> xpath: //div[@class='a-section a-spacing-small a-spacing-top-small']], [[ChromeDriver: chrome on windows (2bdccfb3c85b4e7e8f817f885c5d6c35)] -> xpath: //div[@class='a-section a-spacing-small a-spacing-top-small']], [[ChromeDriver: chrome on windows (2bdccfb3c85b4e7e8f817f885c5d6c35)] -> xpath: //div[@class='a-section a-spacing-small a-spacing-top-small']], [[ChromeDriver: chrome on windows (2bdccfb3c85b4e7e8f817f885c5d6c35)] -> xpath: //div[@class='a-section a-spacing-small a-spacing-top-small']], [[ChromeDriver: chrome on windows (2bdccfb3c85b4e7e8f817f885c5d6c35)] -> xpath: //div[@class='a-section a-spacing-small a-spacing-top-small']], [[ChromeDriver: chrome on windows (2bdccfb3c85b4e7e8f817f885c5d6c35)] -> xpath: //div[@class='a-section a-spacing-small a-spacing-top-small']], [[ChromeDriver: chrome on windows (2bdccfb3c85b4e7e8f817f885c5d6c35)] -> xpath: //div[@class='a-section a-spacing-small a-spacing-top-small']], [[ChromeDriver: chrome on windows (2bdccfb3c85b4e7e8f817f885c5d6c35)] -> xpath: //div[@class='a-section a-spacing-small a-spacing-top-small']], [[ChromeDriver: chrome on windows (2bdccfb3c85b4e7e8f817f885c5d6c35)] -> xpath: //div[@class='a-section a-spacing-small a-spacing-top-small']], [[ChromeDriver: chrome on windows (2bdccfb3c85b4e7e8f817f885c5d6c35)] -> xpath: //div[@class='a-section a-spacing-small a-spacing-top-small']], [[ChromeDriver: chrome on windows (2bdccfb3c85b4e7e8f817f885c5d6c35)] -> xpath: //div[@class='a-section a-spacing-small a-spacing-top-small']], [[ChromeDriver: chrome on windows (2bdccfb3c85b4e7e8f817f885c5d6c35)] -> xpath: //div[@class='a-section a-spacing-small a-spacing-top-small']]] from the safeFindElements method
19:26:29 [TestNG-test-Test-3] INFO  verifyingFreeDeliveryFilterFunctionality_Mobile_19-26-15 - [verifyingFreeDeliveryFilterFunctionality_Mobile_19-26-15] Created hashset with required data to assert with Within validateDeliveryFilterOptions method
19:26:29 [TestNG-test-Test-3] INFO  verifyingFreeDeliveryFilterFunctionality_Mobile_19-26-15 - [verifyingFreeDeliveryFilterFunctionality_Mobile_19-26-15] this is the set  [Jul, Today, 04, 05, FREE delivery, Sat, Sun, Tomorrow]
19:26:29 [TestNG-test-Test-3] INFO  verifyingFreeDeliveryFilterFunctionality_Mobile_19-26-15 - [verifyingFreeDeliveryFilterFunctionality_Mobile_19-26-15] Within deliveryElements loop iterating over the products  Within validateDeliveryFilterOptions method
19:26:29 [TestNG-test-Test-3] INFO  verifyingFreeDeliveryFilterFunctionality_Mobile_19-26-15 - [verifyingFreeDeliveryFilterFunctionality_Mobile_19-26-15] Checking if the allowedDateParts have the assert text   Within validateDeliveryFilterOptions method
19:26:29 [TestNG-test-Test-3] INFO  verifyingFreeDeliveryFilterFunctionality_Mobile_19-26-15 - [verifyingFreeDeliveryFilterFunctionality_Mobile_19-26-15] Within deliveryElements loop iterating over the products  Within validateDeliveryFilterOptions method
19:26:29 [TestNG-test-Test-3] INFO  verifyingFreeDeliveryFilterFunctionality_Mobile_19-26-15 - [verifyingFreeDeliveryFilterFunctionality_Mobile_19-26-15] Checking if the allowedDateParts have the assert text   Within validateDeliveryFilterOptions method
19:26:29 [TestNG-test-Test-3] INFO  verifyingFreeDeliveryFilterFunctionality_Mobile_19-26-15 - [verifyingFreeDeliveryFilterFunctionality_Mobile_19-26-15] Within deliveryElements loop iterating over the products  Within validateDeliveryFilterOptions method
19:26:29 [TestNG-test-Test-3] INFO  verifyingFreeDeliveryFilterFunctionality_Mobile_19-26-15 - [verifyingFreeDeliveryFilterFunctionality_Mobile_19-26-15] Checking if the allowedDateParts have the assert text   Within validateDeliveryFilterOptions method
19:26:29 [TestNG-test-Test-3] INFO  verifyingFreeDeliveryFilterFunctionality_Mobile_19-26-15 - [verifyingFreeDeliveryFilterFunctionality_Mobile_19-26-15] Within deliveryElements loop iterating over the products  Within validateDeliveryFilterOptions method
19:26:29 [TestNG-test-Test-3] INFO  verifyingFreeDeliveryFilterFunctionality_Mobile_19-26-15 - [verifyingFreeDeliveryFilterFunctionality_Mobile_19-26-15] Checking if the allowedDateParts have the assert text   Within validateDeliveryFilterOptions method
19:26:29 [TestNG-test-Test-3] INFO  verifyingFreeDeliveryFilterFunctionality_Mobile_19-26-15 - [verifyingFreeDeliveryFilterFunctionality_Mobile_19-26-15] Within deliveryElements loop iterating over the products  Within validateDeliveryFilterOptions method
19:26:29 [TestNG-test-Test-3] INFO  verifyingFreeDeliveryFilterFunctionality_Mobile_19-26-15 - [verifyingFreeDeliveryFilterFunctionality_Mobile_19-26-15] Checking if the allowedDateParts have the assert text   Within validateDeliveryFilterOptions method
19:26:29 [TestNG-test-Test-3] INFO  verifyingFreeDeliveryFilterFunctionality_Mobile_19-26-15 - [verifyingFreeDeliveryFilterFunctionality_Mobile_19-26-15] Within deliveryElements loop iterating over the products  Within validateDeliveryFilterOptions method
19:26:29 [TestNG-test-Test-3] INFO  verifyingFreeDeliveryFilterFunctionality_Mobile_19-26-15 - [verifyingFreeDeliveryFilterFunctionality_Mobile_19-26-15] Checking if the allowedDateParts have the assert text   Within validateDeliveryFilterOptions method
19:26:29 [TestNG-test-Test-3] INFO  verifyingFreeDeliveryFilterFunctionality_Mobile_19-26-15 - [verifyingFreeDeliveryFilterFunctionality_Mobile_19-26-15] Within deliveryElements loop iterating over the products  Within validateDeliveryFilterOptions method
19:26:29 [TestNG-test-Test-3] INFO  verifyingFreeDeliveryFilterFunctionality_Mobile_19-26-15 - [verifyingFreeDeliveryFilterFunctionality_Mobile_19-26-15] Checking if the allowedDateParts have the assert text   Within validateDeliveryFilterOptions method
19:26:29 [TestNG-test-Test-3] INFO  verifyingFreeDeliveryFilterFunctionality_Mobile_19-26-15 - [verifyingFreeDeliveryFilterFunctionality_Mobile_19-26-15] Within deliveryElements loop iterating over the products  Within validateDeliveryFilterOptions method
19:26:30 [TestNG-test-Test-3] INFO  verifyingFreeDeliveryFilterFunctionality_Mobile_19-26-15 - [verifyingFreeDeliveryFilterFunctionality_Mobile_19-26-15] Assert text not found wihtin AllowedDateParts
19:26:30 [TestNG-test-Test-3] INFO  verifyingFreeDeliveryFilterFunctionality_Mobile_19-26-15 - [verifyingFreeDeliveryFilterFunctionality_Mobile_19-26-15] Asserting delivery filter: isValid=false, index=7, text=OnePlus Nord CE6 Lite | 6GB+128GB | Hyper Black | Segment's Fastest Dimensity 7400 Apex Processor | 7000mAh Battery | Segment's Highest 144Hz Refresh Rate | 50MP Main Camera, 4K Video Recording
4.3
(923)
5K+ bought in past month
Prime Day Deal
₹24,999
M.R.P.:
₹31,999 (22% off)
Up to 5% back with Amazon Pay ICI...
See options
