21:07:29 [TestNG-test-Test-1] INFO  verifyingGetItIn2DaysFilterFunctionality_Tablet_21-07-29 - No existing WebDriver found for current thread. Initializing a new ChromeDriver...
21:07:29 [TestNG-test-Test-1] INFO  verifyingGetItIn2DaysFilterFunctionality_Tablet_21-07-29 - WebDriverManager: chromedriver setup OK
21:07:32 [TestNG-test-Test-1] INFO  verifyingGetItIn2DaysFilterFunctionality_Tablet_21-07-29 - ChromeDriver initialized successfully for thread: 34
21:07:36 [TestNG-test-Test-1] INFO  verifyingGetItIn2DaysFilterFunctionality_Tablet_21-07-29 - [verifyingGetItIn2DaysFilterFunctionality_Tablet_21-07-29] Opening amazon Landing page
21:07:36 [TestNG-test-Test-1] INFO  verifyingGetItIn2DaysFilterFunctionality_Tablet_21-07-29 - [verifyingGetItIn2DaysFilterFunctionality_Tablet_21-07-29] Within safeFindElement method
21:07:36 [TestNG-test-Test-1] INFO  verifyingGetItIn2DaysFilterFunctionality_Tablet_21-07-29 - [verifyingGetItIn2DaysFilterFunctionality_Tablet_21-07-29]Found the element returning it ,element ->[[ChromeDriver: chrome on windows (ffd717a23182fcde8195e2feb618788d)] -> xpath: //a[@id='nav-logo-sprites']]
21:07:37 [TestNG-test-Test-1] INFO  verifyingGetItIn2DaysFilterFunctionality_Tablet_21-07-29 - [verifyingGetItIn2DaysFilterFunctionality_Tablet_21-07-29] Giving input within the search bar
21:07:37 [TestNG-test-Test-1] INFO  verifyingGetItIn2DaysFilterFunctionality_Tablet_21-07-29 - [verifyingGetItIn2DaysFilterFunctionality_Tablet_21-07-29] Within safeClick method
21:07:45 [TestNG-test-Test-1] INFO  verifyingGetItIn2DaysFilterFunctionality_Tablet_21-07-29 - [verifyingGetItIn2DaysFilterFunctionality_Tablet_21-07-29] Clicked the  [[ChromeDriver: chrome on windows (ffd717a23182fcde8195e2feb618788d)] -> xpath: //input[@id='nav-search-submit-button']]   using safeClick
21:07:45 [TestNG-test-Test-1] INFO  verifyingGetItIn2DaysFilterFunctionality_Tablet_21-07-29 - [verifyingGetItIn2DaysFilterFunctionality_Tablet_21-07-29] Clicking on the submit in the search bar
21:07:45 [TestNG-test-Test-1] INFO  verifyingGetItIn2DaysFilterFunctionality_Tablet_21-07-29 - [verifyingGetItIn2DaysFilterFunctionality_Tablet_21-07-29] Waiting until element is visible in viewport
21:07:45 [TestNG-test-Test-1] INFO  verifyingGetItIn2DaysFilterFunctionality_Tablet_21-07-29 - [verifyingGetItIn2DaysFilterFunctionality_Tablet_21-07-29] Within validateDeliveryFilterOptionsWithResult method
21:07:45 [TestNG-test-Test-1] INFO  verifyingGetItIn2DaysFilterFunctionality_Tablet_21-07-29 - [verifyingGetItIn2DaysFilterFunctionality_Tablet_21-07-29] Within safeClick method
21:07:46 [TestNG-test-Test-1] INFO  verifyingGetItIn2DaysFilterFunctionality_Tablet_21-07-29 - [verifyingGetItIn2DaysFilterFunctionality_Tablet_21-07-29] Clicked the  [[ChromeDriver: chrome on windows (ffd717a23182fcde8195e2feb618788d)] -> xpath: //span[@class='a-size-base a-color-base puis-bold-weight-text' and text()='Delivery Day']/parent::div/following-sibling::ul//span[@class='a-size-base a-color-base' and text()='Get It in 2 Days']]   using safeClick
21:07:46 [TestNG-test-Test-1] INFO  verifyingGetItIn2DaysFilterFunctionality_Tablet_21-07-29 - [verifyingGetItIn2DaysFilterFunctionality_Tablet_21-07-29] Within getMoreButtonByFilterTypeAndName method
21:07:46 [TestNG-test-Test-1] INFO  verifyingGetItIn2DaysFilterFunctionality_Tablet_21-07-29 - [verifyingGetItIn2DaysFilterFunctionality_Tablet_21-07-29] Clicked on By.xpath: //span[@class='a-size-base a-color-base puis-bold-weight-text' and text()='Delivery Day']/parent::div/following-sibling::ul//span[@class='a-size-base a-color-base' and text()='Get It in 2 Days']
21:07:46 [TestNG-test-Test-1] INFO  verifyingGetItIn2DaysFilterFunctionality_Tablet_21-07-29 - [verifyingGetItIn2DaysFilterFunctionality_Tablet_21-07-29] Within safeFindElements 
21:07:47 [TestNG-test-Test-1] INFO  verifyingGetItIn2DaysFilterFunctionality_Tablet_21-07-29 - [verifyingGetItIn2DaysFilterFunctionality_Tablet_21-07-29] Returning the  [[[ChromeDriver: chrome on windows (ffd717a23182fcde8195e2feb618788d)] -> xpath: //div[@class='a-section a-spacing-small a-spacing-top-small']], [[ChromeDriver: chrome on windows (ffd717a23182fcde8195e2feb618788d)] -> xpath: //div[@class='a-section a-spacing-small a-spacing-top-small']], [[ChromeDriver: chrome on windows (ffd717a23182fcde8195e2feb618788d)] -> xpath: //div[@class='a-section a-spacing-small a-spacing-top-small']], [[ChromeDriver: chrome on windows (ffd717a23182fcde8195e2feb618788d)] -> xpath: //div[@class='a-section a-spacing-small a-spacing-top-small']], [[ChromeDriver: chrome on windows (ffd717a23182fcde8195e2feb618788d)] -> xpath: //div[@class='a-section a-spacing-small a-spacing-top-small']], [[ChromeDriver: chrome on windows (ffd717a23182fcde8195e2feb618788d)] -> xpath: //div[@class='a-section a-spacing-small a-spacing-top-small']], [[ChromeDriver: chrome on windows (ffd717a23182fcde8195e2feb618788d)] -> xpath: //div[@class='a-section a-spacing-small a-spacing-top-small']], [[ChromeDriver: chrome on windows (ffd717a23182fcde8195e2feb618788d)] -> xpath: //div[@class='a-section a-spacing-small a-spacing-top-small']], [[ChromeDriver: chrome on windows (ffd717a23182fcde8195e2feb618788d)] -> xpath: //div[@class='a-section a-spacing-small a-spacing-top-small']], [[ChromeDriver: chrome on windows (ffd717a23182fcde8195e2feb618788d)] -> xpath: //div[@class='a-section a-spacing-small a-spacing-top-small']], [[ChromeDriver: chrome on windows (ffd717a23182fcde8195e2feb618788d)] -> xpath: //div[@class='a-section a-spacing-small a-spacing-top-small']], [[ChromeDriver: chrome on windows (ffd717a23182fcde8195e2feb618788d)] -> xpath: //div[@class='a-section a-spacing-small a-spacing-top-small']], [[ChromeDriver: chrome on windows (ffd717a23182fcde8195e2feb618788d)] -> xpath: //div[@class='a-section a-spacing-small a-spacing-top-small']], [[ChromeDriver: chrome on windows (ffd717a23182fcde8195e2feb618788d)] -> xpath: //div[@class='a-section a-spacing-small a-spacing-top-small']], [[ChromeDriver: chrome on windows (ffd717a23182fcde8195e2feb618788d)] -> xpath: //div[@class='a-section a-spacing-small a-spacing-top-small']], [[ChromeDriver: chrome on windows (ffd717a23182fcde8195e2feb618788d)] -> xpath: //div[@class='a-section a-spacing-small a-spacing-top-small']], [[ChromeDriver: chrome on windows (ffd717a23182fcde8195e2feb618788d)] -> xpath: //div[@class='a-section a-spacing-small a-spacing-top-small']], [[ChromeDriver: chrome on windows (ffd717a23182fcde8195e2feb618788d)] -> xpath: //div[@class='a-section a-spacing-small a-spacing-top-small']], [[ChromeDriver: chrome on windows (ffd717a23182fcde8195e2feb618788d)] -> xpath: //div[@class='a-section a-spacing-small a-spacing-top-small']]] from the safeFindElements method
21:07:47 [TestNG-test-Test-1] INFO  verifyingGetItIn2DaysFilterFunctionality_Tablet_21-07-29 - [verifyingGetItIn2DaysFilterFunctionality_Tablet_21-07-29] Created hashset with required data to assert with Within validateDeliveryFilterOptionsWithResult method
21:07:47 [TestNG-test-Test-1] INFO  verifyingGetItIn2DaysFilterFunctionality_Tablet_21-07-29 - [verifyingGetItIn2DaysFilterFunctionality_Tablet_21-07-29] this is the set  [Today, 25, 26, FREE delivery, Sat, Fri, Tomorrow, Sep]
21:07:47 [TestNG-test-Test-1] INFO  verifyingGetItIn2DaysFilterFunctionality_Tablet_21-07-29 - [verifyingGetItIn2DaysFilterFunctionality_Tablet_21-07-29] Within deliveryElements loop iterating over the products  Within validateDeliveryFilterOptionsWithResult method
21:07:47 [TestNG-test-Test-1] INFO  verifyingGetItIn2DaysFilterFunctionality_Tablet_21-07-29 - [verifyingGetItIn2DaysFilterFunctionality_Tablet_21-07-29] Checking if the allowedDateParts have the assert text — index 0, text: Sponsored
Samsung Galaxy Tab A11+ [Smartchoice], 11-inch (27.82 CM), LCD Display, 6GB RAM, 128GB ROM, Wi-Fi, Quad Speakers, Dolby Atmos, Gray, AI Enabled
4.4
(253)
400+ bought in past month
₹25,999
M.R.P:
₹27,999 (7% off)
Up to 5% back with Amazon Pay ICI...
FREE delivery Mon, 28 Sept
Or fastest delivery Today 4 pm - 8 pm
Add to cart
+1 other color/pattern
21:07:47 [TestNG-test-Test-1] INFO  verifyingGetItIn2DaysFilterFunctionality_Tablet_21-07-29 - [verifyingGetItIn2DaysFilterFunctionality_Tablet_21-07-29] Within deliveryElements loop iterating over the products  Within validateDeliveryFilterOptionsWithResult method
21:07:47 [TestNG-test-Test-1] INFO  verifyingGetItIn2DaysFilterFunctionality_Tablet_21-07-29 - [verifyingGetItIn2DaysFilterFunctionality_Tablet_21-07-29] Checking if the allowedDateParts have the assert text — index 1, text: Sponsored
Samsung Galaxy Tab S10 Lite [Smartchoice], 10.9-inch (27.7 CM), LCD Display, 6GB RAM, 128GB ROM, Wi-Fi+5G, Dual Speakers, S Pen, Silver, AI Enabled
4.5
(267)
100+ bought in past month
₹38,999
M.R.P:
₹41,999 (7% off)
Save extra with No Cost EMI
FREE delivery Mon, 28 Sept
Or fastest delivery Today 4 pm - 8 pm
Add to cart
+2 other colors/patterns
21:07:47 [TestNG-test-Test-1] INFO  verifyingGetItIn2DaysFilterFunctionality_Tablet_21-07-29 - [verifyingGetItIn2DaysFilterFunctionality_Tablet_21-07-29] Within deliveryElements loop iterating over the products  Within validateDeliveryFilterOptionsWithResult method
21:07:47 [TestNG-test-Test-1] INFO  verifyingGetItIn2DaysFilterFunctionality_Tablet_21-07-29 - [verifyingGetItIn2DaysFilterFunctionality_Tablet_21-07-29] Checking if the allowedDateParts have the assert text — index 2, text: Lenovo Tab (Smartchoice) | 10.1 Inch Display| Wi-Fi Only| 4 GB RAM + 64 GB ROM (Expandable up to 1 TB)| Metal Body| Dual Speakers with Dolby Atmos| Android 14| Color: Polar Blue
4.2
(645)
300+ bought in past month
₹16,148
M.R.P:
₹18,000 (10% off)
Up to 5% back with Amazon Pay ICI...
FREE delivery Mon, 28 Sept
Or fastest delivery Today 4 pm - 8 pm
Add to cart
21:07:47 [TestNG-test-Test-1] INFO  verifyingGetItIn2DaysFilterFunctionality_Tablet_21-07-29 - [verifyingGetItIn2DaysFilterFunctionality_Tablet_21-07-29] Within deliveryElements loop iterating over the products  Within validateDeliveryFilterOptionsWithResult method
21:07:47 [TestNG-test-Test-1] INFO  verifyingGetItIn2DaysFilterFunctionality_Tablet_21-07-29 - [verifyingGetItIn2DaysFilterFunctionality_Tablet_21-07-29] Checking if the allowedDateParts have the assert text — index 3, text: Samsung Galaxy Tab A11+ [Smartchoice], 11-inch (27.82 CM), LCD Display, 6GB RAM, 128GB ROM, Wi-Fi, Quad Speakers, Dolby Atmos, Gray, AI Enabled
4.4
(253)
400+ bought in past month
₹25,999
M.R.P:
₹27,999 (7% off)
Up to 5% back with Amazon Pay ICI...
FREE delivery Mon, 28 Sept
Or fastest delivery Today 4 pm - 8 pm
Add to cart
21:07:47 [TestNG-test-Test-1] INFO  verifyingGetItIn2DaysFilterFunctionality_Tablet_21-07-29 - [verifyingGetItIn2DaysFilterFunctionality_Tablet_21-07-29] Within deliveryElements loop iterating over the products  Within validateDeliveryFilterOptionsWithResult method
21:07:47 [TestNG-test-Test-1] INFO  verifyingGetItIn2DaysFilterFunctionality_Tablet_21-07-29 - [verifyingGetItIn2DaysFilterFunctionality_Tablet_21-07-29] Checking if the allowedDateParts have the assert text — index 4, text: Sponsored
HP Omnipad 12 with Detachable Keyboard, Touchscreen, 12''/30.38cm, 2K, 400 nits, 90Hz, 8GB LPDDR5, 128GB UFS, WiFi 6E, DTS Quad Speakers, Upto 18 Hours Battery, Blue, Lightweight Tablet
3.5
(8)
₹48,990
M.R.P:
₹76,987 (36% off)
Up to 5% back with Amazon Pay ICI...
FREE delivery Mon, 28 Sept
Or fastest delivery Tomorrow 8 am - 12 pm
Add to cart
+1 other color/pattern
21:07:47 [TestNG-test-Test-1] INFO  verifyingGetItIn2DaysFilterFunctionality_Tablet_21-07-29 - [verifyingGetItIn2DaysFilterFunctionality_Tablet_21-07-29] Within deliveryElements loop iterating over the products  Within validateDeliveryFilterOptionsWithResult method
21:07:47 [TestNG-test-Test-1] INFO  verifyingGetItIn2DaysFilterFunctionality_Tablet_21-07-29 - [verifyingGetItIn2DaysFilterFunctionality_Tablet_21-07-29] Checking if the allowedDateParts have the assert text — index 5, text: Redmi Pad 2, 11-inch (27.94 CM), LCD Display - 2.5K Sharp & Clear, 6GB RAM, 128GB ROM, Wi-Fi + Cellular (4G), Quad Speakers, Dolby Atmos, Sky Blue, AI Enabled
4.3
(899)
300+ bought in past month
₹23,999
M.R.P:
₹30,999 (23% off)
Up to 5% back with Amazon Pay ICI...
FREE delivery Mon, 28 Sept
Or fastest delivery Today 4 pm - 8 pm
Add to cart
21:07:47 [TestNG-test-Test-1] INFO  verifyingGetItIn2DaysFilterFunctionality_Tablet_21-07-29 - [verifyingGetItIn2DaysFilterFunctionality_Tablet_21-07-29] Within deliveryElements loop iterating over the products  Within validateDeliveryFilterOptionsWithResult method
21:07:47 [TestNG-test-Test-1] INFO  verifyingGetItIn2DaysFilterFunctionality_Tablet_21-07-29 - [verifyingGetItIn2DaysFilterFunctionality_Tablet_21-07-29] Checking if the allowedDateParts have the assert text — index 6, text: OnePlus Pad 2 (12.1 Inch),12GB RAM, 256GB Storage Snapdragon 8 Gen 3,144Hz Refresh Rate, 6 Speakers, 3K 12.1 Display, AI Features, 9610 mAh Battery, Wi-Fi with Cellular Data Sharing [Nimbus Gray]
4.4
(835)
1K+ bought in past month
Sale Price Live
₹31,999
M.R.P:
₹47,999 (33% off)
Up to 5% back with Amazon Pay ICI...
FREE delivery Mon, 28 Sept
Or fastest delivery Today 4 pm - 8 pm
Add to cart
21:07:47 [TestNG-test-Test-1] INFO  verifyingGetItIn2DaysFilterFunctionality_Tablet_21-07-29 - [verifyingGetItIn2DaysFilterFunctionality_Tablet_21-07-29] Within deliveryElements loop iterating over the products  Within validateDeliveryFilterOptionsWithResult method
21:07:47 [TestNG-test-Test-1] INFO  verifyingGetItIn2DaysFilterFunctionality_Tablet_21-07-29 - [verifyingGetItIn2DaysFilterFunctionality_Tablet_21-07-29] Checking if the allowedDateParts have the assert text — index 7, text: Lenovo Idea Tab Smartchoice |11-inch 2.5K Clear Display, 90Hz Refresh Rate, 8GB RAM, 256GB ROM| MediaTek Dimensity 6300| 7040mAh Battery|4 Speakers| USB-C |Wi-Fi |AI-Enabled, Dolby Atmos, Luna Grey
4.4
(375)
200+ bought in past month
₹24,000
Up to 5% back with Amazon Pay ICI...
FREE delivery Mon, 28 Sept
Or fastest delivery Today 4 pm - 8 pm
Add to cart
21:07:47 [TestNG-test-Test-1] INFO  verifyingGetItIn2DaysFilterFunctionality_Tablet_21-07-29 - [verifyingGetItIn2DaysFilterFunctionality_Tablet_21-07-29] Within deliveryElements loop iterating over the products  Within validateDeliveryFilterOptionsWithResult method
21:07:47 [TestNG-test-Test-1] INFO  verifyingGetItIn2DaysFilterFunctionality_Tablet_21-07-29 - [verifyingGetItIn2DaysFilterFunctionality_Tablet_21-07-29] Checking if the allowedDateParts have the assert text — index 8, text: Samsung Galaxy Tab S10 Lite [Smartchoice], 10.9-inch (27.7 CM), LCD Display, 6GB RAM, 128GB ROM, Wi-Fi, Dual Speakers, S Pen, Gray, AI Enabled
4.6
(460)
400+ bought in past month
₹35,999
M.R.P:
₹57,999 (38% off)
Save extra with No Cost EMI
FREE delivery Mon, 28 Sept
Or fastest delivery Today 4 pm - 8 pm
Add to cart
21:07:47 [TestNG-test-Test-1] INFO  verifyingGetItIn2DaysFilterFunctionality_Tablet_21-07-29 - [verifyingGetItIn2DaysFilterFunctionality_Tablet_21-07-29] Within deliveryElements loop iterating over the products  Within validateDeliveryFilterOptionsWithResult method
21:07:47 [TestNG-test-Test-1] INFO  verifyingGetItIn2DaysFilterFunctionality_Tablet_21-07-29 - [verifyingGetItIn2DaysFilterFunctionality_Tablet_21-07-29] Checking if the allowedDateParts have the assert text — index 9, text: Lenovo Idea Tab (Smartchoice) with Folio Keyboard + Tab Pen | Wi-Fi + 5G |11" Display, 2.5K Resolution, 90Hz Refresh|8GB RAM, 256GB ROM| MediaTek Dimensity 6300| 7040mAh|4 Speakers| USB-C| Luna Grey
4.3
(66)
400+ bought in past month
₹34,199
M.R.P:
₹52,000 (34% off)
Up to 5% back with Amazon Pay ICI...
FREE delivery Mon, 28 Sept
Or fastest delivery Today 4 pm - 8 pm
Add to cart
21:07:47 [TestNG-test-Test-1] INFO  verifyingGetItIn2DaysFilterFunctionality_Tablet_21-07-29 - [verifyingGetItIn2DaysFilterFunctionality_Tablet_21-07-29] Within deliveryElements loop iterating over the products  Within validateDeliveryFilterOptionsWithResult method
21:07:47 [TestNG-test-Test-1] INFO  verifyingGetItIn2DaysFilterFunctionality_Tablet_21-07-29 - [verifyingGetItIn2DaysFilterFunctionality_Tablet_21-07-29] Checking if the allowedDateParts have the assert text — index 10, text: Lenovo Idea Tab Plus with Pen |Wifi +5G |12.1" 2.5K Display, 800nits Peak Brightness |8GB RAM + 256GB ROM (Expandable upto 2TB)| MediaTek Dimensity 6400| 10200mAh|4 Speakers with Dolby Atmos|Luna Grey
4.2
(112)
50+ bought in past month
₹33,299
M.R.P:
₹41,000 (19% off)
Up to 5% back with Amazon Pay ICI...
FREE delivery Mon, 28 Sept
Or fastest delivery Today 4 pm - 8 pm
Add to cart
21:07:47 [TestNG-test-Test-1] INFO  verifyingGetItIn2DaysFilterFunctionality_Tablet_21-07-29 - [verifyingGetItIn2DaysFilterFunctionality_Tablet_21-07-29] Within deliveryElements loop iterating over the products  Within validateDeliveryFilterOptionsWithResult method
21:07:47 [TestNG-test-Test-1] INFO  verifyingGetItIn2DaysFilterFunctionality_Tablet_21-07-29 - [verifyingGetItIn2DaysFilterFunctionality_Tablet_21-07-29] Checking if the allowedDateParts have the assert text — index 11, text: Apple iPad 11″: A16 chip, 27.69 cm (11″) Model, Liquid Retina Display, 128GB, Wi-Fi 6, 12MP Front/12MP Back Camera, Touch ID, All-Day Battery Life — Yellow
4.6
(1.1K)
200+ bought in past month
₹49,900
Up to 5% back with Amazon Pay ICI...
FREE delivery Mon, 28 Sept
Or fastest delivery Today 4 pm - 8 pm
Add to cart
21:07:47 [TestNG-test-Test-1] INFO  verifyingGetItIn2DaysFilterFunctionality_Tablet_21-07-29 - [verifyingGetItIn2DaysFilterFunctionality_Tablet_21-07-29] Within deliveryElements loop iterating over the products  Within validateDeliveryFilterOptionsWithResult method
21:07:47 [TestNG-test-Test-1] INFO  verifyingGetItIn2DaysFilterFunctionality_Tablet_21-07-29 - [verifyingGetItIn2DaysFilterFunctionality_Tablet_21-07-29] Checking if the allowedDateParts have the assert text — index 12, text: OnePlus,Pad Lite, 11-inch (27.94 CM CM), LCD, 8GB RAM, 128GB ROM, WiFi + LTE, Quad Speakers, 9340mAh Battery, Aero Blue, Not AI Enabled
4.4
(886)
400+ bought in past month
₹26,999
M.R.P:
₹29,999 (10% off)
Up to 5% back with Amazon Pay ICI...
FREE delivery Mon, 28 Sept
Or fastest delivery Today 4 pm - 8 pm
Add to cart
21:07:47 [TestNG-test-Test-1] INFO  verifyingGetItIn2DaysFilterFunctionality_Tablet_21-07-29 - [verifyingGetItIn2DaysFilterFunctionality_Tablet_21-07-29] Within deliveryElements loop iterating over the products  Within validateDeliveryFilterOptionsWithResult method
21:07:47 [TestNG-test-Test-1] INFO  verifyingGetItIn2DaysFilterFunctionality_Tablet_21-07-29 - [verifyingGetItIn2DaysFilterFunctionality_Tablet_21-07-29] Checking if the allowedDateParts have the assert text — index 13, text: OnePlus, Pad Go 2, 12.1 inch (30.73 CM), LCD, 8GB RAM, 128GB ROM, Wi-Fi, Quad Speakers, Eye Care,Shadow Black, AI Enabled
4.2
(926)
400+ bought in past month
₹29,999
Up to 5% back with Amazon Pay ICI...
FREE delivery Mon, 28 Sept
Or fastest delivery Today 4 pm - 8 pm
Add to cart
21:07:47 [TestNG-test-Test-1] INFO  verifyingGetItIn2DaysFilterFunctionality_Tablet_21-07-29 - [verifyingGetItIn2DaysFilterFunctionality_Tablet_21-07-29] Within deliveryElements loop iterating over the products  Within validateDeliveryFilterOptionsWithResult method
21:07:47 [TestNG-test-Test-1] INFO  verifyingGetItIn2DaysFilterFunctionality_Tablet_21-07-29 - [verifyingGetItIn2DaysFilterFunctionality_Tablet_21-07-29] Checking if the allowedDateParts have the assert text — index 14, text: Redmi Pad 2 Pro, 12.1-inch (30.73 CM), LCD Display - 2.5K Sharp & Clear, 8GB RAM, 128GB ROM, Wi-Fi, Quad Speakers, Dolby Atmos, Graphite Grey, AI Enabled
4.0
(321)
400+ bought in past month
₹28,999
M.R.P:
₹39,999 (28% off)
Up to 5% back with Amazon Pay ICI...
FREE delivery Mon, 28 Sept
Or fastest delivery Today 4 pm - 8 pm
Add to cart
21:07:47 [TestNG-test-Test-1] INFO  verifyingGetItIn2DaysFilterFunctionality_Tablet_21-07-29 - [verifyingGetItIn2DaysFilterFunctionality_Tablet_21-07-29] Within deliveryElements loop iterating over the products  Within validateDeliveryFilterOptionsWithResult method
21:07:47 [TestNG-test-Test-1] INFO  verifyingGetItIn2DaysFilterFunctionality_Tablet_21-07-29 - [verifyingGetItIn2DaysFilterFunctionality_Tablet_21-07-29] Checking if the allowedDateParts have the assert text — index 15, text: Samsung Galaxy Tab S10 Plus [Smartchoice], S Pen in-Box, 31.5 cm (12.4 inch) Dynamic AMOLED 2X Display, 12 GB RAM, 256 GB Storage, Wi-Fi Tablet, Moonstone Gray
4.4
(82)
200+ bought in past month
₹79,999
M.R.P:
₹1,01,999 (22% off)
Save extra with No Cost EMI
FREE delivery Mon, 28 Sept
Or fastest delivery Today 4 pm - 8 pm
Add to cart
21:07:47 [TestNG-test-Test-1] INFO  verifyingGetItIn2DaysFilterFunctionality_Tablet_21-07-29 - [verifyingGetItIn2DaysFilterFunctionality_Tablet_21-07-29] Within deliveryElements loop iterating over the products  Within validateDeliveryFilterOptionsWithResult method
21:07:47 [TestNG-test-Test-1] INFO  verifyingGetItIn2DaysFilterFunctionality_Tablet_21-07-29 - [verifyingGetItIn2DaysFilterFunctionality_Tablet_21-07-29] Checking if the allowedDateParts have the assert text — index 16, text: 10.1" Android Tablet, 8GB RAM, 128GB Storage, Android 12 Oct-core Processor, 5 Million + 13 Million Dual Cameras, WiFi Bluetooth 1TB IPS Extended Full HD Display,
5.0
(2)
₹14,172
M.R.P:
₹28,099 (50% off)
Up to 5% back with Amazon Pay ICI...
FREE delivery 6 - 8 Oct
Add to cart
21:07:47 [TestNG-test-Test-1] INFO  verifyingGetItIn2DaysFilterFunctionality_Tablet_21-07-29 - [verifyingGetItIn2DaysFilterFunctionality_Tablet_21-07-29] Within deliveryElements loop iterating over the products  Within validateDeliveryFilterOptionsWithResult method
21:07:48 [TestNG-test-Test-1] INFO  verifyingGetItIn2DaysFilterFunctionality_Tablet_21-07-29 - [verifyingGetItIn2DaysFilterFunctionality_Tablet_21-07-29] Checking if the allowedDateParts have the assert text — index 17, text: Acer Iconia Tab10 | 10.36" | 2K IPS Display, 480 Nit | Quad Speakers | 6GB + 128GB (Expandable) | Wi-Fi + (Calling)
3.9
(54)
₹20,990
M.R.P:
₹30,990 (32% off)
Up to 5% back with Amazon Pay ICI...
FREE delivery Mon, 28 Sept
Or fastest delivery Today 4 pm - 8 pm
Add to cart
21:07:48 [TestNG-test-Test-1] INFO  verifyingGetItIn2DaysFilterFunctionality_Tablet_21-07-29 - [verifyingGetItIn2DaysFilterFunctionality_Tablet_21-07-29] Within deliveryElements loop iterating over the products  Within validateDeliveryFilterOptionsWithResult method
21:07:48 [TestNG-test-Test-1] INFO  verifyingGetItIn2DaysFilterFunctionality_Tablet_21-07-29 - [verifyingGetItIn2DaysFilterFunctionality_Tablet_21-07-29] Checking if the allowedDateParts have the assert text — index 18, text: Lenovo {Smartchoice} Idea Tab Pro with Pen Plus & Keyboard|12.7" 3K Display|144 Hz Refresh|12 GB RAM, 256 GB ROM| AI-Enabled| MediaTek Dimensity 8300|4 JBL Speakers|10200 mAh Battery with 45 W Charger
4.3
(40)
200+ bought in past month
₹41,999
M.R.P:
₹48,999 (14% off)
Up to 5% back with Amazon Pay ICI...
FREE delivery Mon, 28 Sept
Or fastest delivery Today 4 pm - 8 pm
Add to cart
21:07:48 [TestNG-test-Test-1] INFO  verifyingGetItIn2DaysFilterFunctionality_Tablet_21-07-29 - [verifyingGetItIn2DaysFilterFunctionality_Tablet_21-07-29] Returning the list with boolean values   Within validateDeliveryFilterOptionsWithResult method
21:07:48 [TestNG-test-Test-1] INFO  verifyingGetItIn2DaysFilterFunctionality_Tablet_21-07-29 - [verifyingGetItIn2DaysFilterFunctionality_Tablet_21-07-29] Asserting delivery filter: isValid=true, index=-1, text=All the things are valid no errors
