21:01:06 [TestNG-test-Test-3] INFO  verifyingFreeDeliveryFilterFunctionality_Laptop_21-01-06 - No existing WebDriver found for current thread. Initializing a new ChromeDriver...
21:01:06 [TestNG-test-Test-3] INFO  verifyingFreeDeliveryFilterFunctionality_Laptop_21-01-06 - WebDriverManager: chromedriver setup OK
21:01:07 [TestNG-test-Test-3] INFO  verifyingFreeDeliveryFilterFunctionality_Laptop_21-01-06 - ChromeDriver initialized successfully for thread: 36
21:01:11 [TestNG-test-Test-3] INFO  verifyingFreeDeliveryFilterFunctionality_Laptop_21-01-06 - [verifyingFreeDeliveryFilterFunctionality_Laptop_21-01-06] Opening amazon Landing page
21:01:11 [TestNG-test-Test-3] INFO  verifyingFreeDeliveryFilterFunctionality_Laptop_21-01-06 - [verifyingFreeDeliveryFilterFunctionality_Laptop_21-01-06] Within safeFindElement method
21:01:12 [TestNG-test-Test-3] INFO  verifyingFreeDeliveryFilterFunctionality_Laptop_21-01-06 - [verifyingFreeDeliveryFilterFunctionality_Laptop_21-01-06]Found the element returning it ,element ->[[ChromeDriver: chrome on windows (e3eb977d8cb714b4617859e2865c4fc9)] -> xpath: //a[@id='nav-logo-sprites']]
21:01:13 [TestNG-test-Test-3] INFO  verifyingFreeDeliveryFilterFunctionality_Laptop_21-01-06 - [verifyingFreeDeliveryFilterFunctionality_Laptop_21-01-06] Giving input within the search bar
21:01:13 [TestNG-test-Test-3] INFO  verifyingFreeDeliveryFilterFunctionality_Laptop_21-01-06 - [verifyingFreeDeliveryFilterFunctionality_Laptop_21-01-06] Within safeClick method
21:01:14 [TestNG-test-Test-3] INFO  verifyingFreeDeliveryFilterFunctionality_Laptop_21-01-06 - [verifyingFreeDeliveryFilterFunctionality_Laptop_21-01-06] Clicked the  [[ChromeDriver: chrome on windows (e3eb977d8cb714b4617859e2865c4fc9)] -> xpath: //input[@id='nav-search-submit-button']]   using safeClick
21:01:14 [TestNG-test-Test-3] INFO  verifyingFreeDeliveryFilterFunctionality_Laptop_21-01-06 - [verifyingFreeDeliveryFilterFunctionality_Laptop_21-01-06] Clicking on the submit in the search bar
21:01:15 [TestNG-test-Test-3] INFO  verifyingFreeDeliveryFilterFunctionality_Laptop_21-01-06 - [verifyingFreeDeliveryFilterFunctionality_Laptop_21-01-06] Waiting until element is visible in viewport
21:01:15 [TestNG-test-Test-3] INFO  verifyingFreeDeliveryFilterFunctionality_Laptop_21-01-06 - [verifyingFreeDeliveryFilterFunctionality_Laptop_21-01-06] Within validateDeliveryFilterOptionsWithResult method
21:01:15 [TestNG-test-Test-3] INFO  verifyingFreeDeliveryFilterFunctionality_Laptop_21-01-06 - [verifyingFreeDeliveryFilterFunctionality_Laptop_21-01-06] Within safeClick method
21:01:16 [TestNG-test-Test-3] INFO  verifyingFreeDeliveryFilterFunctionality_Laptop_21-01-06 - [verifyingFreeDeliveryFilterFunctionality_Laptop_21-01-06] Clicked the  [[ChromeDriver: chrome on windows (e3eb977d8cb714b4617859e2865c4fc9)] -> xpath: //span[@class='a-size-base a-color-base puis-bold-weight-text' and text()='Eligible for Free Delivery']/parent::div/following-sibling::ul//span[@class='a-size-base a-color-base' and text()='Free Shipping']]   using safeClick
21:01:16 [TestNG-test-Test-3] INFO  verifyingFreeDeliveryFilterFunctionality_Laptop_21-01-06 - [verifyingFreeDeliveryFilterFunctionality_Laptop_21-01-06] Within getMoreButtonByFilterTypeAndName method
21:01:16 [TestNG-test-Test-3] INFO  verifyingFreeDeliveryFilterFunctionality_Laptop_21-01-06 - [verifyingFreeDeliveryFilterFunctionality_Laptop_21-01-06] Clicked on By.xpath: //span[@class='a-size-base a-color-base puis-bold-weight-text' and text()='Eligible for Free Delivery']/parent::div/following-sibling::ul//span[@class='a-size-base a-color-base' and text()='Free Shipping']
21:01:16 [TestNG-test-Test-3] INFO  verifyingFreeDeliveryFilterFunctionality_Laptop_21-01-06 - [verifyingFreeDeliveryFilterFunctionality_Laptop_21-01-06] Within safeFindElements 
21:01:16 [TestNG-test-Test-3] INFO  verifyingFreeDeliveryFilterFunctionality_Laptop_21-01-06 - [verifyingFreeDeliveryFilterFunctionality_Laptop_21-01-06] Returning the  [[[ChromeDriver: chrome on windows (e3eb977d8cb714b4617859e2865c4fc9)] -> xpath: //div[@class='a-section a-spacing-small a-spacing-top-small']], [[ChromeDriver: chrome on windows (e3eb977d8cb714b4617859e2865c4fc9)] -> xpath: //div[@class='a-section a-spacing-small a-spacing-top-small']], [[ChromeDriver: chrome on windows (e3eb977d8cb714b4617859e2865c4fc9)] -> xpath: //div[@class='a-section a-spacing-small a-spacing-top-small']], [[ChromeDriver: chrome on windows (e3eb977d8cb714b4617859e2865c4fc9)] -> xpath: //div[@class='a-section a-spacing-small a-spacing-top-small']], [[ChromeDriver: chrome on windows (e3eb977d8cb714b4617859e2865c4fc9)] -> xpath: //div[@class='a-section a-spacing-small a-spacing-top-small']], [[ChromeDriver: chrome on windows (e3eb977d8cb714b4617859e2865c4fc9)] -> xpath: //div[@class='a-section a-spacing-small a-spacing-top-small']], [[ChromeDriver: chrome on windows (e3eb977d8cb714b4617859e2865c4fc9)] -> xpath: //div[@class='a-section a-spacing-small a-spacing-top-small']]] from the safeFindElements method
21:01:16 [TestNG-test-Test-3] INFO  verifyingFreeDeliveryFilterFunctionality_Laptop_21-01-06 - [verifyingFreeDeliveryFilterFunctionality_Laptop_21-01-06] Created hashset with required data to assert with Within validateDeliveryFilterOptions method
21:01:16 [TestNG-test-Test-3] INFO  verifyingFreeDeliveryFilterFunctionality_Laptop_21-01-06 - [verifyingFreeDeliveryFilterFunctionality_Laptop_21-01-06] this is the set  [22, 23, Jun, Today, Tue, FREE delivery, Mon, Tomorrow]
21:01:16 [TestNG-test-Test-3] INFO  verifyingFreeDeliveryFilterFunctionality_Laptop_21-01-06 - [verifyingFreeDeliveryFilterFunctionality_Laptop_21-01-06] Within deliveryElements loop iterating over the products  Within validateDeliveryFilterOptions method
21:01:16 [TestNG-test-Test-3] INFO  verifyingFreeDeliveryFilterFunctionality_Laptop_21-01-06 - [verifyingFreeDeliveryFilterFunctionality_Laptop_21-01-06] Checking if the allowedDateParts have the assert text   Within validateDeliveryFilterOptions method
21:01:16 [TestNG-test-Test-3] INFO  verifyingFreeDeliveryFilterFunctionality_Laptop_21-01-06 - [verifyingFreeDeliveryFilterFunctionality_Laptop_21-01-06] Within deliveryElements loop iterating over the products  Within validateDeliveryFilterOptions method
21:01:17 [TestNG-test-Test-3] INFO  verifyingFreeDeliveryFilterFunctionality_Laptop_21-01-06 - [verifyingFreeDeliveryFilterFunctionality_Laptop_21-01-06] Checking if the allowedDateParts have the assert text   Within validateDeliveryFilterOptions method
21:01:17 [TestNG-test-Test-3] INFO  verifyingFreeDeliveryFilterFunctionality_Laptop_21-01-06 - [verifyingFreeDeliveryFilterFunctionality_Laptop_21-01-06] Within deliveryElements loop iterating over the products  Within validateDeliveryFilterOptions method
21:01:17 [TestNG-test-Test-3] INFO  verifyingFreeDeliveryFilterFunctionality_Laptop_21-01-06 - [verifyingFreeDeliveryFilterFunctionality_Laptop_21-01-06] Checking if the allowedDateParts have the assert text   Within validateDeliveryFilterOptions method
21:01:17 [TestNG-test-Test-3] INFO  verifyingFreeDeliveryFilterFunctionality_Laptop_21-01-06 - [verifyingFreeDeliveryFilterFunctionality_Laptop_21-01-06] Within deliveryElements loop iterating over the products  Within validateDeliveryFilterOptions method
21:01:17 [TestNG-test-Test-3] INFO  verifyingFreeDeliveryFilterFunctionality_Laptop_21-01-06 - [verifyingFreeDeliveryFilterFunctionality_Laptop_21-01-06] Checking if the allowedDateParts have the assert text   Within validateDeliveryFilterOptions method
21:01:17 [TestNG-test-Test-3] INFO  verifyingFreeDeliveryFilterFunctionality_Laptop_21-01-06 - [verifyingFreeDeliveryFilterFunctionality_Laptop_21-01-06] Within deliveryElements loop iterating over the products  Within validateDeliveryFilterOptions method
21:01:17 [TestNG-test-Test-3] INFO  verifyingFreeDeliveryFilterFunctionality_Laptop_21-01-06 - [verifyingFreeDeliveryFilterFunctionality_Laptop_21-01-06] Checking if the allowedDateParts have the assert text   Within validateDeliveryFilterOptions method
21:01:17 [TestNG-test-Test-3] INFO  verifyingFreeDeliveryFilterFunctionality_Laptop_21-01-06 - [verifyingFreeDeliveryFilterFunctionality_Laptop_21-01-06] Within deliveryElements loop iterating over the products  Within validateDeliveryFilterOptions method
21:01:17 [TestNG-test-Test-3] INFO  verifyingFreeDeliveryFilterFunctionality_Laptop_21-01-06 - [verifyingFreeDeliveryFilterFunctionality_Laptop_21-01-06] Checking if the allowedDateParts have the assert text   Within validateDeliveryFilterOptions method
21:01:17 [TestNG-test-Test-3] INFO  verifyingFreeDeliveryFilterFunctionality_Laptop_21-01-06 - [verifyingFreeDeliveryFilterFunctionality_Laptop_21-01-06] Within deliveryElements loop iterating over the products  Within validateDeliveryFilterOptions method
21:01:17 [TestNG-test-Test-3] INFO  verifyingFreeDeliveryFilterFunctionality_Laptop_21-01-06 - [verifyingFreeDeliveryFilterFunctionality_Laptop_21-01-06] Checking if the allowedDateParts have the assert text   Within validateDeliveryFilterOptions method
21:01:17 [TestNG-test-Test-3] INFO  verifyingFreeDeliveryFilterFunctionality_Laptop_21-01-06 - [verifyingFreeDeliveryFilterFunctionality_Laptop_21-01-06] Returning the list with boolean values   Within validateDeliveryFilterOptions method
21:01:17 [TestNG-test-Test-3] INFO  verifyingFreeDeliveryFilterFunctionality_Laptop_21-01-06 - [verifyingFreeDeliveryFilterFunctionality_Laptop_21-01-06] Asserting delivery filter: isValid=true, index=-1, text=All the things are valid no errors
