19:20:34 [TestNG-test-Test-3] INFO  verifyingGetItByTodayFilterFunctionality_Laptop_19-20-34 - No existing WebDriver found for current thread. Initializing a new ChromeDriver...
19:20:34 [TestNG-test-Test-3] INFO  verifyingGetItByTodayFilterFunctionality_Laptop_19-20-34 - WebDriverManager: chromedriver setup OK
19:20:35 [TestNG-test-Test-3] INFO  verifyingGetItByTodayFilterFunctionality_Laptop_19-20-34 - ChromeDriver initialized successfully for thread: 36
19:20:37 [TestNG-test-Test-3] INFO  verifyingGetItByTodayFilterFunctionality_Laptop_19-20-34 - [verifyingGetItByTodayFilterFunctionality_Laptop_19-20-34] Opening amazon Landing page
19:20:37 [TestNG-test-Test-3] INFO  verifyingGetItByTodayFilterFunctionality_Laptop_19-20-34 - [verifyingGetItByTodayFilterFunctionality_Laptop_19-20-34] Within safeFindElement method
19:20:39 [TestNG-test-Test-3] INFO  verifyingGetItByTodayFilterFunctionality_Laptop_19-20-34 - [verifyingGetItByTodayFilterFunctionality_Laptop_19-20-34]Found the element returning it ,element ->[[ChromeDriver: chrome on windows (dd2f79ff38619732cbcb4df513f32917)] -> xpath: //a[@id='nav-logo-sprites']]
19:20:41 [TestNG-test-Test-3] INFO  verifyingGetItByTodayFilterFunctionality_Laptop_19-20-34 - [verifyingGetItByTodayFilterFunctionality_Laptop_19-20-34] Giving input within the search bar
19:20:41 [TestNG-test-Test-3] INFO  verifyingGetItByTodayFilterFunctionality_Laptop_19-20-34 - [verifyingGetItByTodayFilterFunctionality_Laptop_19-20-34] Within safeClick method
19:20:43 [TestNG-test-Test-3] INFO  verifyingGetItByTodayFilterFunctionality_Laptop_19-20-34 - [verifyingGetItByTodayFilterFunctionality_Laptop_19-20-34] Clicked the  [[ChromeDriver: chrome on windows (dd2f79ff38619732cbcb4df513f32917)] -> xpath: //input[@id='nav-search-submit-button']]   using safeClick
19:20:43 [TestNG-test-Test-3] INFO  verifyingGetItByTodayFilterFunctionality_Laptop_19-20-34 - [verifyingGetItByTodayFilterFunctionality_Laptop_19-20-34] Clicking on the submit in the search bar
19:20:44 [TestNG-test-Test-3] INFO  verifyingGetItByTodayFilterFunctionality_Laptop_19-20-34 - [verifyingGetItByTodayFilterFunctionality_Laptop_19-20-34] Waiting until element is visible in viewport
19:20:44 [TestNG-test-Test-3] INFO  verifyingGetItByTodayFilterFunctionality_Laptop_19-20-34 - [verifyingGetItByTodayFilterFunctionality_Laptop_19-20-34] Within validateDeliveryFilterOptionsWithResult method
19:20:44 [TestNG-test-Test-3] INFO  verifyingGetItByTodayFilterFunctionality_Laptop_19-20-34 - [verifyingGetItByTodayFilterFunctionality_Laptop_19-20-34] Within safeClick method
19:20:44 [TestNG-test-Test-3] INFO  verifyingGetItByTodayFilterFunctionality_Laptop_19-20-34 - [verifyingGetItByTodayFilterFunctionality_Laptop_19-20-34] Clicked the  [[ChromeDriver: chrome on windows (dd2f79ff38619732cbcb4df513f32917)] -> xpath: //span[@class='a-size-base a-color-base puis-bold-weight-text' and text()='Delivery Day']/parent::div/following-sibling::ul//span[@class='a-size-base a-color-base' and text()='Get It Today']]   using safeClick
19:20:44 [TestNG-test-Test-3] INFO  verifyingGetItByTodayFilterFunctionality_Laptop_19-20-34 - [verifyingGetItByTodayFilterFunctionality_Laptop_19-20-34] Within getMoreButtonByFilterTypeAndName method
19:20:44 [TestNG-test-Test-3] INFO  verifyingGetItByTodayFilterFunctionality_Laptop_19-20-34 - [verifyingGetItByTodayFilterFunctionality_Laptop_19-20-34] Clicked on By.xpath: //span[@class='a-size-base a-color-base puis-bold-weight-text' and text()='Delivery Day']/parent::div/following-sibling::ul//span[@class='a-size-base a-color-base' and text()='Get It Today']
19:20:44 [TestNG-test-Test-3] INFO  verifyingGetItByTodayFilterFunctionality_Laptop_19-20-34 - [verifyingGetItByTodayFilterFunctionality_Laptop_19-20-34] Within safeFindElements 
19:20:45 [TestNG-test-Test-3] INFO  verifyingGetItByTodayFilterFunctionality_Laptop_19-20-34 - [verifyingGetItByTodayFilterFunctionality_Laptop_19-20-34] Returning the  [[[ChromeDriver: chrome on windows (dd2f79ff38619732cbcb4df513f32917)] -> xpath: //div[@class='a-section a-spacing-small a-spacing-top-small']], [[ChromeDriver: chrome on windows (dd2f79ff38619732cbcb4df513f32917)] -> xpath: //div[@class='a-section a-spacing-small a-spacing-top-small']], [[ChromeDriver: chrome on windows (dd2f79ff38619732cbcb4df513f32917)] -> xpath: //div[@class='a-section a-spacing-small a-spacing-top-small']], [[ChromeDriver: chrome on windows (dd2f79ff38619732cbcb4df513f32917)] -> xpath: //div[@class='a-section a-spacing-small a-spacing-top-small']], [[ChromeDriver: chrome on windows (dd2f79ff38619732cbcb4df513f32917)] -> xpath: //div[@class='a-section a-spacing-small a-spacing-top-small']], [[ChromeDriver: chrome on windows (dd2f79ff38619732cbcb4df513f32917)] -> xpath: //div[@class='a-section a-spacing-small a-spacing-top-small']]] from the safeFindElements method
19:20:45 [TestNG-test-Test-3] INFO  verifyingGetItByTodayFilterFunctionality_Laptop_19-20-34 - [verifyingGetItByTodayFilterFunctionality_Laptop_19-20-34] Created hashset with required data to assert with Within validateDeliveryFilterOptions method
19:20:45 [TestNG-test-Test-3] INFO  verifyingGetItByTodayFilterFunctionality_Laptop_19-20-34 - [verifyingGetItByTodayFilterFunctionality_Laptop_19-20-34] this is the set  [11, 12, Aug, Today, Tue, FREE delivery, Wed, Tomorrow]
19:20:45 [TestNG-test-Test-3] INFO  verifyingGetItByTodayFilterFunctionality_Laptop_19-20-34 - [verifyingGetItByTodayFilterFunctionality_Laptop_19-20-34] Within deliveryElements loop iterating over the products  Within validateDeliveryFilterOptions method
19:20:45 [TestNG-test-Test-3] INFO  verifyingGetItByTodayFilterFunctionality_Laptop_19-20-34 - [verifyingGetItByTodayFilterFunctionality_Laptop_19-20-34] Checking if the allowedDateParts have the assert text   Within validateDeliveryFilterOptions method
19:20:45 [TestNG-test-Test-3] INFO  verifyingGetItByTodayFilterFunctionality_Laptop_19-20-34 - [verifyingGetItByTodayFilterFunctionality_Laptop_19-20-34] Within deliveryElements loop iterating over the products  Within validateDeliveryFilterOptions method
19:20:45 [TestNG-test-Test-3] INFO  verifyingGetItByTodayFilterFunctionality_Laptop_19-20-34 - [verifyingGetItByTodayFilterFunctionality_Laptop_19-20-34] Checking if the allowedDateParts have the assert text   Within validateDeliveryFilterOptions method
19:20:45 [TestNG-test-Test-3] INFO  verifyingGetItByTodayFilterFunctionality_Laptop_19-20-34 - [verifyingGetItByTodayFilterFunctionality_Laptop_19-20-34] Within deliveryElements loop iterating over the products  Within validateDeliveryFilterOptions method
19:20:45 [TestNG-test-Test-3] INFO  verifyingGetItByTodayFilterFunctionality_Laptop_19-20-34 - [verifyingGetItByTodayFilterFunctionality_Laptop_19-20-34] Checking if the allowedDateParts have the assert text   Within validateDeliveryFilterOptions method
19:20:45 [TestNG-test-Test-3] INFO  verifyingGetItByTodayFilterFunctionality_Laptop_19-20-34 - [verifyingGetItByTodayFilterFunctionality_Laptop_19-20-34] Within deliveryElements loop iterating over the products  Within validateDeliveryFilterOptions method
19:20:45 [TestNG-test-Test-3] INFO  verifyingGetItByTodayFilterFunctionality_Laptop_19-20-34 - [verifyingGetItByTodayFilterFunctionality_Laptop_19-20-34] Checking if the allowedDateParts have the assert text   Within validateDeliveryFilterOptions method
19:20:45 [TestNG-test-Test-3] INFO  verifyingGetItByTodayFilterFunctionality_Laptop_19-20-34 - [verifyingGetItByTodayFilterFunctionality_Laptop_19-20-34] Within deliveryElements loop iterating over the products  Within validateDeliveryFilterOptions method
19:20:45 [TestNG-test-Test-3] INFO  verifyingGetItByTodayFilterFunctionality_Laptop_19-20-34 - [verifyingGetItByTodayFilterFunctionality_Laptop_19-20-34] Checking if the allowedDateParts have the assert text   Within validateDeliveryFilterOptions method
19:20:45 [TestNG-test-Test-3] INFO  verifyingGetItByTodayFilterFunctionality_Laptop_19-20-34 - [verifyingGetItByTodayFilterFunctionality_Laptop_19-20-34] Within deliveryElements loop iterating over the products  Within validateDeliveryFilterOptions method
19:20:45 [TestNG-test-Test-3] INFO  verifyingGetItByTodayFilterFunctionality_Laptop_19-20-34 - [verifyingGetItByTodayFilterFunctionality_Laptop_19-20-34] Checking if the allowedDateParts have the assert text   Within validateDeliveryFilterOptions method
19:20:45 [TestNG-test-Test-3] INFO  verifyingGetItByTodayFilterFunctionality_Laptop_19-20-34 - [verifyingGetItByTodayFilterFunctionality_Laptop_19-20-34] Returning the list with boolean values   Within validateDeliveryFilterOptions method
19:20:45 [TestNG-test-Test-3] INFO  verifyingGetItByTodayFilterFunctionality_Laptop_19-20-34 - [verifyingGetItByTodayFilterFunctionality_Laptop_19-20-34] Asserting delivery filter: isValid=true, index=-1, text=All the things are valid no errors
