20:02:48 [TestNG-test-Test-3] INFO  verifyingFreeDeliveryFilterFunctionality_Tablet_20-02-48 - No existing WebDriver found for current thread. Initializing a new ChromeDriver...
20:02:48 [TestNG-test-Test-3] INFO  verifyingFreeDeliveryFilterFunctionality_Tablet_20-02-48 - WebDriverManager: chromedriver setup OK
20:02:49 [TestNG-test-Test-3] INFO  verifyingFreeDeliveryFilterFunctionality_Tablet_20-02-48 - ChromeDriver initialized successfully for thread: 36
20:02:52 [TestNG-test-Test-3] INFO  verifyingFreeDeliveryFilterFunctionality_Tablet_20-02-48 - [verifyingFreeDeliveryFilterFunctionality_Tablet_20-02-48] Opening amazon Landing page
20:02:52 [TestNG-test-Test-3] INFO  verifyingFreeDeliveryFilterFunctionality_Tablet_20-02-48 - [verifyingFreeDeliveryFilterFunctionality_Tablet_20-02-48] Within safeFindElement method
20:02:52 [TestNG-test-Test-3] INFO  verifyingFreeDeliveryFilterFunctionality_Tablet_20-02-48 - [verifyingFreeDeliveryFilterFunctionality_Tablet_20-02-48]Found the element returning it ,element ->[[ChromeDriver: chrome on windows (145dc6de94e1818e16094f2878b45bd4)] -> xpath: //a[@id='nav-logo-sprites']]
20:02:52 [TestNG-test-Test-3] INFO  verifyingFreeDeliveryFilterFunctionality_Tablet_20-02-48 - [verifyingFreeDeliveryFilterFunctionality_Tablet_20-02-48] Giving input within the search bar
20:02:52 [TestNG-test-Test-3] INFO  verifyingFreeDeliveryFilterFunctionality_Tablet_20-02-48 - [verifyingFreeDeliveryFilterFunctionality_Tablet_20-02-48] Within safeClick method
20:02:53 [TestNG-test-Test-3] INFO  verifyingFreeDeliveryFilterFunctionality_Tablet_20-02-48 - [verifyingFreeDeliveryFilterFunctionality_Tablet_20-02-48] Clicked the  [[ChromeDriver: chrome on windows (145dc6de94e1818e16094f2878b45bd4)] -> xpath: //input[@id='nav-search-submit-button']]   using safeClick
20:02:53 [TestNG-test-Test-3] INFO  verifyingFreeDeliveryFilterFunctionality_Tablet_20-02-48 - [verifyingFreeDeliveryFilterFunctionality_Tablet_20-02-48] Clicking on the submit in the search bar
20:02:55 [TestNG-test-Test-3] INFO  verifyingFreeDeliveryFilterFunctionality_Tablet_20-02-48 - [verifyingFreeDeliveryFilterFunctionality_Tablet_20-02-48] Waiting until element is visible in viewport
20:02:55 [TestNG-test-Test-3] INFO  verifyingFreeDeliveryFilterFunctionality_Tablet_20-02-48 - [verifyingFreeDeliveryFilterFunctionality_Tablet_20-02-48] Within validateDeliveryFilterOptionsWithResult method
20:02:55 [TestNG-test-Test-3] INFO  verifyingFreeDeliveryFilterFunctionality_Tablet_20-02-48 - [verifyingFreeDeliveryFilterFunctionality_Tablet_20-02-48] Within safeClick method
20:02:55 [TestNG-test-Test-3] INFO  verifyingFreeDeliveryFilterFunctionality_Tablet_20-02-48 - [verifyingFreeDeliveryFilterFunctionality_Tablet_20-02-48] Clicked the  [[ChromeDriver: chrome on windows (145dc6de94e1818e16094f2878b45bd4)] -> xpath: //span[@class='a-size-base a-color-base puis-bold-weight-text' and text()='Eligible for Free Delivery']/parent::div/following-sibling::ul//span[@class='a-size-base a-color-base' and text()='Free Shipping']]   using safeClick
20:02:55 [TestNG-test-Test-3] INFO  verifyingFreeDeliveryFilterFunctionality_Tablet_20-02-48 - [verifyingFreeDeliveryFilterFunctionality_Tablet_20-02-48] Within getMoreButtonByFilterTypeAndName method
20:02:56 [TestNG-test-Test-3] INFO  verifyingFreeDeliveryFilterFunctionality_Tablet_20-02-48 - [verifyingFreeDeliveryFilterFunctionality_Tablet_20-02-48] Clicked on By.xpath: //span[@class='a-size-base a-color-base puis-bold-weight-text' and text()='Eligible for Free Delivery']/parent::div/following-sibling::ul//span[@class='a-size-base a-color-base' and text()='Free Shipping']
20:02:56 [TestNG-test-Test-3] INFO  verifyingFreeDeliveryFilterFunctionality_Tablet_20-02-48 - [verifyingFreeDeliveryFilterFunctionality_Tablet_20-02-48] Within safeFindElements 
20:02:56 [TestNG-test-Test-3] INFO  verifyingFreeDeliveryFilterFunctionality_Tablet_20-02-48 - [verifyingFreeDeliveryFilterFunctionality_Tablet_20-02-48] Returning the  [[[ChromeDriver: chrome on windows (145dc6de94e1818e16094f2878b45bd4)] -> xpath: //div[@class='a-section a-spacing-small a-spacing-top-small']], [[ChromeDriver: chrome on windows (145dc6de94e1818e16094f2878b45bd4)] -> xpath: //div[@class='a-section a-spacing-small a-spacing-top-small']], [[ChromeDriver: chrome on windows (145dc6de94e1818e16094f2878b45bd4)] -> xpath: //div[@class='a-section a-spacing-small a-spacing-top-small']]] from the safeFindElements method
20:02:56 [TestNG-test-Test-3] INFO  verifyingFreeDeliveryFilterFunctionality_Tablet_20-02-48 - [verifyingFreeDeliveryFilterFunctionality_Tablet_20-02-48] Created hashset with required data to assert with Within validateDeliveryFilterOptions method
20:02:56 [TestNG-test-Test-3] INFO  verifyingFreeDeliveryFilterFunctionality_Tablet_20-02-48 - [verifyingFreeDeliveryFilterFunctionality_Tablet_20-02-48] this is the set  [Jul, Thu, Today, FREE delivery, Wed, 29, 30, Tomorrow]
20:02:56 [TestNG-test-Test-3] INFO  verifyingFreeDeliveryFilterFunctionality_Tablet_20-02-48 - [verifyingFreeDeliveryFilterFunctionality_Tablet_20-02-48] Within deliveryElements loop iterating over the products  Within validateDeliveryFilterOptions method
20:02:56 [TestNG-test-Test-3] INFO  verifyingFreeDeliveryFilterFunctionality_Tablet_20-02-48 - [verifyingFreeDeliveryFilterFunctionality_Tablet_20-02-48] Checking if the allowedDateParts have the assert text   Within validateDeliveryFilterOptions method
20:02:56 [TestNG-test-Test-3] INFO  verifyingFreeDeliveryFilterFunctionality_Tablet_20-02-48 - [verifyingFreeDeliveryFilterFunctionality_Tablet_20-02-48] Within deliveryElements loop iterating over the products  Within validateDeliveryFilterOptions method
20:02:56 [TestNG-test-Test-3] INFO  verifyingFreeDeliveryFilterFunctionality_Tablet_20-02-48 - [verifyingFreeDeliveryFilterFunctionality_Tablet_20-02-48] Checking if the allowedDateParts have the assert text   Within validateDeliveryFilterOptions method
20:02:56 [TestNG-test-Test-3] INFO  verifyingFreeDeliveryFilterFunctionality_Tablet_20-02-48 - [verifyingFreeDeliveryFilterFunctionality_Tablet_20-02-48] Within deliveryElements loop iterating over the products  Within validateDeliveryFilterOptions method
20:02:56 [TestNG-test-Test-3] INFO  verifyingFreeDeliveryFilterFunctionality_Tablet_20-02-48 - [verifyingFreeDeliveryFilterFunctionality_Tablet_20-02-48] Checking if the allowedDateParts have the assert text   Within validateDeliveryFilterOptions method
20:02:56 [TestNG-test-Test-3] INFO  verifyingFreeDeliveryFilterFunctionality_Tablet_20-02-48 - [verifyingFreeDeliveryFilterFunctionality_Tablet_20-02-48] Returning the list with boolean values   Within validateDeliveryFilterOptions method
20:02:56 [TestNG-test-Test-3] INFO  verifyingFreeDeliveryFilterFunctionality_Tablet_20-02-48 - [verifyingFreeDeliveryFilterFunctionality_Tablet_20-02-48] Asserting delivery filter: isValid=true, index=-1, text=All the things are valid no errors
