20:29:26 [TestNG-test-Test-3] INFO  verifyingFreeDeliveryFilterFunctionality_Mobile_20-29-26 - No existing WebDriver found for current thread. Initializing a new ChromeDriver...
20:29:26 [TestNG-test-Test-3] INFO  verifyingFreeDeliveryFilterFunctionality_Mobile_20-29-26 - WebDriverManager: chromedriver setup OK
20:29:28 [TestNG-test-Test-3] INFO  verifyingFreeDeliveryFilterFunctionality_Mobile_20-29-26 - ChromeDriver initialized successfully for thread: 36
20:29:31 [TestNG-test-Test-3] INFO  verifyingFreeDeliveryFilterFunctionality_Mobile_20-29-26 - [verifyingFreeDeliveryFilterFunctionality_Mobile_20-29-26] Opening amazon Landing page
20:29:31 [TestNG-test-Test-3] INFO  verifyingFreeDeliveryFilterFunctionality_Mobile_20-29-26 - [verifyingFreeDeliveryFilterFunctionality_Mobile_20-29-26] Within safeFindElement method
20:29:31 [TestNG-test-Test-3] INFO  verifyingFreeDeliveryFilterFunctionality_Mobile_20-29-26 - [verifyingFreeDeliveryFilterFunctionality_Mobile_20-29-26]Found the element returning it ,element ->[[ChromeDriver: chrome on windows (af1155550fb5f7c481eff802ab5c7d55)] -> xpath: //a[@id='nav-logo-sprites']]
20:29:32 [TestNG-test-Test-3] INFO  verifyingFreeDeliveryFilterFunctionality_Mobile_20-29-26 - [verifyingFreeDeliveryFilterFunctionality_Mobile_20-29-26] Giving input within the search bar
20:29:32 [TestNG-test-Test-3] INFO  verifyingFreeDeliveryFilterFunctionality_Mobile_20-29-26 - [verifyingFreeDeliveryFilterFunctionality_Mobile_20-29-26] Within safeClick method
20:29:35 [TestNG-test-Test-3] INFO  verifyingFreeDeliveryFilterFunctionality_Mobile_20-29-26 - [verifyingFreeDeliveryFilterFunctionality_Mobile_20-29-26] Clicked the  [[ChromeDriver: chrome on windows (af1155550fb5f7c481eff802ab5c7d55)] -> xpath: //input[@id='nav-search-submit-button']]   using safeClick
20:29:35 [TestNG-test-Test-3] INFO  verifyingFreeDeliveryFilterFunctionality_Mobile_20-29-26 - [verifyingFreeDeliveryFilterFunctionality_Mobile_20-29-26] Clicking on the submit in the search bar
20:29:35 [TestNG-test-Test-3] INFO  verifyingFreeDeliveryFilterFunctionality_Mobile_20-29-26 - [verifyingFreeDeliveryFilterFunctionality_Mobile_20-29-26] Waiting until element is visible in viewport
20:29:35 [TestNG-test-Test-3] INFO  verifyingFreeDeliveryFilterFunctionality_Mobile_20-29-26 - [verifyingFreeDeliveryFilterFunctionality_Mobile_20-29-26] Within validateDeliveryFilterOptionsWithResult method
20:29:35 [TestNG-test-Test-3] INFO  verifyingFreeDeliveryFilterFunctionality_Mobile_20-29-26 - [verifyingFreeDeliveryFilterFunctionality_Mobile_20-29-26] Within safeClick method
20:29:35 [TestNG-test-Test-3] INFO  verifyingFreeDeliveryFilterFunctionality_Mobile_20-29-26 - [verifyingFreeDeliveryFilterFunctionality_Mobile_20-29-26] Clicked the  [[ChromeDriver: chrome on windows (af1155550fb5f7c481eff802ab5c7d55)] -> xpath: //span[@class='a-size-base a-color-base puis-bold-weight-text' and text()='Eligible for Free Delivery']/parent::div/following-sibling::ul//span[@class='a-size-base a-color-base' and text()='Free Shipping']]   using safeClick
20:29:35 [TestNG-test-Test-3] INFO  verifyingFreeDeliveryFilterFunctionality_Mobile_20-29-26 - [verifyingFreeDeliveryFilterFunctionality_Mobile_20-29-26] Within getMoreButtonByFilterTypeAndName method
20:29:36 [TestNG-test-Test-3] INFO  verifyingFreeDeliveryFilterFunctionality_Mobile_20-29-26 - [verifyingFreeDeliveryFilterFunctionality_Mobile_20-29-26] Clicked on By.xpath: //span[@class='a-size-base a-color-base puis-bold-weight-text' and text()='Eligible for Free Delivery']/parent::div/following-sibling::ul//span[@class='a-size-base a-color-base' and text()='Free Shipping']
20:29:36 [TestNG-test-Test-3] INFO  verifyingFreeDeliveryFilterFunctionality_Mobile_20-29-26 - [verifyingFreeDeliveryFilterFunctionality_Mobile_20-29-26] Within safeFindElements 
20:29:36 [TestNG-test-Test-3] INFO  verifyingFreeDeliveryFilterFunctionality_Mobile_20-29-26 - [verifyingFreeDeliveryFilterFunctionality_Mobile_20-29-26] Returning the  [[[ChromeDriver: chrome on windows (af1155550fb5f7c481eff802ab5c7d55)] -> xpath: //div[@class='a-section a-spacing-small a-spacing-top-small']], [[ChromeDriver: chrome on windows (af1155550fb5f7c481eff802ab5c7d55)] -> xpath: //div[@class='a-section a-spacing-small a-spacing-top-small']], [[ChromeDriver: chrome on windows (af1155550fb5f7c481eff802ab5c7d55)] -> xpath: //div[@class='a-section a-spacing-small a-spacing-top-small']], [[ChromeDriver: chrome on windows (af1155550fb5f7c481eff802ab5c7d55)] -> xpath: //div[@class='a-section a-spacing-small a-spacing-top-small']], [[ChromeDriver: chrome on windows (af1155550fb5f7c481eff802ab5c7d55)] -> xpath: //div[@class='a-section a-spacing-small a-spacing-top-small']], [[ChromeDriver: chrome on windows (af1155550fb5f7c481eff802ab5c7d55)] -> xpath: //div[@class='a-section a-spacing-small a-spacing-top-small']], [[ChromeDriver: chrome on windows (af1155550fb5f7c481eff802ab5c7d55)] -> xpath: //div[@class='a-section a-spacing-small a-spacing-top-small']]] from the safeFindElements method
20:29:36 [TestNG-test-Test-3] INFO  verifyingFreeDeliveryFilterFunctionality_Mobile_20-29-26 - [verifyingFreeDeliveryFilterFunctionality_Mobile_20-29-26] Created hashset with required data to assert with Within validateDeliveryFilterOptions method
20:29:36 [TestNG-test-Test-3] INFO  verifyingFreeDeliveryFilterFunctionality_Mobile_20-29-26 - [verifyingFreeDeliveryFilterFunctionality_Mobile_20-29-26] this is the set  [Thu, 11, Today, FREE delivery, Fri, Tomorrow, 10, Sep]
20:29:36 [TestNG-test-Test-3] INFO  verifyingFreeDeliveryFilterFunctionality_Mobile_20-29-26 - [verifyingFreeDeliveryFilterFunctionality_Mobile_20-29-26] Within deliveryElements loop iterating over the products  Within validateDeliveryFilterOptions method
20:29:36 [TestNG-test-Test-3] INFO  verifyingFreeDeliveryFilterFunctionality_Mobile_20-29-26 - [verifyingFreeDeliveryFilterFunctionality_Mobile_20-29-26] Checking if the allowedDateParts have the assert text   Within validateDeliveryFilterOptions method
20:29:36 [TestNG-test-Test-3] INFO  verifyingFreeDeliveryFilterFunctionality_Mobile_20-29-26 - [verifyingFreeDeliveryFilterFunctionality_Mobile_20-29-26] Within deliveryElements loop iterating over the products  Within validateDeliveryFilterOptions method
20:29:37 [TestNG-test-Test-3] INFO  verifyingFreeDeliveryFilterFunctionality_Mobile_20-29-26 - [verifyingFreeDeliveryFilterFunctionality_Mobile_20-29-26] Checking if the allowedDateParts have the assert text   Within validateDeliveryFilterOptions method
20:29:37 [TestNG-test-Test-3] INFO  verifyingFreeDeliveryFilterFunctionality_Mobile_20-29-26 - [verifyingFreeDeliveryFilterFunctionality_Mobile_20-29-26] Within deliveryElements loop iterating over the products  Within validateDeliveryFilterOptions method
20:29:37 [TestNG-test-Test-3] INFO  verifyingFreeDeliveryFilterFunctionality_Mobile_20-29-26 - [verifyingFreeDeliveryFilterFunctionality_Mobile_20-29-26] Checking if the allowedDateParts have the assert text   Within validateDeliveryFilterOptions method
20:29:37 [TestNG-test-Test-3] INFO  verifyingFreeDeliveryFilterFunctionality_Mobile_20-29-26 - [verifyingFreeDeliveryFilterFunctionality_Mobile_20-29-26] Within deliveryElements loop iterating over the products  Within validateDeliveryFilterOptions method
20:29:37 [TestNG-test-Test-3] INFO  verifyingFreeDeliveryFilterFunctionality_Mobile_20-29-26 - [verifyingFreeDeliveryFilterFunctionality_Mobile_20-29-26] Checking if the allowedDateParts have the assert text   Within validateDeliveryFilterOptions method
20:29:37 [TestNG-test-Test-3] INFO  verifyingFreeDeliveryFilterFunctionality_Mobile_20-29-26 - [verifyingFreeDeliveryFilterFunctionality_Mobile_20-29-26] Within deliveryElements loop iterating over the products  Within validateDeliveryFilterOptions method
20:29:37 [TestNG-test-Test-3] INFO  verifyingFreeDeliveryFilterFunctionality_Mobile_20-29-26 - [verifyingFreeDeliveryFilterFunctionality_Mobile_20-29-26] Checking if the allowedDateParts have the assert text   Within validateDeliveryFilterOptions method
20:29:37 [TestNG-test-Test-3] INFO  verifyingFreeDeliveryFilterFunctionality_Mobile_20-29-26 - [verifyingFreeDeliveryFilterFunctionality_Mobile_20-29-26] Within deliveryElements loop iterating over the products  Within validateDeliveryFilterOptions method
20:29:37 [TestNG-test-Test-3] INFO  verifyingFreeDeliveryFilterFunctionality_Mobile_20-29-26 - [verifyingFreeDeliveryFilterFunctionality_Mobile_20-29-26] Checking if the allowedDateParts have the assert text   Within validateDeliveryFilterOptions method
20:29:37 [TestNG-test-Test-3] INFO  verifyingFreeDeliveryFilterFunctionality_Mobile_20-29-26 - [verifyingFreeDeliveryFilterFunctionality_Mobile_20-29-26] Within deliveryElements loop iterating over the products  Within validateDeliveryFilterOptions method
20:29:37 [TestNG-test-Test-3] INFO  verifyingFreeDeliveryFilterFunctionality_Mobile_20-29-26 - [verifyingFreeDeliveryFilterFunctionality_Mobile_20-29-26] Checking if the allowedDateParts have the assert text   Within validateDeliveryFilterOptions method
20:29:37 [TestNG-test-Test-3] INFO  verifyingFreeDeliveryFilterFunctionality_Mobile_20-29-26 - [verifyingFreeDeliveryFilterFunctionality_Mobile_20-29-26] Returning the list with boolean values   Within validateDeliveryFilterOptions method
20:29:37 [TestNG-test-Test-3] INFO  verifyingFreeDeliveryFilterFunctionality_Mobile_20-29-26 - [verifyingFreeDeliveryFilterFunctionality_Mobile_20-29-26] Asserting delivery filter: isValid=true, index=-1, text=All the things are valid no errors
