21:06:42 [TestNG-test-Test-1] INFO  verifyingGetItByTomorrowFilterFunctionality_Mobile_21-06-42 - No existing WebDriver found for current thread. Initializing a new ChromeDriver...
21:06:42 [TestNG-test-Test-1] INFO  verifyingGetItByTomorrowFilterFunctionality_Mobile_21-06-42 - WebDriverManager: chromedriver setup OK
21:06:45 [TestNG-test-Test-1] INFO  verifyingGetItByTomorrowFilterFunctionality_Mobile_21-06-42 - ChromeDriver initialized successfully for thread: 34
21:06:45 [TestNG-test-Test-1] INFO  verifyingGetItByTomorrowFilterFunctionality_Mobile_21-06-42 - [verifyingGetItByTomorrowFilterFunctionality_Mobile_21-06-42] Opening amazon Landing page
21:06:45 [TestNG-test-Test-1] INFO  verifyingGetItByTomorrowFilterFunctionality_Mobile_21-06-42 - [verifyingGetItByTomorrowFilterFunctionality_Mobile_21-06-42] Within safeFindElement method
21:06:51 [TestNG-test-Test-1] INFO  verifyingGetItByTomorrowFilterFunctionality_Mobile_21-06-42 - [verifyingGetItByTomorrowFilterFunctionality_Mobile_21-06-42]Retrying findElement for: ->By.xpath: //a[@id='nav-logo-sprites']
21:06:52 [TestNG-test-Test-1] INFO  verifyingGetItByTomorrowFilterFunctionality_Mobile_21-06-42 - [verifyingGetItByTomorrowFilterFunctionality_Mobile_21-06-42]Refrehsing the page , while trying to safely find : ->By.xpath: //a[@id='nav-logo-sprites']
21:06:52 [TestNG-test-Test-1] INFO  verifyingGetItByTomorrowFilterFunctionality_Mobile_21-06-42 - [verifyingGetItByTomorrowFilterFunctionality_Mobile_21-06-42]Found the element returning it ,element ->[[ChromeDriver: chrome on windows (3ece2c8775539679dd049c99029501fa)] -> xpath: //a[@id='nav-logo-sprites']]
21:06:53 [TestNG-test-Test-1] INFO  verifyingGetItByTomorrowFilterFunctionality_Mobile_21-06-42 - [verifyingGetItByTomorrowFilterFunctionality_Mobile_21-06-42] Giving input within the search bar
21:06:53 [TestNG-test-Test-1] INFO  verifyingGetItByTomorrowFilterFunctionality_Mobile_21-06-42 - [verifyingGetItByTomorrowFilterFunctionality_Mobile_21-06-42] Within safeClick method
21:06:58 [TestNG-test-Test-1] INFO  verifyingGetItByTomorrowFilterFunctionality_Mobile_21-06-42 - [verifyingGetItByTomorrowFilterFunctionality_Mobile_21-06-42] Clicked the  [[ChromeDriver: chrome on windows (3ece2c8775539679dd049c99029501fa)] -> xpath: //input[@id='nav-search-submit-button']]   using safeClick
21:06:58 [TestNG-test-Test-1] INFO  verifyingGetItByTomorrowFilterFunctionality_Mobile_21-06-42 - [verifyingGetItByTomorrowFilterFunctionality_Mobile_21-06-42] Clicking on the submit in the search bar
21:06:58 [TestNG-test-Test-1] INFO  verifyingGetItByTomorrowFilterFunctionality_Mobile_21-06-42 - [verifyingGetItByTomorrowFilterFunctionality_Mobile_21-06-42] Waiting until element is visible in viewport
21:06:58 [TestNG-test-Test-1] INFO  verifyingGetItByTomorrowFilterFunctionality_Mobile_21-06-42 - [verifyingGetItByTomorrowFilterFunctionality_Mobile_21-06-42] Within validateDeliveryFilterOptionsWithResult method
21:06:58 [TestNG-test-Test-1] INFO  verifyingGetItByTomorrowFilterFunctionality_Mobile_21-06-42 - [verifyingGetItByTomorrowFilterFunctionality_Mobile_21-06-42] Within safeClick method
21:06:58 [TestNG-test-Test-1] INFO  verifyingGetItByTomorrowFilterFunctionality_Mobile_21-06-42 - [verifyingGetItByTomorrowFilterFunctionality_Mobile_21-06-42] Clicked the  [[ChromeDriver: chrome on windows (3ece2c8775539679dd049c99029501fa)] -> xpath: //span[@class='a-size-base a-color-base puis-bold-weight-text' and text()='Delivery Day']/parent::div/following-sibling::ul//span[@class='a-size-base a-color-base' and text()='Get It by Tomorrow']]   using safeClick
21:06:58 [TestNG-test-Test-1] INFO  verifyingGetItByTomorrowFilterFunctionality_Mobile_21-06-42 - [verifyingGetItByTomorrowFilterFunctionality_Mobile_21-06-42] Within getMoreButtonByFilterTypeAndName method
21:06:59 [TestNG-test-Test-1] INFO  verifyingGetItByTomorrowFilterFunctionality_Mobile_21-06-42 - [verifyingGetItByTomorrowFilterFunctionality_Mobile_21-06-42] Clicked on By.xpath: //span[@class='a-size-base a-color-base puis-bold-weight-text' and text()='Delivery Day']/parent::div/following-sibling::ul//span[@class='a-size-base a-color-base' and text()='Get It by Tomorrow']
21:06:59 [TestNG-test-Test-1] INFO  verifyingGetItByTomorrowFilterFunctionality_Mobile_21-06-42 - [verifyingGetItByTomorrowFilterFunctionality_Mobile_21-06-42] Within safeFindElements 
21:07:00 [TestNG-test-Test-1] INFO  verifyingGetItByTomorrowFilterFunctionality_Mobile_21-06-42 - [verifyingGetItByTomorrowFilterFunctionality_Mobile_21-06-42] Returning the  [[[ChromeDriver: chrome on windows (3ece2c8775539679dd049c99029501fa)] -> xpath: //div[@class='a-section a-spacing-small a-spacing-top-small']], [[ChromeDriver: chrome on windows (3ece2c8775539679dd049c99029501fa)] -> xpath: //div[@class='a-section a-spacing-small a-spacing-top-small']], [[ChromeDriver: chrome on windows (3ece2c8775539679dd049c99029501fa)] -> xpath: //div[@class='a-section a-spacing-small a-spacing-top-small']], [[ChromeDriver: chrome on windows (3ece2c8775539679dd049c99029501fa)] -> xpath: //div[@class='a-section a-spacing-small a-spacing-top-small']], [[ChromeDriver: chrome on windows (3ece2c8775539679dd049c99029501fa)] -> xpath: //div[@class='a-section a-spacing-small a-spacing-top-small']], [[ChromeDriver: chrome on windows (3ece2c8775539679dd049c99029501fa)] -> xpath: //div[@class='a-section a-spacing-small a-spacing-top-small']], [[ChromeDriver: chrome on windows (3ece2c8775539679dd049c99029501fa)] -> xpath: //div[@class='a-section a-spacing-small a-spacing-top-small']], [[ChromeDriver: chrome on windows (3ece2c8775539679dd049c99029501fa)] -> xpath: //div[@class='a-section a-spacing-small a-spacing-top-small']], [[ChromeDriver: chrome on windows (3ece2c8775539679dd049c99029501fa)] -> xpath: //div[@class='a-section a-spacing-small a-spacing-top-small']], [[ChromeDriver: chrome on windows (3ece2c8775539679dd049c99029501fa)] -> xpath: //div[@class='a-section a-spacing-small a-spacing-top-small']], [[ChromeDriver: chrome on windows (3ece2c8775539679dd049c99029501fa)] -> xpath: //div[@class='a-section a-spacing-small a-spacing-top-small']], [[ChromeDriver: chrome on windows (3ece2c8775539679dd049c99029501fa)] -> xpath: //div[@class='a-section a-spacing-small a-spacing-top-small']], [[ChromeDriver: chrome on windows (3ece2c8775539679dd049c99029501fa)] -> xpath: //div[@class='a-section a-spacing-small a-spacing-top-small']], [[ChromeDriver: chrome on windows (3ece2c8775539679dd049c99029501fa)] -> xpath: //div[@class='a-section a-spacing-small a-spacing-top-small']], [[ChromeDriver: chrome on windows (3ece2c8775539679dd049c99029501fa)] -> xpath: //div[@class='a-section a-spacing-small a-spacing-top-small']], [[ChromeDriver: chrome on windows (3ece2c8775539679dd049c99029501fa)] -> xpath: //div[@class='a-section a-spacing-small a-spacing-top-small']]] from the safeFindElements method
21:07:00 [TestNG-test-Test-1] INFO  verifyingGetItByTomorrowFilterFunctionality_Mobile_21-06-42 - [verifyingGetItByTomorrowFilterFunctionality_Mobile_21-06-42] Created hashset with required data to assert with Within validateDeliveryFilterOptionsWithResult method
21:07:00 [TestNG-test-Test-1] INFO  verifyingGetItByTomorrowFilterFunctionality_Mobile_21-06-42 - [verifyingGetItByTomorrowFilterFunctionality_Mobile_21-06-42] this is the set  [Thu, 23, 24, Today, FREE delivery, Wed, Tomorrow, Sep]
21:07:00 [TestNG-test-Test-1] INFO  verifyingGetItByTomorrowFilterFunctionality_Mobile_21-06-42 - [verifyingGetItByTomorrowFilterFunctionality_Mobile_21-06-42] Within deliveryElements loop iterating over the products  Within validateDeliveryFilterOptionsWithResult method
21:07:00 [TestNG-test-Test-1] INFO  verifyingGetItByTomorrowFilterFunctionality_Mobile_21-06-42 - [verifyingGetItByTomorrowFilterFunctionality_Mobile_21-06-42] Checking if the allowedDateParts have the assert text — index 0, text: Samsung Galaxy M07 Mobile (Black, 4GB RAM, 64GB Storage) | MediaTek Helio G99 | AnTuTu 624K | IP54| 50MP Camera | 7.6mm Slim | 5000mAh Battery | 25W Fast Charging | 6 Gen OS Upgrades | Without Charger
4.1
(2.4K)
5K+ bought in past month
₹11,999
Up to 5% back with Amazon Pay ICI...
FREE delivery Sun, 27 Sept
Or fastest delivery Today 8 am - 12 pm
Add to cart
21:07:00 [TestNG-test-Test-1] INFO  verifyingGetItByTomorrowFilterFunctionality_Mobile_21-06-42 - [verifyingGetItByTomorrowFilterFunctionality_Mobile_21-06-42] Within deliveryElements loop iterating over the products  Within validateDeliveryFilterOptionsWithResult method
21:07:00 [TestNG-test-Test-1] INFO  verifyingGetItByTomorrowFilterFunctionality_Mobile_21-06-42 - [verifyingGetItByTomorrowFilterFunctionality_Mobile_21-06-42] Checking if the allowedDateParts have the assert text — index 1, text: OnePlus 13s | Snapdragon® 8 Elite | Smarter with OnePlus AI | Lifetime Display Warranty | 12GB+512GB | Green Silk
4.6
(556)
200+ bought in past month
₹59,999
M.R.P:
₹62,999 (5% off)
Save extra with No Cost EMI
FREE delivery Sun, 27 Sept
Or fastest delivery Today 8 am - 12 pm
Add to cart
21:07:00 [TestNG-test-Test-1] INFO  verifyingGetItByTomorrowFilterFunctionality_Mobile_21-06-42 - [verifyingGetItByTomorrowFilterFunctionality_Mobile_21-06-42] Within deliveryElements loop iterating over the products  Within validateDeliveryFilterOptionsWithResult method
21:07:00 [TestNG-test-Test-1] INFO  verifyingGetItByTomorrowFilterFunctionality_Mobile_21-06-42 - [verifyingGetItByTomorrowFilterFunctionality_Mobile_21-06-42] Checking if the allowedDateParts have the assert text — index 2, text: iQOO Z10 Lite 5G (Titanium Blue 2026, 4GB RAM, 64GB Storage) | Dimensity 6300 5G Processor | 50MP Sony AI Camera | 6000 mAh Battery | IP64 Rated & Military Grade Shock-Resistance*
4.1
(421)
1K+ bought in past month
₹16,999
M.R.P:
₹27,999 (39% off)
FREE delivery Sun, 27 Sept
Or fastest delivery Today 8 am - 12 pm
Add to cart
21:07:00 [TestNG-test-Test-1] INFO  verifyingGetItByTomorrowFilterFunctionality_Mobile_21-06-42 - [verifyingGetItByTomorrowFilterFunctionality_Mobile_21-06-42] Within deliveryElements loop iterating over the products  Within validateDeliveryFilterOptionsWithResult method
21:07:00 [TestNG-test-Test-1] INFO  verifyingGetItByTomorrowFilterFunctionality_Mobile_21-06-42 - [verifyingGetItByTomorrowFilterFunctionality_Mobile_21-06-42] Checking if the allowedDateParts have the assert text — index 3, text: Redmi 15C 5G Prime Edition Dusk Purple 6GB + 128GB | Massive 6000mAh Battery | Segment's Largest 17.53cm Display Up to 120Hz | MediaTek Dimensity 6300 | 33W Fast Charging | 50MP AI Dual Camera
4.1
(581)
1K+ bought in past month
Limited time deal
₹19,499
M.R.P:
₹31,999 (39% off)
Up to 5% back with Amazon Pay ICI...
FREE delivery Sun, 27 Sept
Or fastest delivery Today 8 am - 12 pm
Add to cart
21:07:00 [TestNG-test-Test-1] INFO  verifyingGetItByTomorrowFilterFunctionality_Mobile_21-06-42 - [verifyingGetItByTomorrowFilterFunctionality_Mobile_21-06-42] Within deliveryElements loop iterating over the products  Within validateDeliveryFilterOptionsWithResult method
21:07:00 [TestNG-test-Test-1] INFO  verifyingGetItByTomorrowFilterFunctionality_Mobile_21-06-42 - [verifyingGetItByTomorrowFilterFunctionality_Mobile_21-06-42] Checking if the allowedDateParts have the assert text — index 4, text: Samsung Galaxy A56 5G Mobile (Awesome Olive, 8GB, 256GB) | Segment Most Complete Triple Camera | 50MP | AI Editing | 4nm Processor | sAMOLED | 5000mAh | Gorilla Glass Victus+| Knox Security
4.4
(666)
500+ bought in past month
₹40,999
M.R.P:
₹48,999 (16% off)
Up to 5% back with Amazon Pay ICI...
FREE delivery Sun, 27 Sept
Or fastest delivery Today 8 am - 12 pm
Add to cart
21:07:00 [TestNG-test-Test-1] INFO  verifyingGetItByTomorrowFilterFunctionality_Mobile_21-06-42 - [verifyingGetItByTomorrowFilterFunctionality_Mobile_21-06-42] Within deliveryElements loop iterating over the products  Within validateDeliveryFilterOptionsWithResult method
21:07:00 [TestNG-test-Test-1] INFO  verifyingGetItByTomorrowFilterFunctionality_Mobile_21-06-42 - [verifyingGetItByTomorrowFilterFunctionality_Mobile_21-06-42] Checking if the allowedDateParts have the assert text — index 5, text: REDMI A7 Pro 5G (Mist Blue, 4GB RAM, 64GB Storage) | Segment's Fastest Processor | Segment's Largest Battery | Segment's Largest & Smoothest 6.9in 120Hz Display
3.4
(2.4K)
1K+ bought in past month
₹14,999
M.R.P:
₹26,999 (44% off)
Up to 5% back with Amazon Pay ICI...
FREE delivery Sun, 27 Sept
Or fastest delivery Today 8 am - 12 pm
Add to cart
21:07:00 [TestNG-test-Test-1] INFO  verifyingGetItByTomorrowFilterFunctionality_Mobile_21-06-42 - [verifyingGetItByTomorrowFilterFunctionality_Mobile_21-06-42] Within deliveryElements loop iterating over the products  Within validateDeliveryFilterOptionsWithResult method
21:07:00 [TestNG-test-Test-1] INFO  verifyingGetItByTomorrowFilterFunctionality_Mobile_21-06-42 - [verifyingGetItByTomorrowFilterFunctionality_Mobile_21-06-42] Checking if the allowedDateParts have the assert text — index 6, text: OnePlus N6 | 4GB+128GB | Midnight Green | Segment's Biggest 8000mAh Battery | Segment's Fastest 45W Charging | 48-Month Smoothness | Smooth 120Hz Display | 50MP Camera | Military-Grade Durability
3.5
(488)
1K+ bought in past month
₹24,999
M.R.P:
₹30,999 (19% off)
Up to 5% back with Amazon Pay ICI...
FREE delivery Sun, 27 Sept
Or fastest delivery Today 8 am - 12 pm
Add to cart
21:07:00 [TestNG-test-Test-1] INFO  verifyingGetItByTomorrowFilterFunctionality_Mobile_21-06-42 - [verifyingGetItByTomorrowFilterFunctionality_Mobile_21-06-42] Within deliveryElements loop iterating over the products  Within validateDeliveryFilterOptionsWithResult method
21:07:00 [TestNG-test-Test-1] INFO  verifyingGetItByTomorrowFilterFunctionality_Mobile_21-06-42 - [verifyingGetItByTomorrowFilterFunctionality_Mobile_21-06-42] Checking if the allowedDateParts have the assert text — index 7, text: OnePlus Nord 6 | 8GB+256GB | Pitch Black | Snapdragon 8s Gen 4 | Segment's First Stable 165FPS Gaming | Segment's Largest 9000mAh Battery | Most Complete IP Rating | Personalized AI
4.3
(2.3K)
1K+ bought in past month
₹46,999
M.R.P:
₹52,999 (11% off)
Up to 5% back with Amazon Pay ICI...
FREE delivery Sun, 27 Sept
Or fastest delivery Today 8 am - 12 pm
Add to cart
21:07:00 [TestNG-test-Test-1] INFO  verifyingGetItByTomorrowFilterFunctionality_Mobile_21-06-42 - [verifyingGetItByTomorrowFilterFunctionality_Mobile_21-06-42] Within deliveryElements loop iterating over the products  Within validateDeliveryFilterOptionsWithResult method
21:07:00 [TestNG-test-Test-1] INFO  verifyingGetItByTomorrowFilterFunctionality_Mobile_21-06-42 - [verifyingGetItByTomorrowFilterFunctionality_Mobile_21-06-42] Checking if the allowedDateParts have the assert text — index 8, text: iQOO Neo 10 (Alpine White, 8GB RAM, 256GB Storage) | Segment's Fastest Processor* with Snapdragon 8s Gen 4 & Supercomputing chip Q1 | 120W FlashCharge | Segment's Brightest AMOLED Display*
4.4
(354)
1K+ bought in past month
₹43,999
M.R.P:
₹45,999 (4% off)
Up to 5% back with Amazon Pay ICI...
FREE delivery Sun, 27 Sept
Or fastest delivery Today 8 am - 12 pm
Add to cart
21:07:00 [TestNG-test-Test-1] INFO  verifyingGetItByTomorrowFilterFunctionality_Mobile_21-06-42 - [verifyingGetItByTomorrowFilterFunctionality_Mobile_21-06-42] Within deliveryElements loop iterating over the products  Within validateDeliveryFilterOptionsWithResult method
21:07:00 [TestNG-test-Test-1] INFO  verifyingGetItByTomorrowFilterFunctionality_Mobile_21-06-42 - [verifyingGetItByTomorrowFilterFunctionality_Mobile_21-06-42] Checking if the allowedDateParts have the assert text — index 9, text: OnePlus Nord CE6 Lite | 8GB+128GB | Vivid Mint | Segment's Fastest Dimensity 7400 Apex Processor | 7000mAh Battery | Segment's Highest 144Hz Refresh Rate | 50MP Main Camera, 4K Video Recording
4.4
(849)
500+ bought in past month
₹30,999
M.R.P:
₹33,999 (9% off)
Up to 5% back with Amazon Pay ICI...
FREE delivery Sun, 27 Sept
Or fastest delivery Today 8 am - 12 pm
Add to cart
21:07:00 [TestNG-test-Test-1] INFO  verifyingGetItByTomorrowFilterFunctionality_Mobile_21-06-42 - [verifyingGetItByTomorrowFilterFunctionality_Mobile_21-06-42] Within deliveryElements loop iterating over the products  Within validateDeliveryFilterOptionsWithResult method
21:07:00 [TestNG-test-Test-1] INFO  verifyingGetItByTomorrowFilterFunctionality_Mobile_21-06-42 - [verifyingGetItByTomorrowFilterFunctionality_Mobile_21-06-42] Checking if the allowedDateParts have the assert text — index 10, text: Tecno POP X 5G (Ripple Green, 4GB+128GB) | 6500mAh+45W Fast Charger | IP64 Pro | MIL-STD 810H Protection | Upto 12GB* RAM | Fastest 8X Network Speed* with URSP | 120Hz Smooth Display | 50MP Camera
3.5
(53)
1K+ bought in past month
Ends in 18:23:00
₹15,999
M.R.P:
₹27,999 (43% off)
Up to 5% back with Amazon Pay ICI...
FREE delivery Sun, 27 Sept
Or fastest delivery Today 8 am - 12 pm
Add to cart
21:07:00 [TestNG-test-Test-1] INFO  verifyingGetItByTomorrowFilterFunctionality_Mobile_21-06-42 - [verifyingGetItByTomorrowFilterFunctionality_Mobile_21-06-42] Within deliveryElements loop iterating over the products  Within validateDeliveryFilterOptionsWithResult method
21:07:00 [TestNG-test-Test-1] INFO  verifyingGetItByTomorrowFilterFunctionality_Mobile_21-06-42 - [verifyingGetItByTomorrowFilterFunctionality_Mobile_21-06-42] Checking if the allowedDateParts have the assert text — index 11, text: iQOO 15R (Dark Knight 2026, 12GB RAM, 256GB Storage) | Snapdragon® 8 Gen 5 Processor | India’s Slimmest Smartphone in 7600mAh Battery* | Segment's Most Stable 144FPS Gaming*
4.6
(748)
₹59,999
M.R.P:
₹77,999 (23% off)
Save extra with No Cost EMI
FREE delivery Sun, 27 Sept
Or fastest delivery Today 8 am - 12 pm
Add to cart
21:07:00 [TestNG-test-Test-1] INFO  verifyingGetItByTomorrowFilterFunctionality_Mobile_21-06-42 - [verifyingGetItByTomorrowFilterFunctionality_Mobile_21-06-42] Within deliveryElements loop iterating over the products  Within validateDeliveryFilterOptionsWithResult method
21:07:00 [TestNG-test-Test-1] INFO  verifyingGetItByTomorrowFilterFunctionality_Mobile_21-06-42 - [verifyingGetItByTomorrowFilterFunctionality_Mobile_21-06-42] Checking if the allowedDateParts have the assert text — index 12, text: Redmi 17 5G (Eternal Orange, 8GB RAM, 128GB ROM) | 7900mAh Battery + 45W Fast Charging | 6.9" 120Hz Adaptive Display | Snapdragon 4 Gen 5 | 50MP Dual AI Camera | Corning® Gorilla® Glass 7i | IP64
3.2
(12)
Limited time deal
₹26,999
M.R.P:
₹41,999 (36% off)
Up to 5% back with Amazon Pay ICI...
FREE delivery Sun, 27 Sept
Or fastest delivery Today 8 am - 12 pm
Add to cart
21:07:00 [TestNG-test-Test-1] INFO  verifyingGetItByTomorrowFilterFunctionality_Mobile_21-06-42 - [verifyingGetItByTomorrowFilterFunctionality_Mobile_21-06-42] Within deliveryElements loop iterating over the products  Within validateDeliveryFilterOptionsWithResult method
21:07:00 [TestNG-test-Test-1] INFO  verifyingGetItByTomorrowFilterFunctionality_Mobile_21-06-42 - [verifyingGetItByTomorrowFilterFunctionality_Mobile_21-06-42] Checking if the allowedDateParts have the assert text — index 13, text: Lava Bold N4 Lite (Empire Gold, 3GB RAM, 32GB Storage) | 6.56" qHD Display | 8MP Rear Camera | 5000 mAh Battery | Free Service @ Home | Fingerprint Reader | Charger & Phone-Cover in Box
3.3
(23)
Ends in 18:23:00
₹8,399
M.R.P:
₹9,999 (16% off)
Up to 5% back with Amazon Pay ICI...
FREE delivery Sun, 27 Sept
Or fastest delivery Today 8 am - 12 pm
Add to cart
21:07:00 [TestNG-test-Test-1] INFO  verifyingGetItByTomorrowFilterFunctionality_Mobile_21-06-42 - [verifyingGetItByTomorrowFilterFunctionality_Mobile_21-06-42] Within deliveryElements loop iterating over the products  Within validateDeliveryFilterOptionsWithResult method
21:07:00 [TestNG-test-Test-1] INFO  verifyingGetItByTomorrowFilterFunctionality_Mobile_21-06-42 - [verifyingGetItByTomorrowFilterFunctionality_Mobile_21-06-42] Checking if the allowedDateParts have the assert text — index 14, text: OnePlus Nord CE6 | 8GB+256GB | Fresh Blue | Snapdragon 7s Gen 4 | Segment's Fastest Touch Response | 8000mAh Battery | 144Hz 1.5K AMOLED Display | 50MP Main + 32MP Selfie 4K Cameras | IP66,68,69,69K
4.3
(2.9K)
500+ bought in past month
₹41,999
M.R.P:
₹43,999 (5% off)
Up to 5% back with Amazon Pay ICI...
FREE delivery Sun, 27 Sept
Or fastest delivery Today 8 am - 12 pm
Add to cart
21:07:00 [TestNG-test-Test-1] INFO  verifyingGetItByTomorrowFilterFunctionality_Mobile_21-06-42 - [verifyingGetItByTomorrowFilterFunctionality_Mobile_21-06-42] Within deliveryElements loop iterating over the products  Within validateDeliveryFilterOptionsWithResult method
21:07:00 [TestNG-test-Test-1] INFO  verifyingGetItByTomorrowFilterFunctionality_Mobile_21-06-42 - [verifyingGetItByTomorrowFilterFunctionality_Mobile_21-06-42] Checking if the allowedDateParts have the assert text — index 15, text: iQOO Z11xa 5G (Titan Black, 8GB RAM, 128 GB Storage) | Massive 7200mAh Battery | Dimensity 7400 Turbo Processor | OriginOS 6 with 4 Years of Security Updates*
3.5
(3)
₹28,999
M.R.P:
₹40,999 (29% off)
FREE delivery Sun, 27 Sept
Or fastest delivery Today 8 am - 12 pm
Add to cart
21:07:00 [TestNG-test-Test-1] INFO  verifyingGetItByTomorrowFilterFunctionality_Mobile_21-06-42 - [verifyingGetItByTomorrowFilterFunctionality_Mobile_21-06-42] Returning the list with boolean values   Within validateDeliveryFilterOptionsWithResult method
21:07:00 [TestNG-test-Test-1] INFO  verifyingGetItByTomorrowFilterFunctionality_Mobile_21-06-42 - [verifyingGetItByTomorrowFilterFunctionality_Mobile_21-06-42] Asserting delivery filter: isValid=true, index=-1, text=All the things are valid no errors
