19:39:12 [TestNG-test-Test-3] INFO  verifyingFreeDeliveryFilterFunctionality_Mobile_19-39-12 - No existing WebDriver found for current thread. Initializing a new ChromeDriver...
19:39:12 [TestNG-test-Test-3] INFO  verifyingFreeDeliveryFilterFunctionality_Mobile_19-39-12 - WebDriverManager: chromedriver setup OK
19:39:14 [TestNG-test-Test-3] INFO  verifyingFreeDeliveryFilterFunctionality_Mobile_19-39-12 - ChromeDriver initialized successfully for thread: 36
19:39:15 [TestNG-test-Test-3] INFO  verifyingFreeDeliveryFilterFunctionality_Mobile_19-39-12 - [verifyingFreeDeliveryFilterFunctionality_Mobile_19-39-12] Opening amazon Landing page
19:39:15 [TestNG-test-Test-3] INFO  verifyingFreeDeliveryFilterFunctionality_Mobile_19-39-12 - [verifyingFreeDeliveryFilterFunctionality_Mobile_19-39-12] Within safeFindElement method
19:39:17 [TestNG-test-Test-3] INFO  verifyingFreeDeliveryFilterFunctionality_Mobile_19-39-12 - [verifyingFreeDeliveryFilterFunctionality_Mobile_19-39-12]Found the element returning it ,element ->[[ChromeDriver: chrome on windows (d2285cb1227a0607f4b28246bd6d8028)] -> xpath: //a[@id='nav-logo-sprites']]
19:39:19 [TestNG-test-Test-3] INFO  verifyingFreeDeliveryFilterFunctionality_Mobile_19-39-12 - [verifyingFreeDeliveryFilterFunctionality_Mobile_19-39-12] Giving input within the search bar
19:39:19 [TestNG-test-Test-3] INFO  verifyingFreeDeliveryFilterFunctionality_Mobile_19-39-12 - [verifyingFreeDeliveryFilterFunctionality_Mobile_19-39-12] Within safeClick method
19:39:23 [TestNG-test-Test-3] INFO  verifyingFreeDeliveryFilterFunctionality_Mobile_19-39-12 - [verifyingFreeDeliveryFilterFunctionality_Mobile_19-39-12] Clicked the  [[ChromeDriver: chrome on windows (d2285cb1227a0607f4b28246bd6d8028)] -> xpath: //input[@id='nav-search-submit-button']]   using safeClick
19:39:23 [TestNG-test-Test-3] INFO  verifyingFreeDeliveryFilterFunctionality_Mobile_19-39-12 - [verifyingFreeDeliveryFilterFunctionality_Mobile_19-39-12] Clicking on the submit in the search bar
19:39:23 [TestNG-test-Test-3] INFO  verifyingFreeDeliveryFilterFunctionality_Mobile_19-39-12 - [verifyingFreeDeliveryFilterFunctionality_Mobile_19-39-12] Waiting until element is visible in viewport
19:39:23 [TestNG-test-Test-3] INFO  verifyingFreeDeliveryFilterFunctionality_Mobile_19-39-12 - [verifyingFreeDeliveryFilterFunctionality_Mobile_19-39-12] Within validateDeliveryFilterOptionsWithResult method
19:39:23 [TestNG-test-Test-3] INFO  verifyingFreeDeliveryFilterFunctionality_Mobile_19-39-12 - [verifyingFreeDeliveryFilterFunctionality_Mobile_19-39-12] Within safeClick method
19:39:23 [TestNG-test-Test-3] INFO  verifyingFreeDeliveryFilterFunctionality_Mobile_19-39-12 - [verifyingFreeDeliveryFilterFunctionality_Mobile_19-39-12] Clicked the  [[ChromeDriver: chrome on windows (d2285cb1227a0607f4b28246bd6d8028)] -> xpath: //span[@class='a-size-base a-color-base puis-bold-weight-text' and text()='Eligible for Free Delivery']/parent::div/following-sibling::ul//span[@class='a-size-base a-color-base' and text()='Free Shipping']]   using safeClick
19:39:23 [TestNG-test-Test-3] INFO  verifyingFreeDeliveryFilterFunctionality_Mobile_19-39-12 - [verifyingFreeDeliveryFilterFunctionality_Mobile_19-39-12] Within getMoreButtonByFilterTypeAndName method
19:39:23 [TestNG-test-Test-3] INFO  verifyingFreeDeliveryFilterFunctionality_Mobile_19-39-12 - [verifyingFreeDeliveryFilterFunctionality_Mobile_19-39-12] Clicked on By.xpath: //span[@class='a-size-base a-color-base puis-bold-weight-text' and text()='Eligible for Free Delivery']/parent::div/following-sibling::ul//span[@class='a-size-base a-color-base' and text()='Free Shipping']
19:39:23 [TestNG-test-Test-3] INFO  verifyingFreeDeliveryFilterFunctionality_Mobile_19-39-12 - [verifyingFreeDeliveryFilterFunctionality_Mobile_19-39-12] Within safeFindElements 
19:39:24 [TestNG-test-Test-3] INFO  verifyingFreeDeliveryFilterFunctionality_Mobile_19-39-12 - [verifyingFreeDeliveryFilterFunctionality_Mobile_19-39-12] Returning the  [[[ChromeDriver: chrome on windows (d2285cb1227a0607f4b28246bd6d8028)] -> xpath: //div[@class='a-section a-spacing-small a-spacing-top-small']], [[ChromeDriver: chrome on windows (d2285cb1227a0607f4b28246bd6d8028)] -> xpath: //div[@class='a-section a-spacing-small a-spacing-top-small']], [[ChromeDriver: chrome on windows (d2285cb1227a0607f4b28246bd6d8028)] -> xpath: //div[@class='a-section a-spacing-small a-spacing-top-small']], [[ChromeDriver: chrome on windows (d2285cb1227a0607f4b28246bd6d8028)] -> xpath: //div[@class='a-section a-spacing-small a-spacing-top-small']], [[ChromeDriver: chrome on windows (d2285cb1227a0607f4b28246bd6d8028)] -> xpath: //div[@class='a-section a-spacing-small a-spacing-top-small']], [[ChromeDriver: chrome on windows (d2285cb1227a0607f4b28246bd6d8028)] -> xpath: //div[@class='a-section a-spacing-small a-spacing-top-small']], [[ChromeDriver: chrome on windows (d2285cb1227a0607f4b28246bd6d8028)] -> xpath: //div[@class='a-section a-spacing-small a-spacing-top-small']], [[ChromeDriver: chrome on windows (d2285cb1227a0607f4b28246bd6d8028)] -> xpath: //div[@class='a-section a-spacing-small a-spacing-top-small']], [[ChromeDriver: chrome on windows (d2285cb1227a0607f4b28246bd6d8028)] -> xpath: //div[@class='a-section a-spacing-small a-spacing-top-small']], [[ChromeDriver: chrome on windows (d2285cb1227a0607f4b28246bd6d8028)] -> xpath: //div[@class='a-section a-spacing-small a-spacing-top-small']], [[ChromeDriver: chrome on windows (d2285cb1227a0607f4b28246bd6d8028)] -> xpath: //div[@class='a-section a-spacing-small a-spacing-top-small']], [[ChromeDriver: chrome on windows (d2285cb1227a0607f4b28246bd6d8028)] -> xpath: //div[@class='a-section a-spacing-small a-spacing-top-small']], [[ChromeDriver: chrome on windows (d2285cb1227a0607f4b28246bd6d8028)] -> xpath: //div[@class='a-section a-spacing-small a-spacing-top-small']], [[ChromeDriver: chrome on windows (d2285cb1227a0607f4b28246bd6d8028)] -> xpath: //div[@class='a-section a-spacing-small a-spacing-top-small']], [[ChromeDriver: chrome on windows (d2285cb1227a0607f4b28246bd6d8028)] -> xpath: //div[@class='a-section a-spacing-small a-spacing-top-small']], [[ChromeDriver: chrome on windows (d2285cb1227a0607f4b28246bd6d8028)] -> xpath: //div[@class='a-section a-spacing-small a-spacing-top-small']]] from the safeFindElements method
19:39:24 [TestNG-test-Test-3] INFO  verifyingFreeDeliveryFilterFunctionality_Mobile_19-39-12 - [verifyingFreeDeliveryFilterFunctionality_Mobile_19-39-12] Created hashset with required data to assert with Within validateDeliveryFilterOptions method
19:39:24 [TestNG-test-Test-3] INFO  verifyingFreeDeliveryFilterFunctionality_Mobile_19-39-12 - [verifyingFreeDeliveryFilterFunctionality_Mobile_19-39-12] this is the set  [Jun, Today, FREE delivery, Sat, Sun, Tomorrow, 20, 21]
19:39:24 [TestNG-test-Test-3] INFO  verifyingFreeDeliveryFilterFunctionality_Mobile_19-39-12 - [verifyingFreeDeliveryFilterFunctionality_Mobile_19-39-12] Within deliveryElements loop iterating over the products  Within validateDeliveryFilterOptions method
19:39:24 [TestNG-test-Test-3] INFO  verifyingFreeDeliveryFilterFunctionality_Mobile_19-39-12 - [verifyingFreeDeliveryFilterFunctionality_Mobile_19-39-12] Checking if the allowedDateParts have the assert text   Within validateDeliveryFilterOptions method
19:39:24 [TestNG-test-Test-3] INFO  verifyingFreeDeliveryFilterFunctionality_Mobile_19-39-12 - [verifyingFreeDeliveryFilterFunctionality_Mobile_19-39-12] Within deliveryElements loop iterating over the products  Within validateDeliveryFilterOptions method
19:39:24 [TestNG-test-Test-3] INFO  verifyingFreeDeliveryFilterFunctionality_Mobile_19-39-12 - [verifyingFreeDeliveryFilterFunctionality_Mobile_19-39-12] Checking if the allowedDateParts have the assert text   Within validateDeliveryFilterOptions method
19:39:24 [TestNG-test-Test-3] INFO  verifyingFreeDeliveryFilterFunctionality_Mobile_19-39-12 - [verifyingFreeDeliveryFilterFunctionality_Mobile_19-39-12] Within deliveryElements loop iterating over the products  Within validateDeliveryFilterOptions method
19:39:24 [TestNG-test-Test-3] INFO  verifyingFreeDeliveryFilterFunctionality_Mobile_19-39-12 - [verifyingFreeDeliveryFilterFunctionality_Mobile_19-39-12] Checking if the allowedDateParts have the assert text   Within validateDeliveryFilterOptions method
19:39:24 [TestNG-test-Test-3] INFO  verifyingFreeDeliveryFilterFunctionality_Mobile_19-39-12 - [verifyingFreeDeliveryFilterFunctionality_Mobile_19-39-12] Within deliveryElements loop iterating over the products  Within validateDeliveryFilterOptions method
19:39:24 [TestNG-test-Test-3] INFO  verifyingFreeDeliveryFilterFunctionality_Mobile_19-39-12 - [verifyingFreeDeliveryFilterFunctionality_Mobile_19-39-12] Checking if the allowedDateParts have the assert text   Within validateDeliveryFilterOptions method
19:39:24 [TestNG-test-Test-3] INFO  verifyingFreeDeliveryFilterFunctionality_Mobile_19-39-12 - [verifyingFreeDeliveryFilterFunctionality_Mobile_19-39-12] Within deliveryElements loop iterating over the products  Within validateDeliveryFilterOptions method
19:39:24 [TestNG-test-Test-3] INFO  verifyingFreeDeliveryFilterFunctionality_Mobile_19-39-12 - [verifyingFreeDeliveryFilterFunctionality_Mobile_19-39-12] Checking if the allowedDateParts have the assert text   Within validateDeliveryFilterOptions method
19:39:24 [TestNG-test-Test-3] INFO  verifyingFreeDeliveryFilterFunctionality_Mobile_19-39-12 - [verifyingFreeDeliveryFilterFunctionality_Mobile_19-39-12] Within deliveryElements loop iterating over the products  Within validateDeliveryFilterOptions method
19:39:25 [TestNG-test-Test-3] INFO  verifyingFreeDeliveryFilterFunctionality_Mobile_19-39-12 - [verifyingFreeDeliveryFilterFunctionality_Mobile_19-39-12] Checking if the allowedDateParts have the assert text   Within validateDeliveryFilterOptions method
19:39:25 [TestNG-test-Test-3] INFO  verifyingFreeDeliveryFilterFunctionality_Mobile_19-39-12 - [verifyingFreeDeliveryFilterFunctionality_Mobile_19-39-12] Within deliveryElements loop iterating over the products  Within validateDeliveryFilterOptions method
19:39:25 [TestNG-test-Test-3] INFO  verifyingFreeDeliveryFilterFunctionality_Mobile_19-39-12 - [verifyingFreeDeliveryFilterFunctionality_Mobile_19-39-12] Assert text not found wihtin AllowedDateParts
19:39:25 [TestNG-test-Test-3] INFO  verifyingFreeDeliveryFilterFunctionality_Mobile_19-39-12 - [verifyingFreeDeliveryFilterFunctionality_Mobile_19-39-12] Asserting delivery filter: isValid=false, index=6, text=Samsung Galaxy F06 5G, Lit Voilet (6GB, 128GB)
4.2
(146)
2K+ bought in past month
₹11,000
M.R.P:
₹12,000 (8% off)
Add to cart
