19:40:01 [TestNG-test-Test-3] INFO  verifyingPriceSilderFunctionality_19-40-01 - No existing WebDriver found for current thread. Initializing a new ChromeDriver...
19:40:01 [TestNG-test-Test-3] INFO  verifyingPriceSilderFunctionality_19-40-01 - WebDriverManager: chromedriver setup OK
19:40:03 [TestNG-test-Test-3] INFO  verifyingPriceSilderFunctionality_19-40-01 - ChromeDriver initialized successfully for thread: 36
19:40:06 [TestNG-test-Test-3] INFO  verifyingPriceSilderFunctionality_19-40-01 - [verifyingPriceSilderFunctionality_19-40-01] Opening amazon Landing page
19:40:06 [TestNG-test-Test-3] INFO  verifyingPriceSilderFunctionality_19-40-01 - [verifyingPriceSilderFunctionality_19-40-01] Within safeFindElement method
19:40:06 [TestNG-test-Test-3] INFO  verifyingPriceSilderFunctionality_19-40-01 - [verifyingPriceSilderFunctionality_19-40-01]Found the element returning it ,element ->[[ChromeDriver: chrome on windows (211cfc0a8fc2c78cd4ac4a59c33a1e4e)] -> xpath: //a[@id='nav-logo-sprites']]
19:40:07 [TestNG-test-Test-3] INFO  verifyingPriceSilderFunctionality_19-40-01 - [verifyingPriceSilderFunctionality_19-40-01] Giving input within the search bar
19:40:07 [TestNG-test-Test-3] INFO  verifyingPriceSilderFunctionality_19-40-01 - [verifyingPriceSilderFunctionality_19-40-01] Within safeClick method
19:40:09 [TestNG-test-Test-3] INFO  verifyingPriceSilderFunctionality_19-40-01 - [verifyingPriceSilderFunctionality_19-40-01] Clicked the  [[ChromeDriver: chrome on windows (211cfc0a8fc2c78cd4ac4a59c33a1e4e)] -> xpath: //input[@id='nav-search-submit-button']]   using safeClick
19:40:09 [TestNG-test-Test-3] INFO  verifyingPriceSilderFunctionality_19-40-01 - [verifyingPriceSilderFunctionality_19-40-01] Clicking on the submit in the search bar
19:40:09 [TestNG-test-Test-3] INFO  verifyingPriceSilderFunctionality_19-40-01 - [verifyingPriceSilderFunctionality_19-40-01] Within filterCheckUnderList method
19:40:09 [TestNG-test-Test-3] INFO  verifyingPriceSilderFunctionality_19-40-01 - [verifyingPriceSilderFunctionality_19-40-01] Found the Filter within the filter check List
19:40:09 [TestNG-test-Test-3] INFO  verifyingPriceSilderFunctionality_19-40-01 - [verifyingPriceSilderFunctionality_19-40-01] Within applyPriceSliderAndValidateWithResult method
19:40:09 [TestNG-test-Test-3] INFO  verifyingPriceSilderFunctionality_19-40-01 - [verifyingPriceSilderFunctionality_19-40-01] Within smoothScrollToElement method
19:40:09 [TestNG-test-Test-3] INFO  verifyingPriceSilderFunctionality_19-40-01 - [verifyingPriceSilderFunctionality_19-40-01] Within safeFindElement method
19:40:09 [TestNG-test-Test-3] INFO  verifyingPriceSilderFunctionality_19-40-01 - [verifyingPriceSilderFunctionality_19-40-01]Found the element returning it ,element ->[[ChromeDriver: chrome on windows (211cfc0a8fc2c78cd4ac4a59c33a1e4e)] -> id: p_36/range-slider_slider-item_lower-bound-slider]
19:40:09 [TestNG-test-Test-3] INFO  verifyingPriceSilderFunctionality_19-40-01 - [verifyingPriceSilderFunctionality_19-40-01] Successfully scrolled to element: By.id: p_36/range-slider_slider-item_lower-bound-slider
19:40:09 [TestNG-test-Test-3] INFO  verifyingPriceSilderFunctionality_19-40-01 - [verifyingPriceSilderFunctionality_19-40-01] Within safeFindElement method
19:40:09 [TestNG-test-Test-3] INFO  verifyingPriceSilderFunctionality_19-40-01 - [verifyingPriceSilderFunctionality_19-40-01]Found the element returning it ,element ->[[ChromeDriver: chrome on windows (211cfc0a8fc2c78cd4ac4a59c33a1e4e)] -> id: p_36/range-slider_slider-item_lower-bound-slider]
19:40:09 [TestNG-test-Test-3] INFO  verifyingPriceSilderFunctionality_19-40-01 - [verifyingPriceSilderFunctionality_19-40-01] Within safeFindElement method
19:40:09 [TestNG-test-Test-3] INFO  verifyingPriceSilderFunctionality_19-40-01 - [verifyingPriceSilderFunctionality_19-40-01]Found the element returning it ,element ->[[ChromeDriver: chrome on windows (211cfc0a8fc2c78cd4ac4a59c33a1e4e)] -> id: p_36/range-slider_slider-item_upper-bound-slider]
19:40:09 [TestNG-test-Test-3] INFO  verifyingPriceSilderFunctionality_19-40-01 - [verifyingPriceSilderFunctionality_19-40-01] in the setSliderValue method with value 61
19:40:09 [TestNG-test-Test-3] INFO  verifyingPriceSilderFunctionality_19-40-01 - [verifyingPriceSilderFunctionality_19-40-01] in the setSliderValue method with value 81
19:40:09 [TestNG-test-Test-3] INFO  verifyingPriceSilderFunctionality_19-40-01 - [verifyingPriceSilderFunctionality_19-40-01] Within safeFindElement method
19:40:09 [TestNG-test-Test-3] INFO  verifyingPriceSilderFunctionality_19-40-01 - [verifyingPriceSilderFunctionality_19-40-01]Found the element returning it ,element ->[[ChromeDriver: chrome on windows (211cfc0a8fc2c78cd4ac4a59c33a1e4e)] -> xpath: //label[@for='p_36/range-slider_slider-item_upper-bound-slider']]
19:40:09 [TestNG-test-Test-3] INFO  verifyingPriceSilderFunctionality_19-40-01 - [verifyingPriceSilderFunctionality_19-40-01] Within safeFindElement method
19:40:09 [TestNG-test-Test-3] INFO  verifyingPriceSilderFunctionality_19-40-01 - [verifyingPriceSilderFunctionality_19-40-01]Found the element returning it ,element ->[[ChromeDriver: chrome on windows (211cfc0a8fc2c78cd4ac4a59c33a1e4e)] -> xpath: //label[@for='p_36/range-slider_slider-item_lower-bound-slider']]
19:40:10 [TestNG-test-Test-3] INFO  verifyingPriceSilderFunctionality_19-40-01 - [verifyingPriceSilderFunctionality_19-40-01] Within smoothScrollToElement method
19:40:10 [TestNG-test-Test-3] INFO  verifyingPriceSilderFunctionality_19-40-01 - [verifyingPriceSilderFunctionality_19-40-01] Within safeFindElement method
19:40:11 [TestNG-test-Test-3] INFO  verifyingPriceSilderFunctionality_19-40-01 - [verifyingPriceSilderFunctionality_19-40-01]Found the element returning it ,element ->[[ChromeDriver: chrome on windows (211cfc0a8fc2c78cd4ac4a59c33a1e4e)] -> id: p_36/range-slider_slider-item_lower-bound-slider]
19:40:11 [TestNG-test-Test-3] INFO  verifyingPriceSilderFunctionality_19-40-01 - [verifyingPriceSilderFunctionality_19-40-01] Successfully scrolled to element: By.id: p_36/range-slider_slider-item_lower-bound-slider
19:40:11 [TestNG-test-Test-3] INFO  verifyingPriceSilderFunctionality_19-40-01 - [verifyingPriceSilderFunctionality_19-40-01] Adding the data 'min','max','isValid' ,'mismatches' to 'result' Map->81
19:40:11 [TestNG-test-Test-3] INFO  verifyingPriceSilderFunctionality_19-40-01 - [verifyingPriceSilderFunctionality_19-40-01] Adding the 'results'  Map to the master 'allResults' i.e is List of maps->81
19:40:11 [TestNG-test-Test-3] INFO  verifyingPriceSilderFunctionality_19-40-01 - [verifyingPriceSilderFunctionality_19-40-01] in the setSliderValue method with value 91
19:40:11 [TestNG-test-Test-3] INFO  verifyingPriceSilderFunctionality_19-40-01 - [verifyingPriceSilderFunctionality_19-40-01] in the setSliderValue method with value 121
19:40:11 [TestNG-test-Test-3] INFO  verifyingPriceSilderFunctionality_19-40-01 - [verifyingPriceSilderFunctionality_19-40-01] Within safeFindElement method
19:40:11 [TestNG-test-Test-3] INFO  verifyingPriceSilderFunctionality_19-40-01 - [verifyingPriceSilderFunctionality_19-40-01]Found the element returning it ,element ->[[ChromeDriver: chrome on windows (211cfc0a8fc2c78cd4ac4a59c33a1e4e)] -> xpath: //label[@for='p_36/range-slider_slider-item_upper-bound-slider']]
19:40:11 [TestNG-test-Test-3] INFO  verifyingPriceSilderFunctionality_19-40-01 - [verifyingPriceSilderFunctionality_19-40-01] Within safeFindElement method
19:40:11 [TestNG-test-Test-3] INFO  verifyingPriceSilderFunctionality_19-40-01 - [verifyingPriceSilderFunctionality_19-40-01]Found the element returning it ,element ->[[ChromeDriver: chrome on windows (211cfc0a8fc2c78cd4ac4a59c33a1e4e)] -> xpath: //label[@for='p_36/range-slider_slider-item_lower-bound-slider']]
19:40:12 [TestNG-test-Test-3] INFO  verifyingPriceSilderFunctionality_19-40-01 - [verifyingPriceSilderFunctionality_19-40-01] Within smoothScrollToElement method
19:40:12 [TestNG-test-Test-3] INFO  verifyingPriceSilderFunctionality_19-40-01 - [verifyingPriceSilderFunctionality_19-40-01] Within safeFindElement method
19:40:13 [TestNG-test-Test-3] INFO  verifyingPriceSilderFunctionality_19-40-01 - [verifyingPriceSilderFunctionality_19-40-01]Found the element returning it ,element ->[[ChromeDriver: chrome on windows (211cfc0a8fc2c78cd4ac4a59c33a1e4e)] -> id: p_36/range-slider_slider-item_lower-bound-slider]
19:40:13 [TestNG-test-Test-3] INFO  verifyingPriceSilderFunctionality_19-40-01 - [verifyingPriceSilderFunctionality_19-40-01] Successfully scrolled to element: By.id: p_36/range-slider_slider-item_lower-bound-slider
19:40:13 [TestNG-test-Test-3] INFO  verifyingPriceSilderFunctionality_19-40-01 - [verifyingPriceSilderFunctionality_19-40-01] Adding the data 'min','max','isValid' ,'mismatches' to 'result' Map->121
19:40:13 [TestNG-test-Test-3] INFO  verifyingPriceSilderFunctionality_19-40-01 - [verifyingPriceSilderFunctionality_19-40-01] Adding the 'results'  Map to the master 'allResults' i.e is List of maps->121
19:40:13 [TestNG-test-Test-3] INFO  verifyingPriceSilderFunctionality_19-40-01 - [verifyingPriceSilderFunctionality_19-40-01] in the setSliderValue method with value 131
19:40:13 [TestNG-test-Test-3] INFO  verifyingPriceSilderFunctionality_19-40-01 - [verifyingPriceSilderFunctionality_19-40-01] in the setSliderValue method with value 161
19:40:13 [TestNG-test-Test-3] INFO  verifyingPriceSilderFunctionality_19-40-01 - [verifyingPriceSilderFunctionality_19-40-01] Within safeFindElement method
19:40:13 [TestNG-test-Test-3] INFO  verifyingPriceSilderFunctionality_19-40-01 - [verifyingPriceSilderFunctionality_19-40-01]Found the element returning it ,element ->[[ChromeDriver: chrome on windows (211cfc0a8fc2c78cd4ac4a59c33a1e4e)] -> xpath: //label[@for='p_36/range-slider_slider-item_upper-bound-slider']]
19:40:13 [TestNG-test-Test-3] INFO  verifyingPriceSilderFunctionality_19-40-01 - [verifyingPriceSilderFunctionality_19-40-01] Within safeFindElement method
19:40:13 [TestNG-test-Test-3] INFO  verifyingPriceSilderFunctionality_19-40-01 - [verifyingPriceSilderFunctionality_19-40-01]Found the element returning it ,element ->[[ChromeDriver: chrome on windows (211cfc0a8fc2c78cd4ac4a59c33a1e4e)] -> xpath: //label[@for='p_36/range-slider_slider-item_lower-bound-slider']]
19:40:14 [TestNG-test-Test-3] INFO  verifyingPriceSilderFunctionality_19-40-01 - [verifyingPriceSilderFunctionality_19-40-01] Within smoothScrollToElement method
19:40:14 [TestNG-test-Test-3] INFO  verifyingPriceSilderFunctionality_19-40-01 - [verifyingPriceSilderFunctionality_19-40-01] Within safeFindElement method
19:40:15 [TestNG-test-Test-3] INFO  verifyingPriceSilderFunctionality_19-40-01 - [verifyingPriceSilderFunctionality_19-40-01]Found the element returning it ,element ->[[ChromeDriver: chrome on windows (211cfc0a8fc2c78cd4ac4a59c33a1e4e)] -> id: p_36/range-slider_slider-item_lower-bound-slider]
19:40:15 [TestNG-test-Test-3] INFO  verifyingPriceSilderFunctionality_19-40-01 - [verifyingPriceSilderFunctionality_19-40-01] Successfully scrolled to element: By.id: p_36/range-slider_slider-item_lower-bound-slider
19:40:15 [TestNG-test-Test-3] INFO  verifyingPriceSilderFunctionality_19-40-01 - [verifyingPriceSilderFunctionality_19-40-01] Adding the data 'min','max','isValid' ,'mismatches' to 'result' Map->161
19:40:15 [TestNG-test-Test-3] INFO  verifyingPriceSilderFunctionality_19-40-01 - [verifyingPriceSilderFunctionality_19-40-01] Adding the 'results'  Map to the master 'allResults' i.e is List of maps->161
19:40:15 [TestNG-test-Test-3] INFO  verifyingPriceSilderFunctionality_19-40-01 - [verifyingPriceSilderFunctionality_19-40-01] Returning the data here in the end
19:40:15 [TestNG-test-Test-3] INFO  verifyingPriceSilderFunctionality_19-40-01 - [verifyingPriceSilderFunctionality_19-40-01]  Price range validated successfully: 61 - 81
19:40:15 [TestNG-test-Test-3] INFO  verifyingPriceSilderFunctionality_19-40-01 - [verifyingPriceSilderFunctionality_19-40-01] ------------------------------------------------------------
19:40:15 [TestNG-test-Test-3] INFO  verifyingPriceSilderFunctionality_19-40-01 - [verifyingPriceSilderFunctionality_19-40-01]  Price range validated successfully: 91 - 121
19:40:15 [TestNG-test-Test-3] INFO  verifyingPriceSilderFunctionality_19-40-01 - [verifyingPriceSilderFunctionality_19-40-01] ------------------------------------------------------------
19:40:15 [TestNG-test-Test-3] INFO  verifyingPriceSilderFunctionality_19-40-01 - [verifyingPriceSilderFunctionality_19-40-01]  Price range validated successfully: 131 - 161
19:40:15 [TestNG-test-Test-3] INFO  verifyingPriceSilderFunctionality_19-40-01 - [verifyingPriceSilderFunctionality_19-40-01] ------------------------------------------------------------
19:40:15 [TestNG-test-Test-3] INFO  verifyingPriceSilderFunctionality_19-40-01 - [verifyingPriceSilderFunctionality_19-40-01]  Asserting all soft assertions now...
