21:33:21 [TestNG-test-Test-3] INFO  verifyingFreeDeliveryFilterFunctionality_Tablet_21-33-21 - No existing WebDriver found for current thread. Initializing a new ChromeDriver...
21:33:22 [TestNG-test-Test-3] INFO  verifyingFreeDeliveryFilterFunctionality_Tablet_21-33-21 - WebDriverManager: chromedriver setup OK
21:33:23 [TestNG-test-Test-3] INFO  verifyingFreeDeliveryFilterFunctionality_Tablet_21-33-21 - ChromeDriver initialized successfully for thread: 36
21:33:24 [TestNG-test-Test-3] INFO  verifyingFreeDeliveryFilterFunctionality_Tablet_21-33-21 - [verifyingFreeDeliveryFilterFunctionality_Tablet_21-33-21] Opening amazon Landing page
21:33:24 [TestNG-test-Test-3] INFO  verifyingFreeDeliveryFilterFunctionality_Tablet_21-33-21 - [verifyingFreeDeliveryFilterFunctionality_Tablet_21-33-21] Within safeFindElement method
21:33:29 [TestNG-test-Test-3] INFO  verifyingFreeDeliveryFilterFunctionality_Tablet_21-33-21 - [verifyingFreeDeliveryFilterFunctionality_Tablet_21-33-21]Retrying findElement for: ->By.xpath: //a[@id='nav-logo-sprites']
21:33:29 [TestNG-test-Test-3] INFO  verifyingFreeDeliveryFilterFunctionality_Tablet_21-33-21 - [verifyingFreeDeliveryFilterFunctionality_Tablet_21-33-21]Refrehsing the page , while trying to safely find : ->By.xpath: //a[@id='nav-logo-sprites']
21:33:34 [TestNG-test-Test-3] INFO  verifyingFreeDeliveryFilterFunctionality_Tablet_21-33-21 - [verifyingFreeDeliveryFilterFunctionality_Tablet_21-33-21]Retrying findElement for: ->By.xpath: //a[@id='nav-logo-sprites']
21:33:35 [TestNG-test-Test-3] INFO  verifyingFreeDeliveryFilterFunctionality_Tablet_21-33-21 - [verifyingFreeDeliveryFilterFunctionality_Tablet_21-33-21]Refrehsing the page , while trying to safely find : ->By.xpath: //a[@id='nav-logo-sprites']
21:33:35 [TestNG-test-Test-3] INFO  verifyingFreeDeliveryFilterFunctionality_Tablet_21-33-21 - [verifyingFreeDeliveryFilterFunctionality_Tablet_21-33-21] Skipping action: Element not found after 2   attemps
21:33:38 [TestNG-test-Test-3] INFO  verifyingFreeDeliveryFilterFunctionality_Tablet_21-33-21 - [verifyingFreeDeliveryFilterFunctionality_Tablet_21-33-21] Giving input within the search bar
21:33:38 [TestNG-test-Test-3] INFO  verifyingFreeDeliveryFilterFunctionality_Tablet_21-33-21 - [verifyingFreeDeliveryFilterFunctionality_Tablet_21-33-21] Within safeClick method
21:33:42 [TestNG-test-Test-3] INFO  verifyingFreeDeliveryFilterFunctionality_Tablet_21-33-21 - [verifyingFreeDeliveryFilterFunctionality_Tablet_21-33-21] Clicked the  [[ChromeDriver: chrome on windows (9ed8aefc3fc851204c16b3e0f2c3f382)] -> xpath: //input[@id='nav-search-submit-button']]   using safeClick
21:33:42 [TestNG-test-Test-3] INFO  verifyingFreeDeliveryFilterFunctionality_Tablet_21-33-21 - [verifyingFreeDeliveryFilterFunctionality_Tablet_21-33-21] Clicking on the submit in the search bar
21:33:42 [TestNG-test-Test-3] INFO  verifyingFreeDeliveryFilterFunctionality_Tablet_21-33-21 - [verifyingFreeDeliveryFilterFunctionality_Tablet_21-33-21] Waiting until element is visible in viewport
21:33:42 [TestNG-test-Test-3] INFO  verifyingFreeDeliveryFilterFunctionality_Tablet_21-33-21 - [verifyingFreeDeliveryFilterFunctionality_Tablet_21-33-21] Within validateDeliveryFilterOptionsWithResult method
21:33:42 [TestNG-test-Test-3] INFO  verifyingFreeDeliveryFilterFunctionality_Tablet_21-33-21 - [verifyingFreeDeliveryFilterFunctionality_Tablet_21-33-21] Within safeClick method
21:33:42 [TestNG-test-Test-3] INFO  verifyingFreeDeliveryFilterFunctionality_Tablet_21-33-21 - [verifyingFreeDeliveryFilterFunctionality_Tablet_21-33-21] Clicked the  [[ChromeDriver: chrome on windows (9ed8aefc3fc851204c16b3e0f2c3f382)] -> xpath: //span[@class='a-size-base a-color-base puis-bold-weight-text' and text()='Eligible for Free Delivery']/parent::div/following-sibling::ul//span[@class='a-size-base a-color-base' and text()='Free Shipping']]   using safeClick
21:33:42 [TestNG-test-Test-3] INFO  verifyingFreeDeliveryFilterFunctionality_Tablet_21-33-21 - [verifyingFreeDeliveryFilterFunctionality_Tablet_21-33-21] Within getMoreButtonByFilterTypeAndName method
21:33:43 [TestNG-test-Test-3] INFO  verifyingFreeDeliveryFilterFunctionality_Tablet_21-33-21 - [verifyingFreeDeliveryFilterFunctionality_Tablet_21-33-21] Clicked on By.xpath: //span[@class='a-size-base a-color-base puis-bold-weight-text' and text()='Eligible for Free Delivery']/parent::div/following-sibling::ul//span[@class='a-size-base a-color-base' and text()='Free Shipping']
21:33:43 [TestNG-test-Test-3] INFO  verifyingFreeDeliveryFilterFunctionality_Tablet_21-33-21 - [verifyingFreeDeliveryFilterFunctionality_Tablet_21-33-21] Within safeFindElements 
21:33:44 [TestNG-test-Test-3] INFO  verifyingFreeDeliveryFilterFunctionality_Tablet_21-33-21 - [verifyingFreeDeliveryFilterFunctionality_Tablet_21-33-21] Returning the  [[[ChromeDriver: chrome on windows (9ed8aefc3fc851204c16b3e0f2c3f382)] -> xpath: //div[@class='a-section a-spacing-small a-spacing-top-small']], [[ChromeDriver: chrome on windows (9ed8aefc3fc851204c16b3e0f2c3f382)] -> xpath: //div[@class='a-section a-spacing-small a-spacing-top-small']], [[ChromeDriver: chrome on windows (9ed8aefc3fc851204c16b3e0f2c3f382)] -> xpath: //div[@class='a-section a-spacing-small a-spacing-top-small']], [[ChromeDriver: chrome on windows (9ed8aefc3fc851204c16b3e0f2c3f382)] -> xpath: //div[@class='a-section a-spacing-small a-spacing-top-small']], [[ChromeDriver: chrome on windows (9ed8aefc3fc851204c16b3e0f2c3f382)] -> xpath: //div[@class='a-section a-spacing-small a-spacing-top-small']], [[ChromeDriver: chrome on windows (9ed8aefc3fc851204c16b3e0f2c3f382)] -> xpath: //div[@class='a-section a-spacing-small a-spacing-top-small']], [[ChromeDriver: chrome on windows (9ed8aefc3fc851204c16b3e0f2c3f382)] -> xpath: //div[@class='a-section a-spacing-small a-spacing-top-small']], [[ChromeDriver: chrome on windows (9ed8aefc3fc851204c16b3e0f2c3f382)] -> xpath: //div[@class='a-section a-spacing-small a-spacing-top-small']], [[ChromeDriver: chrome on windows (9ed8aefc3fc851204c16b3e0f2c3f382)] -> xpath: //div[@class='a-section a-spacing-small a-spacing-top-small']], [[ChromeDriver: chrome on windows (9ed8aefc3fc851204c16b3e0f2c3f382)] -> xpath: //div[@class='a-section a-spacing-small a-spacing-top-small']], [[ChromeDriver: chrome on windows (9ed8aefc3fc851204c16b3e0f2c3f382)] -> xpath: //div[@class='a-section a-spacing-small a-spacing-top-small']], [[ChromeDriver: chrome on windows (9ed8aefc3fc851204c16b3e0f2c3f382)] -> xpath: //div[@class='a-section a-spacing-small a-spacing-top-small']], [[ChromeDriver: chrome on windows (9ed8aefc3fc851204c16b3e0f2c3f382)] -> xpath: //div[@class='a-section a-spacing-small a-spacing-top-small']], [[ChromeDriver: chrome on windows (9ed8aefc3fc851204c16b3e0f2c3f382)] -> xpath: //div[@class='a-section a-spacing-small a-spacing-top-small']], [[ChromeDriver: chrome on windows (9ed8aefc3fc851204c16b3e0f2c3f382)] -> xpath: //div[@class='a-section a-spacing-small a-spacing-top-small']], [[ChromeDriver: chrome on windows (9ed8aefc3fc851204c16b3e0f2c3f382)] -> xpath: //div[@class='a-section a-spacing-small a-spacing-top-small']]] from the safeFindElements method
21:33:44 [TestNG-test-Test-3] INFO  verifyingFreeDeliveryFilterFunctionality_Tablet_21-33-21 - [verifyingFreeDeliveryFilterFunctionality_Tablet_21-33-21] Created hashset with required data to assert with Within validateDeliveryFilterOptionsWithResult method
21:33:44 [TestNG-test-Test-3] INFO  verifyingFreeDeliveryFilterFunctionality_Tablet_21-33-21 - [verifyingFreeDeliveryFilterFunctionality_Tablet_21-33-21] this is the set  [22, Today, Tue, FREE delivery, Mon, Tomorrow, 21, Sep]
21:33:44 [TestNG-test-Test-3] INFO  verifyingFreeDeliveryFilterFunctionality_Tablet_21-33-21 - [verifyingFreeDeliveryFilterFunctionality_Tablet_21-33-21] Within deliveryElements loop iterating over the products  Within validateDeliveryFilterOptionsWithResult method
21:33:44 [TestNG-test-Test-3] INFO  verifyingFreeDeliveryFilterFunctionality_Tablet_21-33-21 - [verifyingFreeDeliveryFilterFunctionality_Tablet_21-33-21] Checking if the allowedDateParts have the assert text — index 0, text: Samsung Galaxy Tab A11+ [Smartchoice], 11-inch (27.82 CM), LCD Display, 6GB RAM, 128GB ROM, Wi-Fi, Quad Speakers, Dolby Atmos, Gray, AI Enabled
4.4
(251)
400+ bought in past month
₹25,999
M.R.P:
₹27,999 (7% off)
Save extra with No Cost EMI
FREE delivery Thu, 24 Sept
Or fastest delivery Today 4 pm - 8 pm
Add to cart
21:33:44 [TestNG-test-Test-3] INFO  verifyingFreeDeliveryFilterFunctionality_Tablet_21-33-21 - [verifyingFreeDeliveryFilterFunctionality_Tablet_21-33-21] Within deliveryElements loop iterating over the products  Within validateDeliveryFilterOptionsWithResult method
21:33:44 [TestNG-test-Test-3] INFO  verifyingFreeDeliveryFilterFunctionality_Tablet_21-33-21 - [verifyingFreeDeliveryFilterFunctionality_Tablet_21-33-21] Checking if the allowedDateParts have the assert text — index 1, text: DOMO Slate SL40 2C Tablet for Students Foundation Exams, 10 Inch Android Tablet, IPS Display, 4G Dual SIM, 4GB RAM, 32GB Storage (Expandable to 1TB), Octa-Core Processor, GPS, WiFi, Bluetooth (Grey)
3.6
(3)
300+ bought in past month
Limited time deal
₹7,990
M.R.P:
₹24,990 (68% off)
You pay ₹7,830.20 with coupon
FREE delivery Tue, 29 Sept
Or fastest delivery Tomorrow, 23 Sept
Add to cart
21:33:44 [TestNG-test-Test-3] INFO  verifyingFreeDeliveryFilterFunctionality_Tablet_21-33-21 - [verifyingFreeDeliveryFilterFunctionality_Tablet_21-33-21] Within deliveryElements loop iterating over the products  Within validateDeliveryFilterOptionsWithResult method
21:33:44 [TestNG-test-Test-3] INFO  verifyingFreeDeliveryFilterFunctionality_Tablet_21-33-21 - [verifyingFreeDeliveryFilterFunctionality_Tablet_21-33-21] Checking if the allowedDateParts have the assert text — index 2, text: OnePlus Pad 2 (12.1 Inch),12GB RAM, 256GB Storage Snapdragon 8 Gen 3,144Hz Refresh Rate, 6 Speakers, 3K 12.1 Display, AI Features, 9610 mAh Battery, Wi-Fi with Cellular Data Sharing [Nimbus Gray]
4.4
(829)
1K+ bought in past month
₹33,999
M.R.P:
₹47,999 (29% off)
Save extra with No Cost EMI
FREE delivery Thu, 24 Sept
Or fastest delivery Today 4 pm - 8 pm
Add to cart
21:33:44 [TestNG-test-Test-3] INFO  verifyingFreeDeliveryFilterFunctionality_Tablet_21-33-21 - [verifyingFreeDeliveryFilterFunctionality_Tablet_21-33-21] Within deliveryElements loop iterating over the products  Within validateDeliveryFilterOptionsWithResult method
21:33:44 [TestNG-test-Test-3] INFO  verifyingFreeDeliveryFilterFunctionality_Tablet_21-33-21 - [verifyingFreeDeliveryFilterFunctionality_Tablet_21-33-21] Checking if the allowedDateParts have the assert text — index 3, text: Lenovo {Smartchoice} Idea Tab Pro with Pen Plus|12.7" 3K Display|144 Hz Refresh|8 GB RAM, 128 GB ROM|AI-Enabled| MediaTek Dimensity 8300| Quad JBL Speakers| 10200 mAh Battery with 45 W Charger|WiFi 6e
4.2
(421)
500+ bought in past month
₹29,999
M.R.P:
₹43,999 (32% off)
Up to 5% back with Amazon Pay ICI...
FREE delivery Thu, 24 Sept
Or fastest delivery Today 4 pm - 8 pm
Add to cart
21:33:44 [TestNG-test-Test-3] INFO  verifyingFreeDeliveryFilterFunctionality_Tablet_21-33-21 - [verifyingFreeDeliveryFilterFunctionality_Tablet_21-33-21] Within deliveryElements loop iterating over the products  Within validateDeliveryFilterOptionsWithResult method
21:33:44 [TestNG-test-Test-3] INFO  verifyingFreeDeliveryFilterFunctionality_Tablet_21-33-21 - [verifyingFreeDeliveryFilterFunctionality_Tablet_21-33-21] Checking if the allowedDateParts have the assert text — index 4, text: Redmi Pad 2, 11-inch (27.94 CM), LCD Display - 2.5K Sharp & Clear, 6GB RAM, 128GB ROM, Wi-Fi + Cellular (4G), Quad Speakers, Dolby Atmos, Sky Blue, AI Enabled
4.3
(895)
300+ bought in past month
₹23,944
M.R.P:
₹30,999 (23% off)
Up to 5% back with Amazon Pay ICI...
FREE delivery Thu, 24 Sept
Or fastest delivery Today 4 pm - 8 pm
Add to cart
More Buying Choices
₹23,890(4 new offers)
21:33:44 [TestNG-test-Test-3] INFO  verifyingFreeDeliveryFilterFunctionality_Tablet_21-33-21 - [verifyingFreeDeliveryFilterFunctionality_Tablet_21-33-21] Within deliveryElements loop iterating over the products  Within validateDeliveryFilterOptionsWithResult method
21:33:44 [TestNG-test-Test-3] INFO  verifyingFreeDeliveryFilterFunctionality_Tablet_21-33-21 - [verifyingFreeDeliveryFilterFunctionality_Tablet_21-33-21] Checking if the allowedDateParts have the assert text — index 5, text: DOMO Slate SL39 10.1-Inch 4G Tablet PC, 4GB RAM + 32GB, inbuilt Storage, Dual SIM Slot,1TB Expandable, Octa Core CPU GPS, Bluetooth Grey
5.0
(1)
100+ bought in past month
Limited time deal
₹7,549
M.R.P:
₹24,990 (70% off)
Up to 5% back with Amazon Pay ICI...
FREE delivery Tue, 29 Sept
Or fastest delivery Tomorrow, 23 Sept
Add to cart
21:33:44 [TestNG-test-Test-3] INFO  verifyingFreeDeliveryFilterFunctionality_Tablet_21-33-21 - [verifyingFreeDeliveryFilterFunctionality_Tablet_21-33-21] Within deliveryElements loop iterating over the products  Within validateDeliveryFilterOptionsWithResult method
21:33:44 [TestNG-test-Test-3] INFO  verifyingFreeDeliveryFilterFunctionality_Tablet_21-33-21 - [verifyingFreeDeliveryFilterFunctionality_Tablet_21-33-21] Checking if the allowedDateParts have the assert text — index 6, text: Lenovo (Smartchoice) Tab Plus with Octa JBL Hi-Fi Speakers| 8 GB RAM, 256 GB ROM| 11.5 Inch, 2K, 90 Hz Refresh| Wi-Fi Tablet| Android 14| 45 W Fast Charger| Built-in Kickstand| Color: Luna Grey
4.5
(1K)
500+ bought in past month
₹23,999
M.R.P:
₹34,000 (29% off)
Up to 5% back with Amazon Pay ICI...
FREE delivery Fri, 25 Sept
Or fastest delivery Thu, 24 Sept
Only 1 left in stock.
Add to cart
21:33:44 [TestNG-test-Test-3] INFO  verifyingFreeDeliveryFilterFunctionality_Tablet_21-33-21 - [verifyingFreeDeliveryFilterFunctionality_Tablet_21-33-21] Within deliveryElements loop iterating over the products  Within validateDeliveryFilterOptionsWithResult method
21:33:44 [TestNG-test-Test-3] INFO  verifyingFreeDeliveryFilterFunctionality_Tablet_21-33-21 - [verifyingFreeDeliveryFilterFunctionality_Tablet_21-33-21] Checking if the allowedDateParts have the assert text — index 7, text: Samsung Galaxy Tab S10 Lite [Smartchoice], 10.9-inch (27.7 CM), LCD Display, 6GB RAM, 128GB ROM, Wi-Fi, Dual Speakers, S Pen, Gray, AI Enabled
4.6
(453)
400+ bought in past month
₹35,748
M.R.P:
₹57,999 (38% off)
Save extra with No Cost EMI
FREE delivery Thu, 24 Sept
Or fastest delivery Today 4 pm - 8 pm
Add to cart
21:33:44 [TestNG-test-Test-3] INFO  verifyingFreeDeliveryFilterFunctionality_Tablet_21-33-21 - [verifyingFreeDeliveryFilterFunctionality_Tablet_21-33-21] Within deliveryElements loop iterating over the products  Within validateDeliveryFilterOptionsWithResult method
21:33:44 [TestNG-test-Test-3] INFO  verifyingFreeDeliveryFilterFunctionality_Tablet_21-33-21 - [verifyingFreeDeliveryFilterFunctionality_Tablet_21-33-21] Checking if the allowedDateParts have the assert text — index 8, text: Samsung Galaxy Tab A9 22.10 cm (8.7 inch) Display, RAM 4 GB, ROM 64 GB Expandable, Wi-Fi+4G, Tablet, Gray
4.2
(283)
100+ bought in past month
₹19,699
M.R.P:
₹19,999 (2% off)
Up to 5% back with Amazon Pay ICI...
FREE delivery Thu, 24 Sept
Or fastest delivery Tomorrow 8 am - 12 pm
Add to cart
21:33:44 [TestNG-test-Test-3] INFO  verifyingFreeDeliveryFilterFunctionality_Tablet_21-33-21 - [verifyingFreeDeliveryFilterFunctionality_Tablet_21-33-21] Within deliveryElements loop iterating over the products  Within validateDeliveryFilterOptionsWithResult method
21:33:44 [TestNG-test-Test-3] INFO  verifyingFreeDeliveryFilterFunctionality_Tablet_21-33-21 - [verifyingFreeDeliveryFilterFunctionality_Tablet_21-33-21] Checking if the allowedDateParts have the assert text — index 9, text: Lenovo Original Tab P12 Keyboard Detachable,3-Point Pogo-Pin Connectors Wireless Keyboard with Trackpad/Touchpad Tablet(Ultra-Thin,Productivity Enabling Hot Keys(Suitable for Tab P12,Zg38C05230)),Grey
4.2
(115)
50+ bought in past month
₹7,991
M.R.P:
₹10,000 (20% off)
Up to 5% back with Amazon Pay ICI...
FREE delivery Thu, 24 Sept
Or fastest delivery Tomorrow, 23 Sept
Add to cart
21:33:44 [TestNG-test-Test-3] INFO  verifyingFreeDeliveryFilterFunctionality_Tablet_21-33-21 - [verifyingFreeDeliveryFilterFunctionality_Tablet_21-33-21] Within deliveryElements loop iterating over the products  Within validateDeliveryFilterOptionsWithResult method
21:33:44 [TestNG-test-Test-3] INFO  verifyingFreeDeliveryFilterFunctionality_Tablet_21-33-21 - [verifyingFreeDeliveryFilterFunctionality_Tablet_21-33-21] Checking if the allowedDateParts have the assert text — index 10, text: Lenovo Tab (Smartchoice)| 10.1" Display| 4G (LTE) + Wi-Fi (Calling)| 4 GB RAM + 64 GB ROM (Expandable up to 1 TB)| Metal Body| Dual Speakers with Dolby Atmos| Android 14| Color: Polar Blue
4.0
(275)
100+ bought in past month
₹18,999
M.R.P:
₹21,000 (10% off)
Up to 5% back with Amazon Pay ICI...
FREE delivery Thu, 24 Sept
Or fastest delivery Today 4 pm - 8 pm
Add to cart
21:33:44 [TestNG-test-Test-3] INFO  verifyingFreeDeliveryFilterFunctionality_Tablet_21-33-21 - [verifyingFreeDeliveryFilterFunctionality_Tablet_21-33-21] Within deliveryElements loop iterating over the products  Within validateDeliveryFilterOptionsWithResult method
21:33:44 [TestNG-test-Test-3] INFO  verifyingFreeDeliveryFilterFunctionality_Tablet_21-33-21 - [verifyingFreeDeliveryFilterFunctionality_Tablet_21-33-21] Checking if the allowedDateParts have the assert text — index 11, text: DOMO Slate SL39 4G Tablet 10.1 inch Tab, 4G Connectivity, 4GB RAM + 32GB ROM, inbuilt Storage, Bluetooth 1TB Expandable, Dual SIM Slot, Octa Core CPU GPS, Grey
2.7
(5)
100+ bought in past month
₹7,549
M.R.P:
₹24,990 (70% off)
Up to 5% back with Amazon Pay ICI...
FREE delivery 26 - 27 Sept
Add to cart
21:33:44 [TestNG-test-Test-3] INFO  verifyingFreeDeliveryFilterFunctionality_Tablet_21-33-21 - [verifyingFreeDeliveryFilterFunctionality_Tablet_21-33-21] Within deliveryElements loop iterating over the products  Within validateDeliveryFilterOptionsWithResult method
21:33:44 [TestNG-test-Test-3] INFO  verifyingFreeDeliveryFilterFunctionality_Tablet_21-33-21 - [verifyingFreeDeliveryFilterFunctionality_Tablet_21-33-21] Checking if the allowedDateParts have the assert text — index 12, text: IKALL N19 4G Calling Tablet, 10 Inch Display, 4GB RAM + 64GB Storage (Expandable) | Android Tablet with Octa-Core Processor, 13MP Rear Camera + 8MP Front Camera, 6000mAh Battery, WiFi, Dual SIM | Blue
5.0
(1)
₹9,399
M.R.P:
₹13,999 (33% off)
Up to 5% back with Amazon Pay ICI...
FREE delivery Sun, 27 Sept
Add to cart
21:33:44 [TestNG-test-Test-3] INFO  verifyingFreeDeliveryFilterFunctionality_Tablet_21-33-21 - [verifyingFreeDeliveryFilterFunctionality_Tablet_21-33-21] Within deliveryElements loop iterating over the products  Within validateDeliveryFilterOptionsWithResult method
21:33:44 [TestNG-test-Test-3] INFO  verifyingFreeDeliveryFilterFunctionality_Tablet_21-33-21 - [verifyingFreeDeliveryFilterFunctionality_Tablet_21-33-21] Checking if the allowedDateParts have the assert text — index 13, text: Apple iPad 11″: A16 chip, 27.69 cm (11″) Model, Liquid Retina Display, 128GB, Wi-Fi 6, 12MP Front/12MP Back Camera, Touch ID, All-Day Battery Life — Yellow
4.6
(1.2K)
300+ bought in past month
₹49,900
Flat INR 4000 Off on SBI Cards
FREE delivery Thu, 24 Sept
Or fastest delivery Today 4 pm - 8 pm
Add to cart
21:33:44 [TestNG-test-Test-3] INFO  verifyingFreeDeliveryFilterFunctionality_Tablet_21-33-21 - [verifyingFreeDeliveryFilterFunctionality_Tablet_21-33-21] Within deliveryElements loop iterating over the products  Within validateDeliveryFilterOptionsWithResult method
21:33:45 [TestNG-test-Test-3] INFO  verifyingFreeDeliveryFilterFunctionality_Tablet_21-33-21 - [verifyingFreeDeliveryFilterFunctionality_Tablet_21-33-21] Checking if the allowedDateParts have the assert text — index 14, text: OnePlus, Pad Go 2, 12.1 inch (30.73 CM), LCD, 8GB RAM, 128GB ROM, Wi-Fi, Quad Speakers, Eye Care,Shadow Black, AI Enabled
4.2
(920)
400+ bought in past month
₹29,999
Up to 5% back with Amazon Pay ICI...
FREE delivery Thu, 24 Sept
Or fastest delivery Today 4 pm - 8 pm
Add to cart
21:33:45 [TestNG-test-Test-3] INFO  verifyingFreeDeliveryFilterFunctionality_Tablet_21-33-21 - [verifyingFreeDeliveryFilterFunctionality_Tablet_21-33-21] Within deliveryElements loop iterating over the products  Within validateDeliveryFilterOptionsWithResult method
21:33:45 [TestNG-test-Test-3] INFO  verifyingFreeDeliveryFilterFunctionality_Tablet_21-33-21 - [verifyingFreeDeliveryFilterFunctionality_Tablet_21-33-21] Checking if the allowedDateParts have the assert text — index 15, text: Lenovo Idea Tab Smartchoice with Pen|Wi-Fi| 11 Inch, 2.5K Display, 500 Nits Brightness| 8GB RAM + 256GB ROM (Expandable Up to 2TB) |Mediatek Dimensity 6300|Android 15|4-Speakers with Dolby Atmos, Grey
4.3
(688)
100+ bought in past month
₹28,999
M.R.P:
₹38,000 (24% off)
Save extra with No Cost EMI
FREE delivery Thu, 24 Sept
Or fastest delivery Today 4 pm - 8 pm
Add to cart
21:33:45 [TestNG-test-Test-3] INFO  verifyingFreeDeliveryFilterFunctionality_Tablet_21-33-21 - [verifyingFreeDeliveryFilterFunctionality_Tablet_21-33-21] Returning the list with boolean values   Within validateDeliveryFilterOptionsWithResult method
21:33:45 [TestNG-test-Test-3] INFO  verifyingFreeDeliveryFilterFunctionality_Tablet_21-33-21 - [verifyingFreeDeliveryFilterFunctionality_Tablet_21-33-21] Asserting delivery filter: isValid=true, index=-1, text=All the things are valid no errors
