18:27:48 [TestNG-test-Test-3] INFO  verifyingFreeDeliveryFilterFunctionality_Mobile_18-27-48 - No existing WebDriver found for current thread. Initializing a new ChromeDriver...
18:27:48 [TestNG-test-Test-3] INFO  verifyingFreeDeliveryFilterFunctionality_Mobile_18-27-48 - WebDriverManager: chromedriver setup OK
18:27:50 [TestNG-test-Test-3] INFO  verifyingFreeDeliveryFilterFunctionality_Mobile_18-27-48 - ChromeDriver initialized successfully for thread: 36
18:27:51 [TestNG-test-Test-3] INFO  verifyingFreeDeliveryFilterFunctionality_Mobile_18-27-48 - [verifyingFreeDeliveryFilterFunctionality_Mobile_18-27-48] Opening amazon Landing page
18:27:51 [TestNG-test-Test-3] INFO  verifyingFreeDeliveryFilterFunctionality_Mobile_18-27-48 - [verifyingFreeDeliveryFilterFunctionality_Mobile_18-27-48] Within safeFindElement method
18:27:56 [TestNG-test-Test-3] INFO  verifyingFreeDeliveryFilterFunctionality_Mobile_18-27-48 - [verifyingFreeDeliveryFilterFunctionality_Mobile_18-27-48]Retrying findElement for: ->By.xpath: //a[@id='nav-logo-sprites']
18:27:56 [TestNG-test-Test-3] INFO  verifyingFreeDeliveryFilterFunctionality_Mobile_18-27-48 - [verifyingFreeDeliveryFilterFunctionality_Mobile_18-27-48]Refrehsing the page , while trying to safely find : ->By.xpath: //a[@id='nav-logo-sprites']
18:28:02 [TestNG-test-Test-3] INFO  verifyingFreeDeliveryFilterFunctionality_Mobile_18-27-48 - [verifyingFreeDeliveryFilterFunctionality_Mobile_18-27-48]Retrying findElement for: ->By.xpath: //a[@id='nav-logo-sprites']
18:28:02 [TestNG-test-Test-3] INFO  verifyingFreeDeliveryFilterFunctionality_Mobile_18-27-48 - [verifyingFreeDeliveryFilterFunctionality_Mobile_18-27-48]Refrehsing the page , while trying to safely find : ->By.xpath: //a[@id='nav-logo-sprites']
18:28:02 [TestNG-test-Test-3] INFO  verifyingFreeDeliveryFilterFunctionality_Mobile_18-27-48 - [verifyingFreeDeliveryFilterFunctionality_Mobile_18-27-48] Skipping action: Element not found after 2   attemps
18:28:11 [TestNG-test-Test-3] INFO  verifyingFreeDeliveryFilterFunctionality_Mobile_18-27-48 - [verifyingFreeDeliveryFilterFunctionality_Mobile_18-27-48] Giving input within the search bar
18:28:11 [TestNG-test-Test-3] INFO  verifyingFreeDeliveryFilterFunctionality_Mobile_18-27-48 - [verifyingFreeDeliveryFilterFunctionality_Mobile_18-27-48] Within safeClick method
18:28:13 [TestNG-test-Test-3] INFO  verifyingFreeDeliveryFilterFunctionality_Mobile_18-27-48 - [verifyingFreeDeliveryFilterFunctionality_Mobile_18-27-48] Clicked the  [[ChromeDriver: chrome on windows (31ef13828a4dc68fa674ba8681d668c2)] -> xpath: //input[@id='nav-search-submit-button']]   using safeClick
18:28:13 [TestNG-test-Test-3] INFO  verifyingFreeDeliveryFilterFunctionality_Mobile_18-27-48 - [verifyingFreeDeliveryFilterFunctionality_Mobile_18-27-48] Clicking on the submit in the search bar
18:28:13 [TestNG-test-Test-3] INFO  verifyingFreeDeliveryFilterFunctionality_Mobile_18-27-48 - [verifyingFreeDeliveryFilterFunctionality_Mobile_18-27-48] Waiting until element is visible in viewport
18:28:14 [TestNG-test-Test-3] INFO  verifyingFreeDeliveryFilterFunctionality_Mobile_18-27-48 - [verifyingFreeDeliveryFilterFunctionality_Mobile_18-27-48] Within validateDeliveryFilterOptionsWithResult method
18:28:14 [TestNG-test-Test-3] INFO  verifyingFreeDeliveryFilterFunctionality_Mobile_18-27-48 - [verifyingFreeDeliveryFilterFunctionality_Mobile_18-27-48] Within safeClick method
18:28:14 [TestNG-test-Test-3] INFO  verifyingFreeDeliveryFilterFunctionality_Mobile_18-27-48 - [verifyingFreeDeliveryFilterFunctionality_Mobile_18-27-48] Clicked the  [[ChromeDriver: chrome on windows (31ef13828a4dc68fa674ba8681d668c2)] -> xpath: //span[@class='a-size-base a-color-base puis-bold-weight-text' and text()='Eligible for Free Delivery']/parent::div/following-sibling::ul//span[@class='a-size-base a-color-base' and text()='Free Shipping']]   using safeClick
18:28:14 [TestNG-test-Test-3] INFO  verifyingFreeDeliveryFilterFunctionality_Mobile_18-27-48 - [verifyingFreeDeliveryFilterFunctionality_Mobile_18-27-48] Within getMoreButtonByFilterTypeAndName method
18:28:14 [TestNG-test-Test-3] INFO  verifyingFreeDeliveryFilterFunctionality_Mobile_18-27-48 - [verifyingFreeDeliveryFilterFunctionality_Mobile_18-27-48] Clicked on By.xpath: //span[@class='a-size-base a-color-base puis-bold-weight-text' and text()='Eligible for Free Delivery']/parent::div/following-sibling::ul//span[@class='a-size-base a-color-base' and text()='Free Shipping']
18:28:14 [TestNG-test-Test-3] INFO  verifyingFreeDeliveryFilterFunctionality_Mobile_18-27-48 - [verifyingFreeDeliveryFilterFunctionality_Mobile_18-27-48] Within safeFindElements 
18:28:14 [TestNG-test-Test-3] INFO  verifyingFreeDeliveryFilterFunctionality_Mobile_18-27-48 - [verifyingFreeDeliveryFilterFunctionality_Mobile_18-27-48] Returning the  [[[ChromeDriver: chrome on windows (31ef13828a4dc68fa674ba8681d668c2)] -> xpath: //div[@class='a-section a-spacing-small a-spacing-top-small']], [[ChromeDriver: chrome on windows (31ef13828a4dc68fa674ba8681d668c2)] -> xpath: //div[@class='a-section a-spacing-small a-spacing-top-small']], [[ChromeDriver: chrome on windows (31ef13828a4dc68fa674ba8681d668c2)] -> xpath: //div[@class='a-section a-spacing-small a-spacing-top-small']], [[ChromeDriver: chrome on windows (31ef13828a4dc68fa674ba8681d668c2)] -> xpath: //div[@class='a-section a-spacing-small a-spacing-top-small']], [[ChromeDriver: chrome on windows (31ef13828a4dc68fa674ba8681d668c2)] -> xpath: //div[@class='a-section a-spacing-small a-spacing-top-small']], [[ChromeDriver: chrome on windows (31ef13828a4dc68fa674ba8681d668c2)] -> xpath: //div[@class='a-section a-spacing-small a-spacing-top-small']]] from the safeFindElements method
18:28:14 [TestNG-test-Test-3] INFO  verifyingFreeDeliveryFilterFunctionality_Mobile_18-27-48 - [verifyingFreeDeliveryFilterFunctionality_Mobile_18-27-48] Created hashset with required data to assert with Within validateDeliveryFilterOptions method
18:28:14 [TestNG-test-Test-3] INFO  verifyingFreeDeliveryFilterFunctionality_Mobile_18-27-48 - [verifyingFreeDeliveryFilterFunctionality_Mobile_18-27-48] this is the set  [Aug, Today, 16, FREE delivery, 17, Sun, Mon, Tomorrow]
18:28:14 [TestNG-test-Test-3] INFO  verifyingFreeDeliveryFilterFunctionality_Mobile_18-27-48 - [verifyingFreeDeliveryFilterFunctionality_Mobile_18-27-48] Within deliveryElements loop iterating over the products  Within validateDeliveryFilterOptions method
18:28:15 [TestNG-test-Test-3] INFO  verifyingFreeDeliveryFilterFunctionality_Mobile_18-27-48 - [verifyingFreeDeliveryFilterFunctionality_Mobile_18-27-48] Checking if the allowedDateParts have the assert text   Within validateDeliveryFilterOptions method
18:28:15 [TestNG-test-Test-3] INFO  verifyingFreeDeliveryFilterFunctionality_Mobile_18-27-48 - [verifyingFreeDeliveryFilterFunctionality_Mobile_18-27-48] Within deliveryElements loop iterating over the products  Within validateDeliveryFilterOptions method
18:28:15 [TestNG-test-Test-3] INFO  verifyingFreeDeliveryFilterFunctionality_Mobile_18-27-48 - [verifyingFreeDeliveryFilterFunctionality_Mobile_18-27-48] Checking if the allowedDateParts have the assert text   Within validateDeliveryFilterOptions method
18:28:15 [TestNG-test-Test-3] INFO  verifyingFreeDeliveryFilterFunctionality_Mobile_18-27-48 - [verifyingFreeDeliveryFilterFunctionality_Mobile_18-27-48] Within deliveryElements loop iterating over the products  Within validateDeliveryFilterOptions method
18:28:15 [TestNG-test-Test-3] INFO  verifyingFreeDeliveryFilterFunctionality_Mobile_18-27-48 - [verifyingFreeDeliveryFilterFunctionality_Mobile_18-27-48] Checking if the allowedDateParts have the assert text   Within validateDeliveryFilterOptions method
18:28:15 [TestNG-test-Test-3] INFO  verifyingFreeDeliveryFilterFunctionality_Mobile_18-27-48 - [verifyingFreeDeliveryFilterFunctionality_Mobile_18-27-48] Within deliveryElements loop iterating over the products  Within validateDeliveryFilterOptions method
18:28:15 [TestNG-test-Test-3] INFO  verifyingFreeDeliveryFilterFunctionality_Mobile_18-27-48 - [verifyingFreeDeliveryFilterFunctionality_Mobile_18-27-48] Checking if the allowedDateParts have the assert text   Within validateDeliveryFilterOptions method
18:28:15 [TestNG-test-Test-3] INFO  verifyingFreeDeliveryFilterFunctionality_Mobile_18-27-48 - [verifyingFreeDeliveryFilterFunctionality_Mobile_18-27-48] Within deliveryElements loop iterating over the products  Within validateDeliveryFilterOptions method
18:28:15 [TestNG-test-Test-3] INFO  verifyingFreeDeliveryFilterFunctionality_Mobile_18-27-48 - [verifyingFreeDeliveryFilterFunctionality_Mobile_18-27-48] Checking if the allowedDateParts have the assert text   Within validateDeliveryFilterOptions method
18:28:15 [TestNG-test-Test-3] INFO  verifyingFreeDeliveryFilterFunctionality_Mobile_18-27-48 - [verifyingFreeDeliveryFilterFunctionality_Mobile_18-27-48] Within deliveryElements loop iterating over the products  Within validateDeliveryFilterOptions method
18:28:15 [TestNG-test-Test-3] INFO  verifyingFreeDeliveryFilterFunctionality_Mobile_18-27-48 - [verifyingFreeDeliveryFilterFunctionality_Mobile_18-27-48] Checking if the allowedDateParts have the assert text   Within validateDeliveryFilterOptions method
18:28:15 [TestNG-test-Test-3] INFO  verifyingFreeDeliveryFilterFunctionality_Mobile_18-27-48 - [verifyingFreeDeliveryFilterFunctionality_Mobile_18-27-48] Returning the list with boolean values   Within validateDeliveryFilterOptions method
18:28:15 [TestNG-test-Test-3] INFO  verifyingFreeDeliveryFilterFunctionality_Mobile_18-27-48 - [verifyingFreeDeliveryFilterFunctionality_Mobile_18-27-48] Asserting delivery filter: isValid=true, index=-1, text=All the things are valid no errors
