16:46:27 [TestNG-test-Test-1] INFO  verifyingDisplayTypeFilterFunctionality_Mobile_16-46-27 - No existing WebDriver found for current thread. Initializing a new ChromeDriver...
16:46:27 [TestNG-test-Test-1] INFO  verifyingDisplayTypeFilterFunctionality_Mobile_16-46-27 - WebDriverManager: chromedriver setup OK
16:46:29 [TestNG-test-Test-1] INFO  verifyingDisplayTypeFilterFunctionality_Mobile_16-46-27 - ChromeDriver initialized successfully for thread: 34
16:46:34 [TestNG-test-Test-1] INFO  verifyingDisplayTypeFilterFunctionality_Mobile_16-46-27 - [verifyingDisplayTypeFilterFunctionality_Mobile_16-46-27] Opening amazon Landing page
16:46:34 [TestNG-test-Test-1] INFO  verifyingDisplayTypeFilterFunctionality_Mobile_16-46-27 - [verifyingDisplayTypeFilterFunctionality_Mobile_16-46-27] Within safeFindElement method
16:46:35 [TestNG-test-Test-1] INFO  verifyingDisplayTypeFilterFunctionality_Mobile_16-46-27 - [verifyingDisplayTypeFilterFunctionality_Mobile_16-46-27]Found the element returning it ,element ->[[ChromeDriver: chrome on windows (082125a4afb6c452e81ec13c9e3c87ba)] -> xpath: //a[@id='nav-logo-sprites']]
16:46:35 [TestNG-test-Test-1] INFO  verifyingDisplayTypeFilterFunctionality_Mobile_16-46-27 - [verifyingDisplayTypeFilterFunctionality_Mobile_16-46-27] Giving input within the search bar
16:46:35 [TestNG-test-Test-1] INFO  verifyingDisplayTypeFilterFunctionality_Mobile_16-46-27 - [verifyingDisplayTypeFilterFunctionality_Mobile_16-46-27] Within safeClick method
16:46:40 [TestNG-test-Test-1] INFO  verifyingDisplayTypeFilterFunctionality_Mobile_16-46-27 - [verifyingDisplayTypeFilterFunctionality_Mobile_16-46-27] Clicked the  [[ChromeDriver: chrome on windows (082125a4afb6c452e81ec13c9e3c87ba)] -> xpath: //input[@id='nav-search-submit-button']]   using safeClick
16:46:40 [TestNG-test-Test-1] INFO  verifyingDisplayTypeFilterFunctionality_Mobile_16-46-27 - [verifyingDisplayTypeFilterFunctionality_Mobile_16-46-27] Clicking on the submit in the search bar
16:46:41 [TestNG-test-Test-1] INFO  verifyingDisplayTypeFilterFunctionality_Mobile_16-46-27 - [verifyingDisplayTypeFilterFunctionality_Mobile_16-46-27] Within filterCheckUnderList method
16:46:41 [TestNG-test-Test-1] INFO  verifyingDisplayTypeFilterFunctionality_Mobile_16-46-27 - [verifyingDisplayTypeFilterFunctionality_Mobile_16-46-27] Found the Filter within the filter check List
16:46:41 [TestNG-test-Test-1] INFO  verifyingDisplayTypeFilterFunctionality_Mobile_16-46-27 - [verifyingDisplayTypeFilterFunctionality_Mobile_16-46-27] Within applyFilterAndValidateProductsWithResult method
16:46:41 [TestNG-test-Test-1] INFO  verifyingDisplayTypeFilterFunctionality_Mobile_16-46-27 - [verifyingDisplayTypeFilterFunctionality_Mobile_16-46-27] Within safeFindElements 
16:46:41 [TestNG-test-Test-1] INFO  verifyingDisplayTypeFilterFunctionality_Mobile_16-46-27 - [verifyingDisplayTypeFilterFunctionality_Mobile_16-46-27] Returning the  [[[ChromeDriver: chrome on windows (082125a4afb6c452e81ec13c9e3c87ba)] -> xpath: //span[@class='a-size-base a-color-base puis-bold-weight-text' and text()='Display Type']/parent::div/following-sibling::ul//span[@class='a-size-base a-color-base']], [[ChromeDriver: chrome on windows (082125a4afb6c452e81ec13c9e3c87ba)] -> xpath: //span[@class='a-size-base a-color-base puis-bold-weight-text' and text()='Display Type']/parent::div/following-sibling::ul//span[@class='a-size-base a-color-base']], [[ChromeDriver: chrome on windows (082125a4afb6c452e81ec13c9e3c87ba)] -> xpath: //span[@class='a-size-base a-color-base puis-bold-weight-text' and text()='Display Type']/parent::div/following-sibling::ul//span[@class='a-size-base a-color-base']]] from the safeFindElements method
16:46:41 [TestNG-test-Test-1] INFO  verifyingDisplayTypeFilterFunctionality_Mobile_16-46-27 - [verifyingDisplayTypeFilterFunctionality_Mobile_16-46-27] Within applyFilterAndValidateProductsWithResult filterOptions size is -> 3
16:46:41 [TestNG-test-Test-1] INFO  verifyingDisplayTypeFilterFunctionality_Mobile_16-46-27 - [verifyingDisplayTypeFilterFunctionality_Mobile_16-46-27] Execution is Not CRON Job Hence refering to normal keys from UtilData
16:46:41 [TestNG-test-Test-1] INFO  verifyingDisplayTypeFilterFunctionality_Mobile_16-46-27 - [verifyingDisplayTypeFilterFunctionality_Mobile_16-46-27] Within filterOptions loop in applyFilterAndValidateProductsWithResult
16:46:41 [TestNG-test-Test-1] INFO  verifyingDisplayTypeFilterFunctionality_Mobile_16-46-27 - [verifyingDisplayTypeFilterFunctionality_Mobile_16-46-27] Within safeFindElements 
16:46:41 [TestNG-test-Test-1] INFO  verifyingDisplayTypeFilterFunctionality_Mobile_16-46-27 - [verifyingDisplayTypeFilterFunctionality_Mobile_16-46-27] Returning the  [[[ChromeDriver: chrome on windows (082125a4afb6c452e81ec13c9e3c87ba)] -> xpath: //span[@class='a-size-base a-color-base puis-bold-weight-text' and text()='Display Type']/parent::div/following-sibling::ul//span[@class='a-size-base a-color-base']], [[ChromeDriver: chrome on windows (082125a4afb6c452e81ec13c9e3c87ba)] -> xpath: //span[@class='a-size-base a-color-base puis-bold-weight-text' and text()='Display Type']/parent::div/following-sibling::ul//span[@class='a-size-base a-color-base']], [[ChromeDriver: chrome on windows (082125a4afb6c452e81ec13c9e3c87ba)] -> xpath: //span[@class='a-size-base a-color-base puis-bold-weight-text' and text()='Display Type']/parent::div/following-sibling::ul//span[@class='a-size-base a-color-base']]] from the safeFindElements method
16:46:41 [TestNG-test-Test-1] INFO  verifyingDisplayTypeFilterFunctionality_Mobile_16-46-27 - [verifyingDisplayTypeFilterFunctionality_Mobile_16-46-27] Trying to read filter option 0 (attempt 1/3)
16:46:41 [TestNG-test-Test-1] INFO  verifyingDisplayTypeFilterFunctionality_Mobile_16-46-27 - [verifyingDisplayTypeFilterFunctionality_Mobile_16-46-27] Successfully read filter option 0 = 'AMOLED'
16:46:41 [TestNG-test-Test-1] INFO  verifyingDisplayTypeFilterFunctionality_Mobile_16-46-27 - [verifyingDisplayTypeFilterFunctionality_Mobile_16-46-27] Within getfilterByTypeAndName method
16:46:41 [TestNG-test-Test-1] INFO  verifyingDisplayTypeFilterFunctionality_Mobile_16-46-27 - [verifyingDisplayTypeFilterFunctionality_Mobile_16-46-27] Within safeClickBooleanWithScreenShot method
16:46:41 [TestNG-test-Test-1] INFO  verifyingDisplayTypeFilterFunctionality_Mobile_16-46-27 - [verifyingDisplayTypeFilterFunctionality_Mobile_16-46-27] Within getAppliedfilterByTypeAndName method
16:46:41 [TestNG-test-Test-1] INFO  verifyingDisplayTypeFilterFunctionality_Mobile_16-46-27 - [verifyingDisplayTypeFilterFunctionality_Mobile_16-46-27] Within smoothScrollToElement method
16:46:41 [TestNG-test-Test-1] INFO  verifyingDisplayTypeFilterFunctionality_Mobile_16-46-27 - [verifyingDisplayTypeFilterFunctionality_Mobile_16-46-27] Within safeFindElement method
16:46:41 [TestNG-test-Test-1] INFO  verifyingDisplayTypeFilterFunctionality_Mobile_16-46-27 - [verifyingDisplayTypeFilterFunctionality_Mobile_16-46-27]Found the element returning it ,element ->[[ChromeDriver: chrome on windows (082125a4afb6c452e81ec13c9e3c87ba)] -> xpath: //span[@class='a-size-base a-color-base puis-bold-weight-text' and text()='Display Type']]
16:46:41 [TestNG-test-Test-1] INFO  verifyingDisplayTypeFilterFunctionality_Mobile_16-46-27 - [verifyingDisplayTypeFilterFunctionality_Mobile_16-46-27] Successfully scrolled to element: By.xpath: //span[@class='a-size-base a-color-base puis-bold-weight-text' and text()='Display Type']
16:46:41 [TestNG-test-Test-1] INFO  verifyingDisplayTypeFilterFunctionality_Mobile_16-46-27 - [verifyingDisplayTypeFilterFunctionality_Mobile_16-46-27] Within getMoreButtonByFilterTypeAndName method
16:46:41 [TestNG-test-Test-1] INFO  verifyingDisplayTypeFilterFunctionality_Mobile_16-46-27 - [verifyingDisplayTypeFilterFunctionality_Mobile_16-46-27] could not find more button
16:46:42 [TestNG-test-Test-1] INFO  verifyingDisplayTypeFilterFunctionality_Mobile_16-46-27 - [verifyingDisplayTypeFilterFunctionality_Mobile_16-46-27] Within getAppliedfilterByTypeAndName method
16:46:42 [TestNG-test-Test-1] INFO  verifyingDisplayTypeFilterFunctionality_Mobile_16-46-27 - [verifyingDisplayTypeFilterFunctionality_Mobile_16-46-27] Within smoothScrollToElement method
16:46:42 [TestNG-test-Test-1] INFO  verifyingDisplayTypeFilterFunctionality_Mobile_16-46-27 - [verifyingDisplayTypeFilterFunctionality_Mobile_16-46-27] Within safeFindElement method
16:46:44 [TestNG-test-Test-1] INFO  verifyingDisplayTypeFilterFunctionality_Mobile_16-46-27 - [verifyingDisplayTypeFilterFunctionality_Mobile_16-46-27]Found the element returning it ,element ->[[ChromeDriver: chrome on windows (082125a4afb6c452e81ec13c9e3c87ba)] -> xpath: //span[@class='a-size-base a-color-base puis-bold-weight-text' and text()='Display Type']]
16:46:44 [TestNG-test-Test-1] INFO  verifyingDisplayTypeFilterFunctionality_Mobile_16-46-27 - [verifyingDisplayTypeFilterFunctionality_Mobile_16-46-27] Successfully scrolled to element: By.xpath: //span[@class='a-size-base a-color-base puis-bold-weight-text' and text()='Display Type']
16:46:44 [TestNG-test-Test-1] INFO  verifyingDisplayTypeFilterFunctionality_Mobile_16-46-27 - [verifyingDisplayTypeFilterFunctionality_Mobile_16-46-27] Within getMoreButtonByFilterTypeAndName method
16:46:44 [TestNG-test-Test-1] INFO  verifyingDisplayTypeFilterFunctionality_Mobile_16-46-27 - [verifyingDisplayTypeFilterFunctionality_Mobile_16-46-27] could not find more button
16:46:44 [TestNG-test-Test-1] INFO  verifyingDisplayTypeFilterFunctionality_Mobile_16-46-27 - [verifyingDisplayTypeFilterFunctionality_Mobile_16-46-27] Within getfilterByTypeAndName method
16:46:44 [TestNG-test-Test-1] INFO  verifyingDisplayTypeFilterFunctionality_Mobile_16-46-27 - [verifyingDisplayTypeFilterFunctionality_Mobile_16-46-27] Within smoothScrollToElement method
16:46:44 [TestNG-test-Test-1] INFO  verifyingDisplayTypeFilterFunctionality_Mobile_16-46-27 - [verifyingDisplayTypeFilterFunctionality_Mobile_16-46-27] Within safeFindElement method
16:46:44 [TestNG-test-Test-1] INFO  verifyingDisplayTypeFilterFunctionality_Mobile_16-46-27 - [verifyingDisplayTypeFilterFunctionality_Mobile_16-46-27]Found the element returning it ,element ->[[ChromeDriver: chrome on windows (082125a4afb6c452e81ec13c9e3c87ba)] -> xpath: //span[@class='a-size-base a-color-base puis-bold-weight-text' and text()='Display Type']/parent::div/following-sibling::ul//span[@class='a-size-base a-color-base a-text-bold' and text()='AMOLED']]
16:46:44 [TestNG-test-Test-1] INFO  verifyingDisplayTypeFilterFunctionality_Mobile_16-46-27 - [verifyingDisplayTypeFilterFunctionality_Mobile_16-46-27] Successfully scrolled to element: By.xpath: //span[@class='a-size-base a-color-base puis-bold-weight-text' and text()='Display Type']/parent::div/following-sibling::ul//span[@class='a-size-base a-color-base a-text-bold' and text()='AMOLED']
16:46:44 [TestNG-test-Test-1] INFO  verifyingDisplayTypeFilterFunctionality_Mobile_16-46-27 - [verifyingDisplayTypeFilterFunctionality_Mobile_16-46-27] Clicked the element using safe click ,element is [[ChromeDriver: chrome on windows (082125a4afb6c452e81ec13c9e3c87ba)] -> xpath: //span[@class='a-size-base a-color-base puis-bold-weight-text' and text()='Display Type']/parent::div/following-sibling::ul//span[@class='a-size-base a-color-base' and text()='AMOLED']]
16:46:44 [TestNG-test-Test-1] INFO  verifyingDisplayTypeFilterFunctionality_Mobile_16-46-27 - [verifyingDisplayTypeFilterFunctionality_Mobile_16-46-27] Within safeFindElements 
16:46:44 [TestNG-test-Test-1] INFO  verifyingDisplayTypeFilterFunctionality_Mobile_16-46-27 - [verifyingDisplayTypeFilterFunctionality_Mobile_16-46-27] Returning the  [[[ChromeDriver: chrome on windows (082125a4afb6c452e81ec13c9e3c87ba)] -> xpath: //div[@data-cy='title-recipe']], [[ChromeDriver: chrome on windows (082125a4afb6c452e81ec13c9e3c87ba)] -> xpath: //div[@data-cy='title-recipe']], [[ChromeDriver: chrome on windows (082125a4afb6c452e81ec13c9e3c87ba)] -> xpath: //div[@data-cy='title-recipe']], [[ChromeDriver: chrome on windows (082125a4afb6c452e81ec13c9e3c87ba)] -> xpath: //div[@data-cy='title-recipe']], [[ChromeDriver: chrome on windows (082125a4afb6c452e81ec13c9e3c87ba)] -> xpath: //div[@data-cy='title-recipe']], [[ChromeDriver: chrome on windows (082125a4afb6c452e81ec13c9e3c87ba)] -> xpath: //div[@data-cy='title-recipe']], [[ChromeDriver: chrome on windows (082125a4afb6c452e81ec13c9e3c87ba)] -> xpath: //div[@data-cy='title-recipe']], [[ChromeDriver: chrome on windows (082125a4afb6c452e81ec13c9e3c87ba)] -> xpath: //div[@data-cy='title-recipe']], [[ChromeDriver: chrome on windows (082125a4afb6c452e81ec13c9e3c87ba)] -> xpath: //div[@data-cy='title-recipe']], [[ChromeDriver: chrome on windows (082125a4afb6c452e81ec13c9e3c87ba)] -> xpath: //div[@data-cy='title-recipe']], [[ChromeDriver: chrome on windows (082125a4afb6c452e81ec13c9e3c87ba)] -> xpath: //div[@data-cy='title-recipe']], [[ChromeDriver: chrome on windows (082125a4afb6c452e81ec13c9e3c87ba)] -> xpath: //div[@data-cy='title-recipe']], [[ChromeDriver: chrome on windows (082125a4afb6c452e81ec13c9e3c87ba)] -> xpath: //div[@data-cy='title-recipe']], [[ChromeDriver: chrome on windows (082125a4afb6c452e81ec13c9e3c87ba)] -> xpath: //div[@data-cy='title-recipe']], [[ChromeDriver: chrome on windows (082125a4afb6c452e81ec13c9e3c87ba)] -> xpath: //div[@data-cy='title-recipe']], [[ChromeDriver: chrome on windows (082125a4afb6c452e81ec13c9e3c87ba)] -> xpath: //div[@data-cy='title-recipe']]] from the safeFindElements method
16:46:44 [TestNG-test-Test-1] INFO  verifyingDisplayTypeFilterFunctionality_Mobile_16-46-27 - [verifyingDisplayTypeFilterFunctionality_Mobile_16-46-27] Execution is Not CRON Job Hence refering to normal keys from UtilData
16:46:44 [TestNG-test-Test-1] INFO  verifyingDisplayTypeFilterFunctionality_Mobile_16-46-27 - [verifyingDisplayTypeFilterFunctionality_Mobile_16-46-27] Within safeFindElements 
16:46:44 [TestNG-test-Test-1] INFO  verifyingDisplayTypeFilterFunctionality_Mobile_16-46-27 - [verifyingDisplayTypeFilterFunctionality_Mobile_16-46-27] Returning the  [[[ChromeDriver: chrome on windows (082125a4afb6c452e81ec13c9e3c87ba)] -> xpath: //div[@data-cy='title-recipe']], [[ChromeDriver: chrome on windows (082125a4afb6c452e81ec13c9e3c87ba)] -> xpath: //div[@data-cy='title-recipe']], [[ChromeDriver: chrome on windows (082125a4afb6c452e81ec13c9e3c87ba)] -> xpath: //div[@data-cy='title-recipe']], [[ChromeDriver: chrome on windows (082125a4afb6c452e81ec13c9e3c87ba)] -> xpath: //div[@data-cy='title-recipe']], [[ChromeDriver: chrome on windows (082125a4afb6c452e81ec13c9e3c87ba)] -> xpath: //div[@data-cy='title-recipe']], [[ChromeDriver: chrome on windows (082125a4afb6c452e81ec13c9e3c87ba)] -> xpath: //div[@data-cy='title-recipe']], [[ChromeDriver: chrome on windows (082125a4afb6c452e81ec13c9e3c87ba)] -> xpath: //div[@data-cy='title-recipe']], [[ChromeDriver: chrome on windows (082125a4afb6c452e81ec13c9e3c87ba)] -> xpath: //div[@data-cy='title-recipe']], [[ChromeDriver: chrome on windows (082125a4afb6c452e81ec13c9e3c87ba)] -> xpath: //div[@data-cy='title-recipe']], [[ChromeDriver: chrome on windows (082125a4afb6c452e81ec13c9e3c87ba)] -> xpath: //div[@data-cy='title-recipe']], [[ChromeDriver: chrome on windows (082125a4afb6c452e81ec13c9e3c87ba)] -> xpath: //div[@data-cy='title-recipe']], [[ChromeDriver: chrome on windows (082125a4afb6c452e81ec13c9e3c87ba)] -> xpath: //div[@data-cy='title-recipe']], [[ChromeDriver: chrome on windows (082125a4afb6c452e81ec13c9e3c87ba)] -> xpath: //div[@data-cy='title-recipe']], [[ChromeDriver: chrome on windows (082125a4afb6c452e81ec13c9e3c87ba)] -> xpath: //div[@data-cy='title-recipe']], [[ChromeDriver: chrome on windows (082125a4afb6c452e81ec13c9e3c87ba)] -> xpath: //div[@data-cy='title-recipe']], [[ChromeDriver: chrome on windows (082125a4afb6c452e81ec13c9e3c87ba)] -> xpath: //div[@data-cy='title-recipe']]] from the safeFindElements method
16:46:44 [TestNG-test-Test-1] INFO  verifyingDisplayTypeFilterFunctionality_Mobile_16-46-27 - [verifyingDisplayTypeFilterFunctionality_Mobile_16-46-27] Within productNameListingPage loop in applyFilterAndValidateProductsWithResult
16:46:44 [TestNG-test-Test-1] INFO  verifyingDisplayTypeFilterFunctionality_Mobile_16-46-27 - [verifyingDisplayTypeFilterFunctionality_Mobile_16-46-27] Within getProductByIndex method
16:46:44 [TestNG-test-Test-1] INFO  verifyingDisplayTypeFilterFunctionality_Mobile_16-46-27 - [verifyingDisplayTypeFilterFunctionality_Mobile_16-46-27] Within safeFindElement method
16:46:45 [TestNG-test-Test-1] INFO  verifyingDisplayTypeFilterFunctionality_Mobile_16-46-27 - [verifyingDisplayTypeFilterFunctionality_Mobile_16-46-27]Found the element returning it ,element ->[[ChromeDriver: chrome on windows (082125a4afb6c452e81ec13c9e3c87ba)] -> xpath: (//div[@data-cy='title-recipe'])[1]]
16:46:45 [TestNG-test-Test-1] INFO  verifyingDisplayTypeFilterFunctionality_Mobile_16-46-27 - [verifyingDisplayTypeFilterFunctionality_Mobile_16-46-27] Within getProductByIndex method
16:46:45 [TestNG-test-Test-1] INFO  verifyingDisplayTypeFilterFunctionality_Mobile_16-46-27 - [verifyingDisplayTypeFilterFunctionality_Mobile_16-46-27] Within smoothScrollToElement method
16:46:45 [TestNG-test-Test-1] INFO  verifyingDisplayTypeFilterFunctionality_Mobile_16-46-27 - [verifyingDisplayTypeFilterFunctionality_Mobile_16-46-27] Within safeFindElement method
16:46:45 [TestNG-test-Test-1] INFO  verifyingDisplayTypeFilterFunctionality_Mobile_16-46-27 - [verifyingDisplayTypeFilterFunctionality_Mobile_16-46-27]Found the element returning it ,element ->[[ChromeDriver: chrome on windows (082125a4afb6c452e81ec13c9e3c87ba)] -> xpath: (//div[@data-cy='title-recipe'])[1]]
16:46:45 [TestNG-test-Test-1] INFO  verifyingDisplayTypeFilterFunctionality_Mobile_16-46-27 - [verifyingDisplayTypeFilterFunctionality_Mobile_16-46-27] Successfully scrolled to element: By.xpath: (//div[@data-cy='title-recipe'])[1]
16:46:45 [TestNG-test-Test-1] INFO  verifyingDisplayTypeFilterFunctionality_Mobile_16-46-27 - [verifyingDisplayTypeFilterFunctionality_Mobile_16-46-27] Getting product by index in productNameListingPage loop
16:46:45 [TestNG-test-Test-1] INFO  verifyingDisplayTypeFilterFunctionality_Mobile_16-46-27 - [verifyingDisplayTypeFilterFunctionality_Mobile_16-46-27] Opened product in new tab via Ctrl+Click inside productNameListingPage loop
16:46:45 [TestNG-test-Test-1] INFO  verifyingDisplayTypeFilterFunctionality_Mobile_16-46-27 - [verifyingDisplayTypeFilterFunctionality_Mobile_16-46-27] Waiting for new window to open...
16:46:45 [TestNG-test-Test-1] INFO  verifyingDisplayTypeFilterFunctionality_Mobile_16-46-27 - [verifyingDisplayTypeFilterFunctionality_Mobile_16-46-27] Switched to new window -> 3F897732629F3391D1B0D4F8AC8443A8
16:46:45 [TestNG-test-Test-1] INFO  verifyingDisplayTypeFilterFunctionality_Mobile_16-46-27 - [verifyingDisplayTypeFilterFunctionality_Mobile_16-46-27] Swithcing to the new window  within productNameListingPage loop
16:46:45 [TestNG-test-Test-1] INFO  verifyingDisplayTypeFilterFunctionality_Mobile_16-46-27 - [verifyingDisplayTypeFilterFunctionality_Mobile_16-46-27] Clicked product name to open in new tab from productNameListingPage loop
16:46:45 [TestNG-test-Test-1] INFO  verifyingDisplayTypeFilterFunctionality_Mobile_16-46-27 - [verifyingDisplayTypeFilterFunctionality_Mobile_16-46-27] Waiting until element is visible in viewport
16:46:48 [TestNG-test-Test-1] WARN  verifyingDisplayTypeFilterFunctionality_Mobile_16-46-27 - [verifyingDisplayTypeFilterFunctionality_Mobile_16-46-27] Product detail page did not load for index 1 filter 'AMOLED'; skipping detail scrape to avoid redundant retries/timeouts
16:46:48 [TestNG-test-Test-1] INFO  verifyingDisplayTypeFilterFunctionality_Mobile_16-46-27 - [verifyingDisplayTypeFilterFunctionality_Mobile_16-46-27] Within closeCurrentWindowAndSwitchBack method
16:46:48 [TestNG-test-Test-1] INFO  verifyingDisplayTypeFilterFunctionality_Mobile_16-46-27 - [verifyingDisplayTypeFilterFunctionality_Mobile_16-46-27] Total open windows/tabs count -> 2
16:46:48 [TestNG-test-Test-1] INFO  verifyingDisplayTypeFilterFunctionality_Mobile_16-46-27 - [verifyingDisplayTypeFilterFunctionality_Mobile_16-46-27] Original window handle -> DC95EA9904D6FCCF71B510F34C2D53E3
16:46:48 [TestNG-test-Test-1] INFO  verifyingDisplayTypeFilterFunctionality_Mobile_16-46-27 - [verifyingDisplayTypeFilterFunctionality_Mobile_16-46-27] Found new tab/window handle -> 3F897732629F3391D1B0D4F8AC8443A8 (will be closed)
16:46:48 [TestNG-test-Test-1] INFO  verifyingDisplayTypeFilterFunctionality_Mobile_16-46-27 - [verifyingDisplayTypeFilterFunctionality_Mobile_16-46-27] Successfully switched to new tab/window -> 3F897732629F3391D1B0D4F8AC8443A8
16:46:48 [TestNG-test-Test-1] INFO  verifyingDisplayTypeFilterFunctionality_Mobile_16-46-27 - [verifyingDisplayTypeFilterFunctionality_Mobile_16-46-27] Closed the newly opened tab/window -> 3F897732629F3391D1B0D4F8AC8443A8
16:46:48 [TestNG-test-Test-1] INFO  verifyingDisplayTypeFilterFunctionality_Mobile_16-46-27 - [verifyingDisplayTypeFilterFunctionality_Mobile_16-46-27] Switched back to the original window -> DC95EA9904D6FCCF71B510F34C2D53E3
16:46:48 [TestNG-test-Test-1] INFO  verifyingDisplayTypeFilterFunctionality_Mobile_16-46-27 - [verifyingDisplayTypeFilterFunctionality_Mobile_16-46-27]  going back to product listing via closeCurrentWindowAndSwitchBack 
16:46:48 [TestNG-test-Test-1] INFO  verifyingDisplayTypeFilterFunctionality_Mobile_16-46-27 - [verifyingDisplayTypeFilterFunctionality_Mobile_16-46-27]  Added 'filter','title','keyFeatures', 'about', 'techDetails' into the Map -> productResult
16:46:48 [TestNG-test-Test-1] INFO  verifyingDisplayTypeFilterFunctionality_Mobile_16-46-27 - [verifyingDisplayTypeFilterFunctionality_Mobile_16-46-27]  Added 'productResult' Map into the 'results' i.e list of maps 
16:46:48 [TestNG-test-Test-1] INFO  verifyingDisplayTypeFilterFunctionality_Mobile_16-46-27 - [verifyingDisplayTypeFilterFunctionality_Mobile_16-46-27]==========================================================================================================
16:46:48 [TestNG-test-Test-1] INFO  verifyingDisplayTypeFilterFunctionality_Mobile_16-46-27 - [verifyingDisplayTypeFilterFunctionality_Mobile_16-46-27] Within safeFindElements 
16:46:48 [TestNG-test-Test-1] INFO  verifyingDisplayTypeFilterFunctionality_Mobile_16-46-27 - [verifyingDisplayTypeFilterFunctionality_Mobile_16-46-27] Returning the  [[[ChromeDriver: chrome on windows (082125a4afb6c452e81ec13c9e3c87ba)] -> xpath: //div[@data-cy='title-recipe']], [[ChromeDriver: chrome on windows (082125a4afb6c452e81ec13c9e3c87ba)] -> xpath: //div[@data-cy='title-recipe']], [[ChromeDriver: chrome on windows (082125a4afb6c452e81ec13c9e3c87ba)] -> xpath: //div[@data-cy='title-recipe']], [[ChromeDriver: chrome on windows (082125a4afb6c452e81ec13c9e3c87ba)] -> xpath: //div[@data-cy='title-recipe']], [[ChromeDriver: chrome on windows (082125a4afb6c452e81ec13c9e3c87ba)] -> xpath: //div[@data-cy='title-recipe']], [[ChromeDriver: chrome on windows (082125a4afb6c452e81ec13c9e3c87ba)] -> xpath: //div[@data-cy='title-recipe']], [[ChromeDriver: chrome on windows (082125a4afb6c452e81ec13c9e3c87ba)] -> xpath: //div[@data-cy='title-recipe']], [[ChromeDriver: chrome on windows (082125a4afb6c452e81ec13c9e3c87ba)] -> xpath: //div[@data-cy='title-recipe']], [[ChromeDriver: chrome on windows (082125a4afb6c452e81ec13c9e3c87ba)] -> xpath: //div[@data-cy='title-recipe']], [[ChromeDriver: chrome on windows (082125a4afb6c452e81ec13c9e3c87ba)] -> xpath: //div[@data-cy='title-recipe']], [[ChromeDriver: chrome on windows (082125a4afb6c452e81ec13c9e3c87ba)] -> xpath: //div[@data-cy='title-recipe']], [[ChromeDriver: chrome on windows (082125a4afb6c452e81ec13c9e3c87ba)] -> xpath: //div[@data-cy='title-recipe']], [[ChromeDriver: chrome on windows (082125a4afb6c452e81ec13c9e3c87ba)] -> xpath: //div[@data-cy='title-recipe']], [[ChromeDriver: chrome on windows (082125a4afb6c452e81ec13c9e3c87ba)] -> xpath: //div[@data-cy='title-recipe']], [[ChromeDriver: chrome on windows (082125a4afb6c452e81ec13c9e3c87ba)] -> xpath: //div[@data-cy='title-recipe']], [[ChromeDriver: chrome on windows (082125a4afb6c452e81ec13c9e3c87ba)] -> xpath: //div[@data-cy='title-recipe']]] from the safeFindElements method
16:46:48 [TestNG-test-Test-1] INFO  verifyingDisplayTypeFilterFunctionality_Mobile_16-46-27 - [verifyingDisplayTypeFilterFunctionality_Mobile_16-46-27] Within productNameListingPage loop in applyFilterAndValidateProductsWithResult
16:46:48 [TestNG-test-Test-1] INFO  verifyingDisplayTypeFilterFunctionality_Mobile_16-46-27 - [verifyingDisplayTypeFilterFunctionality_Mobile_16-46-27] Within getProductByIndex method
16:46:48 [TestNG-test-Test-1] INFO  verifyingDisplayTypeFilterFunctionality_Mobile_16-46-27 - [verifyingDisplayTypeFilterFunctionality_Mobile_16-46-27] Within safeFindElement method
16:46:48 [TestNG-test-Test-1] INFO  verifyingDisplayTypeFilterFunctionality_Mobile_16-46-27 - [verifyingDisplayTypeFilterFunctionality_Mobile_16-46-27]Found the element returning it ,element ->[[ChromeDriver: chrome on windows (082125a4afb6c452e81ec13c9e3c87ba)] -> xpath: (//div[@data-cy='title-recipe'])[2]]
16:46:48 [TestNG-test-Test-1] INFO  verifyingDisplayTypeFilterFunctionality_Mobile_16-46-27 - [verifyingDisplayTypeFilterFunctionality_Mobile_16-46-27] Within getProductByIndex method
16:46:48 [TestNG-test-Test-1] INFO  verifyingDisplayTypeFilterFunctionality_Mobile_16-46-27 - [verifyingDisplayTypeFilterFunctionality_Mobile_16-46-27] Within smoothScrollToElement method
16:46:48 [TestNG-test-Test-1] INFO  verifyingDisplayTypeFilterFunctionality_Mobile_16-46-27 - [verifyingDisplayTypeFilterFunctionality_Mobile_16-46-27] Within safeFindElement method
16:46:49 [TestNG-test-Test-1] INFO  verifyingDisplayTypeFilterFunctionality_Mobile_16-46-27 - [verifyingDisplayTypeFilterFunctionality_Mobile_16-46-27]Found the element returning it ,element ->[[ChromeDriver: chrome on windows (082125a4afb6c452e81ec13c9e3c87ba)] -> xpath: (//div[@data-cy='title-recipe'])[2]]
16:46:49 [TestNG-test-Test-1] INFO  verifyingDisplayTypeFilterFunctionality_Mobile_16-46-27 - [verifyingDisplayTypeFilterFunctionality_Mobile_16-46-27] Successfully scrolled to element: By.xpath: (//div[@data-cy='title-recipe'])[2]
16:46:49 [TestNG-test-Test-1] INFO  verifyingDisplayTypeFilterFunctionality_Mobile_16-46-27 - [verifyingDisplayTypeFilterFunctionality_Mobile_16-46-27] Getting product by index in productNameListingPage loop
16:46:49 [TestNG-test-Test-1] INFO  verifyingDisplayTypeFilterFunctionality_Mobile_16-46-27 - [verifyingDisplayTypeFilterFunctionality_Mobile_16-46-27] Opened product in new tab via Ctrl+Click inside productNameListingPage loop
16:46:49 [TestNG-test-Test-1] INFO  verifyingDisplayTypeFilterFunctionality_Mobile_16-46-27 - [verifyingDisplayTypeFilterFunctionality_Mobile_16-46-27] Waiting for new window to open...
16:46:49 [TestNG-test-Test-1] INFO  verifyingDisplayTypeFilterFunctionality_Mobile_16-46-27 - [verifyingDisplayTypeFilterFunctionality_Mobile_16-46-27] Switched to new window -> 7D4EFA7A788A238F6A72183806D11576
16:46:49 [TestNG-test-Test-1] INFO  verifyingDisplayTypeFilterFunctionality_Mobile_16-46-27 - [verifyingDisplayTypeFilterFunctionality_Mobile_16-46-27] Swithcing to the new window  within productNameListingPage loop
16:46:49 [TestNG-test-Test-1] INFO  verifyingDisplayTypeFilterFunctionality_Mobile_16-46-27 - [verifyingDisplayTypeFilterFunctionality_Mobile_16-46-27] Clicked product name to open in new tab from productNameListingPage loop
16:46:49 [TestNG-test-Test-1] INFO  verifyingDisplayTypeFilterFunctionality_Mobile_16-46-27 - [verifyingDisplayTypeFilterFunctionality_Mobile_16-46-27] Waiting until element is visible in viewport
16:46:52 [TestNG-test-Test-1] WARN  verifyingDisplayTypeFilterFunctionality_Mobile_16-46-27 - [verifyingDisplayTypeFilterFunctionality_Mobile_16-46-27] Product detail page did not load for index 2 filter 'AMOLED'; skipping detail scrape to avoid redundant retries/timeouts
16:46:52 [TestNG-test-Test-1] INFO  verifyingDisplayTypeFilterFunctionality_Mobile_16-46-27 - [verifyingDisplayTypeFilterFunctionality_Mobile_16-46-27] Within closeCurrentWindowAndSwitchBack method
16:46:52 [TestNG-test-Test-1] INFO  verifyingDisplayTypeFilterFunctionality_Mobile_16-46-27 - [verifyingDisplayTypeFilterFunctionality_Mobile_16-46-27] Total open windows/tabs count -> 2
16:46:52 [TestNG-test-Test-1] INFO  verifyingDisplayTypeFilterFunctionality_Mobile_16-46-27 - [verifyingDisplayTypeFilterFunctionality_Mobile_16-46-27] Original window handle -> DC95EA9904D6FCCF71B510F34C2D53E3
16:46:52 [TestNG-test-Test-1] INFO  verifyingDisplayTypeFilterFunctionality_Mobile_16-46-27 - [verifyingDisplayTypeFilterFunctionality_Mobile_16-46-27] Found new tab/window handle -> 7D4EFA7A788A238F6A72183806D11576 (will be closed)
16:46:52 [TestNG-test-Test-1] INFO  verifyingDisplayTypeFilterFunctionality_Mobile_16-46-27 - [verifyingDisplayTypeFilterFunctionality_Mobile_16-46-27] Successfully switched to new tab/window -> 7D4EFA7A788A238F6A72183806D11576
16:46:52 [TestNG-test-Test-1] INFO  verifyingDisplayTypeFilterFunctionality_Mobile_16-46-27 - [verifyingDisplayTypeFilterFunctionality_Mobile_16-46-27] Closed the newly opened tab/window -> 7D4EFA7A788A238F6A72183806D11576
16:46:52 [TestNG-test-Test-1] INFO  verifyingDisplayTypeFilterFunctionality_Mobile_16-46-27 - [verifyingDisplayTypeFilterFunctionality_Mobile_16-46-27] Switched back to the original window -> DC95EA9904D6FCCF71B510F34C2D53E3
16:46:52 [TestNG-test-Test-1] INFO  verifyingDisplayTypeFilterFunctionality_Mobile_16-46-27 - [verifyingDisplayTypeFilterFunctionality_Mobile_16-46-27]  going back to product listing via closeCurrentWindowAndSwitchBack 
16:46:52 [TestNG-test-Test-1] INFO  verifyingDisplayTypeFilterFunctionality_Mobile_16-46-27 - [verifyingDisplayTypeFilterFunctionality_Mobile_16-46-27]  Added 'filter','title','keyFeatures', 'about', 'techDetails' into the Map -> productResult
16:46:52 [TestNG-test-Test-1] INFO  verifyingDisplayTypeFilterFunctionality_Mobile_16-46-27 - [verifyingDisplayTypeFilterFunctionality_Mobile_16-46-27]  Added 'productResult' Map into the 'results' i.e list of maps 
16:46:52 [TestNG-test-Test-1] INFO  verifyingDisplayTypeFilterFunctionality_Mobile_16-46-27 - [verifyingDisplayTypeFilterFunctionality_Mobile_16-46-27]==========================================================================================================
16:46:52 [TestNG-test-Test-1] INFO  verifyingDisplayTypeFilterFunctionality_Mobile_16-46-27 - [verifyingDisplayTypeFilterFunctionality_Mobile_16-46-27] Within safeClick method
16:46:52 [TestNG-test-Test-1] INFO  verifyingDisplayTypeFilterFunctionality_Mobile_16-46-27 - [verifyingDisplayTypeFilterFunctionality_Mobile_16-46-27] Clicked the  [[ChromeDriver: chrome on windows (082125a4afb6c452e81ec13c9e3c87ba)] -> xpath: //span[@class='a-size-base a-color-base' and text()='Clear']]   using safeClick
16:46:52 [TestNG-test-Test-1] INFO  verifyingDisplayTypeFilterFunctionality_Mobile_16-46-27 - [verifyingDisplayTypeFilterFunctionality_Mobile_16-46-27] Clearing the filter value ->AMOLEDwithin productNameListingPage loop
16:46:52 [TestNG-test-Test-1] INFO  verifyingDisplayTypeFilterFunctionality_Mobile_16-46-27 - [verifyingDisplayTypeFilterFunctionality_Mobile_16-46-27]==========================================================================================================
16:46:52 [TestNG-test-Test-1] INFO  verifyingDisplayTypeFilterFunctionality_Mobile_16-46-27 - [verifyingDisplayTypeFilterFunctionality_Mobile_16-46-27]==========================================================================================================
16:46:52 [TestNG-test-Test-1] INFO  verifyingDisplayTypeFilterFunctionality_Mobile_16-46-27 - [verifyingDisplayTypeFilterFunctionality_Mobile_16-46-27] Within filterOptions loop in applyFilterAndValidateProductsWithResult
16:46:52 [TestNG-test-Test-1] INFO  verifyingDisplayTypeFilterFunctionality_Mobile_16-46-27 - [verifyingDisplayTypeFilterFunctionality_Mobile_16-46-27] Within safeFindElements 
16:46:53 [TestNG-test-Test-1] INFO  verifyingDisplayTypeFilterFunctionality_Mobile_16-46-27 - [verifyingDisplayTypeFilterFunctionality_Mobile_16-46-27] Returning the  [[[ChromeDriver: chrome on windows (082125a4afb6c452e81ec13c9e3c87ba)] -> xpath: //span[@class='a-size-base a-color-base puis-bold-weight-text' and text()='Display Type']/parent::div/following-sibling::ul//span[@class='a-size-base a-color-base']], [[ChromeDriver: chrome on windows (082125a4afb6c452e81ec13c9e3c87ba)] -> xpath: //span[@class='a-size-base a-color-base puis-bold-weight-text' and text()='Display Type']/parent::div/following-sibling::ul//span[@class='a-size-base a-color-base']], [[ChromeDriver: chrome on windows (082125a4afb6c452e81ec13c9e3c87ba)] -> xpath: //span[@class='a-size-base a-color-base puis-bold-weight-text' and text()='Display Type']/parent::div/following-sibling::ul//span[@class='a-size-base a-color-base']]] from the safeFindElements method
16:46:53 [TestNG-test-Test-1] INFO  verifyingDisplayTypeFilterFunctionality_Mobile_16-46-27 - [verifyingDisplayTypeFilterFunctionality_Mobile_16-46-27] Trying to read filter option 1 (attempt 1/3)
16:46:53 [TestNG-test-Test-1] INFO  verifyingDisplayTypeFilterFunctionality_Mobile_16-46-27 - [verifyingDisplayTypeFilterFunctionality_Mobile_16-46-27] Successfully read filter option 1 = 'LCD'
16:46:53 [TestNG-test-Test-1] INFO  verifyingDisplayTypeFilterFunctionality_Mobile_16-46-27 - [verifyingDisplayTypeFilterFunctionality_Mobile_16-46-27] Within getfilterByTypeAndName method
16:46:53 [TestNG-test-Test-1] INFO  verifyingDisplayTypeFilterFunctionality_Mobile_16-46-27 - [verifyingDisplayTypeFilterFunctionality_Mobile_16-46-27] Within safeClickBooleanWithScreenShot method
16:46:53 [TestNG-test-Test-1] INFO  verifyingDisplayTypeFilterFunctionality_Mobile_16-46-27 - [verifyingDisplayTypeFilterFunctionality_Mobile_16-46-27] Within getAppliedfilterByTypeAndName method
16:46:53 [TestNG-test-Test-1] INFO  verifyingDisplayTypeFilterFunctionality_Mobile_16-46-27 - [verifyingDisplayTypeFilterFunctionality_Mobile_16-46-27] Within smoothScrollToElement method
16:46:53 [TestNG-test-Test-1] INFO  verifyingDisplayTypeFilterFunctionality_Mobile_16-46-27 - [verifyingDisplayTypeFilterFunctionality_Mobile_16-46-27] Within safeFindElement method
16:46:53 [TestNG-test-Test-1] INFO  verifyingDisplayTypeFilterFunctionality_Mobile_16-46-27 - [verifyingDisplayTypeFilterFunctionality_Mobile_16-46-27]Found the element returning it ,element ->[[ChromeDriver: chrome on windows (082125a4afb6c452e81ec13c9e3c87ba)] -> xpath: //span[@class='a-size-base a-color-base puis-bold-weight-text' and text()='Display Type']]
16:46:53 [TestNG-test-Test-1] INFO  verifyingDisplayTypeFilterFunctionality_Mobile_16-46-27 - [verifyingDisplayTypeFilterFunctionality_Mobile_16-46-27] Successfully scrolled to element: By.xpath: //span[@class='a-size-base a-color-base puis-bold-weight-text' and text()='Display Type']
16:46:53 [TestNG-test-Test-1] INFO  verifyingDisplayTypeFilterFunctionality_Mobile_16-46-27 - [verifyingDisplayTypeFilterFunctionality_Mobile_16-46-27] Within getMoreButtonByFilterTypeAndName method
16:46:53 [TestNG-test-Test-1] INFO  verifyingDisplayTypeFilterFunctionality_Mobile_16-46-27 - [verifyingDisplayTypeFilterFunctionality_Mobile_16-46-27] could not find more button
16:46:54 [TestNG-test-Test-1] INFO  verifyingDisplayTypeFilterFunctionality_Mobile_16-46-27 - [verifyingDisplayTypeFilterFunctionality_Mobile_16-46-27] Within getAppliedfilterByTypeAndName method
16:46:54 [TestNG-test-Test-1] INFO  verifyingDisplayTypeFilterFunctionality_Mobile_16-46-27 - [verifyingDisplayTypeFilterFunctionality_Mobile_16-46-27] Within smoothScrollToElement method
16:46:54 [TestNG-test-Test-1] INFO  verifyingDisplayTypeFilterFunctionality_Mobile_16-46-27 - [verifyingDisplayTypeFilterFunctionality_Mobile_16-46-27] Within safeFindElement method
16:46:55 [TestNG-test-Test-1] INFO  verifyingDisplayTypeFilterFunctionality_Mobile_16-46-27 - [verifyingDisplayTypeFilterFunctionality_Mobile_16-46-27]Found the element returning it ,element ->[[ChromeDriver: chrome on windows (082125a4afb6c452e81ec13c9e3c87ba)] -> xpath: //span[@class='a-size-base a-color-base puis-bold-weight-text' and text()='Display Type']]
16:46:55 [TestNG-test-Test-1] INFO  verifyingDisplayTypeFilterFunctionality_Mobile_16-46-27 - [verifyingDisplayTypeFilterFunctionality_Mobile_16-46-27] Successfully scrolled to element: By.xpath: //span[@class='a-size-base a-color-base puis-bold-weight-text' and text()='Display Type']
16:46:55 [TestNG-test-Test-1] INFO  verifyingDisplayTypeFilterFunctionality_Mobile_16-46-27 - [verifyingDisplayTypeFilterFunctionality_Mobile_16-46-27] Within getMoreButtonByFilterTypeAndName method
16:46:55 [TestNG-test-Test-1] INFO  verifyingDisplayTypeFilterFunctionality_Mobile_16-46-27 - [verifyingDisplayTypeFilterFunctionality_Mobile_16-46-27] could not find more button
16:46:55 [TestNG-test-Test-1] INFO  verifyingDisplayTypeFilterFunctionality_Mobile_16-46-27 - [verifyingDisplayTypeFilterFunctionality_Mobile_16-46-27] Within getfilterByTypeAndName method
16:46:55 [TestNG-test-Test-1] INFO  verifyingDisplayTypeFilterFunctionality_Mobile_16-46-27 - [verifyingDisplayTypeFilterFunctionality_Mobile_16-46-27] Within smoothScrollToElement method
16:46:55 [TestNG-test-Test-1] INFO  verifyingDisplayTypeFilterFunctionality_Mobile_16-46-27 - [verifyingDisplayTypeFilterFunctionality_Mobile_16-46-27] Within safeFindElement method
16:46:55 [TestNG-test-Test-1] INFO  verifyingDisplayTypeFilterFunctionality_Mobile_16-46-27 - [verifyingDisplayTypeFilterFunctionality_Mobile_16-46-27]Found the element returning it ,element ->[[ChromeDriver: chrome on windows (082125a4afb6c452e81ec13c9e3c87ba)] -> xpath: //span[@class='a-size-base a-color-base puis-bold-weight-text' and text()='Display Type']/parent::div/following-sibling::ul//span[@class='a-size-base a-color-base a-text-bold' and text()='LCD']]
16:46:55 [TestNG-test-Test-1] INFO  verifyingDisplayTypeFilterFunctionality_Mobile_16-46-27 - [verifyingDisplayTypeFilterFunctionality_Mobile_16-46-27] Successfully scrolled to element: By.xpath: //span[@class='a-size-base a-color-base puis-bold-weight-text' and text()='Display Type']/parent::div/following-sibling::ul//span[@class='a-size-base a-color-base a-text-bold' and text()='LCD']
16:46:55 [TestNG-test-Test-1] INFO  verifyingDisplayTypeFilterFunctionality_Mobile_16-46-27 - [verifyingDisplayTypeFilterFunctionality_Mobile_16-46-27] Clicked the element using safe click ,element is [[ChromeDriver: chrome on windows (082125a4afb6c452e81ec13c9e3c87ba)] -> xpath: //span[@class='a-size-base a-color-base puis-bold-weight-text' and text()='Display Type']/parent::div/following-sibling::ul//span[@class='a-size-base a-color-base' and text()='LCD']]
16:46:56 [TestNG-test-Test-1] INFO  verifyingDisplayTypeFilterFunctionality_Mobile_16-46-27 - [verifyingDisplayTypeFilterFunctionality_Mobile_16-46-27] Within safeFindElements 
16:46:56 [TestNG-test-Test-1] INFO  verifyingDisplayTypeFilterFunctionality_Mobile_16-46-27 - [verifyingDisplayTypeFilterFunctionality_Mobile_16-46-27] Returning the  [[[ChromeDriver: chrome on windows (082125a4afb6c452e81ec13c9e3c87ba)] -> xpath: //div[@data-cy='title-recipe']], [[ChromeDriver: chrome on windows (082125a4afb6c452e81ec13c9e3c87ba)] -> xpath: //div[@data-cy='title-recipe']], [[ChromeDriver: chrome on windows (082125a4afb6c452e81ec13c9e3c87ba)] -> xpath: //div[@data-cy='title-recipe']], [[ChromeDriver: chrome on windows (082125a4afb6c452e81ec13c9e3c87ba)] -> xpath: //div[@data-cy='title-recipe']], [[ChromeDriver: chrome on windows (082125a4afb6c452e81ec13c9e3c87ba)] -> xpath: //div[@data-cy='title-recipe']], [[ChromeDriver: chrome on windows (082125a4afb6c452e81ec13c9e3c87ba)] -> xpath: //div[@data-cy='title-recipe']], [[ChromeDriver: chrome on windows (082125a4afb6c452e81ec13c9e3c87ba)] -> xpath: //div[@data-cy='title-recipe']], [[ChromeDriver: chrome on windows (082125a4afb6c452e81ec13c9e3c87ba)] -> xpath: //div[@data-cy='title-recipe']], [[ChromeDriver: chrome on windows (082125a4afb6c452e81ec13c9e3c87ba)] -> xpath: //div[@data-cy='title-recipe']], [[ChromeDriver: chrome on windows (082125a4afb6c452e81ec13c9e3c87ba)] -> xpath: //div[@data-cy='title-recipe']], [[ChromeDriver: chrome on windows (082125a4afb6c452e81ec13c9e3c87ba)] -> xpath: //div[@data-cy='title-recipe']], [[ChromeDriver: chrome on windows (082125a4afb6c452e81ec13c9e3c87ba)] -> xpath: //div[@data-cy='title-recipe']], [[ChromeDriver: chrome on windows (082125a4afb6c452e81ec13c9e3c87ba)] -> xpath: //div[@data-cy='title-recipe']], [[ChromeDriver: chrome on windows (082125a4afb6c452e81ec13c9e3c87ba)] -> xpath: //div[@data-cy='title-recipe']], [[ChromeDriver: chrome on windows (082125a4afb6c452e81ec13c9e3c87ba)] -> xpath: //div[@data-cy='title-recipe']], [[ChromeDriver: chrome on windows (082125a4afb6c452e81ec13c9e3c87ba)] -> xpath: //div[@data-cy='title-recipe']]] from the safeFindElements method
16:46:56 [TestNG-test-Test-1] INFO  verifyingDisplayTypeFilterFunctionality_Mobile_16-46-27 - [verifyingDisplayTypeFilterFunctionality_Mobile_16-46-27] Execution is Not CRON Job Hence refering to normal keys from UtilData
16:46:56 [TestNG-test-Test-1] INFO  verifyingDisplayTypeFilterFunctionality_Mobile_16-46-27 - [verifyingDisplayTypeFilterFunctionality_Mobile_16-46-27] Within safeFindElements 
16:46:56 [TestNG-test-Test-1] INFO  verifyingDisplayTypeFilterFunctionality_Mobile_16-46-27 - [verifyingDisplayTypeFilterFunctionality_Mobile_16-46-27] Returning the  [[[ChromeDriver: chrome on windows (082125a4afb6c452e81ec13c9e3c87ba)] -> xpath: //div[@data-cy='title-recipe']], [[ChromeDriver: chrome on windows (082125a4afb6c452e81ec13c9e3c87ba)] -> xpath: //div[@data-cy='title-recipe']], [[ChromeDriver: chrome on windows (082125a4afb6c452e81ec13c9e3c87ba)] -> xpath: //div[@data-cy='title-recipe']], [[ChromeDriver: chrome on windows (082125a4afb6c452e81ec13c9e3c87ba)] -> xpath: //div[@data-cy='title-recipe']], [[ChromeDriver: chrome on windows (082125a4afb6c452e81ec13c9e3c87ba)] -> xpath: //div[@data-cy='title-recipe']], [[ChromeDriver: chrome on windows (082125a4afb6c452e81ec13c9e3c87ba)] -> xpath: //div[@data-cy='title-recipe']], [[ChromeDriver: chrome on windows (082125a4afb6c452e81ec13c9e3c87ba)] -> xpath: //div[@data-cy='title-recipe']], [[ChromeDriver: chrome on windows (082125a4afb6c452e81ec13c9e3c87ba)] -> xpath: //div[@data-cy='title-recipe']], [[ChromeDriver: chrome on windows (082125a4afb6c452e81ec13c9e3c87ba)] -> xpath: //div[@data-cy='title-recipe']], [[ChromeDriver: chrome on windows (082125a4afb6c452e81ec13c9e3c87ba)] -> xpath: //div[@data-cy='title-recipe']], [[ChromeDriver: chrome on windows (082125a4afb6c452e81ec13c9e3c87ba)] -> xpath: //div[@data-cy='title-recipe']], [[ChromeDriver: chrome on windows (082125a4afb6c452e81ec13c9e3c87ba)] -> xpath: //div[@data-cy='title-recipe']], [[ChromeDriver: chrome on windows (082125a4afb6c452e81ec13c9e3c87ba)] -> xpath: //div[@data-cy='title-recipe']], [[ChromeDriver: chrome on windows (082125a4afb6c452e81ec13c9e3c87ba)] -> xpath: //div[@data-cy='title-recipe']], [[ChromeDriver: chrome on windows (082125a4afb6c452e81ec13c9e3c87ba)] -> xpath: //div[@data-cy='title-recipe']], [[ChromeDriver: chrome on windows (082125a4afb6c452e81ec13c9e3c87ba)] -> xpath: //div[@data-cy='title-recipe']]] from the safeFindElements method
16:46:56 [TestNG-test-Test-1] INFO  verifyingDisplayTypeFilterFunctionality_Mobile_16-46-27 - [verifyingDisplayTypeFilterFunctionality_Mobile_16-46-27] Within productNameListingPage loop in applyFilterAndValidateProductsWithResult
16:46:56 [TestNG-test-Test-1] INFO  verifyingDisplayTypeFilterFunctionality_Mobile_16-46-27 - [verifyingDisplayTypeFilterFunctionality_Mobile_16-46-27] Within getProductByIndex method
16:46:56 [TestNG-test-Test-1] INFO  verifyingDisplayTypeFilterFunctionality_Mobile_16-46-27 - [verifyingDisplayTypeFilterFunctionality_Mobile_16-46-27] Within safeFindElement method
16:46:56 [TestNG-test-Test-1] INFO  verifyingDisplayTypeFilterFunctionality_Mobile_16-46-27 - [verifyingDisplayTypeFilterFunctionality_Mobile_16-46-27]Found the element returning it ,element ->[[ChromeDriver: chrome on windows (082125a4afb6c452e81ec13c9e3c87ba)] -> xpath: (//div[@data-cy='title-recipe'])[1]]
16:46:56 [TestNG-test-Test-1] INFO  verifyingDisplayTypeFilterFunctionality_Mobile_16-46-27 - [verifyingDisplayTypeFilterFunctionality_Mobile_16-46-27] Within getProductByIndex method
16:46:56 [TestNG-test-Test-1] INFO  verifyingDisplayTypeFilterFunctionality_Mobile_16-46-27 - [verifyingDisplayTypeFilterFunctionality_Mobile_16-46-27] Within smoothScrollToElement method
16:46:56 [TestNG-test-Test-1] INFO  verifyingDisplayTypeFilterFunctionality_Mobile_16-46-27 - [verifyingDisplayTypeFilterFunctionality_Mobile_16-46-27] Within safeFindElement method
16:46:56 [TestNG-test-Test-1] INFO  verifyingDisplayTypeFilterFunctionality_Mobile_16-46-27 - [verifyingDisplayTypeFilterFunctionality_Mobile_16-46-27]Found the element returning it ,element ->[[ChromeDriver: chrome on windows (082125a4afb6c452e81ec13c9e3c87ba)] -> xpath: (//div[@data-cy='title-recipe'])[1]]
16:46:56 [TestNG-test-Test-1] INFO  verifyingDisplayTypeFilterFunctionality_Mobile_16-46-27 - [verifyingDisplayTypeFilterFunctionality_Mobile_16-46-27] Successfully scrolled to element: By.xpath: (//div[@data-cy='title-recipe'])[1]
16:46:56 [TestNG-test-Test-1] INFO  verifyingDisplayTypeFilterFunctionality_Mobile_16-46-27 - [verifyingDisplayTypeFilterFunctionality_Mobile_16-46-27] Getting product by index in productNameListingPage loop
16:46:56 [TestNG-test-Test-1] INFO  verifyingDisplayTypeFilterFunctionality_Mobile_16-46-27 - [verifyingDisplayTypeFilterFunctionality_Mobile_16-46-27] Opened product in new tab via Ctrl+Click inside productNameListingPage loop
16:46:56 [TestNG-test-Test-1] INFO  verifyingDisplayTypeFilterFunctionality_Mobile_16-46-27 - [verifyingDisplayTypeFilterFunctionality_Mobile_16-46-27] Waiting for new window to open...
16:46:56 [TestNG-test-Test-1] INFO  verifyingDisplayTypeFilterFunctionality_Mobile_16-46-27 - [verifyingDisplayTypeFilterFunctionality_Mobile_16-46-27] Switched to new window -> CDCC3006CD891E0EF26B875A76E4C3F8
16:46:56 [TestNG-test-Test-1] INFO  verifyingDisplayTypeFilterFunctionality_Mobile_16-46-27 - [verifyingDisplayTypeFilterFunctionality_Mobile_16-46-27] Swithcing to the new window  within productNameListingPage loop
16:46:56 [TestNG-test-Test-1] INFO  verifyingDisplayTypeFilterFunctionality_Mobile_16-46-27 - [verifyingDisplayTypeFilterFunctionality_Mobile_16-46-27] Clicked product name to open in new tab from productNameListingPage loop
16:46:56 [TestNG-test-Test-1] INFO  verifyingDisplayTypeFilterFunctionality_Mobile_16-46-27 - [verifyingDisplayTypeFilterFunctionality_Mobile_16-46-27] Waiting until element is visible in viewport
16:47:00 [TestNG-test-Test-1] WARN  verifyingDisplayTypeFilterFunctionality_Mobile_16-46-27 - [verifyingDisplayTypeFilterFunctionality_Mobile_16-46-27] Product detail page did not load for index 1 filter 'LCD'; skipping detail scrape to avoid redundant retries/timeouts
16:47:00 [TestNG-test-Test-1] INFO  verifyingDisplayTypeFilterFunctionality_Mobile_16-46-27 - [verifyingDisplayTypeFilterFunctionality_Mobile_16-46-27] Within closeCurrentWindowAndSwitchBack method
16:47:00 [TestNG-test-Test-1] INFO  verifyingDisplayTypeFilterFunctionality_Mobile_16-46-27 - [verifyingDisplayTypeFilterFunctionality_Mobile_16-46-27] Total open windows/tabs count -> 2
16:47:00 [TestNG-test-Test-1] INFO  verifyingDisplayTypeFilterFunctionality_Mobile_16-46-27 - [verifyingDisplayTypeFilterFunctionality_Mobile_16-46-27] Original window handle -> DC95EA9904D6FCCF71B510F34C2D53E3
16:47:00 [TestNG-test-Test-1] INFO  verifyingDisplayTypeFilterFunctionality_Mobile_16-46-27 - [verifyingDisplayTypeFilterFunctionality_Mobile_16-46-27] Found new tab/window handle -> CDCC3006CD891E0EF26B875A76E4C3F8 (will be closed)
16:47:00 [TestNG-test-Test-1] INFO  verifyingDisplayTypeFilterFunctionality_Mobile_16-46-27 - [verifyingDisplayTypeFilterFunctionality_Mobile_16-46-27] Successfully switched to new tab/window -> CDCC3006CD891E0EF26B875A76E4C3F8
16:47:00 [TestNG-test-Test-1] INFO  verifyingDisplayTypeFilterFunctionality_Mobile_16-46-27 - [verifyingDisplayTypeFilterFunctionality_Mobile_16-46-27] Closed the newly opened tab/window -> CDCC3006CD891E0EF26B875A76E4C3F8
16:47:00 [TestNG-test-Test-1] INFO  verifyingDisplayTypeFilterFunctionality_Mobile_16-46-27 - [verifyingDisplayTypeFilterFunctionality_Mobile_16-46-27] Switched back to the original window -> DC95EA9904D6FCCF71B510F34C2D53E3
16:47:00 [TestNG-test-Test-1] INFO  verifyingDisplayTypeFilterFunctionality_Mobile_16-46-27 - [verifyingDisplayTypeFilterFunctionality_Mobile_16-46-27]  going back to product listing via closeCurrentWindowAndSwitchBack 
16:47:00 [TestNG-test-Test-1] INFO  verifyingDisplayTypeFilterFunctionality_Mobile_16-46-27 - [verifyingDisplayTypeFilterFunctionality_Mobile_16-46-27]  Added 'filter','title','keyFeatures', 'about', 'techDetails' into the Map -> productResult
16:47:00 [TestNG-test-Test-1] INFO  verifyingDisplayTypeFilterFunctionality_Mobile_16-46-27 - [verifyingDisplayTypeFilterFunctionality_Mobile_16-46-27]  Added 'productResult' Map into the 'results' i.e list of maps 
16:47:00 [TestNG-test-Test-1] INFO  verifyingDisplayTypeFilterFunctionality_Mobile_16-46-27 - [verifyingDisplayTypeFilterFunctionality_Mobile_16-46-27]==========================================================================================================
16:47:00 [TestNG-test-Test-1] INFO  verifyingDisplayTypeFilterFunctionality_Mobile_16-46-27 - [verifyingDisplayTypeFilterFunctionality_Mobile_16-46-27] Within safeFindElements 
16:47:00 [TestNG-test-Test-1] INFO  verifyingDisplayTypeFilterFunctionality_Mobile_16-46-27 - [verifyingDisplayTypeFilterFunctionality_Mobile_16-46-27] Returning the  [[[ChromeDriver: chrome on windows (082125a4afb6c452e81ec13c9e3c87ba)] -> xpath: //div[@data-cy='title-recipe']], [[ChromeDriver: chrome on windows (082125a4afb6c452e81ec13c9e3c87ba)] -> xpath: //div[@data-cy='title-recipe']], [[ChromeDriver: chrome on windows (082125a4afb6c452e81ec13c9e3c87ba)] -> xpath: //div[@data-cy='title-recipe']], [[ChromeDriver: chrome on windows (082125a4afb6c452e81ec13c9e3c87ba)] -> xpath: //div[@data-cy='title-recipe']], [[ChromeDriver: chrome on windows (082125a4afb6c452e81ec13c9e3c87ba)] -> xpath: //div[@data-cy='title-recipe']], [[ChromeDriver: chrome on windows (082125a4afb6c452e81ec13c9e3c87ba)] -> xpath: //div[@data-cy='title-recipe']], [[ChromeDriver: chrome on windows (082125a4afb6c452e81ec13c9e3c87ba)] -> xpath: //div[@data-cy='title-recipe']], [[ChromeDriver: chrome on windows (082125a4afb6c452e81ec13c9e3c87ba)] -> xpath: //div[@data-cy='title-recipe']], [[ChromeDriver: chrome on windows (082125a4afb6c452e81ec13c9e3c87ba)] -> xpath: //div[@data-cy='title-recipe']], [[ChromeDriver: chrome on windows (082125a4afb6c452e81ec13c9e3c87ba)] -> xpath: //div[@data-cy='title-recipe']], [[ChromeDriver: chrome on windows (082125a4afb6c452e81ec13c9e3c87ba)] -> xpath: //div[@data-cy='title-recipe']], [[ChromeDriver: chrome on windows (082125a4afb6c452e81ec13c9e3c87ba)] -> xpath: //div[@data-cy='title-recipe']], [[ChromeDriver: chrome on windows (082125a4afb6c452e81ec13c9e3c87ba)] -> xpath: //div[@data-cy='title-recipe']], [[ChromeDriver: chrome on windows (082125a4afb6c452e81ec13c9e3c87ba)] -> xpath: //div[@data-cy='title-recipe']], [[ChromeDriver: chrome on windows (082125a4afb6c452e81ec13c9e3c87ba)] -> xpath: //div[@data-cy='title-recipe']], [[ChromeDriver: chrome on windows (082125a4afb6c452e81ec13c9e3c87ba)] -> xpath: //div[@data-cy='title-recipe']]] from the safeFindElements method
16:47:00 [TestNG-test-Test-1] INFO  verifyingDisplayTypeFilterFunctionality_Mobile_16-46-27 - [verifyingDisplayTypeFilterFunctionality_Mobile_16-46-27] Within productNameListingPage loop in applyFilterAndValidateProductsWithResult
16:47:00 [TestNG-test-Test-1] INFO  verifyingDisplayTypeFilterFunctionality_Mobile_16-46-27 - [verifyingDisplayTypeFilterFunctionality_Mobile_16-46-27] Within getProductByIndex method
16:47:00 [TestNG-test-Test-1] INFO  verifyingDisplayTypeFilterFunctionality_Mobile_16-46-27 - [verifyingDisplayTypeFilterFunctionality_Mobile_16-46-27] Within safeFindElement method
16:47:00 [TestNG-test-Test-1] INFO  verifyingDisplayTypeFilterFunctionality_Mobile_16-46-27 - [verifyingDisplayTypeFilterFunctionality_Mobile_16-46-27]Found the element returning it ,element ->[[ChromeDriver: chrome on windows (082125a4afb6c452e81ec13c9e3c87ba)] -> xpath: (//div[@data-cy='title-recipe'])[2]]
16:47:00 [TestNG-test-Test-1] INFO  verifyingDisplayTypeFilterFunctionality_Mobile_16-46-27 - [verifyingDisplayTypeFilterFunctionality_Mobile_16-46-27] Within getProductByIndex method
16:47:00 [TestNG-test-Test-1] INFO  verifyingDisplayTypeFilterFunctionality_Mobile_16-46-27 - [verifyingDisplayTypeFilterFunctionality_Mobile_16-46-27] Within smoothScrollToElement method
16:47:00 [TestNG-test-Test-1] INFO  verifyingDisplayTypeFilterFunctionality_Mobile_16-46-27 - [verifyingDisplayTypeFilterFunctionality_Mobile_16-46-27] Within safeFindElement method
16:47:00 [TestNG-test-Test-1] INFO  verifyingDisplayTypeFilterFunctionality_Mobile_16-46-27 - [verifyingDisplayTypeFilterFunctionality_Mobile_16-46-27]Found the element returning it ,element ->[[ChromeDriver: chrome on windows (082125a4afb6c452e81ec13c9e3c87ba)] -> xpath: (//div[@data-cy='title-recipe'])[2]]
16:47:00 [TestNG-test-Test-1] INFO  verifyingDisplayTypeFilterFunctionality_Mobile_16-46-27 - [verifyingDisplayTypeFilterFunctionality_Mobile_16-46-27] Successfully scrolled to element: By.xpath: (//div[@data-cy='title-recipe'])[2]
16:47:00 [TestNG-test-Test-1] INFO  verifyingDisplayTypeFilterFunctionality_Mobile_16-46-27 - [verifyingDisplayTypeFilterFunctionality_Mobile_16-46-27] Getting product by index in productNameListingPage loop
16:47:01 [TestNG-test-Test-1] INFO  verifyingDisplayTypeFilterFunctionality_Mobile_16-46-27 - [verifyingDisplayTypeFilterFunctionality_Mobile_16-46-27] Opened product in new tab via Ctrl+Click inside productNameListingPage loop
16:47:01 [TestNG-test-Test-1] INFO  verifyingDisplayTypeFilterFunctionality_Mobile_16-46-27 - [verifyingDisplayTypeFilterFunctionality_Mobile_16-46-27] Waiting for new window to open...
16:47:01 [TestNG-test-Test-1] INFO  verifyingDisplayTypeFilterFunctionality_Mobile_16-46-27 - [verifyingDisplayTypeFilterFunctionality_Mobile_16-46-27] Switched to new window -> DCE35E00E6C201136645B8960DB9B0F3
16:47:01 [TestNG-test-Test-1] INFO  verifyingDisplayTypeFilterFunctionality_Mobile_16-46-27 - [verifyingDisplayTypeFilterFunctionality_Mobile_16-46-27] Swithcing to the new window  within productNameListingPage loop
16:47:01 [TestNG-test-Test-1] INFO  verifyingDisplayTypeFilterFunctionality_Mobile_16-46-27 - [verifyingDisplayTypeFilterFunctionality_Mobile_16-46-27] Clicked product name to open in new tab from productNameListingPage loop
16:47:01 [TestNG-test-Test-1] INFO  verifyingDisplayTypeFilterFunctionality_Mobile_16-46-27 - [verifyingDisplayTypeFilterFunctionality_Mobile_16-46-27] Waiting until element is visible in viewport
16:47:10 [TestNG-test-Test-1] INFO  verifyingDisplayTypeFilterFunctionality_Mobile_16-46-27 - [verifyingDisplayTypeFilterFunctionality_Mobile_16-46-27] Within safeFindElement method
16:47:10 [TestNG-test-Test-1] INFO  verifyingDisplayTypeFilterFunctionality_Mobile_16-46-27 - [verifyingDisplayTypeFilterFunctionality_Mobile_16-46-27]Found the element returning it ,element ->[[ChromeDriver: chrome on windows (082125a4afb6c452e81ec13c9e3c87ba)] -> xpath: //span[@id='productTitle']]
16:47:10 [TestNG-test-Test-1] INFO  verifyingDisplayTypeFilterFunctionality_Mobile_16-46-27 - [verifyingDisplayTypeFilterFunctionality_Mobile_16-46-27] Within safeFindElement method
16:47:10 [TestNG-test-Test-1] INFO  verifyingDisplayTypeFilterFunctionality_Mobile_16-46-27 - [verifyingDisplayTypeFilterFunctionality_Mobile_16-46-27]Found the element returning it ,element ->[[ChromeDriver: chrome on windows (082125a4afb6c452e81ec13c9e3c87ba)] -> xpath: //div[@class='a-section a-spacing-small a-spacing-top-small']]
16:47:10 [TestNG-test-Test-1] INFO  verifyingDisplayTypeFilterFunctionality_Mobile_16-46-27 - [verifyingDisplayTypeFilterFunctionality_Mobile_16-46-27] Within safeFindElement method
16:47:10 [TestNG-test-Test-1] INFO  verifyingDisplayTypeFilterFunctionality_Mobile_16-46-27 - [verifyingDisplayTypeFilterFunctionality_Mobile_16-46-27]Found the element returning it ,element ->[[ChromeDriver: chrome on windows (082125a4afb6c452e81ec13c9e3c87ba)] -> xpath: //div[@id='feature-bullets']]
16:47:10 [TestNG-test-Test-1] INFO  verifyingDisplayTypeFilterFunctionality_Mobile_16-46-27 - [verifyingDisplayTypeFilterFunctionality_Mobile_16-46-27] Within safeFindElement method
16:47:10 [TestNG-test-Test-1] INFO  verifyingDisplayTypeFilterFunctionality_Mobile_16-46-27 - [verifyingDisplayTypeFilterFunctionality_Mobile_16-46-27]Found the element returning it ,element ->[[ChromeDriver: chrome on windows (082125a4afb6c452e81ec13c9e3c87ba)] -> xpath: //div[@id='prodDetails']]
16:47:11 [TestNG-test-Test-1] INFO  verifyingDisplayTypeFilterFunctionality_Mobile_16-46-27 - [verifyingDisplayTypeFilterFunctionality_Mobile_16-46-27] Extracting 'name' , 'keyFeatures', 'about' , 'techDetails' within productNameListingPage loop
16:47:11 [TestNG-test-Test-1] INFO  verifyingDisplayTypeFilterFunctionality_Mobile_16-46-27 - [verifyingDisplayTypeFilterFunctionality_Mobile_16-46-27] Waiting until element is visible in viewport
16:47:21 [TestNG-test-Test-1] INFO  verifyingDisplayTypeFilterFunctionality_Mobile_16-46-27 - [verifyingDisplayTypeFilterFunctionality_Mobile_16-46-27] Within smoothScrollToElement method
16:47:21 [TestNG-test-Test-1] INFO  verifyingDisplayTypeFilterFunctionality_Mobile_16-46-27 - [verifyingDisplayTypeFilterFunctionality_Mobile_16-46-27] Within safeFindElement method
16:47:21 [TestNG-test-Test-1] INFO  verifyingDisplayTypeFilterFunctionality_Mobile_16-46-27 - [verifyingDisplayTypeFilterFunctionality_Mobile_16-46-27]Found the element returning it ,element ->[[ChromeDriver: chrome on windows (082125a4afb6c452e81ec13c9e3c87ba)] -> xpath: //a[@id='seeMoreDetailsLink']]
16:47:21 [TestNG-test-Test-1] INFO  verifyingDisplayTypeFilterFunctionality_Mobile_16-46-27 - [verifyingDisplayTypeFilterFunctionality_Mobile_16-46-27] Successfully scrolled to element: By.xpath: //a[@id='seeMoreDetailsLink']
16:47:21 [TestNG-test-Test-1] INFO  verifyingDisplayTypeFilterFunctionality_Mobile_16-46-27 - [verifyingDisplayTypeFilterFunctionality_Mobile_16-46-27] Within safeClick method
16:47:21 [TestNG-test-Test-1] INFO  verifyingDisplayTypeFilterFunctionality_Mobile_16-46-27 - [verifyingDisplayTypeFilterFunctionality_Mobile_16-46-27] Clicked the  [[ChromeDriver: chrome on windows (082125a4afb6c452e81ec13c9e3c87ba)] -> xpath: //a[@id='seeMoreDetailsLink']]   using safeClick
16:47:21 [TestNG-test-Test-1] INFO  verifyingDisplayTypeFilterFunctionality_Mobile_16-46-27 - [verifyingDisplayTypeFilterFunctionality_Mobile_16-46-27] Within try block for clicking see more deatils within productNameListingPage loop
16:47:21 [TestNG-test-Test-1] INFO  verifyingDisplayTypeFilterFunctionality_Mobile_16-46-27 - [verifyingDisplayTypeFilterFunctionality_Mobile_16-46-27] Within closeCurrentWindowAndSwitchBack method
16:47:21 [TestNG-test-Test-1] INFO  verifyingDisplayTypeFilterFunctionality_Mobile_16-46-27 - [verifyingDisplayTypeFilterFunctionality_Mobile_16-46-27] Total open windows/tabs count -> 2
16:47:21 [TestNG-test-Test-1] INFO  verifyingDisplayTypeFilterFunctionality_Mobile_16-46-27 - [verifyingDisplayTypeFilterFunctionality_Mobile_16-46-27] Original window handle -> DC95EA9904D6FCCF71B510F34C2D53E3
16:47:21 [TestNG-test-Test-1] INFO  verifyingDisplayTypeFilterFunctionality_Mobile_16-46-27 - [verifyingDisplayTypeFilterFunctionality_Mobile_16-46-27] Found new tab/window handle -> DCE35E00E6C201136645B8960DB9B0F3 (will be closed)
16:47:21 [TestNG-test-Test-1] INFO  verifyingDisplayTypeFilterFunctionality_Mobile_16-46-27 - [verifyingDisplayTypeFilterFunctionality_Mobile_16-46-27] Successfully switched to new tab/window -> DCE35E00E6C201136645B8960DB9B0F3
16:47:21 [TestNG-test-Test-1] INFO  verifyingDisplayTypeFilterFunctionality_Mobile_16-46-27 - [verifyingDisplayTypeFilterFunctionality_Mobile_16-46-27] Closed the newly opened tab/window -> DCE35E00E6C201136645B8960DB9B0F3
16:47:21 [TestNG-test-Test-1] INFO  verifyingDisplayTypeFilterFunctionality_Mobile_16-46-27 - [verifyingDisplayTypeFilterFunctionality_Mobile_16-46-27] Switched back to the original window -> DC95EA9904D6FCCF71B510F34C2D53E3
16:47:21 [TestNG-test-Test-1] INFO  verifyingDisplayTypeFilterFunctionality_Mobile_16-46-27 - [verifyingDisplayTypeFilterFunctionality_Mobile_16-46-27]  going back to product listing via closeCurrentWindowAndSwitchBack 
16:47:21 [TestNG-test-Test-1] INFO  verifyingDisplayTypeFilterFunctionality_Mobile_16-46-27 - [verifyingDisplayTypeFilterFunctionality_Mobile_16-46-27]  Added 'filter','title','keyFeatures', 'about', 'techDetails' into the Map -> productResult
16:47:21 [TestNG-test-Test-1] INFO  verifyingDisplayTypeFilterFunctionality_Mobile_16-46-27 - [verifyingDisplayTypeFilterFunctionality_Mobile_16-46-27]  Added 'productResult' Map into the 'results' i.e list of maps 
16:47:21 [TestNG-test-Test-1] INFO  verifyingDisplayTypeFilterFunctionality_Mobile_16-46-27 - [verifyingDisplayTypeFilterFunctionality_Mobile_16-46-27]==========================================================================================================
16:47:21 [TestNG-test-Test-1] INFO  verifyingDisplayTypeFilterFunctionality_Mobile_16-46-27 - [verifyingDisplayTypeFilterFunctionality_Mobile_16-46-27] Within safeClick method
16:47:22 [TestNG-test-Test-1] INFO  verifyingDisplayTypeFilterFunctionality_Mobile_16-46-27 - [verifyingDisplayTypeFilterFunctionality_Mobile_16-46-27] Clicked the  [[ChromeDriver: chrome on windows (082125a4afb6c452e81ec13c9e3c87ba)] -> xpath: //span[@class='a-size-base a-color-base' and text()='Clear']]   using safeClick
16:47:22 [TestNG-test-Test-1] INFO  verifyingDisplayTypeFilterFunctionality_Mobile_16-46-27 - [verifyingDisplayTypeFilterFunctionality_Mobile_16-46-27] Clearing the filter value ->LCDwithin productNameListingPage loop
16:47:22 [TestNG-test-Test-1] INFO  verifyingDisplayTypeFilterFunctionality_Mobile_16-46-27 - [verifyingDisplayTypeFilterFunctionality_Mobile_16-46-27]==========================================================================================================
16:47:22 [TestNG-test-Test-1] INFO  verifyingDisplayTypeFilterFunctionality_Mobile_16-46-27 - [verifyingDisplayTypeFilterFunctionality_Mobile_16-46-27]==========================================================================================================
16:47:22 [TestNG-test-Test-1] INFO  verifyingDisplayTypeFilterFunctionality_Mobile_16-46-27 - [verifyingDisplayTypeFilterFunctionality_Mobile_16-46-27] Within filterOptions loop in applyFilterAndValidateProductsWithResult
16:47:22 [TestNG-test-Test-1] INFO  verifyingDisplayTypeFilterFunctionality_Mobile_16-46-27 - [verifyingDisplayTypeFilterFunctionality_Mobile_16-46-27] Within safeFindElements 
16:47:23 [TestNG-test-Test-1] INFO  verifyingDisplayTypeFilterFunctionality_Mobile_16-46-27 - [verifyingDisplayTypeFilterFunctionality_Mobile_16-46-27] Returning the  [[[ChromeDriver: chrome on windows (082125a4afb6c452e81ec13c9e3c87ba)] -> xpath: //span[@class='a-size-base a-color-base puis-bold-weight-text' and text()='Display Type']/parent::div/following-sibling::ul//span[@class='a-size-base a-color-base']], [[ChromeDriver: chrome on windows (082125a4afb6c452e81ec13c9e3c87ba)] -> xpath: //span[@class='a-size-base a-color-base puis-bold-weight-text' and text()='Display Type']/parent::div/following-sibling::ul//span[@class='a-size-base a-color-base']], [[ChromeDriver: chrome on windows (082125a4afb6c452e81ec13c9e3c87ba)] -> xpath: //span[@class='a-size-base a-color-base puis-bold-weight-text' and text()='Display Type']/parent::div/following-sibling::ul//span[@class='a-size-base a-color-base']]] from the safeFindElements method
16:47:23 [TestNG-test-Test-1] INFO  verifyingDisplayTypeFilterFunctionality_Mobile_16-46-27 - [verifyingDisplayTypeFilterFunctionality_Mobile_16-46-27] Trying to read filter option 2 (attempt 1/3)
16:47:23 [TestNG-test-Test-1] INFO  verifyingDisplayTypeFilterFunctionality_Mobile_16-46-27 - [verifyingDisplayTypeFilterFunctionality_Mobile_16-46-27] Successfully read filter option 2 = 'OLED'
16:47:23 [TestNG-test-Test-1] INFO  verifyingDisplayTypeFilterFunctionality_Mobile_16-46-27 - [verifyingDisplayTypeFilterFunctionality_Mobile_16-46-27] Within getfilterByTypeAndName method
16:47:23 [TestNG-test-Test-1] INFO  verifyingDisplayTypeFilterFunctionality_Mobile_16-46-27 - [verifyingDisplayTypeFilterFunctionality_Mobile_16-46-27] Within safeClickBooleanWithScreenShot method
16:47:23 [TestNG-test-Test-1] INFO  verifyingDisplayTypeFilterFunctionality_Mobile_16-46-27 - [verifyingDisplayTypeFilterFunctionality_Mobile_16-46-27] Within getAppliedfilterByTypeAndName method
16:47:23 [TestNG-test-Test-1] INFO  verifyingDisplayTypeFilterFunctionality_Mobile_16-46-27 - [verifyingDisplayTypeFilterFunctionality_Mobile_16-46-27] Within smoothScrollToElement method
16:47:23 [TestNG-test-Test-1] INFO  verifyingDisplayTypeFilterFunctionality_Mobile_16-46-27 - [verifyingDisplayTypeFilterFunctionality_Mobile_16-46-27] Within safeFindElement method
16:47:23 [TestNG-test-Test-1] INFO  verifyingDisplayTypeFilterFunctionality_Mobile_16-46-27 - [verifyingDisplayTypeFilterFunctionality_Mobile_16-46-27]Found the element returning it ,element ->[[ChromeDriver: chrome on windows (082125a4afb6c452e81ec13c9e3c87ba)] -> xpath: //span[@class='a-size-base a-color-base puis-bold-weight-text' and text()='Display Type']]
16:47:23 [TestNG-test-Test-1] INFO  verifyingDisplayTypeFilterFunctionality_Mobile_16-46-27 - [verifyingDisplayTypeFilterFunctionality_Mobile_16-46-27] Successfully scrolled to element: By.xpath: //span[@class='a-size-base a-color-base puis-bold-weight-text' and text()='Display Type']
16:47:23 [TestNG-test-Test-1] INFO  verifyingDisplayTypeFilterFunctionality_Mobile_16-46-27 - [verifyingDisplayTypeFilterFunctionality_Mobile_16-46-27] Within getMoreButtonByFilterTypeAndName method
16:47:23 [TestNG-test-Test-1] INFO  verifyingDisplayTypeFilterFunctionality_Mobile_16-46-27 - [verifyingDisplayTypeFilterFunctionality_Mobile_16-46-27] could not find more button
16:47:23 [TestNG-test-Test-1] INFO  verifyingDisplayTypeFilterFunctionality_Mobile_16-46-27 - [verifyingDisplayTypeFilterFunctionality_Mobile_16-46-27] Within getAppliedfilterByTypeAndName method
16:47:23 [TestNG-test-Test-1] INFO  verifyingDisplayTypeFilterFunctionality_Mobile_16-46-27 - [verifyingDisplayTypeFilterFunctionality_Mobile_16-46-27] Within smoothScrollToElement method
16:47:23 [TestNG-test-Test-1] INFO  verifyingDisplayTypeFilterFunctionality_Mobile_16-46-27 - [verifyingDisplayTypeFilterFunctionality_Mobile_16-46-27] Within safeFindElement method
16:47:25 [TestNG-test-Test-1] INFO  verifyingDisplayTypeFilterFunctionality_Mobile_16-46-27 - [verifyingDisplayTypeFilterFunctionality_Mobile_16-46-27]Found the element returning it ,element ->[[ChromeDriver: chrome on windows (082125a4afb6c452e81ec13c9e3c87ba)] -> xpath: //span[@class='a-size-base a-color-base puis-bold-weight-text' and text()='Display Type']]
16:47:25 [TestNG-test-Test-1] INFO  verifyingDisplayTypeFilterFunctionality_Mobile_16-46-27 - [verifyingDisplayTypeFilterFunctionality_Mobile_16-46-27] Successfully scrolled to element: By.xpath: //span[@class='a-size-base a-color-base puis-bold-weight-text' and text()='Display Type']
16:47:25 [TestNG-test-Test-1] INFO  verifyingDisplayTypeFilterFunctionality_Mobile_16-46-27 - [verifyingDisplayTypeFilterFunctionality_Mobile_16-46-27] Within getMoreButtonByFilterTypeAndName method
16:47:25 [TestNG-test-Test-1] INFO  verifyingDisplayTypeFilterFunctionality_Mobile_16-46-27 - [verifyingDisplayTypeFilterFunctionality_Mobile_16-46-27] could not find more button
16:47:25 [TestNG-test-Test-1] INFO  verifyingDisplayTypeFilterFunctionality_Mobile_16-46-27 - [verifyingDisplayTypeFilterFunctionality_Mobile_16-46-27] Within getfilterByTypeAndName method
16:47:25 [TestNG-test-Test-1] INFO  verifyingDisplayTypeFilterFunctionality_Mobile_16-46-27 - [verifyingDisplayTypeFilterFunctionality_Mobile_16-46-27] Within smoothScrollToElement method
16:47:25 [TestNG-test-Test-1] INFO  verifyingDisplayTypeFilterFunctionality_Mobile_16-46-27 - [verifyingDisplayTypeFilterFunctionality_Mobile_16-46-27] Within safeFindElement method
16:47:25 [TestNG-test-Test-1] INFO  verifyingDisplayTypeFilterFunctionality_Mobile_16-46-27 - [verifyingDisplayTypeFilterFunctionality_Mobile_16-46-27]Found the element returning it ,element ->[[ChromeDriver: chrome on windows (082125a4afb6c452e81ec13c9e3c87ba)] -> xpath: //span[@class='a-size-base a-color-base puis-bold-weight-text' and text()='Display Type']/parent::div/following-sibling::ul//span[@class='a-size-base a-color-base a-text-bold' and text()='OLED']]
16:47:25 [TestNG-test-Test-1] INFO  verifyingDisplayTypeFilterFunctionality_Mobile_16-46-27 - [verifyingDisplayTypeFilterFunctionality_Mobile_16-46-27] Successfully scrolled to element: By.xpath: //span[@class='a-size-base a-color-base puis-bold-weight-text' and text()='Display Type']/parent::div/following-sibling::ul//span[@class='a-size-base a-color-base a-text-bold' and text()='OLED']
16:47:25 [TestNG-test-Test-1] INFO  verifyingDisplayTypeFilterFunctionality_Mobile_16-46-27 - [verifyingDisplayTypeFilterFunctionality_Mobile_16-46-27] Clicked the element using safe click ,element is [[ChromeDriver: chrome on windows (082125a4afb6c452e81ec13c9e3c87ba)] -> xpath: //span[@class='a-size-base a-color-base puis-bold-weight-text' and text()='Display Type']/parent::div/following-sibling::ul//span[@class='a-size-base a-color-base' and text()='OLED']]
16:47:25 [TestNG-test-Test-1] INFO  verifyingDisplayTypeFilterFunctionality_Mobile_16-46-27 - [verifyingDisplayTypeFilterFunctionality_Mobile_16-46-27] Within safeFindElements 
16:47:25 [TestNG-test-Test-1] INFO  verifyingDisplayTypeFilterFunctionality_Mobile_16-46-27 - [verifyingDisplayTypeFilterFunctionality_Mobile_16-46-27] Returning the  [[[ChromeDriver: chrome on windows (082125a4afb6c452e81ec13c9e3c87ba)] -> xpath: //div[@data-cy='title-recipe']], [[ChromeDriver: chrome on windows (082125a4afb6c452e81ec13c9e3c87ba)] -> xpath: //div[@data-cy='title-recipe']], [[ChromeDriver: chrome on windows (082125a4afb6c452e81ec13c9e3c87ba)] -> xpath: //div[@data-cy='title-recipe']], [[ChromeDriver: chrome on windows (082125a4afb6c452e81ec13c9e3c87ba)] -> xpath: //div[@data-cy='title-recipe']], [[ChromeDriver: chrome on windows (082125a4afb6c452e81ec13c9e3c87ba)] -> xpath: //div[@data-cy='title-recipe']], [[ChromeDriver: chrome on windows (082125a4afb6c452e81ec13c9e3c87ba)] -> xpath: //div[@data-cy='title-recipe']], [[ChromeDriver: chrome on windows (082125a4afb6c452e81ec13c9e3c87ba)] -> xpath: //div[@data-cy='title-recipe']], [[ChromeDriver: chrome on windows (082125a4afb6c452e81ec13c9e3c87ba)] -> xpath: //div[@data-cy='title-recipe']], [[ChromeDriver: chrome on windows (082125a4afb6c452e81ec13c9e3c87ba)] -> xpath: //div[@data-cy='title-recipe']], [[ChromeDriver: chrome on windows (082125a4afb6c452e81ec13c9e3c87ba)] -> xpath: //div[@data-cy='title-recipe']], [[ChromeDriver: chrome on windows (082125a4afb6c452e81ec13c9e3c87ba)] -> xpath: //div[@data-cy='title-recipe']], [[ChromeDriver: chrome on windows (082125a4afb6c452e81ec13c9e3c87ba)] -> xpath: //div[@data-cy='title-recipe']], [[ChromeDriver: chrome on windows (082125a4afb6c452e81ec13c9e3c87ba)] -> xpath: //div[@data-cy='title-recipe']], [[ChromeDriver: chrome on windows (082125a4afb6c452e81ec13c9e3c87ba)] -> xpath: //div[@data-cy='title-recipe']], [[ChromeDriver: chrome on windows (082125a4afb6c452e81ec13c9e3c87ba)] -> xpath: //div[@data-cy='title-recipe']], [[ChromeDriver: chrome on windows (082125a4afb6c452e81ec13c9e3c87ba)] -> xpath: //div[@data-cy='title-recipe']]] from the safeFindElements method
16:47:25 [TestNG-test-Test-1] INFO  verifyingDisplayTypeFilterFunctionality_Mobile_16-46-27 - [verifyingDisplayTypeFilterFunctionality_Mobile_16-46-27] Execution is Not CRON Job Hence refering to normal keys from UtilData
16:47:25 [TestNG-test-Test-1] INFO  verifyingDisplayTypeFilterFunctionality_Mobile_16-46-27 - [verifyingDisplayTypeFilterFunctionality_Mobile_16-46-27] Within safeFindElements 
16:47:25 [TestNG-test-Test-1] INFO  verifyingDisplayTypeFilterFunctionality_Mobile_16-46-27 - [verifyingDisplayTypeFilterFunctionality_Mobile_16-46-27] Returning the  [[[ChromeDriver: chrome on windows (082125a4afb6c452e81ec13c9e3c87ba)] -> xpath: //div[@data-cy='title-recipe']], [[ChromeDriver: chrome on windows (082125a4afb6c452e81ec13c9e3c87ba)] -> xpath: //div[@data-cy='title-recipe']], [[ChromeDriver: chrome on windows (082125a4afb6c452e81ec13c9e3c87ba)] -> xpath: //div[@data-cy='title-recipe']], [[ChromeDriver: chrome on windows (082125a4afb6c452e81ec13c9e3c87ba)] -> xpath: //div[@data-cy='title-recipe']], [[ChromeDriver: chrome on windows (082125a4afb6c452e81ec13c9e3c87ba)] -> xpath: //div[@data-cy='title-recipe']], [[ChromeDriver: chrome on windows (082125a4afb6c452e81ec13c9e3c87ba)] -> xpath: //div[@data-cy='title-recipe']], [[ChromeDriver: chrome on windows (082125a4afb6c452e81ec13c9e3c87ba)] -> xpath: //div[@data-cy='title-recipe']], [[ChromeDriver: chrome on windows (082125a4afb6c452e81ec13c9e3c87ba)] -> xpath: //div[@data-cy='title-recipe']], [[ChromeDriver: chrome on windows (082125a4afb6c452e81ec13c9e3c87ba)] -> xpath: //div[@data-cy='title-recipe']], [[ChromeDriver: chrome on windows (082125a4afb6c452e81ec13c9e3c87ba)] -> xpath: //div[@data-cy='title-recipe']], [[ChromeDriver: chrome on windows (082125a4afb6c452e81ec13c9e3c87ba)] -> xpath: //div[@data-cy='title-recipe']], [[ChromeDriver: chrome on windows (082125a4afb6c452e81ec13c9e3c87ba)] -> xpath: //div[@data-cy='title-recipe']], [[ChromeDriver: chrome on windows (082125a4afb6c452e81ec13c9e3c87ba)] -> xpath: //div[@data-cy='title-recipe']], [[ChromeDriver: chrome on windows (082125a4afb6c452e81ec13c9e3c87ba)] -> xpath: //div[@data-cy='title-recipe']], [[ChromeDriver: chrome on windows (082125a4afb6c452e81ec13c9e3c87ba)] -> xpath: //div[@data-cy='title-recipe']], [[ChromeDriver: chrome on windows (082125a4afb6c452e81ec13c9e3c87ba)] -> xpath: //div[@data-cy='title-recipe']]] from the safeFindElements method
16:47:25 [TestNG-test-Test-1] INFO  verifyingDisplayTypeFilterFunctionality_Mobile_16-46-27 - [verifyingDisplayTypeFilterFunctionality_Mobile_16-46-27] Within productNameListingPage loop in applyFilterAndValidateProductsWithResult
16:47:25 [TestNG-test-Test-1] INFO  verifyingDisplayTypeFilterFunctionality_Mobile_16-46-27 - [verifyingDisplayTypeFilterFunctionality_Mobile_16-46-27] Within getProductByIndex method
16:47:25 [TestNG-test-Test-1] INFO  verifyingDisplayTypeFilterFunctionality_Mobile_16-46-27 - [verifyingDisplayTypeFilterFunctionality_Mobile_16-46-27] Within safeFindElement method
16:47:25 [TestNG-test-Test-1] INFO  verifyingDisplayTypeFilterFunctionality_Mobile_16-46-27 - [verifyingDisplayTypeFilterFunctionality_Mobile_16-46-27]Found the element returning it ,element ->[[ChromeDriver: chrome on windows (082125a4afb6c452e81ec13c9e3c87ba)] -> xpath: (//div[@data-cy='title-recipe'])[1]]
16:47:25 [TestNG-test-Test-1] INFO  verifyingDisplayTypeFilterFunctionality_Mobile_16-46-27 - [verifyingDisplayTypeFilterFunctionality_Mobile_16-46-27] Within getProductByIndex method
16:47:25 [TestNG-test-Test-1] INFO  verifyingDisplayTypeFilterFunctionality_Mobile_16-46-27 - [verifyingDisplayTypeFilterFunctionality_Mobile_16-46-27] Within smoothScrollToElement method
16:47:25 [TestNG-test-Test-1] INFO  verifyingDisplayTypeFilterFunctionality_Mobile_16-46-27 - [verifyingDisplayTypeFilterFunctionality_Mobile_16-46-27] Within safeFindElement method
16:47:25 [TestNG-test-Test-1] INFO  verifyingDisplayTypeFilterFunctionality_Mobile_16-46-27 - [verifyingDisplayTypeFilterFunctionality_Mobile_16-46-27]Found the element returning it ,element ->[[ChromeDriver: chrome on windows (082125a4afb6c452e81ec13c9e3c87ba)] -> xpath: (//div[@data-cy='title-recipe'])[1]]
16:47:26 [TestNG-test-Test-1] INFO  verifyingDisplayTypeFilterFunctionality_Mobile_16-46-27 - [verifyingDisplayTypeFilterFunctionality_Mobile_16-46-27] Successfully scrolled to element: By.xpath: (//div[@data-cy='title-recipe'])[1]
16:47:26 [TestNG-test-Test-1] INFO  verifyingDisplayTypeFilterFunctionality_Mobile_16-46-27 - [verifyingDisplayTypeFilterFunctionality_Mobile_16-46-27] Getting product by index in productNameListingPage loop
16:47:26 [TestNG-test-Test-1] INFO  verifyingDisplayTypeFilterFunctionality_Mobile_16-46-27 - [verifyingDisplayTypeFilterFunctionality_Mobile_16-46-27] Opened product in new tab via Ctrl+Click inside productNameListingPage loop
16:47:26 [TestNG-test-Test-1] INFO  verifyingDisplayTypeFilterFunctionality_Mobile_16-46-27 - [verifyingDisplayTypeFilterFunctionality_Mobile_16-46-27] Waiting for new window to open...
16:47:26 [TestNG-test-Test-1] INFO  verifyingDisplayTypeFilterFunctionality_Mobile_16-46-27 - [verifyingDisplayTypeFilterFunctionality_Mobile_16-46-27] Switched to new window -> 99938315579BC9D19E7A76D485F9F530
16:47:26 [TestNG-test-Test-1] INFO  verifyingDisplayTypeFilterFunctionality_Mobile_16-46-27 - [verifyingDisplayTypeFilterFunctionality_Mobile_16-46-27] Swithcing to the new window  within productNameListingPage loop
16:47:26 [TestNG-test-Test-1] INFO  verifyingDisplayTypeFilterFunctionality_Mobile_16-46-27 - [verifyingDisplayTypeFilterFunctionality_Mobile_16-46-27] Clicked product name to open in new tab from productNameListingPage loop
16:47:26 [TestNG-test-Test-1] INFO  verifyingDisplayTypeFilterFunctionality_Mobile_16-46-27 - [verifyingDisplayTypeFilterFunctionality_Mobile_16-46-27] Waiting until element is visible in viewport
16:47:29 [TestNG-test-Test-1] WARN  verifyingDisplayTypeFilterFunctionality_Mobile_16-46-27 - [verifyingDisplayTypeFilterFunctionality_Mobile_16-46-27] Product detail page did not load for index 1 filter 'OLED'; skipping detail scrape to avoid redundant retries/timeouts
16:47:29 [TestNG-test-Test-1] INFO  verifyingDisplayTypeFilterFunctionality_Mobile_16-46-27 - [verifyingDisplayTypeFilterFunctionality_Mobile_16-46-27] Within closeCurrentWindowAndSwitchBack method
16:47:29 [TestNG-test-Test-1] INFO  verifyingDisplayTypeFilterFunctionality_Mobile_16-46-27 - [verifyingDisplayTypeFilterFunctionality_Mobile_16-46-27] Total open windows/tabs count -> 2
16:47:29 [TestNG-test-Test-1] INFO  verifyingDisplayTypeFilterFunctionality_Mobile_16-46-27 - [verifyingDisplayTypeFilterFunctionality_Mobile_16-46-27] Original window handle -> DC95EA9904D6FCCF71B510F34C2D53E3
16:47:29 [TestNG-test-Test-1] INFO  verifyingDisplayTypeFilterFunctionality_Mobile_16-46-27 - [verifyingDisplayTypeFilterFunctionality_Mobile_16-46-27] Found new tab/window handle -> 99938315579BC9D19E7A76D485F9F530 (will be closed)
16:47:29 [TestNG-test-Test-1] INFO  verifyingDisplayTypeFilterFunctionality_Mobile_16-46-27 - [verifyingDisplayTypeFilterFunctionality_Mobile_16-46-27] Successfully switched to new tab/window -> 99938315579BC9D19E7A76D485F9F530
16:47:29 [TestNG-test-Test-1] INFO  verifyingDisplayTypeFilterFunctionality_Mobile_16-46-27 - [verifyingDisplayTypeFilterFunctionality_Mobile_16-46-27] Closed the newly opened tab/window -> 99938315579BC9D19E7A76D485F9F530
16:47:29 [TestNG-test-Test-1] INFO  verifyingDisplayTypeFilterFunctionality_Mobile_16-46-27 - [verifyingDisplayTypeFilterFunctionality_Mobile_16-46-27] Switched back to the original window -> DC95EA9904D6FCCF71B510F34C2D53E3
16:47:29 [TestNG-test-Test-1] INFO  verifyingDisplayTypeFilterFunctionality_Mobile_16-46-27 - [verifyingDisplayTypeFilterFunctionality_Mobile_16-46-27]  going back to product listing via closeCurrentWindowAndSwitchBack 
16:47:29 [TestNG-test-Test-1] INFO  verifyingDisplayTypeFilterFunctionality_Mobile_16-46-27 - [verifyingDisplayTypeFilterFunctionality_Mobile_16-46-27]  Added 'filter','title','keyFeatures', 'about', 'techDetails' into the Map -> productResult
16:47:29 [TestNG-test-Test-1] INFO  verifyingDisplayTypeFilterFunctionality_Mobile_16-46-27 - [verifyingDisplayTypeFilterFunctionality_Mobile_16-46-27]  Added 'productResult' Map into the 'results' i.e list of maps 
16:47:29 [TestNG-test-Test-1] INFO  verifyingDisplayTypeFilterFunctionality_Mobile_16-46-27 - [verifyingDisplayTypeFilterFunctionality_Mobile_16-46-27]==========================================================================================================
16:47:29 [TestNG-test-Test-1] INFO  verifyingDisplayTypeFilterFunctionality_Mobile_16-46-27 - [verifyingDisplayTypeFilterFunctionality_Mobile_16-46-27] Within safeFindElements 
16:47:29 [TestNG-test-Test-1] INFO  verifyingDisplayTypeFilterFunctionality_Mobile_16-46-27 - [verifyingDisplayTypeFilterFunctionality_Mobile_16-46-27] Returning the  [[[ChromeDriver: chrome on windows (082125a4afb6c452e81ec13c9e3c87ba)] -> xpath: //div[@data-cy='title-recipe']], [[ChromeDriver: chrome on windows (082125a4afb6c452e81ec13c9e3c87ba)] -> xpath: //div[@data-cy='title-recipe']], [[ChromeDriver: chrome on windows (082125a4afb6c452e81ec13c9e3c87ba)] -> xpath: //div[@data-cy='title-recipe']], [[ChromeDriver: chrome on windows (082125a4afb6c452e81ec13c9e3c87ba)] -> xpath: //div[@data-cy='title-recipe']], [[ChromeDriver: chrome on windows (082125a4afb6c452e81ec13c9e3c87ba)] -> xpath: //div[@data-cy='title-recipe']], [[ChromeDriver: chrome on windows (082125a4afb6c452e81ec13c9e3c87ba)] -> xpath: //div[@data-cy='title-recipe']], [[ChromeDriver: chrome on windows (082125a4afb6c452e81ec13c9e3c87ba)] -> xpath: //div[@data-cy='title-recipe']], [[ChromeDriver: chrome on windows (082125a4afb6c452e81ec13c9e3c87ba)] -> xpath: //div[@data-cy='title-recipe']], [[ChromeDriver: chrome on windows (082125a4afb6c452e81ec13c9e3c87ba)] -> xpath: //div[@data-cy='title-recipe']], [[ChromeDriver: chrome on windows (082125a4afb6c452e81ec13c9e3c87ba)] -> xpath: //div[@data-cy='title-recipe']], [[ChromeDriver: chrome on windows (082125a4afb6c452e81ec13c9e3c87ba)] -> xpath: //div[@data-cy='title-recipe']], [[ChromeDriver: chrome on windows (082125a4afb6c452e81ec13c9e3c87ba)] -> xpath: //div[@data-cy='title-recipe']], [[ChromeDriver: chrome on windows (082125a4afb6c452e81ec13c9e3c87ba)] -> xpath: //div[@data-cy='title-recipe']], [[ChromeDriver: chrome on windows (082125a4afb6c452e81ec13c9e3c87ba)] -> xpath: //div[@data-cy='title-recipe']], [[ChromeDriver: chrome on windows (082125a4afb6c452e81ec13c9e3c87ba)] -> xpath: //div[@data-cy='title-recipe']], [[ChromeDriver: chrome on windows (082125a4afb6c452e81ec13c9e3c87ba)] -> xpath: //div[@data-cy='title-recipe']]] from the safeFindElements method
16:47:29 [TestNG-test-Test-1] INFO  verifyingDisplayTypeFilterFunctionality_Mobile_16-46-27 - [verifyingDisplayTypeFilterFunctionality_Mobile_16-46-27] Within productNameListingPage loop in applyFilterAndValidateProductsWithResult
16:47:29 [TestNG-test-Test-1] INFO  verifyingDisplayTypeFilterFunctionality_Mobile_16-46-27 - [verifyingDisplayTypeFilterFunctionality_Mobile_16-46-27] Within getProductByIndex method
16:47:29 [TestNG-test-Test-1] INFO  verifyingDisplayTypeFilterFunctionality_Mobile_16-46-27 - [verifyingDisplayTypeFilterFunctionality_Mobile_16-46-27] Within safeFindElement method
16:47:29 [TestNG-test-Test-1] INFO  verifyingDisplayTypeFilterFunctionality_Mobile_16-46-27 - [verifyingDisplayTypeFilterFunctionality_Mobile_16-46-27]Found the element returning it ,element ->[[ChromeDriver: chrome on windows (082125a4afb6c452e81ec13c9e3c87ba)] -> xpath: (//div[@data-cy='title-recipe'])[2]]
16:47:29 [TestNG-test-Test-1] INFO  verifyingDisplayTypeFilterFunctionality_Mobile_16-46-27 - [verifyingDisplayTypeFilterFunctionality_Mobile_16-46-27] Within getProductByIndex method
16:47:29 [TestNG-test-Test-1] INFO  verifyingDisplayTypeFilterFunctionality_Mobile_16-46-27 - [verifyingDisplayTypeFilterFunctionality_Mobile_16-46-27] Within smoothScrollToElement method
16:47:29 [TestNG-test-Test-1] INFO  verifyingDisplayTypeFilterFunctionality_Mobile_16-46-27 - [verifyingDisplayTypeFilterFunctionality_Mobile_16-46-27] Within safeFindElement method
16:47:29 [TestNG-test-Test-1] INFO  verifyingDisplayTypeFilterFunctionality_Mobile_16-46-27 - [verifyingDisplayTypeFilterFunctionality_Mobile_16-46-27]Found the element returning it ,element ->[[ChromeDriver: chrome on windows (082125a4afb6c452e81ec13c9e3c87ba)] -> xpath: (//div[@data-cy='title-recipe'])[2]]
16:47:29 [TestNG-test-Test-1] INFO  verifyingDisplayTypeFilterFunctionality_Mobile_16-46-27 - [verifyingDisplayTypeFilterFunctionality_Mobile_16-46-27] Successfully scrolled to element: By.xpath: (//div[@data-cy='title-recipe'])[2]
16:47:29 [TestNG-test-Test-1] INFO  verifyingDisplayTypeFilterFunctionality_Mobile_16-46-27 - [verifyingDisplayTypeFilterFunctionality_Mobile_16-46-27] Getting product by index in productNameListingPage loop
16:47:29 [TestNG-test-Test-1] INFO  verifyingDisplayTypeFilterFunctionality_Mobile_16-46-27 - [verifyingDisplayTypeFilterFunctionality_Mobile_16-46-27] Opened product in new tab via Ctrl+Click inside productNameListingPage loop
16:47:29 [TestNG-test-Test-1] INFO  verifyingDisplayTypeFilterFunctionality_Mobile_16-46-27 - [verifyingDisplayTypeFilterFunctionality_Mobile_16-46-27] Waiting for new window to open...
16:47:29 [TestNG-test-Test-1] INFO  verifyingDisplayTypeFilterFunctionality_Mobile_16-46-27 - [verifyingDisplayTypeFilterFunctionality_Mobile_16-46-27] Switched to new window -> 3D2457F91DF0E76C4707EB8D1F427A8C
16:47:29 [TestNG-test-Test-1] INFO  verifyingDisplayTypeFilterFunctionality_Mobile_16-46-27 - [verifyingDisplayTypeFilterFunctionality_Mobile_16-46-27] Swithcing to the new window  within productNameListingPage loop
16:47:29 [TestNG-test-Test-1] INFO  verifyingDisplayTypeFilterFunctionality_Mobile_16-46-27 - [verifyingDisplayTypeFilterFunctionality_Mobile_16-46-27] Clicked product name to open in new tab from productNameListingPage loop
16:47:29 [TestNG-test-Test-1] INFO  verifyingDisplayTypeFilterFunctionality_Mobile_16-46-27 - [verifyingDisplayTypeFilterFunctionality_Mobile_16-46-27] Waiting until element is visible in viewport
16:47:33 [TestNG-test-Test-1] INFO  verifyingDisplayTypeFilterFunctionality_Mobile_16-46-27 - [verifyingDisplayTypeFilterFunctionality_Mobile_16-46-27] Within safeFindElement method
16:47:33 [TestNG-test-Test-1] INFO  verifyingDisplayTypeFilterFunctionality_Mobile_16-46-27 - [verifyingDisplayTypeFilterFunctionality_Mobile_16-46-27]Found the element returning it ,element ->[[ChromeDriver: chrome on windows (082125a4afb6c452e81ec13c9e3c87ba)] -> xpath: //span[@id='productTitle']]
16:47:33 [TestNG-test-Test-1] INFO  verifyingDisplayTypeFilterFunctionality_Mobile_16-46-27 - [verifyingDisplayTypeFilterFunctionality_Mobile_16-46-27] Within safeFindElement method
16:47:33 [TestNG-test-Test-1] INFO  verifyingDisplayTypeFilterFunctionality_Mobile_16-46-27 - [verifyingDisplayTypeFilterFunctionality_Mobile_16-46-27]Found the element returning it ,element ->[[ChromeDriver: chrome on windows (082125a4afb6c452e81ec13c9e3c87ba)] -> xpath: //div[@class='a-section a-spacing-small a-spacing-top-small']]
16:47:33 [TestNG-test-Test-1] INFO  verifyingDisplayTypeFilterFunctionality_Mobile_16-46-27 - [verifyingDisplayTypeFilterFunctionality_Mobile_16-46-27] Within safeFindElement method
16:47:33 [TestNG-test-Test-1] INFO  verifyingDisplayTypeFilterFunctionality_Mobile_16-46-27 - [verifyingDisplayTypeFilterFunctionality_Mobile_16-46-27]Found the element returning it ,element ->[[ChromeDriver: chrome on windows (082125a4afb6c452e81ec13c9e3c87ba)] -> xpath: //div[@id='feature-bullets']]
16:47:33 [TestNG-test-Test-1] INFO  verifyingDisplayTypeFilterFunctionality_Mobile_16-46-27 - [verifyingDisplayTypeFilterFunctionality_Mobile_16-46-27] Within safeFindElement method
16:47:33 [TestNG-test-Test-1] INFO  verifyingDisplayTypeFilterFunctionality_Mobile_16-46-27 - [verifyingDisplayTypeFilterFunctionality_Mobile_16-46-27]Found the element returning it ,element ->[[ChromeDriver: chrome on windows (082125a4afb6c452e81ec13c9e3c87ba)] -> xpath: //div[@id='prodDetails']]
16:47:33 [TestNG-test-Test-1] INFO  verifyingDisplayTypeFilterFunctionality_Mobile_16-46-27 - [verifyingDisplayTypeFilterFunctionality_Mobile_16-46-27] Extracting 'name' , 'keyFeatures', 'about' , 'techDetails' within productNameListingPage loop
16:47:33 [TestNG-test-Test-1] INFO  verifyingDisplayTypeFilterFunctionality_Mobile_16-46-27 - [verifyingDisplayTypeFilterFunctionality_Mobile_16-46-27] Waiting until element is visible in viewport
16:47:43 [TestNG-test-Test-1] INFO  verifyingDisplayTypeFilterFunctionality_Mobile_16-46-27 - [verifyingDisplayTypeFilterFunctionality_Mobile_16-46-27] Within smoothScrollToElement method
16:47:43 [TestNG-test-Test-1] INFO  verifyingDisplayTypeFilterFunctionality_Mobile_16-46-27 - [verifyingDisplayTypeFilterFunctionality_Mobile_16-46-27] Within safeFindElement method
16:47:44 [TestNG-test-Test-1] INFO  verifyingDisplayTypeFilterFunctionality_Mobile_16-46-27 - [verifyingDisplayTypeFilterFunctionality_Mobile_16-46-27]Found the element returning it ,element ->[[ChromeDriver: chrome on windows (082125a4afb6c452e81ec13c9e3c87ba)] -> xpath: //a[@id='seeMoreDetailsLink']]
16:47:44 [TestNG-test-Test-1] INFO  verifyingDisplayTypeFilterFunctionality_Mobile_16-46-27 - [verifyingDisplayTypeFilterFunctionality_Mobile_16-46-27] Successfully scrolled to element: By.xpath: //a[@id='seeMoreDetailsLink']
16:47:44 [TestNG-test-Test-1] INFO  verifyingDisplayTypeFilterFunctionality_Mobile_16-46-27 - [verifyingDisplayTypeFilterFunctionality_Mobile_16-46-27] Within safeClick method
16:47:44 [TestNG-test-Test-1] INFO  verifyingDisplayTypeFilterFunctionality_Mobile_16-46-27 - [verifyingDisplayTypeFilterFunctionality_Mobile_16-46-27] Clicked the  [[ChromeDriver: chrome on windows (082125a4afb6c452e81ec13c9e3c87ba)] -> xpath: //a[@id='seeMoreDetailsLink']]   using safeClick
16:47:44 [TestNG-test-Test-1] INFO  verifyingDisplayTypeFilterFunctionality_Mobile_16-46-27 - [verifyingDisplayTypeFilterFunctionality_Mobile_16-46-27] Within try block for clicking see more deatils within productNameListingPage loop
16:47:44 [TestNG-test-Test-1] INFO  verifyingDisplayTypeFilterFunctionality_Mobile_16-46-27 - [verifyingDisplayTypeFilterFunctionality_Mobile_16-46-27] Within closeCurrentWindowAndSwitchBack method
16:47:44 [TestNG-test-Test-1] INFO  verifyingDisplayTypeFilterFunctionality_Mobile_16-46-27 - [verifyingDisplayTypeFilterFunctionality_Mobile_16-46-27] Total open windows/tabs count -> 2
16:47:44 [TestNG-test-Test-1] INFO  verifyingDisplayTypeFilterFunctionality_Mobile_16-46-27 - [verifyingDisplayTypeFilterFunctionality_Mobile_16-46-27] Original window handle -> DC95EA9904D6FCCF71B510F34C2D53E3
16:47:44 [TestNG-test-Test-1] INFO  verifyingDisplayTypeFilterFunctionality_Mobile_16-46-27 - [verifyingDisplayTypeFilterFunctionality_Mobile_16-46-27] Found new tab/window handle -> 3D2457F91DF0E76C4707EB8D1F427A8C (will be closed)
16:47:44 [TestNG-test-Test-1] INFO  verifyingDisplayTypeFilterFunctionality_Mobile_16-46-27 - [verifyingDisplayTypeFilterFunctionality_Mobile_16-46-27] Successfully switched to new tab/window -> 3D2457F91DF0E76C4707EB8D1F427A8C
16:47:44 [TestNG-test-Test-1] INFO  verifyingDisplayTypeFilterFunctionality_Mobile_16-46-27 - [verifyingDisplayTypeFilterFunctionality_Mobile_16-46-27] Closed the newly opened tab/window -> 3D2457F91DF0E76C4707EB8D1F427A8C
16:47:45 [TestNG-test-Test-1] INFO  verifyingDisplayTypeFilterFunctionality_Mobile_16-46-27 - [verifyingDisplayTypeFilterFunctionality_Mobile_16-46-27] Switched back to the original window -> DC95EA9904D6FCCF71B510F34C2D53E3
16:47:45 [TestNG-test-Test-1] INFO  verifyingDisplayTypeFilterFunctionality_Mobile_16-46-27 - [verifyingDisplayTypeFilterFunctionality_Mobile_16-46-27]  going back to product listing via closeCurrentWindowAndSwitchBack 
16:47:45 [TestNG-test-Test-1] INFO  verifyingDisplayTypeFilterFunctionality_Mobile_16-46-27 - [verifyingDisplayTypeFilterFunctionality_Mobile_16-46-27]  Added 'filter','title','keyFeatures', 'about', 'techDetails' into the Map -> productResult
16:47:45 [TestNG-test-Test-1] INFO  verifyingDisplayTypeFilterFunctionality_Mobile_16-46-27 - [verifyingDisplayTypeFilterFunctionality_Mobile_16-46-27]  Added 'productResult' Map into the 'results' i.e list of maps 
16:47:45 [TestNG-test-Test-1] INFO  verifyingDisplayTypeFilterFunctionality_Mobile_16-46-27 - [verifyingDisplayTypeFilterFunctionality_Mobile_16-46-27]==========================================================================================================
16:47:45 [TestNG-test-Test-1] INFO  verifyingDisplayTypeFilterFunctionality_Mobile_16-46-27 - [verifyingDisplayTypeFilterFunctionality_Mobile_16-46-27] Within safeClick method
16:47:45 [TestNG-test-Test-1] INFO  verifyingDisplayTypeFilterFunctionality_Mobile_16-46-27 - [verifyingDisplayTypeFilterFunctionality_Mobile_16-46-27] Clicked the  [[ChromeDriver: chrome on windows (082125a4afb6c452e81ec13c9e3c87ba)] -> xpath: //span[@class='a-size-base a-color-base' and text()='Clear']]   using safeClick
16:47:45 [TestNG-test-Test-1] INFO  verifyingDisplayTypeFilterFunctionality_Mobile_16-46-27 - [verifyingDisplayTypeFilterFunctionality_Mobile_16-46-27] Clearing the filter value ->OLEDwithin productNameListingPage loop
16:47:45 [TestNG-test-Test-1] INFO  verifyingDisplayTypeFilterFunctionality_Mobile_16-46-27 - [verifyingDisplayTypeFilterFunctionality_Mobile_16-46-27]==========================================================================================================
16:47:45 [TestNG-test-Test-1] INFO  verifyingDisplayTypeFilterFunctionality_Mobile_16-46-27 - [verifyingDisplayTypeFilterFunctionality_Mobile_16-46-27]==========================================================================================================
16:47:45 [TestNG-test-Test-1] INFO  verifyingDisplayTypeFilterFunctionality_Mobile_16-46-27 - [verifyingDisplayTypeFilterFunctionality_Mobile_16-46-27] returning the 'results' i.e list of Maps
16:47:45 [TestNG-test-Test-1] ERROR verifyingDisplayTypeFilterFunctionality_Mobile_16-46-27 - [verifyingDisplayTypeFilterFunctionality_Mobile_16-46-27] Mismatch found for filter 'amoled' on product ''
16:47:45 [TestNG-test-Test-1] ERROR verifyingDisplayTypeFilterFunctionality_Mobile_16-46-27 - [verifyingDisplayTypeFilterFunctionality_Mobile_16-46-27] Mismatch found for filter 'amoled' on product ''
16:47:45 [TestNG-test-Test-1] ERROR verifyingDisplayTypeFilterFunctionality_Mobile_16-46-27 - [verifyingDisplayTypeFilterFunctionality_Mobile_16-46-27] Mismatch found for filter 'lcd' on product ''
16:47:45 [TestNG-test-Test-1] ERROR verifyingDisplayTypeFilterFunctionality_Mobile_16-46-27 - [verifyingDisplayTypeFilterFunctionality_Mobile_16-46-27] Mismatch found for filter 'lcd' on product 'redmi a7 pro 5g (mist blue, 4gb ram, 64gb storage) | segment's fastest processor | segment's largest battery | segment's largest & smoothest 6.9in 120hz display'
16:47:45 [TestNG-test-Test-1] ERROR verifyingDisplayTypeFilterFunctionality_Mobile_16-46-27 - [verifyingDisplayTypeFilterFunctionality_Mobile_16-46-27] Mismatch found for filter 'oled' on product ''
16:47:45 [TestNG-test-Test-1] INFO  verifyingDisplayTypeFilterFunctionality_Mobile_16-46-27 - [verifyingDisplayTypeFilterFunctionality_Mobile_16-46-27]  Filter 'oled' matched in at least one section.
16:47:45 [TestNG-test-Test-1] INFO  verifyingDisplayTypeFilterFunctionality_Mobile_16-46-27 - [verifyingDisplayTypeFilterFunctionality_Mobile_16-46-27]  Final assertion for display type filter validation...
