20:08:14 [TestNG-test-Test-3] INFO  verifyingGetItByTomorrowFilterFunctionality_Mobile_20-08-14 - No existing WebDriver found for current thread. Initializing a new ChromeDriver...
20:08:14 [TestNG-test-Test-3] INFO  verifyingGetItByTomorrowFilterFunctionality_Mobile_20-08-14 - WebDriverManager: chromedriver setup OK
20:08:16 [TestNG-test-Test-3] INFO  verifyingGetItByTomorrowFilterFunctionality_Mobile_20-08-14 - ChromeDriver initialized successfully for thread: 36
20:08:22 [TestNG-test-Test-3] INFO  verifyingGetItByTomorrowFilterFunctionality_Mobile_20-08-14 - [verifyingGetItByTomorrowFilterFunctionality_Mobile_20-08-14] Opening amazon Landing page
20:08:22 [TestNG-test-Test-3] INFO  verifyingGetItByTomorrowFilterFunctionality_Mobile_20-08-14 - [verifyingGetItByTomorrowFilterFunctionality_Mobile_20-08-14] Within safeFindElement method
20:08:27 [TestNG-test-Test-3] INFO  verifyingGetItByTomorrowFilterFunctionality_Mobile_20-08-14 - [verifyingGetItByTomorrowFilterFunctionality_Mobile_20-08-14]Retrying findElement for: ->By.xpath: //a[@id='nav-logo-sprites']
20:08:32 [TestNG-test-Test-3] INFO  verifyingGetItByTomorrowFilterFunctionality_Mobile_20-08-14 - [verifyingGetItByTomorrowFilterFunctionality_Mobile_20-08-14]Refrehsing the page , while trying to safely find : ->By.xpath: //a[@id='nav-logo-sprites']
20:08:32 [TestNG-test-Test-3] INFO  verifyingGetItByTomorrowFilterFunctionality_Mobile_20-08-14 - [verifyingGetItByTomorrowFilterFunctionality_Mobile_20-08-14]Found the element returning it ,element ->[[ChromeDriver: chrome on windows (dc64fdc59ad0c0311a541a6646612fe2)] -> xpath: //a[@id='nav-logo-sprites']]
20:08:33 [TestNG-test-Test-3] INFO  verifyingGetItByTomorrowFilterFunctionality_Mobile_20-08-14 - [verifyingGetItByTomorrowFilterFunctionality_Mobile_20-08-14] Giving input within the search bar
20:08:33 [TestNG-test-Test-3] INFO  verifyingGetItByTomorrowFilterFunctionality_Mobile_20-08-14 - [verifyingGetItByTomorrowFilterFunctionality_Mobile_20-08-14] Within safeClick method
20:08:36 [TestNG-test-Test-3] INFO  verifyingGetItByTomorrowFilterFunctionality_Mobile_20-08-14 - [verifyingGetItByTomorrowFilterFunctionality_Mobile_20-08-14] Clicked the  [[ChromeDriver: chrome on windows (dc64fdc59ad0c0311a541a6646612fe2)] -> xpath: //input[@id='nav-search-submit-button']]   using safeClick
20:08:36 [TestNG-test-Test-3] INFO  verifyingGetItByTomorrowFilterFunctionality_Mobile_20-08-14 - [verifyingGetItByTomorrowFilterFunctionality_Mobile_20-08-14] Clicking on the submit in the search bar
20:08:37 [TestNG-test-Test-3] INFO  verifyingGetItByTomorrowFilterFunctionality_Mobile_20-08-14 - [verifyingGetItByTomorrowFilterFunctionality_Mobile_20-08-14] Waiting until element is visible in viewport
20:08:37 [TestNG-test-Test-3] INFO  verifyingGetItByTomorrowFilterFunctionality_Mobile_20-08-14 - [verifyingGetItByTomorrowFilterFunctionality_Mobile_20-08-14] Within validateDeliveryFilterOptionsWithResult method
20:08:37 [TestNG-test-Test-3] INFO  verifyingGetItByTomorrowFilterFunctionality_Mobile_20-08-14 - [verifyingGetItByTomorrowFilterFunctionality_Mobile_20-08-14] Within safeClick method
20:08:37 [TestNG-test-Test-3] INFO  verifyingGetItByTomorrowFilterFunctionality_Mobile_20-08-14 - [verifyingGetItByTomorrowFilterFunctionality_Mobile_20-08-14] Clicked the  [[ChromeDriver: chrome on windows (dc64fdc59ad0c0311a541a6646612fe2)] -> xpath: //span[@class='a-size-base a-color-base puis-bold-weight-text' and text()='Delivery Day']/parent::div/following-sibling::ul//span[@class='a-size-base a-color-base' and text()='Get It by Tomorrow']]   using safeClick
20:08:37 [TestNG-test-Test-3] INFO  verifyingGetItByTomorrowFilterFunctionality_Mobile_20-08-14 - [verifyingGetItByTomorrowFilterFunctionality_Mobile_20-08-14] Within getMoreButtonByFilterTypeAndName method
20:08:37 [TestNG-test-Test-3] INFO  verifyingGetItByTomorrowFilterFunctionality_Mobile_20-08-14 - [verifyingGetItByTomorrowFilterFunctionality_Mobile_20-08-14] Clicked on By.xpath: //span[@class='a-size-base a-color-base puis-bold-weight-text' and text()='Delivery Day']/parent::div/following-sibling::ul//span[@class='a-size-base a-color-base' and text()='Get It by Tomorrow']
20:08:37 [TestNG-test-Test-3] INFO  verifyingGetItByTomorrowFilterFunctionality_Mobile_20-08-14 - [verifyingGetItByTomorrowFilterFunctionality_Mobile_20-08-14] Within safeFindElements 
20:08:38 [TestNG-test-Test-3] INFO  verifyingGetItByTomorrowFilterFunctionality_Mobile_20-08-14 - [verifyingGetItByTomorrowFilterFunctionality_Mobile_20-08-14] Returning the  [[[ChromeDriver: chrome on windows (dc64fdc59ad0c0311a541a6646612fe2)] -> xpath: //div[@class='a-section a-spacing-small a-spacing-top-small']], [[ChromeDriver: chrome on windows (dc64fdc59ad0c0311a541a6646612fe2)] -> xpath: //div[@class='a-section a-spacing-small a-spacing-top-small']], [[ChromeDriver: chrome on windows (dc64fdc59ad0c0311a541a6646612fe2)] -> xpath: //div[@class='a-section a-spacing-small a-spacing-top-small']], [[ChromeDriver: chrome on windows (dc64fdc59ad0c0311a541a6646612fe2)] -> xpath: //div[@class='a-section a-spacing-small a-spacing-top-small']], [[ChromeDriver: chrome on windows (dc64fdc59ad0c0311a541a6646612fe2)] -> xpath: //div[@class='a-section a-spacing-small a-spacing-top-small']], [[ChromeDriver: chrome on windows (dc64fdc59ad0c0311a541a6646612fe2)] -> xpath: //div[@class='a-section a-spacing-small a-spacing-top-small']], [[ChromeDriver: chrome on windows (dc64fdc59ad0c0311a541a6646612fe2)] -> xpath: //div[@class='a-section a-spacing-small a-spacing-top-small']], [[ChromeDriver: chrome on windows (dc64fdc59ad0c0311a541a6646612fe2)] -> xpath: //div[@class='a-section a-spacing-small a-spacing-top-small']], [[ChromeDriver: chrome on windows (dc64fdc59ad0c0311a541a6646612fe2)] -> xpath: //div[@class='a-section a-spacing-small a-spacing-top-small']]] from the safeFindElements method
20:08:38 [TestNG-test-Test-3] INFO  verifyingGetItByTomorrowFilterFunctionality_Mobile_20-08-14 - [verifyingGetItByTomorrowFilterFunctionality_Mobile_20-08-14] Created hashset with required data to assert with Within validateDeliveryFilterOptions method
20:08:38 [TestNG-test-Test-3] INFO  verifyingGetItByTomorrowFilterFunctionality_Mobile_20-08-14 - [verifyingGetItByTomorrowFilterFunctionality_Mobile_20-08-14] this is the set  [Thu, Jun, Today, 25, 26, FREE delivery, Fri, Tomorrow]
20:08:38 [TestNG-test-Test-3] INFO  verifyingGetItByTomorrowFilterFunctionality_Mobile_20-08-14 - [verifyingGetItByTomorrowFilterFunctionality_Mobile_20-08-14] Within deliveryElements loop iterating over the products  Within validateDeliveryFilterOptions method
20:08:38 [TestNG-test-Test-3] INFO  verifyingGetItByTomorrowFilterFunctionality_Mobile_20-08-14 - [verifyingGetItByTomorrowFilterFunctionality_Mobile_20-08-14] Checking if the allowedDateParts have the assert text   Within validateDeliveryFilterOptions method
20:08:38 [TestNG-test-Test-3] INFO  verifyingGetItByTomorrowFilterFunctionality_Mobile_20-08-14 - [verifyingGetItByTomorrowFilterFunctionality_Mobile_20-08-14] Within deliveryElements loop iterating over the products  Within validateDeliveryFilterOptions method
20:08:38 [TestNG-test-Test-3] INFO  verifyingGetItByTomorrowFilterFunctionality_Mobile_20-08-14 - [verifyingGetItByTomorrowFilterFunctionality_Mobile_20-08-14] Checking if the allowedDateParts have the assert text   Within validateDeliveryFilterOptions method
20:08:38 [TestNG-test-Test-3] INFO  verifyingGetItByTomorrowFilterFunctionality_Mobile_20-08-14 - [verifyingGetItByTomorrowFilterFunctionality_Mobile_20-08-14] Within deliveryElements loop iterating over the products  Within validateDeliveryFilterOptions method
20:08:38 [TestNG-test-Test-3] INFO  verifyingGetItByTomorrowFilterFunctionality_Mobile_20-08-14 - [verifyingGetItByTomorrowFilterFunctionality_Mobile_20-08-14] Checking if the allowedDateParts have the assert text   Within validateDeliveryFilterOptions method
20:08:38 [TestNG-test-Test-3] INFO  verifyingGetItByTomorrowFilterFunctionality_Mobile_20-08-14 - [verifyingGetItByTomorrowFilterFunctionality_Mobile_20-08-14] Within deliveryElements loop iterating over the products  Within validateDeliveryFilterOptions method
20:08:38 [TestNG-test-Test-3] INFO  verifyingGetItByTomorrowFilterFunctionality_Mobile_20-08-14 - [verifyingGetItByTomorrowFilterFunctionality_Mobile_20-08-14] Checking if the allowedDateParts have the assert text   Within validateDeliveryFilterOptions method
20:08:38 [TestNG-test-Test-3] INFO  verifyingGetItByTomorrowFilterFunctionality_Mobile_20-08-14 - [verifyingGetItByTomorrowFilterFunctionality_Mobile_20-08-14] Within deliveryElements loop iterating over the products  Within validateDeliveryFilterOptions method
20:08:38 [TestNG-test-Test-3] INFO  verifyingGetItByTomorrowFilterFunctionality_Mobile_20-08-14 - [verifyingGetItByTomorrowFilterFunctionality_Mobile_20-08-14] Checking if the allowedDateParts have the assert text   Within validateDeliveryFilterOptions method
20:08:38 [TestNG-test-Test-3] INFO  verifyingGetItByTomorrowFilterFunctionality_Mobile_20-08-14 - [verifyingGetItByTomorrowFilterFunctionality_Mobile_20-08-14] Within deliveryElements loop iterating over the products  Within validateDeliveryFilterOptions method
20:08:38 [TestNG-test-Test-3] INFO  verifyingGetItByTomorrowFilterFunctionality_Mobile_20-08-14 - [verifyingGetItByTomorrowFilterFunctionality_Mobile_20-08-14] Checking if the allowedDateParts have the assert text   Within validateDeliveryFilterOptions method
20:08:38 [TestNG-test-Test-3] INFO  verifyingGetItByTomorrowFilterFunctionality_Mobile_20-08-14 - [verifyingGetItByTomorrowFilterFunctionality_Mobile_20-08-14] Within deliveryElements loop iterating over the products  Within validateDeliveryFilterOptions method
20:08:38 [TestNG-test-Test-3] INFO  verifyingGetItByTomorrowFilterFunctionality_Mobile_20-08-14 - [verifyingGetItByTomorrowFilterFunctionality_Mobile_20-08-14] Checking if the allowedDateParts have the assert text   Within validateDeliveryFilterOptions method
20:08:38 [TestNG-test-Test-3] INFO  verifyingGetItByTomorrowFilterFunctionality_Mobile_20-08-14 - [verifyingGetItByTomorrowFilterFunctionality_Mobile_20-08-14] Within deliveryElements loop iterating over the products  Within validateDeliveryFilterOptions method
20:08:39 [TestNG-test-Test-3] INFO  verifyingGetItByTomorrowFilterFunctionality_Mobile_20-08-14 - [verifyingGetItByTomorrowFilterFunctionality_Mobile_20-08-14] Checking if the allowedDateParts have the assert text   Within validateDeliveryFilterOptions method
20:08:39 [TestNG-test-Test-3] INFO  verifyingGetItByTomorrowFilterFunctionality_Mobile_20-08-14 - [verifyingGetItByTomorrowFilterFunctionality_Mobile_20-08-14] Within deliveryElements loop iterating over the products  Within validateDeliveryFilterOptions method
20:08:39 [TestNG-test-Test-3] INFO  verifyingGetItByTomorrowFilterFunctionality_Mobile_20-08-14 - [verifyingGetItByTomorrowFilterFunctionality_Mobile_20-08-14] Checking if the allowedDateParts have the assert text   Within validateDeliveryFilterOptions method
20:08:39 [TestNG-test-Test-3] INFO  verifyingGetItByTomorrowFilterFunctionality_Mobile_20-08-14 - [verifyingGetItByTomorrowFilterFunctionality_Mobile_20-08-14] Returning the list with boolean values   Within validateDeliveryFilterOptions method
20:08:39 [TestNG-test-Test-3] INFO  verifyingGetItByTomorrowFilterFunctionality_Mobile_20-08-14 - [verifyingGetItByTomorrowFilterFunctionality_Mobile_20-08-14] Asserting delivery filter: isValid=true, index=-1, text=All the things are valid no errors
