04:49:47 [TestNG-test-Test-3] INFO  verifyingFreeDeliveryFilterFunctionality_Mobile_04-49-47 - No existing WebDriver found for current thread. Initializing a new ChromeDriver...
04:49:47 [TestNG-test-Test-3] INFO  verifyingFreeDeliveryFilterFunctionality_Mobile_04-49-47 - WebDriverManager: chromedriver setup OK
04:49:51 [TestNG-test-Test-3] INFO  verifyingFreeDeliveryFilterFunctionality_Mobile_04-49-47 - ChromeDriver initialized successfully for thread: 36
04:49:55 [TestNG-test-Test-3] INFO  verifyingFreeDeliveryFilterFunctionality_Mobile_04-49-47 - [verifyingFreeDeliveryFilterFunctionality_Mobile_04-49-47] Opening amazon Landing page
04:49:55 [TestNG-test-Test-3] INFO  verifyingFreeDeliveryFilterFunctionality_Mobile_04-49-47 - [verifyingFreeDeliveryFilterFunctionality_Mobile_04-49-47] Within safeFindElement method
04:49:55 [TestNG-test-Test-3] INFO  verifyingFreeDeliveryFilterFunctionality_Mobile_04-49-47 - [verifyingFreeDeliveryFilterFunctionality_Mobile_04-49-47]Found the element returning it ,element ->[[ChromeDriver: chrome on windows (225571210a6f554b9c8de488edbf087f)] -> xpath: //a[@id='nav-logo-sprites']]
04:49:56 [TestNG-test-Test-3] INFO  verifyingFreeDeliveryFilterFunctionality_Mobile_04-49-47 - [verifyingFreeDeliveryFilterFunctionality_Mobile_04-49-47] Giving input within the search bar
04:49:56 [TestNG-test-Test-3] INFO  verifyingFreeDeliveryFilterFunctionality_Mobile_04-49-47 - [verifyingFreeDeliveryFilterFunctionality_Mobile_04-49-47] Within safeClick method
04:50:06 [TestNG-test-Test-3] INFO  verifyingFreeDeliveryFilterFunctionality_Mobile_04-49-47 - [verifyingFreeDeliveryFilterFunctionality_Mobile_04-49-47] Clicked the  [[ChromeDriver: chrome on windows (225571210a6f554b9c8de488edbf087f)] -> xpath: //input[@id='nav-search-submit-button']]   using safeClick
04:50:06 [TestNG-test-Test-3] INFO  verifyingFreeDeliveryFilterFunctionality_Mobile_04-49-47 - [verifyingFreeDeliveryFilterFunctionality_Mobile_04-49-47] Clicking on the submit in the search bar
04:50:07 [TestNG-test-Test-3] INFO  verifyingFreeDeliveryFilterFunctionality_Mobile_04-49-47 - [verifyingFreeDeliveryFilterFunctionality_Mobile_04-49-47] Waiting until element is visible in viewport
04:50:07 [TestNG-test-Test-3] INFO  verifyingFreeDeliveryFilterFunctionality_Mobile_04-49-47 - [verifyingFreeDeliveryFilterFunctionality_Mobile_04-49-47] Within validateDeliveryFilterOptionsWithResult method
04:50:07 [TestNG-test-Test-3] INFO  verifyingFreeDeliveryFilterFunctionality_Mobile_04-49-47 - [verifyingFreeDeliveryFilterFunctionality_Mobile_04-49-47] Within safeClick method
04:50:07 [TestNG-test-Test-3] INFO  verifyingFreeDeliveryFilterFunctionality_Mobile_04-49-47 - [verifyingFreeDeliveryFilterFunctionality_Mobile_04-49-47] Clicked the  [[ChromeDriver: chrome on windows (225571210a6f554b9c8de488edbf087f)] -> xpath: //span[@class='a-size-base a-color-base puis-bold-weight-text' and text()='Eligible for Free Delivery']/parent::div/following-sibling::ul//span[@class='a-size-base a-color-base' and text()='Free Shipping']]   using safeClick
04:50:07 [TestNG-test-Test-3] INFO  verifyingFreeDeliveryFilterFunctionality_Mobile_04-49-47 - [verifyingFreeDeliveryFilterFunctionality_Mobile_04-49-47] Within getMoreButtonByFilterTypeAndName method
04:50:09 [TestNG-test-Test-3] INFO  verifyingFreeDeliveryFilterFunctionality_Mobile_04-49-47 - [verifyingFreeDeliveryFilterFunctionality_Mobile_04-49-47] Clicked on By.xpath: //span[@class='a-size-base a-color-base puis-bold-weight-text' and text()='Eligible for Free Delivery']/parent::div/following-sibling::ul//span[@class='a-size-base a-color-base' and text()='Free Shipping']
04:50:09 [TestNG-test-Test-3] INFO  verifyingFreeDeliveryFilterFunctionality_Mobile_04-49-47 - [verifyingFreeDeliveryFilterFunctionality_Mobile_04-49-47] Within safeFindElements 
04:50:09 [TestNG-test-Test-3] INFO  verifyingFreeDeliveryFilterFunctionality_Mobile_04-49-47 - [verifyingFreeDeliveryFilterFunctionality_Mobile_04-49-47] Returning the  [[[ChromeDriver: chrome on windows (225571210a6f554b9c8de488edbf087f)] -> xpath: //div[@class='a-section a-spacing-small a-spacing-top-small']], [[ChromeDriver: chrome on windows (225571210a6f554b9c8de488edbf087f)] -> xpath: //div[@class='a-section a-spacing-small a-spacing-top-small']], [[ChromeDriver: chrome on windows (225571210a6f554b9c8de488edbf087f)] -> xpath: //div[@class='a-section a-spacing-small a-spacing-top-small']], [[ChromeDriver: chrome on windows (225571210a6f554b9c8de488edbf087f)] -> xpath: //div[@class='a-section a-spacing-small a-spacing-top-small']], [[ChromeDriver: chrome on windows (225571210a6f554b9c8de488edbf087f)] -> xpath: //div[@class='a-section a-spacing-small a-spacing-top-small']], [[ChromeDriver: chrome on windows (225571210a6f554b9c8de488edbf087f)] -> xpath: //div[@class='a-section a-spacing-small a-spacing-top-small']], [[ChromeDriver: chrome on windows (225571210a6f554b9c8de488edbf087f)] -> xpath: //div[@class='a-section a-spacing-small a-spacing-top-small']], [[ChromeDriver: chrome on windows (225571210a6f554b9c8de488edbf087f)] -> xpath: //div[@class='a-section a-spacing-small a-spacing-top-small']], [[ChromeDriver: chrome on windows (225571210a6f554b9c8de488edbf087f)] -> xpath: //div[@class='a-section a-spacing-small a-spacing-top-small']], [[ChromeDriver: chrome on windows (225571210a6f554b9c8de488edbf087f)] -> xpath: //div[@class='a-section a-spacing-small a-spacing-top-small']], [[ChromeDriver: chrome on windows (225571210a6f554b9c8de488edbf087f)] -> xpath: //div[@class='a-section a-spacing-small a-spacing-top-small']], [[ChromeDriver: chrome on windows (225571210a6f554b9c8de488edbf087f)] -> xpath: //div[@class='a-section a-spacing-small a-spacing-top-small']], [[ChromeDriver: chrome on windows (225571210a6f554b9c8de488edbf087f)] -> xpath: //div[@class='a-section a-spacing-small a-spacing-top-small']], [[ChromeDriver: chrome on windows (225571210a6f554b9c8de488edbf087f)] -> xpath: //div[@class='a-section a-spacing-small a-spacing-top-small']], [[ChromeDriver: chrome on windows (225571210a6f554b9c8de488edbf087f)] -> xpath: //div[@class='a-section a-spacing-small a-spacing-top-small']], [[ChromeDriver: chrome on windows (225571210a6f554b9c8de488edbf087f)] -> xpath: //div[@class='a-section a-spacing-small a-spacing-top-small']]] from the safeFindElements method
04:50:09 [TestNG-test-Test-3] INFO  verifyingFreeDeliveryFilterFunctionality_Mobile_04-49-47 - [verifyingFreeDeliveryFilterFunctionality_Mobile_04-49-47] Created hashset with required data to assert with Within validateDeliveryFilterOptionsWithResult method
04:50:09 [TestNG-test-Test-3] INFO  verifyingFreeDeliveryFilterFunctionality_Mobile_04-49-47 - [verifyingFreeDeliveryFilterFunctionality_Mobile_04-49-47] this is the set  [Thu, Today, 16, FREE delivery, 17, Wed, Tomorrow, Sep]
04:50:09 [TestNG-test-Test-3] INFO  verifyingFreeDeliveryFilterFunctionality_Mobile_04-49-47 - [verifyingFreeDeliveryFilterFunctionality_Mobile_04-49-47] Within deliveryElements loop iterating over the products  Within validateDeliveryFilterOptionsWithResult method
04:50:09 [TestNG-test-Test-3] INFO  verifyingFreeDeliveryFilterFunctionality_Mobile_04-49-47 - [verifyingFreeDeliveryFilterFunctionality_Mobile_04-49-47] Checking if the allowedDateParts have the assert text — index 0, text: Samsung Galaxy M07 Mobile (Black, 4GB RAM, 64GB Storage) | MediaTek Helio G99 | AnTuTu 624K | IP54| 50MP Camera | 7.6mm Slim | 5000mAh Battery | 25W Fast Charging | 6 Gen OS Upgrades | Without Charger
4.1
(2.3K)
5K+ bought in past month
₹11,999
Up to 5% back with Amazon Pay ICI...
FREE delivery Mon, 21 Sept
Or fastest delivery Today 4 pm - 8 pm
Add to cart
04:50:09 [TestNG-test-Test-3] INFO  verifyingFreeDeliveryFilterFunctionality_Mobile_04-49-47 - [verifyingFreeDeliveryFilterFunctionality_Mobile_04-49-47] Within deliveryElements loop iterating over the products  Within validateDeliveryFilterOptionsWithResult method
04:50:09 [TestNG-test-Test-3] INFO  verifyingFreeDeliveryFilterFunctionality_Mobile_04-49-47 - [verifyingFreeDeliveryFilterFunctionality_Mobile_04-49-47] Checking if the allowedDateParts have the assert text — index 1, text: iQOO Z10 Lite 5G (Titanium Blue 2026, 4GB RAM, 64GB Storage) | Dimensity 6300 5G Processor | 50MP Sony AI Camera | 6000 mAh Battery | IP64 Rated & Military Grade Shock-Resistance*
4.1
(386)
2K+ bought in past month
₹16,999
M.R.P:
₹27,999 (39% off)
FREE delivery Mon, 21 Sept
Or fastest delivery Today 4 pm - 8 pm
Add to cart
04:50:09 [TestNG-test-Test-3] INFO  verifyingFreeDeliveryFilterFunctionality_Mobile_04-49-47 - [verifyingFreeDeliveryFilterFunctionality_Mobile_04-49-47] Within deliveryElements loop iterating over the products  Within validateDeliveryFilterOptionsWithResult method
04:50:09 [TestNG-test-Test-3] INFO  verifyingFreeDeliveryFilterFunctionality_Mobile_04-49-47 - [verifyingFreeDeliveryFilterFunctionality_Mobile_04-49-47] Checking if the allowedDateParts have the assert text — index 2, text: REDMI A7 Pro 5G (Mist Blue, 4GB RAM, 64GB Storage) | Segment's Fastest Processor | Segment's Largest Battery | Segment's Largest & Smoothest 6.9in 120Hz Display
3.4
(2.2K)
2K+ bought in past month
₹14,999
M.R.P:
₹26,999 (44% off)
Up to 5% back with Amazon Pay ICI...
FREE delivery Mon, 21 Sept
Or fastest delivery Today 4 pm - 8 pm
Add to cart
04:50:09 [TestNG-test-Test-3] INFO  verifyingFreeDeliveryFilterFunctionality_Mobile_04-49-47 - [verifyingFreeDeliveryFilterFunctionality_Mobile_04-49-47] Within deliveryElements loop iterating over the products  Within validateDeliveryFilterOptionsWithResult method
04:50:09 [TestNG-test-Test-3] INFO  verifyingFreeDeliveryFilterFunctionality_Mobile_04-49-47 - [verifyingFreeDeliveryFilterFunctionality_Mobile_04-49-47] Checking if the allowedDateParts have the assert text — index 3, text: Motorola G57 Power 5G (Fluidity, 8GB RAM, 128GB Storage)| Snapdragon 6s Gen 4 Processor | 6.72" FHD+ Display | 50MP LYT-600 + 8MP Ultrawide | 8MP Selfie Camera | 7000mAh Battery, 33W TurboPower | IP64
4.2
(1K)
5K+ bought in past month
₹20,999
M.R.P:
₹21,999 (5% off)
Up to 5% back with Amazon Pay ICI...
FREE delivery Mon, 21 Sept
Or fastest delivery Today 4 pm - 8 pm
Add to cart
More Buying Choices
₹20,990(27 new offers)
04:50:09 [TestNG-test-Test-3] INFO  verifyingFreeDeliveryFilterFunctionality_Mobile_04-49-47 - [verifyingFreeDeliveryFilterFunctionality_Mobile_04-49-47] Within deliveryElements loop iterating over the products  Within validateDeliveryFilterOptionsWithResult method
04:50:09 [TestNG-test-Test-3] INFO  verifyingFreeDeliveryFilterFunctionality_Mobile_04-49-47 - [verifyingFreeDeliveryFilterFunctionality_Mobile_04-49-47] Checking if the allowedDateParts have the assert text — index 4, text: Motorola G57 Power (Corsair, 8GB RAM, 128GB Storage) | Snapdragon 6s Gen 4 Processor | 6.72" FHD+ Display | 50MP LYT-600 + 8MP Ultrawide | 8MP Selfie Camera | 7000mAh Battery, 33W TurboPower | IP64
4.4
(36)
1K+ bought in past month
₹20,999
M.R.P:
₹21,999 (5% off)
Up to 5% back with Amazon Pay ICI...
FREE delivery Mon, 21 Sept
Or fastest delivery Today 4 pm - 8 pm
Add to cart
04:50:09 [TestNG-test-Test-3] INFO  verifyingFreeDeliveryFilterFunctionality_Mobile_04-49-47 - [verifyingFreeDeliveryFilterFunctionality_Mobile_04-49-47] Within deliveryElements loop iterating over the products  Within validateDeliveryFilterOptionsWithResult method
04:50:09 [TestNG-test-Test-3] INFO  verifyingFreeDeliveryFilterFunctionality_Mobile_04-49-47 - [verifyingFreeDeliveryFilterFunctionality_Mobile_04-49-47] Checking if the allowedDateParts have the assert text — index 5, text: iQOO Z10 Lite 5G (Titanium Blue 2026, 4GB RAM, 128GB Storage) | Dimensity 6300 5G Processor | 50MP Sony AI Camera | 6000 mAh Battery | IP64 Rated & Military Grade Shock-Resistance*
4.1
(1.9K)
1K+ bought in past month
₹18,999
M.R.P:
₹28,999 (34% off)
FREE delivery Mon, 21 Sept
Or fastest delivery Today 4 pm - 8 pm
Add to cart
04:50:09 [TestNG-test-Test-3] INFO  verifyingFreeDeliveryFilterFunctionality_Mobile_04-49-47 - [verifyingFreeDeliveryFilterFunctionality_Mobile_04-49-47] Within deliveryElements loop iterating over the products  Within validateDeliveryFilterOptionsWithResult method
04:50:09 [TestNG-test-Test-3] INFO  verifyingFreeDeliveryFilterFunctionality_Mobile_04-49-47 - [verifyingFreeDeliveryFilterFunctionality_Mobile_04-49-47] Checking if the allowedDateParts have the assert text — index 6, text: Samsung Galaxy M17 5G Mobile (Sapphire Black, 6GB RAM, 128GB Storage) | 50MP OIS Triple Camera | Super AMOLED Display | Gorilla Glass Victus | 6 Gen OS Upgrades | Knox Security | AI
4.1
(929)
3K+ bought in past month
₹23,499
M.R.P:
₹23,999 (2% off)
Up to 5% back with Amazon Pay ICI...
FREE delivery Mon, 21 Sept
Or fastest delivery Today 4 pm - 8 pm
Add to cart
04:50:09 [TestNG-test-Test-3] INFO  verifyingFreeDeliveryFilterFunctionality_Mobile_04-49-47 - [verifyingFreeDeliveryFilterFunctionality_Mobile_04-49-47] Within deliveryElements loop iterating over the products  Within validateDeliveryFilterOptionsWithResult method
04:50:09 [TestNG-test-Test-3] INFO  verifyingFreeDeliveryFilterFunctionality_Mobile_04-49-47 - [verifyingFreeDeliveryFilterFunctionality_Mobile_04-49-47] Checking if the allowedDateParts have the assert text — index 7, text: Poco C85x 5G Smartphone, Sunset Gold, 6.9 Inch Display, 32MP Dual AI Camera, 6300mAh Battery, 64GB Storage
3.5
(216)
500+ bought in past month
₹13,980
M.R.P:
₹20,999 (33% off)
Up to 5% back with Amazon Pay ICI...
FREE delivery Mon, 21 Sept
Or fastest delivery Tomorrow, 17 Sept
Add to cart
04:50:09 [TestNG-test-Test-3] INFO  verifyingFreeDeliveryFilterFunctionality_Mobile_04-49-47 - [verifyingFreeDeliveryFilterFunctionality_Mobile_04-49-47] Within deliveryElements loop iterating over the products  Within validateDeliveryFilterOptionsWithResult method
04:50:09 [TestNG-test-Test-3] INFO  verifyingFreeDeliveryFilterFunctionality_Mobile_04-49-47 - [verifyingFreeDeliveryFilterFunctionality_Mobile_04-49-47] Checking if the allowedDateParts have the assert text — index 8, text: realme narzo 80 Lite 4G (See Blue,4GB+64GB) 2026 | 6300mAh Segment's Biggest Battery | 7.94mm Slim Design | 300% Ultra Volume | Pulse Light: 9 Colors, 5 Glow Modes | Ai Assist
4.1
(2K)
1K+ bought in past month
₹16,249
M.R.P:
₹16,999 (4% off)
Up to 5% back with Amazon Pay ICI...
FREE delivery Mon, 21 Sept
Or fastest delivery Today 4 pm - 8 pm
Add to cart
04:50:09 [TestNG-test-Test-3] INFO  verifyingFreeDeliveryFilterFunctionality_Mobile_04-49-47 - [verifyingFreeDeliveryFilterFunctionality_Mobile_04-49-47] Within deliveryElements loop iterating over the products  Within validateDeliveryFilterOptionsWithResult method
04:50:09 [TestNG-test-Test-3] INFO  verifyingFreeDeliveryFilterFunctionality_Mobile_04-49-47 - [verifyingFreeDeliveryFilterFunctionality_Mobile_04-49-47] Checking if the allowedDateParts have the assert text — index 9, text: Lava Bold N4 Lite (Empire Gold, 3GB RAM, 32GB Storage) | 6.56" qHD Display | 8MP Rear Camera | 5000 mAh Battery | Free Service @ Home | Fingerprint Reader | Charger & Phone-Cover in Box
4.2
(11)
₹8,299
M.R.P:
₹9,999 (17% off)
FREE delivery Mon, 21 Sept
Or fastest delivery Tomorrow, 17 Sept
Add to cart
04:50:09 [TestNG-test-Test-3] INFO  verifyingFreeDeliveryFilterFunctionality_Mobile_04-49-47 - [verifyingFreeDeliveryFilterFunctionality_Mobile_04-49-47] Within deliveryElements loop iterating over the products  Within validateDeliveryFilterOptionsWithResult method
04:50:09 [TestNG-test-Test-3] INFO  verifyingFreeDeliveryFilterFunctionality_Mobile_04-49-47 - [verifyingFreeDeliveryFilterFunctionality_Mobile_04-49-47] Checking if the allowedDateParts have the assert text — index 10, text: Tecno POP X 5G (Ripple Green, 4GB+128GB) | 6500mAh+45W Fast Charger | IP64 Pro | MIL-STD 810H Protection | Upto 12GB* RAM | Fastest 8X Network Speed* with URSP | 120Hz Smooth Display | 50MP Camera
3.4
(45)
1K+ bought in past month
₹15,999
M.R.P:
₹27,999 (43% off)
Up to 5% back with Amazon Pay ICI...
FREE delivery Mon, 21 Sept
Or fastest delivery Today 4 pm - 8 pm
Add to cart
04:50:09 [TestNG-test-Test-3] INFO  verifyingFreeDeliveryFilterFunctionality_Mobile_04-49-47 - [verifyingFreeDeliveryFilterFunctionality_Mobile_04-49-47] Within deliveryElements loop iterating over the products  Within validateDeliveryFilterOptionsWithResult method
04:50:09 [TestNG-test-Test-3] INFO  verifyingFreeDeliveryFilterFunctionality_Mobile_04-49-47 - [verifyingFreeDeliveryFilterFunctionality_Mobile_04-49-47] Checking if the allowedDateParts have the assert text — index 11, text: Redmi 15C 5G Prime Edition Dusk Purple 6GB + 128GB | Massive 6000mAh Battery | Segment's Largest 17.53cm Display Up to 120Hz | MediaTek Dimensity 6300 | 33W Fast Charging | 50MP AI Dual Camera
4.1
(571)
500+ bought in past month
₹19,499
M.R.P:
₹31,999 (39% off)
Up to 5% back with Amazon Pay ICI...
FREE delivery Mon, 21 Sept
Or fastest delivery Tomorrow 8 am - 12 pm
Add to cart
04:50:09 [TestNG-test-Test-3] INFO  verifyingFreeDeliveryFilterFunctionality_Mobile_04-49-47 - [verifyingFreeDeliveryFilterFunctionality_Mobile_04-49-47] Within deliveryElements loop iterating over the products  Within validateDeliveryFilterOptionsWithResult method
04:50:09 [TestNG-test-Test-3] INFO  verifyingFreeDeliveryFilterFunctionality_Mobile_04-49-47 - [verifyingFreeDeliveryFilterFunctionality_Mobile_04-49-47] Checking if the allowedDateParts have the assert text — index 12, text: OnePlus Nord CE6 | 8GB+256GB | Fresh Blue | Snapdragon 7s Gen 4 | Segment's Fastest Touch Response | 8000mAh Battery | 144Hz 1.5K AMOLED Display | 50MP Main + 32MP Selfie 4K Cameras | IP66,68,69,69K
4.3
(2.8K)
500+ bought in past month
₹41,999
M.R.P:
₹43,999 (5% off)
Flat INR 500 Off on Select Bank Cards
FREE delivery Mon, 21 Sept
Or fastest delivery Today 4 pm - 8 pm
Add to cart
04:50:09 [TestNG-test-Test-3] INFO  verifyingFreeDeliveryFilterFunctionality_Mobile_04-49-47 - [verifyingFreeDeliveryFilterFunctionality_Mobile_04-49-47] Within deliveryElements loop iterating over the products  Within validateDeliveryFilterOptionsWithResult method
04:50:09 [TestNG-test-Test-3] INFO  verifyingFreeDeliveryFilterFunctionality_Mobile_04-49-47 - [verifyingFreeDeliveryFilterFunctionality_Mobile_04-49-47] Checking if the allowedDateParts have the assert text — index 13, text: PEACE Mi5 Pro Android Smartphone | 4GB RAM + 32GB Storage | 4.05-inch QHD Display | 8MP Rear Camera | 5MP Front Camera | Dual SIM 4G Volte | 2500mAh Battery | Orange
5.0
(1)
50+ bought in past month
₹6,999
M.R.P:
₹9,999 (30% off)
FREE delivery Mon, 21 Sept
Add to cart
04:50:09 [TestNG-test-Test-3] INFO  verifyingFreeDeliveryFilterFunctionality_Mobile_04-49-47 - [verifyingFreeDeliveryFilterFunctionality_Mobile_04-49-47] Within deliveryElements loop iterating over the products  Within validateDeliveryFilterOptionsWithResult method
04:50:09 [TestNG-test-Test-3] INFO  verifyingFreeDeliveryFilterFunctionality_Mobile_04-49-47 - [verifyingFreeDeliveryFilterFunctionality_Mobile_04-49-47] Checking if the allowedDateParts have the assert text — index 14, text: realme C71 4G Smartphone 4GB+64GB Black
6300mAh Battery, 6.745 inch Screen, 90Hz Eye Comfort Display, 37MP Cameras, Unisoc T7250 Chip, IP54
3.6
(14)
200+ bought in past month
₹12,899
M.R.P:
₹13,999 (8% off)
Up to 5% back with Amazon Pay ICI...
FREE delivery Mon, 21 Sept
Or fastest delivery Tomorrow 8 am - 12 pm
Add to cart
04:50:09 [TestNG-test-Test-3] INFO  verifyingFreeDeliveryFilterFunctionality_Mobile_04-49-47 - [verifyingFreeDeliveryFilterFunctionality_Mobile_04-49-47] Within deliveryElements loop iterating over the products  Within validateDeliveryFilterOptionsWithResult method
04:50:09 [TestNG-test-Test-3] INFO  verifyingFreeDeliveryFilterFunctionality_Mobile_04-49-47 - [verifyingFreeDeliveryFilterFunctionality_Mobile_04-49-47] Checking if the allowedDateParts have the assert text — index 15, text: Samsung Galaxy A56 5G (Awesome Olive, 8GB, 256GB) | Segment Most Complete Triple Camera | AI Editing | 4nm Processor | sAMOLED Display| Gorilla Glass Victus+| 5 Gen OS Upgrades
4.4
(631)
500+ bought in past month
₹38,999
M.R.P:
₹48,999 (20% off)
Up to 5% back with Amazon Pay ICI...
FREE delivery Mon, 21 Sept
Or fastest delivery Today 4 pm - 8 pm
Add to cart
04:50:09 [TestNG-test-Test-3] INFO  verifyingFreeDeliveryFilterFunctionality_Mobile_04-49-47 - [verifyingFreeDeliveryFilterFunctionality_Mobile_04-49-47] Returning the list with boolean values   Within validateDeliveryFilterOptionsWithResult method
04:50:09 [TestNG-test-Test-3] INFO  verifyingFreeDeliveryFilterFunctionality_Mobile_04-49-47 - [verifyingFreeDeliveryFilterFunctionality_Mobile_04-49-47] Asserting delivery filter: isValid=true, index=-1, text=All the things are valid no errors
