18:41:17 [TestNG-test-Test-3] INFO  verifyingFreeDeliveryFilterFunctionality_Mobile_18-41-17 - No existing WebDriver found for current thread. Initializing a new ChromeDriver...
18:41:17 [TestNG-test-Test-3] INFO  verifyingFreeDeliveryFilterFunctionality_Mobile_18-41-17 - WebDriverManager: chromedriver setup OK
18:41:19 [TestNG-test-Test-3] INFO  verifyingFreeDeliveryFilterFunctionality_Mobile_18-41-17 - ChromeDriver initialized successfully for thread: 36
18:41:22 [TestNG-test-Test-3] INFO  verifyingFreeDeliveryFilterFunctionality_Mobile_18-41-17 - [verifyingFreeDeliveryFilterFunctionality_Mobile_18-41-17] Opening amazon Landing page
18:41:22 [TestNG-test-Test-3] INFO  verifyingFreeDeliveryFilterFunctionality_Mobile_18-41-17 - [verifyingFreeDeliveryFilterFunctionality_Mobile_18-41-17] Within safeFindElement method
18:41:23 [TestNG-test-Test-3] INFO  verifyingFreeDeliveryFilterFunctionality_Mobile_18-41-17 - [verifyingFreeDeliveryFilterFunctionality_Mobile_18-41-17]Found the element returning it ,element ->[[ChromeDriver: chrome on windows (94c9f761f5995fef8173d80f8c6edbb4)] -> xpath: //a[@id='nav-logo-sprites']]
18:41:24 [TestNG-test-Test-3] INFO  verifyingFreeDeliveryFilterFunctionality_Mobile_18-41-17 - [verifyingFreeDeliveryFilterFunctionality_Mobile_18-41-17] Giving input within the search bar
18:41:24 [TestNG-test-Test-3] INFO  verifyingFreeDeliveryFilterFunctionality_Mobile_18-41-17 - [verifyingFreeDeliveryFilterFunctionality_Mobile_18-41-17] Within safeClick method
18:41:27 [TestNG-test-Test-3] INFO  verifyingFreeDeliveryFilterFunctionality_Mobile_18-41-17 - [verifyingFreeDeliveryFilterFunctionality_Mobile_18-41-17] Clicked the  [[ChromeDriver: chrome on windows (94c9f761f5995fef8173d80f8c6edbb4)] -> xpath: //input[@id='nav-search-submit-button']]   using safeClick
18:41:27 [TestNG-test-Test-3] INFO  verifyingFreeDeliveryFilterFunctionality_Mobile_18-41-17 - [verifyingFreeDeliveryFilterFunctionality_Mobile_18-41-17] Clicking on the submit in the search bar
18:41:27 [TestNG-test-Test-3] INFO  verifyingFreeDeliveryFilterFunctionality_Mobile_18-41-17 - [verifyingFreeDeliveryFilterFunctionality_Mobile_18-41-17] Waiting until element is visible in viewport
18:41:27 [TestNG-test-Test-3] INFO  verifyingFreeDeliveryFilterFunctionality_Mobile_18-41-17 - [verifyingFreeDeliveryFilterFunctionality_Mobile_18-41-17] Within validateDeliveryFilterOptionsWithResult method
18:41:27 [TestNG-test-Test-3] INFO  verifyingFreeDeliveryFilterFunctionality_Mobile_18-41-17 - [verifyingFreeDeliveryFilterFunctionality_Mobile_18-41-17] Within safeClick method
18:41:27 [TestNG-test-Test-3] INFO  verifyingFreeDeliveryFilterFunctionality_Mobile_18-41-17 - [verifyingFreeDeliveryFilterFunctionality_Mobile_18-41-17] Clicked the  [[ChromeDriver: chrome on windows (94c9f761f5995fef8173d80f8c6edbb4)] -> xpath: //span[@class='a-size-base a-color-base puis-bold-weight-text' and text()='Eligible for Free Delivery']/parent::div/following-sibling::ul//span[@class='a-size-base a-color-base' and text()='Free Shipping']]   using safeClick
18:41:27 [TestNG-test-Test-3] INFO  verifyingFreeDeliveryFilterFunctionality_Mobile_18-41-17 - [verifyingFreeDeliveryFilterFunctionality_Mobile_18-41-17] Within getMoreButtonByFilterTypeAndName method
18:41:28 [TestNG-test-Test-3] INFO  verifyingFreeDeliveryFilterFunctionality_Mobile_18-41-17 - [verifyingFreeDeliveryFilterFunctionality_Mobile_18-41-17] Clicked on By.xpath: //span[@class='a-size-base a-color-base puis-bold-weight-text' and text()='Eligible for Free Delivery']/parent::div/following-sibling::ul//span[@class='a-size-base a-color-base' and text()='Free Shipping']
18:41:28 [TestNG-test-Test-3] INFO  verifyingFreeDeliveryFilterFunctionality_Mobile_18-41-17 - [verifyingFreeDeliveryFilterFunctionality_Mobile_18-41-17] Within safeFindElements 
18:41:28 [TestNG-test-Test-3] INFO  verifyingFreeDeliveryFilterFunctionality_Mobile_18-41-17 - [verifyingFreeDeliveryFilterFunctionality_Mobile_18-41-17] Returning the  [[[ChromeDriver: chrome on windows (94c9f761f5995fef8173d80f8c6edbb4)] -> xpath: //div[@class='a-section a-spacing-small a-spacing-top-small']], [[ChromeDriver: chrome on windows (94c9f761f5995fef8173d80f8c6edbb4)] -> xpath: //div[@class='a-section a-spacing-small a-spacing-top-small']], [[ChromeDriver: chrome on windows (94c9f761f5995fef8173d80f8c6edbb4)] -> xpath: //div[@class='a-section a-spacing-small a-spacing-top-small']], [[ChromeDriver: chrome on windows (94c9f761f5995fef8173d80f8c6edbb4)] -> xpath: //div[@class='a-section a-spacing-small a-spacing-top-small']], [[ChromeDriver: chrome on windows (94c9f761f5995fef8173d80f8c6edbb4)] -> xpath: //div[@class='a-section a-spacing-small a-spacing-top-small']], [[ChromeDriver: chrome on windows (94c9f761f5995fef8173d80f8c6edbb4)] -> xpath: //div[@class='a-section a-spacing-small a-spacing-top-small']], [[ChromeDriver: chrome on windows (94c9f761f5995fef8173d80f8c6edbb4)] -> xpath: //div[@class='a-section a-spacing-small a-spacing-top-small']], [[ChromeDriver: chrome on windows (94c9f761f5995fef8173d80f8c6edbb4)] -> xpath: //div[@class='a-section a-spacing-small a-spacing-top-small']], [[ChromeDriver: chrome on windows (94c9f761f5995fef8173d80f8c6edbb4)] -> xpath: //div[@class='a-section a-spacing-small a-spacing-top-small']], [[ChromeDriver: chrome on windows (94c9f761f5995fef8173d80f8c6edbb4)] -> xpath: //div[@class='a-section a-spacing-small a-spacing-top-small']], [[ChromeDriver: chrome on windows (94c9f761f5995fef8173d80f8c6edbb4)] -> xpath: //div[@class='a-section a-spacing-small a-spacing-top-small']], [[ChromeDriver: chrome on windows (94c9f761f5995fef8173d80f8c6edbb4)] -> xpath: //div[@class='a-section a-spacing-small a-spacing-top-small']], [[ChromeDriver: chrome on windows (94c9f761f5995fef8173d80f8c6edbb4)] -> xpath: //div[@class='a-section a-spacing-small a-spacing-top-small']], [[ChromeDriver: chrome on windows (94c9f761f5995fef8173d80f8c6edbb4)] -> xpath: //div[@class='a-section a-spacing-small a-spacing-top-small']], [[ChromeDriver: chrome on windows (94c9f761f5995fef8173d80f8c6edbb4)] -> xpath: //div[@class='a-section a-spacing-small a-spacing-top-small']], [[ChromeDriver: chrome on windows (94c9f761f5995fef8173d80f8c6edbb4)] -> xpath: //div[@class='a-section a-spacing-small a-spacing-top-small']]] from the safeFindElements method
18:41:28 [TestNG-test-Test-3] INFO  verifyingFreeDeliveryFilterFunctionality_Mobile_18-41-17 - [verifyingFreeDeliveryFilterFunctionality_Mobile_18-41-17] Created hashset with required data to assert with Within validateDeliveryFilterOptions method
18:41:28 [TestNG-test-Test-3] INFO  verifyingFreeDeliveryFilterFunctionality_Mobile_18-41-17 - [verifyingFreeDeliveryFilterFunctionality_Mobile_18-41-17] this is the set  [Aug, Today, Tue, FREE delivery, 18, Wed, 19, Tomorrow]
18:41:28 [TestNG-test-Test-3] INFO  verifyingFreeDeliveryFilterFunctionality_Mobile_18-41-17 - [verifyingFreeDeliveryFilterFunctionality_Mobile_18-41-17] Within deliveryElements loop iterating over the products  Within validateDeliveryFilterOptions method
18:41:29 [TestNG-test-Test-3] INFO  verifyingFreeDeliveryFilterFunctionality_Mobile_18-41-17 - [verifyingFreeDeliveryFilterFunctionality_Mobile_18-41-17] Checking if the allowedDateParts have the assert text   Within validateDeliveryFilterOptions method
18:41:29 [TestNG-test-Test-3] INFO  verifyingFreeDeliveryFilterFunctionality_Mobile_18-41-17 - [verifyingFreeDeliveryFilterFunctionality_Mobile_18-41-17] Within deliveryElements loop iterating over the products  Within validateDeliveryFilterOptions method
18:41:29 [TestNG-test-Test-3] INFO  verifyingFreeDeliveryFilterFunctionality_Mobile_18-41-17 - [verifyingFreeDeliveryFilterFunctionality_Mobile_18-41-17] Checking if the allowedDateParts have the assert text   Within validateDeliveryFilterOptions method
18:41:29 [TestNG-test-Test-3] INFO  verifyingFreeDeliveryFilterFunctionality_Mobile_18-41-17 - [verifyingFreeDeliveryFilterFunctionality_Mobile_18-41-17] Within deliveryElements loop iterating over the products  Within validateDeliveryFilterOptions method
18:41:29 [TestNG-test-Test-3] INFO  verifyingFreeDeliveryFilterFunctionality_Mobile_18-41-17 - [verifyingFreeDeliveryFilterFunctionality_Mobile_18-41-17] Checking if the allowedDateParts have the assert text   Within validateDeliveryFilterOptions method
18:41:29 [TestNG-test-Test-3] INFO  verifyingFreeDeliveryFilterFunctionality_Mobile_18-41-17 - [verifyingFreeDeliveryFilterFunctionality_Mobile_18-41-17] Within deliveryElements loop iterating over the products  Within validateDeliveryFilterOptions method
18:41:29 [TestNG-test-Test-3] INFO  verifyingFreeDeliveryFilterFunctionality_Mobile_18-41-17 - [verifyingFreeDeliveryFilterFunctionality_Mobile_18-41-17] Checking if the allowedDateParts have the assert text   Within validateDeliveryFilterOptions method
18:41:29 [TestNG-test-Test-3] INFO  verifyingFreeDeliveryFilterFunctionality_Mobile_18-41-17 - [verifyingFreeDeliveryFilterFunctionality_Mobile_18-41-17] Within deliveryElements loop iterating over the products  Within validateDeliveryFilterOptions method
18:41:29 [TestNG-test-Test-3] INFO  verifyingFreeDeliveryFilterFunctionality_Mobile_18-41-17 - [verifyingFreeDeliveryFilterFunctionality_Mobile_18-41-17] Checking if the allowedDateParts have the assert text   Within validateDeliveryFilterOptions method
18:41:29 [TestNG-test-Test-3] INFO  verifyingFreeDeliveryFilterFunctionality_Mobile_18-41-17 - [verifyingFreeDeliveryFilterFunctionality_Mobile_18-41-17] Within deliveryElements loop iterating over the products  Within validateDeliveryFilterOptions method
18:41:29 [TestNG-test-Test-3] INFO  verifyingFreeDeliveryFilterFunctionality_Mobile_18-41-17 - [verifyingFreeDeliveryFilterFunctionality_Mobile_18-41-17] Checking if the allowedDateParts have the assert text   Within validateDeliveryFilterOptions method
18:41:29 [TestNG-test-Test-3] INFO  verifyingFreeDeliveryFilterFunctionality_Mobile_18-41-17 - [verifyingFreeDeliveryFilterFunctionality_Mobile_18-41-17] Within deliveryElements loop iterating over the products  Within validateDeliveryFilterOptions method
18:41:29 [TestNG-test-Test-3] INFO  verifyingFreeDeliveryFilterFunctionality_Mobile_18-41-17 - [verifyingFreeDeliveryFilterFunctionality_Mobile_18-41-17] Checking if the allowedDateParts have the assert text   Within validateDeliveryFilterOptions method
18:41:29 [TestNG-test-Test-3] INFO  verifyingFreeDeliveryFilterFunctionality_Mobile_18-41-17 - [verifyingFreeDeliveryFilterFunctionality_Mobile_18-41-17] Within deliveryElements loop iterating over the products  Within validateDeliveryFilterOptions method
18:41:29 [TestNG-test-Test-3] INFO  verifyingFreeDeliveryFilterFunctionality_Mobile_18-41-17 - [verifyingFreeDeliveryFilterFunctionality_Mobile_18-41-17] Checking if the allowedDateParts have the assert text   Within validateDeliveryFilterOptions method
18:41:29 [TestNG-test-Test-3] INFO  verifyingFreeDeliveryFilterFunctionality_Mobile_18-41-17 - [verifyingFreeDeliveryFilterFunctionality_Mobile_18-41-17] Within deliveryElements loop iterating over the products  Within validateDeliveryFilterOptions method
18:41:29 [TestNG-test-Test-3] INFO  verifyingFreeDeliveryFilterFunctionality_Mobile_18-41-17 - [verifyingFreeDeliveryFilterFunctionality_Mobile_18-41-17] Checking if the allowedDateParts have the assert text   Within validateDeliveryFilterOptions method
18:41:29 [TestNG-test-Test-3] INFO  verifyingFreeDeliveryFilterFunctionality_Mobile_18-41-17 - [verifyingFreeDeliveryFilterFunctionality_Mobile_18-41-17] Within deliveryElements loop iterating over the products  Within validateDeliveryFilterOptions method
18:41:29 [TestNG-test-Test-3] INFO  verifyingFreeDeliveryFilterFunctionality_Mobile_18-41-17 - [verifyingFreeDeliveryFilterFunctionality_Mobile_18-41-17] Checking if the allowedDateParts have the assert text   Within validateDeliveryFilterOptions method
18:41:29 [TestNG-test-Test-3] INFO  verifyingFreeDeliveryFilterFunctionality_Mobile_18-41-17 - [verifyingFreeDeliveryFilterFunctionality_Mobile_18-41-17] Within deliveryElements loop iterating over the products  Within validateDeliveryFilterOptions method
18:41:29 [TestNG-test-Test-3] INFO  verifyingFreeDeliveryFilterFunctionality_Mobile_18-41-17 - [verifyingFreeDeliveryFilterFunctionality_Mobile_18-41-17] Checking if the allowedDateParts have the assert text   Within validateDeliveryFilterOptions method
18:41:29 [TestNG-test-Test-3] INFO  verifyingFreeDeliveryFilterFunctionality_Mobile_18-41-17 - [verifyingFreeDeliveryFilterFunctionality_Mobile_18-41-17] Within deliveryElements loop iterating over the products  Within validateDeliveryFilterOptions method
18:41:29 [TestNG-test-Test-3] INFO  verifyingFreeDeliveryFilterFunctionality_Mobile_18-41-17 - [verifyingFreeDeliveryFilterFunctionality_Mobile_18-41-17] Checking if the allowedDateParts have the assert text   Within validateDeliveryFilterOptions method
18:41:29 [TestNG-test-Test-3] INFO  verifyingFreeDeliveryFilterFunctionality_Mobile_18-41-17 - [verifyingFreeDeliveryFilterFunctionality_Mobile_18-41-17] Within deliveryElements loop iterating over the products  Within validateDeliveryFilterOptions method
18:41:29 [TestNG-test-Test-3] INFO  verifyingFreeDeliveryFilterFunctionality_Mobile_18-41-17 - [verifyingFreeDeliveryFilterFunctionality_Mobile_18-41-17] Checking if the allowedDateParts have the assert text   Within validateDeliveryFilterOptions method
18:41:29 [TestNG-test-Test-3] INFO  verifyingFreeDeliveryFilterFunctionality_Mobile_18-41-17 - [verifyingFreeDeliveryFilterFunctionality_Mobile_18-41-17] Within deliveryElements loop iterating over the products  Within validateDeliveryFilterOptions method
18:41:29 [TestNG-test-Test-3] INFO  verifyingFreeDeliveryFilterFunctionality_Mobile_18-41-17 - [verifyingFreeDeliveryFilterFunctionality_Mobile_18-41-17] Checking if the allowedDateParts have the assert text   Within validateDeliveryFilterOptions method
18:41:29 [TestNG-test-Test-3] INFO  verifyingFreeDeliveryFilterFunctionality_Mobile_18-41-17 - [verifyingFreeDeliveryFilterFunctionality_Mobile_18-41-17] Within deliveryElements loop iterating over the products  Within validateDeliveryFilterOptions method
18:41:29 [TestNG-test-Test-3] INFO  verifyingFreeDeliveryFilterFunctionality_Mobile_18-41-17 - [verifyingFreeDeliveryFilterFunctionality_Mobile_18-41-17] Checking if the allowedDateParts have the assert text   Within validateDeliveryFilterOptions method
18:41:29 [TestNG-test-Test-3] INFO  verifyingFreeDeliveryFilterFunctionality_Mobile_18-41-17 - [verifyingFreeDeliveryFilterFunctionality_Mobile_18-41-17] Within deliveryElements loop iterating over the products  Within validateDeliveryFilterOptions method
18:41:29 [TestNG-test-Test-3] INFO  verifyingFreeDeliveryFilterFunctionality_Mobile_18-41-17 - [verifyingFreeDeliveryFilterFunctionality_Mobile_18-41-17] Checking if the allowedDateParts have the assert text   Within validateDeliveryFilterOptions method
18:41:29 [TestNG-test-Test-3] INFO  verifyingFreeDeliveryFilterFunctionality_Mobile_18-41-17 - [verifyingFreeDeliveryFilterFunctionality_Mobile_18-41-17] Returning the list with boolean values   Within validateDeliveryFilterOptions method
18:41:29 [TestNG-test-Test-3] INFO  verifyingFreeDeliveryFilterFunctionality_Mobile_18-41-17 - [verifyingFreeDeliveryFilterFunctionality_Mobile_18-41-17] Asserting delivery filter: isValid=true, index=-1, text=All the things are valid no errors
