19:20:05 [TestNG-test-Test-3] INFO  verifyingFreeDeliveryFilterFunctionality_Mobile_19-20-05 - No existing WebDriver found for current thread. Initializing a new ChromeDriver...
19:20:05 [TestNG-test-Test-3] INFO  verifyingFreeDeliveryFilterFunctionality_Mobile_19-20-05 - WebDriverManager: chromedriver setup OK
19:20:06 [TestNG-test-Test-3] INFO  verifyingFreeDeliveryFilterFunctionality_Mobile_19-20-05 - ChromeDriver initialized successfully for thread: 36
19:20:08 [TestNG-test-Test-3] INFO  verifyingFreeDeliveryFilterFunctionality_Mobile_19-20-05 - [verifyingFreeDeliveryFilterFunctionality_Mobile_19-20-05] Opening amazon Landing page
19:20:08 [TestNG-test-Test-3] INFO  verifyingFreeDeliveryFilterFunctionality_Mobile_19-20-05 - [verifyingFreeDeliveryFilterFunctionality_Mobile_19-20-05] Within safeFindElement method
19:20:09 [TestNG-test-Test-3] INFO  verifyingFreeDeliveryFilterFunctionality_Mobile_19-20-05 - [verifyingFreeDeliveryFilterFunctionality_Mobile_19-20-05]Found the element returning it ,element ->[[ChromeDriver: chrome on windows (ba04e60dcb96c24832e6d6f34bb5758b)] -> xpath: //a[@id='nav-logo-sprites']]
19:20:11 [TestNG-test-Test-3] INFO  verifyingFreeDeliveryFilterFunctionality_Mobile_19-20-05 - [verifyingFreeDeliveryFilterFunctionality_Mobile_19-20-05] Giving input within the search bar
19:20:11 [TestNG-test-Test-3] INFO  verifyingFreeDeliveryFilterFunctionality_Mobile_19-20-05 - [verifyingFreeDeliveryFilterFunctionality_Mobile_19-20-05] Within safeClick method
19:20:15 [TestNG-test-Test-3] INFO  verifyingFreeDeliveryFilterFunctionality_Mobile_19-20-05 - [verifyingFreeDeliveryFilterFunctionality_Mobile_19-20-05] Clicked the  [[ChromeDriver: chrome on windows (ba04e60dcb96c24832e6d6f34bb5758b)] -> xpath: //input[@id='nav-search-submit-button']]   using safeClick
19:20:15 [TestNG-test-Test-3] INFO  verifyingFreeDeliveryFilterFunctionality_Mobile_19-20-05 - [verifyingFreeDeliveryFilterFunctionality_Mobile_19-20-05] Clicking on the submit in the search bar
19:20:15 [TestNG-test-Test-3] INFO  verifyingFreeDeliveryFilterFunctionality_Mobile_19-20-05 - [verifyingFreeDeliveryFilterFunctionality_Mobile_19-20-05] Waiting until element is visible in viewport
19:20:15 [TestNG-test-Test-3] INFO  verifyingFreeDeliveryFilterFunctionality_Mobile_19-20-05 - [verifyingFreeDeliveryFilterFunctionality_Mobile_19-20-05] Within validateDeliveryFilterOptionsWithResult method
19:20:15 [TestNG-test-Test-3] INFO  verifyingFreeDeliveryFilterFunctionality_Mobile_19-20-05 - [verifyingFreeDeliveryFilterFunctionality_Mobile_19-20-05] Within safeClick method
19:20:15 [TestNG-test-Test-3] INFO  verifyingFreeDeliveryFilterFunctionality_Mobile_19-20-05 - [verifyingFreeDeliveryFilterFunctionality_Mobile_19-20-05] Clicked the  [[ChromeDriver: chrome on windows (ba04e60dcb96c24832e6d6f34bb5758b)] -> xpath: //span[@class='a-size-base a-color-base puis-bold-weight-text' and text()='Eligible for Free Delivery']/parent::div/following-sibling::ul//span[@class='a-size-base a-color-base' and text()='Free Shipping']]   using safeClick
19:20:15 [TestNG-test-Test-3] INFO  verifyingFreeDeliveryFilterFunctionality_Mobile_19-20-05 - [verifyingFreeDeliveryFilterFunctionality_Mobile_19-20-05] Within getMoreButtonByFilterTypeAndName method
19:20:16 [TestNG-test-Test-3] INFO  verifyingFreeDeliveryFilterFunctionality_Mobile_19-20-05 - [verifyingFreeDeliveryFilterFunctionality_Mobile_19-20-05] Clicked on By.xpath: //span[@class='a-size-base a-color-base puis-bold-weight-text' and text()='Eligible for Free Delivery']/parent::div/following-sibling::ul//span[@class='a-size-base a-color-base' and text()='Free Shipping']
19:20:16 [TestNG-test-Test-3] INFO  verifyingFreeDeliveryFilterFunctionality_Mobile_19-20-05 - [verifyingFreeDeliveryFilterFunctionality_Mobile_19-20-05] Within safeFindElements 
19:20:16 [TestNG-test-Test-3] INFO  verifyingFreeDeliveryFilterFunctionality_Mobile_19-20-05 - [verifyingFreeDeliveryFilterFunctionality_Mobile_19-20-05] Returning the  [[[ChromeDriver: chrome on windows (ba04e60dcb96c24832e6d6f34bb5758b)] -> xpath: //div[@class='a-section a-spacing-small a-spacing-top-small']], [[ChromeDriver: chrome on windows (ba04e60dcb96c24832e6d6f34bb5758b)] -> xpath: //div[@class='a-section a-spacing-small a-spacing-top-small']], [[ChromeDriver: chrome on windows (ba04e60dcb96c24832e6d6f34bb5758b)] -> xpath: //div[@class='a-section a-spacing-small a-spacing-top-small']]] from the safeFindElements method
19:20:16 [TestNG-test-Test-3] INFO  verifyingFreeDeliveryFilterFunctionality_Mobile_19-20-05 - [verifyingFreeDeliveryFilterFunctionality_Mobile_19-20-05] Created hashset with required data to assert with Within validateDeliveryFilterOptions method
19:20:16 [TestNG-test-Test-3] INFO  verifyingFreeDeliveryFilterFunctionality_Mobile_19-20-05 - [verifyingFreeDeliveryFilterFunctionality_Mobile_19-20-05] this is the set  [11, Aug, Today, Tue, FREE delivery, Mon, Tomorrow, 10]
19:20:16 [TestNG-test-Test-3] INFO  verifyingFreeDeliveryFilterFunctionality_Mobile_19-20-05 - [verifyingFreeDeliveryFilterFunctionality_Mobile_19-20-05] Within deliveryElements loop iterating over the products  Within validateDeliveryFilterOptions method
19:20:16 [TestNG-test-Test-3] INFO  verifyingFreeDeliveryFilterFunctionality_Mobile_19-20-05 - [verifyingFreeDeliveryFilterFunctionality_Mobile_19-20-05] Checking if the allowedDateParts have the assert text   Within validateDeliveryFilterOptions method
19:20:16 [TestNG-test-Test-3] INFO  verifyingFreeDeliveryFilterFunctionality_Mobile_19-20-05 - [verifyingFreeDeliveryFilterFunctionality_Mobile_19-20-05] Within deliveryElements loop iterating over the products  Within validateDeliveryFilterOptions method
19:20:16 [TestNG-test-Test-3] INFO  verifyingFreeDeliveryFilterFunctionality_Mobile_19-20-05 - [verifyingFreeDeliveryFilterFunctionality_Mobile_19-20-05] Checking if the allowedDateParts have the assert text   Within validateDeliveryFilterOptions method
19:20:16 [TestNG-test-Test-3] INFO  verifyingFreeDeliveryFilterFunctionality_Mobile_19-20-05 - [verifyingFreeDeliveryFilterFunctionality_Mobile_19-20-05] Within deliveryElements loop iterating over the products  Within validateDeliveryFilterOptions method
19:20:16 [TestNG-test-Test-3] INFO  verifyingFreeDeliveryFilterFunctionality_Mobile_19-20-05 - [verifyingFreeDeliveryFilterFunctionality_Mobile_19-20-05] Checking if the allowedDateParts have the assert text   Within validateDeliveryFilterOptions method
19:20:16 [TestNG-test-Test-3] INFO  verifyingFreeDeliveryFilterFunctionality_Mobile_19-20-05 - [verifyingFreeDeliveryFilterFunctionality_Mobile_19-20-05] Returning the list with boolean values   Within validateDeliveryFilterOptions method
19:20:16 [TestNG-test-Test-3] INFO  verifyingFreeDeliveryFilterFunctionality_Mobile_19-20-05 - [verifyingFreeDeliveryFilterFunctionality_Mobile_19-20-05] Asserting delivery filter: isValid=true, index=-1, text=All the things are valid no errors
