23:05:03 [TestNG-test-Test-3] INFO  verifyingGetItIn2DaysFilterFunctionality_Tablet_23-05-03 - No existing WebDriver found for current thread. Initializing a new ChromeDriver...
23:05:03 [TestNG-test-Test-3] INFO  verifyingGetItIn2DaysFilterFunctionality_Tablet_23-05-03 - WebDriverManager: chromedriver setup OK
23:05:05 [TestNG-test-Test-3] INFO  verifyingGetItIn2DaysFilterFunctionality_Tablet_23-05-03 - ChromeDriver initialized successfully for thread: 36
23:05:05 [TestNG-test-Test-3] INFO  verifyingGetItIn2DaysFilterFunctionality_Tablet_23-05-03 - [verifyingGetItIn2DaysFilterFunctionality_Tablet_23-05-03] Opening amazon Landing page
23:05:05 [TestNG-test-Test-3] INFO  verifyingGetItIn2DaysFilterFunctionality_Tablet_23-05-03 - [verifyingGetItIn2DaysFilterFunctionality_Tablet_23-05-03] Within safeFindElement method
23:05:10 [TestNG-test-Test-3] INFO  verifyingGetItIn2DaysFilterFunctionality_Tablet_23-05-03 - [verifyingGetItIn2DaysFilterFunctionality_Tablet_23-05-03]Retrying findElement for: ->By.xpath: //a[@id='nav-logo-sprites']
23:05:11 [TestNG-test-Test-3] INFO  verifyingGetItIn2DaysFilterFunctionality_Tablet_23-05-03 - [verifyingGetItIn2DaysFilterFunctionality_Tablet_23-05-03]Refrehsing the page , while trying to safely find : ->By.xpath: //a[@id='nav-logo-sprites']
23:05:11 [TestNG-test-Test-3] INFO  verifyingGetItIn2DaysFilterFunctionality_Tablet_23-05-03 - [verifyingGetItIn2DaysFilterFunctionality_Tablet_23-05-03]Found the element returning it ,element ->[[ChromeDriver: chrome on windows (9562b95530963ef0ccf39da8c6651351)] -> xpath: //a[@id='nav-logo-sprites']]
23:05:11 [TestNG-test-Test-3] INFO  verifyingGetItIn2DaysFilterFunctionality_Tablet_23-05-03 - [verifyingGetItIn2DaysFilterFunctionality_Tablet_23-05-03] Giving input within the search bar
23:05:11 [TestNG-test-Test-3] INFO  verifyingGetItIn2DaysFilterFunctionality_Tablet_23-05-03 - [verifyingGetItIn2DaysFilterFunctionality_Tablet_23-05-03] Within safeClick method
23:05:11 [TestNG-test-Test-3] INFO  verifyingGetItIn2DaysFilterFunctionality_Tablet_23-05-03 - [verifyingGetItIn2DaysFilterFunctionality_Tablet_23-05-03] Clicked the  [[ChromeDriver: chrome on windows (9562b95530963ef0ccf39da8c6651351)] -> xpath: //input[@id='nav-search-submit-button']]   using safeClick
23:05:11 [TestNG-test-Test-3] INFO  verifyingGetItIn2DaysFilterFunctionality_Tablet_23-05-03 - [verifyingGetItIn2DaysFilterFunctionality_Tablet_23-05-03] Clicking on the submit in the search bar
23:05:13 [TestNG-test-Test-3] INFO  verifyingGetItIn2DaysFilterFunctionality_Tablet_23-05-03 - [verifyingGetItIn2DaysFilterFunctionality_Tablet_23-05-03] Waiting until element is visible in viewport
23:05:13 [TestNG-test-Test-3] INFO  verifyingGetItIn2DaysFilterFunctionality_Tablet_23-05-03 - [verifyingGetItIn2DaysFilterFunctionality_Tablet_23-05-03] Within validateDeliveryFilterOptionsWithResult method
23:05:13 [TestNG-test-Test-3] INFO  verifyingGetItIn2DaysFilterFunctionality_Tablet_23-05-03 - [verifyingGetItIn2DaysFilterFunctionality_Tablet_23-05-03] Within safeClick method
23:05:13 [TestNG-test-Test-3] INFO  verifyingGetItIn2DaysFilterFunctionality_Tablet_23-05-03 - [verifyingGetItIn2DaysFilterFunctionality_Tablet_23-05-03] Clicked the  [[ChromeDriver: chrome on windows (9562b95530963ef0ccf39da8c6651351)] -> xpath: //span[@class='a-size-base a-color-base puis-bold-weight-text' and text()='Delivery Day']/parent::div/following-sibling::ul//span[@class='a-size-base a-color-base' and text()='Get It in 2 Days']]   using safeClick
23:05:13 [TestNG-test-Test-3] INFO  verifyingGetItIn2DaysFilterFunctionality_Tablet_23-05-03 - [verifyingGetItIn2DaysFilterFunctionality_Tablet_23-05-03] Within getMoreButtonByFilterTypeAndName method
23:05:13 [TestNG-test-Test-3] INFO  verifyingGetItIn2DaysFilterFunctionality_Tablet_23-05-03 - [verifyingGetItIn2DaysFilterFunctionality_Tablet_23-05-03] Clicked on By.xpath: //span[@class='a-size-base a-color-base puis-bold-weight-text' and text()='Delivery Day']/parent::div/following-sibling::ul//span[@class='a-size-base a-color-base' and text()='Get It in 2 Days']
23:05:13 [TestNG-test-Test-3] INFO  verifyingGetItIn2DaysFilterFunctionality_Tablet_23-05-03 - [verifyingGetItIn2DaysFilterFunctionality_Tablet_23-05-03] Within safeFindElements 
23:05:14 [TestNG-test-Test-3] INFO  verifyingGetItIn2DaysFilterFunctionality_Tablet_23-05-03 - [verifyingGetItIn2DaysFilterFunctionality_Tablet_23-05-03] Returning the  [[[ChromeDriver: chrome on windows (9562b95530963ef0ccf39da8c6651351)] -> xpath: //div[@class='a-section a-spacing-small a-spacing-top-small']], [[ChromeDriver: chrome on windows (9562b95530963ef0ccf39da8c6651351)] -> xpath: //div[@class='a-section a-spacing-small a-spacing-top-small']], [[ChromeDriver: chrome on windows (9562b95530963ef0ccf39da8c6651351)] -> xpath: //div[@class='a-section a-spacing-small a-spacing-top-small']], [[ChromeDriver: chrome on windows (9562b95530963ef0ccf39da8c6651351)] -> xpath: //div[@class='a-section a-spacing-small a-spacing-top-small']], [[ChromeDriver: chrome on windows (9562b95530963ef0ccf39da8c6651351)] -> xpath: //div[@class='a-section a-spacing-small a-spacing-top-small']], [[ChromeDriver: chrome on windows (9562b95530963ef0ccf39da8c6651351)] -> xpath: //div[@class='a-section a-spacing-small a-spacing-top-small']], [[ChromeDriver: chrome on windows (9562b95530963ef0ccf39da8c6651351)] -> xpath: //div[@class='a-section a-spacing-small a-spacing-top-small']], [[ChromeDriver: chrome on windows (9562b95530963ef0ccf39da8c6651351)] -> xpath: //div[@class='a-section a-spacing-small a-spacing-top-small']], [[ChromeDriver: chrome on windows (9562b95530963ef0ccf39da8c6651351)] -> xpath: //div[@class='a-section a-spacing-small a-spacing-top-small']], [[ChromeDriver: chrome on windows (9562b95530963ef0ccf39da8c6651351)] -> xpath: //div[@class='a-section a-spacing-small a-spacing-top-small']], [[ChromeDriver: chrome on windows (9562b95530963ef0ccf39da8c6651351)] -> xpath: //div[@class='a-section a-spacing-small a-spacing-top-small']], [[ChromeDriver: chrome on windows (9562b95530963ef0ccf39da8c6651351)] -> xpath: //div[@class='a-section a-spacing-small a-spacing-top-small']], [[ChromeDriver: chrome on windows (9562b95530963ef0ccf39da8c6651351)] -> xpath: //div[@class='a-section a-spacing-small a-spacing-top-small']], [[ChromeDriver: chrome on windows (9562b95530963ef0ccf39da8c6651351)] -> xpath: //div[@class='a-section a-spacing-small a-spacing-top-small']], [[ChromeDriver: chrome on windows (9562b95530963ef0ccf39da8c6651351)] -> xpath: //div[@class='a-section a-spacing-small a-spacing-top-small']], [[ChromeDriver: chrome on windows (9562b95530963ef0ccf39da8c6651351)] -> xpath: //div[@class='a-section a-spacing-small a-spacing-top-small']]] from the safeFindElements method
23:05:14 [TestNG-test-Test-3] INFO  verifyingGetItIn2DaysFilterFunctionality_Tablet_23-05-03 - [verifyingGetItIn2DaysFilterFunctionality_Tablet_23-05-03] Created hashset with required data to assert with Within validateDeliveryFilterOptions method
23:05:14 [TestNG-test-Test-3] INFO  verifyingGetItIn2DaysFilterFunctionality_Tablet_23-05-03 - [verifyingGetItIn2DaysFilterFunctionality_Tablet_23-05-03] this is the set  [Thu, Aug, Today, FREE delivery, 06, 07, Fri, Tomorrow]
23:05:14 [TestNG-test-Test-3] INFO  verifyingGetItIn2DaysFilterFunctionality_Tablet_23-05-03 - [verifyingGetItIn2DaysFilterFunctionality_Tablet_23-05-03] Within deliveryElements loop iterating over the products  Within validateDeliveryFilterOptions method
23:05:14 [TestNG-test-Test-3] INFO  verifyingGetItIn2DaysFilterFunctionality_Tablet_23-05-03 - [verifyingGetItIn2DaysFilterFunctionality_Tablet_23-05-03] Checking if the allowedDateParts have the assert text   Within validateDeliveryFilterOptions method
23:05:14 [TestNG-test-Test-3] INFO  verifyingGetItIn2DaysFilterFunctionality_Tablet_23-05-03 - [verifyingGetItIn2DaysFilterFunctionality_Tablet_23-05-03] Within deliveryElements loop iterating over the products  Within validateDeliveryFilterOptions method
23:05:14 [TestNG-test-Test-3] INFO  verifyingGetItIn2DaysFilterFunctionality_Tablet_23-05-03 - [verifyingGetItIn2DaysFilterFunctionality_Tablet_23-05-03] Checking if the allowedDateParts have the assert text   Within validateDeliveryFilterOptions method
23:05:14 [TestNG-test-Test-3] INFO  verifyingGetItIn2DaysFilterFunctionality_Tablet_23-05-03 - [verifyingGetItIn2DaysFilterFunctionality_Tablet_23-05-03] Within deliveryElements loop iterating over the products  Within validateDeliveryFilterOptions method
23:05:14 [TestNG-test-Test-3] INFO  verifyingGetItIn2DaysFilterFunctionality_Tablet_23-05-03 - [verifyingGetItIn2DaysFilterFunctionality_Tablet_23-05-03] Checking if the allowedDateParts have the assert text   Within validateDeliveryFilterOptions method
23:05:14 [TestNG-test-Test-3] INFO  verifyingGetItIn2DaysFilterFunctionality_Tablet_23-05-03 - [verifyingGetItIn2DaysFilterFunctionality_Tablet_23-05-03] Within deliveryElements loop iterating over the products  Within validateDeliveryFilterOptions method
23:05:14 [TestNG-test-Test-3] INFO  verifyingGetItIn2DaysFilterFunctionality_Tablet_23-05-03 - [verifyingGetItIn2DaysFilterFunctionality_Tablet_23-05-03] Checking if the allowedDateParts have the assert text   Within validateDeliveryFilterOptions method
23:05:14 [TestNG-test-Test-3] INFO  verifyingGetItIn2DaysFilterFunctionality_Tablet_23-05-03 - [verifyingGetItIn2DaysFilterFunctionality_Tablet_23-05-03] Within deliveryElements loop iterating over the products  Within validateDeliveryFilterOptions method
23:05:14 [TestNG-test-Test-3] INFO  verifyingGetItIn2DaysFilterFunctionality_Tablet_23-05-03 - [verifyingGetItIn2DaysFilterFunctionality_Tablet_23-05-03] Checking if the allowedDateParts have the assert text   Within validateDeliveryFilterOptions method
23:05:14 [TestNG-test-Test-3] INFO  verifyingGetItIn2DaysFilterFunctionality_Tablet_23-05-03 - [verifyingGetItIn2DaysFilterFunctionality_Tablet_23-05-03] Within deliveryElements loop iterating over the products  Within validateDeliveryFilterOptions method
23:05:14 [TestNG-test-Test-3] INFO  verifyingGetItIn2DaysFilterFunctionality_Tablet_23-05-03 - [verifyingGetItIn2DaysFilterFunctionality_Tablet_23-05-03] Checking if the allowedDateParts have the assert text   Within validateDeliveryFilterOptions method
23:05:14 [TestNG-test-Test-3] INFO  verifyingGetItIn2DaysFilterFunctionality_Tablet_23-05-03 - [verifyingGetItIn2DaysFilterFunctionality_Tablet_23-05-03] Within deliveryElements loop iterating over the products  Within validateDeliveryFilterOptions method
23:05:14 [TestNG-test-Test-3] INFO  verifyingGetItIn2DaysFilterFunctionality_Tablet_23-05-03 - [verifyingGetItIn2DaysFilterFunctionality_Tablet_23-05-03] Checking if the allowedDateParts have the assert text   Within validateDeliveryFilterOptions method
23:05:14 [TestNG-test-Test-3] INFO  verifyingGetItIn2DaysFilterFunctionality_Tablet_23-05-03 - [verifyingGetItIn2DaysFilterFunctionality_Tablet_23-05-03] Within deliveryElements loop iterating over the products  Within validateDeliveryFilterOptions method
23:05:14 [TestNG-test-Test-3] INFO  verifyingGetItIn2DaysFilterFunctionality_Tablet_23-05-03 - [verifyingGetItIn2DaysFilterFunctionality_Tablet_23-05-03] Checking if the allowedDateParts have the assert text   Within validateDeliveryFilterOptions method
23:05:14 [TestNG-test-Test-3] INFO  verifyingGetItIn2DaysFilterFunctionality_Tablet_23-05-03 - [verifyingGetItIn2DaysFilterFunctionality_Tablet_23-05-03] Within deliveryElements loop iterating over the products  Within validateDeliveryFilterOptions method
23:05:14 [TestNG-test-Test-3] INFO  verifyingGetItIn2DaysFilterFunctionality_Tablet_23-05-03 - [verifyingGetItIn2DaysFilterFunctionality_Tablet_23-05-03] Checking if the allowedDateParts have the assert text   Within validateDeliveryFilterOptions method
23:05:14 [TestNG-test-Test-3] INFO  verifyingGetItIn2DaysFilterFunctionality_Tablet_23-05-03 - [verifyingGetItIn2DaysFilterFunctionality_Tablet_23-05-03] Within deliveryElements loop iterating over the products  Within validateDeliveryFilterOptions method
23:05:14 [TestNG-test-Test-3] INFO  verifyingGetItIn2DaysFilterFunctionality_Tablet_23-05-03 - [verifyingGetItIn2DaysFilterFunctionality_Tablet_23-05-03] Checking if the allowedDateParts have the assert text   Within validateDeliveryFilterOptions method
23:05:14 [TestNG-test-Test-3] INFO  verifyingGetItIn2DaysFilterFunctionality_Tablet_23-05-03 - [verifyingGetItIn2DaysFilterFunctionality_Tablet_23-05-03] Within deliveryElements loop iterating over the products  Within validateDeliveryFilterOptions method
23:05:14 [TestNG-test-Test-3] INFO  verifyingGetItIn2DaysFilterFunctionality_Tablet_23-05-03 - [verifyingGetItIn2DaysFilterFunctionality_Tablet_23-05-03] Checking if the allowedDateParts have the assert text   Within validateDeliveryFilterOptions method
23:05:14 [TestNG-test-Test-3] INFO  verifyingGetItIn2DaysFilterFunctionality_Tablet_23-05-03 - [verifyingGetItIn2DaysFilterFunctionality_Tablet_23-05-03] Within deliveryElements loop iterating over the products  Within validateDeliveryFilterOptions method
23:05:14 [TestNG-test-Test-3] INFO  verifyingGetItIn2DaysFilterFunctionality_Tablet_23-05-03 - [verifyingGetItIn2DaysFilterFunctionality_Tablet_23-05-03] Checking if the allowedDateParts have the assert text   Within validateDeliveryFilterOptions method
23:05:14 [TestNG-test-Test-3] INFO  verifyingGetItIn2DaysFilterFunctionality_Tablet_23-05-03 - [verifyingGetItIn2DaysFilterFunctionality_Tablet_23-05-03] Within deliveryElements loop iterating over the products  Within validateDeliveryFilterOptions method
23:05:14 [TestNG-test-Test-3] INFO  verifyingGetItIn2DaysFilterFunctionality_Tablet_23-05-03 - [verifyingGetItIn2DaysFilterFunctionality_Tablet_23-05-03] Checking if the allowedDateParts have the assert text   Within validateDeliveryFilterOptions method
23:05:14 [TestNG-test-Test-3] INFO  verifyingGetItIn2DaysFilterFunctionality_Tablet_23-05-03 - [verifyingGetItIn2DaysFilterFunctionality_Tablet_23-05-03] Within deliveryElements loop iterating over the products  Within validateDeliveryFilterOptions method
23:05:14 [TestNG-test-Test-3] INFO  verifyingGetItIn2DaysFilterFunctionality_Tablet_23-05-03 - [verifyingGetItIn2DaysFilterFunctionality_Tablet_23-05-03] Checking if the allowedDateParts have the assert text   Within validateDeliveryFilterOptions method
23:05:14 [TestNG-test-Test-3] INFO  verifyingGetItIn2DaysFilterFunctionality_Tablet_23-05-03 - [verifyingGetItIn2DaysFilterFunctionality_Tablet_23-05-03] Within deliveryElements loop iterating over the products  Within validateDeliveryFilterOptions method
23:05:14 [TestNG-test-Test-3] INFO  verifyingGetItIn2DaysFilterFunctionality_Tablet_23-05-03 - [verifyingGetItIn2DaysFilterFunctionality_Tablet_23-05-03] Checking if the allowedDateParts have the assert text   Within validateDeliveryFilterOptions method
23:05:14 [TestNG-test-Test-3] INFO  verifyingGetItIn2DaysFilterFunctionality_Tablet_23-05-03 - [verifyingGetItIn2DaysFilterFunctionality_Tablet_23-05-03] Within deliveryElements loop iterating over the products  Within validateDeliveryFilterOptions method
23:05:14 [TestNG-test-Test-3] INFO  verifyingGetItIn2DaysFilterFunctionality_Tablet_23-05-03 - [verifyingGetItIn2DaysFilterFunctionality_Tablet_23-05-03] Checking if the allowedDateParts have the assert text   Within validateDeliveryFilterOptions method
23:05:14 [TestNG-test-Test-3] INFO  verifyingGetItIn2DaysFilterFunctionality_Tablet_23-05-03 - [verifyingGetItIn2DaysFilterFunctionality_Tablet_23-05-03] Returning the list with boolean values   Within validateDeliveryFilterOptions method
23:05:14 [TestNG-test-Test-3] INFO  verifyingGetItIn2DaysFilterFunctionality_Tablet_23-05-03 - [verifyingGetItIn2DaysFilterFunctionality_Tablet_23-05-03] Asserting delivery filter: isValid=true, index=-1, text=All the things are valid no errors
