19:25:51 [TestNG-test-Test-3] INFO  verifyingFreeDeliveryFilterFunctionality_Tablet_19-25-51 - No existing WebDriver found for current thread. Initializing a new ChromeDriver...
19:25:51 [TestNG-test-Test-3] INFO  verifyingFreeDeliveryFilterFunctionality_Tablet_19-25-51 - WebDriverManager: chromedriver setup OK
19:25:53 [TestNG-test-Test-3] INFO  verifyingFreeDeliveryFilterFunctionality_Tablet_19-25-51 - ChromeDriver initialized successfully for thread: 36
19:25:55 [TestNG-test-Test-3] INFO  verifyingFreeDeliveryFilterFunctionality_Tablet_19-25-51 - [verifyingFreeDeliveryFilterFunctionality_Tablet_19-25-51] Opening amazon Landing page
19:25:55 [TestNG-test-Test-3] INFO  verifyingFreeDeliveryFilterFunctionality_Tablet_19-25-51 - [verifyingFreeDeliveryFilterFunctionality_Tablet_19-25-51] Within safeFindElement method
19:25:57 [TestNG-test-Test-3] INFO  verifyingFreeDeliveryFilterFunctionality_Tablet_19-25-51 - [verifyingFreeDeliveryFilterFunctionality_Tablet_19-25-51]Found the element returning it ,element ->[[ChromeDriver: chrome on windows (5d632d2daf73961cc4634ed01592577c)] -> xpath: //a[@id='nav-logo-sprites']]
19:25:58 [TestNG-test-Test-3] INFO  verifyingFreeDeliveryFilterFunctionality_Tablet_19-25-51 - [verifyingFreeDeliveryFilterFunctionality_Tablet_19-25-51] Giving input within the search bar
19:25:58 [TestNG-test-Test-3] INFO  verifyingFreeDeliveryFilterFunctionality_Tablet_19-25-51 - [verifyingFreeDeliveryFilterFunctionality_Tablet_19-25-51] Within safeClick method
19:26:00 [TestNG-test-Test-3] INFO  verifyingFreeDeliveryFilterFunctionality_Tablet_19-25-51 - [verifyingFreeDeliveryFilterFunctionality_Tablet_19-25-51] Clicked the  [[ChromeDriver: chrome on windows (5d632d2daf73961cc4634ed01592577c)] -> xpath: //input[@id='nav-search-submit-button']]   using safeClick
19:26:00 [TestNG-test-Test-3] INFO  verifyingFreeDeliveryFilterFunctionality_Tablet_19-25-51 - [verifyingFreeDeliveryFilterFunctionality_Tablet_19-25-51] Clicking on the submit in the search bar
19:26:01 [TestNG-test-Test-3] INFO  verifyingFreeDeliveryFilterFunctionality_Tablet_19-25-51 - [verifyingFreeDeliveryFilterFunctionality_Tablet_19-25-51] Waiting until element is visible in viewport
19:26:01 [TestNG-test-Test-3] INFO  verifyingFreeDeliveryFilterFunctionality_Tablet_19-25-51 - [verifyingFreeDeliveryFilterFunctionality_Tablet_19-25-51] Within validateDeliveryFilterOptionsWithResult method
19:26:01 [TestNG-test-Test-3] INFO  verifyingFreeDeliveryFilterFunctionality_Tablet_19-25-51 - [verifyingFreeDeliveryFilterFunctionality_Tablet_19-25-51] Within safeClick method
19:26:01 [TestNG-test-Test-3] INFO  verifyingFreeDeliveryFilterFunctionality_Tablet_19-25-51 - [verifyingFreeDeliveryFilterFunctionality_Tablet_19-25-51] Clicked the  [[ChromeDriver: chrome on windows (5d632d2daf73961cc4634ed01592577c)] -> xpath: //span[@class='a-size-base a-color-base puis-bold-weight-text' and text()='Eligible for Free Delivery']/parent::div/following-sibling::ul//span[@class='a-size-base a-color-base' and text()='Free Shipping']]   using safeClick
19:26:01 [TestNG-test-Test-3] INFO  verifyingFreeDeliveryFilterFunctionality_Tablet_19-25-51 - [verifyingFreeDeliveryFilterFunctionality_Tablet_19-25-51] Within getMoreButtonByFilterTypeAndName method
19:26:01 [TestNG-test-Test-3] INFO  verifyingFreeDeliveryFilterFunctionality_Tablet_19-25-51 - [verifyingFreeDeliveryFilterFunctionality_Tablet_19-25-51] Clicked on By.xpath: //span[@class='a-size-base a-color-base puis-bold-weight-text' and text()='Eligible for Free Delivery']/parent::div/following-sibling::ul//span[@class='a-size-base a-color-base' and text()='Free Shipping']
19:26:01 [TestNG-test-Test-3] INFO  verifyingFreeDeliveryFilterFunctionality_Tablet_19-25-51 - [verifyingFreeDeliveryFilterFunctionality_Tablet_19-25-51] Within safeFindElements 
19:26:02 [TestNG-test-Test-3] INFO  verifyingFreeDeliveryFilterFunctionality_Tablet_19-25-51 - [verifyingFreeDeliveryFilterFunctionality_Tablet_19-25-51] Returning the  [[[ChromeDriver: chrome on windows (5d632d2daf73961cc4634ed01592577c)] -> xpath: //div[@class='a-section a-spacing-small a-spacing-top-small']], [[ChromeDriver: chrome on windows (5d632d2daf73961cc4634ed01592577c)] -> xpath: //div[@class='a-section a-spacing-small a-spacing-top-small']], [[ChromeDriver: chrome on windows (5d632d2daf73961cc4634ed01592577c)] -> xpath: //div[@class='a-section a-spacing-small a-spacing-top-small']], [[ChromeDriver: chrome on windows (5d632d2daf73961cc4634ed01592577c)] -> xpath: //div[@class='a-section a-spacing-small a-spacing-top-small']], [[ChromeDriver: chrome on windows (5d632d2daf73961cc4634ed01592577c)] -> xpath: //div[@class='a-section a-spacing-small a-spacing-top-small']], [[ChromeDriver: chrome on windows (5d632d2daf73961cc4634ed01592577c)] -> xpath: //div[@class='a-section a-spacing-small a-spacing-top-small']], [[ChromeDriver: chrome on windows (5d632d2daf73961cc4634ed01592577c)] -> xpath: //div[@class='a-section a-spacing-small a-spacing-top-small']], [[ChromeDriver: chrome on windows (5d632d2daf73961cc4634ed01592577c)] -> xpath: //div[@class='a-section a-spacing-small a-spacing-top-small']], [[ChromeDriver: chrome on windows (5d632d2daf73961cc4634ed01592577c)] -> xpath: //div[@class='a-section a-spacing-small a-spacing-top-small']], [[ChromeDriver: chrome on windows (5d632d2daf73961cc4634ed01592577c)] -> xpath: //div[@class='a-section a-spacing-small a-spacing-top-small']], [[ChromeDriver: chrome on windows (5d632d2daf73961cc4634ed01592577c)] -> xpath: //div[@class='a-section a-spacing-small a-spacing-top-small']], [[ChromeDriver: chrome on windows (5d632d2daf73961cc4634ed01592577c)] -> xpath: //div[@class='a-section a-spacing-small a-spacing-top-small']], [[ChromeDriver: chrome on windows (5d632d2daf73961cc4634ed01592577c)] -> xpath: //div[@class='a-section a-spacing-small a-spacing-top-small']], [[ChromeDriver: chrome on windows (5d632d2daf73961cc4634ed01592577c)] -> xpath: //div[@class='a-section a-spacing-small a-spacing-top-small']], [[ChromeDriver: chrome on windows (5d632d2daf73961cc4634ed01592577c)] -> xpath: //div[@class='a-section a-spacing-small a-spacing-top-small']], [[ChromeDriver: chrome on windows (5d632d2daf73961cc4634ed01592577c)] -> xpath: //div[@class='a-section a-spacing-small a-spacing-top-small']]] from the safeFindElements method
19:26:02 [TestNG-test-Test-3] INFO  verifyingFreeDeliveryFilterFunctionality_Tablet_19-25-51 - [verifyingFreeDeliveryFilterFunctionality_Tablet_19-25-51] Created hashset with required data to assert with Within validateDeliveryFilterOptions method
19:26:02 [TestNG-test-Test-3] INFO  verifyingFreeDeliveryFilterFunctionality_Tablet_19-25-51 - [verifyingFreeDeliveryFilterFunctionality_Tablet_19-25-51] this is the set  [Jul, Today, 25, 26, FREE delivery, Sat, Sun, Tomorrow]
19:26:02 [TestNG-test-Test-3] INFO  verifyingFreeDeliveryFilterFunctionality_Tablet_19-25-51 - [verifyingFreeDeliveryFilterFunctionality_Tablet_19-25-51] Within deliveryElements loop iterating over the products  Within validateDeliveryFilterOptions method
19:26:02 [TestNG-test-Test-3] INFO  verifyingFreeDeliveryFilterFunctionality_Tablet_19-25-51 - [verifyingFreeDeliveryFilterFunctionality_Tablet_19-25-51] Checking if the allowedDateParts have the assert text   Within validateDeliveryFilterOptions method
19:26:02 [TestNG-test-Test-3] INFO  verifyingFreeDeliveryFilterFunctionality_Tablet_19-25-51 - [verifyingFreeDeliveryFilterFunctionality_Tablet_19-25-51] Within deliveryElements loop iterating over the products  Within validateDeliveryFilterOptions method
19:26:02 [TestNG-test-Test-3] INFO  verifyingFreeDeliveryFilterFunctionality_Tablet_19-25-51 - [verifyingFreeDeliveryFilterFunctionality_Tablet_19-25-51] Checking if the allowedDateParts have the assert text   Within validateDeliveryFilterOptions method
19:26:02 [TestNG-test-Test-3] INFO  verifyingFreeDeliveryFilterFunctionality_Tablet_19-25-51 - [verifyingFreeDeliveryFilterFunctionality_Tablet_19-25-51] Within deliveryElements loop iterating over the products  Within validateDeliveryFilterOptions method
19:26:02 [TestNG-test-Test-3] INFO  verifyingFreeDeliveryFilterFunctionality_Tablet_19-25-51 - [verifyingFreeDeliveryFilterFunctionality_Tablet_19-25-51] Checking if the allowedDateParts have the assert text   Within validateDeliveryFilterOptions method
19:26:02 [TestNG-test-Test-3] INFO  verifyingFreeDeliveryFilterFunctionality_Tablet_19-25-51 - [verifyingFreeDeliveryFilterFunctionality_Tablet_19-25-51] Within deliveryElements loop iterating over the products  Within validateDeliveryFilterOptions method
19:26:02 [TestNG-test-Test-3] INFO  verifyingFreeDeliveryFilterFunctionality_Tablet_19-25-51 - [verifyingFreeDeliveryFilterFunctionality_Tablet_19-25-51] Checking if the allowedDateParts have the assert text   Within validateDeliveryFilterOptions method
19:26:02 [TestNG-test-Test-3] INFO  verifyingFreeDeliveryFilterFunctionality_Tablet_19-25-51 - [verifyingFreeDeliveryFilterFunctionality_Tablet_19-25-51] Within deliveryElements loop iterating over the products  Within validateDeliveryFilterOptions method
19:26:02 [TestNG-test-Test-3] INFO  verifyingFreeDeliveryFilterFunctionality_Tablet_19-25-51 - [verifyingFreeDeliveryFilterFunctionality_Tablet_19-25-51] Checking if the allowedDateParts have the assert text   Within validateDeliveryFilterOptions method
19:26:02 [TestNG-test-Test-3] INFO  verifyingFreeDeliveryFilterFunctionality_Tablet_19-25-51 - [verifyingFreeDeliveryFilterFunctionality_Tablet_19-25-51] Within deliveryElements loop iterating over the products  Within validateDeliveryFilterOptions method
19:26:03 [TestNG-test-Test-3] INFO  verifyingFreeDeliveryFilterFunctionality_Tablet_19-25-51 - [verifyingFreeDeliveryFilterFunctionality_Tablet_19-25-51] Checking if the allowedDateParts have the assert text   Within validateDeliveryFilterOptions method
19:26:03 [TestNG-test-Test-3] INFO  verifyingFreeDeliveryFilterFunctionality_Tablet_19-25-51 - [verifyingFreeDeliveryFilterFunctionality_Tablet_19-25-51] Within deliveryElements loop iterating over the products  Within validateDeliveryFilterOptions method
19:26:03 [TestNG-test-Test-3] INFO  verifyingFreeDeliveryFilterFunctionality_Tablet_19-25-51 - [verifyingFreeDeliveryFilterFunctionality_Tablet_19-25-51] Checking if the allowedDateParts have the assert text   Within validateDeliveryFilterOptions method
19:26:03 [TestNG-test-Test-3] INFO  verifyingFreeDeliveryFilterFunctionality_Tablet_19-25-51 - [verifyingFreeDeliveryFilterFunctionality_Tablet_19-25-51] Within deliveryElements loop iterating over the products  Within validateDeliveryFilterOptions method
19:26:03 [TestNG-test-Test-3] INFO  verifyingFreeDeliveryFilterFunctionality_Tablet_19-25-51 - [verifyingFreeDeliveryFilterFunctionality_Tablet_19-25-51] Checking if the allowedDateParts have the assert text   Within validateDeliveryFilterOptions method
19:26:03 [TestNG-test-Test-3] INFO  verifyingFreeDeliveryFilterFunctionality_Tablet_19-25-51 - [verifyingFreeDeliveryFilterFunctionality_Tablet_19-25-51] Within deliveryElements loop iterating over the products  Within validateDeliveryFilterOptions method
19:26:03 [TestNG-test-Test-3] INFO  verifyingFreeDeliveryFilterFunctionality_Tablet_19-25-51 - [verifyingFreeDeliveryFilterFunctionality_Tablet_19-25-51] Checking if the allowedDateParts have the assert text   Within validateDeliveryFilterOptions method
19:26:03 [TestNG-test-Test-3] INFO  verifyingFreeDeliveryFilterFunctionality_Tablet_19-25-51 - [verifyingFreeDeliveryFilterFunctionality_Tablet_19-25-51] Within deliveryElements loop iterating over the products  Within validateDeliveryFilterOptions method
19:26:03 [TestNG-test-Test-3] INFO  verifyingFreeDeliveryFilterFunctionality_Tablet_19-25-51 - [verifyingFreeDeliveryFilterFunctionality_Tablet_19-25-51] Checking if the allowedDateParts have the assert text   Within validateDeliveryFilterOptions method
19:26:03 [TestNG-test-Test-3] INFO  verifyingFreeDeliveryFilterFunctionality_Tablet_19-25-51 - [verifyingFreeDeliveryFilterFunctionality_Tablet_19-25-51] Within deliveryElements loop iterating over the products  Within validateDeliveryFilterOptions method
19:26:03 [TestNG-test-Test-3] INFO  verifyingFreeDeliveryFilterFunctionality_Tablet_19-25-51 - [verifyingFreeDeliveryFilterFunctionality_Tablet_19-25-51] Checking if the allowedDateParts have the assert text   Within validateDeliveryFilterOptions method
19:26:03 [TestNG-test-Test-3] INFO  verifyingFreeDeliveryFilterFunctionality_Tablet_19-25-51 - [verifyingFreeDeliveryFilterFunctionality_Tablet_19-25-51] Within deliveryElements loop iterating over the products  Within validateDeliveryFilterOptions method
19:26:03 [TestNG-test-Test-3] INFO  verifyingFreeDeliveryFilterFunctionality_Tablet_19-25-51 - [verifyingFreeDeliveryFilterFunctionality_Tablet_19-25-51] Checking if the allowedDateParts have the assert text   Within validateDeliveryFilterOptions method
19:26:03 [TestNG-test-Test-3] INFO  verifyingFreeDeliveryFilterFunctionality_Tablet_19-25-51 - [verifyingFreeDeliveryFilterFunctionality_Tablet_19-25-51] Within deliveryElements loop iterating over the products  Within validateDeliveryFilterOptions method
19:26:03 [TestNG-test-Test-3] INFO  verifyingFreeDeliveryFilterFunctionality_Tablet_19-25-51 - [verifyingFreeDeliveryFilterFunctionality_Tablet_19-25-51] Checking if the allowedDateParts have the assert text   Within validateDeliveryFilterOptions method
19:26:03 [TestNG-test-Test-3] INFO  verifyingFreeDeliveryFilterFunctionality_Tablet_19-25-51 - [verifyingFreeDeliveryFilterFunctionality_Tablet_19-25-51] Within deliveryElements loop iterating over the products  Within validateDeliveryFilterOptions method
19:26:03 [TestNG-test-Test-3] INFO  verifyingFreeDeliveryFilterFunctionality_Tablet_19-25-51 - [verifyingFreeDeliveryFilterFunctionality_Tablet_19-25-51] Checking if the allowedDateParts have the assert text   Within validateDeliveryFilterOptions method
19:26:03 [TestNG-test-Test-3] INFO  verifyingFreeDeliveryFilterFunctionality_Tablet_19-25-51 - [verifyingFreeDeliveryFilterFunctionality_Tablet_19-25-51] Within deliveryElements loop iterating over the products  Within validateDeliveryFilterOptions method
19:26:03 [TestNG-test-Test-3] INFO  verifyingFreeDeliveryFilterFunctionality_Tablet_19-25-51 - [verifyingFreeDeliveryFilterFunctionality_Tablet_19-25-51] Checking if the allowedDateParts have the assert text   Within validateDeliveryFilterOptions method
19:26:03 [TestNG-test-Test-3] INFO  verifyingFreeDeliveryFilterFunctionality_Tablet_19-25-51 - [verifyingFreeDeliveryFilterFunctionality_Tablet_19-25-51] Within deliveryElements loop iterating over the products  Within validateDeliveryFilterOptions method
19:26:03 [TestNG-test-Test-3] INFO  verifyingFreeDeliveryFilterFunctionality_Tablet_19-25-51 - [verifyingFreeDeliveryFilterFunctionality_Tablet_19-25-51] Checking if the allowedDateParts have the assert text   Within validateDeliveryFilterOptions method
19:26:03 [TestNG-test-Test-3] INFO  verifyingFreeDeliveryFilterFunctionality_Tablet_19-25-51 - [verifyingFreeDeliveryFilterFunctionality_Tablet_19-25-51] Returning the list with boolean values   Within validateDeliveryFilterOptions method
19:26:03 [TestNG-test-Test-3] INFO  verifyingFreeDeliveryFilterFunctionality_Tablet_19-25-51 - [verifyingFreeDeliveryFilterFunctionality_Tablet_19-25-51] Asserting delivery filter: isValid=true, index=-1, text=All the things are valid no errors
