17:46:17 [TestNG-test-Test-1] INFO  verifyingDisplayTypeFilterFunctionality_Tablet_17-46-17 - No existing WebDriver found for current thread. Initializing a new ChromeDriver...
17:46:17 [TestNG-test-Test-1] INFO  verifyingDisplayTypeFilterFunctionality_Tablet_17-46-17 - WebDriverManager: chromedriver setup OK
17:46:19 [TestNG-test-Test-1] INFO  verifyingDisplayTypeFilterFunctionality_Tablet_17-46-17 - ChromeDriver initialized successfully for thread: 34
17:46:19 [TestNG-test-Test-1] INFO  verifyingDisplayTypeFilterFunctionality_Tablet_17-46-17 - [verifyingDisplayTypeFilterFunctionality_Tablet_17-46-17] Opening amazon Landing page
17:46:19 [TestNG-test-Test-1] INFO  verifyingDisplayTypeFilterFunctionality_Tablet_17-46-17 - [verifyingDisplayTypeFilterFunctionality_Tablet_17-46-17] Within safeFindElement method
17:46:22 [TestNG-test-Test-1] INFO  verifyingDisplayTypeFilterFunctionality_Tablet_17-46-17 - [verifyingDisplayTypeFilterFunctionality_Tablet_17-46-17]Found the element returning it ,element ->[[ChromeDriver: chrome on windows (758b51f088f059fc16e61c16e7984a5b)] -> xpath: //a[@id='nav-logo-sprites']]
17:46:23 [TestNG-test-Test-1] INFO  verifyingDisplayTypeFilterFunctionality_Tablet_17-46-17 - [verifyingDisplayTypeFilterFunctionality_Tablet_17-46-17] Giving input within the search bar
17:46:23 [TestNG-test-Test-1] INFO  verifyingDisplayTypeFilterFunctionality_Tablet_17-46-17 - [verifyingDisplayTypeFilterFunctionality_Tablet_17-46-17] Within safeClick method
17:46:26 [TestNG-test-Test-1] INFO  verifyingDisplayTypeFilterFunctionality_Tablet_17-46-17 - [verifyingDisplayTypeFilterFunctionality_Tablet_17-46-17] Clicked the  [[ChromeDriver: chrome on windows (758b51f088f059fc16e61c16e7984a5b)] -> xpath: //input[@id='nav-search-submit-button']]   using safeClick
17:46:26 [TestNG-test-Test-1] INFO  verifyingDisplayTypeFilterFunctionality_Tablet_17-46-17 - [verifyingDisplayTypeFilterFunctionality_Tablet_17-46-17] Clicking on the submit in the search bar
17:46:27 [TestNG-test-Test-1] INFO  verifyingDisplayTypeFilterFunctionality_Tablet_17-46-17 - [verifyingDisplayTypeFilterFunctionality_Tablet_17-46-17] Within filterCheckUnderList method
17:46:27 [TestNG-test-Test-1] INFO  verifyingDisplayTypeFilterFunctionality_Tablet_17-46-17 - [verifyingDisplayTypeFilterFunctionality_Tablet_17-46-17] Found the Filter within the filter check List
17:46:27 [TestNG-test-Test-1] INFO  verifyingDisplayTypeFilterFunctionality_Tablet_17-46-17 - [verifyingDisplayTypeFilterFunctionality_Tablet_17-46-17] Within applyFilterAndValidateProductsWithResult method
17:46:27 [TestNG-test-Test-1] INFO  verifyingDisplayTypeFilterFunctionality_Tablet_17-46-17 - [verifyingDisplayTypeFilterFunctionality_Tablet_17-46-17] Within safeFindElements 
17:46:27 [TestNG-test-Test-1] INFO  verifyingDisplayTypeFilterFunctionality_Tablet_17-46-17 - [verifyingDisplayTypeFilterFunctionality_Tablet_17-46-17] Returning the  [[[ChromeDriver: chrome on windows (758b51f088f059fc16e61c16e7984a5b)] -> xpath: //span[@class='a-size-base a-color-base puis-bold-weight-text' and text()='Display Type']/parent::div/following-sibling::ul//span[@class='a-size-base a-color-base']], [[ChromeDriver: chrome on windows (758b51f088f059fc16e61c16e7984a5b)] -> xpath: //span[@class='a-size-base a-color-base puis-bold-weight-text' and text()='Display Type']/parent::div/following-sibling::ul//span[@class='a-size-base a-color-base']], [[ChromeDriver: chrome on windows (758b51f088f059fc16e61c16e7984a5b)] -> xpath: //span[@class='a-size-base a-color-base puis-bold-weight-text' and text()='Display Type']/parent::div/following-sibling::ul//span[@class='a-size-base a-color-base']], [[ChromeDriver: chrome on windows (758b51f088f059fc16e61c16e7984a5b)] -> xpath: //span[@class='a-size-base a-color-base puis-bold-weight-text' and text()='Display Type']/parent::div/following-sibling::ul//span[@class='a-size-base a-color-base']], [[ChromeDriver: chrome on windows (758b51f088f059fc16e61c16e7984a5b)] -> xpath: //span[@class='a-size-base a-color-base puis-bold-weight-text' and text()='Display Type']/parent::div/following-sibling::ul//span[@class='a-size-base a-color-base']]] from the safeFindElements method
17:46:27 [TestNG-test-Test-1] INFO  verifyingDisplayTypeFilterFunctionality_Tablet_17-46-17 - [verifyingDisplayTypeFilterFunctionality_Tablet_17-46-17] Within applyFilterAndValidateProductsWithResult filterOptions size is -> 5
17:46:27 [TestNG-test-Test-1] INFO  verifyingDisplayTypeFilterFunctionality_Tablet_17-46-17 - [verifyingDisplayTypeFilterFunctionality_Tablet_17-46-17] Execution is Not CRON Job Hence refering to normal keys from UtilData
17:46:27 [TestNG-test-Test-1] INFO  verifyingDisplayTypeFilterFunctionality_Tablet_17-46-17 - [verifyingDisplayTypeFilterFunctionality_Tablet_17-46-17] Within filterOptions loop in applyFilterAndValidateProductsWithResult
17:46:27 [TestNG-test-Test-1] INFO  verifyingDisplayTypeFilterFunctionality_Tablet_17-46-17 - [verifyingDisplayTypeFilterFunctionality_Tablet_17-46-17] Within safeFindElements 
17:46:27 [TestNG-test-Test-1] INFO  verifyingDisplayTypeFilterFunctionality_Tablet_17-46-17 - [verifyingDisplayTypeFilterFunctionality_Tablet_17-46-17] Returning the  [[[ChromeDriver: chrome on windows (758b51f088f059fc16e61c16e7984a5b)] -> xpath: //span[@class='a-size-base a-color-base puis-bold-weight-text' and text()='Display Type']/parent::div/following-sibling::ul//span[@class='a-size-base a-color-base']], [[ChromeDriver: chrome on windows (758b51f088f059fc16e61c16e7984a5b)] -> xpath: //span[@class='a-size-base a-color-base puis-bold-weight-text' and text()='Display Type']/parent::div/following-sibling::ul//span[@class='a-size-base a-color-base']], [[ChromeDriver: chrome on windows (758b51f088f059fc16e61c16e7984a5b)] -> xpath: //span[@class='a-size-base a-color-base puis-bold-weight-text' and text()='Display Type']/parent::div/following-sibling::ul//span[@class='a-size-base a-color-base']], [[ChromeDriver: chrome on windows (758b51f088f059fc16e61c16e7984a5b)] -> xpath: //span[@class='a-size-base a-color-base puis-bold-weight-text' and text()='Display Type']/parent::div/following-sibling::ul//span[@class='a-size-base a-color-base']], [[ChromeDriver: chrome on windows (758b51f088f059fc16e61c16e7984a5b)] -> xpath: //span[@class='a-size-base a-color-base puis-bold-weight-text' and text()='Display Type']/parent::div/following-sibling::ul//span[@class='a-size-base a-color-base']]] from the safeFindElements method
17:46:27 [TestNG-test-Test-1] INFO  verifyingDisplayTypeFilterFunctionality_Tablet_17-46-17 - [verifyingDisplayTypeFilterFunctionality_Tablet_17-46-17] Trying to read filter option 0 (attempt 1/3)
17:46:27 [TestNG-test-Test-1] INFO  verifyingDisplayTypeFilterFunctionality_Tablet_17-46-17 - [verifyingDisplayTypeFilterFunctionality_Tablet_17-46-17] Successfully read filter option 0 = 'AMOLED'
17:46:27 [TestNG-test-Test-1] INFO  verifyingDisplayTypeFilterFunctionality_Tablet_17-46-17 - [verifyingDisplayTypeFilterFunctionality_Tablet_17-46-17] Within getfilterByTypeAndName method
17:46:27 [TestNG-test-Test-1] INFO  verifyingDisplayTypeFilterFunctionality_Tablet_17-46-17 - [verifyingDisplayTypeFilterFunctionality_Tablet_17-46-17] Within safeClickBooleanWithScreenShot method
17:46:27 [TestNG-test-Test-1] INFO  verifyingDisplayTypeFilterFunctionality_Tablet_17-46-17 - [verifyingDisplayTypeFilterFunctionality_Tablet_17-46-17] Within getAppliedfilterByTypeAndName method
17:46:27 [TestNG-test-Test-1] INFO  verifyingDisplayTypeFilterFunctionality_Tablet_17-46-17 - [verifyingDisplayTypeFilterFunctionality_Tablet_17-46-17] Within smoothScrollToElement method
17:46:27 [TestNG-test-Test-1] INFO  verifyingDisplayTypeFilterFunctionality_Tablet_17-46-17 - [verifyingDisplayTypeFilterFunctionality_Tablet_17-46-17] Within safeFindElement method
17:46:27 [TestNG-test-Test-1] INFO  verifyingDisplayTypeFilterFunctionality_Tablet_17-46-17 - [verifyingDisplayTypeFilterFunctionality_Tablet_17-46-17]Found the element returning it ,element ->[[ChromeDriver: chrome on windows (758b51f088f059fc16e61c16e7984a5b)] -> xpath: //span[@class='a-size-base a-color-base puis-bold-weight-text' and text()='Display Type']]
17:46:28 [TestNG-test-Test-1] INFO  verifyingDisplayTypeFilterFunctionality_Tablet_17-46-17 - [verifyingDisplayTypeFilterFunctionality_Tablet_17-46-17] Successfully scrolled to element: By.xpath: //span[@class='a-size-base a-color-base puis-bold-weight-text' and text()='Display Type']
17:46:28 [TestNG-test-Test-1] INFO  verifyingDisplayTypeFilterFunctionality_Tablet_17-46-17 - [verifyingDisplayTypeFilterFunctionality_Tablet_17-46-17] Within getMoreButtonByFilterTypeAndName method
17:46:28 [TestNG-test-Test-1] INFO  verifyingDisplayTypeFilterFunctionality_Tablet_17-46-17 - [verifyingDisplayTypeFilterFunctionality_Tablet_17-46-17] could not find more button
17:46:28 [TestNG-test-Test-1] INFO  verifyingDisplayTypeFilterFunctionality_Tablet_17-46-17 - [verifyingDisplayTypeFilterFunctionality_Tablet_17-46-17] Within getAppliedfilterByTypeAndName method
17:46:28 [TestNG-test-Test-1] INFO  verifyingDisplayTypeFilterFunctionality_Tablet_17-46-17 - [verifyingDisplayTypeFilterFunctionality_Tablet_17-46-17] Within smoothScrollToElement method
17:46:28 [TestNG-test-Test-1] INFO  verifyingDisplayTypeFilterFunctionality_Tablet_17-46-17 - [verifyingDisplayTypeFilterFunctionality_Tablet_17-46-17] Within safeFindElement method
17:46:30 [TestNG-test-Test-1] INFO  verifyingDisplayTypeFilterFunctionality_Tablet_17-46-17 - [verifyingDisplayTypeFilterFunctionality_Tablet_17-46-17]Found the element returning it ,element ->[[ChromeDriver: chrome on windows (758b51f088f059fc16e61c16e7984a5b)] -> xpath: //span[@class='a-size-base a-color-base puis-bold-weight-text' and text()='Display Type']]
17:46:30 [TestNG-test-Test-1] INFO  verifyingDisplayTypeFilterFunctionality_Tablet_17-46-17 - [verifyingDisplayTypeFilterFunctionality_Tablet_17-46-17] Successfully scrolled to element: By.xpath: //span[@class='a-size-base a-color-base puis-bold-weight-text' and text()='Display Type']
17:46:30 [TestNG-test-Test-1] INFO  verifyingDisplayTypeFilterFunctionality_Tablet_17-46-17 - [verifyingDisplayTypeFilterFunctionality_Tablet_17-46-17] Within getMoreButtonByFilterTypeAndName method
17:46:30 [TestNG-test-Test-1] INFO  verifyingDisplayTypeFilterFunctionality_Tablet_17-46-17 - [verifyingDisplayTypeFilterFunctionality_Tablet_17-46-17] could not find more button
17:46:30 [TestNG-test-Test-1] INFO  verifyingDisplayTypeFilterFunctionality_Tablet_17-46-17 - [verifyingDisplayTypeFilterFunctionality_Tablet_17-46-17] Within getfilterByTypeAndName method
17:46:30 [TestNG-test-Test-1] INFO  verifyingDisplayTypeFilterFunctionality_Tablet_17-46-17 - [verifyingDisplayTypeFilterFunctionality_Tablet_17-46-17] Within smoothScrollToElement method
17:46:30 [TestNG-test-Test-1] INFO  verifyingDisplayTypeFilterFunctionality_Tablet_17-46-17 - [verifyingDisplayTypeFilterFunctionality_Tablet_17-46-17] Within safeFindElement method
17:46:31 [TestNG-test-Test-1] INFO  verifyingDisplayTypeFilterFunctionality_Tablet_17-46-17 - [verifyingDisplayTypeFilterFunctionality_Tablet_17-46-17]Found the element returning it ,element ->[[ChromeDriver: chrome on windows (758b51f088f059fc16e61c16e7984a5b)] -> xpath: //span[@class='a-size-base a-color-base puis-bold-weight-text' and text()='Display Type']/parent::div/following-sibling::ul//span[@class='a-size-base a-color-base a-text-bold' and text()='AMOLED']]
17:46:31 [TestNG-test-Test-1] INFO  verifyingDisplayTypeFilterFunctionality_Tablet_17-46-17 - [verifyingDisplayTypeFilterFunctionality_Tablet_17-46-17] Successfully scrolled to element: By.xpath: //span[@class='a-size-base a-color-base puis-bold-weight-text' and text()='Display Type']/parent::div/following-sibling::ul//span[@class='a-size-base a-color-base a-text-bold' and text()='AMOLED']
17:46:31 [TestNG-test-Test-1] INFO  verifyingDisplayTypeFilterFunctionality_Tablet_17-46-17 - [verifyingDisplayTypeFilterFunctionality_Tablet_17-46-17] Clicked the element using safe click ,element is [[ChromeDriver: chrome on windows (758b51f088f059fc16e61c16e7984a5b)] -> xpath: //span[@class='a-size-base a-color-base puis-bold-weight-text' and text()='Display Type']/parent::div/following-sibling::ul//span[@class='a-size-base a-color-base' and text()='AMOLED']]
17:46:31 [TestNG-test-Test-1] INFO  verifyingDisplayTypeFilterFunctionality_Tablet_17-46-17 - [verifyingDisplayTypeFilterFunctionality_Tablet_17-46-17] Within safeFindElements 
17:46:31 [TestNG-test-Test-1] INFO  verifyingDisplayTypeFilterFunctionality_Tablet_17-46-17 - [verifyingDisplayTypeFilterFunctionality_Tablet_17-46-17] Returning the  [[[ChromeDriver: chrome on windows (758b51f088f059fc16e61c16e7984a5b)] -> xpath: //div[@data-cy='title-recipe']], [[ChromeDriver: chrome on windows (758b51f088f059fc16e61c16e7984a5b)] -> xpath: //div[@data-cy='title-recipe']], [[ChromeDriver: chrome on windows (758b51f088f059fc16e61c16e7984a5b)] -> xpath: //div[@data-cy='title-recipe']], [[ChromeDriver: chrome on windows (758b51f088f059fc16e61c16e7984a5b)] -> xpath: //div[@data-cy='title-recipe']], [[ChromeDriver: chrome on windows (758b51f088f059fc16e61c16e7984a5b)] -> xpath: //div[@data-cy='title-recipe']], [[ChromeDriver: chrome on windows (758b51f088f059fc16e61c16e7984a5b)] -> xpath: //div[@data-cy='title-recipe']], [[ChromeDriver: chrome on windows (758b51f088f059fc16e61c16e7984a5b)] -> xpath: //div[@data-cy='title-recipe']], [[ChromeDriver: chrome on windows (758b51f088f059fc16e61c16e7984a5b)] -> xpath: //div[@data-cy='title-recipe']], [[ChromeDriver: chrome on windows (758b51f088f059fc16e61c16e7984a5b)] -> xpath: //div[@data-cy='title-recipe']], [[ChromeDriver: chrome on windows (758b51f088f059fc16e61c16e7984a5b)] -> xpath: //div[@data-cy='title-recipe']], [[ChromeDriver: chrome on windows (758b51f088f059fc16e61c16e7984a5b)] -> xpath: //div[@data-cy='title-recipe']], [[ChromeDriver: chrome on windows (758b51f088f059fc16e61c16e7984a5b)] -> xpath: //div[@data-cy='title-recipe']], [[ChromeDriver: chrome on windows (758b51f088f059fc16e61c16e7984a5b)] -> xpath: //div[@data-cy='title-recipe']], [[ChromeDriver: chrome on windows (758b51f088f059fc16e61c16e7984a5b)] -> xpath: //div[@data-cy='title-recipe']], [[ChromeDriver: chrome on windows (758b51f088f059fc16e61c16e7984a5b)] -> xpath: //div[@data-cy='title-recipe']], [[ChromeDriver: chrome on windows (758b51f088f059fc16e61c16e7984a5b)] -> xpath: //div[@data-cy='title-recipe']]] from the safeFindElements method
17:46:31 [TestNG-test-Test-1] INFO  verifyingDisplayTypeFilterFunctionality_Tablet_17-46-17 - [verifyingDisplayTypeFilterFunctionality_Tablet_17-46-17] Execution is Not CRON Job Hence refering to normal keys from UtilData
17:46:31 [TestNG-test-Test-1] INFO  verifyingDisplayTypeFilterFunctionality_Tablet_17-46-17 - [verifyingDisplayTypeFilterFunctionality_Tablet_17-46-17] Within safeFindElements 
17:46:31 [TestNG-test-Test-1] INFO  verifyingDisplayTypeFilterFunctionality_Tablet_17-46-17 - [verifyingDisplayTypeFilterFunctionality_Tablet_17-46-17] Returning the  [[[ChromeDriver: chrome on windows (758b51f088f059fc16e61c16e7984a5b)] -> xpath: //div[@data-cy='title-recipe']], [[ChromeDriver: chrome on windows (758b51f088f059fc16e61c16e7984a5b)] -> xpath: //div[@data-cy='title-recipe']], [[ChromeDriver: chrome on windows (758b51f088f059fc16e61c16e7984a5b)] -> xpath: //div[@data-cy='title-recipe']], [[ChromeDriver: chrome on windows (758b51f088f059fc16e61c16e7984a5b)] -> xpath: //div[@data-cy='title-recipe']], [[ChromeDriver: chrome on windows (758b51f088f059fc16e61c16e7984a5b)] -> xpath: //div[@data-cy='title-recipe']], [[ChromeDriver: chrome on windows (758b51f088f059fc16e61c16e7984a5b)] -> xpath: //div[@data-cy='title-recipe']], [[ChromeDriver: chrome on windows (758b51f088f059fc16e61c16e7984a5b)] -> xpath: //div[@data-cy='title-recipe']], [[ChromeDriver: chrome on windows (758b51f088f059fc16e61c16e7984a5b)] -> xpath: //div[@data-cy='title-recipe']], [[ChromeDriver: chrome on windows (758b51f088f059fc16e61c16e7984a5b)] -> xpath: //div[@data-cy='title-recipe']], [[ChromeDriver: chrome on windows (758b51f088f059fc16e61c16e7984a5b)] -> xpath: //div[@data-cy='title-recipe']], [[ChromeDriver: chrome on windows (758b51f088f059fc16e61c16e7984a5b)] -> xpath: //div[@data-cy='title-recipe']], [[ChromeDriver: chrome on windows (758b51f088f059fc16e61c16e7984a5b)] -> xpath: //div[@data-cy='title-recipe']], [[ChromeDriver: chrome on windows (758b51f088f059fc16e61c16e7984a5b)] -> xpath: //div[@data-cy='title-recipe']], [[ChromeDriver: chrome on windows (758b51f088f059fc16e61c16e7984a5b)] -> xpath: //div[@data-cy='title-recipe']], [[ChromeDriver: chrome on windows (758b51f088f059fc16e61c16e7984a5b)] -> xpath: //div[@data-cy='title-recipe']], [[ChromeDriver: chrome on windows (758b51f088f059fc16e61c16e7984a5b)] -> xpath: //div[@data-cy='title-recipe']]] from the safeFindElements method
17:46:31 [TestNG-test-Test-1] INFO  verifyingDisplayTypeFilterFunctionality_Tablet_17-46-17 - [verifyingDisplayTypeFilterFunctionality_Tablet_17-46-17] Within productNameListingPage loop in applyFilterAndValidateProductsWithResult
17:46:31 [TestNG-test-Test-1] INFO  verifyingDisplayTypeFilterFunctionality_Tablet_17-46-17 - [verifyingDisplayTypeFilterFunctionality_Tablet_17-46-17] Within getProductByIndex method
17:46:31 [TestNG-test-Test-1] INFO  verifyingDisplayTypeFilterFunctionality_Tablet_17-46-17 - [verifyingDisplayTypeFilterFunctionality_Tablet_17-46-17] Within safeFindElement method
17:46:31 [TestNG-test-Test-1] INFO  verifyingDisplayTypeFilterFunctionality_Tablet_17-46-17 - [verifyingDisplayTypeFilterFunctionality_Tablet_17-46-17]Found the element returning it ,element ->[[ChromeDriver: chrome on windows (758b51f088f059fc16e61c16e7984a5b)] -> xpath: (//div[@data-cy='title-recipe'])[1]]
17:46:31 [TestNG-test-Test-1] INFO  verifyingDisplayTypeFilterFunctionality_Tablet_17-46-17 - [verifyingDisplayTypeFilterFunctionality_Tablet_17-46-17] Within getProductByIndex method
17:46:31 [TestNG-test-Test-1] INFO  verifyingDisplayTypeFilterFunctionality_Tablet_17-46-17 - [verifyingDisplayTypeFilterFunctionality_Tablet_17-46-17] Within smoothScrollToElement method
17:46:31 [TestNG-test-Test-1] INFO  verifyingDisplayTypeFilterFunctionality_Tablet_17-46-17 - [verifyingDisplayTypeFilterFunctionality_Tablet_17-46-17] Within safeFindElement method
17:46:32 [TestNG-test-Test-1] INFO  verifyingDisplayTypeFilterFunctionality_Tablet_17-46-17 - [verifyingDisplayTypeFilterFunctionality_Tablet_17-46-17]Found the element returning it ,element ->[[ChromeDriver: chrome on windows (758b51f088f059fc16e61c16e7984a5b)] -> xpath: (//div[@data-cy='title-recipe'])[1]]
17:46:32 [TestNG-test-Test-1] INFO  verifyingDisplayTypeFilterFunctionality_Tablet_17-46-17 - [verifyingDisplayTypeFilterFunctionality_Tablet_17-46-17] Successfully scrolled to element: By.xpath: (//div[@data-cy='title-recipe'])[1]
17:46:32 [TestNG-test-Test-1] INFO  verifyingDisplayTypeFilterFunctionality_Tablet_17-46-17 - [verifyingDisplayTypeFilterFunctionality_Tablet_17-46-17] Getting product by index in productNameListingPage loop
17:46:32 [TestNG-test-Test-1] INFO  verifyingDisplayTypeFilterFunctionality_Tablet_17-46-17 - [verifyingDisplayTypeFilterFunctionality_Tablet_17-46-17] Opened product in new tab via Ctrl+Click inside productNameListingPage loop
17:46:32 [TestNG-test-Test-1] INFO  verifyingDisplayTypeFilterFunctionality_Tablet_17-46-17 - [verifyingDisplayTypeFilterFunctionality_Tablet_17-46-17] Waiting for new window to open...
17:46:32 [TestNG-test-Test-1] INFO  verifyingDisplayTypeFilterFunctionality_Tablet_17-46-17 - [verifyingDisplayTypeFilterFunctionality_Tablet_17-46-17] Switched to new window -> 7A51EA12023F02981981D09B3E369B6B
17:46:32 [TestNG-test-Test-1] INFO  verifyingDisplayTypeFilterFunctionality_Tablet_17-46-17 - [verifyingDisplayTypeFilterFunctionality_Tablet_17-46-17] Swithcing to the new window  within productNameListingPage loop
17:46:32 [TestNG-test-Test-1] INFO  verifyingDisplayTypeFilterFunctionality_Tablet_17-46-17 - [verifyingDisplayTypeFilterFunctionality_Tablet_17-46-17] Clicked product name to open in new tab from productNameListingPage loop
17:46:32 [TestNG-test-Test-1] INFO  verifyingDisplayTypeFilterFunctionality_Tablet_17-46-17 - [verifyingDisplayTypeFilterFunctionality_Tablet_17-46-17] Waiting until element is visible in viewport
17:46:36 [TestNG-test-Test-1] WARN  verifyingDisplayTypeFilterFunctionality_Tablet_17-46-17 - [verifyingDisplayTypeFilterFunctionality_Tablet_17-46-17] Product detail page did not load for index 1 filter 'AMOLED'; skipping detail scrape to avoid redundant retries/timeouts
17:46:36 [TestNG-test-Test-1] INFO  verifyingDisplayTypeFilterFunctionality_Tablet_17-46-17 - [verifyingDisplayTypeFilterFunctionality_Tablet_17-46-17] Within closeCurrentWindowAndSwitchBack method
17:46:36 [TestNG-test-Test-1] INFO  verifyingDisplayTypeFilterFunctionality_Tablet_17-46-17 - [verifyingDisplayTypeFilterFunctionality_Tablet_17-46-17] Total open windows/tabs count -> 2
17:46:36 [TestNG-test-Test-1] INFO  verifyingDisplayTypeFilterFunctionality_Tablet_17-46-17 - [verifyingDisplayTypeFilterFunctionality_Tablet_17-46-17] Original window handle -> E1E02792BFDF93CA10A881B3E0A1D4F3
17:46:36 [TestNG-test-Test-1] INFO  verifyingDisplayTypeFilterFunctionality_Tablet_17-46-17 - [verifyingDisplayTypeFilterFunctionality_Tablet_17-46-17] Found new tab/window handle -> 7A51EA12023F02981981D09B3E369B6B (will be closed)
17:46:36 [TestNG-test-Test-1] INFO  verifyingDisplayTypeFilterFunctionality_Tablet_17-46-17 - [verifyingDisplayTypeFilterFunctionality_Tablet_17-46-17] Successfully switched to new tab/window -> 7A51EA12023F02981981D09B3E369B6B
17:46:36 [TestNG-test-Test-1] INFO  verifyingDisplayTypeFilterFunctionality_Tablet_17-46-17 - [verifyingDisplayTypeFilterFunctionality_Tablet_17-46-17] Closed the newly opened tab/window -> 7A51EA12023F02981981D09B3E369B6B
17:46:36 [TestNG-test-Test-1] INFO  verifyingDisplayTypeFilterFunctionality_Tablet_17-46-17 - [verifyingDisplayTypeFilterFunctionality_Tablet_17-46-17] Switched back to the original window -> E1E02792BFDF93CA10A881B3E0A1D4F3
17:46:36 [TestNG-test-Test-1] INFO  verifyingDisplayTypeFilterFunctionality_Tablet_17-46-17 - [verifyingDisplayTypeFilterFunctionality_Tablet_17-46-17]  going back to product listing via closeCurrentWindowAndSwitchBack 
17:46:36 [TestNG-test-Test-1] INFO  verifyingDisplayTypeFilterFunctionality_Tablet_17-46-17 - [verifyingDisplayTypeFilterFunctionality_Tablet_17-46-17]  Added 'filter','title','keyFeatures', 'about', 'techDetails' into the Map -> productResult
17:46:36 [TestNG-test-Test-1] INFO  verifyingDisplayTypeFilterFunctionality_Tablet_17-46-17 - [verifyingDisplayTypeFilterFunctionality_Tablet_17-46-17]  Added 'productResult' Map into the 'results' i.e list of maps 
17:46:36 [TestNG-test-Test-1] INFO  verifyingDisplayTypeFilterFunctionality_Tablet_17-46-17 - [verifyingDisplayTypeFilterFunctionality_Tablet_17-46-17]==========================================================================================================
17:46:36 [TestNG-test-Test-1] INFO  verifyingDisplayTypeFilterFunctionality_Tablet_17-46-17 - [verifyingDisplayTypeFilterFunctionality_Tablet_17-46-17] Within safeFindElements 
17:46:36 [TestNG-test-Test-1] INFO  verifyingDisplayTypeFilterFunctionality_Tablet_17-46-17 - [verifyingDisplayTypeFilterFunctionality_Tablet_17-46-17] Returning the  [[[ChromeDriver: chrome on windows (758b51f088f059fc16e61c16e7984a5b)] -> xpath: //div[@data-cy='title-recipe']], [[ChromeDriver: chrome on windows (758b51f088f059fc16e61c16e7984a5b)] -> xpath: //div[@data-cy='title-recipe']], [[ChromeDriver: chrome on windows (758b51f088f059fc16e61c16e7984a5b)] -> xpath: //div[@data-cy='title-recipe']], [[ChromeDriver: chrome on windows (758b51f088f059fc16e61c16e7984a5b)] -> xpath: //div[@data-cy='title-recipe']], [[ChromeDriver: chrome on windows (758b51f088f059fc16e61c16e7984a5b)] -> xpath: //div[@data-cy='title-recipe']], [[ChromeDriver: chrome on windows (758b51f088f059fc16e61c16e7984a5b)] -> xpath: //div[@data-cy='title-recipe']], [[ChromeDriver: chrome on windows (758b51f088f059fc16e61c16e7984a5b)] -> xpath: //div[@data-cy='title-recipe']], [[ChromeDriver: chrome on windows (758b51f088f059fc16e61c16e7984a5b)] -> xpath: //div[@data-cy='title-recipe']], [[ChromeDriver: chrome on windows (758b51f088f059fc16e61c16e7984a5b)] -> xpath: //div[@data-cy='title-recipe']], [[ChromeDriver: chrome on windows (758b51f088f059fc16e61c16e7984a5b)] -> xpath: //div[@data-cy='title-recipe']], [[ChromeDriver: chrome on windows (758b51f088f059fc16e61c16e7984a5b)] -> xpath: //div[@data-cy='title-recipe']], [[ChromeDriver: chrome on windows (758b51f088f059fc16e61c16e7984a5b)] -> xpath: //div[@data-cy='title-recipe']], [[ChromeDriver: chrome on windows (758b51f088f059fc16e61c16e7984a5b)] -> xpath: //div[@data-cy='title-recipe']], [[ChromeDriver: chrome on windows (758b51f088f059fc16e61c16e7984a5b)] -> xpath: //div[@data-cy='title-recipe']], [[ChromeDriver: chrome on windows (758b51f088f059fc16e61c16e7984a5b)] -> xpath: //div[@data-cy='title-recipe']], [[ChromeDriver: chrome on windows (758b51f088f059fc16e61c16e7984a5b)] -> xpath: //div[@data-cy='title-recipe']]] from the safeFindElements method
17:46:36 [TestNG-test-Test-1] INFO  verifyingDisplayTypeFilterFunctionality_Tablet_17-46-17 - [verifyingDisplayTypeFilterFunctionality_Tablet_17-46-17] Within productNameListingPage loop in applyFilterAndValidateProductsWithResult
17:46:36 [TestNG-test-Test-1] INFO  verifyingDisplayTypeFilterFunctionality_Tablet_17-46-17 - [verifyingDisplayTypeFilterFunctionality_Tablet_17-46-17] Within getProductByIndex method
17:46:36 [TestNG-test-Test-1] INFO  verifyingDisplayTypeFilterFunctionality_Tablet_17-46-17 - [verifyingDisplayTypeFilterFunctionality_Tablet_17-46-17] Within safeFindElement method
17:46:37 [TestNG-test-Test-1] INFO  verifyingDisplayTypeFilterFunctionality_Tablet_17-46-17 - [verifyingDisplayTypeFilterFunctionality_Tablet_17-46-17]Found the element returning it ,element ->[[ChromeDriver: chrome on windows (758b51f088f059fc16e61c16e7984a5b)] -> xpath: (//div[@data-cy='title-recipe'])[2]]
17:46:37 [TestNG-test-Test-1] INFO  verifyingDisplayTypeFilterFunctionality_Tablet_17-46-17 - [verifyingDisplayTypeFilterFunctionality_Tablet_17-46-17] Within getProductByIndex method
17:46:37 [TestNG-test-Test-1] INFO  verifyingDisplayTypeFilterFunctionality_Tablet_17-46-17 - [verifyingDisplayTypeFilterFunctionality_Tablet_17-46-17] Within smoothScrollToElement method
17:46:37 [TestNG-test-Test-1] INFO  verifyingDisplayTypeFilterFunctionality_Tablet_17-46-17 - [verifyingDisplayTypeFilterFunctionality_Tablet_17-46-17] Within safeFindElement method
17:46:37 [TestNG-test-Test-1] INFO  verifyingDisplayTypeFilterFunctionality_Tablet_17-46-17 - [verifyingDisplayTypeFilterFunctionality_Tablet_17-46-17]Found the element returning it ,element ->[[ChromeDriver: chrome on windows (758b51f088f059fc16e61c16e7984a5b)] -> xpath: (//div[@data-cy='title-recipe'])[2]]
17:46:37 [TestNG-test-Test-1] INFO  verifyingDisplayTypeFilterFunctionality_Tablet_17-46-17 - [verifyingDisplayTypeFilterFunctionality_Tablet_17-46-17] Successfully scrolled to element: By.xpath: (//div[@data-cy='title-recipe'])[2]
17:46:37 [TestNG-test-Test-1] INFO  verifyingDisplayTypeFilterFunctionality_Tablet_17-46-17 - [verifyingDisplayTypeFilterFunctionality_Tablet_17-46-17] Getting product by index in productNameListingPage loop
17:46:38 [TestNG-test-Test-1] INFO  verifyingDisplayTypeFilterFunctionality_Tablet_17-46-17 - [verifyingDisplayTypeFilterFunctionality_Tablet_17-46-17] Opened product in new tab via Ctrl+Click inside productNameListingPage loop
17:46:38 [TestNG-test-Test-1] INFO  verifyingDisplayTypeFilterFunctionality_Tablet_17-46-17 - [verifyingDisplayTypeFilterFunctionality_Tablet_17-46-17] Waiting for new window to open...
17:46:38 [TestNG-test-Test-1] INFO  verifyingDisplayTypeFilterFunctionality_Tablet_17-46-17 - [verifyingDisplayTypeFilterFunctionality_Tablet_17-46-17] Switched to new window -> 1AF62E53E5CDBECC7CC2DB63DF08E79C
17:46:38 [TestNG-test-Test-1] INFO  verifyingDisplayTypeFilterFunctionality_Tablet_17-46-17 - [verifyingDisplayTypeFilterFunctionality_Tablet_17-46-17] Swithcing to the new window  within productNameListingPage loop
17:46:38 [TestNG-test-Test-1] INFO  verifyingDisplayTypeFilterFunctionality_Tablet_17-46-17 - [verifyingDisplayTypeFilterFunctionality_Tablet_17-46-17] Clicked product name to open in new tab from productNameListingPage loop
17:46:38 [TestNG-test-Test-1] INFO  verifyingDisplayTypeFilterFunctionality_Tablet_17-46-17 - [verifyingDisplayTypeFilterFunctionality_Tablet_17-46-17] Waiting until element is visible in viewport
17:46:40 [TestNG-test-Test-1] INFO  verifyingDisplayTypeFilterFunctionality_Tablet_17-46-17 - [verifyingDisplayTypeFilterFunctionality_Tablet_17-46-17] Within safeFindElement method
17:46:40 [TestNG-test-Test-1] INFO  verifyingDisplayTypeFilterFunctionality_Tablet_17-46-17 - [verifyingDisplayTypeFilterFunctionality_Tablet_17-46-17]Found the element returning it ,element ->[[ChromeDriver: chrome on windows (758b51f088f059fc16e61c16e7984a5b)] -> xpath: //span[@id='productTitle']]
17:46:40 [TestNG-test-Test-1] INFO  verifyingDisplayTypeFilterFunctionality_Tablet_17-46-17 - [verifyingDisplayTypeFilterFunctionality_Tablet_17-46-17] Within safeFindElement method
17:46:40 [TestNG-test-Test-1] INFO  verifyingDisplayTypeFilterFunctionality_Tablet_17-46-17 - [verifyingDisplayTypeFilterFunctionality_Tablet_17-46-17]Found the element returning it ,element ->[[ChromeDriver: chrome on windows (758b51f088f059fc16e61c16e7984a5b)] -> xpath: //div[@class='a-section a-spacing-small a-spacing-top-small']]
17:46:40 [TestNG-test-Test-1] INFO  verifyingDisplayTypeFilterFunctionality_Tablet_17-46-17 - [verifyingDisplayTypeFilterFunctionality_Tablet_17-46-17] Within safeFindElement method
17:46:41 [TestNG-test-Test-1] INFO  verifyingDisplayTypeFilterFunctionality_Tablet_17-46-17 - [verifyingDisplayTypeFilterFunctionality_Tablet_17-46-17]Found the element returning it ,element ->[[ChromeDriver: chrome on windows (758b51f088f059fc16e61c16e7984a5b)] -> xpath: //div[@id='feature-bullets']]
17:46:41 [TestNG-test-Test-1] INFO  verifyingDisplayTypeFilterFunctionality_Tablet_17-46-17 - [verifyingDisplayTypeFilterFunctionality_Tablet_17-46-17] Within safeFindElement method
17:46:41 [TestNG-test-Test-1] INFO  verifyingDisplayTypeFilterFunctionality_Tablet_17-46-17 - [verifyingDisplayTypeFilterFunctionality_Tablet_17-46-17]Found the element returning it ,element ->[[ChromeDriver: chrome on windows (758b51f088f059fc16e61c16e7984a5b)] -> xpath: //div[@id='prodDetails']]
17:46:41 [TestNG-test-Test-1] INFO  verifyingDisplayTypeFilterFunctionality_Tablet_17-46-17 - [verifyingDisplayTypeFilterFunctionality_Tablet_17-46-17] Extracting 'name' , 'keyFeatures', 'about' , 'techDetails' within productNameListingPage loop
17:46:41 [TestNG-test-Test-1] INFO  verifyingDisplayTypeFilterFunctionality_Tablet_17-46-17 - [verifyingDisplayTypeFilterFunctionality_Tablet_17-46-17] Waiting until element is visible in viewport
17:46:51 [TestNG-test-Test-1] INFO  verifyingDisplayTypeFilterFunctionality_Tablet_17-46-17 - [verifyingDisplayTypeFilterFunctionality_Tablet_17-46-17] Within smoothScrollToElement method
17:46:51 [TestNG-test-Test-1] INFO  verifyingDisplayTypeFilterFunctionality_Tablet_17-46-17 - [verifyingDisplayTypeFilterFunctionality_Tablet_17-46-17] Within safeFindElement method
17:46:51 [TestNG-test-Test-1] INFO  verifyingDisplayTypeFilterFunctionality_Tablet_17-46-17 - [verifyingDisplayTypeFilterFunctionality_Tablet_17-46-17]Found the element returning it ,element ->[[ChromeDriver: chrome on windows (758b51f088f059fc16e61c16e7984a5b)] -> xpath: //a[@id='seeMoreDetailsLink']]
17:46:51 [TestNG-test-Test-1] INFO  verifyingDisplayTypeFilterFunctionality_Tablet_17-46-17 - [verifyingDisplayTypeFilterFunctionality_Tablet_17-46-17] Successfully scrolled to element: By.xpath: //a[@id='seeMoreDetailsLink']
17:46:51 [TestNG-test-Test-1] INFO  verifyingDisplayTypeFilterFunctionality_Tablet_17-46-17 - [verifyingDisplayTypeFilterFunctionality_Tablet_17-46-17] Within safeClick method
17:46:52 [TestNG-test-Test-1] INFO  verifyingDisplayTypeFilterFunctionality_Tablet_17-46-17 - [verifyingDisplayTypeFilterFunctionality_Tablet_17-46-17] Clicked the  [[ChromeDriver: chrome on windows (758b51f088f059fc16e61c16e7984a5b)] -> xpath: //a[@id='seeMoreDetailsLink']]   using safeClick
17:46:52 [TestNG-test-Test-1] INFO  verifyingDisplayTypeFilterFunctionality_Tablet_17-46-17 - [verifyingDisplayTypeFilterFunctionality_Tablet_17-46-17] Within try block for clicking see more deatils within productNameListingPage loop
17:46:52 [TestNG-test-Test-1] INFO  verifyingDisplayTypeFilterFunctionality_Tablet_17-46-17 - [verifyingDisplayTypeFilterFunctionality_Tablet_17-46-17] Within closeCurrentWindowAndSwitchBack method
17:46:52 [TestNG-test-Test-1] INFO  verifyingDisplayTypeFilterFunctionality_Tablet_17-46-17 - [verifyingDisplayTypeFilterFunctionality_Tablet_17-46-17] Total open windows/tabs count -> 2
17:46:52 [TestNG-test-Test-1] INFO  verifyingDisplayTypeFilterFunctionality_Tablet_17-46-17 - [verifyingDisplayTypeFilterFunctionality_Tablet_17-46-17] Original window handle -> E1E02792BFDF93CA10A881B3E0A1D4F3
17:46:52 [TestNG-test-Test-1] INFO  verifyingDisplayTypeFilterFunctionality_Tablet_17-46-17 - [verifyingDisplayTypeFilterFunctionality_Tablet_17-46-17] Found new tab/window handle -> 1AF62E53E5CDBECC7CC2DB63DF08E79C (will be closed)
17:46:52 [TestNG-test-Test-1] INFO  verifyingDisplayTypeFilterFunctionality_Tablet_17-46-17 - [verifyingDisplayTypeFilterFunctionality_Tablet_17-46-17] Successfully switched to new tab/window -> 1AF62E53E5CDBECC7CC2DB63DF08E79C
17:46:52 [TestNG-test-Test-1] INFO  verifyingDisplayTypeFilterFunctionality_Tablet_17-46-17 - [verifyingDisplayTypeFilterFunctionality_Tablet_17-46-17] Closed the newly opened tab/window -> 1AF62E53E5CDBECC7CC2DB63DF08E79C
17:46:52 [TestNG-test-Test-1] INFO  verifyingDisplayTypeFilterFunctionality_Tablet_17-46-17 - [verifyingDisplayTypeFilterFunctionality_Tablet_17-46-17] Switched back to the original window -> E1E02792BFDF93CA10A881B3E0A1D4F3
17:46:52 [TestNG-test-Test-1] INFO  verifyingDisplayTypeFilterFunctionality_Tablet_17-46-17 - [verifyingDisplayTypeFilterFunctionality_Tablet_17-46-17]  going back to product listing via closeCurrentWindowAndSwitchBack 
17:46:52 [TestNG-test-Test-1] INFO  verifyingDisplayTypeFilterFunctionality_Tablet_17-46-17 - [verifyingDisplayTypeFilterFunctionality_Tablet_17-46-17]  Added 'filter','title','keyFeatures', 'about', 'techDetails' into the Map -> productResult
17:46:52 [TestNG-test-Test-1] INFO  verifyingDisplayTypeFilterFunctionality_Tablet_17-46-17 - [verifyingDisplayTypeFilterFunctionality_Tablet_17-46-17]  Added 'productResult' Map into the 'results' i.e list of maps 
17:46:52 [TestNG-test-Test-1] INFO  verifyingDisplayTypeFilterFunctionality_Tablet_17-46-17 - [verifyingDisplayTypeFilterFunctionality_Tablet_17-46-17]==========================================================================================================
17:46:52 [TestNG-test-Test-1] INFO  verifyingDisplayTypeFilterFunctionality_Tablet_17-46-17 - [verifyingDisplayTypeFilterFunctionality_Tablet_17-46-17] Within safeClick method
17:46:53 [TestNG-test-Test-1] INFO  verifyingDisplayTypeFilterFunctionality_Tablet_17-46-17 - [verifyingDisplayTypeFilterFunctionality_Tablet_17-46-17] Clicked the  [[ChromeDriver: chrome on windows (758b51f088f059fc16e61c16e7984a5b)] -> xpath: //span[@class='a-size-base a-color-base' and text()='Clear']]   using safeClick
17:46:53 [TestNG-test-Test-1] INFO  verifyingDisplayTypeFilterFunctionality_Tablet_17-46-17 - [verifyingDisplayTypeFilterFunctionality_Tablet_17-46-17] Clearing the filter value ->AMOLEDwithin productNameListingPage loop
17:46:53 [TestNG-test-Test-1] INFO  verifyingDisplayTypeFilterFunctionality_Tablet_17-46-17 - [verifyingDisplayTypeFilterFunctionality_Tablet_17-46-17]==========================================================================================================
17:46:53 [TestNG-test-Test-1] INFO  verifyingDisplayTypeFilterFunctionality_Tablet_17-46-17 - [verifyingDisplayTypeFilterFunctionality_Tablet_17-46-17]==========================================================================================================
17:46:53 [TestNG-test-Test-1] INFO  verifyingDisplayTypeFilterFunctionality_Tablet_17-46-17 - [verifyingDisplayTypeFilterFunctionality_Tablet_17-46-17] Within filterOptions loop in applyFilterAndValidateProductsWithResult
17:46:53 [TestNG-test-Test-1] INFO  verifyingDisplayTypeFilterFunctionality_Tablet_17-46-17 - [verifyingDisplayTypeFilterFunctionality_Tablet_17-46-17] Within safeFindElements 
17:46:54 [TestNG-test-Test-1] INFO  verifyingDisplayTypeFilterFunctionality_Tablet_17-46-17 - [verifyingDisplayTypeFilterFunctionality_Tablet_17-46-17] Returning the  [[[ChromeDriver: chrome on windows (758b51f088f059fc16e61c16e7984a5b)] -> xpath: //span[@class='a-size-base a-color-base puis-bold-weight-text' and text()='Display Type']/parent::div/following-sibling::ul//span[@class='a-size-base a-color-base']], [[ChromeDriver: chrome on windows (758b51f088f059fc16e61c16e7984a5b)] -> xpath: //span[@class='a-size-base a-color-base puis-bold-weight-text' and text()='Display Type']/parent::div/following-sibling::ul//span[@class='a-size-base a-color-base']], [[ChromeDriver: chrome on windows (758b51f088f059fc16e61c16e7984a5b)] -> xpath: //span[@class='a-size-base a-color-base puis-bold-weight-text' and text()='Display Type']/parent::div/following-sibling::ul//span[@class='a-size-base a-color-base']], [[ChromeDriver: chrome on windows (758b51f088f059fc16e61c16e7984a5b)] -> xpath: //span[@class='a-size-base a-color-base puis-bold-weight-text' and text()='Display Type']/parent::div/following-sibling::ul//span[@class='a-size-base a-color-base']], [[ChromeDriver: chrome on windows (758b51f088f059fc16e61c16e7984a5b)] -> xpath: //span[@class='a-size-base a-color-base puis-bold-weight-text' and text()='Display Type']/parent::div/following-sibling::ul//span[@class='a-size-base a-color-base']]] from the safeFindElements method
17:46:54 [TestNG-test-Test-1] INFO  verifyingDisplayTypeFilterFunctionality_Tablet_17-46-17 - [verifyingDisplayTypeFilterFunctionality_Tablet_17-46-17] Trying to read filter option 1 (attempt 1/3)
17:46:54 [TestNG-test-Test-1] INFO  verifyingDisplayTypeFilterFunctionality_Tablet_17-46-17 - [verifyingDisplayTypeFilterFunctionality_Tablet_17-46-17] Successfully read filter option 1 = 'IPS'
17:46:54 [TestNG-test-Test-1] INFO  verifyingDisplayTypeFilterFunctionality_Tablet_17-46-17 - [verifyingDisplayTypeFilterFunctionality_Tablet_17-46-17] Within getfilterByTypeAndName method
17:46:54 [TestNG-test-Test-1] INFO  verifyingDisplayTypeFilterFunctionality_Tablet_17-46-17 - [verifyingDisplayTypeFilterFunctionality_Tablet_17-46-17] Within safeClickBooleanWithScreenShot method
17:46:54 [TestNG-test-Test-1] INFO  verifyingDisplayTypeFilterFunctionality_Tablet_17-46-17 - [verifyingDisplayTypeFilterFunctionality_Tablet_17-46-17] Within getAppliedfilterByTypeAndName method
17:46:54 [TestNG-test-Test-1] INFO  verifyingDisplayTypeFilterFunctionality_Tablet_17-46-17 - [verifyingDisplayTypeFilterFunctionality_Tablet_17-46-17] Within smoothScrollToElement method
17:46:54 [TestNG-test-Test-1] INFO  verifyingDisplayTypeFilterFunctionality_Tablet_17-46-17 - [verifyingDisplayTypeFilterFunctionality_Tablet_17-46-17] Within safeFindElement method
17:46:54 [TestNG-test-Test-1] INFO  verifyingDisplayTypeFilterFunctionality_Tablet_17-46-17 - [verifyingDisplayTypeFilterFunctionality_Tablet_17-46-17]Found the element returning it ,element ->[[ChromeDriver: chrome on windows (758b51f088f059fc16e61c16e7984a5b)] -> xpath: //span[@class='a-size-base a-color-base puis-bold-weight-text' and text()='Display Type']]
17:46:55 [TestNG-test-Test-1] INFO  verifyingDisplayTypeFilterFunctionality_Tablet_17-46-17 - [verifyingDisplayTypeFilterFunctionality_Tablet_17-46-17] Successfully scrolled to element: By.xpath: //span[@class='a-size-base a-color-base puis-bold-weight-text' and text()='Display Type']
17:46:55 [TestNG-test-Test-1] INFO  verifyingDisplayTypeFilterFunctionality_Tablet_17-46-17 - [verifyingDisplayTypeFilterFunctionality_Tablet_17-46-17] Within getMoreButtonByFilterTypeAndName method
17:46:55 [TestNG-test-Test-1] INFO  verifyingDisplayTypeFilterFunctionality_Tablet_17-46-17 - [verifyingDisplayTypeFilterFunctionality_Tablet_17-46-17] could not find more button
17:46:55 [TestNG-test-Test-1] INFO  verifyingDisplayTypeFilterFunctionality_Tablet_17-46-17 - [verifyingDisplayTypeFilterFunctionality_Tablet_17-46-17] Within getAppliedfilterByTypeAndName method
17:46:55 [TestNG-test-Test-1] INFO  verifyingDisplayTypeFilterFunctionality_Tablet_17-46-17 - [verifyingDisplayTypeFilterFunctionality_Tablet_17-46-17] Within smoothScrollToElement method
17:46:55 [TestNG-test-Test-1] INFO  verifyingDisplayTypeFilterFunctionality_Tablet_17-46-17 - [verifyingDisplayTypeFilterFunctionality_Tablet_17-46-17] Within safeFindElement method
17:46:56 [TestNG-test-Test-1] INFO  verifyingDisplayTypeFilterFunctionality_Tablet_17-46-17 - [verifyingDisplayTypeFilterFunctionality_Tablet_17-46-17]Found the element returning it ,element ->[[ChromeDriver: chrome on windows (758b51f088f059fc16e61c16e7984a5b)] -> xpath: //span[@class='a-size-base a-color-base puis-bold-weight-text' and text()='Display Type']]
17:46:56 [TestNG-test-Test-1] INFO  verifyingDisplayTypeFilterFunctionality_Tablet_17-46-17 - [verifyingDisplayTypeFilterFunctionality_Tablet_17-46-17] Successfully scrolled to element: By.xpath: //span[@class='a-size-base a-color-base puis-bold-weight-text' and text()='Display Type']
17:46:56 [TestNG-test-Test-1] INFO  verifyingDisplayTypeFilterFunctionality_Tablet_17-46-17 - [verifyingDisplayTypeFilterFunctionality_Tablet_17-46-17] Within getMoreButtonByFilterTypeAndName method
17:46:56 [TestNG-test-Test-1] INFO  verifyingDisplayTypeFilterFunctionality_Tablet_17-46-17 - [verifyingDisplayTypeFilterFunctionality_Tablet_17-46-17] could not find more button
17:46:56 [TestNG-test-Test-1] INFO  verifyingDisplayTypeFilterFunctionality_Tablet_17-46-17 - [verifyingDisplayTypeFilterFunctionality_Tablet_17-46-17] Within getfilterByTypeAndName method
17:46:56 [TestNG-test-Test-1] INFO  verifyingDisplayTypeFilterFunctionality_Tablet_17-46-17 - [verifyingDisplayTypeFilterFunctionality_Tablet_17-46-17] Within smoothScrollToElement method
17:46:56 [TestNG-test-Test-1] INFO  verifyingDisplayTypeFilterFunctionality_Tablet_17-46-17 - [verifyingDisplayTypeFilterFunctionality_Tablet_17-46-17] Within safeFindElement method
17:46:57 [TestNG-test-Test-1] INFO  verifyingDisplayTypeFilterFunctionality_Tablet_17-46-17 - [verifyingDisplayTypeFilterFunctionality_Tablet_17-46-17]Found the element returning it ,element ->[[ChromeDriver: chrome on windows (758b51f088f059fc16e61c16e7984a5b)] -> xpath: //span[@class='a-size-base a-color-base puis-bold-weight-text' and text()='Display Type']/parent::div/following-sibling::ul//span[@class='a-size-base a-color-base a-text-bold' and text()='IPS']]
17:46:57 [TestNG-test-Test-1] INFO  verifyingDisplayTypeFilterFunctionality_Tablet_17-46-17 - [verifyingDisplayTypeFilterFunctionality_Tablet_17-46-17] Successfully scrolled to element: By.xpath: //span[@class='a-size-base a-color-base puis-bold-weight-text' and text()='Display Type']/parent::div/following-sibling::ul//span[@class='a-size-base a-color-base a-text-bold' and text()='IPS']
17:46:57 [TestNG-test-Test-1] INFO  verifyingDisplayTypeFilterFunctionality_Tablet_17-46-17 - [verifyingDisplayTypeFilterFunctionality_Tablet_17-46-17] Clicked the element using safe click ,element is [[ChromeDriver: chrome on windows (758b51f088f059fc16e61c16e7984a5b)] -> xpath: //span[@class='a-size-base a-color-base puis-bold-weight-text' and text()='Display Type']/parent::div/following-sibling::ul//span[@class='a-size-base a-color-base' and text()='IPS']]
17:46:57 [TestNG-test-Test-1] INFO  verifyingDisplayTypeFilterFunctionality_Tablet_17-46-17 - [verifyingDisplayTypeFilterFunctionality_Tablet_17-46-17] Within safeFindElements 
17:46:57 [TestNG-test-Test-1] INFO  verifyingDisplayTypeFilterFunctionality_Tablet_17-46-17 - [verifyingDisplayTypeFilterFunctionality_Tablet_17-46-17] Returning the  [[[ChromeDriver: chrome on windows (758b51f088f059fc16e61c16e7984a5b)] -> xpath: //div[@data-cy='title-recipe']], [[ChromeDriver: chrome on windows (758b51f088f059fc16e61c16e7984a5b)] -> xpath: //div[@data-cy='title-recipe']], [[ChromeDriver: chrome on windows (758b51f088f059fc16e61c16e7984a5b)] -> xpath: //div[@data-cy='title-recipe']], [[ChromeDriver: chrome on windows (758b51f088f059fc16e61c16e7984a5b)] -> xpath: //div[@data-cy='title-recipe']], [[ChromeDriver: chrome on windows (758b51f088f059fc16e61c16e7984a5b)] -> xpath: //div[@data-cy='title-recipe']], [[ChromeDriver: chrome on windows (758b51f088f059fc16e61c16e7984a5b)] -> xpath: //div[@data-cy='title-recipe']], [[ChromeDriver: chrome on windows (758b51f088f059fc16e61c16e7984a5b)] -> xpath: //div[@data-cy='title-recipe']], [[ChromeDriver: chrome on windows (758b51f088f059fc16e61c16e7984a5b)] -> xpath: //div[@data-cy='title-recipe']], [[ChromeDriver: chrome on windows (758b51f088f059fc16e61c16e7984a5b)] -> xpath: //div[@data-cy='title-recipe']], [[ChromeDriver: chrome on windows (758b51f088f059fc16e61c16e7984a5b)] -> xpath: //div[@data-cy='title-recipe']], [[ChromeDriver: chrome on windows (758b51f088f059fc16e61c16e7984a5b)] -> xpath: //div[@data-cy='title-recipe']], [[ChromeDriver: chrome on windows (758b51f088f059fc16e61c16e7984a5b)] -> xpath: //div[@data-cy='title-recipe']], [[ChromeDriver: chrome on windows (758b51f088f059fc16e61c16e7984a5b)] -> xpath: //div[@data-cy='title-recipe']], [[ChromeDriver: chrome on windows (758b51f088f059fc16e61c16e7984a5b)] -> xpath: //div[@data-cy='title-recipe']], [[ChromeDriver: chrome on windows (758b51f088f059fc16e61c16e7984a5b)] -> xpath: //div[@data-cy='title-recipe']], [[ChromeDriver: chrome on windows (758b51f088f059fc16e61c16e7984a5b)] -> xpath: //div[@data-cy='title-recipe']]] from the safeFindElements method
17:46:57 [TestNG-test-Test-1] INFO  verifyingDisplayTypeFilterFunctionality_Tablet_17-46-17 - [verifyingDisplayTypeFilterFunctionality_Tablet_17-46-17] Execution is Not CRON Job Hence refering to normal keys from UtilData
17:46:57 [TestNG-test-Test-1] INFO  verifyingDisplayTypeFilterFunctionality_Tablet_17-46-17 - [verifyingDisplayTypeFilterFunctionality_Tablet_17-46-17] Within safeFindElements 
17:46:57 [TestNG-test-Test-1] INFO  verifyingDisplayTypeFilterFunctionality_Tablet_17-46-17 - [verifyingDisplayTypeFilterFunctionality_Tablet_17-46-17] Returning the  [[[ChromeDriver: chrome on windows (758b51f088f059fc16e61c16e7984a5b)] -> xpath: //div[@data-cy='title-recipe']], [[ChromeDriver: chrome on windows (758b51f088f059fc16e61c16e7984a5b)] -> xpath: //div[@data-cy='title-recipe']], [[ChromeDriver: chrome on windows (758b51f088f059fc16e61c16e7984a5b)] -> xpath: //div[@data-cy='title-recipe']], [[ChromeDriver: chrome on windows (758b51f088f059fc16e61c16e7984a5b)] -> xpath: //div[@data-cy='title-recipe']], [[ChromeDriver: chrome on windows (758b51f088f059fc16e61c16e7984a5b)] -> xpath: //div[@data-cy='title-recipe']], [[ChromeDriver: chrome on windows (758b51f088f059fc16e61c16e7984a5b)] -> xpath: //div[@data-cy='title-recipe']], [[ChromeDriver: chrome on windows (758b51f088f059fc16e61c16e7984a5b)] -> xpath: //div[@data-cy='title-recipe']], [[ChromeDriver: chrome on windows (758b51f088f059fc16e61c16e7984a5b)] -> xpath: //div[@data-cy='title-recipe']], [[ChromeDriver: chrome on windows (758b51f088f059fc16e61c16e7984a5b)] -> xpath: //div[@data-cy='title-recipe']], [[ChromeDriver: chrome on windows (758b51f088f059fc16e61c16e7984a5b)] -> xpath: //div[@data-cy='title-recipe']], [[ChromeDriver: chrome on windows (758b51f088f059fc16e61c16e7984a5b)] -> xpath: //div[@data-cy='title-recipe']], [[ChromeDriver: chrome on windows (758b51f088f059fc16e61c16e7984a5b)] -> xpath: //div[@data-cy='title-recipe']], [[ChromeDriver: chrome on windows (758b51f088f059fc16e61c16e7984a5b)] -> xpath: //div[@data-cy='title-recipe']], [[ChromeDriver: chrome on windows (758b51f088f059fc16e61c16e7984a5b)] -> xpath: //div[@data-cy='title-recipe']], [[ChromeDriver: chrome on windows (758b51f088f059fc16e61c16e7984a5b)] -> xpath: //div[@data-cy='title-recipe']], [[ChromeDriver: chrome on windows (758b51f088f059fc16e61c16e7984a5b)] -> xpath: //div[@data-cy='title-recipe']]] from the safeFindElements method
17:46:57 [TestNG-test-Test-1] INFO  verifyingDisplayTypeFilterFunctionality_Tablet_17-46-17 - [verifyingDisplayTypeFilterFunctionality_Tablet_17-46-17] Within productNameListingPage loop in applyFilterAndValidateProductsWithResult
17:46:57 [TestNG-test-Test-1] INFO  verifyingDisplayTypeFilterFunctionality_Tablet_17-46-17 - [verifyingDisplayTypeFilterFunctionality_Tablet_17-46-17] Within getProductByIndex method
17:46:57 [TestNG-test-Test-1] INFO  verifyingDisplayTypeFilterFunctionality_Tablet_17-46-17 - [verifyingDisplayTypeFilterFunctionality_Tablet_17-46-17] Within safeFindElement method
17:46:57 [TestNG-test-Test-1] INFO  verifyingDisplayTypeFilterFunctionality_Tablet_17-46-17 - [verifyingDisplayTypeFilterFunctionality_Tablet_17-46-17]Found the element returning it ,element ->[[ChromeDriver: chrome on windows (758b51f088f059fc16e61c16e7984a5b)] -> xpath: (//div[@data-cy='title-recipe'])[1]]
17:46:57 [TestNG-test-Test-1] INFO  verifyingDisplayTypeFilterFunctionality_Tablet_17-46-17 - [verifyingDisplayTypeFilterFunctionality_Tablet_17-46-17] Within getProductByIndex method
17:46:57 [TestNG-test-Test-1] INFO  verifyingDisplayTypeFilterFunctionality_Tablet_17-46-17 - [verifyingDisplayTypeFilterFunctionality_Tablet_17-46-17] Within smoothScrollToElement method
17:46:57 [TestNG-test-Test-1] INFO  verifyingDisplayTypeFilterFunctionality_Tablet_17-46-17 - [verifyingDisplayTypeFilterFunctionality_Tablet_17-46-17] Within safeFindElement method
17:46:57 [TestNG-test-Test-1] INFO  verifyingDisplayTypeFilterFunctionality_Tablet_17-46-17 - [verifyingDisplayTypeFilterFunctionality_Tablet_17-46-17]Found the element returning it ,element ->[[ChromeDriver: chrome on windows (758b51f088f059fc16e61c16e7984a5b)] -> xpath: (//div[@data-cy='title-recipe'])[1]]
17:46:57 [TestNG-test-Test-1] INFO  verifyingDisplayTypeFilterFunctionality_Tablet_17-46-17 - [verifyingDisplayTypeFilterFunctionality_Tablet_17-46-17] Successfully scrolled to element: By.xpath: (//div[@data-cy='title-recipe'])[1]
17:46:57 [TestNG-test-Test-1] INFO  verifyingDisplayTypeFilterFunctionality_Tablet_17-46-17 - [verifyingDisplayTypeFilterFunctionality_Tablet_17-46-17] Getting product by index in productNameListingPage loop
17:46:58 [TestNG-test-Test-1] INFO  verifyingDisplayTypeFilterFunctionality_Tablet_17-46-17 - [verifyingDisplayTypeFilterFunctionality_Tablet_17-46-17] Opened product in new tab via Ctrl+Click inside productNameListingPage loop
17:46:58 [TestNG-test-Test-1] INFO  verifyingDisplayTypeFilterFunctionality_Tablet_17-46-17 - [verifyingDisplayTypeFilterFunctionality_Tablet_17-46-17] Waiting for new window to open...
17:46:58 [TestNG-test-Test-1] INFO  verifyingDisplayTypeFilterFunctionality_Tablet_17-46-17 - [verifyingDisplayTypeFilterFunctionality_Tablet_17-46-17] Switched to new window -> A9842E12FCD047B4D89136674942CF22
17:46:58 [TestNG-test-Test-1] INFO  verifyingDisplayTypeFilterFunctionality_Tablet_17-46-17 - [verifyingDisplayTypeFilterFunctionality_Tablet_17-46-17] Swithcing to the new window  within productNameListingPage loop
17:46:58 [TestNG-test-Test-1] INFO  verifyingDisplayTypeFilterFunctionality_Tablet_17-46-17 - [verifyingDisplayTypeFilterFunctionality_Tablet_17-46-17] Clicked product name to open in new tab from productNameListingPage loop
17:46:58 [TestNG-test-Test-1] INFO  verifyingDisplayTypeFilterFunctionality_Tablet_17-46-17 - [verifyingDisplayTypeFilterFunctionality_Tablet_17-46-17] Waiting until element is visible in viewport
17:47:02 [TestNG-test-Test-1] WARN  verifyingDisplayTypeFilterFunctionality_Tablet_17-46-17 - [verifyingDisplayTypeFilterFunctionality_Tablet_17-46-17] Product detail page did not load for index 1 filter 'IPS'; skipping detail scrape to avoid redundant retries/timeouts
17:47:02 [TestNG-test-Test-1] INFO  verifyingDisplayTypeFilterFunctionality_Tablet_17-46-17 - [verifyingDisplayTypeFilterFunctionality_Tablet_17-46-17] Within closeCurrentWindowAndSwitchBack method
17:47:02 [TestNG-test-Test-1] INFO  verifyingDisplayTypeFilterFunctionality_Tablet_17-46-17 - [verifyingDisplayTypeFilterFunctionality_Tablet_17-46-17] Total open windows/tabs count -> 2
17:47:02 [TestNG-test-Test-1] INFO  verifyingDisplayTypeFilterFunctionality_Tablet_17-46-17 - [verifyingDisplayTypeFilterFunctionality_Tablet_17-46-17] Original window handle -> E1E02792BFDF93CA10A881B3E0A1D4F3
17:47:02 [TestNG-test-Test-1] INFO  verifyingDisplayTypeFilterFunctionality_Tablet_17-46-17 - [verifyingDisplayTypeFilterFunctionality_Tablet_17-46-17] Found new tab/window handle -> A9842E12FCD047B4D89136674942CF22 (will be closed)
17:47:02 [TestNG-test-Test-1] INFO  verifyingDisplayTypeFilterFunctionality_Tablet_17-46-17 - [verifyingDisplayTypeFilterFunctionality_Tablet_17-46-17] Successfully switched to new tab/window -> A9842E12FCD047B4D89136674942CF22
17:47:02 [TestNG-test-Test-1] INFO  verifyingDisplayTypeFilterFunctionality_Tablet_17-46-17 - [verifyingDisplayTypeFilterFunctionality_Tablet_17-46-17] Closed the newly opened tab/window -> A9842E12FCD047B4D89136674942CF22
17:47:02 [TestNG-test-Test-1] INFO  verifyingDisplayTypeFilterFunctionality_Tablet_17-46-17 - [verifyingDisplayTypeFilterFunctionality_Tablet_17-46-17] Switched back to the original window -> E1E02792BFDF93CA10A881B3E0A1D4F3
17:47:02 [TestNG-test-Test-1] INFO  verifyingDisplayTypeFilterFunctionality_Tablet_17-46-17 - [verifyingDisplayTypeFilterFunctionality_Tablet_17-46-17]  going back to product listing via closeCurrentWindowAndSwitchBack 
17:47:02 [TestNG-test-Test-1] INFO  verifyingDisplayTypeFilterFunctionality_Tablet_17-46-17 - [verifyingDisplayTypeFilterFunctionality_Tablet_17-46-17]  Added 'filter','title','keyFeatures', 'about', 'techDetails' into the Map -> productResult
17:47:02 [TestNG-test-Test-1] INFO  verifyingDisplayTypeFilterFunctionality_Tablet_17-46-17 - [verifyingDisplayTypeFilterFunctionality_Tablet_17-46-17]  Added 'productResult' Map into the 'results' i.e list of maps 
17:47:02 [TestNG-test-Test-1] INFO  verifyingDisplayTypeFilterFunctionality_Tablet_17-46-17 - [verifyingDisplayTypeFilterFunctionality_Tablet_17-46-17]==========================================================================================================
17:47:02 [TestNG-test-Test-1] INFO  verifyingDisplayTypeFilterFunctionality_Tablet_17-46-17 - [verifyingDisplayTypeFilterFunctionality_Tablet_17-46-17] Within safeFindElements 
17:47:02 [TestNG-test-Test-1] INFO  verifyingDisplayTypeFilterFunctionality_Tablet_17-46-17 - [verifyingDisplayTypeFilterFunctionality_Tablet_17-46-17] Returning the  [[[ChromeDriver: chrome on windows (758b51f088f059fc16e61c16e7984a5b)] -> xpath: //div[@data-cy='title-recipe']], [[ChromeDriver: chrome on windows (758b51f088f059fc16e61c16e7984a5b)] -> xpath: //div[@data-cy='title-recipe']], [[ChromeDriver: chrome on windows (758b51f088f059fc16e61c16e7984a5b)] -> xpath: //div[@data-cy='title-recipe']], [[ChromeDriver: chrome on windows (758b51f088f059fc16e61c16e7984a5b)] -> xpath: //div[@data-cy='title-recipe']], [[ChromeDriver: chrome on windows (758b51f088f059fc16e61c16e7984a5b)] -> xpath: //div[@data-cy='title-recipe']], [[ChromeDriver: chrome on windows (758b51f088f059fc16e61c16e7984a5b)] -> xpath: //div[@data-cy='title-recipe']], [[ChromeDriver: chrome on windows (758b51f088f059fc16e61c16e7984a5b)] -> xpath: //div[@data-cy='title-recipe']], [[ChromeDriver: chrome on windows (758b51f088f059fc16e61c16e7984a5b)] -> xpath: //div[@data-cy='title-recipe']], [[ChromeDriver: chrome on windows (758b51f088f059fc16e61c16e7984a5b)] -> xpath: //div[@data-cy='title-recipe']], [[ChromeDriver: chrome on windows (758b51f088f059fc16e61c16e7984a5b)] -> xpath: //div[@data-cy='title-recipe']], [[ChromeDriver: chrome on windows (758b51f088f059fc16e61c16e7984a5b)] -> xpath: //div[@data-cy='title-recipe']], [[ChromeDriver: chrome on windows (758b51f088f059fc16e61c16e7984a5b)] -> xpath: //div[@data-cy='title-recipe']], [[ChromeDriver: chrome on windows (758b51f088f059fc16e61c16e7984a5b)] -> xpath: //div[@data-cy='title-recipe']], [[ChromeDriver: chrome on windows (758b51f088f059fc16e61c16e7984a5b)] -> xpath: //div[@data-cy='title-recipe']], [[ChromeDriver: chrome on windows (758b51f088f059fc16e61c16e7984a5b)] -> xpath: //div[@data-cy='title-recipe']], [[ChromeDriver: chrome on windows (758b51f088f059fc16e61c16e7984a5b)] -> xpath: //div[@data-cy='title-recipe']]] from the safeFindElements method
17:47:02 [TestNG-test-Test-1] INFO  verifyingDisplayTypeFilterFunctionality_Tablet_17-46-17 - [verifyingDisplayTypeFilterFunctionality_Tablet_17-46-17] Within productNameListingPage loop in applyFilterAndValidateProductsWithResult
17:47:02 [TestNG-test-Test-1] INFO  verifyingDisplayTypeFilterFunctionality_Tablet_17-46-17 - [verifyingDisplayTypeFilterFunctionality_Tablet_17-46-17] Within getProductByIndex method
17:47:02 [TestNG-test-Test-1] INFO  verifyingDisplayTypeFilterFunctionality_Tablet_17-46-17 - [verifyingDisplayTypeFilterFunctionality_Tablet_17-46-17] Within safeFindElement method
17:47:02 [TestNG-test-Test-1] INFO  verifyingDisplayTypeFilterFunctionality_Tablet_17-46-17 - [verifyingDisplayTypeFilterFunctionality_Tablet_17-46-17]Found the element returning it ,element ->[[ChromeDriver: chrome on windows (758b51f088f059fc16e61c16e7984a5b)] -> xpath: (//div[@data-cy='title-recipe'])[2]]
17:47:02 [TestNG-test-Test-1] INFO  verifyingDisplayTypeFilterFunctionality_Tablet_17-46-17 - [verifyingDisplayTypeFilterFunctionality_Tablet_17-46-17] Within getProductByIndex method
17:47:02 [TestNG-test-Test-1] INFO  verifyingDisplayTypeFilterFunctionality_Tablet_17-46-17 - [verifyingDisplayTypeFilterFunctionality_Tablet_17-46-17] Within smoothScrollToElement method
17:47:02 [TestNG-test-Test-1] INFO  verifyingDisplayTypeFilterFunctionality_Tablet_17-46-17 - [verifyingDisplayTypeFilterFunctionality_Tablet_17-46-17] Within safeFindElement method
17:47:02 [TestNG-test-Test-1] INFO  verifyingDisplayTypeFilterFunctionality_Tablet_17-46-17 - [verifyingDisplayTypeFilterFunctionality_Tablet_17-46-17]Found the element returning it ,element ->[[ChromeDriver: chrome on windows (758b51f088f059fc16e61c16e7984a5b)] -> xpath: (//div[@data-cy='title-recipe'])[2]]
17:47:02 [TestNG-test-Test-1] INFO  verifyingDisplayTypeFilterFunctionality_Tablet_17-46-17 - [verifyingDisplayTypeFilterFunctionality_Tablet_17-46-17] Successfully scrolled to element: By.xpath: (//div[@data-cy='title-recipe'])[2]
17:47:02 [TestNG-test-Test-1] INFO  verifyingDisplayTypeFilterFunctionality_Tablet_17-46-17 - [verifyingDisplayTypeFilterFunctionality_Tablet_17-46-17] Getting product by index in productNameListingPage loop
17:47:03 [TestNG-test-Test-1] INFO  verifyingDisplayTypeFilterFunctionality_Tablet_17-46-17 - [verifyingDisplayTypeFilterFunctionality_Tablet_17-46-17] Opened product in new tab via Ctrl+Click inside productNameListingPage loop
17:47:03 [TestNG-test-Test-1] INFO  verifyingDisplayTypeFilterFunctionality_Tablet_17-46-17 - [verifyingDisplayTypeFilterFunctionality_Tablet_17-46-17] Waiting for new window to open...
17:47:04 [TestNG-test-Test-1] INFO  verifyingDisplayTypeFilterFunctionality_Tablet_17-46-17 - [verifyingDisplayTypeFilterFunctionality_Tablet_17-46-17] Switched to new window -> 884485D0B04FFBADCDC26A69A97FCFB5
17:47:04 [TestNG-test-Test-1] INFO  verifyingDisplayTypeFilterFunctionality_Tablet_17-46-17 - [verifyingDisplayTypeFilterFunctionality_Tablet_17-46-17] Swithcing to the new window  within productNameListingPage loop
17:47:04 [TestNG-test-Test-1] INFO  verifyingDisplayTypeFilterFunctionality_Tablet_17-46-17 - [verifyingDisplayTypeFilterFunctionality_Tablet_17-46-17] Clicked product name to open in new tab from productNameListingPage loop
17:47:04 [TestNG-test-Test-1] INFO  verifyingDisplayTypeFilterFunctionality_Tablet_17-46-17 - [verifyingDisplayTypeFilterFunctionality_Tablet_17-46-17] Waiting until element is visible in viewport
17:47:07 [TestNG-test-Test-1] WARN  verifyingDisplayTypeFilterFunctionality_Tablet_17-46-17 - [verifyingDisplayTypeFilterFunctionality_Tablet_17-46-17] Product detail page did not load for index 2 filter 'IPS'; skipping detail scrape to avoid redundant retries/timeouts
17:47:07 [TestNG-test-Test-1] INFO  verifyingDisplayTypeFilterFunctionality_Tablet_17-46-17 - [verifyingDisplayTypeFilterFunctionality_Tablet_17-46-17] Within closeCurrentWindowAndSwitchBack method
17:47:07 [TestNG-test-Test-1] INFO  verifyingDisplayTypeFilterFunctionality_Tablet_17-46-17 - [verifyingDisplayTypeFilterFunctionality_Tablet_17-46-17] Total open windows/tabs count -> 2
17:47:07 [TestNG-test-Test-1] INFO  verifyingDisplayTypeFilterFunctionality_Tablet_17-46-17 - [verifyingDisplayTypeFilterFunctionality_Tablet_17-46-17] Original window handle -> E1E02792BFDF93CA10A881B3E0A1D4F3
17:47:07 [TestNG-test-Test-1] INFO  verifyingDisplayTypeFilterFunctionality_Tablet_17-46-17 - [verifyingDisplayTypeFilterFunctionality_Tablet_17-46-17] Found new tab/window handle -> 884485D0B04FFBADCDC26A69A97FCFB5 (will be closed)
17:47:07 [TestNG-test-Test-1] INFO  verifyingDisplayTypeFilterFunctionality_Tablet_17-46-17 - [verifyingDisplayTypeFilterFunctionality_Tablet_17-46-17] Successfully switched to new tab/window -> 884485D0B04FFBADCDC26A69A97FCFB5
17:47:07 [TestNG-test-Test-1] INFO  verifyingDisplayTypeFilterFunctionality_Tablet_17-46-17 - [verifyingDisplayTypeFilterFunctionality_Tablet_17-46-17] Closed the newly opened tab/window -> 884485D0B04FFBADCDC26A69A97FCFB5
17:47:07 [TestNG-test-Test-1] INFO  verifyingDisplayTypeFilterFunctionality_Tablet_17-46-17 - [verifyingDisplayTypeFilterFunctionality_Tablet_17-46-17] Switched back to the original window -> E1E02792BFDF93CA10A881B3E0A1D4F3
17:47:07 [TestNG-test-Test-1] INFO  verifyingDisplayTypeFilterFunctionality_Tablet_17-46-17 - [verifyingDisplayTypeFilterFunctionality_Tablet_17-46-17]  going back to product listing via closeCurrentWindowAndSwitchBack 
17:47:07 [TestNG-test-Test-1] INFO  verifyingDisplayTypeFilterFunctionality_Tablet_17-46-17 - [verifyingDisplayTypeFilterFunctionality_Tablet_17-46-17]  Added 'filter','title','keyFeatures', 'about', 'techDetails' into the Map -> productResult
17:47:07 [TestNG-test-Test-1] INFO  verifyingDisplayTypeFilterFunctionality_Tablet_17-46-17 - [verifyingDisplayTypeFilterFunctionality_Tablet_17-46-17]  Added 'productResult' Map into the 'results' i.e list of maps 
17:47:07 [TestNG-test-Test-1] INFO  verifyingDisplayTypeFilterFunctionality_Tablet_17-46-17 - [verifyingDisplayTypeFilterFunctionality_Tablet_17-46-17]==========================================================================================================
17:47:07 [TestNG-test-Test-1] INFO  verifyingDisplayTypeFilterFunctionality_Tablet_17-46-17 - [verifyingDisplayTypeFilterFunctionality_Tablet_17-46-17] Within safeClick method
17:47:07 [TestNG-test-Test-1] INFO  verifyingDisplayTypeFilterFunctionality_Tablet_17-46-17 - [verifyingDisplayTypeFilterFunctionality_Tablet_17-46-17] Clicked the  [[ChromeDriver: chrome on windows (758b51f088f059fc16e61c16e7984a5b)] -> xpath: //span[@class='a-size-base a-color-base' and text()='Clear']]   using safeClick
17:47:07 [TestNG-test-Test-1] INFO  verifyingDisplayTypeFilterFunctionality_Tablet_17-46-17 - [verifyingDisplayTypeFilterFunctionality_Tablet_17-46-17] Clearing the filter value ->IPSwithin productNameListingPage loop
17:47:07 [TestNG-test-Test-1] INFO  verifyingDisplayTypeFilterFunctionality_Tablet_17-46-17 - [verifyingDisplayTypeFilterFunctionality_Tablet_17-46-17]==========================================================================================================
17:47:07 [TestNG-test-Test-1] INFO  verifyingDisplayTypeFilterFunctionality_Tablet_17-46-17 - [verifyingDisplayTypeFilterFunctionality_Tablet_17-46-17]==========================================================================================================
17:47:07 [TestNG-test-Test-1] INFO  verifyingDisplayTypeFilterFunctionality_Tablet_17-46-17 - [verifyingDisplayTypeFilterFunctionality_Tablet_17-46-17] Within filterOptions loop in applyFilterAndValidateProductsWithResult
17:47:07 [TestNG-test-Test-1] INFO  verifyingDisplayTypeFilterFunctionality_Tablet_17-46-17 - [verifyingDisplayTypeFilterFunctionality_Tablet_17-46-17] Within safeFindElements 
17:47:09 [TestNG-test-Test-1] INFO  verifyingDisplayTypeFilterFunctionality_Tablet_17-46-17 - [verifyingDisplayTypeFilterFunctionality_Tablet_17-46-17] Returning the  [[[ChromeDriver: chrome on windows (758b51f088f059fc16e61c16e7984a5b)] -> xpath: //span[@class='a-size-base a-color-base puis-bold-weight-text' and text()='Display Type']/parent::div/following-sibling::ul//span[@class='a-size-base a-color-base']], [[ChromeDriver: chrome on windows (758b51f088f059fc16e61c16e7984a5b)] -> xpath: //span[@class='a-size-base a-color-base puis-bold-weight-text' and text()='Display Type']/parent::div/following-sibling::ul//span[@class='a-size-base a-color-base']], [[ChromeDriver: chrome on windows (758b51f088f059fc16e61c16e7984a5b)] -> xpath: //span[@class='a-size-base a-color-base puis-bold-weight-text' and text()='Display Type']/parent::div/following-sibling::ul//span[@class='a-size-base a-color-base']], [[ChromeDriver: chrome on windows (758b51f088f059fc16e61c16e7984a5b)] -> xpath: //span[@class='a-size-base a-color-base puis-bold-weight-text' and text()='Display Type']/parent::div/following-sibling::ul//span[@class='a-size-base a-color-base']], [[ChromeDriver: chrome on windows (758b51f088f059fc16e61c16e7984a5b)] -> xpath: //span[@class='a-size-base a-color-base puis-bold-weight-text' and text()='Display Type']/parent::div/following-sibling::ul//span[@class='a-size-base a-color-base']]] from the safeFindElements method
17:47:09 [TestNG-test-Test-1] INFO  verifyingDisplayTypeFilterFunctionality_Tablet_17-46-17 - [verifyingDisplayTypeFilterFunctionality_Tablet_17-46-17] Trying to read filter option 2 (attempt 1/3)
17:47:09 [TestNG-test-Test-1] INFO  verifyingDisplayTypeFilterFunctionality_Tablet_17-46-17 - [verifyingDisplayTypeFilterFunctionality_Tablet_17-46-17] Successfully read filter option 2 = 'LCD'
17:47:09 [TestNG-test-Test-1] INFO  verifyingDisplayTypeFilterFunctionality_Tablet_17-46-17 - [verifyingDisplayTypeFilterFunctionality_Tablet_17-46-17] Within getfilterByTypeAndName method
17:47:09 [TestNG-test-Test-1] INFO  verifyingDisplayTypeFilterFunctionality_Tablet_17-46-17 - [verifyingDisplayTypeFilterFunctionality_Tablet_17-46-17] Within safeClickBooleanWithScreenShot method
17:47:09 [TestNG-test-Test-1] INFO  verifyingDisplayTypeFilterFunctionality_Tablet_17-46-17 - [verifyingDisplayTypeFilterFunctionality_Tablet_17-46-17] Within getAppliedfilterByTypeAndName method
17:47:09 [TestNG-test-Test-1] INFO  verifyingDisplayTypeFilterFunctionality_Tablet_17-46-17 - [verifyingDisplayTypeFilterFunctionality_Tablet_17-46-17] Within smoothScrollToElement method
17:47:09 [TestNG-test-Test-1] INFO  verifyingDisplayTypeFilterFunctionality_Tablet_17-46-17 - [verifyingDisplayTypeFilterFunctionality_Tablet_17-46-17] Within safeFindElement method
17:47:09 [TestNG-test-Test-1] INFO  verifyingDisplayTypeFilterFunctionality_Tablet_17-46-17 - [verifyingDisplayTypeFilterFunctionality_Tablet_17-46-17]Found the element returning it ,element ->[[ChromeDriver: chrome on windows (758b51f088f059fc16e61c16e7984a5b)] -> xpath: //span[@class='a-size-base a-color-base puis-bold-weight-text' and text()='Display Type']]
17:47:09 [TestNG-test-Test-1] INFO  verifyingDisplayTypeFilterFunctionality_Tablet_17-46-17 - [verifyingDisplayTypeFilterFunctionality_Tablet_17-46-17] Successfully scrolled to element: By.xpath: //span[@class='a-size-base a-color-base puis-bold-weight-text' and text()='Display Type']
17:47:09 [TestNG-test-Test-1] INFO  verifyingDisplayTypeFilterFunctionality_Tablet_17-46-17 - [verifyingDisplayTypeFilterFunctionality_Tablet_17-46-17] Within getMoreButtonByFilterTypeAndName method
17:47:09 [TestNG-test-Test-1] INFO  verifyingDisplayTypeFilterFunctionality_Tablet_17-46-17 - [verifyingDisplayTypeFilterFunctionality_Tablet_17-46-17] could not find more button
17:47:09 [TestNG-test-Test-1] INFO  verifyingDisplayTypeFilterFunctionality_Tablet_17-46-17 - [verifyingDisplayTypeFilterFunctionality_Tablet_17-46-17] Within getAppliedfilterByTypeAndName method
17:47:09 [TestNG-test-Test-1] INFO  verifyingDisplayTypeFilterFunctionality_Tablet_17-46-17 - [verifyingDisplayTypeFilterFunctionality_Tablet_17-46-17] Within smoothScrollToElement method
17:47:09 [TestNG-test-Test-1] INFO  verifyingDisplayTypeFilterFunctionality_Tablet_17-46-17 - [verifyingDisplayTypeFilterFunctionality_Tablet_17-46-17] Within safeFindElement method
17:47:11 [TestNG-test-Test-1] INFO  verifyingDisplayTypeFilterFunctionality_Tablet_17-46-17 - [verifyingDisplayTypeFilterFunctionality_Tablet_17-46-17]Found the element returning it ,element ->[[ChromeDriver: chrome on windows (758b51f088f059fc16e61c16e7984a5b)] -> xpath: //span[@class='a-size-base a-color-base puis-bold-weight-text' and text()='Display Type']]
17:47:11 [TestNG-test-Test-1] INFO  verifyingDisplayTypeFilterFunctionality_Tablet_17-46-17 - [verifyingDisplayTypeFilterFunctionality_Tablet_17-46-17] Successfully scrolled to element: By.xpath: //span[@class='a-size-base a-color-base puis-bold-weight-text' and text()='Display Type']
17:47:11 [TestNG-test-Test-1] INFO  verifyingDisplayTypeFilterFunctionality_Tablet_17-46-17 - [verifyingDisplayTypeFilterFunctionality_Tablet_17-46-17] Within getMoreButtonByFilterTypeAndName method
17:47:11 [TestNG-test-Test-1] INFO  verifyingDisplayTypeFilterFunctionality_Tablet_17-46-17 - [verifyingDisplayTypeFilterFunctionality_Tablet_17-46-17] could not find more button
17:47:11 [TestNG-test-Test-1] INFO  verifyingDisplayTypeFilterFunctionality_Tablet_17-46-17 - [verifyingDisplayTypeFilterFunctionality_Tablet_17-46-17] Within getfilterByTypeAndName method
17:47:11 [TestNG-test-Test-1] INFO  verifyingDisplayTypeFilterFunctionality_Tablet_17-46-17 - [verifyingDisplayTypeFilterFunctionality_Tablet_17-46-17] Within smoothScrollToElement method
17:47:11 [TestNG-test-Test-1] INFO  verifyingDisplayTypeFilterFunctionality_Tablet_17-46-17 - [verifyingDisplayTypeFilterFunctionality_Tablet_17-46-17] Within safeFindElement method
17:47:12 [TestNG-test-Test-1] INFO  verifyingDisplayTypeFilterFunctionality_Tablet_17-46-17 - [verifyingDisplayTypeFilterFunctionality_Tablet_17-46-17]Found the element returning it ,element ->[[ChromeDriver: chrome on windows (758b51f088f059fc16e61c16e7984a5b)] -> xpath: //span[@class='a-size-base a-color-base puis-bold-weight-text' and text()='Display Type']/parent::div/following-sibling::ul//span[@class='a-size-base a-color-base a-text-bold' and text()='LCD']]
17:47:12 [TestNG-test-Test-1] INFO  verifyingDisplayTypeFilterFunctionality_Tablet_17-46-17 - [verifyingDisplayTypeFilterFunctionality_Tablet_17-46-17] Successfully scrolled to element: By.xpath: //span[@class='a-size-base a-color-base puis-bold-weight-text' and text()='Display Type']/parent::div/following-sibling::ul//span[@class='a-size-base a-color-base a-text-bold' and text()='LCD']
17:47:12 [TestNG-test-Test-1] INFO  verifyingDisplayTypeFilterFunctionality_Tablet_17-46-17 - [verifyingDisplayTypeFilterFunctionality_Tablet_17-46-17] Clicked the element using safe click ,element is [[ChromeDriver: chrome on windows (758b51f088f059fc16e61c16e7984a5b)] -> xpath: //span[@class='a-size-base a-color-base puis-bold-weight-text' and text()='Display Type']/parent::div/following-sibling::ul//span[@class='a-size-base a-color-base' and text()='LCD']]
17:47:12 [TestNG-test-Test-1] INFO  verifyingDisplayTypeFilterFunctionality_Tablet_17-46-17 - [verifyingDisplayTypeFilterFunctionality_Tablet_17-46-17] Within safeFindElements 
17:47:12 [TestNG-test-Test-1] INFO  verifyingDisplayTypeFilterFunctionality_Tablet_17-46-17 - [verifyingDisplayTypeFilterFunctionality_Tablet_17-46-17] Returning the  [[[ChromeDriver: chrome on windows (758b51f088f059fc16e61c16e7984a5b)] -> xpath: //div[@data-cy='title-recipe']], [[ChromeDriver: chrome on windows (758b51f088f059fc16e61c16e7984a5b)] -> xpath: //div[@data-cy='title-recipe']], [[ChromeDriver: chrome on windows (758b51f088f059fc16e61c16e7984a5b)] -> xpath: //div[@data-cy='title-recipe']], [[ChromeDriver: chrome on windows (758b51f088f059fc16e61c16e7984a5b)] -> xpath: //div[@data-cy='title-recipe']], [[ChromeDriver: chrome on windows (758b51f088f059fc16e61c16e7984a5b)] -> xpath: //div[@data-cy='title-recipe']], [[ChromeDriver: chrome on windows (758b51f088f059fc16e61c16e7984a5b)] -> xpath: //div[@data-cy='title-recipe']], [[ChromeDriver: chrome on windows (758b51f088f059fc16e61c16e7984a5b)] -> xpath: //div[@data-cy='title-recipe']], [[ChromeDriver: chrome on windows (758b51f088f059fc16e61c16e7984a5b)] -> xpath: //div[@data-cy='title-recipe']], [[ChromeDriver: chrome on windows (758b51f088f059fc16e61c16e7984a5b)] -> xpath: //div[@data-cy='title-recipe']], [[ChromeDriver: chrome on windows (758b51f088f059fc16e61c16e7984a5b)] -> xpath: //div[@data-cy='title-recipe']], [[ChromeDriver: chrome on windows (758b51f088f059fc16e61c16e7984a5b)] -> xpath: //div[@data-cy='title-recipe']], [[ChromeDriver: chrome on windows (758b51f088f059fc16e61c16e7984a5b)] -> xpath: //div[@data-cy='title-recipe']], [[ChromeDriver: chrome on windows (758b51f088f059fc16e61c16e7984a5b)] -> xpath: //div[@data-cy='title-recipe']], [[ChromeDriver: chrome on windows (758b51f088f059fc16e61c16e7984a5b)] -> xpath: //div[@data-cy='title-recipe']], [[ChromeDriver: chrome on windows (758b51f088f059fc16e61c16e7984a5b)] -> xpath: //div[@data-cy='title-recipe']], [[ChromeDriver: chrome on windows (758b51f088f059fc16e61c16e7984a5b)] -> xpath: //div[@data-cy='title-recipe']]] from the safeFindElements method
17:47:12 [TestNG-test-Test-1] INFO  verifyingDisplayTypeFilterFunctionality_Tablet_17-46-17 - [verifyingDisplayTypeFilterFunctionality_Tablet_17-46-17] Execution is Not CRON Job Hence refering to normal keys from UtilData
17:47:12 [TestNG-test-Test-1] INFO  verifyingDisplayTypeFilterFunctionality_Tablet_17-46-17 - [verifyingDisplayTypeFilterFunctionality_Tablet_17-46-17] Within safeFindElements 
17:47:12 [TestNG-test-Test-1] INFO  verifyingDisplayTypeFilterFunctionality_Tablet_17-46-17 - [verifyingDisplayTypeFilterFunctionality_Tablet_17-46-17] Returning the  [[[ChromeDriver: chrome on windows (758b51f088f059fc16e61c16e7984a5b)] -> xpath: //div[@data-cy='title-recipe']], [[ChromeDriver: chrome on windows (758b51f088f059fc16e61c16e7984a5b)] -> xpath: //div[@data-cy='title-recipe']], [[ChromeDriver: chrome on windows (758b51f088f059fc16e61c16e7984a5b)] -> xpath: //div[@data-cy='title-recipe']], [[ChromeDriver: chrome on windows (758b51f088f059fc16e61c16e7984a5b)] -> xpath: //div[@data-cy='title-recipe']], [[ChromeDriver: chrome on windows (758b51f088f059fc16e61c16e7984a5b)] -> xpath: //div[@data-cy='title-recipe']], [[ChromeDriver: chrome on windows (758b51f088f059fc16e61c16e7984a5b)] -> xpath: //div[@data-cy='title-recipe']], [[ChromeDriver: chrome on windows (758b51f088f059fc16e61c16e7984a5b)] -> xpath: //div[@data-cy='title-recipe']], [[ChromeDriver: chrome on windows (758b51f088f059fc16e61c16e7984a5b)] -> xpath: //div[@data-cy='title-recipe']], [[ChromeDriver: chrome on windows (758b51f088f059fc16e61c16e7984a5b)] -> xpath: //div[@data-cy='title-recipe']], [[ChromeDriver: chrome on windows (758b51f088f059fc16e61c16e7984a5b)] -> xpath: //div[@data-cy='title-recipe']], [[ChromeDriver: chrome on windows (758b51f088f059fc16e61c16e7984a5b)] -> xpath: //div[@data-cy='title-recipe']], [[ChromeDriver: chrome on windows (758b51f088f059fc16e61c16e7984a5b)] -> xpath: //div[@data-cy='title-recipe']], [[ChromeDriver: chrome on windows (758b51f088f059fc16e61c16e7984a5b)] -> xpath: //div[@data-cy='title-recipe']], [[ChromeDriver: chrome on windows (758b51f088f059fc16e61c16e7984a5b)] -> xpath: //div[@data-cy='title-recipe']], [[ChromeDriver: chrome on windows (758b51f088f059fc16e61c16e7984a5b)] -> xpath: //div[@data-cy='title-recipe']], [[ChromeDriver: chrome on windows (758b51f088f059fc16e61c16e7984a5b)] -> xpath: //div[@data-cy='title-recipe']]] from the safeFindElements method
17:47:12 [TestNG-test-Test-1] INFO  verifyingDisplayTypeFilterFunctionality_Tablet_17-46-17 - [verifyingDisplayTypeFilterFunctionality_Tablet_17-46-17] Within productNameListingPage loop in applyFilterAndValidateProductsWithResult
17:47:12 [TestNG-test-Test-1] INFO  verifyingDisplayTypeFilterFunctionality_Tablet_17-46-17 - [verifyingDisplayTypeFilterFunctionality_Tablet_17-46-17] Within getProductByIndex method
17:47:12 [TestNG-test-Test-1] INFO  verifyingDisplayTypeFilterFunctionality_Tablet_17-46-17 - [verifyingDisplayTypeFilterFunctionality_Tablet_17-46-17] Within safeFindElement method
17:47:12 [TestNG-test-Test-1] INFO  verifyingDisplayTypeFilterFunctionality_Tablet_17-46-17 - [verifyingDisplayTypeFilterFunctionality_Tablet_17-46-17]Found the element returning it ,element ->[[ChromeDriver: chrome on windows (758b51f088f059fc16e61c16e7984a5b)] -> xpath: (//div[@data-cy='title-recipe'])[1]]
17:47:12 [TestNG-test-Test-1] INFO  verifyingDisplayTypeFilterFunctionality_Tablet_17-46-17 - [verifyingDisplayTypeFilterFunctionality_Tablet_17-46-17] Within getProductByIndex method
17:47:12 [TestNG-test-Test-1] INFO  verifyingDisplayTypeFilterFunctionality_Tablet_17-46-17 - [verifyingDisplayTypeFilterFunctionality_Tablet_17-46-17] Within smoothScrollToElement method
17:47:12 [TestNG-test-Test-1] INFO  verifyingDisplayTypeFilterFunctionality_Tablet_17-46-17 - [verifyingDisplayTypeFilterFunctionality_Tablet_17-46-17] Within safeFindElement method
17:47:12 [TestNG-test-Test-1] INFO  verifyingDisplayTypeFilterFunctionality_Tablet_17-46-17 - [verifyingDisplayTypeFilterFunctionality_Tablet_17-46-17]Found the element returning it ,element ->[[ChromeDriver: chrome on windows (758b51f088f059fc16e61c16e7984a5b)] -> xpath: (//div[@data-cy='title-recipe'])[1]]
17:47:12 [TestNG-test-Test-1] INFO  verifyingDisplayTypeFilterFunctionality_Tablet_17-46-17 - [verifyingDisplayTypeFilterFunctionality_Tablet_17-46-17] Successfully scrolled to element: By.xpath: (//div[@data-cy='title-recipe'])[1]
17:47:12 [TestNG-test-Test-1] INFO  verifyingDisplayTypeFilterFunctionality_Tablet_17-46-17 - [verifyingDisplayTypeFilterFunctionality_Tablet_17-46-17] Getting product by index in productNameListingPage loop
17:47:12 [TestNG-test-Test-1] INFO  verifyingDisplayTypeFilterFunctionality_Tablet_17-46-17 - [verifyingDisplayTypeFilterFunctionality_Tablet_17-46-17] Opened product in new tab via Ctrl+Click inside productNameListingPage loop
17:47:12 [TestNG-test-Test-1] INFO  verifyingDisplayTypeFilterFunctionality_Tablet_17-46-17 - [verifyingDisplayTypeFilterFunctionality_Tablet_17-46-17] Waiting for new window to open...
17:47:12 [TestNG-test-Test-1] INFO  verifyingDisplayTypeFilterFunctionality_Tablet_17-46-17 - [verifyingDisplayTypeFilterFunctionality_Tablet_17-46-17] Switched to new window -> 10990B83CF39055FC935B61631B73CEB
17:47:12 [TestNG-test-Test-1] INFO  verifyingDisplayTypeFilterFunctionality_Tablet_17-46-17 - [verifyingDisplayTypeFilterFunctionality_Tablet_17-46-17] Swithcing to the new window  within productNameListingPage loop
17:47:12 [TestNG-test-Test-1] INFO  verifyingDisplayTypeFilterFunctionality_Tablet_17-46-17 - [verifyingDisplayTypeFilterFunctionality_Tablet_17-46-17] Clicked product name to open in new tab from productNameListingPage loop
17:47:12 [TestNG-test-Test-1] INFO  verifyingDisplayTypeFilterFunctionality_Tablet_17-46-17 - [verifyingDisplayTypeFilterFunctionality_Tablet_17-46-17] Waiting until element is visible in viewport
17:47:18 [TestNG-test-Test-1] WARN  verifyingDisplayTypeFilterFunctionality_Tablet_17-46-17 - [verifyingDisplayTypeFilterFunctionality_Tablet_17-46-17] Product detail page did not load for index 1 filter 'LCD'; skipping detail scrape to avoid redundant retries/timeouts
17:47:18 [TestNG-test-Test-1] INFO  verifyingDisplayTypeFilterFunctionality_Tablet_17-46-17 - [verifyingDisplayTypeFilterFunctionality_Tablet_17-46-17] Within closeCurrentWindowAndSwitchBack method
17:47:18 [TestNG-test-Test-1] INFO  verifyingDisplayTypeFilterFunctionality_Tablet_17-46-17 - [verifyingDisplayTypeFilterFunctionality_Tablet_17-46-17] Total open windows/tabs count -> 2
17:47:18 [TestNG-test-Test-1] INFO  verifyingDisplayTypeFilterFunctionality_Tablet_17-46-17 - [verifyingDisplayTypeFilterFunctionality_Tablet_17-46-17] Original window handle -> E1E02792BFDF93CA10A881B3E0A1D4F3
17:47:18 [TestNG-test-Test-1] INFO  verifyingDisplayTypeFilterFunctionality_Tablet_17-46-17 - [verifyingDisplayTypeFilterFunctionality_Tablet_17-46-17] Found new tab/window handle -> 10990B83CF39055FC935B61631B73CEB (will be closed)
17:47:18 [TestNG-test-Test-1] INFO  verifyingDisplayTypeFilterFunctionality_Tablet_17-46-17 - [verifyingDisplayTypeFilterFunctionality_Tablet_17-46-17] Successfully switched to new tab/window -> 10990B83CF39055FC935B61631B73CEB
17:47:18 [TestNG-test-Test-1] INFO  verifyingDisplayTypeFilterFunctionality_Tablet_17-46-17 - [verifyingDisplayTypeFilterFunctionality_Tablet_17-46-17] Closed the newly opened tab/window -> 10990B83CF39055FC935B61631B73CEB
17:47:18 [TestNG-test-Test-1] INFO  verifyingDisplayTypeFilterFunctionality_Tablet_17-46-17 - [verifyingDisplayTypeFilterFunctionality_Tablet_17-46-17] Switched back to the original window -> E1E02792BFDF93CA10A881B3E0A1D4F3
17:47:18 [TestNG-test-Test-1] INFO  verifyingDisplayTypeFilterFunctionality_Tablet_17-46-17 - [verifyingDisplayTypeFilterFunctionality_Tablet_17-46-17]  going back to product listing via closeCurrentWindowAndSwitchBack 
17:47:18 [TestNG-test-Test-1] INFO  verifyingDisplayTypeFilterFunctionality_Tablet_17-46-17 - [verifyingDisplayTypeFilterFunctionality_Tablet_17-46-17]  Added 'filter','title','keyFeatures', 'about', 'techDetails' into the Map -> productResult
17:47:18 [TestNG-test-Test-1] INFO  verifyingDisplayTypeFilterFunctionality_Tablet_17-46-17 - [verifyingDisplayTypeFilterFunctionality_Tablet_17-46-17]  Added 'productResult' Map into the 'results' i.e list of maps 
17:47:18 [TestNG-test-Test-1] INFO  verifyingDisplayTypeFilterFunctionality_Tablet_17-46-17 - [verifyingDisplayTypeFilterFunctionality_Tablet_17-46-17]==========================================================================================================
17:47:18 [TestNG-test-Test-1] INFO  verifyingDisplayTypeFilterFunctionality_Tablet_17-46-17 - [verifyingDisplayTypeFilterFunctionality_Tablet_17-46-17] Within safeFindElements 
17:47:18 [TestNG-test-Test-1] INFO  verifyingDisplayTypeFilterFunctionality_Tablet_17-46-17 - [verifyingDisplayTypeFilterFunctionality_Tablet_17-46-17] Returning the  [[[ChromeDriver: chrome on windows (758b51f088f059fc16e61c16e7984a5b)] -> xpath: //div[@data-cy='title-recipe']], [[ChromeDriver: chrome on windows (758b51f088f059fc16e61c16e7984a5b)] -> xpath: //div[@data-cy='title-recipe']], [[ChromeDriver: chrome on windows (758b51f088f059fc16e61c16e7984a5b)] -> xpath: //div[@data-cy='title-recipe']], [[ChromeDriver: chrome on windows (758b51f088f059fc16e61c16e7984a5b)] -> xpath: //div[@data-cy='title-recipe']], [[ChromeDriver: chrome on windows (758b51f088f059fc16e61c16e7984a5b)] -> xpath: //div[@data-cy='title-recipe']], [[ChromeDriver: chrome on windows (758b51f088f059fc16e61c16e7984a5b)] -> xpath: //div[@data-cy='title-recipe']], [[ChromeDriver: chrome on windows (758b51f088f059fc16e61c16e7984a5b)] -> xpath: //div[@data-cy='title-recipe']], [[ChromeDriver: chrome on windows (758b51f088f059fc16e61c16e7984a5b)] -> xpath: //div[@data-cy='title-recipe']], [[ChromeDriver: chrome on windows (758b51f088f059fc16e61c16e7984a5b)] -> xpath: //div[@data-cy='title-recipe']], [[ChromeDriver: chrome on windows (758b51f088f059fc16e61c16e7984a5b)] -> xpath: //div[@data-cy='title-recipe']], [[ChromeDriver: chrome on windows (758b51f088f059fc16e61c16e7984a5b)] -> xpath: //div[@data-cy='title-recipe']], [[ChromeDriver: chrome on windows (758b51f088f059fc16e61c16e7984a5b)] -> xpath: //div[@data-cy='title-recipe']], [[ChromeDriver: chrome on windows (758b51f088f059fc16e61c16e7984a5b)] -> xpath: //div[@data-cy='title-recipe']], [[ChromeDriver: chrome on windows (758b51f088f059fc16e61c16e7984a5b)] -> xpath: //div[@data-cy='title-recipe']], [[ChromeDriver: chrome on windows (758b51f088f059fc16e61c16e7984a5b)] -> xpath: //div[@data-cy='title-recipe']], [[ChromeDriver: chrome on windows (758b51f088f059fc16e61c16e7984a5b)] -> xpath: //div[@data-cy='title-recipe']]] from the safeFindElements method
17:47:18 [TestNG-test-Test-1] INFO  verifyingDisplayTypeFilterFunctionality_Tablet_17-46-17 - [verifyingDisplayTypeFilterFunctionality_Tablet_17-46-17] Within productNameListingPage loop in applyFilterAndValidateProductsWithResult
17:47:18 [TestNG-test-Test-1] INFO  verifyingDisplayTypeFilterFunctionality_Tablet_17-46-17 - [verifyingDisplayTypeFilterFunctionality_Tablet_17-46-17] Within getProductByIndex method
17:47:18 [TestNG-test-Test-1] INFO  verifyingDisplayTypeFilterFunctionality_Tablet_17-46-17 - [verifyingDisplayTypeFilterFunctionality_Tablet_17-46-17] Within safeFindElement method
17:47:18 [TestNG-test-Test-1] INFO  verifyingDisplayTypeFilterFunctionality_Tablet_17-46-17 - [verifyingDisplayTypeFilterFunctionality_Tablet_17-46-17]Found the element returning it ,element ->[[ChromeDriver: chrome on windows (758b51f088f059fc16e61c16e7984a5b)] -> xpath: (//div[@data-cy='title-recipe'])[2]]
17:47:18 [TestNG-test-Test-1] INFO  verifyingDisplayTypeFilterFunctionality_Tablet_17-46-17 - [verifyingDisplayTypeFilterFunctionality_Tablet_17-46-17] Within getProductByIndex method
17:47:18 [TestNG-test-Test-1] INFO  verifyingDisplayTypeFilterFunctionality_Tablet_17-46-17 - [verifyingDisplayTypeFilterFunctionality_Tablet_17-46-17] Within smoothScrollToElement method
17:47:18 [TestNG-test-Test-1] INFO  verifyingDisplayTypeFilterFunctionality_Tablet_17-46-17 - [verifyingDisplayTypeFilterFunctionality_Tablet_17-46-17] Within safeFindElement method
17:47:19 [TestNG-test-Test-1] INFO  verifyingDisplayTypeFilterFunctionality_Tablet_17-46-17 - [verifyingDisplayTypeFilterFunctionality_Tablet_17-46-17]Found the element returning it ,element ->[[ChromeDriver: chrome on windows (758b51f088f059fc16e61c16e7984a5b)] -> xpath: (//div[@data-cy='title-recipe'])[2]]
17:47:19 [TestNG-test-Test-1] INFO  verifyingDisplayTypeFilterFunctionality_Tablet_17-46-17 - [verifyingDisplayTypeFilterFunctionality_Tablet_17-46-17] Successfully scrolled to element: By.xpath: (//div[@data-cy='title-recipe'])[2]
17:47:19 [TestNG-test-Test-1] INFO  verifyingDisplayTypeFilterFunctionality_Tablet_17-46-17 - [verifyingDisplayTypeFilterFunctionality_Tablet_17-46-17] Getting product by index in productNameListingPage loop
17:47:19 [TestNG-test-Test-1] INFO  verifyingDisplayTypeFilterFunctionality_Tablet_17-46-17 - [verifyingDisplayTypeFilterFunctionality_Tablet_17-46-17] Opened product in new tab via Ctrl+Click inside productNameListingPage loop
17:47:19 [TestNG-test-Test-1] INFO  verifyingDisplayTypeFilterFunctionality_Tablet_17-46-17 - [verifyingDisplayTypeFilterFunctionality_Tablet_17-46-17] Waiting for new window to open...
17:47:19 [TestNG-test-Test-1] INFO  verifyingDisplayTypeFilterFunctionality_Tablet_17-46-17 - [verifyingDisplayTypeFilterFunctionality_Tablet_17-46-17] Switched to new window -> E4A1A3AC94951E485023E609B4C7B1B2
17:47:19 [TestNG-test-Test-1] INFO  verifyingDisplayTypeFilterFunctionality_Tablet_17-46-17 - [verifyingDisplayTypeFilterFunctionality_Tablet_17-46-17] Swithcing to the new window  within productNameListingPage loop
17:47:19 [TestNG-test-Test-1] INFO  verifyingDisplayTypeFilterFunctionality_Tablet_17-46-17 - [verifyingDisplayTypeFilterFunctionality_Tablet_17-46-17] Clicked product name to open in new tab from productNameListingPage loop
17:47:19 [TestNG-test-Test-1] INFO  verifyingDisplayTypeFilterFunctionality_Tablet_17-46-17 - [verifyingDisplayTypeFilterFunctionality_Tablet_17-46-17] Waiting until element is visible in viewport
17:47:22 [TestNG-test-Test-1] INFO  verifyingDisplayTypeFilterFunctionality_Tablet_17-46-17 - [verifyingDisplayTypeFilterFunctionality_Tablet_17-46-17] Within safeFindElement method
17:47:22 [TestNG-test-Test-1] INFO  verifyingDisplayTypeFilterFunctionality_Tablet_17-46-17 - [verifyingDisplayTypeFilterFunctionality_Tablet_17-46-17]Found the element returning it ,element ->[[ChromeDriver: chrome on windows (758b51f088f059fc16e61c16e7984a5b)] -> xpath: //span[@id='productTitle']]
17:47:22 [TestNG-test-Test-1] INFO  verifyingDisplayTypeFilterFunctionality_Tablet_17-46-17 - [verifyingDisplayTypeFilterFunctionality_Tablet_17-46-17] Within safeFindElement method
17:47:22 [TestNG-test-Test-1] INFO  verifyingDisplayTypeFilterFunctionality_Tablet_17-46-17 - [verifyingDisplayTypeFilterFunctionality_Tablet_17-46-17]Found the element returning it ,element ->[[ChromeDriver: chrome on windows (758b51f088f059fc16e61c16e7984a5b)] -> xpath: //div[@class='a-section a-spacing-small a-spacing-top-small']]
17:47:22 [TestNG-test-Test-1] INFO  verifyingDisplayTypeFilterFunctionality_Tablet_17-46-17 - [verifyingDisplayTypeFilterFunctionality_Tablet_17-46-17] Within safeFindElement method
17:47:22 [TestNG-test-Test-1] INFO  verifyingDisplayTypeFilterFunctionality_Tablet_17-46-17 - [verifyingDisplayTypeFilterFunctionality_Tablet_17-46-17]Found the element returning it ,element ->[[ChromeDriver: chrome on windows (758b51f088f059fc16e61c16e7984a5b)] -> xpath: //div[@id='feature-bullets']]
17:47:22 [TestNG-test-Test-1] INFO  verifyingDisplayTypeFilterFunctionality_Tablet_17-46-17 - [verifyingDisplayTypeFilterFunctionality_Tablet_17-46-17] Within safeFindElement method
17:47:22 [TestNG-test-Test-1] INFO  verifyingDisplayTypeFilterFunctionality_Tablet_17-46-17 - [verifyingDisplayTypeFilterFunctionality_Tablet_17-46-17]Found the element returning it ,element ->[[ChromeDriver: chrome on windows (758b51f088f059fc16e61c16e7984a5b)] -> xpath: //div[@id='prodDetails']]
17:47:22 [TestNG-test-Test-1] INFO  verifyingDisplayTypeFilterFunctionality_Tablet_17-46-17 - [verifyingDisplayTypeFilterFunctionality_Tablet_17-46-17] Extracting 'name' , 'keyFeatures', 'about' , 'techDetails' within productNameListingPage loop
17:47:22 [TestNG-test-Test-1] INFO  verifyingDisplayTypeFilterFunctionality_Tablet_17-46-17 - [verifyingDisplayTypeFilterFunctionality_Tablet_17-46-17] Waiting until element is visible in viewport
17:47:32 [TestNG-test-Test-1] INFO  verifyingDisplayTypeFilterFunctionality_Tablet_17-46-17 - [verifyingDisplayTypeFilterFunctionality_Tablet_17-46-17] Within smoothScrollToElement method
17:47:32 [TestNG-test-Test-1] INFO  verifyingDisplayTypeFilterFunctionality_Tablet_17-46-17 - [verifyingDisplayTypeFilterFunctionality_Tablet_17-46-17] Within safeFindElement method
17:47:32 [TestNG-test-Test-1] INFO  verifyingDisplayTypeFilterFunctionality_Tablet_17-46-17 - [verifyingDisplayTypeFilterFunctionality_Tablet_17-46-17]Found the element returning it ,element ->[[ChromeDriver: chrome on windows (758b51f088f059fc16e61c16e7984a5b)] -> xpath: //a[@id='seeMoreDetailsLink']]
17:47:33 [TestNG-test-Test-1] INFO  verifyingDisplayTypeFilterFunctionality_Tablet_17-46-17 - [verifyingDisplayTypeFilterFunctionality_Tablet_17-46-17] Successfully scrolled to element: By.xpath: //a[@id='seeMoreDetailsLink']
17:47:33 [TestNG-test-Test-1] INFO  verifyingDisplayTypeFilterFunctionality_Tablet_17-46-17 - [verifyingDisplayTypeFilterFunctionality_Tablet_17-46-17] Within safeClick method
17:47:33 [TestNG-test-Test-1] INFO  verifyingDisplayTypeFilterFunctionality_Tablet_17-46-17 - [verifyingDisplayTypeFilterFunctionality_Tablet_17-46-17] Clicked the  [[ChromeDriver: chrome on windows (758b51f088f059fc16e61c16e7984a5b)] -> xpath: //a[@id='seeMoreDetailsLink']]   using safeClick
17:47:33 [TestNG-test-Test-1] INFO  verifyingDisplayTypeFilterFunctionality_Tablet_17-46-17 - [verifyingDisplayTypeFilterFunctionality_Tablet_17-46-17] Within try block for clicking see more deatils within productNameListingPage loop
17:47:33 [TestNG-test-Test-1] INFO  verifyingDisplayTypeFilterFunctionality_Tablet_17-46-17 - [verifyingDisplayTypeFilterFunctionality_Tablet_17-46-17] Within closeCurrentWindowAndSwitchBack method
17:47:33 [TestNG-test-Test-1] INFO  verifyingDisplayTypeFilterFunctionality_Tablet_17-46-17 - [verifyingDisplayTypeFilterFunctionality_Tablet_17-46-17] Total open windows/tabs count -> 2
17:47:33 [TestNG-test-Test-1] INFO  verifyingDisplayTypeFilterFunctionality_Tablet_17-46-17 - [verifyingDisplayTypeFilterFunctionality_Tablet_17-46-17] Original window handle -> E1E02792BFDF93CA10A881B3E0A1D4F3
17:47:33 [TestNG-test-Test-1] INFO  verifyingDisplayTypeFilterFunctionality_Tablet_17-46-17 - [verifyingDisplayTypeFilterFunctionality_Tablet_17-46-17] Found new tab/window handle -> E4A1A3AC94951E485023E609B4C7B1B2 (will be closed)
17:47:33 [TestNG-test-Test-1] INFO  verifyingDisplayTypeFilterFunctionality_Tablet_17-46-17 - [verifyingDisplayTypeFilterFunctionality_Tablet_17-46-17] Successfully switched to new tab/window -> E4A1A3AC94951E485023E609B4C7B1B2
17:47:33 [TestNG-test-Test-1] INFO  verifyingDisplayTypeFilterFunctionality_Tablet_17-46-17 - [verifyingDisplayTypeFilterFunctionality_Tablet_17-46-17] Closed the newly opened tab/window -> E4A1A3AC94951E485023E609B4C7B1B2
17:47:33 [TestNG-test-Test-1] INFO  verifyingDisplayTypeFilterFunctionality_Tablet_17-46-17 - [verifyingDisplayTypeFilterFunctionality_Tablet_17-46-17] Switched back to the original window -> E1E02792BFDF93CA10A881B3E0A1D4F3
17:47:33 [TestNG-test-Test-1] INFO  verifyingDisplayTypeFilterFunctionality_Tablet_17-46-17 - [verifyingDisplayTypeFilterFunctionality_Tablet_17-46-17]  going back to product listing via closeCurrentWindowAndSwitchBack 
17:47:33 [TestNG-test-Test-1] INFO  verifyingDisplayTypeFilterFunctionality_Tablet_17-46-17 - [verifyingDisplayTypeFilterFunctionality_Tablet_17-46-17]  Added 'filter','title','keyFeatures', 'about', 'techDetails' into the Map -> productResult
17:47:33 [TestNG-test-Test-1] INFO  verifyingDisplayTypeFilterFunctionality_Tablet_17-46-17 - [verifyingDisplayTypeFilterFunctionality_Tablet_17-46-17]  Added 'productResult' Map into the 'results' i.e list of maps 
17:47:33 [TestNG-test-Test-1] INFO  verifyingDisplayTypeFilterFunctionality_Tablet_17-46-17 - [verifyingDisplayTypeFilterFunctionality_Tablet_17-46-17]==========================================================================================================
17:47:33 [TestNG-test-Test-1] INFO  verifyingDisplayTypeFilterFunctionality_Tablet_17-46-17 - [verifyingDisplayTypeFilterFunctionality_Tablet_17-46-17] Within safeClick method
17:47:33 [TestNG-test-Test-1] INFO  verifyingDisplayTypeFilterFunctionality_Tablet_17-46-17 - [verifyingDisplayTypeFilterFunctionality_Tablet_17-46-17] Clicked the  [[ChromeDriver: chrome on windows (758b51f088f059fc16e61c16e7984a5b)] -> xpath: //span[@class='a-size-base a-color-base' and text()='Clear']]   using safeClick
17:47:33 [TestNG-test-Test-1] INFO  verifyingDisplayTypeFilterFunctionality_Tablet_17-46-17 - [verifyingDisplayTypeFilterFunctionality_Tablet_17-46-17] Clearing the filter value ->LCDwithin productNameListingPage loop
17:47:33 [TestNG-test-Test-1] INFO  verifyingDisplayTypeFilterFunctionality_Tablet_17-46-17 - [verifyingDisplayTypeFilterFunctionality_Tablet_17-46-17]==========================================================================================================
17:47:33 [TestNG-test-Test-1] INFO  verifyingDisplayTypeFilterFunctionality_Tablet_17-46-17 - [verifyingDisplayTypeFilterFunctionality_Tablet_17-46-17]==========================================================================================================
17:47:33 [TestNG-test-Test-1] INFO  verifyingDisplayTypeFilterFunctionality_Tablet_17-46-17 - [verifyingDisplayTypeFilterFunctionality_Tablet_17-46-17] returning the 'results' i.e list of Maps
17:47:33 [TestNG-test-Test-1] ERROR verifyingDisplayTypeFilterFunctionality_Tablet_17-46-17 - [verifyingDisplayTypeFilterFunctionality_Tablet_17-46-17] Mismatch found for filter 'amoled' on product ''
17:47:33 [TestNG-test-Test-1] ERROR verifyingDisplayTypeFilterFunctionality_Tablet_17-46-17 - [verifyingDisplayTypeFilterFunctionality_Tablet_17-46-17] Mismatch found for filter 'amoled' on product 'motorola pad 60 neo 11 inches display |wi-fi |(blue, 8 gb ram, 128 gb rom)'
17:47:33 [TestNG-test-Test-1] ERROR verifyingDisplayTypeFilterFunctionality_Tablet_17-46-17 - [verifyingDisplayTypeFilterFunctionality_Tablet_17-46-17] Mismatch found for filter 'ips' on product ''
17:47:33 [TestNG-test-Test-1] ERROR verifyingDisplayTypeFilterFunctionality_Tablet_17-46-17 - [verifyingDisplayTypeFilterFunctionality_Tablet_17-46-17] Mismatch found for filter 'ips' on product ''
17:47:33 [TestNG-test-Test-1] ERROR verifyingDisplayTypeFilterFunctionality_Tablet_17-46-17 - [verifyingDisplayTypeFilterFunctionality_Tablet_17-46-17] Mismatch found for filter 'lcd' on product ''
17:47:33 [TestNG-test-Test-1] INFO  verifyingDisplayTypeFilterFunctionality_Tablet_17-46-17 - [verifyingDisplayTypeFilterFunctionality_Tablet_17-46-17]  Filter 'lcd' matched in at least one section.
17:47:33 [TestNG-test-Test-1] INFO  verifyingDisplayTypeFilterFunctionality_Tablet_17-46-17 - [verifyingDisplayTypeFilterFunctionality_Tablet_17-46-17]  Final assertion for display type filter validation...
