18:40:24 [TestNG-test-Test-3] INFO  verifyingFreeDeliveryFilterFunctionality_Tablet_18-40-24 - No existing WebDriver found for current thread. Initializing a new ChromeDriver...
18:40:24 [TestNG-test-Test-3] INFO  verifyingFreeDeliveryFilterFunctionality_Tablet_18-40-24 - WebDriverManager: chromedriver setup OK
18:40:26 [TestNG-test-Test-3] INFO  verifyingFreeDeliveryFilterFunctionality_Tablet_18-40-24 - ChromeDriver initialized successfully for thread: 36
18:40:26 [TestNG-test-Test-3] INFO  verifyingFreeDeliveryFilterFunctionality_Tablet_18-40-24 - [verifyingFreeDeliveryFilterFunctionality_Tablet_18-40-24] Opening amazon Landing page
18:40:26 [TestNG-test-Test-3] INFO  verifyingFreeDeliveryFilterFunctionality_Tablet_18-40-24 - [verifyingFreeDeliveryFilterFunctionality_Tablet_18-40-24] Within safeFindElement method
18:40:31 [TestNG-test-Test-3] INFO  verifyingFreeDeliveryFilterFunctionality_Tablet_18-40-24 - [verifyingFreeDeliveryFilterFunctionality_Tablet_18-40-24]Retrying findElement for: ->By.xpath: //a[@id='nav-logo-sprites']
18:40:32 [TestNG-test-Test-3] INFO  verifyingFreeDeliveryFilterFunctionality_Tablet_18-40-24 - [verifyingFreeDeliveryFilterFunctionality_Tablet_18-40-24]Refrehsing the page , while trying to safely find : ->By.xpath: //a[@id='nav-logo-sprites']
18:40:34 [TestNG-test-Test-3] INFO  verifyingFreeDeliveryFilterFunctionality_Tablet_18-40-24 - [verifyingFreeDeliveryFilterFunctionality_Tablet_18-40-24]Found the element returning it ,element ->[[ChromeDriver: chrome on windows (f300594766f054b9d616aebf0212205c)] -> xpath: //a[@id='nav-logo-sprites']]
18:40:35 [TestNG-test-Test-3] INFO  verifyingFreeDeliveryFilterFunctionality_Tablet_18-40-24 - [verifyingFreeDeliveryFilterFunctionality_Tablet_18-40-24] Giving input within the search bar
18:40:35 [TestNG-test-Test-3] INFO  verifyingFreeDeliveryFilterFunctionality_Tablet_18-40-24 - [verifyingFreeDeliveryFilterFunctionality_Tablet_18-40-24] Within safeClick method
18:40:38 [TestNG-test-Test-3] INFO  verifyingFreeDeliveryFilterFunctionality_Tablet_18-40-24 - [verifyingFreeDeliveryFilterFunctionality_Tablet_18-40-24] Clicked the  [[ChromeDriver: chrome on windows (f300594766f054b9d616aebf0212205c)] -> xpath: //input[@id='nav-search-submit-button']]   using safeClick
18:40:38 [TestNG-test-Test-3] INFO  verifyingFreeDeliveryFilterFunctionality_Tablet_18-40-24 - [verifyingFreeDeliveryFilterFunctionality_Tablet_18-40-24] Clicking on the submit in the search bar
18:40:38 [TestNG-test-Test-3] INFO  verifyingFreeDeliveryFilterFunctionality_Tablet_18-40-24 - [verifyingFreeDeliveryFilterFunctionality_Tablet_18-40-24] Waiting until element is visible in viewport
18:40:38 [TestNG-test-Test-3] INFO  verifyingFreeDeliveryFilterFunctionality_Tablet_18-40-24 - [verifyingFreeDeliveryFilterFunctionality_Tablet_18-40-24] Within validateDeliveryFilterOptionsWithResult method
18:40:38 [TestNG-test-Test-3] INFO  verifyingFreeDeliveryFilterFunctionality_Tablet_18-40-24 - [verifyingFreeDeliveryFilterFunctionality_Tablet_18-40-24] Within safeClick method
18:40:39 [TestNG-test-Test-3] INFO  verifyingFreeDeliveryFilterFunctionality_Tablet_18-40-24 - [verifyingFreeDeliveryFilterFunctionality_Tablet_18-40-24] Clicked the  [[ChromeDriver: chrome on windows (f300594766f054b9d616aebf0212205c)] -> xpath: //span[@class='a-size-base a-color-base puis-bold-weight-text' and text()='Eligible for Free Delivery']/parent::div/following-sibling::ul//span[@class='a-size-base a-color-base' and text()='Free Shipping']]   using safeClick
18:40:39 [TestNG-test-Test-3] INFO  verifyingFreeDeliveryFilterFunctionality_Tablet_18-40-24 - [verifyingFreeDeliveryFilterFunctionality_Tablet_18-40-24] Within getMoreButtonByFilterTypeAndName method
18:40:39 [TestNG-test-Test-3] INFO  verifyingFreeDeliveryFilterFunctionality_Tablet_18-40-24 - [verifyingFreeDeliveryFilterFunctionality_Tablet_18-40-24] Clicked on By.xpath: //span[@class='a-size-base a-color-base puis-bold-weight-text' and text()='Eligible for Free Delivery']/parent::div/following-sibling::ul//span[@class='a-size-base a-color-base' and text()='Free Shipping']
18:40:39 [TestNG-test-Test-3] INFO  verifyingFreeDeliveryFilterFunctionality_Tablet_18-40-24 - [verifyingFreeDeliveryFilterFunctionality_Tablet_18-40-24] Within safeFindElements 
18:40:40 [TestNG-test-Test-3] INFO  verifyingFreeDeliveryFilterFunctionality_Tablet_18-40-24 - [verifyingFreeDeliveryFilterFunctionality_Tablet_18-40-24] Returning the  [[[ChromeDriver: chrome on windows (f300594766f054b9d616aebf0212205c)] -> xpath: //div[@class='a-section a-spacing-small a-spacing-top-small']], [[ChromeDriver: chrome on windows (f300594766f054b9d616aebf0212205c)] -> xpath: //div[@class='a-section a-spacing-small a-spacing-top-small']]] from the safeFindElements method
18:40:40 [TestNG-test-Test-3] INFO  verifyingFreeDeliveryFilterFunctionality_Tablet_18-40-24 - [verifyingFreeDeliveryFilterFunctionality_Tablet_18-40-24] Created hashset with required data to assert with Within validateDeliveryFilterOptions method
18:40:40 [TestNG-test-Test-3] INFO  verifyingFreeDeliveryFilterFunctionality_Tablet_18-40-24 - [verifyingFreeDeliveryFilterFunctionality_Tablet_18-40-24] this is the set  [Thu, Aug, Today, FREE delivery, Wed, 19, Tomorrow, 20]
18:40:40 [TestNG-test-Test-3] INFO  verifyingFreeDeliveryFilterFunctionality_Tablet_18-40-24 - [verifyingFreeDeliveryFilterFunctionality_Tablet_18-40-24] Within deliveryElements loop iterating over the products  Within validateDeliveryFilterOptions method
18:40:40 [TestNG-test-Test-3] INFO  verifyingFreeDeliveryFilterFunctionality_Tablet_18-40-24 - [verifyingFreeDeliveryFilterFunctionality_Tablet_18-40-24] Checking if the allowedDateParts have the assert text   Within validateDeliveryFilterOptions method
18:40:40 [TestNG-test-Test-3] INFO  verifyingFreeDeliveryFilterFunctionality_Tablet_18-40-24 - [verifyingFreeDeliveryFilterFunctionality_Tablet_18-40-24] Within deliveryElements loop iterating over the products  Within validateDeliveryFilterOptions method
18:40:40 [TestNG-test-Test-3] INFO  verifyingFreeDeliveryFilterFunctionality_Tablet_18-40-24 - [verifyingFreeDeliveryFilterFunctionality_Tablet_18-40-24] Checking if the allowedDateParts have the assert text   Within validateDeliveryFilterOptions method
18:40:40 [TestNG-test-Test-3] INFO  verifyingFreeDeliveryFilterFunctionality_Tablet_18-40-24 - [verifyingFreeDeliveryFilterFunctionality_Tablet_18-40-24] Returning the list with boolean values   Within validateDeliveryFilterOptions method
18:40:40 [TestNG-test-Test-3] INFO  verifyingFreeDeliveryFilterFunctionality_Tablet_18-40-24 - [verifyingFreeDeliveryFilterFunctionality_Tablet_18-40-24] Asserting delivery filter: isValid=true, index=-1, text=All the things are valid no errors
