20:51:51 [TestNG-test-Test-3] INFO  verifyingFreeDeliveryFilterFunctionality_Tablet_20-51-51 - No existing WebDriver found for current thread. Initializing a new ChromeDriver...
20:51:51 [TestNG-test-Test-3] INFO  verifyingFreeDeliveryFilterFunctionality_Tablet_20-51-51 - WebDriverManager: chromedriver setup OK
20:51:52 [TestNG-test-Test-3] INFO  verifyingFreeDeliveryFilterFunctionality_Tablet_20-51-51 - ChromeDriver initialized successfully for thread: 36
20:51:55 [TestNG-test-Test-3] INFO  verifyingFreeDeliveryFilterFunctionality_Tablet_20-51-51 - [verifyingFreeDeliveryFilterFunctionality_Tablet_20-51-51] Opening amazon Landing page
20:51:55 [TestNG-test-Test-3] INFO  verifyingFreeDeliveryFilterFunctionality_Tablet_20-51-51 - [verifyingFreeDeliveryFilterFunctionality_Tablet_20-51-51] Within safeFindElement method
20:51:55 [TestNG-test-Test-3] INFO  verifyingFreeDeliveryFilterFunctionality_Tablet_20-51-51 - [verifyingFreeDeliveryFilterFunctionality_Tablet_20-51-51]Found the element returning it ,element ->[[ChromeDriver: chrome on windows (564d1797ef46c094c54503e109874b0c)] -> xpath: //a[@id='nav-logo-sprites']]
20:51:55 [TestNG-test-Test-3] INFO  verifyingFreeDeliveryFilterFunctionality_Tablet_20-51-51 - [verifyingFreeDeliveryFilterFunctionality_Tablet_20-51-51] Giving input within the search bar
20:51:55 [TestNG-test-Test-3] INFO  verifyingFreeDeliveryFilterFunctionality_Tablet_20-51-51 - [verifyingFreeDeliveryFilterFunctionality_Tablet_20-51-51] Within safeClick method
20:51:57 [TestNG-test-Test-3] INFO  verifyingFreeDeliveryFilterFunctionality_Tablet_20-51-51 - [verifyingFreeDeliveryFilterFunctionality_Tablet_20-51-51] Clicked the  [[ChromeDriver: chrome on windows (564d1797ef46c094c54503e109874b0c)] -> xpath: //input[@id='nav-search-submit-button']]   using safeClick
20:51:57 [TestNG-test-Test-3] INFO  verifyingFreeDeliveryFilterFunctionality_Tablet_20-51-51 - [verifyingFreeDeliveryFilterFunctionality_Tablet_20-51-51] Clicking on the submit in the search bar
20:51:57 [TestNG-test-Test-3] INFO  verifyingFreeDeliveryFilterFunctionality_Tablet_20-51-51 - [verifyingFreeDeliveryFilterFunctionality_Tablet_20-51-51] Waiting until element is visible in viewport
20:51:57 [TestNG-test-Test-3] INFO  verifyingFreeDeliveryFilterFunctionality_Tablet_20-51-51 - [verifyingFreeDeliveryFilterFunctionality_Tablet_20-51-51] Within validateDeliveryFilterOptionsWithResult method
20:51:57 [TestNG-test-Test-3] INFO  verifyingFreeDeliveryFilterFunctionality_Tablet_20-51-51 - [verifyingFreeDeliveryFilterFunctionality_Tablet_20-51-51] Within safeClick method
20:51:58 [TestNG-test-Test-3] INFO  verifyingFreeDeliveryFilterFunctionality_Tablet_20-51-51 - [verifyingFreeDeliveryFilterFunctionality_Tablet_20-51-51] Clicked the  [[ChromeDriver: chrome on windows (564d1797ef46c094c54503e109874b0c)] -> xpath: //span[@class='a-size-base a-color-base puis-bold-weight-text' and text()='Eligible for Free Delivery']/parent::div/following-sibling::ul//span[@class='a-size-base a-color-base' and text()='Free Shipping']]   using safeClick
20:51:58 [TestNG-test-Test-3] INFO  verifyingFreeDeliveryFilterFunctionality_Tablet_20-51-51 - [verifyingFreeDeliveryFilterFunctionality_Tablet_20-51-51] Within getMoreButtonByFilterTypeAndName method
20:51:58 [TestNG-test-Test-3] INFO  verifyingFreeDeliveryFilterFunctionality_Tablet_20-51-51 - [verifyingFreeDeliveryFilterFunctionality_Tablet_20-51-51] Clicked on By.xpath: //span[@class='a-size-base a-color-base puis-bold-weight-text' and text()='Eligible for Free Delivery']/parent::div/following-sibling::ul//span[@class='a-size-base a-color-base' and text()='Free Shipping']
20:51:58 [TestNG-test-Test-3] INFO  verifyingFreeDeliveryFilterFunctionality_Tablet_20-51-51 - [verifyingFreeDeliveryFilterFunctionality_Tablet_20-51-51] Within safeFindElements 
20:51:58 [TestNG-test-Test-3] INFO  verifyingFreeDeliveryFilterFunctionality_Tablet_20-51-51 - [verifyingFreeDeliveryFilterFunctionality_Tablet_20-51-51] Returning the  [[[ChromeDriver: chrome on windows (564d1797ef46c094c54503e109874b0c)] -> xpath: //div[@class='a-section a-spacing-small a-spacing-top-small']], [[ChromeDriver: chrome on windows (564d1797ef46c094c54503e109874b0c)] -> xpath: //div[@class='a-section a-spacing-small a-spacing-top-small']], [[ChromeDriver: chrome on windows (564d1797ef46c094c54503e109874b0c)] -> xpath: //div[@class='a-section a-spacing-small a-spacing-top-small']], [[ChromeDriver: chrome on windows (564d1797ef46c094c54503e109874b0c)] -> xpath: //div[@class='a-section a-spacing-small a-spacing-top-small']], [[ChromeDriver: chrome on windows (564d1797ef46c094c54503e109874b0c)] -> xpath: //div[@class='a-section a-spacing-small a-spacing-top-small']], [[ChromeDriver: chrome on windows (564d1797ef46c094c54503e109874b0c)] -> xpath: //div[@class='a-section a-spacing-small a-spacing-top-small']], [[ChromeDriver: chrome on windows (564d1797ef46c094c54503e109874b0c)] -> xpath: //div[@class='a-section a-spacing-small a-spacing-top-small']], [[ChromeDriver: chrome on windows (564d1797ef46c094c54503e109874b0c)] -> xpath: //div[@class='a-section a-spacing-small a-spacing-top-small']], [[ChromeDriver: chrome on windows (564d1797ef46c094c54503e109874b0c)] -> xpath: //div[@class='a-section a-spacing-small a-spacing-top-small']], [[ChromeDriver: chrome on windows (564d1797ef46c094c54503e109874b0c)] -> xpath: //div[@class='a-section a-spacing-small a-spacing-top-small']]] from the safeFindElements method
20:51:58 [TestNG-test-Test-3] INFO  verifyingFreeDeliveryFilterFunctionality_Tablet_20-51-51 - [verifyingFreeDeliveryFilterFunctionality_Tablet_20-51-51] Created hashset with required data to assert with Within validateDeliveryFilterOptions method
20:51:58 [TestNG-test-Test-3] INFO  verifyingFreeDeliveryFilterFunctionality_Tablet_20-51-51 - [verifyingFreeDeliveryFilterFunctionality_Tablet_20-51-51] this is the set  [Aug, Today, 04, Tue, 05, FREE delivery, Wed, Tomorrow]
20:51:58 [TestNG-test-Test-3] INFO  verifyingFreeDeliveryFilterFunctionality_Tablet_20-51-51 - [verifyingFreeDeliveryFilterFunctionality_Tablet_20-51-51] Within deliveryElements loop iterating over the products  Within validateDeliveryFilterOptions method
20:51:58 [TestNG-test-Test-3] INFO  verifyingFreeDeliveryFilterFunctionality_Tablet_20-51-51 - [verifyingFreeDeliveryFilterFunctionality_Tablet_20-51-51] Checking if the allowedDateParts have the assert text   Within validateDeliveryFilterOptions method
20:51:58 [TestNG-test-Test-3] INFO  verifyingFreeDeliveryFilterFunctionality_Tablet_20-51-51 - [verifyingFreeDeliveryFilterFunctionality_Tablet_20-51-51] Within deliveryElements loop iterating over the products  Within validateDeliveryFilterOptions method
20:51:58 [TestNG-test-Test-3] INFO  verifyingFreeDeliveryFilterFunctionality_Tablet_20-51-51 - [verifyingFreeDeliveryFilterFunctionality_Tablet_20-51-51] Checking if the allowedDateParts have the assert text   Within validateDeliveryFilterOptions method
20:51:58 [TestNG-test-Test-3] INFO  verifyingFreeDeliveryFilterFunctionality_Tablet_20-51-51 - [verifyingFreeDeliveryFilterFunctionality_Tablet_20-51-51] Within deliveryElements loop iterating over the products  Within validateDeliveryFilterOptions method
20:51:58 [TestNG-test-Test-3] INFO  verifyingFreeDeliveryFilterFunctionality_Tablet_20-51-51 - [verifyingFreeDeliveryFilterFunctionality_Tablet_20-51-51] Checking if the allowedDateParts have the assert text   Within validateDeliveryFilterOptions method
20:51:58 [TestNG-test-Test-3] INFO  verifyingFreeDeliveryFilterFunctionality_Tablet_20-51-51 - [verifyingFreeDeliveryFilterFunctionality_Tablet_20-51-51] Within deliveryElements loop iterating over the products  Within validateDeliveryFilterOptions method
20:51:58 [TestNG-test-Test-3] INFO  verifyingFreeDeliveryFilterFunctionality_Tablet_20-51-51 - [verifyingFreeDeliveryFilterFunctionality_Tablet_20-51-51] Checking if the allowedDateParts have the assert text   Within validateDeliveryFilterOptions method
20:51:58 [TestNG-test-Test-3] INFO  verifyingFreeDeliveryFilterFunctionality_Tablet_20-51-51 - [verifyingFreeDeliveryFilterFunctionality_Tablet_20-51-51] Within deliveryElements loop iterating over the products  Within validateDeliveryFilterOptions method
20:51:58 [TestNG-test-Test-3] INFO  verifyingFreeDeliveryFilterFunctionality_Tablet_20-51-51 - [verifyingFreeDeliveryFilterFunctionality_Tablet_20-51-51] Checking if the allowedDateParts have the assert text   Within validateDeliveryFilterOptions method
20:51:58 [TestNG-test-Test-3] INFO  verifyingFreeDeliveryFilterFunctionality_Tablet_20-51-51 - [verifyingFreeDeliveryFilterFunctionality_Tablet_20-51-51] Within deliveryElements loop iterating over the products  Within validateDeliveryFilterOptions method
20:51:58 [TestNG-test-Test-3] INFO  verifyingFreeDeliveryFilterFunctionality_Tablet_20-51-51 - [verifyingFreeDeliveryFilterFunctionality_Tablet_20-51-51] Checking if the allowedDateParts have the assert text   Within validateDeliveryFilterOptions method
20:51:58 [TestNG-test-Test-3] INFO  verifyingFreeDeliveryFilterFunctionality_Tablet_20-51-51 - [verifyingFreeDeliveryFilterFunctionality_Tablet_20-51-51] Within deliveryElements loop iterating over the products  Within validateDeliveryFilterOptions method
20:51:58 [TestNG-test-Test-3] INFO  verifyingFreeDeliveryFilterFunctionality_Tablet_20-51-51 - [verifyingFreeDeliveryFilterFunctionality_Tablet_20-51-51] Checking if the allowedDateParts have the assert text   Within validateDeliveryFilterOptions method
20:51:58 [TestNG-test-Test-3] INFO  verifyingFreeDeliveryFilterFunctionality_Tablet_20-51-51 - [verifyingFreeDeliveryFilterFunctionality_Tablet_20-51-51] Within deliveryElements loop iterating over the products  Within validateDeliveryFilterOptions method
20:51:58 [TestNG-test-Test-3] INFO  verifyingFreeDeliveryFilterFunctionality_Tablet_20-51-51 - [verifyingFreeDeliveryFilterFunctionality_Tablet_20-51-51] Checking if the allowedDateParts have the assert text   Within validateDeliveryFilterOptions method
20:51:58 [TestNG-test-Test-3] INFO  verifyingFreeDeliveryFilterFunctionality_Tablet_20-51-51 - [verifyingFreeDeliveryFilterFunctionality_Tablet_20-51-51] Within deliveryElements loop iterating over the products  Within validateDeliveryFilterOptions method
20:51:59 [TestNG-test-Test-3] INFO  verifyingFreeDeliveryFilterFunctionality_Tablet_20-51-51 - [verifyingFreeDeliveryFilterFunctionality_Tablet_20-51-51] Checking if the allowedDateParts have the assert text   Within validateDeliveryFilterOptions method
20:51:59 [TestNG-test-Test-3] INFO  verifyingFreeDeliveryFilterFunctionality_Tablet_20-51-51 - [verifyingFreeDeliveryFilterFunctionality_Tablet_20-51-51] Within deliveryElements loop iterating over the products  Within validateDeliveryFilterOptions method
20:51:59 [TestNG-test-Test-3] INFO  verifyingFreeDeliveryFilterFunctionality_Tablet_20-51-51 - [verifyingFreeDeliveryFilterFunctionality_Tablet_20-51-51] Checking if the allowedDateParts have the assert text   Within validateDeliveryFilterOptions method
20:51:59 [TestNG-test-Test-3] INFO  verifyingFreeDeliveryFilterFunctionality_Tablet_20-51-51 - [verifyingFreeDeliveryFilterFunctionality_Tablet_20-51-51] Returning the list with boolean values   Within validateDeliveryFilterOptions method
20:51:59 [TestNG-test-Test-3] INFO  verifyingFreeDeliveryFilterFunctionality_Tablet_20-51-51 - [verifyingFreeDeliveryFilterFunctionality_Tablet_20-51-51] Asserting delivery filter: isValid=true, index=-1, text=All the things are valid no errors
