20:53:50 [TestNG-test-Test-3] INFO  verifyingGetItIn2DaysFilterFunctionality_Tablet_20-53-50 - No existing WebDriver found for current thread. Initializing a new ChromeDriver...
20:53:50 [TestNG-test-Test-3] INFO  verifyingGetItIn2DaysFilterFunctionality_Tablet_20-53-50 - WebDriverManager: chromedriver setup OK
20:53:52 [TestNG-test-Test-3] INFO  verifyingGetItIn2DaysFilterFunctionality_Tablet_20-53-50 - ChromeDriver initialized successfully for thread: 36
20:53:53 [TestNG-test-Test-3] INFO  verifyingGetItIn2DaysFilterFunctionality_Tablet_20-53-50 - [verifyingGetItIn2DaysFilterFunctionality_Tablet_20-53-50] Opening amazon Landing page
20:53:53 [TestNG-test-Test-3] INFO  verifyingGetItIn2DaysFilterFunctionality_Tablet_20-53-50 - [verifyingGetItIn2DaysFilterFunctionality_Tablet_20-53-50] Within safeFindElement method
20:53:58 [TestNG-test-Test-3] INFO  verifyingGetItIn2DaysFilterFunctionality_Tablet_20-53-50 - [verifyingGetItIn2DaysFilterFunctionality_Tablet_20-53-50]Retrying findElement for: ->By.xpath: //a[@id='nav-logo-sprites']
20:54:02 [TestNG-test-Test-3] INFO  verifyingGetItIn2DaysFilterFunctionality_Tablet_20-53-50 - [verifyingGetItIn2DaysFilterFunctionality_Tablet_20-53-50]Refrehsing the page , while trying to safely find : ->By.xpath: //a[@id='nav-logo-sprites']
20:54:02 [TestNG-test-Test-3] INFO  verifyingGetItIn2DaysFilterFunctionality_Tablet_20-53-50 - [verifyingGetItIn2DaysFilterFunctionality_Tablet_20-53-50]Found the element returning it ,element ->[[ChromeDriver: chrome on windows (1017f2b837332d5345c45b3205e9e1f5)] -> xpath: //a[@id='nav-logo-sprites']]
20:54:02 [TestNG-test-Test-3] INFO  verifyingGetItIn2DaysFilterFunctionality_Tablet_20-53-50 - [verifyingGetItIn2DaysFilterFunctionality_Tablet_20-53-50] Giving input within the search bar
20:54:02 [TestNG-test-Test-3] INFO  verifyingGetItIn2DaysFilterFunctionality_Tablet_20-53-50 - [verifyingGetItIn2DaysFilterFunctionality_Tablet_20-53-50] Within safeClick method
20:54:06 [TestNG-test-Test-3] INFO  verifyingGetItIn2DaysFilterFunctionality_Tablet_20-53-50 - [verifyingGetItIn2DaysFilterFunctionality_Tablet_20-53-50] Clicked the  [[ChromeDriver: chrome on windows (1017f2b837332d5345c45b3205e9e1f5)] -> xpath: //input[@id='nav-search-submit-button']]   using safeClick
20:54:06 [TestNG-test-Test-3] INFO  verifyingGetItIn2DaysFilterFunctionality_Tablet_20-53-50 - [verifyingGetItIn2DaysFilterFunctionality_Tablet_20-53-50] Clicking on the submit in the search bar
20:54:06 [TestNG-test-Test-3] INFO  verifyingGetItIn2DaysFilterFunctionality_Tablet_20-53-50 - [verifyingGetItIn2DaysFilterFunctionality_Tablet_20-53-50] Waiting until element is visible in viewport
20:54:06 [TestNG-test-Test-3] INFO  verifyingGetItIn2DaysFilterFunctionality_Tablet_20-53-50 - [verifyingGetItIn2DaysFilterFunctionality_Tablet_20-53-50] Within validateDeliveryFilterOptionsWithResult method
20:54:06 [TestNG-test-Test-3] INFO  verifyingGetItIn2DaysFilterFunctionality_Tablet_20-53-50 - [verifyingGetItIn2DaysFilterFunctionality_Tablet_20-53-50] Within safeClick method
20:54:07 [TestNG-test-Test-3] INFO  verifyingGetItIn2DaysFilterFunctionality_Tablet_20-53-50 - [verifyingGetItIn2DaysFilterFunctionality_Tablet_20-53-50] Clicked the  [[ChromeDriver: chrome on windows (1017f2b837332d5345c45b3205e9e1f5)] -> xpath: //span[@class='a-size-base a-color-base puis-bold-weight-text' and text()='Delivery Day']/parent::div/following-sibling::ul//span[@class='a-size-base a-color-base' and text()='Get It in 2 Days']]   using safeClick
20:54:07 [TestNG-test-Test-3] INFO  verifyingGetItIn2DaysFilterFunctionality_Tablet_20-53-50 - [verifyingGetItIn2DaysFilterFunctionality_Tablet_20-53-50] Within getMoreButtonByFilterTypeAndName method
20:54:07 [TestNG-test-Test-3] INFO  verifyingGetItIn2DaysFilterFunctionality_Tablet_20-53-50 - [verifyingGetItIn2DaysFilterFunctionality_Tablet_20-53-50] Clicked on By.xpath: //span[@class='a-size-base a-color-base puis-bold-weight-text' and text()='Delivery Day']/parent::div/following-sibling::ul//span[@class='a-size-base a-color-base' and text()='Get It in 2 Days']
20:54:07 [TestNG-test-Test-3] INFO  verifyingGetItIn2DaysFilterFunctionality_Tablet_20-53-50 - [verifyingGetItIn2DaysFilterFunctionality_Tablet_20-53-50] Within safeFindElements 
20:54:08 [TestNG-test-Test-3] INFO  verifyingGetItIn2DaysFilterFunctionality_Tablet_20-53-50 - [verifyingGetItIn2DaysFilterFunctionality_Tablet_20-53-50] Returning the  [[[ChromeDriver: chrome on windows (1017f2b837332d5345c45b3205e9e1f5)] -> xpath: //div[@class='a-section a-spacing-small a-spacing-top-small']], [[ChromeDriver: chrome on windows (1017f2b837332d5345c45b3205e9e1f5)] -> xpath: //div[@class='a-section a-spacing-small a-spacing-top-small']], [[ChromeDriver: chrome on windows (1017f2b837332d5345c45b3205e9e1f5)] -> xpath: //div[@class='a-section a-spacing-small a-spacing-top-small']], [[ChromeDriver: chrome on windows (1017f2b837332d5345c45b3205e9e1f5)] -> xpath: //div[@class='a-section a-spacing-small a-spacing-top-small']], [[ChromeDriver: chrome on windows (1017f2b837332d5345c45b3205e9e1f5)] -> xpath: //div[@class='a-section a-spacing-small a-spacing-top-small']], [[ChromeDriver: chrome on windows (1017f2b837332d5345c45b3205e9e1f5)] -> xpath: //div[@class='a-section a-spacing-small a-spacing-top-small']]] from the safeFindElements method
20:54:08 [TestNG-test-Test-3] INFO  verifyingGetItIn2DaysFilterFunctionality_Tablet_20-53-50 - [verifyingGetItIn2DaysFilterFunctionality_Tablet_20-53-50] Created hashset with required data to assert with Within validateDeliveryFilterOptions method
20:54:08 [TestNG-test-Test-3] INFO  verifyingGetItIn2DaysFilterFunctionality_Tablet_20-53-50 - [verifyingGetItIn2DaysFilterFunctionality_Tablet_20-53-50] this is the set  [Aug, Today, 04, Tue, 05, FREE delivery, Wed, Tomorrow]
20:54:08 [TestNG-test-Test-3] INFO  verifyingGetItIn2DaysFilterFunctionality_Tablet_20-53-50 - [verifyingGetItIn2DaysFilterFunctionality_Tablet_20-53-50] Within deliveryElements loop iterating over the products  Within validateDeliveryFilterOptions method
20:54:08 [TestNG-test-Test-3] INFO  verifyingGetItIn2DaysFilterFunctionality_Tablet_20-53-50 - [verifyingGetItIn2DaysFilterFunctionality_Tablet_20-53-50] Checking if the allowedDateParts have the assert text   Within validateDeliveryFilterOptions method
20:54:08 [TestNG-test-Test-3] INFO  verifyingGetItIn2DaysFilterFunctionality_Tablet_20-53-50 - [verifyingGetItIn2DaysFilterFunctionality_Tablet_20-53-50] Within deliveryElements loop iterating over the products  Within validateDeliveryFilterOptions method
20:54:08 [TestNG-test-Test-3] INFO  verifyingGetItIn2DaysFilterFunctionality_Tablet_20-53-50 - [verifyingGetItIn2DaysFilterFunctionality_Tablet_20-53-50] Checking if the allowedDateParts have the assert text   Within validateDeliveryFilterOptions method
20:54:08 [TestNG-test-Test-3] INFO  verifyingGetItIn2DaysFilterFunctionality_Tablet_20-53-50 - [verifyingGetItIn2DaysFilterFunctionality_Tablet_20-53-50] Within deliveryElements loop iterating over the products  Within validateDeliveryFilterOptions method
20:54:08 [TestNG-test-Test-3] INFO  verifyingGetItIn2DaysFilterFunctionality_Tablet_20-53-50 - [verifyingGetItIn2DaysFilterFunctionality_Tablet_20-53-50] Checking if the allowedDateParts have the assert text   Within validateDeliveryFilterOptions method
20:54:08 [TestNG-test-Test-3] INFO  verifyingGetItIn2DaysFilterFunctionality_Tablet_20-53-50 - [verifyingGetItIn2DaysFilterFunctionality_Tablet_20-53-50] Within deliveryElements loop iterating over the products  Within validateDeliveryFilterOptions method
20:54:08 [TestNG-test-Test-3] INFO  verifyingGetItIn2DaysFilterFunctionality_Tablet_20-53-50 - [verifyingGetItIn2DaysFilterFunctionality_Tablet_20-53-50] Checking if the allowedDateParts have the assert text   Within validateDeliveryFilterOptions method
20:54:08 [TestNG-test-Test-3] INFO  verifyingGetItIn2DaysFilterFunctionality_Tablet_20-53-50 - [verifyingGetItIn2DaysFilterFunctionality_Tablet_20-53-50] Within deliveryElements loop iterating over the products  Within validateDeliveryFilterOptions method
20:54:08 [TestNG-test-Test-3] INFO  verifyingGetItIn2DaysFilterFunctionality_Tablet_20-53-50 - [verifyingGetItIn2DaysFilterFunctionality_Tablet_20-53-50] Checking if the allowedDateParts have the assert text   Within validateDeliveryFilterOptions method
20:54:08 [TestNG-test-Test-3] INFO  verifyingGetItIn2DaysFilterFunctionality_Tablet_20-53-50 - [verifyingGetItIn2DaysFilterFunctionality_Tablet_20-53-50] Within deliveryElements loop iterating over the products  Within validateDeliveryFilterOptions method
20:54:08 [TestNG-test-Test-3] INFO  verifyingGetItIn2DaysFilterFunctionality_Tablet_20-53-50 - [verifyingGetItIn2DaysFilterFunctionality_Tablet_20-53-50] Checking if the allowedDateParts have the assert text   Within validateDeliveryFilterOptions method
20:54:08 [TestNG-test-Test-3] INFO  verifyingGetItIn2DaysFilterFunctionality_Tablet_20-53-50 - [verifyingGetItIn2DaysFilterFunctionality_Tablet_20-53-50] Returning the list with boolean values   Within validateDeliveryFilterOptions method
20:54:08 [TestNG-test-Test-3] INFO  verifyingGetItIn2DaysFilterFunctionality_Tablet_20-53-50 - [verifyingGetItIn2DaysFilterFunctionality_Tablet_20-53-50] Asserting delivery filter: isValid=true, index=-1, text=All the things are valid no errors
