17:00:02 [TestNG-test-Test-1] INFO  verifyingGetItByTomorrowFilterFunctionality_Mobile_17-00-02 - No existing WebDriver found for current thread. Initializing a new ChromeDriver...
17:00:02 [TestNG-test-Test-1] INFO  verifyingGetItByTomorrowFilterFunctionality_Mobile_17-00-02 - WebDriverManager: chromedriver setup OK
17:00:04 [TestNG-test-Test-1] INFO  verifyingGetItByTomorrowFilterFunctionality_Mobile_17-00-02 - ChromeDriver initialized successfully for thread: 34
17:00:05 [TestNG-test-Test-1] INFO  verifyingGetItByTomorrowFilterFunctionality_Mobile_17-00-02 - [verifyingGetItByTomorrowFilterFunctionality_Mobile_17-00-02] Opening amazon Landing page
17:00:05 [TestNG-test-Test-1] INFO  verifyingGetItByTomorrowFilterFunctionality_Mobile_17-00-02 - [verifyingGetItByTomorrowFilterFunctionality_Mobile_17-00-02] Within safeFindElement method
17:00:05 [TestNG-test-Test-1] INFO  verifyingGetItByTomorrowFilterFunctionality_Mobile_17-00-02 - [verifyingGetItByTomorrowFilterFunctionality_Mobile_17-00-02]Found the element returning it ,element ->[[ChromeDriver: chrome on windows (b6528ad9dcb3c97ef9d77500ba45edde)] -> xpath: //a[@id='nav-logo-sprites']]
17:00:07 [TestNG-test-Test-1] INFO  verifyingGetItByTomorrowFilterFunctionality_Mobile_17-00-02 - [verifyingGetItByTomorrowFilterFunctionality_Mobile_17-00-02] Giving input within the search bar
17:00:07 [TestNG-test-Test-1] INFO  verifyingGetItByTomorrowFilterFunctionality_Mobile_17-00-02 - [verifyingGetItByTomorrowFilterFunctionality_Mobile_17-00-02] Within safeClick method
17:00:09 [TestNG-test-Test-1] INFO  verifyingGetItByTomorrowFilterFunctionality_Mobile_17-00-02 - [verifyingGetItByTomorrowFilterFunctionality_Mobile_17-00-02] Clicked the  [[ChromeDriver: chrome on windows (b6528ad9dcb3c97ef9d77500ba45edde)] -> xpath: //input[@id='nav-search-submit-button']]   using safeClick
17:00:09 [TestNG-test-Test-1] INFO  verifyingGetItByTomorrowFilterFunctionality_Mobile_17-00-02 - [verifyingGetItByTomorrowFilterFunctionality_Mobile_17-00-02] Clicking on the submit in the search bar
17:00:10 [TestNG-test-Test-1] INFO  verifyingGetItByTomorrowFilterFunctionality_Mobile_17-00-02 - [verifyingGetItByTomorrowFilterFunctionality_Mobile_17-00-02] Waiting until element is visible in viewport
17:00:10 [TestNG-test-Test-1] INFO  verifyingGetItByTomorrowFilterFunctionality_Mobile_17-00-02 - [verifyingGetItByTomorrowFilterFunctionality_Mobile_17-00-02] Within validateDeliveryFilterOptionsWithResult method
17:00:10 [TestNG-test-Test-1] INFO  verifyingGetItByTomorrowFilterFunctionality_Mobile_17-00-02 - [verifyingGetItByTomorrowFilterFunctionality_Mobile_17-00-02] Within safeClick method
17:00:10 [TestNG-test-Test-1] INFO  verifyingGetItByTomorrowFilterFunctionality_Mobile_17-00-02 - [verifyingGetItByTomorrowFilterFunctionality_Mobile_17-00-02] Clicked the  [[ChromeDriver: chrome on windows (b6528ad9dcb3c97ef9d77500ba45edde)] -> xpath: //span[@class='a-size-base a-color-base puis-bold-weight-text' and text()='Delivery Day']/parent::div/following-sibling::ul//span[@class='a-size-base a-color-base' and text()='Get It by Tomorrow']]   using safeClick
17:00:10 [TestNG-test-Test-1] INFO  verifyingGetItByTomorrowFilterFunctionality_Mobile_17-00-02 - [verifyingGetItByTomorrowFilterFunctionality_Mobile_17-00-02] Within getMoreButtonByFilterTypeAndName method
17:00:10 [TestNG-test-Test-1] INFO  verifyingGetItByTomorrowFilterFunctionality_Mobile_17-00-02 - [verifyingGetItByTomorrowFilterFunctionality_Mobile_17-00-02] Clicked on By.xpath: //span[@class='a-size-base a-color-base puis-bold-weight-text' and text()='Delivery Day']/parent::div/following-sibling::ul//span[@class='a-size-base a-color-base' and text()='Get It by Tomorrow']
17:00:10 [TestNG-test-Test-1] INFO  verifyingGetItByTomorrowFilterFunctionality_Mobile_17-00-02 - [verifyingGetItByTomorrowFilterFunctionality_Mobile_17-00-02] Within safeFindElements 
17:00:11 [TestNG-test-Test-1] INFO  verifyingGetItByTomorrowFilterFunctionality_Mobile_17-00-02 - [verifyingGetItByTomorrowFilterFunctionality_Mobile_17-00-02] Returning the  [[[ChromeDriver: chrome on windows (b6528ad9dcb3c97ef9d77500ba45edde)] -> xpath: //div[@class='a-section a-spacing-small a-spacing-top-small']]] from the safeFindElements method
17:00:11 [TestNG-test-Test-1] INFO  verifyingGetItByTomorrowFilterFunctionality_Mobile_17-00-02 - [verifyingGetItByTomorrowFilterFunctionality_Mobile_17-00-02] Created hashset with required data to assert with Within validateDeliveryFilterOptionsWithResult method
17:00:11 [TestNG-test-Test-1] INFO  verifyingGetItByTomorrowFilterFunctionality_Mobile_17-00-02 - [verifyingGetItByTomorrowFilterFunctionality_Mobile_17-00-02] this is the set  [Thu, Today, 16, FREE delivery, 17, Wed, Tomorrow, Sep]
17:00:11 [TestNG-test-Test-1] INFO  verifyingGetItByTomorrowFilterFunctionality_Mobile_17-00-02 - [verifyingGetItByTomorrowFilterFunctionality_Mobile_17-00-02] Within deliveryElements loop iterating over the products  Within validateDeliveryFilterOptionsWithResult method
17:00:11 [TestNG-test-Test-1] INFO  verifyingGetItByTomorrowFilterFunctionality_Mobile_17-00-02 - [verifyingGetItByTomorrowFilterFunctionality_Mobile_17-00-02] Checking if the allowedDateParts have the assert text — index 0, text: iQOO Z10 Lite 5G (Titanium Blue 2026, 4GB RAM, 64GB Storage) | Dimensity 6300 5G Processor | 50MP Sony AI Camera | 6000 mAh Battery | IP64 Rated & Military Grade Shock-Resistance*
4.1
(386)
2K+ bought in past month
₹16,999
M.R.P:
₹27,999 (39% off)
FREE delivery Mon, 21 Sept
Or fastest delivery Tomorrow 8 am - 12 pm
Add to cart
17:00:11 [TestNG-test-Test-1] INFO  verifyingGetItByTomorrowFilterFunctionality_Mobile_17-00-02 - [verifyingGetItByTomorrowFilterFunctionality_Mobile_17-00-02] Returning the list with boolean values   Within validateDeliveryFilterOptionsWithResult method
17:00:11 [TestNG-test-Test-1] INFO  verifyingGetItByTomorrowFilterFunctionality_Mobile_17-00-02 - [verifyingGetItByTomorrowFilterFunctionality_Mobile_17-00-02] Asserting delivery filter: isValid=true, index=-1, text=All the things are valid no errors
