20:18:38 [TestNG-test-Test-1] INFO  verifyingGetItIn2DaysFilterFunctionality_Tablet_20-18-38 - No existing WebDriver found for current thread. Initializing a new ChromeDriver...
20:18:38 [TestNG-test-Test-1] INFO  verifyingGetItIn2DaysFilterFunctionality_Tablet_20-18-38 - WebDriverManager: chromedriver setup OK
20:18:40 [TestNG-test-Test-1] INFO  verifyingGetItIn2DaysFilterFunctionality_Tablet_20-18-38 - ChromeDriver initialized successfully for thread: 34
20:18:41 [TestNG-test-Test-1] INFO  verifyingGetItIn2DaysFilterFunctionality_Tablet_20-18-38 - [verifyingGetItIn2DaysFilterFunctionality_Tablet_20-18-38] Opening amazon Landing page
20:18:41 [TestNG-test-Test-1] INFO  verifyingGetItIn2DaysFilterFunctionality_Tablet_20-18-38 - [verifyingGetItIn2DaysFilterFunctionality_Tablet_20-18-38] Within safeFindElement method
20:18:46 [TestNG-test-Test-1] INFO  verifyingGetItIn2DaysFilterFunctionality_Tablet_20-18-38 - [verifyingGetItIn2DaysFilterFunctionality_Tablet_20-18-38]Retrying findElement for: ->By.xpath: //a[@id='nav-logo-sprites']
20:18:46 [TestNG-test-Test-1] INFO  verifyingGetItIn2DaysFilterFunctionality_Tablet_20-18-38 - [verifyingGetItIn2DaysFilterFunctionality_Tablet_20-18-38]Refrehsing the page , while trying to safely find : ->By.xpath: //a[@id='nav-logo-sprites']
20:18:52 [TestNG-test-Test-1] INFO  verifyingGetItIn2DaysFilterFunctionality_Tablet_20-18-38 - [verifyingGetItIn2DaysFilterFunctionality_Tablet_20-18-38]Retrying findElement for: ->By.xpath: //a[@id='nav-logo-sprites']
20:18:52 [TestNG-test-Test-1] INFO  verifyingGetItIn2DaysFilterFunctionality_Tablet_20-18-38 - [verifyingGetItIn2DaysFilterFunctionality_Tablet_20-18-38]Refrehsing the page , while trying to safely find : ->By.xpath: //a[@id='nav-logo-sprites']
20:18:52 [TestNG-test-Test-1] INFO  verifyingGetItIn2DaysFilterFunctionality_Tablet_20-18-38 - [verifyingGetItIn2DaysFilterFunctionality_Tablet_20-18-38] Skipping action: Element not found after 2   attemps
20:18:54 [TestNG-test-Test-1] INFO  verifyingGetItIn2DaysFilterFunctionality_Tablet_20-18-38 - [verifyingGetItIn2DaysFilterFunctionality_Tablet_20-18-38] Giving input within the search bar
20:18:54 [TestNG-test-Test-1] INFO  verifyingGetItIn2DaysFilterFunctionality_Tablet_20-18-38 - [verifyingGetItIn2DaysFilterFunctionality_Tablet_20-18-38] Within safeClick method
20:18:56 [TestNG-test-Test-1] INFO  verifyingGetItIn2DaysFilterFunctionality_Tablet_20-18-38 - [verifyingGetItIn2DaysFilterFunctionality_Tablet_20-18-38] Clicked the  [[ChromeDriver: chrome on windows (5f5a8da8796f0d33033ef5aed8596465)] -> xpath: //input[@id='nav-search-submit-button']]   using safeClick
20:18:56 [TestNG-test-Test-1] INFO  verifyingGetItIn2DaysFilterFunctionality_Tablet_20-18-38 - [verifyingGetItIn2DaysFilterFunctionality_Tablet_20-18-38] Clicking on the submit in the search bar
20:18:56 [TestNG-test-Test-1] INFO  verifyingGetItIn2DaysFilterFunctionality_Tablet_20-18-38 - [verifyingGetItIn2DaysFilterFunctionality_Tablet_20-18-38] Waiting until element is visible in viewport
20:18:56 [TestNG-test-Test-1] INFO  verifyingGetItIn2DaysFilterFunctionality_Tablet_20-18-38 - [verifyingGetItIn2DaysFilterFunctionality_Tablet_20-18-38] Within validateDeliveryFilterOptionsWithResult method
20:18:56 [TestNG-test-Test-1] INFO  verifyingGetItIn2DaysFilterFunctionality_Tablet_20-18-38 - [verifyingGetItIn2DaysFilterFunctionality_Tablet_20-18-38] Within safeClick method
20:18:56 [TestNG-test-Test-1] INFO  verifyingGetItIn2DaysFilterFunctionality_Tablet_20-18-38 - [verifyingGetItIn2DaysFilterFunctionality_Tablet_20-18-38] Clicked the  [[ChromeDriver: chrome on windows (5f5a8da8796f0d33033ef5aed8596465)] -> xpath: //span[@class='a-size-base a-color-base puis-bold-weight-text' and text()='Delivery Day']/parent::div/following-sibling::ul//span[@class='a-size-base a-color-base' and text()='Get It in 2 Days']]   using safeClick
20:18:56 [TestNG-test-Test-1] INFO  verifyingGetItIn2DaysFilterFunctionality_Tablet_20-18-38 - [verifyingGetItIn2DaysFilterFunctionality_Tablet_20-18-38] Within getMoreButtonByFilterTypeAndName method
20:18:57 [TestNG-test-Test-1] INFO  verifyingGetItIn2DaysFilterFunctionality_Tablet_20-18-38 - [verifyingGetItIn2DaysFilterFunctionality_Tablet_20-18-38] Clicked on By.xpath: //span[@class='a-size-base a-color-base puis-bold-weight-text' and text()='Delivery Day']/parent::div/following-sibling::ul//span[@class='a-size-base a-color-base' and text()='Get It in 2 Days']
20:18:57 [TestNG-test-Test-1] INFO  verifyingGetItIn2DaysFilterFunctionality_Tablet_20-18-38 - [verifyingGetItIn2DaysFilterFunctionality_Tablet_20-18-38] Within safeFindElements 
20:18:58 [TestNG-test-Test-1] INFO  verifyingGetItIn2DaysFilterFunctionality_Tablet_20-18-38 - [verifyingGetItIn2DaysFilterFunctionality_Tablet_20-18-38] Returning the  [[[ChromeDriver: chrome on windows (5f5a8da8796f0d33033ef5aed8596465)] -> xpath: //div[@class='a-section a-spacing-small a-spacing-top-small']], [[ChromeDriver: chrome on windows (5f5a8da8796f0d33033ef5aed8596465)] -> xpath: //div[@class='a-section a-spacing-small a-spacing-top-small']], [[ChromeDriver: chrome on windows (5f5a8da8796f0d33033ef5aed8596465)] -> xpath: //div[@class='a-section a-spacing-small a-spacing-top-small']], [[ChromeDriver: chrome on windows (5f5a8da8796f0d33033ef5aed8596465)] -> xpath: //div[@class='a-section a-spacing-small a-spacing-top-small']], [[ChromeDriver: chrome on windows (5f5a8da8796f0d33033ef5aed8596465)] -> xpath: //div[@class='a-section a-spacing-small a-spacing-top-small']], [[ChromeDriver: chrome on windows (5f5a8da8796f0d33033ef5aed8596465)] -> xpath: //div[@class='a-section a-spacing-small a-spacing-top-small']], [[ChromeDriver: chrome on windows (5f5a8da8796f0d33033ef5aed8596465)] -> xpath: //div[@class='a-section a-spacing-small a-spacing-top-small']], [[ChromeDriver: chrome on windows (5f5a8da8796f0d33033ef5aed8596465)] -> xpath: //div[@class='a-section a-spacing-small a-spacing-top-small']], [[ChromeDriver: chrome on windows (5f5a8da8796f0d33033ef5aed8596465)] -> xpath: //div[@class='a-section a-spacing-small a-spacing-top-small']], [[ChromeDriver: chrome on windows (5f5a8da8796f0d33033ef5aed8596465)] -> xpath: //div[@class='a-section a-spacing-small a-spacing-top-small']], [[ChromeDriver: chrome on windows (5f5a8da8796f0d33033ef5aed8596465)] -> xpath: //div[@class='a-section a-spacing-small a-spacing-top-small']], [[ChromeDriver: chrome on windows (5f5a8da8796f0d33033ef5aed8596465)] -> xpath: //div[@class='a-section a-spacing-small a-spacing-top-small']], [[ChromeDriver: chrome on windows (5f5a8da8796f0d33033ef5aed8596465)] -> xpath: //div[@class='a-section a-spacing-small a-spacing-top-small']], [[ChromeDriver: chrome on windows (5f5a8da8796f0d33033ef5aed8596465)] -> xpath: //div[@class='a-section a-spacing-small a-spacing-top-small']], [[ChromeDriver: chrome on windows (5f5a8da8796f0d33033ef5aed8596465)] -> xpath: //div[@class='a-section a-spacing-small a-spacing-top-small']], [[ChromeDriver: chrome on windows (5f5a8da8796f0d33033ef5aed8596465)] -> xpath: //div[@class='a-section a-spacing-small a-spacing-top-small']], [[ChromeDriver: chrome on windows (5f5a8da8796f0d33033ef5aed8596465)] -> xpath: //div[@class='a-section a-spacing-small a-spacing-top-small']], [[ChromeDriver: chrome on windows (5f5a8da8796f0d33033ef5aed8596465)] -> xpath: //div[@class='a-section a-spacing-small a-spacing-top-small']], [[ChromeDriver: chrome on windows (5f5a8da8796f0d33033ef5aed8596465)] -> xpath: //div[@class='a-section a-spacing-small a-spacing-top-small']], [[ChromeDriver: chrome on windows (5f5a8da8796f0d33033ef5aed8596465)] -> xpath: //div[@class='a-section a-spacing-small a-spacing-top-small']], [[ChromeDriver: chrome on windows (5f5a8da8796f0d33033ef5aed8596465)] -> xpath: //div[@class='a-section a-spacing-small a-spacing-top-small']]] from the safeFindElements method
20:18:58 [TestNG-test-Test-1] INFO  verifyingGetItIn2DaysFilterFunctionality_Tablet_20-18-38 - [verifyingGetItIn2DaysFilterFunctionality_Tablet_20-18-38] Created hashset with required data to assert with Within validateDeliveryFilterOptionsWithResult method
20:18:58 [TestNG-test-Test-1] INFO  verifyingGetItIn2DaysFilterFunctionality_Tablet_20-18-38 - [verifyingGetItIn2DaysFilterFunctionality_Tablet_20-18-38] this is the set  [Today, FREE delivery, 18, Sat, 19, Fri, Tomorrow, Sep]
20:18:58 [TestNG-test-Test-1] INFO  verifyingGetItIn2DaysFilterFunctionality_Tablet_20-18-38 - [verifyingGetItIn2DaysFilterFunctionality_Tablet_20-18-38] Within deliveryElements loop iterating over the products  Within validateDeliveryFilterOptionsWithResult method
20:18:58 [TestNG-test-Test-1] INFO  verifyingGetItIn2DaysFilterFunctionality_Tablet_20-18-38 - [verifyingGetItIn2DaysFilterFunctionality_Tablet_20-18-38] Checking if the allowedDateParts have the assert text — index 0, text: Sponsored
Acer Iconia Tab10 | 10.36" | 2K IPS Display, 480 Nit | Quad Speakers | 6GB + 128GB (Expandable) | Wi-Fi + (Calling)
3.9
(54)
₹20,990
M.R.P:
₹30,990 (32% off)
You pay ₹17,990 with coupon
FREE delivery Tue, 22 Sept
Or fastest delivery Tomorrow 8 am - 12 pm
Add to cart
20:18:58 [TestNG-test-Test-1] INFO  verifyingGetItIn2DaysFilterFunctionality_Tablet_20-18-38 - [verifyingGetItIn2DaysFilterFunctionality_Tablet_20-18-38] Within deliveryElements loop iterating over the products  Within validateDeliveryFilterOptionsWithResult method
20:18:58 [TestNG-test-Test-1] INFO  verifyingGetItIn2DaysFilterFunctionality_Tablet_20-18-38 - [verifyingGetItIn2DaysFilterFunctionality_Tablet_20-18-38] Checking if the allowedDateParts have the assert text — index 1, text: Sponsored
OnePlus, Pad Go 2, 12.1 inch (30.73 CM), LCD, 8GB RAM, 128GB ROM, Wi-Fi, Quad Speakers, Eye Care,Shadow Black, AI Enabled
4.2
(908)
400+ bought in past month
₹29,999
Up to 5% back with Amazon Pay ICI...
FREE delivery Tue, 22 Sept
Or fastest delivery Today 4 pm - 8 pm
Add to cart
+2 other colors/patterns
20:18:58 [TestNG-test-Test-1] INFO  verifyingGetItIn2DaysFilterFunctionality_Tablet_20-18-38 - [verifyingGetItIn2DaysFilterFunctionality_Tablet_20-18-38] Within deliveryElements loop iterating over the products  Within validateDeliveryFilterOptionsWithResult method
20:18:58 [TestNG-test-Test-1] INFO  verifyingGetItIn2DaysFilterFunctionality_Tablet_20-18-38 - [verifyingGetItIn2DaysFilterFunctionality_Tablet_20-18-38] Checking if the allowedDateParts have the assert text — index 2, text: Samsung Galaxy Tab A11+ [Smartchoice], 11-inch (27.82 CM), LCD Display, 6GB RAM, 128GB ROM, Wi-Fi, Quad Speakers, Dolby Atmos, Gray, AI Enabled
4.5
(249)
400+ bought in past month
₹25,999
M.R.P:
₹27,999 (7% off)
Save extra with No Cost EMI
FREE delivery Tue, 22 Sept
Or fastest delivery Today 4 pm - 8 pm
Add to cart
20:18:58 [TestNG-test-Test-1] INFO  verifyingGetItIn2DaysFilterFunctionality_Tablet_20-18-38 - [verifyingGetItIn2DaysFilterFunctionality_Tablet_20-18-38] Within deliveryElements loop iterating over the products  Within validateDeliveryFilterOptionsWithResult method
20:18:58 [TestNG-test-Test-1] INFO  verifyingGetItIn2DaysFilterFunctionality_Tablet_20-18-38 - [verifyingGetItIn2DaysFilterFunctionality_Tablet_20-18-38] Checking if the allowedDateParts have the assert text — index 3, text: Redmi Pad 2, 11-inch (27.94 CM), LCD Display - 2.5K Sharp & Clear, 6GB RAM, 128GB ROM, Wi-Fi + Cellular (4G), Quad Speakers, Dolby Atmos, Sky Blue, AI Enabled
4.3
(887)
300+ bought in past month
₹23,944
M.R.P:
₹30,999 (23% off)
Up to 5% back with Amazon Pay ICI...
FREE delivery Tue, 22 Sept
Or fastest delivery Today 4 pm - 8 pm
Add to cart
20:18:58 [TestNG-test-Test-1] INFO  verifyingGetItIn2DaysFilterFunctionality_Tablet_20-18-38 - [verifyingGetItIn2DaysFilterFunctionality_Tablet_20-18-38] Within deliveryElements loop iterating over the products  Within validateDeliveryFilterOptionsWithResult method
20:18:58 [TestNG-test-Test-1] INFO  verifyingGetItIn2DaysFilterFunctionality_Tablet_20-18-38 - [verifyingGetItIn2DaysFilterFunctionality_Tablet_20-18-38] Checking if the allowedDateParts have the assert text — index 4, text: Sponsored
Samsung Galaxy Tab S10 Lite [Smartchoice], 10.9-inch (27.7 CM), LCD Display, 6GB RAM, 128GB ROM, Wi-Fi+5G, Dual Speakers, S Pen, Silver, AI Enabled
4.4
(261)
100+ bought in past month
₹38,999
M.R.P:
₹41,999 (7% off)
Up to 5% back with Amazon Pay ICI...
FREE delivery Tue, 22 Sept
Or fastest delivery Today 4 pm - 8 pm
Add to cart
+2 other colors/patterns
20:18:58 [TestNG-test-Test-1] INFO  verifyingGetItIn2DaysFilterFunctionality_Tablet_20-18-38 - [verifyingGetItIn2DaysFilterFunctionality_Tablet_20-18-38] Within deliveryElements loop iterating over the products  Within validateDeliveryFilterOptionsWithResult method
20:18:58 [TestNG-test-Test-1] INFO  verifyingGetItIn2DaysFilterFunctionality_Tablet_20-18-38 - [verifyingGetItIn2DaysFilterFunctionality_Tablet_20-18-38] Checking if the allowedDateParts have the assert text — index 5, text: Samsung Galaxy Tab S10 Lite [Smartchoice], 10.9-inch (27.7 CM), LCD Display, 6GB RAM, 128GB ROM, Wi-Fi, Dual Speakers, S Pen, Gray, AI Enabled
4.6
(447)
500+ bought in past month
₹35,749
M.R.P:
₹57,999 (38% off)
Save extra with No Cost EMI
FREE delivery Tue, 22 Sept
Or fastest delivery Today 4 pm - 8 pm
Add to cart
20:18:58 [TestNG-test-Test-1] INFO  verifyingGetItIn2DaysFilterFunctionality_Tablet_20-18-38 - [verifyingGetItIn2DaysFilterFunctionality_Tablet_20-18-38] Within deliveryElements loop iterating over the products  Within validateDeliveryFilterOptionsWithResult method
20:18:58 [TestNG-test-Test-1] INFO  verifyingGetItIn2DaysFilterFunctionality_Tablet_20-18-38 - [verifyingGetItIn2DaysFilterFunctionality_Tablet_20-18-38] Checking if the allowedDateParts have the assert text — index 6, text: Lenovo Tab (Smartchoice)| 10.1" Display| 4G (LTE) + Wi-Fi (Calling)| 4 GB RAM + 64 GB ROM (Expandable up to 1 TB)| Metal Body| Dual Speakers with Dolby Atmos| Android 14| Color: Polar Blue
4.0
(273)
100+ bought in past month
₹18,999
M.R.P:
₹21,000 (10% off)
Up to 5% back with Amazon Pay ICI...
FREE delivery Tue, 22 Sept
Or fastest delivery Today 4 pm - 8 pm
Add to cart
20:18:58 [TestNG-test-Test-1] INFO  verifyingGetItIn2DaysFilterFunctionality_Tablet_20-18-38 - [verifyingGetItIn2DaysFilterFunctionality_Tablet_20-18-38] Within deliveryElements loop iterating over the products  Within validateDeliveryFilterOptionsWithResult method
20:18:58 [TestNG-test-Test-1] INFO  verifyingGetItIn2DaysFilterFunctionality_Tablet_20-18-38 - [verifyingGetItIn2DaysFilterFunctionality_Tablet_20-18-38] Checking if the allowedDateParts have the assert text — index 7, text: Sponsored
Acer Iconia Tab11 | 11.45" | 2.2K IPS Display, 450 Nit | Quad Speakers | 8GB + 128GB (Expandable) | Wi-Fi + (Calling) | Fingerprint Reader| Slim Metal Body| Blue
3.7
(14)
50+ bought in past month
₹21,999
M.R.P:
₹39,990 (45% off)
Up to 5% back with Amazon Pay ICI...
FREE delivery Tue, 22 Sept
Or fastest delivery Tomorrow 8 am - 12 pm
Add to cart
20:18:58 [TestNG-test-Test-1] INFO  verifyingGetItIn2DaysFilterFunctionality_Tablet_20-18-38 - [verifyingGetItIn2DaysFilterFunctionality_Tablet_20-18-38] Within deliveryElements loop iterating over the products  Within validateDeliveryFilterOptionsWithResult method
20:18:58 [TestNG-test-Test-1] INFO  verifyingGetItIn2DaysFilterFunctionality_Tablet_20-18-38 - [verifyingGetItIn2DaysFilterFunctionality_Tablet_20-18-38] Checking if the allowedDateParts have the assert text — index 8, text: Sponsored
DOMO Slate SL40 OS10 1C 10 Inch Android Tablet 4G Dual SIM, 4GB RAM, 32GB Storage (Expandable to 1TB), Octa-Core Processor, WXGA Incell Display, 13MP Camera, GPS, WiFi, Bluetooth, Type-C Blue
2.0
(4)
50+ bought in past month
₹9,990
M.R.P:
₹24,990 (60% off)
You pay ₹9,790.20 with coupon
FREE delivery Tue, 22 Sept
Or fastest delivery Tomorrow 8 am - 12 pm
Only 1 left in stock.
Add to cart
20:18:58 [TestNG-test-Test-1] INFO  verifyingGetItIn2DaysFilterFunctionality_Tablet_20-18-38 - [verifyingGetItIn2DaysFilterFunctionality_Tablet_20-18-38] Within deliveryElements loop iterating over the products  Within validateDeliveryFilterOptionsWithResult method
20:18:58 [TestNG-test-Test-1] INFO  verifyingGetItIn2DaysFilterFunctionality_Tablet_20-18-38 - [verifyingGetItIn2DaysFilterFunctionality_Tablet_20-18-38] Checking if the allowedDateParts have the assert text — index 9, text: Lenovo Idea Tab (Smartchoice) with Folio Keyboard + Tab Pen | Wi-Fi + 5G |11" Display, 2.5K Resolution, 90Hz Refresh|8GB RAM, 256GB ROM| MediaTek Dimensity 6300| 7040mAh|4 Speakers| USB-C| Luna Grey
4.3
(59)
400+ bought in past month
₹35,999
M.R.P:
₹52,000 (31% off)
Up to 5% back with Amazon Pay ICI...
FREE delivery Tue, 22 Sept
Or fastest delivery Today 4 pm - 8 pm
Add to cart
20:18:58 [TestNG-test-Test-1] INFO  verifyingGetItIn2DaysFilterFunctionality_Tablet_20-18-38 - [verifyingGetItIn2DaysFilterFunctionality_Tablet_20-18-38] Within deliveryElements loop iterating over the products  Within validateDeliveryFilterOptionsWithResult method
20:18:58 [TestNG-test-Test-1] INFO  verifyingGetItIn2DaysFilterFunctionality_Tablet_20-18-38 - [verifyingGetItIn2DaysFilterFunctionality_Tablet_20-18-38] Checking if the allowedDateParts have the assert text — index 10, text: 10.1" Android Tablet, 8GB RAM, 128GB Storage, Android 12 Oct-core Processor, 5 Million + 13 Million Dual Cameras, WiFi Bluetooth 1TB IPS Extended Full HD Display,
5.0
(2)
₹14,172
M.R.P:
₹28,099 (50% off)
Up to 5% back with Amazon Pay ICI...
FREE delivery 29 Sept - 1 Oct
Add to cart
20:18:58 [TestNG-test-Test-1] INFO  verifyingGetItIn2DaysFilterFunctionality_Tablet_20-18-38 - [verifyingGetItIn2DaysFilterFunctionality_Tablet_20-18-38] Within deliveryElements loop iterating over the products  Within validateDeliveryFilterOptionsWithResult method
20:18:58 [TestNG-test-Test-1] INFO  verifyingGetItIn2DaysFilterFunctionality_Tablet_20-18-38 - [verifyingGetItIn2DaysFilterFunctionality_Tablet_20-18-38] Checking if the allowedDateParts have the assert text — index 11, text: Lenovo Idea Tab Smartchoice |11-inch 2.5K Clear Display, 90Hz Refresh Rate, 8GB RAM, 256GB ROM| MediaTek Dimensity 6300| 7040mAh Battery|4 Speakers| USB-C |Wi-Fi |AI-Enabled, Dolby Atmos, Luna Grey
4.4
(371)
200+ bought in past month
₹26,999
Save extra with No Cost EMI
FREE delivery Tue, 22 Sept
Or fastest delivery Today 4 pm - 8 pm
Add to cart
20:18:58 [TestNG-test-Test-1] INFO  verifyingGetItIn2DaysFilterFunctionality_Tablet_20-18-38 - [verifyingGetItIn2DaysFilterFunctionality_Tablet_20-18-38] Within deliveryElements loop iterating over the products  Within validateDeliveryFilterOptionsWithResult method
20:18:58 [TestNG-test-Test-1] INFO  verifyingGetItIn2DaysFilterFunctionality_Tablet_20-18-38 - [verifyingGetItIn2DaysFilterFunctionality_Tablet_20-18-38] Checking if the allowedDateParts have the assert text — index 12, text: Redmi Pad 2 Pro, 12.1-inch (30.73 CM), LCD Display - 2.5K Sharp & Clear, 8GB RAM, 128GB ROM, Wi-Fi, Quad Speakers, Dolby Atmos, Graphite Grey, AI Enabled
4.0
(301)
500+ bought in past month
₹28,999
M.R.P:
₹39,999 (28% off)
Up to 5% back with Amazon Pay ICI...
FREE delivery Tue, 22 Sept
Or fastest delivery Today 4 pm - 8 pm
Add to cart
20:18:58 [TestNG-test-Test-1] INFO  verifyingGetItIn2DaysFilterFunctionality_Tablet_20-18-38 - [verifyingGetItIn2DaysFilterFunctionality_Tablet_20-18-38] Within deliveryElements loop iterating over the products  Within validateDeliveryFilterOptionsWithResult method
20:18:58 [TestNG-test-Test-1] INFO  verifyingGetItIn2DaysFilterFunctionality_Tablet_20-18-38 - [verifyingGetItIn2DaysFilterFunctionality_Tablet_20-18-38] Checking if the allowedDateParts have the assert text — index 13, text: OnePlus,Pad Lite, 11-inch (27.94 CM CM), LCD, 8GB RAM, 128GB ROM, WiFi + LTE, Quad Speakers, 9340mAh Battery, Aero Blue, Not AI Enabled
4.4
(872)
500+ bought in past month
₹26,999
M.R.P:
₹29,999 (10% off)
Up to 5% back with Amazon Pay ICI...
FREE delivery Tue, 22 Sept
Or fastest delivery Today 4 pm - 8 pm
Add to cart
20:18:58 [TestNG-test-Test-1] INFO  verifyingGetItIn2DaysFilterFunctionality_Tablet_20-18-38 - [verifyingGetItIn2DaysFilterFunctionality_Tablet_20-18-38] Within deliveryElements loop iterating over the products  Within validateDeliveryFilterOptionsWithResult method
20:18:58 [TestNG-test-Test-1] INFO  verifyingGetItIn2DaysFilterFunctionality_Tablet_20-18-38 - [verifyingGetItIn2DaysFilterFunctionality_Tablet_20-18-38] Checking if the allowedDateParts have the assert text — index 14, text: Lenovo Idea Tab Plus with Pen |Wifi +5G |12.1" 2.5K Display, 800nits Peak Brightness |8GB RAM + 256GB ROM (Expandable upto 2TB)| MediaTek Dimensity 6400| 10200mAh|4 Speakers with Dolby Atmos|Luna Grey
4.3
(109)
50+ bought in past month
₹36,343
M.R.P:
₹41,000 (11% off)
Up to 5% back with Amazon Pay ICI...
FREE delivery Tue, 22 Sept
Or fastest delivery Today 4 pm - 8 pm
Add to cart
More Buying Choices
₹36,300(3 new offers)
20:18:58 [TestNG-test-Test-1] INFO  verifyingGetItIn2DaysFilterFunctionality_Tablet_20-18-38 - [verifyingGetItIn2DaysFilterFunctionality_Tablet_20-18-38] Within deliveryElements loop iterating over the products  Within validateDeliveryFilterOptionsWithResult method
20:18:58 [TestNG-test-Test-1] INFO  verifyingGetItIn2DaysFilterFunctionality_Tablet_20-18-38 - [verifyingGetItIn2DaysFilterFunctionality_Tablet_20-18-38] Checking if the allowedDateParts have the assert text — index 15, text: OnePlus, Pad Go 2, 12.1 inch (30.73 CM), LCD, 8GB RAM, 128GB ROM, Wi-Fi, Quad Speakers, Eye Care,Shadow Black, AI Enabled
4.2
(908)
400+ bought in past month
₹29,999
Up to 5% back with Amazon Pay ICI...
FREE delivery Tue, 22 Sept
Or fastest delivery Today 4 pm - 8 pm
Add to cart
20:18:58 [TestNG-test-Test-1] INFO  verifyingGetItIn2DaysFilterFunctionality_Tablet_20-18-38 - [verifyingGetItIn2DaysFilterFunctionality_Tablet_20-18-38] Within deliveryElements loop iterating over the products  Within validateDeliveryFilterOptionsWithResult method
20:18:58 [TestNG-test-Test-1] INFO  verifyingGetItIn2DaysFilterFunctionality_Tablet_20-18-38 - [verifyingGetItIn2DaysFilterFunctionality_Tablet_20-18-38] Checking if the allowedDateParts have the assert text — index 16, text: Lenovo Idea Tab Pro Gen 2 with Pen Plus {Smartchoice} 13" Display, 3.5K Resolution, 144Hz Refresh | 8GB, 256GB | Snapdragon 8s Gen 4 | 10200mAh, 4 JBL Speakers, USB 3.0 with DP-Out, Wi-Fi 7, Luna Grey
4.4
(156)
200+ bought in past month
₹43,999
M.R.P:
₹70,000 (37% off)
Up to 5% back with Amazon Pay ICI...
FREE delivery Tue, 22 Sept
Or fastest delivery Today 4 pm - 8 pm
Add to cart
+1 other color/pattern
20:18:58 [TestNG-test-Test-1] INFO  verifyingGetItIn2DaysFilterFunctionality_Tablet_20-18-38 - [verifyingGetItIn2DaysFilterFunctionality_Tablet_20-18-38] Within deliveryElements loop iterating over the products  Within validateDeliveryFilterOptionsWithResult method
20:18:58 [TestNG-test-Test-1] INFO  verifyingGetItIn2DaysFilterFunctionality_Tablet_20-18-38 - [verifyingGetItIn2DaysFilterFunctionality_Tablet_20-18-38] Checking if the allowedDateParts have the assert text — index 17, text: Lenovo {Smartchoice} Idea Tab Pro with Pen Plus & Keyboard|12.7" 3K Display|144 Hz Refresh|12 GB RAM, 256 GB ROM| AI-Enabled| MediaTek Dimensity 8300|4 JBL Speakers|10200 mAh Battery with 45 W Charger
4.3
(38)
200+ bought in past month
₹41,999
M.R.P:
₹48,999 (14% off)
Up to 5% back with Amazon Pay ICI...
FREE delivery Tue, 22 Sept
Or fastest delivery Today 4 pm - 8 pm
Add to cart
20:18:58 [TestNG-test-Test-1] INFO  verifyingGetItIn2DaysFilterFunctionality_Tablet_20-18-38 - [verifyingGetItIn2DaysFilterFunctionality_Tablet_20-18-38] Within deliveryElements loop iterating over the products  Within validateDeliveryFilterOptionsWithResult method
20:18:58 [TestNG-test-Test-1] INFO  verifyingGetItIn2DaysFilterFunctionality_Tablet_20-18-38 - [verifyingGetItIn2DaysFilterFunctionality_Tablet_20-18-38] Checking if the allowedDateParts have the assert text — index 18, text: XIAOMI Pad 8 Nano Texture, 11.2 -inch (28.44 CM), LCD 3.2K, 12GB RAM, 256GB ROM, Wi-Fi, Quad Speakers Dolby Atmos, Supports Focus Pen Pro, Graphite Grey, AI Enabled
4.4
(102)
50+ bought in past month
₹48,999
M.R.P:
₹59,999 (18% off)
Up to 5% back with Amazon Pay ICI...
FREE delivery Tue, 22 Sept
Or fastest delivery Today 4 pm - 8 pm
Add to cart
20:18:58 [TestNG-test-Test-1] INFO  verifyingGetItIn2DaysFilterFunctionality_Tablet_20-18-38 - [verifyingGetItIn2DaysFilterFunctionality_Tablet_20-18-38] Within deliveryElements loop iterating over the products  Within validateDeliveryFilterOptionsWithResult method
20:18:58 [TestNG-test-Test-1] INFO  verifyingGetItIn2DaysFilterFunctionality_Tablet_20-18-38 - [verifyingGetItIn2DaysFilterFunctionality_Tablet_20-18-38] Checking if the allowedDateParts have the assert text — index 19, text: OnePlus, Pad 4, 13.2 inch (33.53 CM), LCD, 8GB RAM, 256GB ROM, WiFi, 8 Speakers, Snapdragon 8 Elite Gen 5, Dune Glow, AI Enabled
4.6
(42)
50+ bought in past month
₹62,999
Up to 5% back with Amazon Pay ICI...
FREE delivery Tue, 22 Sept
Or fastest delivery Today 4 pm - 8 pm
Add to cart
20:18:58 [TestNG-test-Test-1] INFO  verifyingGetItIn2DaysFilterFunctionality_Tablet_20-18-38 - [verifyingGetItIn2DaysFilterFunctionality_Tablet_20-18-38] Within deliveryElements loop iterating over the products  Within validateDeliveryFilterOptionsWithResult method
20:18:58 [TestNG-test-Test-1] INFO  verifyingGetItIn2DaysFilterFunctionality_Tablet_20-18-38 - [verifyingGetItIn2DaysFilterFunctionality_Tablet_20-18-38] Checking if the allowedDateParts have the assert text — index 20, text: Lenovo Yoga Tab Plus Smartchoice AI Tablet with Pen + Keyboard |12.7" Display, 3K Resolution, 144 Hz|16GB RAM, 512GB ROM|Snapdragon 8 Gen 3|10200 mAh|6 Speakers|USB 3.0 with DP-Out|1Year ADP Free|Teal
4.3
(241)
50+ bought in past month
₹69,999
M.R.P:
₹89,000 (21% off)
Save extra with No Cost EMI
FREE delivery Tue, 22 Sept
Or fastest delivery Today 4 pm - 8 pm
Add to cart
20:18:58 [TestNG-test-Test-1] INFO  verifyingGetItIn2DaysFilterFunctionality_Tablet_20-18-38 - [verifyingGetItIn2DaysFilterFunctionality_Tablet_20-18-38] Returning the list with boolean values   Within validateDeliveryFilterOptionsWithResult method
20:18:58 [TestNG-test-Test-1] INFO  verifyingGetItIn2DaysFilterFunctionality_Tablet_20-18-38 - [verifyingGetItIn2DaysFilterFunctionality_Tablet_20-18-38] Asserting delivery filter: isValid=true, index=-1, text=All the things are valid no errors
