21:50:13 [TestNG-test-Test-1] INFO  verifyingTheBrandsFilterFunctionality_Laptop_21-50-13 - No existing WebDriver found for current thread. Initializing a new ChromeDriver...
21:50:13 [TestNG-test-Test-1] INFO  verifyingTheBrandsFilterFunctionality_Laptop_21-50-13 - WebDriverManager: chromedriver setup OK
21:50:14 [TestNG-test-Test-1] INFO  verifyingTheBrandsFilterFunctionality_Laptop_21-50-13 - ChromeDriver initialized successfully for thread: 34
21:50:15 [TestNG-test-Test-1] INFO  verifyingTheBrandsFilterFunctionality_Laptop_21-50-13 - [verifyingTheBrandsFilterFunctionality_Laptop_21-50-13] Opening amazon Landing page
21:50:15 [TestNG-test-Test-1] INFO  verifyingTheBrandsFilterFunctionality_Laptop_21-50-13 - [verifyingTheBrandsFilterFunctionality_Laptop_21-50-13] Within safeFindElement method
21:50:20 [TestNG-test-Test-1] INFO  verifyingTheBrandsFilterFunctionality_Laptop_21-50-13 - [verifyingTheBrandsFilterFunctionality_Laptop_21-50-13]Retrying findElement for: ->By.xpath: //a[@id='nav-logo-sprites']
21:50:21 [TestNG-test-Test-1] INFO  verifyingTheBrandsFilterFunctionality_Laptop_21-50-13 - [verifyingTheBrandsFilterFunctionality_Laptop_21-50-13]Refrehsing the page , while trying to safely find : ->By.xpath: //a[@id='nav-logo-sprites']
21:50:21 [TestNG-test-Test-1] INFO  verifyingTheBrandsFilterFunctionality_Laptop_21-50-13 - [verifyingTheBrandsFilterFunctionality_Laptop_21-50-13]Found the element returning it ,element ->[[ChromeDriver: chrome on windows (7cee2f3201c9ae2536d28b2a0c5fc090)] -> xpath: //a[@id='nav-logo-sprites']]
21:50:22 [TestNG-test-Test-1] INFO  verifyingTheBrandsFilterFunctionality_Laptop_21-50-13 - [verifyingTheBrandsFilterFunctionality_Laptop_21-50-13] Giving input within the search bar
21:50:22 [TestNG-test-Test-1] INFO  verifyingTheBrandsFilterFunctionality_Laptop_21-50-13 - [verifyingTheBrandsFilterFunctionality_Laptop_21-50-13] Within safeClick method
21:50:25 [TestNG-test-Test-1] INFO  verifyingTheBrandsFilterFunctionality_Laptop_21-50-13 - [verifyingTheBrandsFilterFunctionality_Laptop_21-50-13] Clicked the  [[ChromeDriver: chrome on windows (7cee2f3201c9ae2536d28b2a0c5fc090)] -> xpath: //input[@id='nav-search-submit-button']]   using safeClick
21:50:25 [TestNG-test-Test-1] INFO  verifyingTheBrandsFilterFunctionality_Laptop_21-50-13 - [verifyingTheBrandsFilterFunctionality_Laptop_21-50-13] Clicking on the submit in the search bar
21:50:25 [TestNG-test-Test-1] INFO  verifyingTheBrandsFilterFunctionality_Laptop_21-50-13 - [verifyingTheBrandsFilterFunctionality_Laptop_21-50-13] Within filterCheckUnderList method
21:50:25 [TestNG-test-Test-1] INFO  verifyingTheBrandsFilterFunctionality_Laptop_21-50-13 - [verifyingTheBrandsFilterFunctionality_Laptop_21-50-13] Found the Filter within the filter check List
21:50:25 [TestNG-test-Test-1] INFO  verifyingTheBrandsFilterFunctionality_Laptop_21-50-13 - [verifyingTheBrandsFilterFunctionality_Laptop_21-50-13] Within safeFindElements 
21:50:30 [TestNG-test-Test-1] INFO  verifyingTheBrandsFilterFunctionality_Laptop_21-50-13 - [verifyingTheBrandsFilterFunctionality_Laptop_21-50-13] Retrying findElements for:By.xpath: //span[@class='a-size-base a-color-base puis-bold-weight-text' and text()='Brands']/parent::div/following-sibling::div[@class='a-section a-spacing-medium sf-navigation-searchable-content']//span[@class='a-size-base a-color-base']
21:50:32 [TestNG-test-Test-1] INFO  verifyingTheBrandsFilterFunctionality_Laptop_21-50-13 - [verifyingTheBrandsFilterFunctionality_Laptop_21-50-13] Refreshing the page while trying to find :By.xpath: //span[@class='a-size-base a-color-base puis-bold-weight-text' and text()='Brands']/parent::div/following-sibling::div[@class='a-section a-spacing-medium sf-navigation-searchable-content']//span[@class='a-size-base a-color-base']
21:50:32 [TestNG-test-Test-1] INFO  verifyingTheBrandsFilterFunctionality_Laptop_21-50-13 - [verifyingTheBrandsFilterFunctionality_Laptop_21-50-13] Skipping action Elements not found after1  Attempts
21:50:37 [TestNG-test-Test-1] INFO  verifyingTheBrandsFilterFunctionality_Laptop_21-50-13 - [verifyingTheBrandsFilterFunctionality_Laptop_21-50-13] Retrying findElements for:By.xpath: //span[@class='a-size-base a-color-base puis-bold-weight-text' and text()='Brands']/parent::div/following-sibling::div[@class='a-section a-spacing-medium sf-navigation-searchable-content']//span[@class='a-size-base a-color-base']
21:50:38 [TestNG-test-Test-1] INFO  verifyingTheBrandsFilterFunctionality_Laptop_21-50-13 - [verifyingTheBrandsFilterFunctionality_Laptop_21-50-13] Refreshing the page while trying to find :By.xpath: //span[@class='a-size-base a-color-base puis-bold-weight-text' and text()='Brands']/parent::div/following-sibling::div[@class='a-section a-spacing-medium sf-navigation-searchable-content']//span[@class='a-size-base a-color-base']
21:50:38 [TestNG-test-Test-1] INFO  verifyingTheBrandsFilterFunctionality_Laptop_21-50-13 - [verifyingTheBrandsFilterFunctionality_Laptop_21-50-13] Skipping action Elements not found after2  Attempts
21:50:38 [TestNG-test-Test-1] INFO  verifyingTheBrandsFilterFunctionality_Laptop_21-50-13 - [verifyingTheBrandsFilterFunctionality_Laptop_21-50-13] Within applyFilterAndValidateBrandsFilterWithResult method
21:50:38 [TestNG-test-Test-1] INFO  verifyingTheBrandsFilterFunctionality_Laptop_21-50-13 - [verifyingTheBrandsFilterFunctionality_Laptop_21-50-13] Scrolling to the 'More' Button under brands filter section
21:50:38 [TestNG-test-Test-1] INFO  verifyingTheBrandsFilterFunctionality_Laptop_21-50-13 - [verifyingTheBrandsFilterFunctionality_Laptop_21-50-13] Within safeFindElement method
21:50:39 [TestNG-test-Test-1] INFO  verifyingTheBrandsFilterFunctionality_Laptop_21-50-13 - [verifyingTheBrandsFilterFunctionality_Laptop_21-50-13]Found the element returning it ,element ->[[ChromeDriver: chrome on windows (7cee2f3201c9ae2536d28b2a0c5fc090)] -> xpath: //a[@aria-label='See more, Brands']]
21:50:39 [TestNG-test-Test-1] INFO  verifyingTheBrandsFilterFunctionality_Laptop_21-50-13 - [verifyingTheBrandsFilterFunctionality_Laptop_21-50-13] Within smoothScrollToElement method
21:50:39 [TestNG-test-Test-1] INFO  verifyingTheBrandsFilterFunctionality_Laptop_21-50-13 - [verifyingTheBrandsFilterFunctionality_Laptop_21-50-13] Within safeFindElement method
21:50:39 [TestNG-test-Test-1] INFO  verifyingTheBrandsFilterFunctionality_Laptop_21-50-13 - [verifyingTheBrandsFilterFunctionality_Laptop_21-50-13]Found the element returning it ,element ->[[ChromeDriver: chrome on windows (7cee2f3201c9ae2536d28b2a0c5fc090)] -> xpath: //a[@aria-label='See more, Brands']]
21:50:39 [TestNG-test-Test-1] INFO  verifyingTheBrandsFilterFunctionality_Laptop_21-50-13 - [verifyingTheBrandsFilterFunctionality_Laptop_21-50-13] Successfully scrolled to element: By.xpath: //a[@aria-label='See more, Brands']
21:50:39 [TestNG-test-Test-1] INFO  verifyingTheBrandsFilterFunctionality_Laptop_21-50-13 - [verifyingTheBrandsFilterFunctionality_Laptop_21-50-13] Within safeClick method
21:50:39 [TestNG-test-Test-1] INFO  verifyingTheBrandsFilterFunctionality_Laptop_21-50-13 - [verifyingTheBrandsFilterFunctionality_Laptop_21-50-13] Clicked the  [[ChromeDriver: chrome on windows (7cee2f3201c9ae2536d28b2a0c5fc090)] -> xpath: //a[@aria-label='See more, Brands']]   using safeClick
21:50:39 [TestNG-test-Test-1] INFO  verifyingTheBrandsFilterFunctionality_Laptop_21-50-13 - [verifyingTheBrandsFilterFunctionality_Laptop_21-50-13] Clicked the 'More' Button under brands filter section
21:50:39 [TestNG-test-Test-1] INFO  verifyingTheBrandsFilterFunctionality_Laptop_21-50-13 - [verifyingTheBrandsFilterFunctionality_Laptop_21-50-13] Within safeFindElements 
21:50:39 [TestNG-test-Test-1] INFO  verifyingTheBrandsFilterFunctionality_Laptop_21-50-13 - [verifyingTheBrandsFilterFunctionality_Laptop_21-50-13] Returning the  [[[ChromeDriver: chrome on windows (7cee2f3201c9ae2536d28b2a0c5fc090)] -> xpath: //ul[@id='filter-p_123']//span[@class='a-size-base a-color-base']], [[ChromeDriver: chrome on windows (7cee2f3201c9ae2536d28b2a0c5fc090)] -> xpath: //ul[@id='filter-p_123']//span[@class='a-size-base a-color-base']], [[ChromeDriver: chrome on windows (7cee2f3201c9ae2536d28b2a0c5fc090)] -> xpath: //ul[@id='filter-p_123']//span[@class='a-size-base a-color-base']], [[ChromeDriver: chrome on windows (7cee2f3201c9ae2536d28b2a0c5fc090)] -> xpath: //ul[@id='filter-p_123']//span[@class='a-size-base a-color-base']], [[ChromeDriver: chrome on windows (7cee2f3201c9ae2536d28b2a0c5fc090)] -> xpath: //ul[@id='filter-p_123']//span[@class='a-size-base a-color-base']], [[ChromeDriver: chrome on windows (7cee2f3201c9ae2536d28b2a0c5fc090)] -> xpath: //ul[@id='filter-p_123']//span[@class='a-size-base a-color-base']], [[ChromeDriver: chrome on windows (7cee2f3201c9ae2536d28b2a0c5fc090)] -> xpath: //ul[@id='filter-p_123']//span[@class='a-size-base a-color-base']], [[ChromeDriver: chrome on windows (7cee2f3201c9ae2536d28b2a0c5fc090)] -> xpath: //ul[@id='filter-p_123']//span[@class='a-size-base a-color-base']], [[ChromeDriver: chrome on windows (7cee2f3201c9ae2536d28b2a0c5fc090)] -> xpath: //ul[@id='filter-p_123']//span[@class='a-size-base a-color-base']], [[ChromeDriver: chrome on windows (7cee2f3201c9ae2536d28b2a0c5fc090)] -> xpath: //ul[@id='filter-p_123']//span[@class='a-size-base a-color-base']], [[ChromeDriver: chrome on windows (7cee2f3201c9ae2536d28b2a0c5fc090)] -> xpath: //ul[@id='filter-p_123']//span[@class='a-size-base a-color-base']]] from the safeFindElements method
21:50:39 [TestNG-test-Test-1] INFO  verifyingTheBrandsFilterFunctionality_Laptop_21-50-13 - [verifyingTheBrandsFilterFunctionality_Laptop_21-50-13] Within the filterOptions loop 
21:50:39 [TestNG-test-Test-1] INFO  verifyingTheBrandsFilterFunctionality_Laptop_21-50-13 - [verifyingTheBrandsFilterFunctionality_Laptop_21-50-13] Within safeFindElements 
21:50:39 [TestNG-test-Test-1] INFO  verifyingTheBrandsFilterFunctionality_Laptop_21-50-13 - [verifyingTheBrandsFilterFunctionality_Laptop_21-50-13] Returning the  [[[ChromeDriver: chrome on windows (7cee2f3201c9ae2536d28b2a0c5fc090)] -> xpath: //ul[@id='filter-p_123']//span[@class='a-size-base a-color-base']], [[ChromeDriver: chrome on windows (7cee2f3201c9ae2536d28b2a0c5fc090)] -> xpath: //ul[@id='filter-p_123']//span[@class='a-size-base a-color-base']], [[ChromeDriver: chrome on windows (7cee2f3201c9ae2536d28b2a0c5fc090)] -> xpath: //ul[@id='filter-p_123']//span[@class='a-size-base a-color-base']], [[ChromeDriver: chrome on windows (7cee2f3201c9ae2536d28b2a0c5fc090)] -> xpath: //ul[@id='filter-p_123']//span[@class='a-size-base a-color-base']], [[ChromeDriver: chrome on windows (7cee2f3201c9ae2536d28b2a0c5fc090)] -> xpath: //ul[@id='filter-p_123']//span[@class='a-size-base a-color-base']], [[ChromeDriver: chrome on windows (7cee2f3201c9ae2536d28b2a0c5fc090)] -> xpath: //ul[@id='filter-p_123']//span[@class='a-size-base a-color-base']], [[ChromeDriver: chrome on windows (7cee2f3201c9ae2536d28b2a0c5fc090)] -> xpath: //ul[@id='filter-p_123']//span[@class='a-size-base a-color-base']], [[ChromeDriver: chrome on windows (7cee2f3201c9ae2536d28b2a0c5fc090)] -> xpath: //ul[@id='filter-p_123']//span[@class='a-size-base a-color-base']], [[ChromeDriver: chrome on windows (7cee2f3201c9ae2536d28b2a0c5fc090)] -> xpath: //ul[@id='filter-p_123']//span[@class='a-size-base a-color-base']], [[ChromeDriver: chrome on windows (7cee2f3201c9ae2536d28b2a0c5fc090)] -> xpath: //ul[@id='filter-p_123']//span[@class='a-size-base a-color-base']], [[ChromeDriver: chrome on windows (7cee2f3201c9ae2536d28b2a0c5fc090)] -> xpath: //ul[@id='filter-p_123']//span[@class='a-size-base a-color-base']]] from the safeFindElements method
21:50:39 [TestNG-test-Test-1] INFO  verifyingTheBrandsFilterFunctionality_Laptop_21-50-13 - [verifyingTheBrandsFilterFunctionality_Laptop_21-50-13] Within safeFindElement method
21:50:39 [TestNG-test-Test-1] INFO  verifyingTheBrandsFilterFunctionality_Laptop_21-50-13 - [verifyingTheBrandsFilterFunctionality_Laptop_21-50-13]Found the element returning it ,element ->[[ChromeDriver: chrome on windows (7cee2f3201c9ae2536d28b2a0c5fc090)] -> xpath: //a[@aria-label='See more, Brands']]
21:50:39 [TestNG-test-Test-1] INFO  verifyingTheBrandsFilterFunctionality_Laptop_21-50-13 - [verifyingTheBrandsFilterFunctionality_Laptop_21-50-13] Within smoothScrollToElement method
21:50:39 [TestNG-test-Test-1] INFO  verifyingTheBrandsFilterFunctionality_Laptop_21-50-13 - [verifyingTheBrandsFilterFunctionality_Laptop_21-50-13] Within safeFindElement method
21:50:39 [TestNG-test-Test-1] INFO  verifyingTheBrandsFilterFunctionality_Laptop_21-50-13 - [verifyingTheBrandsFilterFunctionality_Laptop_21-50-13]Found the element returning it ,element ->[[ChromeDriver: chrome on windows (7cee2f3201c9ae2536d28b2a0c5fc090)] -> xpath: //a[@aria-label='See more, Brands']]
21:50:39 [TestNG-test-Test-1] INFO  verifyingTheBrandsFilterFunctionality_Laptop_21-50-13 - [verifyingTheBrandsFilterFunctionality_Laptop_21-50-13] Successfully scrolled to element: By.xpath: //a[@aria-label='See more, Brands']
21:50:39 [TestNG-test-Test-1] INFO  verifyingTheBrandsFilterFunctionality_Laptop_21-50-13 - [verifyingTheBrandsFilterFunctionality_Laptop_21-50-13] Within safeClick method
21:50:39 [TestNG-test-Test-1] INFO  verifyingTheBrandsFilterFunctionality_Laptop_21-50-13 - [verifyingTheBrandsFilterFunctionality_Laptop_21-50-13] Clicked the  [[ChromeDriver: chrome on windows (7cee2f3201c9ae2536d28b2a0c5fc090)] -> xpath: //a[@aria-label='See more, Brands']]   using safeClick
21:50:39 [TestNG-test-Test-1] INFO  verifyingTheBrandsFilterFunctionality_Laptop_21-50-13 - [verifyingTheBrandsFilterFunctionality_Laptop_21-50-13] Within safeFindElements 
21:50:39 [TestNG-test-Test-1] INFO  verifyingTheBrandsFilterFunctionality_Laptop_21-50-13 - [verifyingTheBrandsFilterFunctionality_Laptop_21-50-13] Returning the  [[[ChromeDriver: chrome on windows (7cee2f3201c9ae2536d28b2a0c5fc090)] -> xpath: //ul[@id='filter-p_123']//span[@class='a-size-base a-color-base']], [[ChromeDriver: chrome on windows (7cee2f3201c9ae2536d28b2a0c5fc090)] -> xpath: //ul[@id='filter-p_123']//span[@class='a-size-base a-color-base']], [[ChromeDriver: chrome on windows (7cee2f3201c9ae2536d28b2a0c5fc090)] -> xpath: //ul[@id='filter-p_123']//span[@class='a-size-base a-color-base']], [[ChromeDriver: chrome on windows (7cee2f3201c9ae2536d28b2a0c5fc090)] -> xpath: //ul[@id='filter-p_123']//span[@class='a-size-base a-color-base']], [[ChromeDriver: chrome on windows (7cee2f3201c9ae2536d28b2a0c5fc090)] -> xpath: //ul[@id='filter-p_123']//span[@class='a-size-base a-color-base']], [[ChromeDriver: chrome on windows (7cee2f3201c9ae2536d28b2a0c5fc090)] -> xpath: //ul[@id='filter-p_123']//span[@class='a-size-base a-color-base']], [[ChromeDriver: chrome on windows (7cee2f3201c9ae2536d28b2a0c5fc090)] -> xpath: //ul[@id='filter-p_123']//span[@class='a-size-base a-color-base']], [[ChromeDriver: chrome on windows (7cee2f3201c9ae2536d28b2a0c5fc090)] -> xpath: //ul[@id='filter-p_123']//span[@class='a-size-base a-color-base']], [[ChromeDriver: chrome on windows (7cee2f3201c9ae2536d28b2a0c5fc090)] -> xpath: //ul[@id='filter-p_123']//span[@class='a-size-base a-color-base']], [[ChromeDriver: chrome on windows (7cee2f3201c9ae2536d28b2a0c5fc090)] -> xpath: //ul[@id='filter-p_123']//span[@class='a-size-base a-color-base']], [[ChromeDriver: chrome on windows (7cee2f3201c9ae2536d28b2a0c5fc090)] -> xpath: //ul[@id='filter-p_123']//span[@class='a-size-base a-color-base']]] from the safeFindElements method
21:50:39 [TestNG-test-Test-1] INFO  verifyingTheBrandsFilterFunctionality_Laptop_21-50-13 - [verifyingTheBrandsFilterFunctionality_Laptop_21-50-13] Within getfilterByTypeAndName method
21:50:39 [TestNG-test-Test-1] INFO  verifyingTheBrandsFilterFunctionality_Laptop_21-50-13 - [verifyingTheBrandsFilterFunctionality_Laptop_21-50-13] Within safeClickBooleanWithScreenShot method
21:50:39 [TestNG-test-Test-1] INFO  verifyingTheBrandsFilterFunctionality_Laptop_21-50-13 - [verifyingTheBrandsFilterFunctionality_Laptop_21-50-13] Within getAppliedfilterByTypeAndName method
21:50:39 [TestNG-test-Test-1] INFO  verifyingTheBrandsFilterFunctionality_Laptop_21-50-13 - [verifyingTheBrandsFilterFunctionality_Laptop_21-50-13] Within smoothScrollToElement method
21:50:39 [TestNG-test-Test-1] INFO  verifyingTheBrandsFilterFunctionality_Laptop_21-50-13 - [verifyingTheBrandsFilterFunctionality_Laptop_21-50-13] Within safeFindElement method
21:50:39 [TestNG-test-Test-1] INFO  verifyingTheBrandsFilterFunctionality_Laptop_21-50-13 - [verifyingTheBrandsFilterFunctionality_Laptop_21-50-13]Found the element returning it ,element ->[[ChromeDriver: chrome on windows (7cee2f3201c9ae2536d28b2a0c5fc090)] -> xpath: //span[@class='a-size-base a-color-base puis-bold-weight-text' and text()='Brands']]
21:50:39 [TestNG-test-Test-1] INFO  verifyingTheBrandsFilterFunctionality_Laptop_21-50-13 - [verifyingTheBrandsFilterFunctionality_Laptop_21-50-13] Successfully scrolled to element: By.xpath: //span[@class='a-size-base a-color-base puis-bold-weight-text' and text()='Brands']
21:50:39 [TestNG-test-Test-1] INFO  verifyingTheBrandsFilterFunctionality_Laptop_21-50-13 - [verifyingTheBrandsFilterFunctionality_Laptop_21-50-13] Within getMoreButtonByFilterTypeAndName method
21:50:39 [TestNG-test-Test-1] INFO  verifyingTheBrandsFilterFunctionality_Laptop_21-50-13 - [verifyingTheBrandsFilterFunctionality_Laptop_21-50-13] could not find more button
21:50:39 [TestNG-test-Test-1] INFO  verifyingTheBrandsFilterFunctionality_Laptop_21-50-13 - [verifyingTheBrandsFilterFunctionality_Laptop_21-50-13] Within getAppliedfilterByTypeAndName method
21:50:39 [TestNG-test-Test-1] INFO  verifyingTheBrandsFilterFunctionality_Laptop_21-50-13 - [verifyingTheBrandsFilterFunctionality_Laptop_21-50-13] Within smoothScrollToElement method
21:50:39 [TestNG-test-Test-1] INFO  verifyingTheBrandsFilterFunctionality_Laptop_21-50-13 - [verifyingTheBrandsFilterFunctionality_Laptop_21-50-13] Within safeFindElement method
21:50:41 [TestNG-test-Test-1] INFO  verifyingTheBrandsFilterFunctionality_Laptop_21-50-13 - [verifyingTheBrandsFilterFunctionality_Laptop_21-50-13]Found the element returning it ,element ->[[ChromeDriver: chrome on windows (7cee2f3201c9ae2536d28b2a0c5fc090)] -> xpath: //span[@class='a-size-base a-color-base puis-bold-weight-text' and text()='Brands']]
21:50:41 [TestNG-test-Test-1] INFO  verifyingTheBrandsFilterFunctionality_Laptop_21-50-13 - [verifyingTheBrandsFilterFunctionality_Laptop_21-50-13] Successfully scrolled to element: By.xpath: //span[@class='a-size-base a-color-base puis-bold-weight-text' and text()='Brands']
21:50:41 [TestNG-test-Test-1] INFO  verifyingTheBrandsFilterFunctionality_Laptop_21-50-13 - [verifyingTheBrandsFilterFunctionality_Laptop_21-50-13] Within getMoreButtonByFilterTypeAndName method
21:50:41 [TestNG-test-Test-1] INFO  verifyingTheBrandsFilterFunctionality_Laptop_21-50-13 - [verifyingTheBrandsFilterFunctionality_Laptop_21-50-13] could not find more button
21:50:41 [TestNG-test-Test-1] INFO  verifyingTheBrandsFilterFunctionality_Laptop_21-50-13 - [verifyingTheBrandsFilterFunctionality_Laptop_21-50-13] Within getfilterByTypeAndName method
21:50:41 [TestNG-test-Test-1] INFO  verifyingTheBrandsFilterFunctionality_Laptop_21-50-13 - [verifyingTheBrandsFilterFunctionality_Laptop_21-50-13] Within smoothScrollToElement method
21:50:41 [TestNG-test-Test-1] INFO  verifyingTheBrandsFilterFunctionality_Laptop_21-50-13 - [verifyingTheBrandsFilterFunctionality_Laptop_21-50-13] Within safeFindElement method
21:50:46 [TestNG-test-Test-1] INFO  verifyingTheBrandsFilterFunctionality_Laptop_21-50-13 - [verifyingTheBrandsFilterFunctionality_Laptop_21-50-13]Retrying findElement for: ->By.xpath: //ul[@id='filter-p_123']//span[@class='a-size-base a-color-base' and text()='Lenovo']
21:50:47 [TestNG-test-Test-1] INFO  verifyingTheBrandsFilterFunctionality_Laptop_21-50-13 - [verifyingTheBrandsFilterFunctionality_Laptop_21-50-13]Refrehsing the page , while trying to safely find : ->By.xpath: //ul[@id='filter-p_123']//span[@class='a-size-base a-color-base' and text()='Lenovo']
21:50:53 [TestNG-test-Test-1] INFO  verifyingTheBrandsFilterFunctionality_Laptop_21-50-13 - [verifyingTheBrandsFilterFunctionality_Laptop_21-50-13]Retrying findElement for: ->By.xpath: //ul[@id='filter-p_123']//span[@class='a-size-base a-color-base' and text()='Lenovo']
21:50:54 [TestNG-test-Test-1] INFO  verifyingTheBrandsFilterFunctionality_Laptop_21-50-13 - [verifyingTheBrandsFilterFunctionality_Laptop_21-50-13]Refrehsing the page , while trying to safely find : ->By.xpath: //ul[@id='filter-p_123']//span[@class='a-size-base a-color-base' and text()='Lenovo']
21:50:54 [TestNG-test-Test-1] INFO  verifyingTheBrandsFilterFunctionality_Laptop_21-50-13 - [verifyingTheBrandsFilterFunctionality_Laptop_21-50-13] Skipping action: Element not found after 2   attemps
21:50:54 [TestNG-test-Test-1] WARN  verifyingTheBrandsFilterFunctionality_Laptop_21-50-13 - [verifyingTheBrandsFilterFunctionality_Laptop_21-50-13] Element not found for locator: By.xpath: //ul[@id='filter-p_123']//span[@class='a-size-base a-color-base' and text()='Lenovo']
21:50:54 [TestNG-test-Test-1] INFO  verifyingTheBrandsFilterFunctionality_Laptop_21-50-13 - [verifyingTheBrandsFilterFunctionality_Laptop_21-50-13] Clicked the element using safe click ,element is [[ChromeDriver: chrome on windows (7cee2f3201c9ae2536d28b2a0c5fc090)] -> xpath: //ul[@id='filter-p_123']//span[@class='a-size-base a-color-base' and text()='Lenovo']]
21:50:54 [TestNG-test-Test-1] INFO  verifyingTheBrandsFilterFunctionality_Laptop_21-50-13 - [verifyingTheBrandsFilterFunctionality_Laptop_21-50-13] Clicked on LenovoWithin the filterOptions loop
21:50:54 [TestNG-test-Test-1] INFO  verifyingTheBrandsFilterFunctionality_Laptop_21-50-13 - [verifyingTheBrandsFilterFunctionality_Laptop_21-50-13] Within safeFindElements 
21:50:54 [TestNG-test-Test-1] INFO  verifyingTheBrandsFilterFunctionality_Laptop_21-50-13 - [verifyingTheBrandsFilterFunctionality_Laptop_21-50-13] Returning the  [[[ChromeDriver: chrome on windows (7cee2f3201c9ae2536d28b2a0c5fc090)] -> xpath: //div[@data-cy='title-recipe']], [[ChromeDriver: chrome on windows (7cee2f3201c9ae2536d28b2a0c5fc090)] -> xpath: //div[@data-cy='title-recipe']], [[ChromeDriver: chrome on windows (7cee2f3201c9ae2536d28b2a0c5fc090)] -> xpath: //div[@data-cy='title-recipe']], [[ChromeDriver: chrome on windows (7cee2f3201c9ae2536d28b2a0c5fc090)] -> xpath: //div[@data-cy='title-recipe']], [[ChromeDriver: chrome on windows (7cee2f3201c9ae2536d28b2a0c5fc090)] -> xpath: //div[@data-cy='title-recipe']], [[ChromeDriver: chrome on windows (7cee2f3201c9ae2536d28b2a0c5fc090)] -> xpath: //div[@data-cy='title-recipe']], [[ChromeDriver: chrome on windows (7cee2f3201c9ae2536d28b2a0c5fc090)] -> xpath: //div[@data-cy='title-recipe']], [[ChromeDriver: chrome on windows (7cee2f3201c9ae2536d28b2a0c5fc090)] -> xpath: //div[@data-cy='title-recipe']], [[ChromeDriver: chrome on windows (7cee2f3201c9ae2536d28b2a0c5fc090)] -> xpath: //div[@data-cy='title-recipe']], [[ChromeDriver: chrome on windows (7cee2f3201c9ae2536d28b2a0c5fc090)] -> xpath: //div[@data-cy='title-recipe']], [[ChromeDriver: chrome on windows (7cee2f3201c9ae2536d28b2a0c5fc090)] -> xpath: //div[@data-cy='title-recipe']], [[ChromeDriver: chrome on windows (7cee2f3201c9ae2536d28b2a0c5fc090)] -> xpath: //div[@data-cy='title-recipe']], [[ChromeDriver: chrome on windows (7cee2f3201c9ae2536d28b2a0c5fc090)] -> xpath: //div[@data-cy='title-recipe']], [[ChromeDriver: chrome on windows (7cee2f3201c9ae2536d28b2a0c5fc090)] -> xpath: //div[@data-cy='title-recipe']], [[ChromeDriver: chrome on windows (7cee2f3201c9ae2536d28b2a0c5fc090)] -> xpath: //div[@data-cy='title-recipe']], [[ChromeDriver: chrome on windows (7cee2f3201c9ae2536d28b2a0c5fc090)] -> xpath: //div[@data-cy='title-recipe']]] from the safeFindElements method
21:50:54 [TestNG-test-Test-1] INFO  verifyingTheBrandsFilterFunctionality_Laptop_21-50-13 - [verifyingTheBrandsFilterFunctionality_Laptop_21-50-13] Within productNameListingPage loop with product index 0and filter name Lenovo
21:50:54 [TestNG-test-Test-1] INFO  verifyingTheBrandsFilterFunctionality_Laptop_21-50-13 - [verifyingTheBrandsFilterFunctionality_Laptop_21-50-13] Within productNameListingPage loop with product index 1and filter name Lenovo
21:50:54 [TestNG-test-Test-1] INFO  verifyingTheBrandsFilterFunctionality_Laptop_21-50-13 - [verifyingTheBrandsFilterFunctionality_Laptop_21-50-13] Within productNameListingPage loop with product index 2and filter name Lenovo
21:50:54 [TestNG-test-Test-1] INFO  verifyingTheBrandsFilterFunctionality_Laptop_21-50-13 - [verifyingTheBrandsFilterFunctionality_Laptop_21-50-13] Within productNameListingPage loop with product index 3and filter name Lenovo
21:50:54 [TestNG-test-Test-1] INFO  verifyingTheBrandsFilterFunctionality_Laptop_21-50-13 - [verifyingTheBrandsFilterFunctionality_Laptop_21-50-13] Within productNameListingPage loop with product index 4and filter name Lenovo
21:50:54 [TestNG-test-Test-1] INFO  verifyingTheBrandsFilterFunctionality_Laptop_21-50-13 - [verifyingTheBrandsFilterFunctionality_Laptop_21-50-13] Within productNameListingPage loop with product index 5and filter name Lenovo
21:50:54 [TestNG-test-Test-1] INFO  verifyingTheBrandsFilterFunctionality_Laptop_21-50-13 - [verifyingTheBrandsFilterFunctionality_Laptop_21-50-13] Within productNameListingPage loop with product index 6and filter name Lenovo
21:50:54 [TestNG-test-Test-1] INFO  verifyingTheBrandsFilterFunctionality_Laptop_21-50-13 - [verifyingTheBrandsFilterFunctionality_Laptop_21-50-13] Within productNameListingPage loop with product index 7and filter name Lenovo
21:50:54 [TestNG-test-Test-1] INFO  verifyingTheBrandsFilterFunctionality_Laptop_21-50-13 - [verifyingTheBrandsFilterFunctionality_Laptop_21-50-13] Within productNameListingPage loop with product index 8and filter name Lenovo
21:50:54 [TestNG-test-Test-1] INFO  verifyingTheBrandsFilterFunctionality_Laptop_21-50-13 - [verifyingTheBrandsFilterFunctionality_Laptop_21-50-13] Within productNameListingPage loop with product index 9and filter name Lenovo
21:50:54 [TestNG-test-Test-1] INFO  verifyingTheBrandsFilterFunctionality_Laptop_21-50-13 - [verifyingTheBrandsFilterFunctionality_Laptop_21-50-13] Within productNameListingPage loop with product index 10and filter name Lenovo
21:50:54 [TestNG-test-Test-1] INFO  verifyingTheBrandsFilterFunctionality_Laptop_21-50-13 - [verifyingTheBrandsFilterFunctionality_Laptop_21-50-13] Within productNameListingPage loop with product index 11and filter name Lenovo
21:50:54 [TestNG-test-Test-1] INFO  verifyingTheBrandsFilterFunctionality_Laptop_21-50-13 - [verifyingTheBrandsFilterFunctionality_Laptop_21-50-13] Within productNameListingPage loop with product index 12and filter name Lenovo
21:50:54 [TestNG-test-Test-1] INFO  verifyingTheBrandsFilterFunctionality_Laptop_21-50-13 - [verifyingTheBrandsFilterFunctionality_Laptop_21-50-13] Within productNameListingPage loop with product index 13and filter name Lenovo
21:50:54 [TestNG-test-Test-1] INFO  verifyingTheBrandsFilterFunctionality_Laptop_21-50-13 - [verifyingTheBrandsFilterFunctionality_Laptop_21-50-13] Within productNameListingPage loop with product index 14and filter name Lenovo
21:50:54 [TestNG-test-Test-1] INFO  verifyingTheBrandsFilterFunctionality_Laptop_21-50-13 - [verifyingTheBrandsFilterFunctionality_Laptop_21-50-13] Within productNameListingPage loop with product index 15and filter name Lenovo
21:50:54 [TestNG-test-Test-1] INFO  verifyingTheBrandsFilterFunctionality_Laptop_21-50-13 - [verifyingTheBrandsFilterFunctionality_Laptop_21-50-13] Creating 'result' Map for storing ,'brand','isValid','mismatches list' with map size ->3
21:50:54 [TestNG-test-Test-1] INFO  verifyingTheBrandsFilterFunctionality_Laptop_21-50-13 - [verifyingTheBrandsFilterFunctionality_Laptop_21-50-13] Adding 'result' with the data into 'allResults' i.e list of Map3
21:50:54 [TestNG-test-Test-1] INFO  verifyingTheBrandsFilterFunctionality_Laptop_21-50-13 - [verifyingTheBrandsFilterFunctionality_Laptop_21-50-13] Waiting until element is visible in viewport
21:50:54 [TestNG-test-Test-1] INFO  verifyingTheBrandsFilterFunctionality_Laptop_21-50-13 - [verifyingTheBrandsFilterFunctionality_Laptop_21-50-13] Within safeClick method
21:50:54 [TestNG-test-Test-1] INFO  verifyingTheBrandsFilterFunctionality_Laptop_21-50-13 - [verifyingTheBrandsFilterFunctionality_Laptop_21-50-13] Clicked the  [[ChromeDriver: chrome on windows (7cee2f3201c9ae2536d28b2a0c5fc090)] -> xpath: //span[@class='a-size-base a-color-base' and text()='Clear']]   using safeClick
21:50:54 [TestNG-test-Test-1] INFO  verifyingTheBrandsFilterFunctionality_Laptop_21-50-13 - [verifyingTheBrandsFilterFunctionality_Laptop_21-50-13] Clicked clear button for the filter ->Lenovo
21:50:54 [TestNG-test-Test-1] INFO  verifyingTheBrandsFilterFunctionality_Laptop_21-50-13 - [verifyingTheBrandsFilterFunctionality_Laptop_21-50-13] Within the filterOptions loop 
21:50:54 [TestNG-test-Test-1] INFO  verifyingTheBrandsFilterFunctionality_Laptop_21-50-13 - [verifyingTheBrandsFilterFunctionality_Laptop_21-50-13] Within safeFindElements 
21:50:55 [TestNG-test-Test-1] INFO  verifyingTheBrandsFilterFunctionality_Laptop_21-50-13 - [verifyingTheBrandsFilterFunctionality_Laptop_21-50-13] Returning the  [[[ChromeDriver: chrome on windows (7cee2f3201c9ae2536d28b2a0c5fc090)] -> xpath: //ul[@id='filter-p_123']//span[@class='a-size-base a-color-base']], [[ChromeDriver: chrome on windows (7cee2f3201c9ae2536d28b2a0c5fc090)] -> xpath: //ul[@id='filter-p_123']//span[@class='a-size-base a-color-base']], [[ChromeDriver: chrome on windows (7cee2f3201c9ae2536d28b2a0c5fc090)] -> xpath: //ul[@id='filter-p_123']//span[@class='a-size-base a-color-base']], [[ChromeDriver: chrome on windows (7cee2f3201c9ae2536d28b2a0c5fc090)] -> xpath: //ul[@id='filter-p_123']//span[@class='a-size-base a-color-base']], [[ChromeDriver: chrome on windows (7cee2f3201c9ae2536d28b2a0c5fc090)] -> xpath: //ul[@id='filter-p_123']//span[@class='a-size-base a-color-base']], [[ChromeDriver: chrome on windows (7cee2f3201c9ae2536d28b2a0c5fc090)] -> xpath: //ul[@id='filter-p_123']//span[@class='a-size-base a-color-base']], [[ChromeDriver: chrome on windows (7cee2f3201c9ae2536d28b2a0c5fc090)] -> xpath: //ul[@id='filter-p_123']//span[@class='a-size-base a-color-base']], [[ChromeDriver: chrome on windows (7cee2f3201c9ae2536d28b2a0c5fc090)] -> xpath: //ul[@id='filter-p_123']//span[@class='a-size-base a-color-base']], [[ChromeDriver: chrome on windows (7cee2f3201c9ae2536d28b2a0c5fc090)] -> xpath: //ul[@id='filter-p_123']//span[@class='a-size-base a-color-base']], [[ChromeDriver: chrome on windows (7cee2f3201c9ae2536d28b2a0c5fc090)] -> xpath: //ul[@id='filter-p_123']//span[@class='a-size-base a-color-base']], [[ChromeDriver: chrome on windows (7cee2f3201c9ae2536d28b2a0c5fc090)] -> xpath: //ul[@id='filter-p_123']//span[@class='a-size-base a-color-base']]] from the safeFindElements method
21:50:55 [TestNG-test-Test-1] INFO  verifyingTheBrandsFilterFunctionality_Laptop_21-50-13 - [verifyingTheBrandsFilterFunctionality_Laptop_21-50-13] Within safeFindElement method
21:50:56 [TestNG-test-Test-1] INFO  verifyingTheBrandsFilterFunctionality_Laptop_21-50-13 - [verifyingTheBrandsFilterFunctionality_Laptop_21-50-13]Found the element returning it ,element ->[[ChromeDriver: chrome on windows (7cee2f3201c9ae2536d28b2a0c5fc090)] -> xpath: //a[@aria-label='See more, Brands']]
21:50:56 [TestNG-test-Test-1] INFO  verifyingTheBrandsFilterFunctionality_Laptop_21-50-13 - [verifyingTheBrandsFilterFunctionality_Laptop_21-50-13] Within smoothScrollToElement method
21:50:56 [TestNG-test-Test-1] INFO  verifyingTheBrandsFilterFunctionality_Laptop_21-50-13 - [verifyingTheBrandsFilterFunctionality_Laptop_21-50-13] Within safeFindElement method
21:50:56 [TestNG-test-Test-1] INFO  verifyingTheBrandsFilterFunctionality_Laptop_21-50-13 - [verifyingTheBrandsFilterFunctionality_Laptop_21-50-13]Found the element returning it ,element ->[[ChromeDriver: chrome on windows (7cee2f3201c9ae2536d28b2a0c5fc090)] -> xpath: //a[@aria-label='See more, Brands']]
21:50:56 [TestNG-test-Test-1] INFO  verifyingTheBrandsFilterFunctionality_Laptop_21-50-13 - [verifyingTheBrandsFilterFunctionality_Laptop_21-50-13] Successfully scrolled to element: By.xpath: //a[@aria-label='See more, Brands']
21:50:56 [TestNG-test-Test-1] INFO  verifyingTheBrandsFilterFunctionality_Laptop_21-50-13 - [verifyingTheBrandsFilterFunctionality_Laptop_21-50-13] Within safeClick method
21:50:56 [TestNG-test-Test-1] INFO  verifyingTheBrandsFilterFunctionality_Laptop_21-50-13 - [verifyingTheBrandsFilterFunctionality_Laptop_21-50-13] Clicked the  [[ChromeDriver: chrome on windows (7cee2f3201c9ae2536d28b2a0c5fc090)] -> xpath: //a[@aria-label='See more, Brands']]   using safeClick
21:50:56 [TestNG-test-Test-1] INFO  verifyingTheBrandsFilterFunctionality_Laptop_21-50-13 - [verifyingTheBrandsFilterFunctionality_Laptop_21-50-13] Within safeFindElements 
21:50:56 [TestNG-test-Test-1] INFO  verifyingTheBrandsFilterFunctionality_Laptop_21-50-13 - [verifyingTheBrandsFilterFunctionality_Laptop_21-50-13] Returning the  [[[ChromeDriver: chrome on windows (7cee2f3201c9ae2536d28b2a0c5fc090)] -> xpath: //ul[@id='filter-p_123']//span[@class='a-size-base a-color-base']], [[ChromeDriver: chrome on windows (7cee2f3201c9ae2536d28b2a0c5fc090)] -> xpath: //ul[@id='filter-p_123']//span[@class='a-size-base a-color-base']], [[ChromeDriver: chrome on windows (7cee2f3201c9ae2536d28b2a0c5fc090)] -> xpath: //ul[@id='filter-p_123']//span[@class='a-size-base a-color-base']], [[ChromeDriver: chrome on windows (7cee2f3201c9ae2536d28b2a0c5fc090)] -> xpath: //ul[@id='filter-p_123']//span[@class='a-size-base a-color-base']], [[ChromeDriver: chrome on windows (7cee2f3201c9ae2536d28b2a0c5fc090)] -> xpath: //ul[@id='filter-p_123']//span[@class='a-size-base a-color-base']], [[ChromeDriver: chrome on windows (7cee2f3201c9ae2536d28b2a0c5fc090)] -> xpath: //ul[@id='filter-p_123']//span[@class='a-size-base a-color-base']], [[ChromeDriver: chrome on windows (7cee2f3201c9ae2536d28b2a0c5fc090)] -> xpath: //ul[@id='filter-p_123']//span[@class='a-size-base a-color-base']], [[ChromeDriver: chrome on windows (7cee2f3201c9ae2536d28b2a0c5fc090)] -> xpath: //ul[@id='filter-p_123']//span[@class='a-size-base a-color-base']], [[ChromeDriver: chrome on windows (7cee2f3201c9ae2536d28b2a0c5fc090)] -> xpath: //ul[@id='filter-p_123']//span[@class='a-size-base a-color-base']], [[ChromeDriver: chrome on windows (7cee2f3201c9ae2536d28b2a0c5fc090)] -> xpath: //ul[@id='filter-p_123']//span[@class='a-size-base a-color-base']], [[ChromeDriver: chrome on windows (7cee2f3201c9ae2536d28b2a0c5fc090)] -> xpath: //ul[@id='filter-p_123']//span[@class='a-size-base a-color-base']]] from the safeFindElements method
21:50:56 [TestNG-test-Test-1] INFO  verifyingTheBrandsFilterFunctionality_Laptop_21-50-13 - [verifyingTheBrandsFilterFunctionality_Laptop_21-50-13] Within getfilterByTypeAndName method
21:50:56 [TestNG-test-Test-1] INFO  verifyingTheBrandsFilterFunctionality_Laptop_21-50-13 - [verifyingTheBrandsFilterFunctionality_Laptop_21-50-13] Within safeClickBooleanWithScreenShot method
21:50:56 [TestNG-test-Test-1] INFO  verifyingTheBrandsFilterFunctionality_Laptop_21-50-13 - [verifyingTheBrandsFilterFunctionality_Laptop_21-50-13] Within getAppliedfilterByTypeAndName method
21:50:56 [TestNG-test-Test-1] INFO  verifyingTheBrandsFilterFunctionality_Laptop_21-50-13 - [verifyingTheBrandsFilterFunctionality_Laptop_21-50-13] Within smoothScrollToElement method
21:50:56 [TestNG-test-Test-1] INFO  verifyingTheBrandsFilterFunctionality_Laptop_21-50-13 - [verifyingTheBrandsFilterFunctionality_Laptop_21-50-13] Within safeFindElement method
21:50:56 [TestNG-test-Test-1] INFO  verifyingTheBrandsFilterFunctionality_Laptop_21-50-13 - [verifyingTheBrandsFilterFunctionality_Laptop_21-50-13]Found the element returning it ,element ->[[ChromeDriver: chrome on windows (7cee2f3201c9ae2536d28b2a0c5fc090)] -> xpath: //span[@class='a-size-base a-color-base puis-bold-weight-text' and text()='Brands']]
21:50:56 [TestNG-test-Test-1] INFO  verifyingTheBrandsFilterFunctionality_Laptop_21-50-13 - [verifyingTheBrandsFilterFunctionality_Laptop_21-50-13] Successfully scrolled to element: By.xpath: //span[@class='a-size-base a-color-base puis-bold-weight-text' and text()='Brands']
21:50:56 [TestNG-test-Test-1] INFO  verifyingTheBrandsFilterFunctionality_Laptop_21-50-13 - [verifyingTheBrandsFilterFunctionality_Laptop_21-50-13] Within getMoreButtonByFilterTypeAndName method
21:50:56 [TestNG-test-Test-1] INFO  verifyingTheBrandsFilterFunctionality_Laptop_21-50-13 - [verifyingTheBrandsFilterFunctionality_Laptop_21-50-13] could not find more button
21:50:56 [TestNG-test-Test-1] INFO  verifyingTheBrandsFilterFunctionality_Laptop_21-50-13 - [verifyingTheBrandsFilterFunctionality_Laptop_21-50-13] Within getAppliedfilterByTypeAndName method
21:50:56 [TestNG-test-Test-1] INFO  verifyingTheBrandsFilterFunctionality_Laptop_21-50-13 - [verifyingTheBrandsFilterFunctionality_Laptop_21-50-13] Within smoothScrollToElement method
21:50:56 [TestNG-test-Test-1] INFO  verifyingTheBrandsFilterFunctionality_Laptop_21-50-13 - [verifyingTheBrandsFilterFunctionality_Laptop_21-50-13] Within safeFindElement method
21:50:58 [TestNG-test-Test-1] INFO  verifyingTheBrandsFilterFunctionality_Laptop_21-50-13 - [verifyingTheBrandsFilterFunctionality_Laptop_21-50-13]Found the element returning it ,element ->[[ChromeDriver: chrome on windows (7cee2f3201c9ae2536d28b2a0c5fc090)] -> xpath: //span[@class='a-size-base a-color-base puis-bold-weight-text' and text()='Brands']]
21:50:58 [TestNG-test-Test-1] INFO  verifyingTheBrandsFilterFunctionality_Laptop_21-50-13 - [verifyingTheBrandsFilterFunctionality_Laptop_21-50-13] Successfully scrolled to element: By.xpath: //span[@class='a-size-base a-color-base puis-bold-weight-text' and text()='Brands']
21:50:58 [TestNG-test-Test-1] INFO  verifyingTheBrandsFilterFunctionality_Laptop_21-50-13 - [verifyingTheBrandsFilterFunctionality_Laptop_21-50-13] Within getMoreButtonByFilterTypeAndName method
21:50:58 [TestNG-test-Test-1] INFO  verifyingTheBrandsFilterFunctionality_Laptop_21-50-13 - [verifyingTheBrandsFilterFunctionality_Laptop_21-50-13] could not find more button
21:50:58 [TestNG-test-Test-1] INFO  verifyingTheBrandsFilterFunctionality_Laptop_21-50-13 - [verifyingTheBrandsFilterFunctionality_Laptop_21-50-13] Within getfilterByTypeAndName method
21:50:58 [TestNG-test-Test-1] INFO  verifyingTheBrandsFilterFunctionality_Laptop_21-50-13 - [verifyingTheBrandsFilterFunctionality_Laptop_21-50-13] Within smoothScrollToElement method
21:50:58 [TestNG-test-Test-1] INFO  verifyingTheBrandsFilterFunctionality_Laptop_21-50-13 - [verifyingTheBrandsFilterFunctionality_Laptop_21-50-13] Within safeFindElement method
21:51:03 [TestNG-test-Test-1] INFO  verifyingTheBrandsFilterFunctionality_Laptop_21-50-13 - [verifyingTheBrandsFilterFunctionality_Laptop_21-50-13]Retrying findElement for: ->By.xpath: //ul[@id='filter-p_123']//span[@class='a-size-base a-color-base' and text()='ASUS']
21:51:04 [TestNG-test-Test-1] INFO  verifyingTheBrandsFilterFunctionality_Laptop_21-50-13 - [verifyingTheBrandsFilterFunctionality_Laptop_21-50-13]Refrehsing the page , while trying to safely find : ->By.xpath: //ul[@id='filter-p_123']//span[@class='a-size-base a-color-base' and text()='ASUS']
21:51:09 [TestNG-test-Test-1] INFO  verifyingTheBrandsFilterFunctionality_Laptop_21-50-13 - [verifyingTheBrandsFilterFunctionality_Laptop_21-50-13]Retrying findElement for: ->By.xpath: //ul[@id='filter-p_123']//span[@class='a-size-base a-color-base' and text()='ASUS']
21:51:11 [TestNG-test-Test-1] INFO  verifyingTheBrandsFilterFunctionality_Laptop_21-50-13 - [verifyingTheBrandsFilterFunctionality_Laptop_21-50-13]Refrehsing the page , while trying to safely find : ->By.xpath: //ul[@id='filter-p_123']//span[@class='a-size-base a-color-base' and text()='ASUS']
21:51:11 [TestNG-test-Test-1] INFO  verifyingTheBrandsFilterFunctionality_Laptop_21-50-13 - [verifyingTheBrandsFilterFunctionality_Laptop_21-50-13] Skipping action: Element not found after 2   attemps
21:51:11 [TestNG-test-Test-1] WARN  verifyingTheBrandsFilterFunctionality_Laptop_21-50-13 - [verifyingTheBrandsFilterFunctionality_Laptop_21-50-13] Element not found for locator: By.xpath: //ul[@id='filter-p_123']//span[@class='a-size-base a-color-base' and text()='ASUS']
21:51:11 [TestNG-test-Test-1] INFO  verifyingTheBrandsFilterFunctionality_Laptop_21-50-13 - [verifyingTheBrandsFilterFunctionality_Laptop_21-50-13] Clicked the element using safe click ,element is [[ChromeDriver: chrome on windows (7cee2f3201c9ae2536d28b2a0c5fc090)] -> xpath: //ul[@id='filter-p_123']//span[@class='a-size-base a-color-base' and text()='ASUS']]
21:51:11 [TestNG-test-Test-1] INFO  verifyingTheBrandsFilterFunctionality_Laptop_21-50-13 - [verifyingTheBrandsFilterFunctionality_Laptop_21-50-13] Clicked on ASUSWithin the filterOptions loop
21:51:11 [TestNG-test-Test-1] INFO  verifyingTheBrandsFilterFunctionality_Laptop_21-50-13 - [verifyingTheBrandsFilterFunctionality_Laptop_21-50-13] Within safeFindElements 
21:51:11 [TestNG-test-Test-1] INFO  verifyingTheBrandsFilterFunctionality_Laptop_21-50-13 - [verifyingTheBrandsFilterFunctionality_Laptop_21-50-13] Returning the  [[[ChromeDriver: chrome on windows (7cee2f3201c9ae2536d28b2a0c5fc090)] -> xpath: //div[@data-cy='title-recipe']], [[ChromeDriver: chrome on windows (7cee2f3201c9ae2536d28b2a0c5fc090)] -> xpath: //div[@data-cy='title-recipe']], [[ChromeDriver: chrome on windows (7cee2f3201c9ae2536d28b2a0c5fc090)] -> xpath: //div[@data-cy='title-recipe']], [[ChromeDriver: chrome on windows (7cee2f3201c9ae2536d28b2a0c5fc090)] -> xpath: //div[@data-cy='title-recipe']], [[ChromeDriver: chrome on windows (7cee2f3201c9ae2536d28b2a0c5fc090)] -> xpath: //div[@data-cy='title-recipe']], [[ChromeDriver: chrome on windows (7cee2f3201c9ae2536d28b2a0c5fc090)] -> xpath: //div[@data-cy='title-recipe']], [[ChromeDriver: chrome on windows (7cee2f3201c9ae2536d28b2a0c5fc090)] -> xpath: //div[@data-cy='title-recipe']], [[ChromeDriver: chrome on windows (7cee2f3201c9ae2536d28b2a0c5fc090)] -> xpath: //div[@data-cy='title-recipe']], [[ChromeDriver: chrome on windows (7cee2f3201c9ae2536d28b2a0c5fc090)] -> xpath: //div[@data-cy='title-recipe']], [[ChromeDriver: chrome on windows (7cee2f3201c9ae2536d28b2a0c5fc090)] -> xpath: //div[@data-cy='title-recipe']], [[ChromeDriver: chrome on windows (7cee2f3201c9ae2536d28b2a0c5fc090)] -> xpath: //div[@data-cy='title-recipe']], [[ChromeDriver: chrome on windows (7cee2f3201c9ae2536d28b2a0c5fc090)] -> xpath: //div[@data-cy='title-recipe']], [[ChromeDriver: chrome on windows (7cee2f3201c9ae2536d28b2a0c5fc090)] -> xpath: //div[@data-cy='title-recipe']], [[ChromeDriver: chrome on windows (7cee2f3201c9ae2536d28b2a0c5fc090)] -> xpath: //div[@data-cy='title-recipe']], [[ChromeDriver: chrome on windows (7cee2f3201c9ae2536d28b2a0c5fc090)] -> xpath: //div[@data-cy='title-recipe']], [[ChromeDriver: chrome on windows (7cee2f3201c9ae2536d28b2a0c5fc090)] -> xpath: //div[@data-cy='title-recipe']]] from the safeFindElements method
21:51:11 [TestNG-test-Test-1] INFO  verifyingTheBrandsFilterFunctionality_Laptop_21-50-13 - [verifyingTheBrandsFilterFunctionality_Laptop_21-50-13] Within productNameListingPage loop with product index 0and filter name ASUS
21:51:11 [TestNG-test-Test-1] INFO  verifyingTheBrandsFilterFunctionality_Laptop_21-50-13 - [verifyingTheBrandsFilterFunctionality_Laptop_21-50-13] Within productNameListingPage loop with product index 1and filter name ASUS
21:51:11 [TestNG-test-Test-1] INFO  verifyingTheBrandsFilterFunctionality_Laptop_21-50-13 - [verifyingTheBrandsFilterFunctionality_Laptop_21-50-13] Within productNameListingPage loop with product index 2and filter name ASUS
21:51:11 [TestNG-test-Test-1] INFO  verifyingTheBrandsFilterFunctionality_Laptop_21-50-13 - [verifyingTheBrandsFilterFunctionality_Laptop_21-50-13] Within productNameListingPage loop with product index 3and filter name ASUS
21:51:11 [TestNG-test-Test-1] INFO  verifyingTheBrandsFilterFunctionality_Laptop_21-50-13 - [verifyingTheBrandsFilterFunctionality_Laptop_21-50-13] Within productNameListingPage loop with product index 4and filter name ASUS
21:51:11 [TestNG-test-Test-1] INFO  verifyingTheBrandsFilterFunctionality_Laptop_21-50-13 - [verifyingTheBrandsFilterFunctionality_Laptop_21-50-13] Within productNameListingPage loop with product index 5and filter name ASUS
21:51:11 [TestNG-test-Test-1] INFO  verifyingTheBrandsFilterFunctionality_Laptop_21-50-13 - [verifyingTheBrandsFilterFunctionality_Laptop_21-50-13] Within productNameListingPage loop with product index 6and filter name ASUS
21:51:11 [TestNG-test-Test-1] INFO  verifyingTheBrandsFilterFunctionality_Laptop_21-50-13 - [verifyingTheBrandsFilterFunctionality_Laptop_21-50-13] Within productNameListingPage loop with product index 7and filter name ASUS
21:51:11 [TestNG-test-Test-1] INFO  verifyingTheBrandsFilterFunctionality_Laptop_21-50-13 - [verifyingTheBrandsFilterFunctionality_Laptop_21-50-13] Within productNameListingPage loop with product index 8and filter name ASUS
21:51:11 [TestNG-test-Test-1] INFO  verifyingTheBrandsFilterFunctionality_Laptop_21-50-13 - [verifyingTheBrandsFilterFunctionality_Laptop_21-50-13] Within productNameListingPage loop with product index 9and filter name ASUS
21:51:11 [TestNG-test-Test-1] INFO  verifyingTheBrandsFilterFunctionality_Laptop_21-50-13 - [verifyingTheBrandsFilterFunctionality_Laptop_21-50-13] Within productNameListingPage loop with product index 10and filter name ASUS
21:51:11 [TestNG-test-Test-1] INFO  verifyingTheBrandsFilterFunctionality_Laptop_21-50-13 - [verifyingTheBrandsFilterFunctionality_Laptop_21-50-13] Within productNameListingPage loop with product index 11and filter name ASUS
21:51:11 [TestNG-test-Test-1] INFO  verifyingTheBrandsFilterFunctionality_Laptop_21-50-13 - [verifyingTheBrandsFilterFunctionality_Laptop_21-50-13] Within productNameListingPage loop with product index 12and filter name ASUS
21:51:11 [TestNG-test-Test-1] INFO  verifyingTheBrandsFilterFunctionality_Laptop_21-50-13 - [verifyingTheBrandsFilterFunctionality_Laptop_21-50-13] Within productNameListingPage loop with product index 13and filter name ASUS
21:51:11 [TestNG-test-Test-1] INFO  verifyingTheBrandsFilterFunctionality_Laptop_21-50-13 - [verifyingTheBrandsFilterFunctionality_Laptop_21-50-13] Within productNameListingPage loop with product index 14and filter name ASUS
21:51:11 [TestNG-test-Test-1] INFO  verifyingTheBrandsFilterFunctionality_Laptop_21-50-13 - [verifyingTheBrandsFilterFunctionality_Laptop_21-50-13] Within productNameListingPage loop with product index 15and filter name ASUS
21:51:11 [TestNG-test-Test-1] INFO  verifyingTheBrandsFilterFunctionality_Laptop_21-50-13 - [verifyingTheBrandsFilterFunctionality_Laptop_21-50-13] Creating 'result' Map for storing ,'brand','isValid','mismatches list' with map size ->3
21:51:11 [TestNG-test-Test-1] INFO  verifyingTheBrandsFilterFunctionality_Laptop_21-50-13 - [verifyingTheBrandsFilterFunctionality_Laptop_21-50-13] Adding 'result' with the data into 'allResults' i.e list of Map3
21:51:11 [TestNG-test-Test-1] INFO  verifyingTheBrandsFilterFunctionality_Laptop_21-50-13 - [verifyingTheBrandsFilterFunctionality_Laptop_21-50-13] Waiting until element is visible in viewport
21:51:11 [TestNG-test-Test-1] INFO  verifyingTheBrandsFilterFunctionality_Laptop_21-50-13 - [verifyingTheBrandsFilterFunctionality_Laptop_21-50-13] Within safeClick method
21:51:12 [TestNG-test-Test-1] INFO  verifyingTheBrandsFilterFunctionality_Laptop_21-50-13 - [verifyingTheBrandsFilterFunctionality_Laptop_21-50-13] Clicked the  [[ChromeDriver: chrome on windows (7cee2f3201c9ae2536d28b2a0c5fc090)] -> xpath: //span[@class='a-size-base a-color-base' and text()='Clear']]   using safeClick
21:51:12 [TestNG-test-Test-1] INFO  verifyingTheBrandsFilterFunctionality_Laptop_21-50-13 - [verifyingTheBrandsFilterFunctionality_Laptop_21-50-13] Clicked clear button for the filter ->ASUS
21:51:12 [TestNG-test-Test-1] INFO  verifyingTheBrandsFilterFunctionality_Laptop_21-50-13 - [verifyingTheBrandsFilterFunctionality_Laptop_21-50-13] Returning the allResults List of Maps containing the data
21:51:12 [TestNG-test-Test-1] INFO  verifyingTheBrandsFilterFunctionality_Laptop_21-50-13 - [verifyingTheBrandsFilterFunctionality_Laptop_21-50-13] All product titles matched for brand: 'Lenovo'
21:51:12 [TestNG-test-Test-1] INFO  verifyingTheBrandsFilterFunctionality_Laptop_21-50-13 - [verifyingTheBrandsFilterFunctionality_Laptop_21-50-13] All product titles matched for brand: 'ASUS'
21:51:12 [TestNG-test-Test-1] INFO  verifyingTheBrandsFilterFunctionality_Laptop_21-50-13 - [verifyingTheBrandsFilterFunctionality_Laptop_21-50-13]  Asserting all soft assertions now...
