19:26:15 [TestNG-test-Test-3] INFO  verifyingGetItByTomorrowFilterFunctionality_Laptop_19-26-15 - No existing WebDriver found for current thread. Initializing a new ChromeDriver...
19:26:15 [TestNG-test-Test-3] INFO  verifyingGetItByTomorrowFilterFunctionality_Laptop_19-26-15 - WebDriverManager: chromedriver setup OK
19:26:17 [TestNG-test-Test-3] INFO  verifyingGetItByTomorrowFilterFunctionality_Laptop_19-26-15 - ChromeDriver initialized successfully for thread: 36
19:26:20 [TestNG-test-Test-3] INFO  verifyingGetItByTomorrowFilterFunctionality_Laptop_19-26-15 - [verifyingGetItByTomorrowFilterFunctionality_Laptop_19-26-15] Opening amazon Landing page
19:26:20 [TestNG-test-Test-3] INFO  verifyingGetItByTomorrowFilterFunctionality_Laptop_19-26-15 - [verifyingGetItByTomorrowFilterFunctionality_Laptop_19-26-15] Within safeFindElement method
19:26:20 [TestNG-test-Test-3] INFO  verifyingGetItByTomorrowFilterFunctionality_Laptop_19-26-15 - [verifyingGetItByTomorrowFilterFunctionality_Laptop_19-26-15]Found the element returning it ,element ->[[ChromeDriver: chrome on windows (6d7bbf4b02de164bdb3da0634041c421)] -> xpath: //a[@id='nav-logo-sprites']]
19:26:20 [TestNG-test-Test-3] INFO  verifyingGetItByTomorrowFilterFunctionality_Laptop_19-26-15 - [verifyingGetItByTomorrowFilterFunctionality_Laptop_19-26-15] Giving input within the search bar
19:26:20 [TestNG-test-Test-3] INFO  verifyingGetItByTomorrowFilterFunctionality_Laptop_19-26-15 - [verifyingGetItByTomorrowFilterFunctionality_Laptop_19-26-15] Within safeClick method
19:26:23 [TestNG-test-Test-3] INFO  verifyingGetItByTomorrowFilterFunctionality_Laptop_19-26-15 - [verifyingGetItByTomorrowFilterFunctionality_Laptop_19-26-15] Clicked the  [[ChromeDriver: chrome on windows (6d7bbf4b02de164bdb3da0634041c421)] -> xpath: //input[@id='nav-search-submit-button']]   using safeClick
19:26:23 [TestNG-test-Test-3] INFO  verifyingGetItByTomorrowFilterFunctionality_Laptop_19-26-15 - [verifyingGetItByTomorrowFilterFunctionality_Laptop_19-26-15] Clicking on the submit in the search bar
19:26:24 [TestNG-test-Test-3] INFO  verifyingGetItByTomorrowFilterFunctionality_Laptop_19-26-15 - [verifyingGetItByTomorrowFilterFunctionality_Laptop_19-26-15] Waiting until element is visible in viewport
19:26:24 [TestNG-test-Test-3] INFO  verifyingGetItByTomorrowFilterFunctionality_Laptop_19-26-15 - [verifyingGetItByTomorrowFilterFunctionality_Laptop_19-26-15] Within validateDeliveryFilterOptionsWithResult method
19:26:24 [TestNG-test-Test-3] INFO  verifyingGetItByTomorrowFilterFunctionality_Laptop_19-26-15 - [verifyingGetItByTomorrowFilterFunctionality_Laptop_19-26-15] Within safeClick method
19:26:24 [TestNG-test-Test-3] INFO  verifyingGetItByTomorrowFilterFunctionality_Laptop_19-26-15 - [verifyingGetItByTomorrowFilterFunctionality_Laptop_19-26-15] Clicked the  [[ChromeDriver: chrome on windows (6d7bbf4b02de164bdb3da0634041c421)] -> xpath: //span[@class='a-size-base a-color-base puis-bold-weight-text' and text()='Delivery Day']/parent::div/following-sibling::ul//span[@class='a-size-base a-color-base' and text()='Get It by Tomorrow']]   using safeClick
19:26:24 [TestNG-test-Test-3] INFO  verifyingGetItByTomorrowFilterFunctionality_Laptop_19-26-15 - [verifyingGetItByTomorrowFilterFunctionality_Laptop_19-26-15] Within getMoreButtonByFilterTypeAndName method
19:26:24 [TestNG-test-Test-3] INFO  verifyingGetItByTomorrowFilterFunctionality_Laptop_19-26-15 - [verifyingGetItByTomorrowFilterFunctionality_Laptop_19-26-15] Clicked on By.xpath: //span[@class='a-size-base a-color-base puis-bold-weight-text' and text()='Delivery Day']/parent::div/following-sibling::ul//span[@class='a-size-base a-color-base' and text()='Get It by Tomorrow']
19:26:24 [TestNG-test-Test-3] INFO  verifyingGetItByTomorrowFilterFunctionality_Laptop_19-26-15 - [verifyingGetItByTomorrowFilterFunctionality_Laptop_19-26-15] Within safeFindElements 
19:26:25 [TestNG-test-Test-3] INFO  verifyingGetItByTomorrowFilterFunctionality_Laptop_19-26-15 - [verifyingGetItByTomorrowFilterFunctionality_Laptop_19-26-15] Returning the  [[[ChromeDriver: chrome on windows (6d7bbf4b02de164bdb3da0634041c421)] -> xpath: //div[@class='a-section a-spacing-small a-spacing-top-small']], [[ChromeDriver: chrome on windows (6d7bbf4b02de164bdb3da0634041c421)] -> xpath: //div[@class='a-section a-spacing-small a-spacing-top-small']], [[ChromeDriver: chrome on windows (6d7bbf4b02de164bdb3da0634041c421)] -> xpath: //div[@class='a-section a-spacing-small a-spacing-top-small']], [[ChromeDriver: chrome on windows (6d7bbf4b02de164bdb3da0634041c421)] -> xpath: //div[@class='a-section a-spacing-small a-spacing-top-small']], [[ChromeDriver: chrome on windows (6d7bbf4b02de164bdb3da0634041c421)] -> xpath: //div[@class='a-section a-spacing-small a-spacing-top-small']]] from the safeFindElements method
19:26:25 [TestNG-test-Test-3] INFO  verifyingGetItByTomorrowFilterFunctionality_Laptop_19-26-15 - [verifyingGetItByTomorrowFilterFunctionality_Laptop_19-26-15] Created hashset with required data to assert with Within validateDeliveryFilterOptions method
19:26:25 [TestNG-test-Test-3] INFO  verifyingGetItByTomorrowFilterFunctionality_Laptop_19-26-15 - [verifyingGetItByTomorrowFilterFunctionality_Laptop_19-26-15] this is the set  [Jul, 12, 13, Today, FREE delivery, Sun, Mon, Tomorrow]
19:26:25 [TestNG-test-Test-3] INFO  verifyingGetItByTomorrowFilterFunctionality_Laptop_19-26-15 - [verifyingGetItByTomorrowFilterFunctionality_Laptop_19-26-15] Within deliveryElements loop iterating over the products  Within validateDeliveryFilterOptions method
19:26:25 [TestNG-test-Test-3] INFO  verifyingGetItByTomorrowFilterFunctionality_Laptop_19-26-15 - [verifyingGetItByTomorrowFilterFunctionality_Laptop_19-26-15] Checking if the allowedDateParts have the assert text   Within validateDeliveryFilterOptions method
19:26:25 [TestNG-test-Test-3] INFO  verifyingGetItByTomorrowFilterFunctionality_Laptop_19-26-15 - [verifyingGetItByTomorrowFilterFunctionality_Laptop_19-26-15] Within deliveryElements loop iterating over the products  Within validateDeliveryFilterOptions method
19:26:25 [TestNG-test-Test-3] INFO  verifyingGetItByTomorrowFilterFunctionality_Laptop_19-26-15 - [verifyingGetItByTomorrowFilterFunctionality_Laptop_19-26-15] Checking if the allowedDateParts have the assert text   Within validateDeliveryFilterOptions method
19:26:25 [TestNG-test-Test-3] INFO  verifyingGetItByTomorrowFilterFunctionality_Laptop_19-26-15 - [verifyingGetItByTomorrowFilterFunctionality_Laptop_19-26-15] Within deliveryElements loop iterating over the products  Within validateDeliveryFilterOptions method
19:26:25 [TestNG-test-Test-3] INFO  verifyingGetItByTomorrowFilterFunctionality_Laptop_19-26-15 - [verifyingGetItByTomorrowFilterFunctionality_Laptop_19-26-15] Checking if the allowedDateParts have the assert text   Within validateDeliveryFilterOptions method
19:26:25 [TestNG-test-Test-3] INFO  verifyingGetItByTomorrowFilterFunctionality_Laptop_19-26-15 - [verifyingGetItByTomorrowFilterFunctionality_Laptop_19-26-15] Within deliveryElements loop iterating over the products  Within validateDeliveryFilterOptions method
19:26:25 [TestNG-test-Test-3] INFO  verifyingGetItByTomorrowFilterFunctionality_Laptop_19-26-15 - [verifyingGetItByTomorrowFilterFunctionality_Laptop_19-26-15] Checking if the allowedDateParts have the assert text   Within validateDeliveryFilterOptions method
19:26:25 [TestNG-test-Test-3] INFO  verifyingGetItByTomorrowFilterFunctionality_Laptop_19-26-15 - [verifyingGetItByTomorrowFilterFunctionality_Laptop_19-26-15] Within deliveryElements loop iterating over the products  Within validateDeliveryFilterOptions method
19:26:25 [TestNG-test-Test-3] INFO  verifyingGetItByTomorrowFilterFunctionality_Laptop_19-26-15 - [verifyingGetItByTomorrowFilterFunctionality_Laptop_19-26-15] Checking if the allowedDateParts have the assert text   Within validateDeliveryFilterOptions method
19:26:25 [TestNG-test-Test-3] INFO  verifyingGetItByTomorrowFilterFunctionality_Laptop_19-26-15 - [verifyingGetItByTomorrowFilterFunctionality_Laptop_19-26-15] Returning the list with boolean values   Within validateDeliveryFilterOptions method
19:26:25 [TestNG-test-Test-3] INFO  verifyingGetItByTomorrowFilterFunctionality_Laptop_19-26-15 - [verifyingGetItByTomorrowFilterFunctionality_Laptop_19-26-15] Asserting delivery filter: isValid=true, index=-1, text=All the things are valid no errors
