19:53:09 [TestNG-test-Test-3] INFO  verifyingPriceSilderFunctionality_19-53-09 - No existing WebDriver found for current thread. Initializing a new ChromeDriver...
19:53:09 [TestNG-test-Test-3] INFO  verifyingPriceSilderFunctionality_19-53-09 - WebDriverManager: chromedriver setup OK
19:53:10 [TestNG-test-Test-3] INFO  verifyingPriceSilderFunctionality_19-53-09 - ChromeDriver initialized successfully for thread: 36
19:53:11 [TestNG-test-Test-3] INFO  verifyingPriceSilderFunctionality_19-53-09 - [verifyingPriceSilderFunctionality_19-53-09] Opening amazon Landing page
19:53:11 [TestNG-test-Test-3] INFO  verifyingPriceSilderFunctionality_19-53-09 - [verifyingPriceSilderFunctionality_19-53-09] Within safeFindElement method
19:53:16 [TestNG-test-Test-3] INFO  verifyingPriceSilderFunctionality_19-53-09 - [verifyingPriceSilderFunctionality_19-53-09]Retrying findElement for: ->By.xpath: //a[@id='nav-logo-sprites']
19:53:19 [TestNG-test-Test-3] INFO  verifyingPriceSilderFunctionality_19-53-09 - [verifyingPriceSilderFunctionality_19-53-09]Refrehsing the page , while trying to safely find : ->By.xpath: //a[@id='nav-logo-sprites']
19:53:19 [TestNG-test-Test-3] INFO  verifyingPriceSilderFunctionality_19-53-09 - [verifyingPriceSilderFunctionality_19-53-09]Found the element returning it ,element ->[[ChromeDriver: chrome on windows (fe1322e5eec0055bddde5c3868bc4cec)] -> xpath: //a[@id='nav-logo-sprites']]
19:53:20 [TestNG-test-Test-3] INFO  verifyingPriceSilderFunctionality_19-53-09 - [verifyingPriceSilderFunctionality_19-53-09] Giving input within the search bar
19:53:20 [TestNG-test-Test-3] INFO  verifyingPriceSilderFunctionality_19-53-09 - [verifyingPriceSilderFunctionality_19-53-09] Within safeClick method
19:53:23 [TestNG-test-Test-3] INFO  verifyingPriceSilderFunctionality_19-53-09 - [verifyingPriceSilderFunctionality_19-53-09] Clicked the  [[ChromeDriver: chrome on windows (fe1322e5eec0055bddde5c3868bc4cec)] -> xpath: //input[@id='nav-search-submit-button']]   using safeClick
19:53:23 [TestNG-test-Test-3] INFO  verifyingPriceSilderFunctionality_19-53-09 - [verifyingPriceSilderFunctionality_19-53-09] Clicking on the submit in the search bar
19:53:23 [TestNG-test-Test-3] INFO  verifyingPriceSilderFunctionality_19-53-09 - [verifyingPriceSilderFunctionality_19-53-09] Within filterCheckUnderList method
19:53:23 [TestNG-test-Test-3] INFO  verifyingPriceSilderFunctionality_19-53-09 - [verifyingPriceSilderFunctionality_19-53-09] Found the Filter within the filter check List
19:53:23 [TestNG-test-Test-3] INFO  verifyingPriceSilderFunctionality_19-53-09 - [verifyingPriceSilderFunctionality_19-53-09] Within applyPriceSliderAndValidateWithResult method
19:53:23 [TestNG-test-Test-3] INFO  verifyingPriceSilderFunctionality_19-53-09 - [verifyingPriceSilderFunctionality_19-53-09] Within smoothScrollToElement method
19:53:23 [TestNG-test-Test-3] INFO  verifyingPriceSilderFunctionality_19-53-09 - [verifyingPriceSilderFunctionality_19-53-09] Within safeFindElement method
19:53:23 [TestNG-test-Test-3] INFO  verifyingPriceSilderFunctionality_19-53-09 - [verifyingPriceSilderFunctionality_19-53-09]Found the element returning it ,element ->[[ChromeDriver: chrome on windows (fe1322e5eec0055bddde5c3868bc4cec)] -> id: p_36/range-slider_slider-item_lower-bound-slider]
19:53:23 [TestNG-test-Test-3] INFO  verifyingPriceSilderFunctionality_19-53-09 - [verifyingPriceSilderFunctionality_19-53-09] Successfully scrolled to element: By.id: p_36/range-slider_slider-item_lower-bound-slider
19:53:23 [TestNG-test-Test-3] INFO  verifyingPriceSilderFunctionality_19-53-09 - [verifyingPriceSilderFunctionality_19-53-09] Within safeFindElement method
19:53:23 [TestNG-test-Test-3] INFO  verifyingPriceSilderFunctionality_19-53-09 - [verifyingPriceSilderFunctionality_19-53-09]Found the element returning it ,element ->[[ChromeDriver: chrome on windows (fe1322e5eec0055bddde5c3868bc4cec)] -> id: p_36/range-slider_slider-item_lower-bound-slider]
19:53:23 [TestNG-test-Test-3] INFO  verifyingPriceSilderFunctionality_19-53-09 - [verifyingPriceSilderFunctionality_19-53-09] Within safeFindElement method
19:53:23 [TestNG-test-Test-3] INFO  verifyingPriceSilderFunctionality_19-53-09 - [verifyingPriceSilderFunctionality_19-53-09]Found the element returning it ,element ->[[ChromeDriver: chrome on windows (fe1322e5eec0055bddde5c3868bc4cec)] -> id: p_36/range-slider_slider-item_upper-bound-slider]
19:53:23 [TestNG-test-Test-3] INFO  verifyingPriceSilderFunctionality_19-53-09 - [verifyingPriceSilderFunctionality_19-53-09] in the setSliderValue method with value 61
19:53:23 [TestNG-test-Test-3] INFO  verifyingPriceSilderFunctionality_19-53-09 - [verifyingPriceSilderFunctionality_19-53-09] in the setSliderValue method with value 81
19:53:23 [TestNG-test-Test-3] INFO  verifyingPriceSilderFunctionality_19-53-09 - [verifyingPriceSilderFunctionality_19-53-09] Within safeFindElement method
19:53:23 [TestNG-test-Test-3] INFO  verifyingPriceSilderFunctionality_19-53-09 - [verifyingPriceSilderFunctionality_19-53-09]Found the element returning it ,element ->[[ChromeDriver: chrome on windows (fe1322e5eec0055bddde5c3868bc4cec)] -> xpath: //label[@for='p_36/range-slider_slider-item_upper-bound-slider']]
19:53:23 [TestNG-test-Test-3] INFO  verifyingPriceSilderFunctionality_19-53-09 - [verifyingPriceSilderFunctionality_19-53-09] Within safeFindElement method
19:53:23 [TestNG-test-Test-3] INFO  verifyingPriceSilderFunctionality_19-53-09 - [verifyingPriceSilderFunctionality_19-53-09]Found the element returning it ,element ->[[ChromeDriver: chrome on windows (fe1322e5eec0055bddde5c3868bc4cec)] -> xpath: //label[@for='p_36/range-slider_slider-item_lower-bound-slider']]
19:53:24 [TestNG-test-Test-3] INFO  verifyingPriceSilderFunctionality_19-53-09 - [verifyingPriceSilderFunctionality_19-53-09] Within smoothScrollToElement method
19:53:24 [TestNG-test-Test-3] INFO  verifyingPriceSilderFunctionality_19-53-09 - [verifyingPriceSilderFunctionality_19-53-09] Within safeFindElement method
19:53:25 [TestNG-test-Test-3] INFO  verifyingPriceSilderFunctionality_19-53-09 - [verifyingPriceSilderFunctionality_19-53-09]Found the element returning it ,element ->[[ChromeDriver: chrome on windows (fe1322e5eec0055bddde5c3868bc4cec)] -> id: p_36/range-slider_slider-item_lower-bound-slider]
19:53:25 [TestNG-test-Test-3] INFO  verifyingPriceSilderFunctionality_19-53-09 - [verifyingPriceSilderFunctionality_19-53-09] Successfully scrolled to element: By.id: p_36/range-slider_slider-item_lower-bound-slider
19:53:25 [TestNG-test-Test-3] INFO  verifyingPriceSilderFunctionality_19-53-09 - [verifyingPriceSilderFunctionality_19-53-09] Adding the data 'min','max','isValid' ,'mismatches' to 'result' Map->81
19:53:25 [TestNG-test-Test-3] INFO  verifyingPriceSilderFunctionality_19-53-09 - [verifyingPriceSilderFunctionality_19-53-09] Adding the 'results'  Map to the master 'allResults' i.e is List of maps->81
19:53:25 [TestNG-test-Test-3] INFO  verifyingPriceSilderFunctionality_19-53-09 - [verifyingPriceSilderFunctionality_19-53-09] in the setSliderValue method with value 91
19:53:25 [TestNG-test-Test-3] INFO  verifyingPriceSilderFunctionality_19-53-09 - [verifyingPriceSilderFunctionality_19-53-09] in the setSliderValue method with value 121
19:53:25 [TestNG-test-Test-3] INFO  verifyingPriceSilderFunctionality_19-53-09 - [verifyingPriceSilderFunctionality_19-53-09] Within safeFindElement method
19:53:25 [TestNG-test-Test-3] INFO  verifyingPriceSilderFunctionality_19-53-09 - [verifyingPriceSilderFunctionality_19-53-09]Found the element returning it ,element ->[[ChromeDriver: chrome on windows (fe1322e5eec0055bddde5c3868bc4cec)] -> xpath: //label[@for='p_36/range-slider_slider-item_upper-bound-slider']]
19:53:25 [TestNG-test-Test-3] INFO  verifyingPriceSilderFunctionality_19-53-09 - [verifyingPriceSilderFunctionality_19-53-09] Within safeFindElement method
19:53:26 [TestNG-test-Test-3] INFO  verifyingPriceSilderFunctionality_19-53-09 - [verifyingPriceSilderFunctionality_19-53-09]Found the element returning it ,element ->[[ChromeDriver: chrome on windows (fe1322e5eec0055bddde5c3868bc4cec)] -> xpath: //label[@for='p_36/range-slider_slider-item_lower-bound-slider']]
19:53:26 [TestNG-test-Test-3] INFO  verifyingPriceSilderFunctionality_19-53-09 - [verifyingPriceSilderFunctionality_19-53-09] Within smoothScrollToElement method
19:53:26 [TestNG-test-Test-3] INFO  verifyingPriceSilderFunctionality_19-53-09 - [verifyingPriceSilderFunctionality_19-53-09] Within safeFindElement method
19:53:27 [TestNG-test-Test-3] INFO  verifyingPriceSilderFunctionality_19-53-09 - [verifyingPriceSilderFunctionality_19-53-09]Found the element returning it ,element ->[[ChromeDriver: chrome on windows (fe1322e5eec0055bddde5c3868bc4cec)] -> id: p_36/range-slider_slider-item_lower-bound-slider]
19:53:27 [TestNG-test-Test-3] INFO  verifyingPriceSilderFunctionality_19-53-09 - [verifyingPriceSilderFunctionality_19-53-09] Successfully scrolled to element: By.id: p_36/range-slider_slider-item_lower-bound-slider
19:53:27 [TestNG-test-Test-3] INFO  verifyingPriceSilderFunctionality_19-53-09 - [verifyingPriceSilderFunctionality_19-53-09] Adding the data 'min','max','isValid' ,'mismatches' to 'result' Map->121
19:53:27 [TestNG-test-Test-3] INFO  verifyingPriceSilderFunctionality_19-53-09 - [verifyingPriceSilderFunctionality_19-53-09] Adding the 'results'  Map to the master 'allResults' i.e is List of maps->121
19:53:27 [TestNG-test-Test-3] INFO  verifyingPriceSilderFunctionality_19-53-09 - [verifyingPriceSilderFunctionality_19-53-09] in the setSliderValue method with value 131
19:53:27 [TestNG-test-Test-3] INFO  verifyingPriceSilderFunctionality_19-53-09 - [verifyingPriceSilderFunctionality_19-53-09] in the setSliderValue method with value 161
19:53:27 [TestNG-test-Test-3] INFO  verifyingPriceSilderFunctionality_19-53-09 - [verifyingPriceSilderFunctionality_19-53-09] Within safeFindElement method
19:53:27 [TestNG-test-Test-3] INFO  verifyingPriceSilderFunctionality_19-53-09 - [verifyingPriceSilderFunctionality_19-53-09]Found the element returning it ,element ->[[ChromeDriver: chrome on windows (fe1322e5eec0055bddde5c3868bc4cec)] -> xpath: //label[@for='p_36/range-slider_slider-item_upper-bound-slider']]
19:53:27 [TestNG-test-Test-3] INFO  verifyingPriceSilderFunctionality_19-53-09 - [verifyingPriceSilderFunctionality_19-53-09] Within safeFindElement method
19:53:27 [TestNG-test-Test-3] INFO  verifyingPriceSilderFunctionality_19-53-09 - [verifyingPriceSilderFunctionality_19-53-09]Found the element returning it ,element ->[[ChromeDriver: chrome on windows (fe1322e5eec0055bddde5c3868bc4cec)] -> xpath: //label[@for='p_36/range-slider_slider-item_lower-bound-slider']]
19:53:28 [TestNG-test-Test-3] INFO  verifyingPriceSilderFunctionality_19-53-09 - [verifyingPriceSilderFunctionality_19-53-09] Within smoothScrollToElement method
19:53:28 [TestNG-test-Test-3] INFO  verifyingPriceSilderFunctionality_19-53-09 - [verifyingPriceSilderFunctionality_19-53-09] Within safeFindElement method
19:53:29 [TestNG-test-Test-3] INFO  verifyingPriceSilderFunctionality_19-53-09 - [verifyingPriceSilderFunctionality_19-53-09]Found the element returning it ,element ->[[ChromeDriver: chrome on windows (fe1322e5eec0055bddde5c3868bc4cec)] -> id: p_36/range-slider_slider-item_lower-bound-slider]
19:53:29 [TestNG-test-Test-3] INFO  verifyingPriceSilderFunctionality_19-53-09 - [verifyingPriceSilderFunctionality_19-53-09] Successfully scrolled to element: By.id: p_36/range-slider_slider-item_lower-bound-slider
19:53:29 [TestNG-test-Test-3] INFO  verifyingPriceSilderFunctionality_19-53-09 - [verifyingPriceSilderFunctionality_19-53-09] Adding the data 'min','max','isValid' ,'mismatches' to 'result' Map->161
19:53:29 [TestNG-test-Test-3] INFO  verifyingPriceSilderFunctionality_19-53-09 - [verifyingPriceSilderFunctionality_19-53-09] Adding the 'results'  Map to the master 'allResults' i.e is List of maps->161
19:53:29 [TestNG-test-Test-3] INFO  verifyingPriceSilderFunctionality_19-53-09 - [verifyingPriceSilderFunctionality_19-53-09] Returning the data here in the end
19:53:29 [TestNG-test-Test-3] INFO  verifyingPriceSilderFunctionality_19-53-09 - [verifyingPriceSilderFunctionality_19-53-09]  Price range validated successfully: 61 - 81
19:53:29 [TestNG-test-Test-3] INFO  verifyingPriceSilderFunctionality_19-53-09 - [verifyingPriceSilderFunctionality_19-53-09] ------------------------------------------------------------
19:53:29 [TestNG-test-Test-3] INFO  verifyingPriceSilderFunctionality_19-53-09 - [verifyingPriceSilderFunctionality_19-53-09]  Price range validated successfully: 91 - 121
19:53:29 [TestNG-test-Test-3] INFO  verifyingPriceSilderFunctionality_19-53-09 - [verifyingPriceSilderFunctionality_19-53-09] ------------------------------------------------------------
19:53:29 [TestNG-test-Test-3] INFO  verifyingPriceSilderFunctionality_19-53-09 - [verifyingPriceSilderFunctionality_19-53-09]  Price range validated successfully: 131 - 161
19:53:29 [TestNG-test-Test-3] INFO  verifyingPriceSilderFunctionality_19-53-09 - [verifyingPriceSilderFunctionality_19-53-09] ------------------------------------------------------------
19:53:29 [TestNG-test-Test-3] INFO  verifyingPriceSilderFunctionality_19-53-09 - [verifyingPriceSilderFunctionality_19-53-09]  Asserting all soft assertions now...
