13:56:34 [TestNG-test-Test-1] INFO  verifyingPriceSilderFunctionality_Laptop_13-56-34 - No existing WebDriver found for current thread. Initializing a new ChromeDriver...
13:56:34 [TestNG-test-Test-1] INFO  verifyingPriceSilderFunctionality_Laptop_13-56-34 - WebDriverManager: chromedriver setup OK
13:56:35 [TestNG-test-Test-1] INFO  verifyingPriceSilderFunctionality_Laptop_13-56-34 - ChromeDriver initialized successfully for thread: 31
13:56:35 [TestNG-test-Test-1] INFO  verifyingPriceSilderFunctionality_Laptop_13-56-34 - [verifyingPriceSilderFunctionality_Laptop_13-56-34] Opening amazon Landing page
13:56:36 [TestNG-test-Test-1] INFO  verifyingPriceSilderFunctionality_Laptop_13-56-34 - [verifyingPriceSilderFunctionality_Laptop_13-56-34] Within safeFindElement method
13:56:37 [TestNG-test-Test-1] INFO  verifyingPriceSilderFunctionality_Laptop_13-56-34 - [verifyingPriceSilderFunctionality_Laptop_13-56-34]Found the element returning it ,element ->[[ChromeDriver: chrome on windows (b97edcad2941573c0da80ba9e2766b3c)] -> xpath: //a[@id='nav-logo-sprites']]
13:56:38 [TestNG-test-Test-1] INFO  verifyingPriceSilderFunctionality_Laptop_13-56-34 - [verifyingPriceSilderFunctionality_Laptop_13-56-34] Giving input within the search bar
13:56:38 [TestNG-test-Test-1] INFO  verifyingPriceSilderFunctionality_Laptop_13-56-34 - [verifyingPriceSilderFunctionality_Laptop_13-56-34] Within safeClick method
13:56:40 [TestNG-test-Test-1] INFO  verifyingPriceSilderFunctionality_Laptop_13-56-34 - [verifyingPriceSilderFunctionality_Laptop_13-56-34] Clicked the  [[ChromeDriver: chrome on windows (b97edcad2941573c0da80ba9e2766b3c)] -> xpath: //input[@id='nav-search-submit-button']]   using safeClick
13:56:40 [TestNG-test-Test-1] INFO  verifyingPriceSilderFunctionality_Laptop_13-56-34 - [verifyingPriceSilderFunctionality_Laptop_13-56-34] Clicking on the submit in the search bar
13:56:40 [TestNG-test-Test-1] INFO  verifyingPriceSilderFunctionality_Laptop_13-56-34 - [verifyingPriceSilderFunctionality_Laptop_13-56-34] Within filterCheckUnderList method
13:56:40 [TestNG-test-Test-1] INFO  verifyingPriceSilderFunctionality_Laptop_13-56-34 - [verifyingPriceSilderFunctionality_Laptop_13-56-34] Found the Filter within the filter check List
13:56:40 [TestNG-test-Test-1] INFO  verifyingPriceSilderFunctionality_Laptop_13-56-34 - [verifyingPriceSilderFunctionality_Laptop_13-56-34] Within applyPriceSliderAndValidateWithResult method
13:56:40 [TestNG-test-Test-1] INFO  verifyingPriceSilderFunctionality_Laptop_13-56-34 - [verifyingPriceSilderFunctionality_Laptop_13-56-34] Within smoothScrollToElement method
13:56:40 [TestNG-test-Test-1] INFO  verifyingPriceSilderFunctionality_Laptop_13-56-34 - [verifyingPriceSilderFunctionality_Laptop_13-56-34] Within safeFindElement method
13:56:40 [TestNG-test-Test-1] INFO  verifyingPriceSilderFunctionality_Laptop_13-56-34 - [verifyingPriceSilderFunctionality_Laptop_13-56-34]Found the element returning it ,element ->[[ChromeDriver: chrome on windows (b97edcad2941573c0da80ba9e2766b3c)] -> id: p_36/range-slider_slider-item_lower-bound-slider]
13:56:40 [TestNG-test-Test-1] INFO  verifyingPriceSilderFunctionality_Laptop_13-56-34 - [verifyingPriceSilderFunctionality_Laptop_13-56-34] Successfully scrolled to element: By.id: p_36/range-slider_slider-item_lower-bound-slider
13:56:40 [TestNG-test-Test-1] INFO  verifyingPriceSilderFunctionality_Laptop_13-56-34 - [verifyingPriceSilderFunctionality_Laptop_13-56-34] Within safeFindElement method
13:56:41 [TestNG-test-Test-1] INFO  verifyingPriceSilderFunctionality_Laptop_13-56-34 - [verifyingPriceSilderFunctionality_Laptop_13-56-34]Found the element returning it ,element ->[[ChromeDriver: chrome on windows (b97edcad2941573c0da80ba9e2766b3c)] -> id: p_36/range-slider_slider-item_lower-bound-slider]
13:56:41 [TestNG-test-Test-1] INFO  verifyingPriceSilderFunctionality_Laptop_13-56-34 - [verifyingPriceSilderFunctionality_Laptop_13-56-34] Within safeFindElement method
13:56:41 [TestNG-test-Test-1] INFO  verifyingPriceSilderFunctionality_Laptop_13-56-34 - [verifyingPriceSilderFunctionality_Laptop_13-56-34]Found the element returning it ,element ->[[ChromeDriver: chrome on windows (b97edcad2941573c0da80ba9e2766b3c)] -> id: p_36/range-slider_slider-item_upper-bound-slider]
13:56:41 [TestNG-test-Test-1] INFO  verifyingPriceSilderFunctionality_Laptop_13-56-34 - [verifyingPriceSilderFunctionality_Laptop_13-56-34] Within safeFindElements 
13:56:41 [TestNG-test-Test-1] INFO  verifyingPriceSilderFunctionality_Laptop_13-56-34 - [verifyingPriceSilderFunctionality_Laptop_13-56-34] Returning the  [[[ChromeDriver: chrome on windows (b97edcad2941573c0da80ba9e2766b3c)] -> xpath: //span[@class='a-price-whole']], [[ChromeDriver: chrome on windows (b97edcad2941573c0da80ba9e2766b3c)] -> xpath: //span[@class='a-price-whole']], [[ChromeDriver: chrome on windows (b97edcad2941573c0da80ba9e2766b3c)] -> xpath: //span[@class='a-price-whole']], [[ChromeDriver: chrome on windows (b97edcad2941573c0da80ba9e2766b3c)] -> xpath: //span[@class='a-price-whole']], [[ChromeDriver: chrome on windows (b97edcad2941573c0da80ba9e2766b3c)] -> xpath: //span[@class='a-price-whole']], [[ChromeDriver: chrome on windows (b97edcad2941573c0da80ba9e2766b3c)] -> xpath: //span[@class='a-price-whole']], [[ChromeDriver: chrome on windows (b97edcad2941573c0da80ba9e2766b3c)] -> xpath: //span[@class='a-price-whole']], [[ChromeDriver: chrome on windows (b97edcad2941573c0da80ba9e2766b3c)] -> xpath: //span[@class='a-price-whole']], [[ChromeDriver: chrome on windows (b97edcad2941573c0da80ba9e2766b3c)] -> xpath: //span[@class='a-price-whole']], [[ChromeDriver: chrome on windows (b97edcad2941573c0da80ba9e2766b3c)] -> xpath: //span[@class='a-price-whole']], [[ChromeDriver: chrome on windows (b97edcad2941573c0da80ba9e2766b3c)] -> xpath: //span[@class='a-price-whole']], [[ChromeDriver: chrome on windows (b97edcad2941573c0da80ba9e2766b3c)] -> xpath: //span[@class='a-price-whole']], [[ChromeDriver: chrome on windows (b97edcad2941573c0da80ba9e2766b3c)] -> xpath: //span[@class='a-price-whole']], [[ChromeDriver: chrome on windows (b97edcad2941573c0da80ba9e2766b3c)] -> xpath: //span[@class='a-price-whole']], [[ChromeDriver: chrome on windows (b97edcad2941573c0da80ba9e2766b3c)] -> xpath: //span[@class='a-price-whole']], [[ChromeDriver: chrome on windows (b97edcad2941573c0da80ba9e2766b3c)] -> xpath: //span[@class='a-price-whole']], [[ChromeDriver: chrome on windows (b97edcad2941573c0da80ba9e2766b3c)] -> xpath: //span[@class='a-price-whole']], [[ChromeDriver: chrome on windows (b97edcad2941573c0da80ba9e2766b3c)] -> xpath: //span[@class='a-price-whole']], [[ChromeDriver: chrome on windows (b97edcad2941573c0da80ba9e2766b3c)] -> xpath: //span[@class='a-price-whole']], [[ChromeDriver: chrome on windows (b97edcad2941573c0da80ba9e2766b3c)] -> xpath: //span[@class='a-price-whole']], [[ChromeDriver: chrome on windows (b97edcad2941573c0da80ba9e2766b3c)] -> xpath: //span[@class='a-price-whole']], [[ChromeDriver: chrome on windows (b97edcad2941573c0da80ba9e2766b3c)] -> xpath: //span[@class='a-price-whole']], [[ChromeDriver: chrome on windows (b97edcad2941573c0da80ba9e2766b3c)] -> xpath: //span[@class='a-price-whole']]] from the safeFindElements method
13:56:41 [TestNG-test-Test-1] INFO  verifyingPriceSilderFunctionality_Laptop_13-56-34 - [verifyingPriceSilderFunctionality_Laptop_13-56-34] Within safeFindElement method
13:56:41 [TestNG-test-Test-1] INFO  verifyingPriceSilderFunctionality_Laptop_13-56-34 - [verifyingPriceSilderFunctionality_Laptop_13-56-34]Found the element returning it ,element ->[[ChromeDriver: chrome on windows (b97edcad2941573c0da80ba9e2766b3c)] -> id: p_36/range-slider_slider-item_lower-bound-slider]
13:56:41 [TestNG-test-Test-1] INFO  verifyingPriceSilderFunctionality_Laptop_13-56-34 - [verifyingPriceSilderFunctionality_Laptop_13-56-34] in the setSliderValue method with value 61
13:56:41 [TestNG-test-Test-1] INFO  verifyingPriceSilderFunctionality_Laptop_13-56-34 - [verifyingPriceSilderFunctionality_Laptop_13-56-34] Within safeFindElement method
13:56:41 [TestNG-test-Test-1] INFO  verifyingPriceSilderFunctionality_Laptop_13-56-34 - [verifyingPriceSilderFunctionality_Laptop_13-56-34]Found the element returning it ,element ->[[ChromeDriver: chrome on windows (b97edcad2941573c0da80ba9e2766b3c)] -> id: p_36/range-slider_slider-item_upper-bound-slider]
13:56:41 [TestNG-test-Test-1] INFO  verifyingPriceSilderFunctionality_Laptop_13-56-34 - [verifyingPriceSilderFunctionality_Laptop_13-56-34] in the setSliderValue method with value 81
13:56:41 [TestNG-test-Test-1] INFO  verifyingPriceSilderFunctionality_Laptop_13-56-34 - [verifyingPriceSilderFunctionality_Laptop_13-56-34] Within safeFindElement method
13:56:41 [TestNG-test-Test-1] INFO  verifyingPriceSilderFunctionality_Laptop_13-56-34 - [verifyingPriceSilderFunctionality_Laptop_13-56-34]Found the element returning it ,element ->[[ChromeDriver: chrome on windows (b97edcad2941573c0da80ba9e2766b3c)] -> xpath: //label[@for='p_36/range-slider_slider-item_upper-bound-slider']]
13:56:41 [TestNG-test-Test-1] INFO  verifyingPriceSilderFunctionality_Laptop_13-56-34 - [verifyingPriceSilderFunctionality_Laptop_13-56-34] Within safeFindElement method
13:56:41 [TestNG-test-Test-1] INFO  verifyingPriceSilderFunctionality_Laptop_13-56-34 - [verifyingPriceSilderFunctionality_Laptop_13-56-34]Found the element returning it ,element ->[[ChromeDriver: chrome on windows (b97edcad2941573c0da80ba9e2766b3c)] -> xpath: //label[@for='p_36/range-slider_slider-item_lower-bound-slider']]
13:56:42 [TestNG-test-Test-1] INFO  verifyingPriceSilderFunctionality_Laptop_13-56-34 - [verifyingPriceSilderFunctionality_Laptop_13-56-34] Within safeFindElements 
13:56:42 [TestNG-test-Test-1] INFO  verifyingPriceSilderFunctionality_Laptop_13-56-34 - [verifyingPriceSilderFunctionality_Laptop_13-56-34] Returning the  [[[ChromeDriver: chrome on windows (b97edcad2941573c0da80ba9e2766b3c)] -> xpath: //span[@class='a-price-whole']], [[ChromeDriver: chrome on windows (b97edcad2941573c0da80ba9e2766b3c)] -> xpath: //span[@class='a-price-whole']], [[ChromeDriver: chrome on windows (b97edcad2941573c0da80ba9e2766b3c)] -> xpath: //span[@class='a-price-whole']], [[ChromeDriver: chrome on windows (b97edcad2941573c0da80ba9e2766b3c)] -> xpath: //span[@class='a-price-whole']], [[ChromeDriver: chrome on windows (b97edcad2941573c0da80ba9e2766b3c)] -> xpath: //span[@class='a-price-whole']], [[ChromeDriver: chrome on windows (b97edcad2941573c0da80ba9e2766b3c)] -> xpath: //span[@class='a-price-whole']], [[ChromeDriver: chrome on windows (b97edcad2941573c0da80ba9e2766b3c)] -> xpath: //span[@class='a-price-whole']], [[ChromeDriver: chrome on windows (b97edcad2941573c0da80ba9e2766b3c)] -> xpath: //span[@class='a-price-whole']], [[ChromeDriver: chrome on windows (b97edcad2941573c0da80ba9e2766b3c)] -> xpath: //span[@class='a-price-whole']], [[ChromeDriver: chrome on windows (b97edcad2941573c0da80ba9e2766b3c)] -> xpath: //span[@class='a-price-whole']], [[ChromeDriver: chrome on windows (b97edcad2941573c0da80ba9e2766b3c)] -> xpath: //span[@class='a-price-whole']], [[ChromeDriver: chrome on windows (b97edcad2941573c0da80ba9e2766b3c)] -> xpath: //span[@class='a-price-whole']], [[ChromeDriver: chrome on windows (b97edcad2941573c0da80ba9e2766b3c)] -> xpath: //span[@class='a-price-whole']], [[ChromeDriver: chrome on windows (b97edcad2941573c0da80ba9e2766b3c)] -> xpath: //span[@class='a-price-whole']], [[ChromeDriver: chrome on windows (b97edcad2941573c0da80ba9e2766b3c)] -> xpath: //span[@class='a-price-whole']], [[ChromeDriver: chrome on windows (b97edcad2941573c0da80ba9e2766b3c)] -> xpath: //span[@class='a-price-whole']]] from the safeFindElements method
13:56:42 [TestNG-test-Test-1] INFO  verifyingPriceSilderFunctionality_Laptop_13-56-34 - [verifyingPriceSilderFunctionality_Laptop_13-56-34] Min Price Applied is  ₹31,800   Product Price is 58,190  Max Price Applied is ₹63,700
13:56:42 [TestNG-test-Test-1] INFO  verifyingPriceSilderFunctionality_Laptop_13-56-34 - [verifyingPriceSilderFunctionality_Laptop_13-56-34] Min Price Applied is  ₹31,800   Product Price is 49,490  Max Price Applied is ₹63,700
13:56:42 [TestNG-test-Test-1] INFO  verifyingPriceSilderFunctionality_Laptop_13-56-34 - [verifyingPriceSilderFunctionality_Laptop_13-56-34] Min Price Applied is  ₹31,800   Product Price is 33,990  Max Price Applied is ₹63,700
13:56:42 [TestNG-test-Test-1] INFO  verifyingPriceSilderFunctionality_Laptop_13-56-34 - [verifyingPriceSilderFunctionality_Laptop_13-56-34] Min Price Applied is  ₹31,800   Product Price is 60,490  Max Price Applied is ₹63,700
13:56:42 [TestNG-test-Test-1] INFO  verifyingPriceSilderFunctionality_Laptop_13-56-34 - [verifyingPriceSilderFunctionality_Laptop_13-56-34] Min Price Applied is  ₹31,800   Product Price is 49,990  Max Price Applied is ₹63,700
13:56:42 [TestNG-test-Test-1] INFO  verifyingPriceSilderFunctionality_Laptop_13-56-34 - [verifyingPriceSilderFunctionality_Laptop_13-56-34] Min Price Applied is  ₹31,800   Product Price is 39,990  Max Price Applied is ₹63,700
13:56:42 [TestNG-test-Test-1] INFO  verifyingPriceSilderFunctionality_Laptop_13-56-34 - [verifyingPriceSilderFunctionality_Laptop_13-56-34] Min Price Applied is  ₹31,800   Product Price is 46,999  Max Price Applied is ₹63,700
13:56:42 [TestNG-test-Test-1] INFO  verifyingPriceSilderFunctionality_Laptop_13-56-34 - [verifyingPriceSilderFunctionality_Laptop_13-56-34] Min Price Applied is  ₹31,800   Product Price is 44,990  Max Price Applied is ₹63,700
13:56:42 [TestNG-test-Test-1] INFO  verifyingPriceSilderFunctionality_Laptop_13-56-34 - [verifyingPriceSilderFunctionality_Laptop_13-56-34] Min Price Applied is  ₹31,800   Product Price is 58,990  Max Price Applied is ₹63,700
13:56:42 [TestNG-test-Test-1] INFO  verifyingPriceSilderFunctionality_Laptop_13-56-34 - [verifyingPriceSilderFunctionality_Laptop_13-56-34] Min Price Applied is  ₹31,800   Product Price is 35,630  Max Price Applied is ₹63,700
13:56:42 [TestNG-test-Test-1] INFO  verifyingPriceSilderFunctionality_Laptop_13-56-34 - [verifyingPriceSilderFunctionality_Laptop_13-56-34] Min Price Applied is  ₹31,800   Product Price is 56,490  Max Price Applied is ₹63,700
13:56:42 [TestNG-test-Test-1] INFO  verifyingPriceSilderFunctionality_Laptop_13-56-34 - [verifyingPriceSilderFunctionality_Laptop_13-56-34] Min Price Applied is  ₹31,800   Product Price is 32,990  Max Price Applied is ₹63,700
13:56:42 [TestNG-test-Test-1] INFO  verifyingPriceSilderFunctionality_Laptop_13-56-34 - [verifyingPriceSilderFunctionality_Laptop_13-56-34] Min Price Applied is  ₹31,800   Product Price is 61,890  Max Price Applied is ₹63,700
13:56:42 [TestNG-test-Test-1] INFO  verifyingPriceSilderFunctionality_Laptop_13-56-34 - [verifyingPriceSilderFunctionality_Laptop_13-56-34] Min Price Applied is  ₹31,800   Product Price is 52,780  Max Price Applied is ₹63,700
13:56:42 [TestNG-test-Test-1] INFO  verifyingPriceSilderFunctionality_Laptop_13-56-34 - [verifyingPriceSilderFunctionality_Laptop_13-56-34] Min Price Applied is  ₹31,800   Product Price is 42,999  Max Price Applied is ₹63,700
13:56:42 [TestNG-test-Test-1] INFO  verifyingPriceSilderFunctionality_Laptop_13-56-34 - [verifyingPriceSilderFunctionality_Laptop_13-56-34] Min Price Applied is  ₹31,800   Product Price is 34,599  Max Price Applied is ₹63,700
13:56:42 [TestNG-test-Test-1] INFO  verifyingPriceSilderFunctionality_Laptop_13-56-34 - [verifyingPriceSilderFunctionality_Laptop_13-56-34] Within smoothScrollToElement method
13:56:42 [TestNG-test-Test-1] INFO  verifyingPriceSilderFunctionality_Laptop_13-56-34 - [verifyingPriceSilderFunctionality_Laptop_13-56-34] Within safeFindElement method
13:56:43 [TestNG-test-Test-1] INFO  verifyingPriceSilderFunctionality_Laptop_13-56-34 - [verifyingPriceSilderFunctionality_Laptop_13-56-34]Found the element returning it ,element ->[[ChromeDriver: chrome on windows (b97edcad2941573c0da80ba9e2766b3c)] -> id: p_36/range-slider_slider-item_lower-bound-slider]
13:56:43 [TestNG-test-Test-1] INFO  verifyingPriceSilderFunctionality_Laptop_13-56-34 - [verifyingPriceSilderFunctionality_Laptop_13-56-34] Successfully scrolled to element: By.id: p_36/range-slider_slider-item_lower-bound-slider
13:56:43 [TestNG-test-Test-1] INFO  verifyingPriceSilderFunctionality_Laptop_13-56-34 - [verifyingPriceSilderFunctionality_Laptop_13-56-34] Price Check <= Max & >= Min  Product Price is ->58190
13:56:43 [TestNG-test-Test-1] INFO  verifyingPriceSilderFunctionality_Laptop_13-56-34 - [verifyingPriceSilderFunctionality_Laptop_13-56-34] Min Price Applied is  31800   Product Price is 58,190  Max Price Applied is 63700
13:56:43 [TestNG-test-Test-1] INFO  verifyingPriceSilderFunctionality_Laptop_13-56-34 - [verifyingPriceSilderFunctionality_Laptop_13-56-34] Price Check <= Max & >= Min  Product Price is ->49490
13:56:43 [TestNG-test-Test-1] INFO  verifyingPriceSilderFunctionality_Laptop_13-56-34 - [verifyingPriceSilderFunctionality_Laptop_13-56-34] Min Price Applied is  31800   Product Price is 49,490  Max Price Applied is 63700
13:56:43 [TestNG-test-Test-1] INFO  verifyingPriceSilderFunctionality_Laptop_13-56-34 - [verifyingPriceSilderFunctionality_Laptop_13-56-34] Price Check <= Max & >= Min  Product Price is ->33990
13:56:43 [TestNG-test-Test-1] INFO  verifyingPriceSilderFunctionality_Laptop_13-56-34 - [verifyingPriceSilderFunctionality_Laptop_13-56-34] Min Price Applied is  31800   Product Price is 33,990  Max Price Applied is 63700
13:56:43 [TestNG-test-Test-1] INFO  verifyingPriceSilderFunctionality_Laptop_13-56-34 - [verifyingPriceSilderFunctionality_Laptop_13-56-34] Price Check <= Max & >= Min  Product Price is ->60490
13:56:43 [TestNG-test-Test-1] INFO  verifyingPriceSilderFunctionality_Laptop_13-56-34 - [verifyingPriceSilderFunctionality_Laptop_13-56-34] Min Price Applied is  31800   Product Price is 60,490  Max Price Applied is 63700
13:56:43 [TestNG-test-Test-1] INFO  verifyingPriceSilderFunctionality_Laptop_13-56-34 - [verifyingPriceSilderFunctionality_Laptop_13-56-34] Price Check <= Max & >= Min  Product Price is ->49990
13:56:43 [TestNG-test-Test-1] INFO  verifyingPriceSilderFunctionality_Laptop_13-56-34 - [verifyingPriceSilderFunctionality_Laptop_13-56-34] Min Price Applied is  31800   Product Price is 49,990  Max Price Applied is 63700
13:56:43 [TestNG-test-Test-1] INFO  verifyingPriceSilderFunctionality_Laptop_13-56-34 - [verifyingPriceSilderFunctionality_Laptop_13-56-34] Price Check <= Max & >= Min  Product Price is ->39990
13:56:43 [TestNG-test-Test-1] INFO  verifyingPriceSilderFunctionality_Laptop_13-56-34 - [verifyingPriceSilderFunctionality_Laptop_13-56-34] Min Price Applied is  31800   Product Price is 39,990  Max Price Applied is 63700
13:56:43 [TestNG-test-Test-1] INFO  verifyingPriceSilderFunctionality_Laptop_13-56-34 - [verifyingPriceSilderFunctionality_Laptop_13-56-34] Price Check <= Max & >= Min  Product Price is ->46999
13:56:43 [TestNG-test-Test-1] INFO  verifyingPriceSilderFunctionality_Laptop_13-56-34 - [verifyingPriceSilderFunctionality_Laptop_13-56-34] Min Price Applied is  31800   Product Price is 46,999  Max Price Applied is 63700
13:56:43 [TestNG-test-Test-1] INFO  verifyingPriceSilderFunctionality_Laptop_13-56-34 - [verifyingPriceSilderFunctionality_Laptop_13-56-34] Price Check <= Max & >= Min  Product Price is ->44990
13:56:43 [TestNG-test-Test-1] INFO  verifyingPriceSilderFunctionality_Laptop_13-56-34 - [verifyingPriceSilderFunctionality_Laptop_13-56-34] Min Price Applied is  31800   Product Price is 44,990  Max Price Applied is 63700
13:56:43 [TestNG-test-Test-1] INFO  verifyingPriceSilderFunctionality_Laptop_13-56-34 - [verifyingPriceSilderFunctionality_Laptop_13-56-34] Price Check <= Max & >= Min  Product Price is ->58990
13:56:43 [TestNG-test-Test-1] INFO  verifyingPriceSilderFunctionality_Laptop_13-56-34 - [verifyingPriceSilderFunctionality_Laptop_13-56-34] Min Price Applied is  31800   Product Price is 58,990  Max Price Applied is 63700
13:56:43 [TestNG-test-Test-1] INFO  verifyingPriceSilderFunctionality_Laptop_13-56-34 - [verifyingPriceSilderFunctionality_Laptop_13-56-34] Price Check <= Max & >= Min  Product Price is ->35630
13:56:43 [TestNG-test-Test-1] INFO  verifyingPriceSilderFunctionality_Laptop_13-56-34 - [verifyingPriceSilderFunctionality_Laptop_13-56-34] Min Price Applied is  31800   Product Price is 35,630  Max Price Applied is 63700
13:56:43 [TestNG-test-Test-1] INFO  verifyingPriceSilderFunctionality_Laptop_13-56-34 - [verifyingPriceSilderFunctionality_Laptop_13-56-34] Price Check <= Max & >= Min  Product Price is ->56490
13:56:43 [TestNG-test-Test-1] INFO  verifyingPriceSilderFunctionality_Laptop_13-56-34 - [verifyingPriceSilderFunctionality_Laptop_13-56-34] Min Price Applied is  31800   Product Price is 56,490  Max Price Applied is 63700
13:56:43 [TestNG-test-Test-1] INFO  verifyingPriceSilderFunctionality_Laptop_13-56-34 - [verifyingPriceSilderFunctionality_Laptop_13-56-34] Price Check <= Max & >= Min  Product Price is ->32990
13:56:43 [TestNG-test-Test-1] INFO  verifyingPriceSilderFunctionality_Laptop_13-56-34 - [verifyingPriceSilderFunctionality_Laptop_13-56-34] Min Price Applied is  31800   Product Price is 32,990  Max Price Applied is 63700
13:56:43 [TestNG-test-Test-1] INFO  verifyingPriceSilderFunctionality_Laptop_13-56-34 - [verifyingPriceSilderFunctionality_Laptop_13-56-34] Price Check <= Max & >= Min  Product Price is ->61890
13:56:43 [TestNG-test-Test-1] INFO  verifyingPriceSilderFunctionality_Laptop_13-56-34 - [verifyingPriceSilderFunctionality_Laptop_13-56-34] Min Price Applied is  31800   Product Price is 61,890  Max Price Applied is 63700
13:56:43 [TestNG-test-Test-1] INFO  verifyingPriceSilderFunctionality_Laptop_13-56-34 - [verifyingPriceSilderFunctionality_Laptop_13-56-34] Price Check <= Max & >= Min  Product Price is ->52780
13:56:43 [TestNG-test-Test-1] INFO  verifyingPriceSilderFunctionality_Laptop_13-56-34 - [verifyingPriceSilderFunctionality_Laptop_13-56-34] Min Price Applied is  31800   Product Price is 52,780  Max Price Applied is 63700
13:56:43 [TestNG-test-Test-1] INFO  verifyingPriceSilderFunctionality_Laptop_13-56-34 - [verifyingPriceSilderFunctionality_Laptop_13-56-34] Price Check <= Max & >= Min  Product Price is ->42999
13:56:43 [TestNG-test-Test-1] INFO  verifyingPriceSilderFunctionality_Laptop_13-56-34 - [verifyingPriceSilderFunctionality_Laptop_13-56-34] Min Price Applied is  31800   Product Price is 42,999  Max Price Applied is 63700
13:56:43 [TestNG-test-Test-1] INFO  verifyingPriceSilderFunctionality_Laptop_13-56-34 - [verifyingPriceSilderFunctionality_Laptop_13-56-34] Price Check <= Max & >= Min  Product Price is ->34599
13:56:43 [TestNG-test-Test-1] INFO  verifyingPriceSilderFunctionality_Laptop_13-56-34 - [verifyingPriceSilderFunctionality_Laptop_13-56-34] Min Price Applied is  31800   Product Price is 34,599  Max Price Applied is 63700
13:56:43 [TestNG-test-Test-1] INFO  verifyingPriceSilderFunctionality_Laptop_13-56-34 - [verifyingPriceSilderFunctionality_Laptop_13-56-34] Adding the data 'min','max','isValid' ,'mismatches' to 'result' Map->81
13:56:43 [TestNG-test-Test-1] INFO  verifyingPriceSilderFunctionality_Laptop_13-56-34 - [verifyingPriceSilderFunctionality_Laptop_13-56-34] Adding the 'results'  Map to the master 'allResults' i.e is List of maps->81
13:56:43 [TestNG-test-Test-1] INFO  verifyingPriceSilderFunctionality_Laptop_13-56-34 - [verifyingPriceSilderFunctionality_Laptop_13-56-34] Within safeFindElements 
13:56:43 [TestNG-test-Test-1] INFO  verifyingPriceSilderFunctionality_Laptop_13-56-34 - [verifyingPriceSilderFunctionality_Laptop_13-56-34] Returning the  [[[ChromeDriver: chrome on windows (b97edcad2941573c0da80ba9e2766b3c)] -> xpath: //span[@class='a-price-whole']], [[ChromeDriver: chrome on windows (b97edcad2941573c0da80ba9e2766b3c)] -> xpath: //span[@class='a-price-whole']], [[ChromeDriver: chrome on windows (b97edcad2941573c0da80ba9e2766b3c)] -> xpath: //span[@class='a-price-whole']], [[ChromeDriver: chrome on windows (b97edcad2941573c0da80ba9e2766b3c)] -> xpath: //span[@class='a-price-whole']], [[ChromeDriver: chrome on windows (b97edcad2941573c0da80ba9e2766b3c)] -> xpath: //span[@class='a-price-whole']], [[ChromeDriver: chrome on windows (b97edcad2941573c0da80ba9e2766b3c)] -> xpath: //span[@class='a-price-whole']], [[ChromeDriver: chrome on windows (b97edcad2941573c0da80ba9e2766b3c)] -> xpath: //span[@class='a-price-whole']], [[ChromeDriver: chrome on windows (b97edcad2941573c0da80ba9e2766b3c)] -> xpath: //span[@class='a-price-whole']], [[ChromeDriver: chrome on windows (b97edcad2941573c0da80ba9e2766b3c)] -> xpath: //span[@class='a-price-whole']], [[ChromeDriver: chrome on windows (b97edcad2941573c0da80ba9e2766b3c)] -> xpath: //span[@class='a-price-whole']], [[ChromeDriver: chrome on windows (b97edcad2941573c0da80ba9e2766b3c)] -> xpath: //span[@class='a-price-whole']], [[ChromeDriver: chrome on windows (b97edcad2941573c0da80ba9e2766b3c)] -> xpath: //span[@class='a-price-whole']], [[ChromeDriver: chrome on windows (b97edcad2941573c0da80ba9e2766b3c)] -> xpath: //span[@class='a-price-whole']], [[ChromeDriver: chrome on windows (b97edcad2941573c0da80ba9e2766b3c)] -> xpath: //span[@class='a-price-whole']], [[ChromeDriver: chrome on windows (b97edcad2941573c0da80ba9e2766b3c)] -> xpath: //span[@class='a-price-whole']], [[ChromeDriver: chrome on windows (b97edcad2941573c0da80ba9e2766b3c)] -> xpath: //span[@class='a-price-whole']]] from the safeFindElements method
13:56:43 [TestNG-test-Test-1] INFO  verifyingPriceSilderFunctionality_Laptop_13-56-34 - [verifyingPriceSilderFunctionality_Laptop_13-56-34] Within safeFindElement method
13:56:43 [TestNG-test-Test-1] INFO  verifyingPriceSilderFunctionality_Laptop_13-56-34 - [verifyingPriceSilderFunctionality_Laptop_13-56-34]Found the element returning it ,element ->[[ChromeDriver: chrome on windows (b97edcad2941573c0da80ba9e2766b3c)] -> id: p_36/range-slider_slider-item_lower-bound-slider]
13:56:43 [TestNG-test-Test-1] INFO  verifyingPriceSilderFunctionality_Laptop_13-56-34 - [verifyingPriceSilderFunctionality_Laptop_13-56-34] in the setSliderValue method with value 91
13:56:43 [TestNG-test-Test-1] INFO  verifyingPriceSilderFunctionality_Laptop_13-56-34 - [verifyingPriceSilderFunctionality_Laptop_13-56-34] Within safeFindElement method
13:56:43 [TestNG-test-Test-1] INFO  verifyingPriceSilderFunctionality_Laptop_13-56-34 - [verifyingPriceSilderFunctionality_Laptop_13-56-34]Found the element returning it ,element ->[[ChromeDriver: chrome on windows (b97edcad2941573c0da80ba9e2766b3c)] -> id: p_36/range-slider_slider-item_upper-bound-slider]
13:56:43 [TestNG-test-Test-1] INFO  verifyingPriceSilderFunctionality_Laptop_13-56-34 - [verifyingPriceSilderFunctionality_Laptop_13-56-34] in the setSliderValue method with value 121
13:56:43 [TestNG-test-Test-1] INFO  verifyingPriceSilderFunctionality_Laptop_13-56-34 - [verifyingPriceSilderFunctionality_Laptop_13-56-34] Within safeFindElement method
13:56:43 [TestNG-test-Test-1] INFO  verifyingPriceSilderFunctionality_Laptop_13-56-34 - [verifyingPriceSilderFunctionality_Laptop_13-56-34]Found the element returning it ,element ->[[ChromeDriver: chrome on windows (b97edcad2941573c0da80ba9e2766b3c)] -> xpath: //label[@for='p_36/range-slider_slider-item_upper-bound-slider']]
13:56:43 [TestNG-test-Test-1] INFO  verifyingPriceSilderFunctionality_Laptop_13-56-34 - [verifyingPriceSilderFunctionality_Laptop_13-56-34] Within safeFindElement method
13:56:43 [TestNG-test-Test-1] INFO  verifyingPriceSilderFunctionality_Laptop_13-56-34 - [verifyingPriceSilderFunctionality_Laptop_13-56-34]Found the element returning it ,element ->[[ChromeDriver: chrome on windows (b97edcad2941573c0da80ba9e2766b3c)] -> xpath: //label[@for='p_36/range-slider_slider-item_lower-bound-slider']]
13:56:43 [TestNG-test-Test-1] INFO  verifyingPriceSilderFunctionality_Laptop_13-56-34 - [verifyingPriceSilderFunctionality_Laptop_13-56-34] Within safeFindElements 
13:56:43 [TestNG-test-Test-1] INFO  verifyingPriceSilderFunctionality_Laptop_13-56-34 - [verifyingPriceSilderFunctionality_Laptop_13-56-34] Returning the  [[[ChromeDriver: chrome on windows (b97edcad2941573c0da80ba9e2766b3c)] -> xpath: //span[@class='a-price-whole']], [[ChromeDriver: chrome on windows (b97edcad2941573c0da80ba9e2766b3c)] -> xpath: //span[@class='a-price-whole']], [[ChromeDriver: chrome on windows (b97edcad2941573c0da80ba9e2766b3c)] -> xpath: //span[@class='a-price-whole']], [[ChromeDriver: chrome on windows (b97edcad2941573c0da80ba9e2766b3c)] -> xpath: //span[@class='a-price-whole']], [[ChromeDriver: chrome on windows (b97edcad2941573c0da80ba9e2766b3c)] -> xpath: //span[@class='a-price-whole']], [[ChromeDriver: chrome on windows (b97edcad2941573c0da80ba9e2766b3c)] -> xpath: //span[@class='a-price-whole']], [[ChromeDriver: chrome on windows (b97edcad2941573c0da80ba9e2766b3c)] -> xpath: //span[@class='a-price-whole']], [[ChromeDriver: chrome on windows (b97edcad2941573c0da80ba9e2766b3c)] -> xpath: //span[@class='a-price-whole']], [[ChromeDriver: chrome on windows (b97edcad2941573c0da80ba9e2766b3c)] -> xpath: //span[@class='a-price-whole']], [[ChromeDriver: chrome on windows (b97edcad2941573c0da80ba9e2766b3c)] -> xpath: //span[@class='a-price-whole']], [[ChromeDriver: chrome on windows (b97edcad2941573c0da80ba9e2766b3c)] -> xpath: //span[@class='a-price-whole']], [[ChromeDriver: chrome on windows (b97edcad2941573c0da80ba9e2766b3c)] -> xpath: //span[@class='a-price-whole']], [[ChromeDriver: chrome on windows (b97edcad2941573c0da80ba9e2766b3c)] -> xpath: //span[@class='a-price-whole']], [[ChromeDriver: chrome on windows (b97edcad2941573c0da80ba9e2766b3c)] -> xpath: //span[@class='a-price-whole']], [[ChromeDriver: chrome on windows (b97edcad2941573c0da80ba9e2766b3c)] -> xpath: //span[@class='a-price-whole']], [[ChromeDriver: chrome on windows (b97edcad2941573c0da80ba9e2766b3c)] -> xpath: //span[@class='a-price-whole']]] from the safeFindElements method
13:56:43 [TestNG-test-Test-1] INFO  verifyingPriceSilderFunctionality_Laptop_13-56-34 - [verifyingPriceSilderFunctionality_Laptop_13-56-34] Min Price Applied is  ₹46,100   Product Price is 58,190  Max Price Applied is ₹171,600
13:56:43 [TestNG-test-Test-1] INFO  verifyingPriceSilderFunctionality_Laptop_13-56-34 - [verifyingPriceSilderFunctionality_Laptop_13-56-34] Min Price Applied is  ₹46,100   Product Price is 49,490  Max Price Applied is ₹171,600
13:56:43 [TestNG-test-Test-1] INFO  verifyingPriceSilderFunctionality_Laptop_13-56-34 - [verifyingPriceSilderFunctionality_Laptop_13-56-34] Min Price Applied is  ₹46,100   Product Price is 33,990  Max Price Applied is ₹171,600
13:56:43 [TestNG-test-Test-1] INFO  verifyingPriceSilderFunctionality_Laptop_13-56-34 - [verifyingPriceSilderFunctionality_Laptop_13-56-34] Min Price Applied is  ₹46,100   Product Price is 60,490  Max Price Applied is ₹171,600
13:56:43 [TestNG-test-Test-1] INFO  verifyingPriceSilderFunctionality_Laptop_13-56-34 - [verifyingPriceSilderFunctionality_Laptop_13-56-34] Min Price Applied is  ₹46,100   Product Price is 49,990  Max Price Applied is ₹171,600
13:56:43 [TestNG-test-Test-1] INFO  verifyingPriceSilderFunctionality_Laptop_13-56-34 - [verifyingPriceSilderFunctionality_Laptop_13-56-34] Min Price Applied is  ₹46,100   Product Price is 39,990  Max Price Applied is ₹171,600
13:56:43 [TestNG-test-Test-1] INFO  verifyingPriceSilderFunctionality_Laptop_13-56-34 - [verifyingPriceSilderFunctionality_Laptop_13-56-34] Min Price Applied is  ₹46,100   Product Price is 46,999  Max Price Applied is ₹171,600
13:56:43 [TestNG-test-Test-1] INFO  verifyingPriceSilderFunctionality_Laptop_13-56-34 - [verifyingPriceSilderFunctionality_Laptop_13-56-34] Min Price Applied is  ₹46,100   Product Price is 44,990  Max Price Applied is ₹171,600
13:56:43 [TestNG-test-Test-1] INFO  verifyingPriceSilderFunctionality_Laptop_13-56-34 - [verifyingPriceSilderFunctionality_Laptop_13-56-34] Min Price Applied is  ₹46,100   Product Price is 58,990  Max Price Applied is ₹171,600
13:56:43 [TestNG-test-Test-1] INFO  verifyingPriceSilderFunctionality_Laptop_13-56-34 - [verifyingPriceSilderFunctionality_Laptop_13-56-34] Min Price Applied is  ₹46,100   Product Price is 35,630  Max Price Applied is ₹171,600
13:56:43 [TestNG-test-Test-1] INFO  verifyingPriceSilderFunctionality_Laptop_13-56-34 - [verifyingPriceSilderFunctionality_Laptop_13-56-34] Min Price Applied is  ₹46,100   Product Price is 56,490  Max Price Applied is ₹171,600
13:56:43 [TestNG-test-Test-1] INFO  verifyingPriceSilderFunctionality_Laptop_13-56-34 - [verifyingPriceSilderFunctionality_Laptop_13-56-34] Min Price Applied is  ₹46,100   Product Price is 32,990  Max Price Applied is ₹171,600
13:56:43 [TestNG-test-Test-1] INFO  verifyingPriceSilderFunctionality_Laptop_13-56-34 - [verifyingPriceSilderFunctionality_Laptop_13-56-34] Min Price Applied is  ₹46,100   Product Price is 61,890  Max Price Applied is ₹171,600
13:56:43 [TestNG-test-Test-1] INFO  verifyingPriceSilderFunctionality_Laptop_13-56-34 - [verifyingPriceSilderFunctionality_Laptop_13-56-34] Min Price Applied is  ₹46,100   Product Price is 52,780  Max Price Applied is ₹171,600
13:56:43 [TestNG-test-Test-1] INFO  verifyingPriceSilderFunctionality_Laptop_13-56-34 - [verifyingPriceSilderFunctionality_Laptop_13-56-34] Min Price Applied is  ₹46,100   Product Price is 42,999  Max Price Applied is ₹171,600
13:56:43 [TestNG-test-Test-1] INFO  verifyingPriceSilderFunctionality_Laptop_13-56-34 - [verifyingPriceSilderFunctionality_Laptop_13-56-34] Min Price Applied is  ₹46,100   Product Price is 34,599  Max Price Applied is ₹171,600
13:56:43 [TestNG-test-Test-1] INFO  verifyingPriceSilderFunctionality_Laptop_13-56-34 - [verifyingPriceSilderFunctionality_Laptop_13-56-34] Within smoothScrollToElement method
13:56:43 [TestNG-test-Test-1] INFO  verifyingPriceSilderFunctionality_Laptop_13-56-34 - [verifyingPriceSilderFunctionality_Laptop_13-56-34] Within safeFindElement method
13:56:43 [TestNG-test-Test-1] INFO  verifyingPriceSilderFunctionality_Laptop_13-56-34 - [verifyingPriceSilderFunctionality_Laptop_13-56-34]Found the element returning it ,element ->[[ChromeDriver: chrome on windows (b97edcad2941573c0da80ba9e2766b3c)] -> id: p_36/range-slider_slider-item_lower-bound-slider]
13:56:43 [TestNG-test-Test-1] INFO  verifyingPriceSilderFunctionality_Laptop_13-56-34 - [verifyingPriceSilderFunctionality_Laptop_13-56-34] Successfully scrolled to element: By.id: p_36/range-slider_slider-item_lower-bound-slider
13:56:43 [TestNG-test-Test-1] INFO  verifyingPriceSilderFunctionality_Laptop_13-56-34 - [verifyingPriceSilderFunctionality_Laptop_13-56-34] Price Check <= Max & >= Min  Product Price is ->58190
13:56:43 [TestNG-test-Test-1] INFO  verifyingPriceSilderFunctionality_Laptop_13-56-34 - [verifyingPriceSilderFunctionality_Laptop_13-56-34] Min Price Applied is  46100   Product Price is 58,190  Max Price Applied is 171600
13:56:43 [TestNG-test-Test-1] INFO  verifyingPriceSilderFunctionality_Laptop_13-56-34 - [verifyingPriceSilderFunctionality_Laptop_13-56-34] Price Check <= Max & >= Min  Product Price is ->49490
13:56:43 [TestNG-test-Test-1] INFO  verifyingPriceSilderFunctionality_Laptop_13-56-34 - [verifyingPriceSilderFunctionality_Laptop_13-56-34] Min Price Applied is  46100   Product Price is 49,490  Max Price Applied is 171600
13:56:43 [TestNG-test-Test-1] INFO  verifyingPriceSilderFunctionality_Laptop_13-56-34 - [verifyingPriceSilderFunctionality_Laptop_13-56-34] Product Price Not Under the Range of Min & Max
13:56:43 [TestNG-test-Test-1] INFO  verifyingPriceSilderFunctionality_Laptop_13-56-34 - [verifyingPriceSilderFunctionality_Laptop_13-56-34] Min Price Applied is  46100   Product Price is 33,990  Max Price Applied is 171600
13:56:43 [TestNG-test-Test-1] INFO  verifyingPriceSilderFunctionality_Laptop_13-56-34 - [verifyingPriceSilderFunctionality_Laptop_13-56-34] Price Check <= Max & >= Min  Product Price is ->60490
13:56:43 [TestNG-test-Test-1] INFO  verifyingPriceSilderFunctionality_Laptop_13-56-34 - [verifyingPriceSilderFunctionality_Laptop_13-56-34] Min Price Applied is  46100   Product Price is 60,490  Max Price Applied is 171600
13:56:43 [TestNG-test-Test-1] INFO  verifyingPriceSilderFunctionality_Laptop_13-56-34 - [verifyingPriceSilderFunctionality_Laptop_13-56-34] Price Check <= Max & >= Min  Product Price is ->49990
13:56:43 [TestNG-test-Test-1] INFO  verifyingPriceSilderFunctionality_Laptop_13-56-34 - [verifyingPriceSilderFunctionality_Laptop_13-56-34] Min Price Applied is  46100   Product Price is 49,990  Max Price Applied is 171600
13:56:43 [TestNG-test-Test-1] INFO  verifyingPriceSilderFunctionality_Laptop_13-56-34 - [verifyingPriceSilderFunctionality_Laptop_13-56-34] Product Price Not Under the Range of Min & Max
13:56:43 [TestNG-test-Test-1] INFO  verifyingPriceSilderFunctionality_Laptop_13-56-34 - [verifyingPriceSilderFunctionality_Laptop_13-56-34] Min Price Applied is  46100   Product Price is 39,990  Max Price Applied is 171600
13:56:43 [TestNG-test-Test-1] INFO  verifyingPriceSilderFunctionality_Laptop_13-56-34 - [verifyingPriceSilderFunctionality_Laptop_13-56-34] Price Check <= Max & >= Min  Product Price is ->46999
13:56:43 [TestNG-test-Test-1] INFO  verifyingPriceSilderFunctionality_Laptop_13-56-34 - [verifyingPriceSilderFunctionality_Laptop_13-56-34] Min Price Applied is  46100   Product Price is 46,999  Max Price Applied is 171600
13:56:43 [TestNG-test-Test-1] INFO  verifyingPriceSilderFunctionality_Laptop_13-56-34 - [verifyingPriceSilderFunctionality_Laptop_13-56-34] Product Price Not Under the Range of Min & Max
13:56:43 [TestNG-test-Test-1] INFO  verifyingPriceSilderFunctionality_Laptop_13-56-34 - [verifyingPriceSilderFunctionality_Laptop_13-56-34] Min Price Applied is  46100   Product Price is 44,990  Max Price Applied is 171600
13:56:43 [TestNG-test-Test-1] INFO  verifyingPriceSilderFunctionality_Laptop_13-56-34 - [verifyingPriceSilderFunctionality_Laptop_13-56-34] Price Check <= Max & >= Min  Product Price is ->58990
13:56:43 [TestNG-test-Test-1] INFO  verifyingPriceSilderFunctionality_Laptop_13-56-34 - [verifyingPriceSilderFunctionality_Laptop_13-56-34] Min Price Applied is  46100   Product Price is 58,990  Max Price Applied is 171600
13:56:43 [TestNG-test-Test-1] INFO  verifyingPriceSilderFunctionality_Laptop_13-56-34 - [verifyingPriceSilderFunctionality_Laptop_13-56-34] Product Price Not Under the Range of Min & Max
13:56:43 [TestNG-test-Test-1] INFO  verifyingPriceSilderFunctionality_Laptop_13-56-34 - [verifyingPriceSilderFunctionality_Laptop_13-56-34] Min Price Applied is  46100   Product Price is 35,630  Max Price Applied is 171600
13:56:43 [TestNG-test-Test-1] INFO  verifyingPriceSilderFunctionality_Laptop_13-56-34 - [verifyingPriceSilderFunctionality_Laptop_13-56-34] Price Check <= Max & >= Min  Product Price is ->56490
13:56:43 [TestNG-test-Test-1] INFO  verifyingPriceSilderFunctionality_Laptop_13-56-34 - [verifyingPriceSilderFunctionality_Laptop_13-56-34] Min Price Applied is  46100   Product Price is 56,490  Max Price Applied is 171600
13:56:43 [TestNG-test-Test-1] INFO  verifyingPriceSilderFunctionality_Laptop_13-56-34 - [verifyingPriceSilderFunctionality_Laptop_13-56-34] Product Price Not Under the Range of Min & Max
13:56:43 [TestNG-test-Test-1] INFO  verifyingPriceSilderFunctionality_Laptop_13-56-34 - [verifyingPriceSilderFunctionality_Laptop_13-56-34] Min Price Applied is  46100   Product Price is 32,990  Max Price Applied is 171600
13:56:43 [TestNG-test-Test-1] INFO  verifyingPriceSilderFunctionality_Laptop_13-56-34 - [verifyingPriceSilderFunctionality_Laptop_13-56-34] Price Check <= Max & >= Min  Product Price is ->61890
13:56:43 [TestNG-test-Test-1] INFO  verifyingPriceSilderFunctionality_Laptop_13-56-34 - [verifyingPriceSilderFunctionality_Laptop_13-56-34] Min Price Applied is  46100   Product Price is 61,890  Max Price Applied is 171600
13:56:43 [TestNG-test-Test-1] INFO  verifyingPriceSilderFunctionality_Laptop_13-56-34 - [verifyingPriceSilderFunctionality_Laptop_13-56-34] Price Check <= Max & >= Min  Product Price is ->52780
13:56:43 [TestNG-test-Test-1] INFO  verifyingPriceSilderFunctionality_Laptop_13-56-34 - [verifyingPriceSilderFunctionality_Laptop_13-56-34] Min Price Applied is  46100   Product Price is 52,780  Max Price Applied is 171600
13:56:43 [TestNG-test-Test-1] INFO  verifyingPriceSilderFunctionality_Laptop_13-56-34 - [verifyingPriceSilderFunctionality_Laptop_13-56-34] Product Price Not Under the Range of Min & Max
13:56:43 [TestNG-test-Test-1] INFO  verifyingPriceSilderFunctionality_Laptop_13-56-34 - [verifyingPriceSilderFunctionality_Laptop_13-56-34] Min Price Applied is  46100   Product Price is 42,999  Max Price Applied is 171600
13:56:43 [TestNG-test-Test-1] INFO  verifyingPriceSilderFunctionality_Laptop_13-56-34 - [verifyingPriceSilderFunctionality_Laptop_13-56-34] Product Price Not Under the Range of Min & Max
13:56:43 [TestNG-test-Test-1] INFO  verifyingPriceSilderFunctionality_Laptop_13-56-34 - [verifyingPriceSilderFunctionality_Laptop_13-56-34] Min Price Applied is  46100   Product Price is 34,599  Max Price Applied is 171600
13:56:43 [TestNG-test-Test-1] INFO  verifyingPriceSilderFunctionality_Laptop_13-56-34 - [verifyingPriceSilderFunctionality_Laptop_13-56-34] Adding the data 'min','max','isValid' ,'mismatches' to 'result' Map->121
13:56:43 [TestNG-test-Test-1] INFO  verifyingPriceSilderFunctionality_Laptop_13-56-34 - [verifyingPriceSilderFunctionality_Laptop_13-56-34] Adding the 'results'  Map to the master 'allResults' i.e is List of maps->121
13:56:43 [TestNG-test-Test-1] INFO  verifyingPriceSilderFunctionality_Laptop_13-56-34 - [verifyingPriceSilderFunctionality_Laptop_13-56-34] Within safeFindElements 
13:56:43 [TestNG-test-Test-1] INFO  verifyingPriceSilderFunctionality_Laptop_13-56-34 - [verifyingPriceSilderFunctionality_Laptop_13-56-34] Returning the  [[[ChromeDriver: chrome on windows (b97edcad2941573c0da80ba9e2766b3c)] -> xpath: //span[@class='a-price-whole']], [[ChromeDriver: chrome on windows (b97edcad2941573c0da80ba9e2766b3c)] -> xpath: //span[@class='a-price-whole']], [[ChromeDriver: chrome on windows (b97edcad2941573c0da80ba9e2766b3c)] -> xpath: //span[@class='a-price-whole']], [[ChromeDriver: chrome on windows (b97edcad2941573c0da80ba9e2766b3c)] -> xpath: //span[@class='a-price-whole']], [[ChromeDriver: chrome on windows (b97edcad2941573c0da80ba9e2766b3c)] -> xpath: //span[@class='a-price-whole']], [[ChromeDriver: chrome on windows (b97edcad2941573c0da80ba9e2766b3c)] -> xpath: //span[@class='a-price-whole']], [[ChromeDriver: chrome on windows (b97edcad2941573c0da80ba9e2766b3c)] -> xpath: //span[@class='a-price-whole']], [[ChromeDriver: chrome on windows (b97edcad2941573c0da80ba9e2766b3c)] -> xpath: //span[@class='a-price-whole']], [[ChromeDriver: chrome on windows (b97edcad2941573c0da80ba9e2766b3c)] -> xpath: //span[@class='a-price-whole']], [[ChromeDriver: chrome on windows (b97edcad2941573c0da80ba9e2766b3c)] -> xpath: //span[@class='a-price-whole']], [[ChromeDriver: chrome on windows (b97edcad2941573c0da80ba9e2766b3c)] -> xpath: //span[@class='a-price-whole']], [[ChromeDriver: chrome on windows (b97edcad2941573c0da80ba9e2766b3c)] -> xpath: //span[@class='a-price-whole']], [[ChromeDriver: chrome on windows (b97edcad2941573c0da80ba9e2766b3c)] -> xpath: //span[@class='a-price-whole']], [[ChromeDriver: chrome on windows (b97edcad2941573c0da80ba9e2766b3c)] -> xpath: //span[@class='a-price-whole']], [[ChromeDriver: chrome on windows (b97edcad2941573c0da80ba9e2766b3c)] -> xpath: //span[@class='a-price-whole']], [[ChromeDriver: chrome on windows (b97edcad2941573c0da80ba9e2766b3c)] -> xpath: //span[@class='a-price-whole']]] from the safeFindElements method
13:56:43 [TestNG-test-Test-1] INFO  verifyingPriceSilderFunctionality_Laptop_13-56-34 - [verifyingPriceSilderFunctionality_Laptop_13-56-34] Within safeFindElement method
13:56:44 [TestNG-test-Test-1] INFO  verifyingPriceSilderFunctionality_Laptop_13-56-34 - [verifyingPriceSilderFunctionality_Laptop_13-56-34]Found the element returning it ,element ->[[ChromeDriver: chrome on windows (b97edcad2941573c0da80ba9e2766b3c)] -> id: p_36/range-slider_slider-item_lower-bound-slider]
13:56:44 [TestNG-test-Test-1] INFO  verifyingPriceSilderFunctionality_Laptop_13-56-34 - [verifyingPriceSilderFunctionality_Laptop_13-56-34] in the setSliderValue method with value 131
13:56:44 [TestNG-test-Test-1] INFO  verifyingPriceSilderFunctionality_Laptop_13-56-34 - [verifyingPriceSilderFunctionality_Laptop_13-56-34] Within safeFindElement method
13:56:45 [TestNG-test-Test-1] INFO  verifyingPriceSilderFunctionality_Laptop_13-56-34 - [verifyingPriceSilderFunctionality_Laptop_13-56-34]Found the element returning it ,element ->[[ChromeDriver: chrome on windows (b97edcad2941573c0da80ba9e2766b3c)] -> id: p_36/range-slider_slider-item_upper-bound-slider]
13:56:45 [TestNG-test-Test-1] INFO  verifyingPriceSilderFunctionality_Laptop_13-56-34 - [verifyingPriceSilderFunctionality_Laptop_13-56-34] in the setSliderValue method with value 161
13:56:45 [TestNG-test-Test-1] INFO  verifyingPriceSilderFunctionality_Laptop_13-56-34 - [verifyingPriceSilderFunctionality_Laptop_13-56-34] Within safeFindElement method
13:56:45 [TestNG-test-Test-1] INFO  verifyingPriceSilderFunctionality_Laptop_13-56-34 - [verifyingPriceSilderFunctionality_Laptop_13-56-34]Found the element returning it ,element ->[[ChromeDriver: chrome on windows (b97edcad2941573c0da80ba9e2766b3c)] -> xpath: //label[@for='p_36/range-slider_slider-item_upper-bound-slider']]
13:56:45 [TestNG-test-Test-1] INFO  verifyingPriceSilderFunctionality_Laptop_13-56-34 - [verifyingPriceSilderFunctionality_Laptop_13-56-34] Within safeFindElement method
13:56:45 [TestNG-test-Test-1] INFO  verifyingPriceSilderFunctionality_Laptop_13-56-34 - [verifyingPriceSilderFunctionality_Laptop_13-56-34]Found the element returning it ,element ->[[ChromeDriver: chrome on windows (b97edcad2941573c0da80ba9e2766b3c)] -> xpath: //label[@for='p_36/range-slider_slider-item_lower-bound-slider']]
13:56:45 [TestNG-test-Test-1] INFO  verifyingPriceSilderFunctionality_Laptop_13-56-34 - [verifyingPriceSilderFunctionality_Laptop_13-56-34] Within safeFindElements 
13:56:45 [TestNG-test-Test-1] INFO  verifyingPriceSilderFunctionality_Laptop_13-56-34 - [verifyingPriceSilderFunctionality_Laptop_13-56-34] Returning the  [[[ChromeDriver: chrome on windows (b97edcad2941573c0da80ba9e2766b3c)] -> xpath: //span[@class='a-price-whole']], [[ChromeDriver: chrome on windows (b97edcad2941573c0da80ba9e2766b3c)] -> xpath: //span[@class='a-price-whole']], [[ChromeDriver: chrome on windows (b97edcad2941573c0da80ba9e2766b3c)] -> xpath: //span[@class='a-price-whole']], [[ChromeDriver: chrome on windows (b97edcad2941573c0da80ba9e2766b3c)] -> xpath: //span[@class='a-price-whole']], [[ChromeDriver: chrome on windows (b97edcad2941573c0da80ba9e2766b3c)] -> xpath: //span[@class='a-price-whole']], [[ChromeDriver: chrome on windows (b97edcad2941573c0da80ba9e2766b3c)] -> xpath: //span[@class='a-price-whole']], [[ChromeDriver: chrome on windows (b97edcad2941573c0da80ba9e2766b3c)] -> xpath: //span[@class='a-price-whole']], [[ChromeDriver: chrome on windows (b97edcad2941573c0da80ba9e2766b3c)] -> xpath: //span[@class='a-price-whole']], [[ChromeDriver: chrome on windows (b97edcad2941573c0da80ba9e2766b3c)] -> xpath: //span[@class='a-price-whole']], [[ChromeDriver: chrome on windows (b97edcad2941573c0da80ba9e2766b3c)] -> xpath: //span[@class='a-price-whole']], [[ChromeDriver: chrome on windows (b97edcad2941573c0da80ba9e2766b3c)] -> xpath: //span[@class='a-price-whole']], [[ChromeDriver: chrome on windows (b97edcad2941573c0da80ba9e2766b3c)] -> xpath: //span[@class='a-price-whole']], [[ChromeDriver: chrome on windows (b97edcad2941573c0da80ba9e2766b3c)] -> xpath: //span[@class='a-price-whole']], [[ChromeDriver: chrome on windows (b97edcad2941573c0da80ba9e2766b3c)] -> xpath: //span[@class='a-price-whole']], [[ChromeDriver: chrome on windows (b97edcad2941573c0da80ba9e2766b3c)] -> xpath: //span[@class='a-price-whole']], [[ChromeDriver: chrome on windows (b97edcad2941573c0da80ba9e2766b3c)] -> xpath: //span[@class='a-price-whole']]] from the safeFindElements method
13:56:45 [TestNG-test-Test-1] INFO  verifyingPriceSilderFunctionality_Laptop_13-56-34 - [verifyingPriceSilderFunctionality_Laptop_13-56-34] Min Price Applied is  ₹138,600   Product Price is 49,490  Max Price Applied is ₹348,500
13:56:45 [TestNG-test-Test-1] INFO  verifyingPriceSilderFunctionality_Laptop_13-56-34 - [verifyingPriceSilderFunctionality_Laptop_13-56-34] Min Price Applied is  ₹138,600   Product Price is 58,190  Max Price Applied is ₹348,500
13:56:45 [TestNG-test-Test-1] INFO  verifyingPriceSilderFunctionality_Laptop_13-56-34 - [verifyingPriceSilderFunctionality_Laptop_13-56-34] Min Price Applied is  ₹138,600   Product Price is 49,990  Max Price Applied is ₹348,500
13:56:45 [TestNG-test-Test-1] INFO  verifyingPriceSilderFunctionality_Laptop_13-56-34 - [verifyingPriceSilderFunctionality_Laptop_13-56-34] Min Price Applied is  ₹138,600   Product Price is 60,490  Max Price Applied is ₹348,500
13:56:45 [TestNG-test-Test-1] INFO  verifyingPriceSilderFunctionality_Laptop_13-56-34 - [verifyingPriceSilderFunctionality_Laptop_13-56-34] Min Price Applied is  ₹138,600   Product Price is 46,999  Max Price Applied is ₹348,500
13:56:45 [TestNG-test-Test-1] INFO  verifyingPriceSilderFunctionality_Laptop_13-56-34 - [verifyingPriceSilderFunctionality_Laptop_13-56-34] Min Price Applied is  ₹138,600   Product Price is 73,990  Max Price Applied is ₹348,500
13:56:45 [TestNG-test-Test-1] INFO  verifyingPriceSilderFunctionality_Laptop_13-56-34 - [verifyingPriceSilderFunctionality_Laptop_13-56-34] Min Price Applied is  ₹138,600   Product Price is 56,490  Max Price Applied is ₹348,500
13:56:45 [TestNG-test-Test-1] INFO  verifyingPriceSilderFunctionality_Laptop_13-56-34 - [verifyingPriceSilderFunctionality_Laptop_13-56-34] Min Price Applied is  ₹138,600   Product Price is 61,890  Max Price Applied is ₹348,500
13:56:45 [TestNG-test-Test-1] INFO  verifyingPriceSilderFunctionality_Laptop_13-56-34 - [verifyingPriceSilderFunctionality_Laptop_13-56-34] Min Price Applied is  ₹138,600   Product Price is 52,780  Max Price Applied is ₹348,500
13:56:45 [TestNG-test-Test-1] INFO  verifyingPriceSilderFunctionality_Laptop_13-56-34 - [verifyingPriceSilderFunctionality_Laptop_13-56-34] Min Price Applied is  ₹138,600   Product Price is 68,990  Max Price Applied is ₹348,500
13:56:45 [TestNG-test-Test-1] INFO  verifyingPriceSilderFunctionality_Laptop_13-56-34 - [verifyingPriceSilderFunctionality_Laptop_13-56-34] Min Price Applied is  ₹138,600   Product Price is 47,650  Max Price Applied is ₹348,500
13:56:45 [TestNG-test-Test-1] INFO  verifyingPriceSilderFunctionality_Laptop_13-56-34 - [verifyingPriceSilderFunctionality_Laptop_13-56-34] Min Price Applied is  ₹138,600   Product Price is 61,990  Max Price Applied is ₹348,500
13:56:45 [TestNG-test-Test-1] INFO  verifyingPriceSilderFunctionality_Laptop_13-56-34 - [verifyingPriceSilderFunctionality_Laptop_13-56-34] Min Price Applied is  ₹138,600   Product Price is 48,990  Max Price Applied is ₹348,500
13:56:45 [TestNG-test-Test-1] INFO  verifyingPriceSilderFunctionality_Laptop_13-56-34 - [verifyingPriceSilderFunctionality_Laptop_13-56-34] Min Price Applied is  ₹138,600   Product Price is 73,900  Max Price Applied is ₹348,500
13:56:45 [TestNG-test-Test-1] INFO  verifyingPriceSilderFunctionality_Laptop_13-56-34 - [verifyingPriceSilderFunctionality_Laptop_13-56-34] Min Price Applied is  ₹138,600   Product Price is 67,690  Max Price Applied is ₹348,500
13:56:45 [TestNG-test-Test-1] INFO  verifyingPriceSilderFunctionality_Laptop_13-56-34 - [verifyingPriceSilderFunctionality_Laptop_13-56-34] Min Price Applied is  ₹138,600   Product Price is 47,990  Max Price Applied is ₹348,500
13:56:45 [TestNG-test-Test-1] INFO  verifyingPriceSilderFunctionality_Laptop_13-56-34 - [verifyingPriceSilderFunctionality_Laptop_13-56-34] Within smoothScrollToElement method
13:56:45 [TestNG-test-Test-1] INFO  verifyingPriceSilderFunctionality_Laptop_13-56-34 - [verifyingPriceSilderFunctionality_Laptop_13-56-34] Within safeFindElement method
13:56:45 [TestNG-test-Test-1] INFO  verifyingPriceSilderFunctionality_Laptop_13-56-34 - [verifyingPriceSilderFunctionality_Laptop_13-56-34]Found the element returning it ,element ->[[ChromeDriver: chrome on windows (b97edcad2941573c0da80ba9e2766b3c)] -> id: p_36/range-slider_slider-item_lower-bound-slider]
13:56:45 [TestNG-test-Test-1] INFO  verifyingPriceSilderFunctionality_Laptop_13-56-34 - [verifyingPriceSilderFunctionality_Laptop_13-56-34] Successfully scrolled to element: By.id: p_36/range-slider_slider-item_lower-bound-slider
13:56:45 [TestNG-test-Test-1] INFO  verifyingPriceSilderFunctionality_Laptop_13-56-34 - [verifyingPriceSilderFunctionality_Laptop_13-56-34] Product Price Not Under the Range of Min & Max
13:56:45 [TestNG-test-Test-1] INFO  verifyingPriceSilderFunctionality_Laptop_13-56-34 - [verifyingPriceSilderFunctionality_Laptop_13-56-34] Min Price Applied is  138600   Product Price is 49,490  Max Price Applied is 348500
13:56:45 [TestNG-test-Test-1] INFO  verifyingPriceSilderFunctionality_Laptop_13-56-34 - [verifyingPriceSilderFunctionality_Laptop_13-56-34] Product Price Not Under the Range of Min & Max
13:56:45 [TestNG-test-Test-1] INFO  verifyingPriceSilderFunctionality_Laptop_13-56-34 - [verifyingPriceSilderFunctionality_Laptop_13-56-34] Min Price Applied is  138600   Product Price is 58,190  Max Price Applied is 348500
13:56:45 [TestNG-test-Test-1] INFO  verifyingPriceSilderFunctionality_Laptop_13-56-34 - [verifyingPriceSilderFunctionality_Laptop_13-56-34] Product Price Not Under the Range of Min & Max
13:56:45 [TestNG-test-Test-1] INFO  verifyingPriceSilderFunctionality_Laptop_13-56-34 - [verifyingPriceSilderFunctionality_Laptop_13-56-34] Min Price Applied is  138600   Product Price is 49,990  Max Price Applied is 348500
13:56:45 [TestNG-test-Test-1] INFO  verifyingPriceSilderFunctionality_Laptop_13-56-34 - [verifyingPriceSilderFunctionality_Laptop_13-56-34] Product Price Not Under the Range of Min & Max
13:56:45 [TestNG-test-Test-1] INFO  verifyingPriceSilderFunctionality_Laptop_13-56-34 - [verifyingPriceSilderFunctionality_Laptop_13-56-34] Min Price Applied is  138600   Product Price is 60,490  Max Price Applied is 348500
13:56:45 [TestNG-test-Test-1] INFO  verifyingPriceSilderFunctionality_Laptop_13-56-34 - [verifyingPriceSilderFunctionality_Laptop_13-56-34] Product Price Not Under the Range of Min & Max
13:56:45 [TestNG-test-Test-1] INFO  verifyingPriceSilderFunctionality_Laptop_13-56-34 - [verifyingPriceSilderFunctionality_Laptop_13-56-34] Min Price Applied is  138600   Product Price is 46,999  Max Price Applied is 348500
13:56:45 [TestNG-test-Test-1] INFO  verifyingPriceSilderFunctionality_Laptop_13-56-34 - [verifyingPriceSilderFunctionality_Laptop_13-56-34] Product Price Not Under the Range of Min & Max
13:56:45 [TestNG-test-Test-1] INFO  verifyingPriceSilderFunctionality_Laptop_13-56-34 - [verifyingPriceSilderFunctionality_Laptop_13-56-34] Min Price Applied is  138600   Product Price is 73,990  Max Price Applied is 348500
13:56:45 [TestNG-test-Test-1] INFO  verifyingPriceSilderFunctionality_Laptop_13-56-34 - [verifyingPriceSilderFunctionality_Laptop_13-56-34] Product Price Not Under the Range of Min & Max
13:56:45 [TestNG-test-Test-1] INFO  verifyingPriceSilderFunctionality_Laptop_13-56-34 - [verifyingPriceSilderFunctionality_Laptop_13-56-34] Min Price Applied is  138600   Product Price is 56,490  Max Price Applied is 348500
13:56:45 [TestNG-test-Test-1] INFO  verifyingPriceSilderFunctionality_Laptop_13-56-34 - [verifyingPriceSilderFunctionality_Laptop_13-56-34] Product Price Not Under the Range of Min & Max
13:56:45 [TestNG-test-Test-1] INFO  verifyingPriceSilderFunctionality_Laptop_13-56-34 - [verifyingPriceSilderFunctionality_Laptop_13-56-34] Min Price Applied is  138600   Product Price is 61,890  Max Price Applied is 348500
13:56:45 [TestNG-test-Test-1] INFO  verifyingPriceSilderFunctionality_Laptop_13-56-34 - [verifyingPriceSilderFunctionality_Laptop_13-56-34] Product Price Not Under the Range of Min & Max
13:56:45 [TestNG-test-Test-1] INFO  verifyingPriceSilderFunctionality_Laptop_13-56-34 - [verifyingPriceSilderFunctionality_Laptop_13-56-34] Min Price Applied is  138600   Product Price is 52,780  Max Price Applied is 348500
13:56:45 [TestNG-test-Test-1] INFO  verifyingPriceSilderFunctionality_Laptop_13-56-34 - [verifyingPriceSilderFunctionality_Laptop_13-56-34] Product Price Not Under the Range of Min & Max
13:56:45 [TestNG-test-Test-1] INFO  verifyingPriceSilderFunctionality_Laptop_13-56-34 - [verifyingPriceSilderFunctionality_Laptop_13-56-34] Min Price Applied is  138600   Product Price is 68,990  Max Price Applied is 348500
13:56:45 [TestNG-test-Test-1] INFO  verifyingPriceSilderFunctionality_Laptop_13-56-34 - [verifyingPriceSilderFunctionality_Laptop_13-56-34] Product Price Not Under the Range of Min & Max
13:56:45 [TestNG-test-Test-1] INFO  verifyingPriceSilderFunctionality_Laptop_13-56-34 - [verifyingPriceSilderFunctionality_Laptop_13-56-34] Min Price Applied is  138600   Product Price is 47,650  Max Price Applied is 348500
13:56:45 [TestNG-test-Test-1] INFO  verifyingPriceSilderFunctionality_Laptop_13-56-34 - [verifyingPriceSilderFunctionality_Laptop_13-56-34] Product Price Not Under the Range of Min & Max
13:56:45 [TestNG-test-Test-1] INFO  verifyingPriceSilderFunctionality_Laptop_13-56-34 - [verifyingPriceSilderFunctionality_Laptop_13-56-34] Min Price Applied is  138600   Product Price is 61,990  Max Price Applied is 348500
13:56:45 [TestNG-test-Test-1] INFO  verifyingPriceSilderFunctionality_Laptop_13-56-34 - [verifyingPriceSilderFunctionality_Laptop_13-56-34] Product Price Not Under the Range of Min & Max
13:56:45 [TestNG-test-Test-1] INFO  verifyingPriceSilderFunctionality_Laptop_13-56-34 - [verifyingPriceSilderFunctionality_Laptop_13-56-34] Min Price Applied is  138600   Product Price is 48,990  Max Price Applied is 348500
13:56:45 [TestNG-test-Test-1] INFO  verifyingPriceSilderFunctionality_Laptop_13-56-34 - [verifyingPriceSilderFunctionality_Laptop_13-56-34] Product Price Not Under the Range of Min & Max
13:56:45 [TestNG-test-Test-1] INFO  verifyingPriceSilderFunctionality_Laptop_13-56-34 - [verifyingPriceSilderFunctionality_Laptop_13-56-34] Min Price Applied is  138600   Product Price is 73,900  Max Price Applied is 348500
13:56:45 [TestNG-test-Test-1] INFO  verifyingPriceSilderFunctionality_Laptop_13-56-34 - [verifyingPriceSilderFunctionality_Laptop_13-56-34] Product Price Not Under the Range of Min & Max
13:56:45 [TestNG-test-Test-1] INFO  verifyingPriceSilderFunctionality_Laptop_13-56-34 - [verifyingPriceSilderFunctionality_Laptop_13-56-34] Min Price Applied is  138600   Product Price is 67,690  Max Price Applied is 348500
13:56:45 [TestNG-test-Test-1] INFO  verifyingPriceSilderFunctionality_Laptop_13-56-34 - [verifyingPriceSilderFunctionality_Laptop_13-56-34] Product Price Not Under the Range of Min & Max
13:56:45 [TestNG-test-Test-1] INFO  verifyingPriceSilderFunctionality_Laptop_13-56-34 - [verifyingPriceSilderFunctionality_Laptop_13-56-34] Min Price Applied is  138600   Product Price is 47,990  Max Price Applied is 348500
13:56:45 [TestNG-test-Test-1] INFO  verifyingPriceSilderFunctionality_Laptop_13-56-34 - [verifyingPriceSilderFunctionality_Laptop_13-56-34] Adding the data 'min','max','isValid' ,'mismatches' to 'result' Map->161
13:56:45 [TestNG-test-Test-1] INFO  verifyingPriceSilderFunctionality_Laptop_13-56-34 - [verifyingPriceSilderFunctionality_Laptop_13-56-34] Adding the 'results'  Map to the master 'allResults' i.e is List of maps->161
13:56:45 [TestNG-test-Test-1] INFO  verifyingPriceSilderFunctionality_Laptop_13-56-34 - [verifyingPriceSilderFunctionality_Laptop_13-56-34] Returning the data here in the end
13:56:45 [TestNG-test-Test-1] INFO  verifyingPriceSilderFunctionality_Laptop_13-56-34 - [verifyingPriceSilderFunctionality_Laptop_13-56-34]  Price range validated successfully: 61 - 81
13:56:45 [TestNG-test-Test-1] INFO  verifyingPriceSilderFunctionality_Laptop_13-56-34 - [verifyingPriceSilderFunctionality_Laptop_13-56-34] ------------------------------------------------------------
13:56:45 [TestNG-test-Test-1] ERROR verifyingPriceSilderFunctionality_Laptop_13-56-34 - [verifyingPriceSilderFunctionality_Laptop_13-56-34]  Validation failed for price range: 91 - 121
13:56:45 [TestNG-test-Test-1] ERROR verifyingPriceSilderFunctionality_Laptop_13-56-34 - [verifyingPriceSilderFunctionality_Laptop_13-56-34]  Price out of range: ProductIndex=2, AppliedMin=46100, AppliedMax=171600, ActualPrice=33990
13:56:45 [TestNG-test-Test-1] ERROR verifyingPriceSilderFunctionality_Laptop_13-56-34 - [verifyingPriceSilderFunctionality_Laptop_13-56-34]  Price out of range: ProductIndex=5, AppliedMin=46100, AppliedMax=171600, ActualPrice=39990
13:56:45 [TestNG-test-Test-1] ERROR verifyingPriceSilderFunctionality_Laptop_13-56-34 - [verifyingPriceSilderFunctionality_Laptop_13-56-34]  Price out of range: ProductIndex=7, AppliedMin=46100, AppliedMax=171600, ActualPrice=44990
13:56:45 [TestNG-test-Test-1] ERROR verifyingPriceSilderFunctionality_Laptop_13-56-34 - [verifyingPriceSilderFunctionality_Laptop_13-56-34]  Price out of range: ProductIndex=9, AppliedMin=46100, AppliedMax=171600, ActualPrice=35630
13:56:45 [TestNG-test-Test-1] ERROR verifyingPriceSilderFunctionality_Laptop_13-56-34 - [verifyingPriceSilderFunctionality_Laptop_13-56-34]  Price out of range: ProductIndex=11, AppliedMin=46100, AppliedMax=171600, ActualPrice=32990
13:56:45 [TestNG-test-Test-1] ERROR verifyingPriceSilderFunctionality_Laptop_13-56-34 - [verifyingPriceSilderFunctionality_Laptop_13-56-34]  Price out of range: ProductIndex=14, AppliedMin=46100, AppliedMax=171600, ActualPrice=42999
13:56:45 [TestNG-test-Test-1] ERROR verifyingPriceSilderFunctionality_Laptop_13-56-34 - [verifyingPriceSilderFunctionality_Laptop_13-56-34]  Price out of range: ProductIndex=15, AppliedMin=46100, AppliedMax=171600, ActualPrice=34599
13:56:45 [TestNG-test-Test-1] INFO  verifyingPriceSilderFunctionality_Laptop_13-56-34 - [verifyingPriceSilderFunctionality_Laptop_13-56-34] ------------------------------------------------------------
13:56:45 [TestNG-test-Test-1] ERROR verifyingPriceSilderFunctionality_Laptop_13-56-34 - [verifyingPriceSilderFunctionality_Laptop_13-56-34]  Validation failed for price range: 131 - 161
13:56:45 [TestNG-test-Test-1] ERROR verifyingPriceSilderFunctionality_Laptop_13-56-34 - [verifyingPriceSilderFunctionality_Laptop_13-56-34]  Price out of range: ProductIndex=0, AppliedMin=138600, AppliedMax=348500, ActualPrice=49490
13:56:45 [TestNG-test-Test-1] ERROR verifyingPriceSilderFunctionality_Laptop_13-56-34 - [verifyingPriceSilderFunctionality_Laptop_13-56-34]  Price out of range: ProductIndex=1, AppliedMin=138600, AppliedMax=348500, ActualPrice=58190
13:56:45 [TestNG-test-Test-1] ERROR verifyingPriceSilderFunctionality_Laptop_13-56-34 - [verifyingPriceSilderFunctionality_Laptop_13-56-34]  Price out of range: ProductIndex=2, AppliedMin=138600, AppliedMax=348500, ActualPrice=49990
13:56:45 [TestNG-test-Test-1] ERROR verifyingPriceSilderFunctionality_Laptop_13-56-34 - [verifyingPriceSilderFunctionality_Laptop_13-56-34]  Price out of range: ProductIndex=3, AppliedMin=138600, AppliedMax=348500, ActualPrice=60490
13:56:45 [TestNG-test-Test-1] ERROR verifyingPriceSilderFunctionality_Laptop_13-56-34 - [verifyingPriceSilderFunctionality_Laptop_13-56-34]  Price out of range: ProductIndex=4, AppliedMin=138600, AppliedMax=348500, ActualPrice=46999
13:56:45 [TestNG-test-Test-1] ERROR verifyingPriceSilderFunctionality_Laptop_13-56-34 - [verifyingPriceSilderFunctionality_Laptop_13-56-34]  Price out of range: ProductIndex=5, AppliedMin=138600, AppliedMax=348500, ActualPrice=73990
13:56:45 [TestNG-test-Test-1] ERROR verifyingPriceSilderFunctionality_Laptop_13-56-34 - [verifyingPriceSilderFunctionality_Laptop_13-56-34]  Price out of range: ProductIndex=6, AppliedMin=138600, AppliedMax=348500, ActualPrice=56490
13:56:45 [TestNG-test-Test-1] ERROR verifyingPriceSilderFunctionality_Laptop_13-56-34 - [verifyingPriceSilderFunctionality_Laptop_13-56-34]  Price out of range: ProductIndex=7, AppliedMin=138600, AppliedMax=348500, ActualPrice=61890
13:56:45 [TestNG-test-Test-1] ERROR verifyingPriceSilderFunctionality_Laptop_13-56-34 - [verifyingPriceSilderFunctionality_Laptop_13-56-34]  Price out of range: ProductIndex=8, AppliedMin=138600, AppliedMax=348500, ActualPrice=52780
13:56:45 [TestNG-test-Test-1] ERROR verifyingPriceSilderFunctionality_Laptop_13-56-34 - [verifyingPriceSilderFunctionality_Laptop_13-56-34]  Price out of range: ProductIndex=9, AppliedMin=138600, AppliedMax=348500, ActualPrice=68990
13:56:45 [TestNG-test-Test-1] ERROR verifyingPriceSilderFunctionality_Laptop_13-56-34 - [verifyingPriceSilderFunctionality_Laptop_13-56-34]  Price out of range: ProductIndex=10, AppliedMin=138600, AppliedMax=348500, ActualPrice=47650
13:56:45 [TestNG-test-Test-1] ERROR verifyingPriceSilderFunctionality_Laptop_13-56-34 - [verifyingPriceSilderFunctionality_Laptop_13-56-34]  Price out of range: ProductIndex=11, AppliedMin=138600, AppliedMax=348500, ActualPrice=61990
13:56:45 [TestNG-test-Test-1] ERROR verifyingPriceSilderFunctionality_Laptop_13-56-34 - [verifyingPriceSilderFunctionality_Laptop_13-56-34]  Price out of range: ProductIndex=12, AppliedMin=138600, AppliedMax=348500, ActualPrice=48990
13:56:45 [TestNG-test-Test-1] ERROR verifyingPriceSilderFunctionality_Laptop_13-56-34 - [verifyingPriceSilderFunctionality_Laptop_13-56-34]  Price out of range: ProductIndex=13, AppliedMin=138600, AppliedMax=348500, ActualPrice=73900
13:56:45 [TestNG-test-Test-1] ERROR verifyingPriceSilderFunctionality_Laptop_13-56-34 - [verifyingPriceSilderFunctionality_Laptop_13-56-34]  Price out of range: ProductIndex=14, AppliedMin=138600, AppliedMax=348500, ActualPrice=67690
13:56:45 [TestNG-test-Test-1] ERROR verifyingPriceSilderFunctionality_Laptop_13-56-34 - [verifyingPriceSilderFunctionality_Laptop_13-56-34]  Price out of range: ProductIndex=15, AppliedMin=138600, AppliedMax=348500, ActualPrice=47990
13:56:45 [TestNG-test-Test-1] INFO  verifyingPriceSilderFunctionality_Laptop_13-56-34 - [verifyingPriceSilderFunctionality_Laptop_13-56-34] ------------------------------------------------------------
13:56:45 [TestNG-test-Test-1] INFO  verifyingPriceSilderFunctionality_Laptop_13-56-34 - [verifyingPriceSilderFunctionality_Laptop_13-56-34]  Asserting all soft assertions now...
