20:47:52 [TestNG-test-Test-3] INFO  verifyingGetItIn2DaysFilterFunctionality_Mobile_20-47-52 - No existing WebDriver found for current thread. Initializing a new ChromeDriver...
20:47:52 [TestNG-test-Test-3] INFO  verifyingGetItIn2DaysFilterFunctionality_Mobile_20-47-52 - WebDriverManager: chromedriver setup OK
20:47:54 [TestNG-test-Test-3] INFO  verifyingGetItIn2DaysFilterFunctionality_Mobile_20-47-52 - ChromeDriver initialized successfully for thread: 36
20:47:54 [TestNG-test-Test-3] INFO  verifyingGetItIn2DaysFilterFunctionality_Mobile_20-47-52 - [verifyingGetItIn2DaysFilterFunctionality_Mobile_20-47-52] Opening amazon Landing page
20:47:54 [TestNG-test-Test-3] INFO  verifyingGetItIn2DaysFilterFunctionality_Mobile_20-47-52 - [verifyingGetItIn2DaysFilterFunctionality_Mobile_20-47-52] Within safeFindElement method
20:47:59 [TestNG-test-Test-3] INFO  verifyingGetItIn2DaysFilterFunctionality_Mobile_20-47-52 - [verifyingGetItIn2DaysFilterFunctionality_Mobile_20-47-52]Retrying findElement for: ->By.xpath: //a[@id='nav-logo-sprites']
20:48:02 [TestNG-test-Test-3] INFO  verifyingGetItIn2DaysFilterFunctionality_Mobile_20-47-52 - [verifyingGetItIn2DaysFilterFunctionality_Mobile_20-47-52]Refrehsing the page , while trying to safely find : ->By.xpath: //a[@id='nav-logo-sprites']
20:48:02 [TestNG-test-Test-3] INFO  verifyingGetItIn2DaysFilterFunctionality_Mobile_20-47-52 - [verifyingGetItIn2DaysFilterFunctionality_Mobile_20-47-52]Found the element returning it ,element ->[[ChromeDriver: chrome on windows (3aeea7d0037dce16bbd0043bdd58bf6e)] -> xpath: //a[@id='nav-logo-sprites']]
20:48:02 [TestNG-test-Test-3] INFO  verifyingGetItIn2DaysFilterFunctionality_Mobile_20-47-52 - [verifyingGetItIn2DaysFilterFunctionality_Mobile_20-47-52] Giving input within the search bar
20:48:02 [TestNG-test-Test-3] INFO  verifyingGetItIn2DaysFilterFunctionality_Mobile_20-47-52 - [verifyingGetItIn2DaysFilterFunctionality_Mobile_20-47-52] Within safeClick method
20:48:05 [TestNG-test-Test-3] INFO  verifyingGetItIn2DaysFilterFunctionality_Mobile_20-47-52 - [verifyingGetItIn2DaysFilterFunctionality_Mobile_20-47-52] Clicked the  [[ChromeDriver: chrome on windows (3aeea7d0037dce16bbd0043bdd58bf6e)] -> xpath: //input[@id='nav-search-submit-button']]   using safeClick
20:48:05 [TestNG-test-Test-3] INFO  verifyingGetItIn2DaysFilterFunctionality_Mobile_20-47-52 - [verifyingGetItIn2DaysFilterFunctionality_Mobile_20-47-52] Clicking on the submit in the search bar
20:48:06 [TestNG-test-Test-3] INFO  verifyingGetItIn2DaysFilterFunctionality_Mobile_20-47-52 - [verifyingGetItIn2DaysFilterFunctionality_Mobile_20-47-52] Waiting until element is visible in viewport
20:48:06 [TestNG-test-Test-3] INFO  verifyingGetItIn2DaysFilterFunctionality_Mobile_20-47-52 - [verifyingGetItIn2DaysFilterFunctionality_Mobile_20-47-52] Within validateDeliveryFilterOptionsWithResult method
20:48:06 [TestNG-test-Test-3] INFO  verifyingGetItIn2DaysFilterFunctionality_Mobile_20-47-52 - [verifyingGetItIn2DaysFilterFunctionality_Mobile_20-47-52] Within safeClick method
20:48:07 [TestNG-test-Test-3] INFO  verifyingGetItIn2DaysFilterFunctionality_Mobile_20-47-52 - [verifyingGetItIn2DaysFilterFunctionality_Mobile_20-47-52] Clicked the  [[ChromeDriver: chrome on windows (3aeea7d0037dce16bbd0043bdd58bf6e)] -> xpath: //span[@class='a-size-base a-color-base puis-bold-weight-text' and text()='Delivery Day']/parent::div/following-sibling::ul//span[@class='a-size-base a-color-base' and text()='Get It in 2 Days']]   using safeClick
20:48:07 [TestNG-test-Test-3] INFO  verifyingGetItIn2DaysFilterFunctionality_Mobile_20-47-52 - [verifyingGetItIn2DaysFilterFunctionality_Mobile_20-47-52] Within getMoreButtonByFilterTypeAndName method
20:48:07 [TestNG-test-Test-3] INFO  verifyingGetItIn2DaysFilterFunctionality_Mobile_20-47-52 - [verifyingGetItIn2DaysFilterFunctionality_Mobile_20-47-52] Clicked on By.xpath: //span[@class='a-size-base a-color-base puis-bold-weight-text' and text()='Delivery Day']/parent::div/following-sibling::ul//span[@class='a-size-base a-color-base' and text()='Get It in 2 Days']
20:48:07 [TestNG-test-Test-3] INFO  verifyingGetItIn2DaysFilterFunctionality_Mobile_20-47-52 - [verifyingGetItIn2DaysFilterFunctionality_Mobile_20-47-52] Within safeFindElements 
20:48:08 [TestNG-test-Test-3] INFO  verifyingGetItIn2DaysFilterFunctionality_Mobile_20-47-52 - [verifyingGetItIn2DaysFilterFunctionality_Mobile_20-47-52] Returning the  [[[ChromeDriver: chrome on windows (3aeea7d0037dce16bbd0043bdd58bf6e)] -> xpath: //div[@class='a-section a-spacing-small a-spacing-top-small']], [[ChromeDriver: chrome on windows (3aeea7d0037dce16bbd0043bdd58bf6e)] -> xpath: //div[@class='a-section a-spacing-small a-spacing-top-small']], [[ChromeDriver: chrome on windows (3aeea7d0037dce16bbd0043bdd58bf6e)] -> xpath: //div[@class='a-section a-spacing-small a-spacing-top-small']], [[ChromeDriver: chrome on windows (3aeea7d0037dce16bbd0043bdd58bf6e)] -> xpath: //div[@class='a-section a-spacing-small a-spacing-top-small']], [[ChromeDriver: chrome on windows (3aeea7d0037dce16bbd0043bdd58bf6e)] -> xpath: //div[@class='a-section a-spacing-small a-spacing-top-small']], [[ChromeDriver: chrome on windows (3aeea7d0037dce16bbd0043bdd58bf6e)] -> xpath: //div[@class='a-section a-spacing-small a-spacing-top-small']], [[ChromeDriver: chrome on windows (3aeea7d0037dce16bbd0043bdd58bf6e)] -> xpath: //div[@class='a-section a-spacing-small a-spacing-top-small']], [[ChromeDriver: chrome on windows (3aeea7d0037dce16bbd0043bdd58bf6e)] -> xpath: //div[@class='a-section a-spacing-small a-spacing-top-small']], [[ChromeDriver: chrome on windows (3aeea7d0037dce16bbd0043bdd58bf6e)] -> xpath: //div[@class='a-section a-spacing-small a-spacing-top-small']], [[ChromeDriver: chrome on windows (3aeea7d0037dce16bbd0043bdd58bf6e)] -> xpath: //div[@class='a-section a-spacing-small a-spacing-top-small']], [[ChromeDriver: chrome on windows (3aeea7d0037dce16bbd0043bdd58bf6e)] -> xpath: //div[@class='a-section a-spacing-small a-spacing-top-small']], [[ChromeDriver: chrome on windows (3aeea7d0037dce16bbd0043bdd58bf6e)] -> xpath: //div[@class='a-section a-spacing-small a-spacing-top-small']], [[ChromeDriver: chrome on windows (3aeea7d0037dce16bbd0043bdd58bf6e)] -> xpath: //div[@class='a-section a-spacing-small a-spacing-top-small']], [[ChromeDriver: chrome on windows (3aeea7d0037dce16bbd0043bdd58bf6e)] -> xpath: //div[@class='a-section a-spacing-small a-spacing-top-small']], [[ChromeDriver: chrome on windows (3aeea7d0037dce16bbd0043bdd58bf6e)] -> xpath: //div[@class='a-section a-spacing-small a-spacing-top-small']], [[ChromeDriver: chrome on windows (3aeea7d0037dce16bbd0043bdd58bf6e)] -> xpath: //div[@class='a-section a-spacing-small a-spacing-top-small']]] from the safeFindElements method
20:48:08 [TestNG-test-Test-3] INFO  verifyingGetItIn2DaysFilterFunctionality_Mobile_20-47-52 - [verifyingGetItIn2DaysFilterFunctionality_Mobile_20-47-52] Created hashset with required data to assert with Within validateDeliveryFilterOptions method
20:48:08 [TestNG-test-Test-3] INFO  verifyingGetItIn2DaysFilterFunctionality_Mobile_20-47-52 - [verifyingGetItIn2DaysFilterFunctionality_Mobile_20-47-52] this is the set  [Thu, Aug, Today, 05, FREE delivery, 06, Wed, Tomorrow]
20:48:08 [TestNG-test-Test-3] INFO  verifyingGetItIn2DaysFilterFunctionality_Mobile_20-47-52 - [verifyingGetItIn2DaysFilterFunctionality_Mobile_20-47-52] Within deliveryElements loop iterating over the products  Within validateDeliveryFilterOptions method
20:48:08 [TestNG-test-Test-3] INFO  verifyingGetItIn2DaysFilterFunctionality_Mobile_20-47-52 - [verifyingGetItIn2DaysFilterFunctionality_Mobile_20-47-52] Checking if the allowedDateParts have the assert text   Within validateDeliveryFilterOptions method
20:48:08 [TestNG-test-Test-3] INFO  verifyingGetItIn2DaysFilterFunctionality_Mobile_20-47-52 - [verifyingGetItIn2DaysFilterFunctionality_Mobile_20-47-52] Within deliveryElements loop iterating over the products  Within validateDeliveryFilterOptions method
20:48:08 [TestNG-test-Test-3] INFO  verifyingGetItIn2DaysFilterFunctionality_Mobile_20-47-52 - [verifyingGetItIn2DaysFilterFunctionality_Mobile_20-47-52] Checking if the allowedDateParts have the assert text   Within validateDeliveryFilterOptions method
20:48:08 [TestNG-test-Test-3] INFO  verifyingGetItIn2DaysFilterFunctionality_Mobile_20-47-52 - [verifyingGetItIn2DaysFilterFunctionality_Mobile_20-47-52] Within deliveryElements loop iterating over the products  Within validateDeliveryFilterOptions method
20:48:08 [TestNG-test-Test-3] INFO  verifyingGetItIn2DaysFilterFunctionality_Mobile_20-47-52 - [verifyingGetItIn2DaysFilterFunctionality_Mobile_20-47-52] Checking if the allowedDateParts have the assert text   Within validateDeliveryFilterOptions method
20:48:08 [TestNG-test-Test-3] INFO  verifyingGetItIn2DaysFilterFunctionality_Mobile_20-47-52 - [verifyingGetItIn2DaysFilterFunctionality_Mobile_20-47-52] Within deliveryElements loop iterating over the products  Within validateDeliveryFilterOptions method
20:48:08 [TestNG-test-Test-3] INFO  verifyingGetItIn2DaysFilterFunctionality_Mobile_20-47-52 - [verifyingGetItIn2DaysFilterFunctionality_Mobile_20-47-52] Checking if the allowedDateParts have the assert text   Within validateDeliveryFilterOptions method
20:48:08 [TestNG-test-Test-3] INFO  verifyingGetItIn2DaysFilterFunctionality_Mobile_20-47-52 - [verifyingGetItIn2DaysFilterFunctionality_Mobile_20-47-52] Within deliveryElements loop iterating over the products  Within validateDeliveryFilterOptions method
20:48:08 [TestNG-test-Test-3] INFO  verifyingGetItIn2DaysFilterFunctionality_Mobile_20-47-52 - [verifyingGetItIn2DaysFilterFunctionality_Mobile_20-47-52] Checking if the allowedDateParts have the assert text   Within validateDeliveryFilterOptions method
20:48:08 [TestNG-test-Test-3] INFO  verifyingGetItIn2DaysFilterFunctionality_Mobile_20-47-52 - [verifyingGetItIn2DaysFilterFunctionality_Mobile_20-47-52] Within deliveryElements loop iterating over the products  Within validateDeliveryFilterOptions method
20:48:08 [TestNG-test-Test-3] INFO  verifyingGetItIn2DaysFilterFunctionality_Mobile_20-47-52 - [verifyingGetItIn2DaysFilterFunctionality_Mobile_20-47-52] Checking if the allowedDateParts have the assert text   Within validateDeliveryFilterOptions method
20:48:08 [TestNG-test-Test-3] INFO  verifyingGetItIn2DaysFilterFunctionality_Mobile_20-47-52 - [verifyingGetItIn2DaysFilterFunctionality_Mobile_20-47-52] Within deliveryElements loop iterating over the products  Within validateDeliveryFilterOptions method
20:48:08 [TestNG-test-Test-3] INFO  verifyingGetItIn2DaysFilterFunctionality_Mobile_20-47-52 - [verifyingGetItIn2DaysFilterFunctionality_Mobile_20-47-52] Checking if the allowedDateParts have the assert text   Within validateDeliveryFilterOptions method
20:48:08 [TestNG-test-Test-3] INFO  verifyingGetItIn2DaysFilterFunctionality_Mobile_20-47-52 - [verifyingGetItIn2DaysFilterFunctionality_Mobile_20-47-52] Within deliveryElements loop iterating over the products  Within validateDeliveryFilterOptions method
20:48:08 [TestNG-test-Test-3] INFO  verifyingGetItIn2DaysFilterFunctionality_Mobile_20-47-52 - [verifyingGetItIn2DaysFilterFunctionality_Mobile_20-47-52] Checking if the allowedDateParts have the assert text   Within validateDeliveryFilterOptions method
20:48:08 [TestNG-test-Test-3] INFO  verifyingGetItIn2DaysFilterFunctionality_Mobile_20-47-52 - [verifyingGetItIn2DaysFilterFunctionality_Mobile_20-47-52] Within deliveryElements loop iterating over the products  Within validateDeliveryFilterOptions method
20:48:08 [TestNG-test-Test-3] INFO  verifyingGetItIn2DaysFilterFunctionality_Mobile_20-47-52 - [verifyingGetItIn2DaysFilterFunctionality_Mobile_20-47-52] Checking if the allowedDateParts have the assert text   Within validateDeliveryFilterOptions method
20:48:08 [TestNG-test-Test-3] INFO  verifyingGetItIn2DaysFilterFunctionality_Mobile_20-47-52 - [verifyingGetItIn2DaysFilterFunctionality_Mobile_20-47-52] Within deliveryElements loop iterating over the products  Within validateDeliveryFilterOptions method
20:48:09 [TestNG-test-Test-3] INFO  verifyingGetItIn2DaysFilterFunctionality_Mobile_20-47-52 - [verifyingGetItIn2DaysFilterFunctionality_Mobile_20-47-52] Checking if the allowedDateParts have the assert text   Within validateDeliveryFilterOptions method
20:48:09 [TestNG-test-Test-3] INFO  verifyingGetItIn2DaysFilterFunctionality_Mobile_20-47-52 - [verifyingGetItIn2DaysFilterFunctionality_Mobile_20-47-52] Within deliveryElements loop iterating over the products  Within validateDeliveryFilterOptions method
20:48:09 [TestNG-test-Test-3] INFO  verifyingGetItIn2DaysFilterFunctionality_Mobile_20-47-52 - [verifyingGetItIn2DaysFilterFunctionality_Mobile_20-47-52] Checking if the allowedDateParts have the assert text   Within validateDeliveryFilterOptions method
20:48:09 [TestNG-test-Test-3] INFO  verifyingGetItIn2DaysFilterFunctionality_Mobile_20-47-52 - [verifyingGetItIn2DaysFilterFunctionality_Mobile_20-47-52] Within deliveryElements loop iterating over the products  Within validateDeliveryFilterOptions method
20:48:09 [TestNG-test-Test-3] INFO  verifyingGetItIn2DaysFilterFunctionality_Mobile_20-47-52 - [verifyingGetItIn2DaysFilterFunctionality_Mobile_20-47-52] Checking if the allowedDateParts have the assert text   Within validateDeliveryFilterOptions method
20:48:09 [TestNG-test-Test-3] INFO  verifyingGetItIn2DaysFilterFunctionality_Mobile_20-47-52 - [verifyingGetItIn2DaysFilterFunctionality_Mobile_20-47-52] Within deliveryElements loop iterating over the products  Within validateDeliveryFilterOptions method
20:48:09 [TestNG-test-Test-3] INFO  verifyingGetItIn2DaysFilterFunctionality_Mobile_20-47-52 - [verifyingGetItIn2DaysFilterFunctionality_Mobile_20-47-52] Checking if the allowedDateParts have the assert text   Within validateDeliveryFilterOptions method
20:48:09 [TestNG-test-Test-3] INFO  verifyingGetItIn2DaysFilterFunctionality_Mobile_20-47-52 - [verifyingGetItIn2DaysFilterFunctionality_Mobile_20-47-52] Within deliveryElements loop iterating over the products  Within validateDeliveryFilterOptions method
20:48:09 [TestNG-test-Test-3] INFO  verifyingGetItIn2DaysFilterFunctionality_Mobile_20-47-52 - [verifyingGetItIn2DaysFilterFunctionality_Mobile_20-47-52] Checking if the allowedDateParts have the assert text   Within validateDeliveryFilterOptions method
20:48:09 [TestNG-test-Test-3] INFO  verifyingGetItIn2DaysFilterFunctionality_Mobile_20-47-52 - [verifyingGetItIn2DaysFilterFunctionality_Mobile_20-47-52] Within deliveryElements loop iterating over the products  Within validateDeliveryFilterOptions method
20:48:09 [TestNG-test-Test-3] INFO  verifyingGetItIn2DaysFilterFunctionality_Mobile_20-47-52 - [verifyingGetItIn2DaysFilterFunctionality_Mobile_20-47-52] Checking if the allowedDateParts have the assert text   Within validateDeliveryFilterOptions method
20:48:09 [TestNG-test-Test-3] INFO  verifyingGetItIn2DaysFilterFunctionality_Mobile_20-47-52 - [verifyingGetItIn2DaysFilterFunctionality_Mobile_20-47-52] Within deliveryElements loop iterating over the products  Within validateDeliveryFilterOptions method
20:48:09 [TestNG-test-Test-3] INFO  verifyingGetItIn2DaysFilterFunctionality_Mobile_20-47-52 - [verifyingGetItIn2DaysFilterFunctionality_Mobile_20-47-52] Checking if the allowedDateParts have the assert text   Within validateDeliveryFilterOptions method
20:48:09 [TestNG-test-Test-3] INFO  verifyingGetItIn2DaysFilterFunctionality_Mobile_20-47-52 - [verifyingGetItIn2DaysFilterFunctionality_Mobile_20-47-52] Returning the list with boolean values   Within validateDeliveryFilterOptions method
20:48:09 [TestNG-test-Test-3] INFO  verifyingGetItIn2DaysFilterFunctionality_Mobile_20-47-52 - [verifyingGetItIn2DaysFilterFunctionality_Mobile_20-47-52] Asserting delivery filter: isValid=true, index=-1, text=All the things are valid no errors
