19:36:43 [TestNG-test-Test-3] INFO  verifyingGetItByTodayFilterFunctionality_Tablet_19-36-43 - No existing WebDriver found for current thread. Initializing a new ChromeDriver...
19:36:43 [TestNG-test-Test-3] INFO  verifyingGetItByTodayFilterFunctionality_Tablet_19-36-43 - WebDriverManager: chromedriver setup OK
19:36:44 [TestNG-test-Test-3] INFO  verifyingGetItByTodayFilterFunctionality_Tablet_19-36-43 - ChromeDriver initialized successfully for thread: 36
19:36:46 [TestNG-test-Test-3] INFO  verifyingGetItByTodayFilterFunctionality_Tablet_19-36-43 - [verifyingGetItByTodayFilterFunctionality_Tablet_19-36-43] Opening amazon Landing page
19:36:46 [TestNG-test-Test-3] INFO  verifyingGetItByTodayFilterFunctionality_Tablet_19-36-43 - [verifyingGetItByTodayFilterFunctionality_Tablet_19-36-43] Within safeFindElement method
19:36:46 [TestNG-test-Test-3] INFO  verifyingGetItByTodayFilterFunctionality_Tablet_19-36-43 - [verifyingGetItByTodayFilterFunctionality_Tablet_19-36-43]Found the element returning it ,element ->[[ChromeDriver: chrome on windows (6eba7d8eda4258ae40c6c6caf08adb64)] -> xpath: //a[@id='nav-logo-sprites']]
19:36:47 [TestNG-test-Test-3] INFO  verifyingGetItByTodayFilterFunctionality_Tablet_19-36-43 - [verifyingGetItByTodayFilterFunctionality_Tablet_19-36-43] Giving input within the search bar
19:36:47 [TestNG-test-Test-3] INFO  verifyingGetItByTodayFilterFunctionality_Tablet_19-36-43 - [verifyingGetItByTodayFilterFunctionality_Tablet_19-36-43] Within safeClick method
19:36:50 [TestNG-test-Test-3] INFO  verifyingGetItByTodayFilterFunctionality_Tablet_19-36-43 - [verifyingGetItByTodayFilterFunctionality_Tablet_19-36-43] Clicked the  [[ChromeDriver: chrome on windows (6eba7d8eda4258ae40c6c6caf08adb64)] -> xpath: //input[@id='nav-search-submit-button']]   using safeClick
19:36:50 [TestNG-test-Test-3] INFO  verifyingGetItByTodayFilterFunctionality_Tablet_19-36-43 - [verifyingGetItByTodayFilterFunctionality_Tablet_19-36-43] Clicking on the submit in the search bar
19:36:50 [TestNG-test-Test-3] INFO  verifyingGetItByTodayFilterFunctionality_Tablet_19-36-43 - [verifyingGetItByTodayFilterFunctionality_Tablet_19-36-43] Waiting until element is visible in viewport
19:36:50 [TestNG-test-Test-3] INFO  verifyingGetItByTodayFilterFunctionality_Tablet_19-36-43 - [verifyingGetItByTodayFilterFunctionality_Tablet_19-36-43] Within validateDeliveryFilterOptionsWithResult method
19:36:50 [TestNG-test-Test-3] INFO  verifyingGetItByTodayFilterFunctionality_Tablet_19-36-43 - [verifyingGetItByTodayFilterFunctionality_Tablet_19-36-43] Within safeClick method
19:36:50 [TestNG-test-Test-3] INFO  verifyingGetItByTodayFilterFunctionality_Tablet_19-36-43 - [verifyingGetItByTodayFilterFunctionality_Tablet_19-36-43] Clicked the  [[ChromeDriver: chrome on windows (6eba7d8eda4258ae40c6c6caf08adb64)] -> xpath: //span[@class='a-size-base a-color-base puis-bold-weight-text' and text()='Delivery Day']/parent::div/following-sibling::ul//span[@class='a-size-base a-color-base' and text()='Get It Today']]   using safeClick
19:36:50 [TestNG-test-Test-3] INFO  verifyingGetItByTodayFilterFunctionality_Tablet_19-36-43 - [verifyingGetItByTodayFilterFunctionality_Tablet_19-36-43] Within getMoreButtonByFilterTypeAndName method
19:36:51 [TestNG-test-Test-3] INFO  verifyingGetItByTodayFilterFunctionality_Tablet_19-36-43 - [verifyingGetItByTodayFilterFunctionality_Tablet_19-36-43] Clicked on By.xpath: //span[@class='a-size-base a-color-base puis-bold-weight-text' and text()='Delivery Day']/parent::div/following-sibling::ul//span[@class='a-size-base a-color-base' and text()='Get It Today']
19:36:51 [TestNG-test-Test-3] INFO  verifyingGetItByTodayFilterFunctionality_Tablet_19-36-43 - [verifyingGetItByTodayFilterFunctionality_Tablet_19-36-43] Within safeFindElements 
19:36:51 [TestNG-test-Test-3] INFO  verifyingGetItByTodayFilterFunctionality_Tablet_19-36-43 - [verifyingGetItByTodayFilterFunctionality_Tablet_19-36-43] Returning the  [[[ChromeDriver: chrome on windows (6eba7d8eda4258ae40c6c6caf08adb64)] -> xpath: //div[@class='a-section a-spacing-small a-spacing-top-small']], [[ChromeDriver: chrome on windows (6eba7d8eda4258ae40c6c6caf08adb64)] -> xpath: //div[@class='a-section a-spacing-small a-spacing-top-small']], [[ChromeDriver: chrome on windows (6eba7d8eda4258ae40c6c6caf08adb64)] -> xpath: //div[@class='a-section a-spacing-small a-spacing-top-small']], [[ChromeDriver: chrome on windows (6eba7d8eda4258ae40c6c6caf08adb64)] -> xpath: //div[@class='a-section a-spacing-small a-spacing-top-small']], [[ChromeDriver: chrome on windows (6eba7d8eda4258ae40c6c6caf08adb64)] -> xpath: //div[@class='a-section a-spacing-small a-spacing-top-small']], [[ChromeDriver: chrome on windows (6eba7d8eda4258ae40c6c6caf08adb64)] -> xpath: //div[@class='a-section a-spacing-small a-spacing-top-small']], [[ChromeDriver: chrome on windows (6eba7d8eda4258ae40c6c6caf08adb64)] -> xpath: //div[@class='a-section a-spacing-small a-spacing-top-small']], [[ChromeDriver: chrome on windows (6eba7d8eda4258ae40c6c6caf08adb64)] -> xpath: //div[@class='a-section a-spacing-small a-spacing-top-small']], [[ChromeDriver: chrome on windows (6eba7d8eda4258ae40c6c6caf08adb64)] -> xpath: //div[@class='a-section a-spacing-small a-spacing-top-small']], [[ChromeDriver: chrome on windows (6eba7d8eda4258ae40c6c6caf08adb64)] -> xpath: //div[@class='a-section a-spacing-small a-spacing-top-small']], [[ChromeDriver: chrome on windows (6eba7d8eda4258ae40c6c6caf08adb64)] -> xpath: //div[@class='a-section a-spacing-small a-spacing-top-small']]] from the safeFindElements method
19:36:51 [TestNG-test-Test-3] INFO  verifyingGetItByTodayFilterFunctionality_Tablet_19-36-43 - [verifyingGetItByTodayFilterFunctionality_Tablet_19-36-43] Created hashset with required data to assert with Within validateDeliveryFilterOptions method
19:36:51 [TestNG-test-Test-3] INFO  verifyingGetItByTodayFilterFunctionality_Tablet_19-36-43 - [verifyingGetItByTodayFilterFunctionality_Tablet_19-36-43] this is the set  [Jul, Today, 14, 15, Tue, FREE delivery, Wed, Tomorrow]
19:36:51 [TestNG-test-Test-3] INFO  verifyingGetItByTodayFilterFunctionality_Tablet_19-36-43 - [verifyingGetItByTodayFilterFunctionality_Tablet_19-36-43] Within deliveryElements loop iterating over the products  Within validateDeliveryFilterOptions method
19:36:51 [TestNG-test-Test-3] INFO  verifyingGetItByTodayFilterFunctionality_Tablet_19-36-43 - [verifyingGetItByTodayFilterFunctionality_Tablet_19-36-43] Checking if the allowedDateParts have the assert text   Within validateDeliveryFilterOptions method
19:36:51 [TestNG-test-Test-3] INFO  verifyingGetItByTodayFilterFunctionality_Tablet_19-36-43 - [verifyingGetItByTodayFilterFunctionality_Tablet_19-36-43] Within deliveryElements loop iterating over the products  Within validateDeliveryFilterOptions method
19:36:51 [TestNG-test-Test-3] INFO  verifyingGetItByTodayFilterFunctionality_Tablet_19-36-43 - [verifyingGetItByTodayFilterFunctionality_Tablet_19-36-43] Checking if the allowedDateParts have the assert text   Within validateDeliveryFilterOptions method
19:36:51 [TestNG-test-Test-3] INFO  verifyingGetItByTodayFilterFunctionality_Tablet_19-36-43 - [verifyingGetItByTodayFilterFunctionality_Tablet_19-36-43] Within deliveryElements loop iterating over the products  Within validateDeliveryFilterOptions method
19:36:51 [TestNG-test-Test-3] INFO  verifyingGetItByTodayFilterFunctionality_Tablet_19-36-43 - [verifyingGetItByTodayFilterFunctionality_Tablet_19-36-43] Checking if the allowedDateParts have the assert text   Within validateDeliveryFilterOptions method
19:36:51 [TestNG-test-Test-3] INFO  verifyingGetItByTodayFilterFunctionality_Tablet_19-36-43 - [verifyingGetItByTodayFilterFunctionality_Tablet_19-36-43] Within deliveryElements loop iterating over the products  Within validateDeliveryFilterOptions method
19:36:51 [TestNG-test-Test-3] INFO  verifyingGetItByTodayFilterFunctionality_Tablet_19-36-43 - [verifyingGetItByTodayFilterFunctionality_Tablet_19-36-43] Checking if the allowedDateParts have the assert text   Within validateDeliveryFilterOptions method
19:36:51 [TestNG-test-Test-3] INFO  verifyingGetItByTodayFilterFunctionality_Tablet_19-36-43 - [verifyingGetItByTodayFilterFunctionality_Tablet_19-36-43] Within deliveryElements loop iterating over the products  Within validateDeliveryFilterOptions method
19:36:51 [TestNG-test-Test-3] INFO  verifyingGetItByTodayFilterFunctionality_Tablet_19-36-43 - [verifyingGetItByTodayFilterFunctionality_Tablet_19-36-43] Checking if the allowedDateParts have the assert text   Within validateDeliveryFilterOptions method
19:36:51 [TestNG-test-Test-3] INFO  verifyingGetItByTodayFilterFunctionality_Tablet_19-36-43 - [verifyingGetItByTodayFilterFunctionality_Tablet_19-36-43] Within deliveryElements loop iterating over the products  Within validateDeliveryFilterOptions method
19:36:51 [TestNG-test-Test-3] INFO  verifyingGetItByTodayFilterFunctionality_Tablet_19-36-43 - [verifyingGetItByTodayFilterFunctionality_Tablet_19-36-43] Checking if the allowedDateParts have the assert text   Within validateDeliveryFilterOptions method
19:36:51 [TestNG-test-Test-3] INFO  verifyingGetItByTodayFilterFunctionality_Tablet_19-36-43 - [verifyingGetItByTodayFilterFunctionality_Tablet_19-36-43] Within deliveryElements loop iterating over the products  Within validateDeliveryFilterOptions method
19:36:51 [TestNG-test-Test-3] INFO  verifyingGetItByTodayFilterFunctionality_Tablet_19-36-43 - [verifyingGetItByTodayFilterFunctionality_Tablet_19-36-43] Checking if the allowedDateParts have the assert text   Within validateDeliveryFilterOptions method
19:36:51 [TestNG-test-Test-3] INFO  verifyingGetItByTodayFilterFunctionality_Tablet_19-36-43 - [verifyingGetItByTodayFilterFunctionality_Tablet_19-36-43] Within deliveryElements loop iterating over the products  Within validateDeliveryFilterOptions method
19:36:51 [TestNG-test-Test-3] INFO  verifyingGetItByTodayFilterFunctionality_Tablet_19-36-43 - [verifyingGetItByTodayFilterFunctionality_Tablet_19-36-43] Checking if the allowedDateParts have the assert text   Within validateDeliveryFilterOptions method
19:36:51 [TestNG-test-Test-3] INFO  verifyingGetItByTodayFilterFunctionality_Tablet_19-36-43 - [verifyingGetItByTodayFilterFunctionality_Tablet_19-36-43] Within deliveryElements loop iterating over the products  Within validateDeliveryFilterOptions method
19:36:51 [TestNG-test-Test-3] INFO  verifyingGetItByTodayFilterFunctionality_Tablet_19-36-43 - [verifyingGetItByTodayFilterFunctionality_Tablet_19-36-43] Checking if the allowedDateParts have the assert text   Within validateDeliveryFilterOptions method
19:36:51 [TestNG-test-Test-3] INFO  verifyingGetItByTodayFilterFunctionality_Tablet_19-36-43 - [verifyingGetItByTodayFilterFunctionality_Tablet_19-36-43] Within deliveryElements loop iterating over the products  Within validateDeliveryFilterOptions method
19:36:51 [TestNG-test-Test-3] INFO  verifyingGetItByTodayFilterFunctionality_Tablet_19-36-43 - [verifyingGetItByTodayFilterFunctionality_Tablet_19-36-43] Checking if the allowedDateParts have the assert text   Within validateDeliveryFilterOptions method
19:36:51 [TestNG-test-Test-3] INFO  verifyingGetItByTodayFilterFunctionality_Tablet_19-36-43 - [verifyingGetItByTodayFilterFunctionality_Tablet_19-36-43] Within deliveryElements loop iterating over the products  Within validateDeliveryFilterOptions method
19:36:52 [TestNG-test-Test-3] INFO  verifyingGetItByTodayFilterFunctionality_Tablet_19-36-43 - [verifyingGetItByTodayFilterFunctionality_Tablet_19-36-43] Checking if the allowedDateParts have the assert text   Within validateDeliveryFilterOptions method
19:36:52 [TestNG-test-Test-3] INFO  verifyingGetItByTodayFilterFunctionality_Tablet_19-36-43 - [verifyingGetItByTodayFilterFunctionality_Tablet_19-36-43] Returning the list with boolean values   Within validateDeliveryFilterOptions method
19:36:52 [TestNG-test-Test-3] INFO  verifyingGetItByTodayFilterFunctionality_Tablet_19-36-43 - [verifyingGetItByTodayFilterFunctionality_Tablet_19-36-43] Asserting delivery filter: isValid=true, index=-1, text=All the things are valid no errors
