23:03:46 [TestNG-test-Test-3] INFO  verifyingFreeDeliveryFilterFunctionality_Tablet_23-03-46 - No existing WebDriver found for current thread. Initializing a new ChromeDriver...
23:03:46 [TestNG-test-Test-3] INFO  verifyingFreeDeliveryFilterFunctionality_Tablet_23-03-46 - WebDriverManager: chromedriver setup OK
23:03:47 [TestNG-test-Test-3] INFO  verifyingFreeDeliveryFilterFunctionality_Tablet_23-03-46 - ChromeDriver initialized successfully for thread: 36
23:03:48 [TestNG-test-Test-3] INFO  verifyingFreeDeliveryFilterFunctionality_Tablet_23-03-46 - [verifyingFreeDeliveryFilterFunctionality_Tablet_23-03-46] Opening amazon Landing page
23:03:48 [TestNG-test-Test-3] INFO  verifyingFreeDeliveryFilterFunctionality_Tablet_23-03-46 - [verifyingFreeDeliveryFilterFunctionality_Tablet_23-03-46] Within safeFindElement method
23:03:48 [TestNG-test-Test-3] INFO  verifyingFreeDeliveryFilterFunctionality_Tablet_23-03-46 - [verifyingFreeDeliveryFilterFunctionality_Tablet_23-03-46]Found the element returning it ,element ->[[ChromeDriver: chrome on windows (d9114b24094873a50bc1186e6d36f31f)] -> xpath: //a[@id='nav-logo-sprites']]
23:03:48 [TestNG-test-Test-3] INFO  verifyingFreeDeliveryFilterFunctionality_Tablet_23-03-46 - [verifyingFreeDeliveryFilterFunctionality_Tablet_23-03-46] Giving input within the search bar
23:03:48 [TestNG-test-Test-3] INFO  verifyingFreeDeliveryFilterFunctionality_Tablet_23-03-46 - [verifyingFreeDeliveryFilterFunctionality_Tablet_23-03-46] Within safeClick method
23:03:50 [TestNG-test-Test-3] INFO  verifyingFreeDeliveryFilterFunctionality_Tablet_23-03-46 - [verifyingFreeDeliveryFilterFunctionality_Tablet_23-03-46] Clicked the  [[ChromeDriver: chrome on windows (d9114b24094873a50bc1186e6d36f31f)] -> xpath: //input[@id='nav-search-submit-button']]   using safeClick
23:03:50 [TestNG-test-Test-3] INFO  verifyingFreeDeliveryFilterFunctionality_Tablet_23-03-46 - [verifyingFreeDeliveryFilterFunctionality_Tablet_23-03-46] Clicking on the submit in the search bar
23:03:50 [TestNG-test-Test-3] INFO  verifyingFreeDeliveryFilterFunctionality_Tablet_23-03-46 - [verifyingFreeDeliveryFilterFunctionality_Tablet_23-03-46] Waiting until element is visible in viewport
23:03:50 [TestNG-test-Test-3] INFO  verifyingFreeDeliveryFilterFunctionality_Tablet_23-03-46 - [verifyingFreeDeliveryFilterFunctionality_Tablet_23-03-46] Within validateDeliveryFilterOptionsWithResult method
23:03:50 [TestNG-test-Test-3] INFO  verifyingFreeDeliveryFilterFunctionality_Tablet_23-03-46 - [verifyingFreeDeliveryFilterFunctionality_Tablet_23-03-46] Within safeClick method
23:03:50 [TestNG-test-Test-3] INFO  verifyingFreeDeliveryFilterFunctionality_Tablet_23-03-46 - [verifyingFreeDeliveryFilterFunctionality_Tablet_23-03-46] Clicked the  [[ChromeDriver: chrome on windows (d9114b24094873a50bc1186e6d36f31f)] -> xpath: //span[@class='a-size-base a-color-base puis-bold-weight-text' and text()='Eligible for Free Delivery']/parent::div/following-sibling::ul//span[@class='a-size-base a-color-base' and text()='Free Shipping']]   using safeClick
23:03:50 [TestNG-test-Test-3] INFO  verifyingFreeDeliveryFilterFunctionality_Tablet_23-03-46 - [verifyingFreeDeliveryFilterFunctionality_Tablet_23-03-46] Within getMoreButtonByFilterTypeAndName method
23:03:50 [TestNG-test-Test-3] INFO  verifyingFreeDeliveryFilterFunctionality_Tablet_23-03-46 - [verifyingFreeDeliveryFilterFunctionality_Tablet_23-03-46] Clicked on By.xpath: //span[@class='a-size-base a-color-base puis-bold-weight-text' and text()='Eligible for Free Delivery']/parent::div/following-sibling::ul//span[@class='a-size-base a-color-base' and text()='Free Shipping']
23:03:50 [TestNG-test-Test-3] INFO  verifyingFreeDeliveryFilterFunctionality_Tablet_23-03-46 - [verifyingFreeDeliveryFilterFunctionality_Tablet_23-03-46] Within safeFindElements 
23:03:51 [TestNG-test-Test-3] INFO  verifyingFreeDeliveryFilterFunctionality_Tablet_23-03-46 - [verifyingFreeDeliveryFilterFunctionality_Tablet_23-03-46] Returning the  [[[ChromeDriver: chrome on windows (d9114b24094873a50bc1186e6d36f31f)] -> xpath: //div[@class='a-section a-spacing-small a-spacing-top-small']], [[ChromeDriver: chrome on windows (d9114b24094873a50bc1186e6d36f31f)] -> xpath: //div[@class='a-section a-spacing-small a-spacing-top-small']], [[ChromeDriver: chrome on windows (d9114b24094873a50bc1186e6d36f31f)] -> xpath: //div[@class='a-section a-spacing-small a-spacing-top-small']], [[ChromeDriver: chrome on windows (d9114b24094873a50bc1186e6d36f31f)] -> xpath: //div[@class='a-section a-spacing-small a-spacing-top-small']], [[ChromeDriver: chrome on windows (d9114b24094873a50bc1186e6d36f31f)] -> xpath: //div[@class='a-section a-spacing-small a-spacing-top-small']], [[ChromeDriver: chrome on windows (d9114b24094873a50bc1186e6d36f31f)] -> xpath: //div[@class='a-section a-spacing-small a-spacing-top-small']], [[ChromeDriver: chrome on windows (d9114b24094873a50bc1186e6d36f31f)] -> xpath: //div[@class='a-section a-spacing-small a-spacing-top-small']], [[ChromeDriver: chrome on windows (d9114b24094873a50bc1186e6d36f31f)] -> xpath: //div[@class='a-section a-spacing-small a-spacing-top-small']], [[ChromeDriver: chrome on windows (d9114b24094873a50bc1186e6d36f31f)] -> xpath: //div[@class='a-section a-spacing-small a-spacing-top-small']], [[ChromeDriver: chrome on windows (d9114b24094873a50bc1186e6d36f31f)] -> xpath: //div[@class='a-section a-spacing-small a-spacing-top-small']], [[ChromeDriver: chrome on windows (d9114b24094873a50bc1186e6d36f31f)] -> xpath: //div[@class='a-section a-spacing-small a-spacing-top-small']], [[ChromeDriver: chrome on windows (d9114b24094873a50bc1186e6d36f31f)] -> xpath: //div[@class='a-section a-spacing-small a-spacing-top-small']], [[ChromeDriver: chrome on windows (d9114b24094873a50bc1186e6d36f31f)] -> xpath: //div[@class='a-section a-spacing-small a-spacing-top-small']]] from the safeFindElements method
23:03:51 [TestNG-test-Test-3] INFO  verifyingFreeDeliveryFilterFunctionality_Tablet_23-03-46 - [verifyingFreeDeliveryFilterFunctionality_Tablet_23-03-46] Created hashset with required data to assert with Within validateDeliveryFilterOptions method
23:03:51 [TestNG-test-Test-3] INFO  verifyingFreeDeliveryFilterFunctionality_Tablet_23-03-46 - [verifyingFreeDeliveryFilterFunctionality_Tablet_23-03-46] this is the set  [Thu, Aug, Today, FREE delivery, 06, 07, Fri, Tomorrow]
23:03:51 [TestNG-test-Test-3] INFO  verifyingFreeDeliveryFilterFunctionality_Tablet_23-03-46 - [verifyingFreeDeliveryFilterFunctionality_Tablet_23-03-46] Within deliveryElements loop iterating over the products  Within validateDeliveryFilterOptions method
23:03:51 [TestNG-test-Test-3] INFO  verifyingFreeDeliveryFilterFunctionality_Tablet_23-03-46 - [verifyingFreeDeliveryFilterFunctionality_Tablet_23-03-46] Checking if the allowedDateParts have the assert text   Within validateDeliveryFilterOptions method
23:03:51 [TestNG-test-Test-3] INFO  verifyingFreeDeliveryFilterFunctionality_Tablet_23-03-46 - [verifyingFreeDeliveryFilterFunctionality_Tablet_23-03-46] Within deliveryElements loop iterating over the products  Within validateDeliveryFilterOptions method
23:03:51 [TestNG-test-Test-3] INFO  verifyingFreeDeliveryFilterFunctionality_Tablet_23-03-46 - [verifyingFreeDeliveryFilterFunctionality_Tablet_23-03-46] Checking if the allowedDateParts have the assert text   Within validateDeliveryFilterOptions method
23:03:51 [TestNG-test-Test-3] INFO  verifyingFreeDeliveryFilterFunctionality_Tablet_23-03-46 - [verifyingFreeDeliveryFilterFunctionality_Tablet_23-03-46] Within deliveryElements loop iterating over the products  Within validateDeliveryFilterOptions method
23:03:51 [TestNG-test-Test-3] INFO  verifyingFreeDeliveryFilterFunctionality_Tablet_23-03-46 - [verifyingFreeDeliveryFilterFunctionality_Tablet_23-03-46] Checking if the allowedDateParts have the assert text   Within validateDeliveryFilterOptions method
23:03:51 [TestNG-test-Test-3] INFO  verifyingFreeDeliveryFilterFunctionality_Tablet_23-03-46 - [verifyingFreeDeliveryFilterFunctionality_Tablet_23-03-46] Within deliveryElements loop iterating over the products  Within validateDeliveryFilterOptions method
23:03:51 [TestNG-test-Test-3] INFO  verifyingFreeDeliveryFilterFunctionality_Tablet_23-03-46 - [verifyingFreeDeliveryFilterFunctionality_Tablet_23-03-46] Checking if the allowedDateParts have the assert text   Within validateDeliveryFilterOptions method
23:03:51 [TestNG-test-Test-3] INFO  verifyingFreeDeliveryFilterFunctionality_Tablet_23-03-46 - [verifyingFreeDeliveryFilterFunctionality_Tablet_23-03-46] Within deliveryElements loop iterating over the products  Within validateDeliveryFilterOptions method
23:03:51 [TestNG-test-Test-3] INFO  verifyingFreeDeliveryFilterFunctionality_Tablet_23-03-46 - [verifyingFreeDeliveryFilterFunctionality_Tablet_23-03-46] Checking if the allowedDateParts have the assert text   Within validateDeliveryFilterOptions method
23:03:51 [TestNG-test-Test-3] INFO  verifyingFreeDeliveryFilterFunctionality_Tablet_23-03-46 - [verifyingFreeDeliveryFilterFunctionality_Tablet_23-03-46] Within deliveryElements loop iterating over the products  Within validateDeliveryFilterOptions method
23:03:51 [TestNG-test-Test-3] INFO  verifyingFreeDeliveryFilterFunctionality_Tablet_23-03-46 - [verifyingFreeDeliveryFilterFunctionality_Tablet_23-03-46] Checking if the allowedDateParts have the assert text   Within validateDeliveryFilterOptions method
23:03:51 [TestNG-test-Test-3] INFO  verifyingFreeDeliveryFilterFunctionality_Tablet_23-03-46 - [verifyingFreeDeliveryFilterFunctionality_Tablet_23-03-46] Within deliveryElements loop iterating over the products  Within validateDeliveryFilterOptions method
23:03:51 [TestNG-test-Test-3] INFO  verifyingFreeDeliveryFilterFunctionality_Tablet_23-03-46 - [verifyingFreeDeliveryFilterFunctionality_Tablet_23-03-46] Checking if the allowedDateParts have the assert text   Within validateDeliveryFilterOptions method
23:03:51 [TestNG-test-Test-3] INFO  verifyingFreeDeliveryFilterFunctionality_Tablet_23-03-46 - [verifyingFreeDeliveryFilterFunctionality_Tablet_23-03-46] Within deliveryElements loop iterating over the products  Within validateDeliveryFilterOptions method
23:03:51 [TestNG-test-Test-3] INFO  verifyingFreeDeliveryFilterFunctionality_Tablet_23-03-46 - [verifyingFreeDeliveryFilterFunctionality_Tablet_23-03-46] Checking if the allowedDateParts have the assert text   Within validateDeliveryFilterOptions method
23:03:51 [TestNG-test-Test-3] INFO  verifyingFreeDeliveryFilterFunctionality_Tablet_23-03-46 - [verifyingFreeDeliveryFilterFunctionality_Tablet_23-03-46] Within deliveryElements loop iterating over the products  Within validateDeliveryFilterOptions method
23:03:51 [TestNG-test-Test-3] INFO  verifyingFreeDeliveryFilterFunctionality_Tablet_23-03-46 - [verifyingFreeDeliveryFilterFunctionality_Tablet_23-03-46] Checking if the allowedDateParts have the assert text   Within validateDeliveryFilterOptions method
23:03:51 [TestNG-test-Test-3] INFO  verifyingFreeDeliveryFilterFunctionality_Tablet_23-03-46 - [verifyingFreeDeliveryFilterFunctionality_Tablet_23-03-46] Within deliveryElements loop iterating over the products  Within validateDeliveryFilterOptions method
23:03:51 [TestNG-test-Test-3] INFO  verifyingFreeDeliveryFilterFunctionality_Tablet_23-03-46 - [verifyingFreeDeliveryFilterFunctionality_Tablet_23-03-46] Checking if the allowedDateParts have the assert text   Within validateDeliveryFilterOptions method
23:03:51 [TestNG-test-Test-3] INFO  verifyingFreeDeliveryFilterFunctionality_Tablet_23-03-46 - [verifyingFreeDeliveryFilterFunctionality_Tablet_23-03-46] Within deliveryElements loop iterating over the products  Within validateDeliveryFilterOptions method
23:03:51 [TestNG-test-Test-3] INFO  verifyingFreeDeliveryFilterFunctionality_Tablet_23-03-46 - [verifyingFreeDeliveryFilterFunctionality_Tablet_23-03-46] Checking if the allowedDateParts have the assert text   Within validateDeliveryFilterOptions method
23:03:51 [TestNG-test-Test-3] INFO  verifyingFreeDeliveryFilterFunctionality_Tablet_23-03-46 - [verifyingFreeDeliveryFilterFunctionality_Tablet_23-03-46] Within deliveryElements loop iterating over the products  Within validateDeliveryFilterOptions method
23:03:51 [TestNG-test-Test-3] INFO  verifyingFreeDeliveryFilterFunctionality_Tablet_23-03-46 - [verifyingFreeDeliveryFilterFunctionality_Tablet_23-03-46] Checking if the allowedDateParts have the assert text   Within validateDeliveryFilterOptions method
23:03:51 [TestNG-test-Test-3] INFO  verifyingFreeDeliveryFilterFunctionality_Tablet_23-03-46 - [verifyingFreeDeliveryFilterFunctionality_Tablet_23-03-46] Within deliveryElements loop iterating over the products  Within validateDeliveryFilterOptions method
23:03:51 [TestNG-test-Test-3] INFO  verifyingFreeDeliveryFilterFunctionality_Tablet_23-03-46 - [verifyingFreeDeliveryFilterFunctionality_Tablet_23-03-46] Checking if the allowedDateParts have the assert text   Within validateDeliveryFilterOptions method
23:03:51 [TestNG-test-Test-3] INFO  verifyingFreeDeliveryFilterFunctionality_Tablet_23-03-46 - [verifyingFreeDeliveryFilterFunctionality_Tablet_23-03-46] Returning the list with boolean values   Within validateDeliveryFilterOptions method
23:03:51 [TestNG-test-Test-3] INFO  verifyingFreeDeliveryFilterFunctionality_Tablet_23-03-46 - [verifyingFreeDeliveryFilterFunctionality_Tablet_23-03-46] Asserting delivery filter: isValid=true, index=-1, text=All the things are valid no errors
