17:43:44 [TestNG-test-Test-1] INFO  verifyingDisplayTypeFilterFunctionality_Mobile_17-43-44 - No existing WebDriver found for current thread. Initializing a new ChromeDriver...
17:43:44 [TestNG-test-Test-1] INFO  verifyingDisplayTypeFilterFunctionality_Mobile_17-43-44 - WebDriverManager: chromedriver setup OK
17:43:45 [TestNG-test-Test-1] INFO  verifyingDisplayTypeFilterFunctionality_Mobile_17-43-44 - ChromeDriver initialized successfully for thread: 34
17:43:45 [TestNG-test-Test-1] INFO  verifyingDisplayTypeFilterFunctionality_Mobile_17-43-44 - [verifyingDisplayTypeFilterFunctionality_Mobile_17-43-44] Opening amazon Landing page
17:43:45 [TestNG-test-Test-1] INFO  verifyingDisplayTypeFilterFunctionality_Mobile_17-43-44 - [verifyingDisplayTypeFilterFunctionality_Mobile_17-43-44] Within safeFindElement method
17:43:47 [TestNG-test-Test-1] INFO  verifyingDisplayTypeFilterFunctionality_Mobile_17-43-44 - [verifyingDisplayTypeFilterFunctionality_Mobile_17-43-44]Found the element returning it ,element ->[[ChromeDriver: chrome on windows (8e57e7d350805858361d145834b53ab2)] -> xpath: //a[@id='nav-logo-sprites']]
17:43:48 [TestNG-test-Test-1] INFO  verifyingDisplayTypeFilterFunctionality_Mobile_17-43-44 - [verifyingDisplayTypeFilterFunctionality_Mobile_17-43-44] Giving input within the search bar
17:43:48 [TestNG-test-Test-1] INFO  verifyingDisplayTypeFilterFunctionality_Mobile_17-43-44 - [verifyingDisplayTypeFilterFunctionality_Mobile_17-43-44] Within safeClick method
17:43:50 [TestNG-test-Test-1] INFO  verifyingDisplayTypeFilterFunctionality_Mobile_17-43-44 - [verifyingDisplayTypeFilterFunctionality_Mobile_17-43-44] Clicked the  [[ChromeDriver: chrome on windows (8e57e7d350805858361d145834b53ab2)] -> xpath: //input[@id='nav-search-submit-button']]   using safeClick
17:43:50 [TestNG-test-Test-1] INFO  verifyingDisplayTypeFilterFunctionality_Mobile_17-43-44 - [verifyingDisplayTypeFilterFunctionality_Mobile_17-43-44] Clicking on the submit in the search bar
17:43:50 [TestNG-test-Test-1] INFO  verifyingDisplayTypeFilterFunctionality_Mobile_17-43-44 - [verifyingDisplayTypeFilterFunctionality_Mobile_17-43-44] Within filterCheckUnderList method
17:43:50 [TestNG-test-Test-1] INFO  verifyingDisplayTypeFilterFunctionality_Mobile_17-43-44 - [verifyingDisplayTypeFilterFunctionality_Mobile_17-43-44] Found the Filter within the filter check List
17:43:50 [TestNG-test-Test-1] INFO  verifyingDisplayTypeFilterFunctionality_Mobile_17-43-44 - [verifyingDisplayTypeFilterFunctionality_Mobile_17-43-44] Within applyFilterAndValidateProductsWithResult method
17:43:50 [TestNG-test-Test-1] INFO  verifyingDisplayTypeFilterFunctionality_Mobile_17-43-44 - [verifyingDisplayTypeFilterFunctionality_Mobile_17-43-44] Within safeFindElements 
17:43:50 [TestNG-test-Test-1] INFO  verifyingDisplayTypeFilterFunctionality_Mobile_17-43-44 - [verifyingDisplayTypeFilterFunctionality_Mobile_17-43-44] Returning the  [[[ChromeDriver: chrome on windows (8e57e7d350805858361d145834b53ab2)] -> xpath: //span[@class='a-size-base a-color-base puis-bold-weight-text' and text()='Display Type']/parent::div/following-sibling::ul//span[@class='a-size-base a-color-base']], [[ChromeDriver: chrome on windows (8e57e7d350805858361d145834b53ab2)] -> xpath: //span[@class='a-size-base a-color-base puis-bold-weight-text' and text()='Display Type']/parent::div/following-sibling::ul//span[@class='a-size-base a-color-base']], [[ChromeDriver: chrome on windows (8e57e7d350805858361d145834b53ab2)] -> xpath: //span[@class='a-size-base a-color-base puis-bold-weight-text' and text()='Display Type']/parent::div/following-sibling::ul//span[@class='a-size-base a-color-base']]] from the safeFindElements method
17:43:50 [TestNG-test-Test-1] INFO  verifyingDisplayTypeFilterFunctionality_Mobile_17-43-44 - [verifyingDisplayTypeFilterFunctionality_Mobile_17-43-44] Within applyFilterAndValidateProductsWithResult filterOptions size is -> 3
17:43:50 [TestNG-test-Test-1] INFO  verifyingDisplayTypeFilterFunctionality_Mobile_17-43-44 - [verifyingDisplayTypeFilterFunctionality_Mobile_17-43-44] Execution is Not CRON Job Hence refering to normal keys from UtilData
17:43:50 [TestNG-test-Test-1] INFO  verifyingDisplayTypeFilterFunctionality_Mobile_17-43-44 - [verifyingDisplayTypeFilterFunctionality_Mobile_17-43-44] Within filterOptions loop in applyFilterAndValidateProductsWithResult
17:43:50 [TestNG-test-Test-1] INFO  verifyingDisplayTypeFilterFunctionality_Mobile_17-43-44 - [verifyingDisplayTypeFilterFunctionality_Mobile_17-43-44] Within safeFindElements 
17:43:50 [TestNG-test-Test-1] INFO  verifyingDisplayTypeFilterFunctionality_Mobile_17-43-44 - [verifyingDisplayTypeFilterFunctionality_Mobile_17-43-44] Returning the  [[[ChromeDriver: chrome on windows (8e57e7d350805858361d145834b53ab2)] -> xpath: //span[@class='a-size-base a-color-base puis-bold-weight-text' and text()='Display Type']/parent::div/following-sibling::ul//span[@class='a-size-base a-color-base']], [[ChromeDriver: chrome on windows (8e57e7d350805858361d145834b53ab2)] -> xpath: //span[@class='a-size-base a-color-base puis-bold-weight-text' and text()='Display Type']/parent::div/following-sibling::ul//span[@class='a-size-base a-color-base']], [[ChromeDriver: chrome on windows (8e57e7d350805858361d145834b53ab2)] -> xpath: //span[@class='a-size-base a-color-base puis-bold-weight-text' and text()='Display Type']/parent::div/following-sibling::ul//span[@class='a-size-base a-color-base']]] from the safeFindElements method
17:43:50 [TestNG-test-Test-1] INFO  verifyingDisplayTypeFilterFunctionality_Mobile_17-43-44 - [verifyingDisplayTypeFilterFunctionality_Mobile_17-43-44] Trying to read filter option 0 (attempt 1/3)
17:43:50 [TestNG-test-Test-1] INFO  verifyingDisplayTypeFilterFunctionality_Mobile_17-43-44 - [verifyingDisplayTypeFilterFunctionality_Mobile_17-43-44] Successfully read filter option 0 = 'AMOLED'
17:43:50 [TestNG-test-Test-1] INFO  verifyingDisplayTypeFilterFunctionality_Mobile_17-43-44 - [verifyingDisplayTypeFilterFunctionality_Mobile_17-43-44] Within getfilterByTypeAndName method
17:43:50 [TestNG-test-Test-1] INFO  verifyingDisplayTypeFilterFunctionality_Mobile_17-43-44 - [verifyingDisplayTypeFilterFunctionality_Mobile_17-43-44] Within safeClickBooleanWithScreenShot method
17:43:50 [TestNG-test-Test-1] INFO  verifyingDisplayTypeFilterFunctionality_Mobile_17-43-44 - [verifyingDisplayTypeFilterFunctionality_Mobile_17-43-44] Within getAppliedfilterByTypeAndName method
17:43:50 [TestNG-test-Test-1] INFO  verifyingDisplayTypeFilterFunctionality_Mobile_17-43-44 - [verifyingDisplayTypeFilterFunctionality_Mobile_17-43-44] Within smoothScrollToElement method
17:43:50 [TestNG-test-Test-1] INFO  verifyingDisplayTypeFilterFunctionality_Mobile_17-43-44 - [verifyingDisplayTypeFilterFunctionality_Mobile_17-43-44] Within safeFindElement method
17:43:50 [TestNG-test-Test-1] INFO  verifyingDisplayTypeFilterFunctionality_Mobile_17-43-44 - [verifyingDisplayTypeFilterFunctionality_Mobile_17-43-44]Found the element returning it ,element ->[[ChromeDriver: chrome on windows (8e57e7d350805858361d145834b53ab2)] -> xpath: //span[@class='a-size-base a-color-base puis-bold-weight-text' and text()='Display Type']]
17:43:50 [TestNG-test-Test-1] INFO  verifyingDisplayTypeFilterFunctionality_Mobile_17-43-44 - [verifyingDisplayTypeFilterFunctionality_Mobile_17-43-44] Successfully scrolled to element: By.xpath: //span[@class='a-size-base a-color-base puis-bold-weight-text' and text()='Display Type']
17:43:50 [TestNG-test-Test-1] INFO  verifyingDisplayTypeFilterFunctionality_Mobile_17-43-44 - [verifyingDisplayTypeFilterFunctionality_Mobile_17-43-44] Within getMoreButtonByFilterTypeAndName method
17:43:50 [TestNG-test-Test-1] INFO  verifyingDisplayTypeFilterFunctionality_Mobile_17-43-44 - [verifyingDisplayTypeFilterFunctionality_Mobile_17-43-44] could not find more button
17:43:51 [TestNG-test-Test-1] INFO  verifyingDisplayTypeFilterFunctionality_Mobile_17-43-44 - [verifyingDisplayTypeFilterFunctionality_Mobile_17-43-44] Within getAppliedfilterByTypeAndName method
17:43:51 [TestNG-test-Test-1] INFO  verifyingDisplayTypeFilterFunctionality_Mobile_17-43-44 - [verifyingDisplayTypeFilterFunctionality_Mobile_17-43-44] Within smoothScrollToElement method
17:43:51 [TestNG-test-Test-1] INFO  verifyingDisplayTypeFilterFunctionality_Mobile_17-43-44 - [verifyingDisplayTypeFilterFunctionality_Mobile_17-43-44] Within safeFindElement method
17:43:52 [TestNG-test-Test-1] INFO  verifyingDisplayTypeFilterFunctionality_Mobile_17-43-44 - [verifyingDisplayTypeFilterFunctionality_Mobile_17-43-44]Found the element returning it ,element ->[[ChromeDriver: chrome on windows (8e57e7d350805858361d145834b53ab2)] -> xpath: //span[@class='a-size-base a-color-base puis-bold-weight-text' and text()='Display Type']]
17:43:52 [TestNG-test-Test-1] INFO  verifyingDisplayTypeFilterFunctionality_Mobile_17-43-44 - [verifyingDisplayTypeFilterFunctionality_Mobile_17-43-44] Successfully scrolled to element: By.xpath: //span[@class='a-size-base a-color-base puis-bold-weight-text' and text()='Display Type']
17:43:52 [TestNG-test-Test-1] INFO  verifyingDisplayTypeFilterFunctionality_Mobile_17-43-44 - [verifyingDisplayTypeFilterFunctionality_Mobile_17-43-44] Within getMoreButtonByFilterTypeAndName method
17:43:52 [TestNG-test-Test-1] INFO  verifyingDisplayTypeFilterFunctionality_Mobile_17-43-44 - [verifyingDisplayTypeFilterFunctionality_Mobile_17-43-44] could not find more button
17:43:52 [TestNG-test-Test-1] INFO  verifyingDisplayTypeFilterFunctionality_Mobile_17-43-44 - [verifyingDisplayTypeFilterFunctionality_Mobile_17-43-44] Within getfilterByTypeAndName method
17:43:52 [TestNG-test-Test-1] INFO  verifyingDisplayTypeFilterFunctionality_Mobile_17-43-44 - [verifyingDisplayTypeFilterFunctionality_Mobile_17-43-44] Within smoothScrollToElement method
17:43:52 [TestNG-test-Test-1] INFO  verifyingDisplayTypeFilterFunctionality_Mobile_17-43-44 - [verifyingDisplayTypeFilterFunctionality_Mobile_17-43-44] Within safeFindElement method
17:43:52 [TestNG-test-Test-1] INFO  verifyingDisplayTypeFilterFunctionality_Mobile_17-43-44 - [verifyingDisplayTypeFilterFunctionality_Mobile_17-43-44]Found the element returning it ,element ->[[ChromeDriver: chrome on windows (8e57e7d350805858361d145834b53ab2)] -> xpath: //span[@class='a-size-base a-color-base puis-bold-weight-text' and text()='Display Type']/parent::div/following-sibling::ul//span[@class='a-size-base a-color-base a-text-bold' and text()='AMOLED']]
17:43:52 [TestNG-test-Test-1] INFO  verifyingDisplayTypeFilterFunctionality_Mobile_17-43-44 - [verifyingDisplayTypeFilterFunctionality_Mobile_17-43-44] Successfully scrolled to element: By.xpath: //span[@class='a-size-base a-color-base puis-bold-weight-text' and text()='Display Type']/parent::div/following-sibling::ul//span[@class='a-size-base a-color-base a-text-bold' and text()='AMOLED']
17:43:52 [TestNG-test-Test-1] INFO  verifyingDisplayTypeFilterFunctionality_Mobile_17-43-44 - [verifyingDisplayTypeFilterFunctionality_Mobile_17-43-44] Clicked the element using safe click ,element is [[ChromeDriver: chrome on windows (8e57e7d350805858361d145834b53ab2)] -> xpath: //span[@class='a-size-base a-color-base puis-bold-weight-text' and text()='Display Type']/parent::div/following-sibling::ul//span[@class='a-size-base a-color-base' and text()='AMOLED']]
17:43:53 [TestNG-test-Test-1] INFO  verifyingDisplayTypeFilterFunctionality_Mobile_17-43-44 - [verifyingDisplayTypeFilterFunctionality_Mobile_17-43-44] Within safeFindElements 
17:43:53 [TestNG-test-Test-1] INFO  verifyingDisplayTypeFilterFunctionality_Mobile_17-43-44 - [verifyingDisplayTypeFilterFunctionality_Mobile_17-43-44] Returning the  [[[ChromeDriver: chrome on windows (8e57e7d350805858361d145834b53ab2)] -> xpath: //div[@data-cy='title-recipe']], [[ChromeDriver: chrome on windows (8e57e7d350805858361d145834b53ab2)] -> xpath: //div[@data-cy='title-recipe']], [[ChromeDriver: chrome on windows (8e57e7d350805858361d145834b53ab2)] -> xpath: //div[@data-cy='title-recipe']], [[ChromeDriver: chrome on windows (8e57e7d350805858361d145834b53ab2)] -> xpath: //div[@data-cy='title-recipe']], [[ChromeDriver: chrome on windows (8e57e7d350805858361d145834b53ab2)] -> xpath: //div[@data-cy='title-recipe']], [[ChromeDriver: chrome on windows (8e57e7d350805858361d145834b53ab2)] -> xpath: //div[@data-cy='title-recipe']], [[ChromeDriver: chrome on windows (8e57e7d350805858361d145834b53ab2)] -> xpath: //div[@data-cy='title-recipe']], [[ChromeDriver: chrome on windows (8e57e7d350805858361d145834b53ab2)] -> xpath: //div[@data-cy='title-recipe']], [[ChromeDriver: chrome on windows (8e57e7d350805858361d145834b53ab2)] -> xpath: //div[@data-cy='title-recipe']], [[ChromeDriver: chrome on windows (8e57e7d350805858361d145834b53ab2)] -> xpath: //div[@data-cy='title-recipe']], [[ChromeDriver: chrome on windows (8e57e7d350805858361d145834b53ab2)] -> xpath: //div[@data-cy='title-recipe']], [[ChromeDriver: chrome on windows (8e57e7d350805858361d145834b53ab2)] -> xpath: //div[@data-cy='title-recipe']], [[ChromeDriver: chrome on windows (8e57e7d350805858361d145834b53ab2)] -> xpath: //div[@data-cy='title-recipe']], [[ChromeDriver: chrome on windows (8e57e7d350805858361d145834b53ab2)] -> xpath: //div[@data-cy='title-recipe']], [[ChromeDriver: chrome on windows (8e57e7d350805858361d145834b53ab2)] -> xpath: //div[@data-cy='title-recipe']], [[ChromeDriver: chrome on windows (8e57e7d350805858361d145834b53ab2)] -> xpath: //div[@data-cy='title-recipe']]] from the safeFindElements method
17:43:53 [TestNG-test-Test-1] INFO  verifyingDisplayTypeFilterFunctionality_Mobile_17-43-44 - [verifyingDisplayTypeFilterFunctionality_Mobile_17-43-44] Execution is Not CRON Job Hence refering to normal keys from UtilData
17:43:53 [TestNG-test-Test-1] INFO  verifyingDisplayTypeFilterFunctionality_Mobile_17-43-44 - [verifyingDisplayTypeFilterFunctionality_Mobile_17-43-44] Within safeFindElements 
17:43:53 [TestNG-test-Test-1] INFO  verifyingDisplayTypeFilterFunctionality_Mobile_17-43-44 - [verifyingDisplayTypeFilterFunctionality_Mobile_17-43-44] Returning the  [[[ChromeDriver: chrome on windows (8e57e7d350805858361d145834b53ab2)] -> xpath: //div[@data-cy='title-recipe']], [[ChromeDriver: chrome on windows (8e57e7d350805858361d145834b53ab2)] -> xpath: //div[@data-cy='title-recipe']], [[ChromeDriver: chrome on windows (8e57e7d350805858361d145834b53ab2)] -> xpath: //div[@data-cy='title-recipe']], [[ChromeDriver: chrome on windows (8e57e7d350805858361d145834b53ab2)] -> xpath: //div[@data-cy='title-recipe']], [[ChromeDriver: chrome on windows (8e57e7d350805858361d145834b53ab2)] -> xpath: //div[@data-cy='title-recipe']], [[ChromeDriver: chrome on windows (8e57e7d350805858361d145834b53ab2)] -> xpath: //div[@data-cy='title-recipe']], [[ChromeDriver: chrome on windows (8e57e7d350805858361d145834b53ab2)] -> xpath: //div[@data-cy='title-recipe']], [[ChromeDriver: chrome on windows (8e57e7d350805858361d145834b53ab2)] -> xpath: //div[@data-cy='title-recipe']], [[ChromeDriver: chrome on windows (8e57e7d350805858361d145834b53ab2)] -> xpath: //div[@data-cy='title-recipe']], [[ChromeDriver: chrome on windows (8e57e7d350805858361d145834b53ab2)] -> xpath: //div[@data-cy='title-recipe']], [[ChromeDriver: chrome on windows (8e57e7d350805858361d145834b53ab2)] -> xpath: //div[@data-cy='title-recipe']], [[ChromeDriver: chrome on windows (8e57e7d350805858361d145834b53ab2)] -> xpath: //div[@data-cy='title-recipe']], [[ChromeDriver: chrome on windows (8e57e7d350805858361d145834b53ab2)] -> xpath: //div[@data-cy='title-recipe']], [[ChromeDriver: chrome on windows (8e57e7d350805858361d145834b53ab2)] -> xpath: //div[@data-cy='title-recipe']], [[ChromeDriver: chrome on windows (8e57e7d350805858361d145834b53ab2)] -> xpath: //div[@data-cy='title-recipe']], [[ChromeDriver: chrome on windows (8e57e7d350805858361d145834b53ab2)] -> xpath: //div[@data-cy='title-recipe']]] from the safeFindElements method
17:43:53 [TestNG-test-Test-1] INFO  verifyingDisplayTypeFilterFunctionality_Mobile_17-43-44 - [verifyingDisplayTypeFilterFunctionality_Mobile_17-43-44] Within productNameListingPage loop in applyFilterAndValidateProductsWithResult
17:43:53 [TestNG-test-Test-1] INFO  verifyingDisplayTypeFilterFunctionality_Mobile_17-43-44 - [verifyingDisplayTypeFilterFunctionality_Mobile_17-43-44] Within getProductByIndex method
17:43:53 [TestNG-test-Test-1] INFO  verifyingDisplayTypeFilterFunctionality_Mobile_17-43-44 - [verifyingDisplayTypeFilterFunctionality_Mobile_17-43-44] Within safeFindElement method
17:43:53 [TestNG-test-Test-1] INFO  verifyingDisplayTypeFilterFunctionality_Mobile_17-43-44 - [verifyingDisplayTypeFilterFunctionality_Mobile_17-43-44]Found the element returning it ,element ->[[ChromeDriver: chrome on windows (8e57e7d350805858361d145834b53ab2)] -> xpath: (//div[@data-cy='title-recipe'])[1]]
17:43:53 [TestNG-test-Test-1] INFO  verifyingDisplayTypeFilterFunctionality_Mobile_17-43-44 - [verifyingDisplayTypeFilterFunctionality_Mobile_17-43-44] Within getProductByIndex method
17:43:53 [TestNG-test-Test-1] INFO  verifyingDisplayTypeFilterFunctionality_Mobile_17-43-44 - [verifyingDisplayTypeFilterFunctionality_Mobile_17-43-44] Within smoothScrollToElement method
17:43:53 [TestNG-test-Test-1] INFO  verifyingDisplayTypeFilterFunctionality_Mobile_17-43-44 - [verifyingDisplayTypeFilterFunctionality_Mobile_17-43-44] Within safeFindElement method
17:43:53 [TestNG-test-Test-1] INFO  verifyingDisplayTypeFilterFunctionality_Mobile_17-43-44 - [verifyingDisplayTypeFilterFunctionality_Mobile_17-43-44]Found the element returning it ,element ->[[ChromeDriver: chrome on windows (8e57e7d350805858361d145834b53ab2)] -> xpath: (//div[@data-cy='title-recipe'])[1]]
17:43:53 [TestNG-test-Test-1] INFO  verifyingDisplayTypeFilterFunctionality_Mobile_17-43-44 - [verifyingDisplayTypeFilterFunctionality_Mobile_17-43-44] Successfully scrolled to element: By.xpath: (//div[@data-cy='title-recipe'])[1]
17:43:53 [TestNG-test-Test-1] INFO  verifyingDisplayTypeFilterFunctionality_Mobile_17-43-44 - [verifyingDisplayTypeFilterFunctionality_Mobile_17-43-44] Getting product by index in productNameListingPage loop
17:43:53 [TestNG-test-Test-1] INFO  verifyingDisplayTypeFilterFunctionality_Mobile_17-43-44 - [verifyingDisplayTypeFilterFunctionality_Mobile_17-43-44] Opened product in new tab via Ctrl+Click inside productNameListingPage loop
17:43:53 [TestNG-test-Test-1] INFO  verifyingDisplayTypeFilterFunctionality_Mobile_17-43-44 - [verifyingDisplayTypeFilterFunctionality_Mobile_17-43-44] Waiting for new window to open...
17:43:53 [TestNG-test-Test-1] INFO  verifyingDisplayTypeFilterFunctionality_Mobile_17-43-44 - [verifyingDisplayTypeFilterFunctionality_Mobile_17-43-44] Switched to new window -> 36D773FC32453A04B3286E6F3BF49AE2
17:43:53 [TestNG-test-Test-1] INFO  verifyingDisplayTypeFilterFunctionality_Mobile_17-43-44 - [verifyingDisplayTypeFilterFunctionality_Mobile_17-43-44] Swithcing to the new window  within productNameListingPage loop
17:43:53 [TestNG-test-Test-1] INFO  verifyingDisplayTypeFilterFunctionality_Mobile_17-43-44 - [verifyingDisplayTypeFilterFunctionality_Mobile_17-43-44] Clicked product name to open in new tab from productNameListingPage loop
17:43:53 [TestNG-test-Test-1] INFO  verifyingDisplayTypeFilterFunctionality_Mobile_17-43-44 - [verifyingDisplayTypeFilterFunctionality_Mobile_17-43-44] Waiting until element is visible in viewport
17:43:57 [TestNG-test-Test-1] WARN  verifyingDisplayTypeFilterFunctionality_Mobile_17-43-44 - [verifyingDisplayTypeFilterFunctionality_Mobile_17-43-44] Product detail page did not load for index 1 filter 'AMOLED'; skipping detail scrape to avoid redundant retries/timeouts
17:43:57 [TestNG-test-Test-1] INFO  verifyingDisplayTypeFilterFunctionality_Mobile_17-43-44 - [verifyingDisplayTypeFilterFunctionality_Mobile_17-43-44] Within closeCurrentWindowAndSwitchBack method
17:43:57 [TestNG-test-Test-1] INFO  verifyingDisplayTypeFilterFunctionality_Mobile_17-43-44 - [verifyingDisplayTypeFilterFunctionality_Mobile_17-43-44] Total open windows/tabs count -> 2
17:43:57 [TestNG-test-Test-1] INFO  verifyingDisplayTypeFilterFunctionality_Mobile_17-43-44 - [verifyingDisplayTypeFilterFunctionality_Mobile_17-43-44] Original window handle -> D35FFDC21FD40B6CAB215C3F0DBD2DAB
17:43:57 [TestNG-test-Test-1] INFO  verifyingDisplayTypeFilterFunctionality_Mobile_17-43-44 - [verifyingDisplayTypeFilterFunctionality_Mobile_17-43-44] Found new tab/window handle -> 36D773FC32453A04B3286E6F3BF49AE2 (will be closed)
17:43:57 [TestNG-test-Test-1] INFO  verifyingDisplayTypeFilterFunctionality_Mobile_17-43-44 - [verifyingDisplayTypeFilterFunctionality_Mobile_17-43-44] Successfully switched to new tab/window -> 36D773FC32453A04B3286E6F3BF49AE2
17:43:58 [TestNG-test-Test-1] INFO  verifyingDisplayTypeFilterFunctionality_Mobile_17-43-44 - [verifyingDisplayTypeFilterFunctionality_Mobile_17-43-44] Closed the newly opened tab/window -> 36D773FC32453A04B3286E6F3BF49AE2
17:43:58 [TestNG-test-Test-1] INFO  verifyingDisplayTypeFilterFunctionality_Mobile_17-43-44 - [verifyingDisplayTypeFilterFunctionality_Mobile_17-43-44] Switched back to the original window -> D35FFDC21FD40B6CAB215C3F0DBD2DAB
17:43:58 [TestNG-test-Test-1] INFO  verifyingDisplayTypeFilterFunctionality_Mobile_17-43-44 - [verifyingDisplayTypeFilterFunctionality_Mobile_17-43-44]  going back to product listing via closeCurrentWindowAndSwitchBack 
17:43:58 [TestNG-test-Test-1] INFO  verifyingDisplayTypeFilterFunctionality_Mobile_17-43-44 - [verifyingDisplayTypeFilterFunctionality_Mobile_17-43-44]  Added 'filter','title','keyFeatures', 'about', 'techDetails' into the Map -> productResult
17:43:58 [TestNG-test-Test-1] INFO  verifyingDisplayTypeFilterFunctionality_Mobile_17-43-44 - [verifyingDisplayTypeFilterFunctionality_Mobile_17-43-44]  Added 'productResult' Map into the 'results' i.e list of maps 
17:43:58 [TestNG-test-Test-1] INFO  verifyingDisplayTypeFilterFunctionality_Mobile_17-43-44 - [verifyingDisplayTypeFilterFunctionality_Mobile_17-43-44]==========================================================================================================
17:43:58 [TestNG-test-Test-1] INFO  verifyingDisplayTypeFilterFunctionality_Mobile_17-43-44 - [verifyingDisplayTypeFilterFunctionality_Mobile_17-43-44] Within safeFindElements 
17:43:58 [TestNG-test-Test-1] INFO  verifyingDisplayTypeFilterFunctionality_Mobile_17-43-44 - [verifyingDisplayTypeFilterFunctionality_Mobile_17-43-44] Returning the  [[[ChromeDriver: chrome on windows (8e57e7d350805858361d145834b53ab2)] -> xpath: //div[@data-cy='title-recipe']], [[ChromeDriver: chrome on windows (8e57e7d350805858361d145834b53ab2)] -> xpath: //div[@data-cy='title-recipe']], [[ChromeDriver: chrome on windows (8e57e7d350805858361d145834b53ab2)] -> xpath: //div[@data-cy='title-recipe']], [[ChromeDriver: chrome on windows (8e57e7d350805858361d145834b53ab2)] -> xpath: //div[@data-cy='title-recipe']], [[ChromeDriver: chrome on windows (8e57e7d350805858361d145834b53ab2)] -> xpath: //div[@data-cy='title-recipe']], [[ChromeDriver: chrome on windows (8e57e7d350805858361d145834b53ab2)] -> xpath: //div[@data-cy='title-recipe']], [[ChromeDriver: chrome on windows (8e57e7d350805858361d145834b53ab2)] -> xpath: //div[@data-cy='title-recipe']], [[ChromeDriver: chrome on windows (8e57e7d350805858361d145834b53ab2)] -> xpath: //div[@data-cy='title-recipe']], [[ChromeDriver: chrome on windows (8e57e7d350805858361d145834b53ab2)] -> xpath: //div[@data-cy='title-recipe']], [[ChromeDriver: chrome on windows (8e57e7d350805858361d145834b53ab2)] -> xpath: //div[@data-cy='title-recipe']], [[ChromeDriver: chrome on windows (8e57e7d350805858361d145834b53ab2)] -> xpath: //div[@data-cy='title-recipe']], [[ChromeDriver: chrome on windows (8e57e7d350805858361d145834b53ab2)] -> xpath: //div[@data-cy='title-recipe']], [[ChromeDriver: chrome on windows (8e57e7d350805858361d145834b53ab2)] -> xpath: //div[@data-cy='title-recipe']], [[ChromeDriver: chrome on windows (8e57e7d350805858361d145834b53ab2)] -> xpath: //div[@data-cy='title-recipe']], [[ChromeDriver: chrome on windows (8e57e7d350805858361d145834b53ab2)] -> xpath: //div[@data-cy='title-recipe']], [[ChromeDriver: chrome on windows (8e57e7d350805858361d145834b53ab2)] -> xpath: //div[@data-cy='title-recipe']]] from the safeFindElements method
17:43:58 [TestNG-test-Test-1] INFO  verifyingDisplayTypeFilterFunctionality_Mobile_17-43-44 - [verifyingDisplayTypeFilterFunctionality_Mobile_17-43-44] Within productNameListingPage loop in applyFilterAndValidateProductsWithResult
17:43:59 [TestNG-test-Test-1] INFO  verifyingDisplayTypeFilterFunctionality_Mobile_17-43-44 - [verifyingDisplayTypeFilterFunctionality_Mobile_17-43-44] Within getProductByIndex method
17:43:59 [TestNG-test-Test-1] INFO  verifyingDisplayTypeFilterFunctionality_Mobile_17-43-44 - [verifyingDisplayTypeFilterFunctionality_Mobile_17-43-44] Within safeFindElement method
17:44:00 [TestNG-test-Test-1] INFO  verifyingDisplayTypeFilterFunctionality_Mobile_17-43-44 - [verifyingDisplayTypeFilterFunctionality_Mobile_17-43-44]Found the element returning it ,element ->[[ChromeDriver: chrome on windows (8e57e7d350805858361d145834b53ab2)] -> xpath: (//div[@data-cy='title-recipe'])[2]]
17:44:00 [TestNG-test-Test-1] INFO  verifyingDisplayTypeFilterFunctionality_Mobile_17-43-44 - [verifyingDisplayTypeFilterFunctionality_Mobile_17-43-44] Within getProductByIndex method
17:44:00 [TestNG-test-Test-1] INFO  verifyingDisplayTypeFilterFunctionality_Mobile_17-43-44 - [verifyingDisplayTypeFilterFunctionality_Mobile_17-43-44] Within smoothScrollToElement method
17:44:00 [TestNG-test-Test-1] INFO  verifyingDisplayTypeFilterFunctionality_Mobile_17-43-44 - [verifyingDisplayTypeFilterFunctionality_Mobile_17-43-44] Within safeFindElement method
17:44:00 [TestNG-test-Test-1] INFO  verifyingDisplayTypeFilterFunctionality_Mobile_17-43-44 - [verifyingDisplayTypeFilterFunctionality_Mobile_17-43-44]Found the element returning it ,element ->[[ChromeDriver: chrome on windows (8e57e7d350805858361d145834b53ab2)] -> xpath: (//div[@data-cy='title-recipe'])[2]]
17:44:00 [TestNG-test-Test-1] INFO  verifyingDisplayTypeFilterFunctionality_Mobile_17-43-44 - [verifyingDisplayTypeFilterFunctionality_Mobile_17-43-44] Successfully scrolled to element: By.xpath: (//div[@data-cy='title-recipe'])[2]
17:44:00 [TestNG-test-Test-1] INFO  verifyingDisplayTypeFilterFunctionality_Mobile_17-43-44 - [verifyingDisplayTypeFilterFunctionality_Mobile_17-43-44] Getting product by index in productNameListingPage loop
17:44:01 [TestNG-test-Test-1] INFO  verifyingDisplayTypeFilterFunctionality_Mobile_17-43-44 - [verifyingDisplayTypeFilterFunctionality_Mobile_17-43-44] Opened product in new tab via Ctrl+Click inside productNameListingPage loop
17:44:01 [TestNG-test-Test-1] INFO  verifyingDisplayTypeFilterFunctionality_Mobile_17-43-44 - [verifyingDisplayTypeFilterFunctionality_Mobile_17-43-44] Waiting for new window to open...
17:44:01 [TestNG-test-Test-1] INFO  verifyingDisplayTypeFilterFunctionality_Mobile_17-43-44 - [verifyingDisplayTypeFilterFunctionality_Mobile_17-43-44] Switched to new window -> B4AB311174DA0730A0A5F76FAF5BCAA7
17:44:01 [TestNG-test-Test-1] INFO  verifyingDisplayTypeFilterFunctionality_Mobile_17-43-44 - [verifyingDisplayTypeFilterFunctionality_Mobile_17-43-44] Swithcing to the new window  within productNameListingPage loop
17:44:01 [TestNG-test-Test-1] INFO  verifyingDisplayTypeFilterFunctionality_Mobile_17-43-44 - [verifyingDisplayTypeFilterFunctionality_Mobile_17-43-44] Clicked product name to open in new tab from productNameListingPage loop
17:44:01 [TestNG-test-Test-1] INFO  verifyingDisplayTypeFilterFunctionality_Mobile_17-43-44 - [verifyingDisplayTypeFilterFunctionality_Mobile_17-43-44] Waiting until element is visible in viewport
17:44:04 [TestNG-test-Test-1] WARN  verifyingDisplayTypeFilterFunctionality_Mobile_17-43-44 - [verifyingDisplayTypeFilterFunctionality_Mobile_17-43-44] Product detail page did not load for index 2 filter 'AMOLED'; skipping detail scrape to avoid redundant retries/timeouts
17:44:04 [TestNG-test-Test-1] INFO  verifyingDisplayTypeFilterFunctionality_Mobile_17-43-44 - [verifyingDisplayTypeFilterFunctionality_Mobile_17-43-44] Within closeCurrentWindowAndSwitchBack method
17:44:04 [TestNG-test-Test-1] INFO  verifyingDisplayTypeFilterFunctionality_Mobile_17-43-44 - [verifyingDisplayTypeFilterFunctionality_Mobile_17-43-44] Total open windows/tabs count -> 2
17:44:04 [TestNG-test-Test-1] INFO  verifyingDisplayTypeFilterFunctionality_Mobile_17-43-44 - [verifyingDisplayTypeFilterFunctionality_Mobile_17-43-44] Original window handle -> D35FFDC21FD40B6CAB215C3F0DBD2DAB
17:44:04 [TestNG-test-Test-1] INFO  verifyingDisplayTypeFilterFunctionality_Mobile_17-43-44 - [verifyingDisplayTypeFilterFunctionality_Mobile_17-43-44] Found new tab/window handle -> B4AB311174DA0730A0A5F76FAF5BCAA7 (will be closed)
17:44:04 [TestNG-test-Test-1] INFO  verifyingDisplayTypeFilterFunctionality_Mobile_17-43-44 - [verifyingDisplayTypeFilterFunctionality_Mobile_17-43-44] Successfully switched to new tab/window -> B4AB311174DA0730A0A5F76FAF5BCAA7
17:44:04 [TestNG-test-Test-1] INFO  verifyingDisplayTypeFilterFunctionality_Mobile_17-43-44 - [verifyingDisplayTypeFilterFunctionality_Mobile_17-43-44] Closed the newly opened tab/window -> B4AB311174DA0730A0A5F76FAF5BCAA7
17:44:04 [TestNG-test-Test-1] INFO  verifyingDisplayTypeFilterFunctionality_Mobile_17-43-44 - [verifyingDisplayTypeFilterFunctionality_Mobile_17-43-44] Switched back to the original window -> D35FFDC21FD40B6CAB215C3F0DBD2DAB
17:44:04 [TestNG-test-Test-1] INFO  verifyingDisplayTypeFilterFunctionality_Mobile_17-43-44 - [verifyingDisplayTypeFilterFunctionality_Mobile_17-43-44]  going back to product listing via closeCurrentWindowAndSwitchBack 
17:44:04 [TestNG-test-Test-1] INFO  verifyingDisplayTypeFilterFunctionality_Mobile_17-43-44 - [verifyingDisplayTypeFilterFunctionality_Mobile_17-43-44]  Added 'filter','title','keyFeatures', 'about', 'techDetails' into the Map -> productResult
17:44:04 [TestNG-test-Test-1] INFO  verifyingDisplayTypeFilterFunctionality_Mobile_17-43-44 - [verifyingDisplayTypeFilterFunctionality_Mobile_17-43-44]  Added 'productResult' Map into the 'results' i.e list of maps 
17:44:04 [TestNG-test-Test-1] INFO  verifyingDisplayTypeFilterFunctionality_Mobile_17-43-44 - [verifyingDisplayTypeFilterFunctionality_Mobile_17-43-44]==========================================================================================================
17:44:04 [TestNG-test-Test-1] INFO  verifyingDisplayTypeFilterFunctionality_Mobile_17-43-44 - [verifyingDisplayTypeFilterFunctionality_Mobile_17-43-44] Within safeClick method
17:44:04 [TestNG-test-Test-1] INFO  verifyingDisplayTypeFilterFunctionality_Mobile_17-43-44 - [verifyingDisplayTypeFilterFunctionality_Mobile_17-43-44] Clicked the  [[ChromeDriver: chrome on windows (8e57e7d350805858361d145834b53ab2)] -> xpath: //span[@class='a-size-base a-color-base' and text()='Clear']]   using safeClick
17:44:04 [TestNG-test-Test-1] INFO  verifyingDisplayTypeFilterFunctionality_Mobile_17-43-44 - [verifyingDisplayTypeFilterFunctionality_Mobile_17-43-44] Clearing the filter value ->AMOLEDwithin productNameListingPage loop
17:44:04 [TestNG-test-Test-1] INFO  verifyingDisplayTypeFilterFunctionality_Mobile_17-43-44 - [verifyingDisplayTypeFilterFunctionality_Mobile_17-43-44]==========================================================================================================
17:44:04 [TestNG-test-Test-1] INFO  verifyingDisplayTypeFilterFunctionality_Mobile_17-43-44 - [verifyingDisplayTypeFilterFunctionality_Mobile_17-43-44]==========================================================================================================
17:44:04 [TestNG-test-Test-1] INFO  verifyingDisplayTypeFilterFunctionality_Mobile_17-43-44 - [verifyingDisplayTypeFilterFunctionality_Mobile_17-43-44] Within filterOptions loop in applyFilterAndValidateProductsWithResult
17:44:04 [TestNG-test-Test-1] INFO  verifyingDisplayTypeFilterFunctionality_Mobile_17-43-44 - [verifyingDisplayTypeFilterFunctionality_Mobile_17-43-44] Within safeFindElements 
17:44:06 [TestNG-test-Test-1] INFO  verifyingDisplayTypeFilterFunctionality_Mobile_17-43-44 - [verifyingDisplayTypeFilterFunctionality_Mobile_17-43-44] Returning the  [[[ChromeDriver: chrome on windows (8e57e7d350805858361d145834b53ab2)] -> xpath: //span[@class='a-size-base a-color-base puis-bold-weight-text' and text()='Display Type']/parent::div/following-sibling::ul//span[@class='a-size-base a-color-base']], [[ChromeDriver: chrome on windows (8e57e7d350805858361d145834b53ab2)] -> xpath: //span[@class='a-size-base a-color-base puis-bold-weight-text' and text()='Display Type']/parent::div/following-sibling::ul//span[@class='a-size-base a-color-base']], [[ChromeDriver: chrome on windows (8e57e7d350805858361d145834b53ab2)] -> xpath: //span[@class='a-size-base a-color-base puis-bold-weight-text' and text()='Display Type']/parent::div/following-sibling::ul//span[@class='a-size-base a-color-base']]] from the safeFindElements method
17:44:06 [TestNG-test-Test-1] INFO  verifyingDisplayTypeFilterFunctionality_Mobile_17-43-44 - [verifyingDisplayTypeFilterFunctionality_Mobile_17-43-44] Trying to read filter option 1 (attempt 1/3)
17:44:06 [TestNG-test-Test-1] INFO  verifyingDisplayTypeFilterFunctionality_Mobile_17-43-44 - [verifyingDisplayTypeFilterFunctionality_Mobile_17-43-44] Successfully read filter option 1 = 'LCD'
17:44:06 [TestNG-test-Test-1] INFO  verifyingDisplayTypeFilterFunctionality_Mobile_17-43-44 - [verifyingDisplayTypeFilterFunctionality_Mobile_17-43-44] Within getfilterByTypeAndName method
17:44:06 [TestNG-test-Test-1] INFO  verifyingDisplayTypeFilterFunctionality_Mobile_17-43-44 - [verifyingDisplayTypeFilterFunctionality_Mobile_17-43-44] Within safeClickBooleanWithScreenShot method
17:44:06 [TestNG-test-Test-1] INFO  verifyingDisplayTypeFilterFunctionality_Mobile_17-43-44 - [verifyingDisplayTypeFilterFunctionality_Mobile_17-43-44] Within getAppliedfilterByTypeAndName method
17:44:06 [TestNG-test-Test-1] INFO  verifyingDisplayTypeFilterFunctionality_Mobile_17-43-44 - [verifyingDisplayTypeFilterFunctionality_Mobile_17-43-44] Within smoothScrollToElement method
17:44:06 [TestNG-test-Test-1] INFO  verifyingDisplayTypeFilterFunctionality_Mobile_17-43-44 - [verifyingDisplayTypeFilterFunctionality_Mobile_17-43-44] Within safeFindElement method
17:44:06 [TestNG-test-Test-1] INFO  verifyingDisplayTypeFilterFunctionality_Mobile_17-43-44 - [verifyingDisplayTypeFilterFunctionality_Mobile_17-43-44]Found the element returning it ,element ->[[ChromeDriver: chrome on windows (8e57e7d350805858361d145834b53ab2)] -> xpath: //span[@class='a-size-base a-color-base puis-bold-weight-text' and text()='Display Type']]
17:44:06 [TestNG-test-Test-1] INFO  verifyingDisplayTypeFilterFunctionality_Mobile_17-43-44 - [verifyingDisplayTypeFilterFunctionality_Mobile_17-43-44] Successfully scrolled to element: By.xpath: //span[@class='a-size-base a-color-base puis-bold-weight-text' and text()='Display Type']
17:44:06 [TestNG-test-Test-1] INFO  verifyingDisplayTypeFilterFunctionality_Mobile_17-43-44 - [verifyingDisplayTypeFilterFunctionality_Mobile_17-43-44] Within getMoreButtonByFilterTypeAndName method
17:44:06 [TestNG-test-Test-1] INFO  verifyingDisplayTypeFilterFunctionality_Mobile_17-43-44 - [verifyingDisplayTypeFilterFunctionality_Mobile_17-43-44] could not find more button
17:44:07 [TestNG-test-Test-1] INFO  verifyingDisplayTypeFilterFunctionality_Mobile_17-43-44 - [verifyingDisplayTypeFilterFunctionality_Mobile_17-43-44] Within getAppliedfilterByTypeAndName method
17:44:07 [TestNG-test-Test-1] INFO  verifyingDisplayTypeFilterFunctionality_Mobile_17-43-44 - [verifyingDisplayTypeFilterFunctionality_Mobile_17-43-44] Within smoothScrollToElement method
17:44:07 [TestNG-test-Test-1] INFO  verifyingDisplayTypeFilterFunctionality_Mobile_17-43-44 - [verifyingDisplayTypeFilterFunctionality_Mobile_17-43-44] Within safeFindElement method
17:44:08 [TestNG-test-Test-1] INFO  verifyingDisplayTypeFilterFunctionality_Mobile_17-43-44 - [verifyingDisplayTypeFilterFunctionality_Mobile_17-43-44]Found the element returning it ,element ->[[ChromeDriver: chrome on windows (8e57e7d350805858361d145834b53ab2)] -> xpath: //span[@class='a-size-base a-color-base puis-bold-weight-text' and text()='Display Type']]
17:44:08 [TestNG-test-Test-1] INFO  verifyingDisplayTypeFilterFunctionality_Mobile_17-43-44 - [verifyingDisplayTypeFilterFunctionality_Mobile_17-43-44] Successfully scrolled to element: By.xpath: //span[@class='a-size-base a-color-base puis-bold-weight-text' and text()='Display Type']
17:44:08 [TestNG-test-Test-1] INFO  verifyingDisplayTypeFilterFunctionality_Mobile_17-43-44 - [verifyingDisplayTypeFilterFunctionality_Mobile_17-43-44] Within getMoreButtonByFilterTypeAndName method
17:44:08 [TestNG-test-Test-1] INFO  verifyingDisplayTypeFilterFunctionality_Mobile_17-43-44 - [verifyingDisplayTypeFilterFunctionality_Mobile_17-43-44] could not find more button
17:44:08 [TestNG-test-Test-1] INFO  verifyingDisplayTypeFilterFunctionality_Mobile_17-43-44 - [verifyingDisplayTypeFilterFunctionality_Mobile_17-43-44] Within getfilterByTypeAndName method
17:44:08 [TestNG-test-Test-1] INFO  verifyingDisplayTypeFilterFunctionality_Mobile_17-43-44 - [verifyingDisplayTypeFilterFunctionality_Mobile_17-43-44] Within smoothScrollToElement method
17:44:08 [TestNG-test-Test-1] INFO  verifyingDisplayTypeFilterFunctionality_Mobile_17-43-44 - [verifyingDisplayTypeFilterFunctionality_Mobile_17-43-44] Within safeFindElement method
17:44:08 [TestNG-test-Test-1] INFO  verifyingDisplayTypeFilterFunctionality_Mobile_17-43-44 - [verifyingDisplayTypeFilterFunctionality_Mobile_17-43-44]Found the element returning it ,element ->[[ChromeDriver: chrome on windows (8e57e7d350805858361d145834b53ab2)] -> xpath: //span[@class='a-size-base a-color-base puis-bold-weight-text' and text()='Display Type']/parent::div/following-sibling::ul//span[@class='a-size-base a-color-base a-text-bold' and text()='LCD']]
17:44:08 [TestNG-test-Test-1] INFO  verifyingDisplayTypeFilterFunctionality_Mobile_17-43-44 - [verifyingDisplayTypeFilterFunctionality_Mobile_17-43-44] Successfully scrolled to element: By.xpath: //span[@class='a-size-base a-color-base puis-bold-weight-text' and text()='Display Type']/parent::div/following-sibling::ul//span[@class='a-size-base a-color-base a-text-bold' and text()='LCD']
17:44:08 [TestNG-test-Test-1] INFO  verifyingDisplayTypeFilterFunctionality_Mobile_17-43-44 - [verifyingDisplayTypeFilterFunctionality_Mobile_17-43-44] Clicked the element using safe click ,element is [[ChromeDriver: chrome on windows (8e57e7d350805858361d145834b53ab2)] -> xpath: //span[@class='a-size-base a-color-base puis-bold-weight-text' and text()='Display Type']/parent::div/following-sibling::ul//span[@class='a-size-base a-color-base' and text()='LCD']]
17:44:08 [TestNG-test-Test-1] INFO  verifyingDisplayTypeFilterFunctionality_Mobile_17-43-44 - [verifyingDisplayTypeFilterFunctionality_Mobile_17-43-44] Within safeFindElements 
17:44:08 [TestNG-test-Test-1] INFO  verifyingDisplayTypeFilterFunctionality_Mobile_17-43-44 - [verifyingDisplayTypeFilterFunctionality_Mobile_17-43-44] Returning the  [[[ChromeDriver: chrome on windows (8e57e7d350805858361d145834b53ab2)] -> xpath: //div[@data-cy='title-recipe']], [[ChromeDriver: chrome on windows (8e57e7d350805858361d145834b53ab2)] -> xpath: //div[@data-cy='title-recipe']], [[ChromeDriver: chrome on windows (8e57e7d350805858361d145834b53ab2)] -> xpath: //div[@data-cy='title-recipe']], [[ChromeDriver: chrome on windows (8e57e7d350805858361d145834b53ab2)] -> xpath: //div[@data-cy='title-recipe']], [[ChromeDriver: chrome on windows (8e57e7d350805858361d145834b53ab2)] -> xpath: //div[@data-cy='title-recipe']], [[ChromeDriver: chrome on windows (8e57e7d350805858361d145834b53ab2)] -> xpath: //div[@data-cy='title-recipe']], [[ChromeDriver: chrome on windows (8e57e7d350805858361d145834b53ab2)] -> xpath: //div[@data-cy='title-recipe']], [[ChromeDriver: chrome on windows (8e57e7d350805858361d145834b53ab2)] -> xpath: //div[@data-cy='title-recipe']], [[ChromeDriver: chrome on windows (8e57e7d350805858361d145834b53ab2)] -> xpath: //div[@data-cy='title-recipe']], [[ChromeDriver: chrome on windows (8e57e7d350805858361d145834b53ab2)] -> xpath: //div[@data-cy='title-recipe']], [[ChromeDriver: chrome on windows (8e57e7d350805858361d145834b53ab2)] -> xpath: //div[@data-cy='title-recipe']], [[ChromeDriver: chrome on windows (8e57e7d350805858361d145834b53ab2)] -> xpath: //div[@data-cy='title-recipe']], [[ChromeDriver: chrome on windows (8e57e7d350805858361d145834b53ab2)] -> xpath: //div[@data-cy='title-recipe']], [[ChromeDriver: chrome on windows (8e57e7d350805858361d145834b53ab2)] -> xpath: //div[@data-cy='title-recipe']], [[ChromeDriver: chrome on windows (8e57e7d350805858361d145834b53ab2)] -> xpath: //div[@data-cy='title-recipe']], [[ChromeDriver: chrome on windows (8e57e7d350805858361d145834b53ab2)] -> xpath: //div[@data-cy='title-recipe']]] from the safeFindElements method
17:44:08 [TestNG-test-Test-1] INFO  verifyingDisplayTypeFilterFunctionality_Mobile_17-43-44 - [verifyingDisplayTypeFilterFunctionality_Mobile_17-43-44] Execution is Not CRON Job Hence refering to normal keys from UtilData
17:44:08 [TestNG-test-Test-1] INFO  verifyingDisplayTypeFilterFunctionality_Mobile_17-43-44 - [verifyingDisplayTypeFilterFunctionality_Mobile_17-43-44] Within safeFindElements 
17:44:08 [TestNG-test-Test-1] INFO  verifyingDisplayTypeFilterFunctionality_Mobile_17-43-44 - [verifyingDisplayTypeFilterFunctionality_Mobile_17-43-44] Returning the  [[[ChromeDriver: chrome on windows (8e57e7d350805858361d145834b53ab2)] -> xpath: //div[@data-cy='title-recipe']], [[ChromeDriver: chrome on windows (8e57e7d350805858361d145834b53ab2)] -> xpath: //div[@data-cy='title-recipe']], [[ChromeDriver: chrome on windows (8e57e7d350805858361d145834b53ab2)] -> xpath: //div[@data-cy='title-recipe']], [[ChromeDriver: chrome on windows (8e57e7d350805858361d145834b53ab2)] -> xpath: //div[@data-cy='title-recipe']], [[ChromeDriver: chrome on windows (8e57e7d350805858361d145834b53ab2)] -> xpath: //div[@data-cy='title-recipe']], [[ChromeDriver: chrome on windows (8e57e7d350805858361d145834b53ab2)] -> xpath: //div[@data-cy='title-recipe']], [[ChromeDriver: chrome on windows (8e57e7d350805858361d145834b53ab2)] -> xpath: //div[@data-cy='title-recipe']], [[ChromeDriver: chrome on windows (8e57e7d350805858361d145834b53ab2)] -> xpath: //div[@data-cy='title-recipe']], [[ChromeDriver: chrome on windows (8e57e7d350805858361d145834b53ab2)] -> xpath: //div[@data-cy='title-recipe']], [[ChromeDriver: chrome on windows (8e57e7d350805858361d145834b53ab2)] -> xpath: //div[@data-cy='title-recipe']], [[ChromeDriver: chrome on windows (8e57e7d350805858361d145834b53ab2)] -> xpath: //div[@data-cy='title-recipe']], [[ChromeDriver: chrome on windows (8e57e7d350805858361d145834b53ab2)] -> xpath: //div[@data-cy='title-recipe']], [[ChromeDriver: chrome on windows (8e57e7d350805858361d145834b53ab2)] -> xpath: //div[@data-cy='title-recipe']], [[ChromeDriver: chrome on windows (8e57e7d350805858361d145834b53ab2)] -> xpath: //div[@data-cy='title-recipe']], [[ChromeDriver: chrome on windows (8e57e7d350805858361d145834b53ab2)] -> xpath: //div[@data-cy='title-recipe']], [[ChromeDriver: chrome on windows (8e57e7d350805858361d145834b53ab2)] -> xpath: //div[@data-cy='title-recipe']]] from the safeFindElements method
17:44:08 [TestNG-test-Test-1] INFO  verifyingDisplayTypeFilterFunctionality_Mobile_17-43-44 - [verifyingDisplayTypeFilterFunctionality_Mobile_17-43-44] Within productNameListingPage loop in applyFilterAndValidateProductsWithResult
17:44:08 [TestNG-test-Test-1] INFO  verifyingDisplayTypeFilterFunctionality_Mobile_17-43-44 - [verifyingDisplayTypeFilterFunctionality_Mobile_17-43-44] Within getProductByIndex method
17:44:08 [TestNG-test-Test-1] INFO  verifyingDisplayTypeFilterFunctionality_Mobile_17-43-44 - [verifyingDisplayTypeFilterFunctionality_Mobile_17-43-44] Within safeFindElement method
17:44:08 [TestNG-test-Test-1] INFO  verifyingDisplayTypeFilterFunctionality_Mobile_17-43-44 - [verifyingDisplayTypeFilterFunctionality_Mobile_17-43-44]Found the element returning it ,element ->[[ChromeDriver: chrome on windows (8e57e7d350805858361d145834b53ab2)] -> xpath: (//div[@data-cy='title-recipe'])[1]]
17:44:08 [TestNG-test-Test-1] INFO  verifyingDisplayTypeFilterFunctionality_Mobile_17-43-44 - [verifyingDisplayTypeFilterFunctionality_Mobile_17-43-44] Within getProductByIndex method
17:44:08 [TestNG-test-Test-1] INFO  verifyingDisplayTypeFilterFunctionality_Mobile_17-43-44 - [verifyingDisplayTypeFilterFunctionality_Mobile_17-43-44] Within smoothScrollToElement method
17:44:08 [TestNG-test-Test-1] INFO  verifyingDisplayTypeFilterFunctionality_Mobile_17-43-44 - [verifyingDisplayTypeFilterFunctionality_Mobile_17-43-44] Within safeFindElement method
17:44:08 [TestNG-test-Test-1] INFO  verifyingDisplayTypeFilterFunctionality_Mobile_17-43-44 - [verifyingDisplayTypeFilterFunctionality_Mobile_17-43-44]Found the element returning it ,element ->[[ChromeDriver: chrome on windows (8e57e7d350805858361d145834b53ab2)] -> xpath: (//div[@data-cy='title-recipe'])[1]]
17:44:08 [TestNG-test-Test-1] INFO  verifyingDisplayTypeFilterFunctionality_Mobile_17-43-44 - [verifyingDisplayTypeFilterFunctionality_Mobile_17-43-44] Successfully scrolled to element: By.xpath: (//div[@data-cy='title-recipe'])[1]
17:44:08 [TestNG-test-Test-1] INFO  verifyingDisplayTypeFilterFunctionality_Mobile_17-43-44 - [verifyingDisplayTypeFilterFunctionality_Mobile_17-43-44] Getting product by index in productNameListingPage loop
17:44:09 [TestNG-test-Test-1] INFO  verifyingDisplayTypeFilterFunctionality_Mobile_17-43-44 - [verifyingDisplayTypeFilterFunctionality_Mobile_17-43-44] Opened product in new tab via Ctrl+Click inside productNameListingPage loop
17:44:09 [TestNG-test-Test-1] INFO  verifyingDisplayTypeFilterFunctionality_Mobile_17-43-44 - [verifyingDisplayTypeFilterFunctionality_Mobile_17-43-44] Waiting for new window to open...
17:44:09 [TestNG-test-Test-1] INFO  verifyingDisplayTypeFilterFunctionality_Mobile_17-43-44 - [verifyingDisplayTypeFilterFunctionality_Mobile_17-43-44] Switched to new window -> 3A9F3AB2AA27F5466346492495CC57B3
17:44:09 [TestNG-test-Test-1] INFO  verifyingDisplayTypeFilterFunctionality_Mobile_17-43-44 - [verifyingDisplayTypeFilterFunctionality_Mobile_17-43-44] Swithcing to the new window  within productNameListingPage loop
17:44:09 [TestNG-test-Test-1] INFO  verifyingDisplayTypeFilterFunctionality_Mobile_17-43-44 - [verifyingDisplayTypeFilterFunctionality_Mobile_17-43-44] Clicked product name to open in new tab from productNameListingPage loop
17:44:09 [TestNG-test-Test-1] INFO  verifyingDisplayTypeFilterFunctionality_Mobile_17-43-44 - [verifyingDisplayTypeFilterFunctionality_Mobile_17-43-44] Waiting until element is visible in viewport
17:44:11 [TestNG-test-Test-1] WARN  verifyingDisplayTypeFilterFunctionality_Mobile_17-43-44 - [verifyingDisplayTypeFilterFunctionality_Mobile_17-43-44] Product detail page did not load for index 1 filter 'LCD'; skipping detail scrape to avoid redundant retries/timeouts
17:44:11 [TestNG-test-Test-1] INFO  verifyingDisplayTypeFilterFunctionality_Mobile_17-43-44 - [verifyingDisplayTypeFilterFunctionality_Mobile_17-43-44] Within closeCurrentWindowAndSwitchBack method
17:44:11 [TestNG-test-Test-1] INFO  verifyingDisplayTypeFilterFunctionality_Mobile_17-43-44 - [verifyingDisplayTypeFilterFunctionality_Mobile_17-43-44] Total open windows/tabs count -> 2
17:44:11 [TestNG-test-Test-1] INFO  verifyingDisplayTypeFilterFunctionality_Mobile_17-43-44 - [verifyingDisplayTypeFilterFunctionality_Mobile_17-43-44] Original window handle -> D35FFDC21FD40B6CAB215C3F0DBD2DAB
17:44:11 [TestNG-test-Test-1] INFO  verifyingDisplayTypeFilterFunctionality_Mobile_17-43-44 - [verifyingDisplayTypeFilterFunctionality_Mobile_17-43-44] Found new tab/window handle -> 3A9F3AB2AA27F5466346492495CC57B3 (will be closed)
17:44:11 [TestNG-test-Test-1] INFO  verifyingDisplayTypeFilterFunctionality_Mobile_17-43-44 - [verifyingDisplayTypeFilterFunctionality_Mobile_17-43-44] Successfully switched to new tab/window -> 3A9F3AB2AA27F5466346492495CC57B3
17:44:11 [TestNG-test-Test-1] INFO  verifyingDisplayTypeFilterFunctionality_Mobile_17-43-44 - [verifyingDisplayTypeFilterFunctionality_Mobile_17-43-44] Closed the newly opened tab/window -> 3A9F3AB2AA27F5466346492495CC57B3
17:44:11 [TestNG-test-Test-1] INFO  verifyingDisplayTypeFilterFunctionality_Mobile_17-43-44 - [verifyingDisplayTypeFilterFunctionality_Mobile_17-43-44] Switched back to the original window -> D35FFDC21FD40B6CAB215C3F0DBD2DAB
17:44:11 [TestNG-test-Test-1] INFO  verifyingDisplayTypeFilterFunctionality_Mobile_17-43-44 - [verifyingDisplayTypeFilterFunctionality_Mobile_17-43-44]  going back to product listing via closeCurrentWindowAndSwitchBack 
17:44:11 [TestNG-test-Test-1] INFO  verifyingDisplayTypeFilterFunctionality_Mobile_17-43-44 - [verifyingDisplayTypeFilterFunctionality_Mobile_17-43-44]  Added 'filter','title','keyFeatures', 'about', 'techDetails' into the Map -> productResult
17:44:11 [TestNG-test-Test-1] INFO  verifyingDisplayTypeFilterFunctionality_Mobile_17-43-44 - [verifyingDisplayTypeFilterFunctionality_Mobile_17-43-44]  Added 'productResult' Map into the 'results' i.e list of maps 
17:44:11 [TestNG-test-Test-1] INFO  verifyingDisplayTypeFilterFunctionality_Mobile_17-43-44 - [verifyingDisplayTypeFilterFunctionality_Mobile_17-43-44]==========================================================================================================
17:44:11 [TestNG-test-Test-1] INFO  verifyingDisplayTypeFilterFunctionality_Mobile_17-43-44 - [verifyingDisplayTypeFilterFunctionality_Mobile_17-43-44] Within safeFindElements 
17:44:11 [TestNG-test-Test-1] INFO  verifyingDisplayTypeFilterFunctionality_Mobile_17-43-44 - [verifyingDisplayTypeFilterFunctionality_Mobile_17-43-44] Returning the  [[[ChromeDriver: chrome on windows (8e57e7d350805858361d145834b53ab2)] -> xpath: //div[@data-cy='title-recipe']], [[ChromeDriver: chrome on windows (8e57e7d350805858361d145834b53ab2)] -> xpath: //div[@data-cy='title-recipe']], [[ChromeDriver: chrome on windows (8e57e7d350805858361d145834b53ab2)] -> xpath: //div[@data-cy='title-recipe']], [[ChromeDriver: chrome on windows (8e57e7d350805858361d145834b53ab2)] -> xpath: //div[@data-cy='title-recipe']], [[ChromeDriver: chrome on windows (8e57e7d350805858361d145834b53ab2)] -> xpath: //div[@data-cy='title-recipe']], [[ChromeDriver: chrome on windows (8e57e7d350805858361d145834b53ab2)] -> xpath: //div[@data-cy='title-recipe']], [[ChromeDriver: chrome on windows (8e57e7d350805858361d145834b53ab2)] -> xpath: //div[@data-cy='title-recipe']], [[ChromeDriver: chrome on windows (8e57e7d350805858361d145834b53ab2)] -> xpath: //div[@data-cy='title-recipe']], [[ChromeDriver: chrome on windows (8e57e7d350805858361d145834b53ab2)] -> xpath: //div[@data-cy='title-recipe']], [[ChromeDriver: chrome on windows (8e57e7d350805858361d145834b53ab2)] -> xpath: //div[@data-cy='title-recipe']], [[ChromeDriver: chrome on windows (8e57e7d350805858361d145834b53ab2)] -> xpath: //div[@data-cy='title-recipe']], [[ChromeDriver: chrome on windows (8e57e7d350805858361d145834b53ab2)] -> xpath: //div[@data-cy='title-recipe']], [[ChromeDriver: chrome on windows (8e57e7d350805858361d145834b53ab2)] -> xpath: //div[@data-cy='title-recipe']], [[ChromeDriver: chrome on windows (8e57e7d350805858361d145834b53ab2)] -> xpath: //div[@data-cy='title-recipe']], [[ChromeDriver: chrome on windows (8e57e7d350805858361d145834b53ab2)] -> xpath: //div[@data-cy='title-recipe']], [[ChromeDriver: chrome on windows (8e57e7d350805858361d145834b53ab2)] -> xpath: //div[@data-cy='title-recipe']]] from the safeFindElements method
17:44:11 [TestNG-test-Test-1] INFO  verifyingDisplayTypeFilterFunctionality_Mobile_17-43-44 - [verifyingDisplayTypeFilterFunctionality_Mobile_17-43-44] Within productNameListingPage loop in applyFilterAndValidateProductsWithResult
17:44:11 [TestNG-test-Test-1] INFO  verifyingDisplayTypeFilterFunctionality_Mobile_17-43-44 - [verifyingDisplayTypeFilterFunctionality_Mobile_17-43-44] Within getProductByIndex method
17:44:11 [TestNG-test-Test-1] INFO  verifyingDisplayTypeFilterFunctionality_Mobile_17-43-44 - [verifyingDisplayTypeFilterFunctionality_Mobile_17-43-44] Within safeFindElement method
17:44:12 [TestNG-test-Test-1] INFO  verifyingDisplayTypeFilterFunctionality_Mobile_17-43-44 - [verifyingDisplayTypeFilterFunctionality_Mobile_17-43-44]Found the element returning it ,element ->[[ChromeDriver: chrome on windows (8e57e7d350805858361d145834b53ab2)] -> xpath: (//div[@data-cy='title-recipe'])[2]]
17:44:12 [TestNG-test-Test-1] INFO  verifyingDisplayTypeFilterFunctionality_Mobile_17-43-44 - [verifyingDisplayTypeFilterFunctionality_Mobile_17-43-44] Within getProductByIndex method
17:44:12 [TestNG-test-Test-1] INFO  verifyingDisplayTypeFilterFunctionality_Mobile_17-43-44 - [verifyingDisplayTypeFilterFunctionality_Mobile_17-43-44] Within smoothScrollToElement method
17:44:12 [TestNG-test-Test-1] INFO  verifyingDisplayTypeFilterFunctionality_Mobile_17-43-44 - [verifyingDisplayTypeFilterFunctionality_Mobile_17-43-44] Within safeFindElement method
17:44:12 [TestNG-test-Test-1] INFO  verifyingDisplayTypeFilterFunctionality_Mobile_17-43-44 - [verifyingDisplayTypeFilterFunctionality_Mobile_17-43-44]Found the element returning it ,element ->[[ChromeDriver: chrome on windows (8e57e7d350805858361d145834b53ab2)] -> xpath: (//div[@data-cy='title-recipe'])[2]]
17:44:12 [TestNG-test-Test-1] INFO  verifyingDisplayTypeFilterFunctionality_Mobile_17-43-44 - [verifyingDisplayTypeFilterFunctionality_Mobile_17-43-44] Successfully scrolled to element: By.xpath: (//div[@data-cy='title-recipe'])[2]
17:44:12 [TestNG-test-Test-1] INFO  verifyingDisplayTypeFilterFunctionality_Mobile_17-43-44 - [verifyingDisplayTypeFilterFunctionality_Mobile_17-43-44] Getting product by index in productNameListingPage loop
17:44:12 [TestNG-test-Test-1] INFO  verifyingDisplayTypeFilterFunctionality_Mobile_17-43-44 - [verifyingDisplayTypeFilterFunctionality_Mobile_17-43-44] Opened product in new tab via Ctrl+Click inside productNameListingPage loop
17:44:12 [TestNG-test-Test-1] INFO  verifyingDisplayTypeFilterFunctionality_Mobile_17-43-44 - [verifyingDisplayTypeFilterFunctionality_Mobile_17-43-44] Waiting for new window to open...
17:44:12 [TestNG-test-Test-1] INFO  verifyingDisplayTypeFilterFunctionality_Mobile_17-43-44 - [verifyingDisplayTypeFilterFunctionality_Mobile_17-43-44] Switched to new window -> 56F471E1BA5283AF8C99C24353F5CC92
17:44:12 [TestNG-test-Test-1] INFO  verifyingDisplayTypeFilterFunctionality_Mobile_17-43-44 - [verifyingDisplayTypeFilterFunctionality_Mobile_17-43-44] Swithcing to the new window  within productNameListingPage loop
17:44:12 [TestNG-test-Test-1] INFO  verifyingDisplayTypeFilterFunctionality_Mobile_17-43-44 - [verifyingDisplayTypeFilterFunctionality_Mobile_17-43-44] Clicked product name to open in new tab from productNameListingPage loop
17:44:12 [TestNG-test-Test-1] INFO  verifyingDisplayTypeFilterFunctionality_Mobile_17-43-44 - [verifyingDisplayTypeFilterFunctionality_Mobile_17-43-44] Waiting until element is visible in viewport
17:44:15 [TestNG-test-Test-1] INFO  verifyingDisplayTypeFilterFunctionality_Mobile_17-43-44 - [verifyingDisplayTypeFilterFunctionality_Mobile_17-43-44] Within safeFindElement method
17:44:15 [TestNG-test-Test-1] INFO  verifyingDisplayTypeFilterFunctionality_Mobile_17-43-44 - [verifyingDisplayTypeFilterFunctionality_Mobile_17-43-44]Found the element returning it ,element ->[[ChromeDriver: chrome on windows (8e57e7d350805858361d145834b53ab2)] -> xpath: //span[@id='productTitle']]
17:44:15 [TestNG-test-Test-1] INFO  verifyingDisplayTypeFilterFunctionality_Mobile_17-43-44 - [verifyingDisplayTypeFilterFunctionality_Mobile_17-43-44] Within safeFindElement method
17:44:16 [TestNG-test-Test-1] INFO  verifyingDisplayTypeFilterFunctionality_Mobile_17-43-44 - [verifyingDisplayTypeFilterFunctionality_Mobile_17-43-44]Found the element returning it ,element ->[[ChromeDriver: chrome on windows (8e57e7d350805858361d145834b53ab2)] -> xpath: //div[@class='a-section a-spacing-small a-spacing-top-small']]
17:44:16 [TestNG-test-Test-1] INFO  verifyingDisplayTypeFilterFunctionality_Mobile_17-43-44 - [verifyingDisplayTypeFilterFunctionality_Mobile_17-43-44] Within safeFindElement method
17:44:16 [TestNG-test-Test-1] INFO  verifyingDisplayTypeFilterFunctionality_Mobile_17-43-44 - [verifyingDisplayTypeFilterFunctionality_Mobile_17-43-44]Found the element returning it ,element ->[[ChromeDriver: chrome on windows (8e57e7d350805858361d145834b53ab2)] -> xpath: //div[@id='feature-bullets']]
17:44:16 [TestNG-test-Test-1] INFO  verifyingDisplayTypeFilterFunctionality_Mobile_17-43-44 - [verifyingDisplayTypeFilterFunctionality_Mobile_17-43-44] Within safeFindElement method
17:44:16 [TestNG-test-Test-1] INFO  verifyingDisplayTypeFilterFunctionality_Mobile_17-43-44 - [verifyingDisplayTypeFilterFunctionality_Mobile_17-43-44]Found the element returning it ,element ->[[ChromeDriver: chrome on windows (8e57e7d350805858361d145834b53ab2)] -> xpath: //div[@id='prodDetails']]
17:44:16 [TestNG-test-Test-1] INFO  verifyingDisplayTypeFilterFunctionality_Mobile_17-43-44 - [verifyingDisplayTypeFilterFunctionality_Mobile_17-43-44] Extracting 'name' , 'keyFeatures', 'about' , 'techDetails' within productNameListingPage loop
17:44:16 [TestNG-test-Test-1] INFO  verifyingDisplayTypeFilterFunctionality_Mobile_17-43-44 - [verifyingDisplayTypeFilterFunctionality_Mobile_17-43-44] Waiting until element is visible in viewport
17:44:26 [TestNG-test-Test-1] INFO  verifyingDisplayTypeFilterFunctionality_Mobile_17-43-44 - [verifyingDisplayTypeFilterFunctionality_Mobile_17-43-44] Within smoothScrollToElement method
17:44:26 [TestNG-test-Test-1] INFO  verifyingDisplayTypeFilterFunctionality_Mobile_17-43-44 - [verifyingDisplayTypeFilterFunctionality_Mobile_17-43-44] Within safeFindElement method
17:44:26 [TestNG-test-Test-1] INFO  verifyingDisplayTypeFilterFunctionality_Mobile_17-43-44 - [verifyingDisplayTypeFilterFunctionality_Mobile_17-43-44]Found the element returning it ,element ->[[ChromeDriver: chrome on windows (8e57e7d350805858361d145834b53ab2)] -> xpath: //a[@id='seeMoreDetailsLink']]
17:44:26 [TestNG-test-Test-1] INFO  verifyingDisplayTypeFilterFunctionality_Mobile_17-43-44 - [verifyingDisplayTypeFilterFunctionality_Mobile_17-43-44] Successfully scrolled to element: By.xpath: //a[@id='seeMoreDetailsLink']
17:44:26 [TestNG-test-Test-1] INFO  verifyingDisplayTypeFilterFunctionality_Mobile_17-43-44 - [verifyingDisplayTypeFilterFunctionality_Mobile_17-43-44] Within safeClick method
17:44:27 [TestNG-test-Test-1] INFO  verifyingDisplayTypeFilterFunctionality_Mobile_17-43-44 - [verifyingDisplayTypeFilterFunctionality_Mobile_17-43-44] Clicked the  [[ChromeDriver: chrome on windows (8e57e7d350805858361d145834b53ab2)] -> xpath: //a[@id='seeMoreDetailsLink']]   using safeClick
17:44:27 [TestNG-test-Test-1] INFO  verifyingDisplayTypeFilterFunctionality_Mobile_17-43-44 - [verifyingDisplayTypeFilterFunctionality_Mobile_17-43-44] Within try block for clicking see more deatils within productNameListingPage loop
17:44:27 [TestNG-test-Test-1] INFO  verifyingDisplayTypeFilterFunctionality_Mobile_17-43-44 - [verifyingDisplayTypeFilterFunctionality_Mobile_17-43-44] Within closeCurrentWindowAndSwitchBack method
17:44:27 [TestNG-test-Test-1] INFO  verifyingDisplayTypeFilterFunctionality_Mobile_17-43-44 - [verifyingDisplayTypeFilterFunctionality_Mobile_17-43-44] Total open windows/tabs count -> 2
17:44:27 [TestNG-test-Test-1] INFO  verifyingDisplayTypeFilterFunctionality_Mobile_17-43-44 - [verifyingDisplayTypeFilterFunctionality_Mobile_17-43-44] Original window handle -> D35FFDC21FD40B6CAB215C3F0DBD2DAB
17:44:27 [TestNG-test-Test-1] INFO  verifyingDisplayTypeFilterFunctionality_Mobile_17-43-44 - [verifyingDisplayTypeFilterFunctionality_Mobile_17-43-44] Found new tab/window handle -> 56F471E1BA5283AF8C99C24353F5CC92 (will be closed)
17:44:27 [TestNG-test-Test-1] INFO  verifyingDisplayTypeFilterFunctionality_Mobile_17-43-44 - [verifyingDisplayTypeFilterFunctionality_Mobile_17-43-44] Successfully switched to new tab/window -> 56F471E1BA5283AF8C99C24353F5CC92
17:44:27 [TestNG-test-Test-1] INFO  verifyingDisplayTypeFilterFunctionality_Mobile_17-43-44 - [verifyingDisplayTypeFilterFunctionality_Mobile_17-43-44] Closed the newly opened tab/window -> 56F471E1BA5283AF8C99C24353F5CC92
17:44:27 [TestNG-test-Test-1] INFO  verifyingDisplayTypeFilterFunctionality_Mobile_17-43-44 - [verifyingDisplayTypeFilterFunctionality_Mobile_17-43-44] Switched back to the original window -> D35FFDC21FD40B6CAB215C3F0DBD2DAB
17:44:27 [TestNG-test-Test-1] INFO  verifyingDisplayTypeFilterFunctionality_Mobile_17-43-44 - [verifyingDisplayTypeFilterFunctionality_Mobile_17-43-44]  going back to product listing via closeCurrentWindowAndSwitchBack 
17:44:27 [TestNG-test-Test-1] INFO  verifyingDisplayTypeFilterFunctionality_Mobile_17-43-44 - [verifyingDisplayTypeFilterFunctionality_Mobile_17-43-44]  Added 'filter','title','keyFeatures', 'about', 'techDetails' into the Map -> productResult
17:44:27 [TestNG-test-Test-1] INFO  verifyingDisplayTypeFilterFunctionality_Mobile_17-43-44 - [verifyingDisplayTypeFilterFunctionality_Mobile_17-43-44]  Added 'productResult' Map into the 'results' i.e list of maps 
17:44:27 [TestNG-test-Test-1] INFO  verifyingDisplayTypeFilterFunctionality_Mobile_17-43-44 - [verifyingDisplayTypeFilterFunctionality_Mobile_17-43-44]==========================================================================================================
17:44:27 [TestNG-test-Test-1] INFO  verifyingDisplayTypeFilterFunctionality_Mobile_17-43-44 - [verifyingDisplayTypeFilterFunctionality_Mobile_17-43-44] Within safeClick method
17:44:28 [TestNG-test-Test-1] INFO  verifyingDisplayTypeFilterFunctionality_Mobile_17-43-44 - [verifyingDisplayTypeFilterFunctionality_Mobile_17-43-44] Clicked the  [[ChromeDriver: chrome on windows (8e57e7d350805858361d145834b53ab2)] -> xpath: //span[@class='a-size-base a-color-base' and text()='Clear']]   using safeClick
17:44:28 [TestNG-test-Test-1] INFO  verifyingDisplayTypeFilterFunctionality_Mobile_17-43-44 - [verifyingDisplayTypeFilterFunctionality_Mobile_17-43-44] Clearing the filter value ->LCDwithin productNameListingPage loop
17:44:28 [TestNG-test-Test-1] INFO  verifyingDisplayTypeFilterFunctionality_Mobile_17-43-44 - [verifyingDisplayTypeFilterFunctionality_Mobile_17-43-44]==========================================================================================================
17:44:28 [TestNG-test-Test-1] INFO  verifyingDisplayTypeFilterFunctionality_Mobile_17-43-44 - [verifyingDisplayTypeFilterFunctionality_Mobile_17-43-44]==========================================================================================================
17:44:28 [TestNG-test-Test-1] INFO  verifyingDisplayTypeFilterFunctionality_Mobile_17-43-44 - [verifyingDisplayTypeFilterFunctionality_Mobile_17-43-44] Within filterOptions loop in applyFilterAndValidateProductsWithResult
17:44:28 [TestNG-test-Test-1] INFO  verifyingDisplayTypeFilterFunctionality_Mobile_17-43-44 - [verifyingDisplayTypeFilterFunctionality_Mobile_17-43-44] Within safeFindElements 
17:44:29 [TestNG-test-Test-1] INFO  verifyingDisplayTypeFilterFunctionality_Mobile_17-43-44 - [verifyingDisplayTypeFilterFunctionality_Mobile_17-43-44] Returning the  [[[ChromeDriver: chrome on windows (8e57e7d350805858361d145834b53ab2)] -> xpath: //span[@class='a-size-base a-color-base puis-bold-weight-text' and text()='Display Type']/parent::div/following-sibling::ul//span[@class='a-size-base a-color-base']], [[ChromeDriver: chrome on windows (8e57e7d350805858361d145834b53ab2)] -> xpath: //span[@class='a-size-base a-color-base puis-bold-weight-text' and text()='Display Type']/parent::div/following-sibling::ul//span[@class='a-size-base a-color-base']], [[ChromeDriver: chrome on windows (8e57e7d350805858361d145834b53ab2)] -> xpath: //span[@class='a-size-base a-color-base puis-bold-weight-text' and text()='Display Type']/parent::div/following-sibling::ul//span[@class='a-size-base a-color-base']]] from the safeFindElements method
17:44:29 [TestNG-test-Test-1] INFO  verifyingDisplayTypeFilterFunctionality_Mobile_17-43-44 - [verifyingDisplayTypeFilterFunctionality_Mobile_17-43-44] Trying to read filter option 2 (attempt 1/3)
17:44:29 [TestNG-test-Test-1] INFO  verifyingDisplayTypeFilterFunctionality_Mobile_17-43-44 - [verifyingDisplayTypeFilterFunctionality_Mobile_17-43-44] Successfully read filter option 2 = 'OLED'
17:44:29 [TestNG-test-Test-1] INFO  verifyingDisplayTypeFilterFunctionality_Mobile_17-43-44 - [verifyingDisplayTypeFilterFunctionality_Mobile_17-43-44] Within getfilterByTypeAndName method
17:44:29 [TestNG-test-Test-1] INFO  verifyingDisplayTypeFilterFunctionality_Mobile_17-43-44 - [verifyingDisplayTypeFilterFunctionality_Mobile_17-43-44] Within safeClickBooleanWithScreenShot method
17:44:29 [TestNG-test-Test-1] INFO  verifyingDisplayTypeFilterFunctionality_Mobile_17-43-44 - [verifyingDisplayTypeFilterFunctionality_Mobile_17-43-44] Within getAppliedfilterByTypeAndName method
17:44:29 [TestNG-test-Test-1] INFO  verifyingDisplayTypeFilterFunctionality_Mobile_17-43-44 - [verifyingDisplayTypeFilterFunctionality_Mobile_17-43-44] Within smoothScrollToElement method
17:44:29 [TestNG-test-Test-1] INFO  verifyingDisplayTypeFilterFunctionality_Mobile_17-43-44 - [verifyingDisplayTypeFilterFunctionality_Mobile_17-43-44] Within safeFindElement method
17:44:29 [TestNG-test-Test-1] INFO  verifyingDisplayTypeFilterFunctionality_Mobile_17-43-44 - [verifyingDisplayTypeFilterFunctionality_Mobile_17-43-44]Found the element returning it ,element ->[[ChromeDriver: chrome on windows (8e57e7d350805858361d145834b53ab2)] -> xpath: //span[@class='a-size-base a-color-base puis-bold-weight-text' and text()='Display Type']]
17:44:29 [TestNG-test-Test-1] INFO  verifyingDisplayTypeFilterFunctionality_Mobile_17-43-44 - [verifyingDisplayTypeFilterFunctionality_Mobile_17-43-44] Successfully scrolled to element: By.xpath: //span[@class='a-size-base a-color-base puis-bold-weight-text' and text()='Display Type']
17:44:29 [TestNG-test-Test-1] INFO  verifyingDisplayTypeFilterFunctionality_Mobile_17-43-44 - [verifyingDisplayTypeFilterFunctionality_Mobile_17-43-44] Within getMoreButtonByFilterTypeAndName method
17:44:29 [TestNG-test-Test-1] INFO  verifyingDisplayTypeFilterFunctionality_Mobile_17-43-44 - [verifyingDisplayTypeFilterFunctionality_Mobile_17-43-44] could not find more button
17:44:30 [TestNG-test-Test-1] INFO  verifyingDisplayTypeFilterFunctionality_Mobile_17-43-44 - [verifyingDisplayTypeFilterFunctionality_Mobile_17-43-44] Within getAppliedfilterByTypeAndName method
17:44:30 [TestNG-test-Test-1] INFO  verifyingDisplayTypeFilterFunctionality_Mobile_17-43-44 - [verifyingDisplayTypeFilterFunctionality_Mobile_17-43-44] Within smoothScrollToElement method
17:44:30 [TestNG-test-Test-1] INFO  verifyingDisplayTypeFilterFunctionality_Mobile_17-43-44 - [verifyingDisplayTypeFilterFunctionality_Mobile_17-43-44] Within safeFindElement method
17:44:31 [TestNG-test-Test-1] INFO  verifyingDisplayTypeFilterFunctionality_Mobile_17-43-44 - [verifyingDisplayTypeFilterFunctionality_Mobile_17-43-44]Found the element returning it ,element ->[[ChromeDriver: chrome on windows (8e57e7d350805858361d145834b53ab2)] -> xpath: //span[@class='a-size-base a-color-base puis-bold-weight-text' and text()='Display Type']]
17:44:31 [TestNG-test-Test-1] INFO  verifyingDisplayTypeFilterFunctionality_Mobile_17-43-44 - [verifyingDisplayTypeFilterFunctionality_Mobile_17-43-44] Successfully scrolled to element: By.xpath: //span[@class='a-size-base a-color-base puis-bold-weight-text' and text()='Display Type']
17:44:31 [TestNG-test-Test-1] INFO  verifyingDisplayTypeFilterFunctionality_Mobile_17-43-44 - [verifyingDisplayTypeFilterFunctionality_Mobile_17-43-44] Within getMoreButtonByFilterTypeAndName method
17:44:31 [TestNG-test-Test-1] INFO  verifyingDisplayTypeFilterFunctionality_Mobile_17-43-44 - [verifyingDisplayTypeFilterFunctionality_Mobile_17-43-44] could not find more button
17:44:31 [TestNG-test-Test-1] INFO  verifyingDisplayTypeFilterFunctionality_Mobile_17-43-44 - [verifyingDisplayTypeFilterFunctionality_Mobile_17-43-44] Within getfilterByTypeAndName method
17:44:31 [TestNG-test-Test-1] INFO  verifyingDisplayTypeFilterFunctionality_Mobile_17-43-44 - [verifyingDisplayTypeFilterFunctionality_Mobile_17-43-44] Within smoothScrollToElement method
17:44:31 [TestNG-test-Test-1] INFO  verifyingDisplayTypeFilterFunctionality_Mobile_17-43-44 - [verifyingDisplayTypeFilterFunctionality_Mobile_17-43-44] Within safeFindElement method
17:44:31 [TestNG-test-Test-1] INFO  verifyingDisplayTypeFilterFunctionality_Mobile_17-43-44 - [verifyingDisplayTypeFilterFunctionality_Mobile_17-43-44]Found the element returning it ,element ->[[ChromeDriver: chrome on windows (8e57e7d350805858361d145834b53ab2)] -> xpath: //span[@class='a-size-base a-color-base puis-bold-weight-text' and text()='Display Type']/parent::div/following-sibling::ul//span[@class='a-size-base a-color-base a-text-bold' and text()='OLED']]
17:44:31 [TestNG-test-Test-1] INFO  verifyingDisplayTypeFilterFunctionality_Mobile_17-43-44 - [verifyingDisplayTypeFilterFunctionality_Mobile_17-43-44] Successfully scrolled to element: By.xpath: //span[@class='a-size-base a-color-base puis-bold-weight-text' and text()='Display Type']/parent::div/following-sibling::ul//span[@class='a-size-base a-color-base a-text-bold' and text()='OLED']
17:44:31 [TestNG-test-Test-1] INFO  verifyingDisplayTypeFilterFunctionality_Mobile_17-43-44 - [verifyingDisplayTypeFilterFunctionality_Mobile_17-43-44] Clicked the element using safe click ,element is [[ChromeDriver: chrome on windows (8e57e7d350805858361d145834b53ab2)] -> xpath: //span[@class='a-size-base a-color-base puis-bold-weight-text' and text()='Display Type']/parent::div/following-sibling::ul//span[@class='a-size-base a-color-base' and text()='OLED']]
17:44:32 [TestNG-test-Test-1] INFO  verifyingDisplayTypeFilterFunctionality_Mobile_17-43-44 - [verifyingDisplayTypeFilterFunctionality_Mobile_17-43-44] Within safeFindElements 
17:44:32 [TestNG-test-Test-1] INFO  verifyingDisplayTypeFilterFunctionality_Mobile_17-43-44 - [verifyingDisplayTypeFilterFunctionality_Mobile_17-43-44] Returning the  [[[ChromeDriver: chrome on windows (8e57e7d350805858361d145834b53ab2)] -> xpath: //div[@data-cy='title-recipe']], [[ChromeDriver: chrome on windows (8e57e7d350805858361d145834b53ab2)] -> xpath: //div[@data-cy='title-recipe']], [[ChromeDriver: chrome on windows (8e57e7d350805858361d145834b53ab2)] -> xpath: //div[@data-cy='title-recipe']], [[ChromeDriver: chrome on windows (8e57e7d350805858361d145834b53ab2)] -> xpath: //div[@data-cy='title-recipe']], [[ChromeDriver: chrome on windows (8e57e7d350805858361d145834b53ab2)] -> xpath: //div[@data-cy='title-recipe']], [[ChromeDriver: chrome on windows (8e57e7d350805858361d145834b53ab2)] -> xpath: //div[@data-cy='title-recipe']], [[ChromeDriver: chrome on windows (8e57e7d350805858361d145834b53ab2)] -> xpath: //div[@data-cy='title-recipe']], [[ChromeDriver: chrome on windows (8e57e7d350805858361d145834b53ab2)] -> xpath: //div[@data-cy='title-recipe']], [[ChromeDriver: chrome on windows (8e57e7d350805858361d145834b53ab2)] -> xpath: //div[@data-cy='title-recipe']], [[ChromeDriver: chrome on windows (8e57e7d350805858361d145834b53ab2)] -> xpath: //div[@data-cy='title-recipe']], [[ChromeDriver: chrome on windows (8e57e7d350805858361d145834b53ab2)] -> xpath: //div[@data-cy='title-recipe']], [[ChromeDriver: chrome on windows (8e57e7d350805858361d145834b53ab2)] -> xpath: //div[@data-cy='title-recipe']], [[ChromeDriver: chrome on windows (8e57e7d350805858361d145834b53ab2)] -> xpath: //div[@data-cy='title-recipe']], [[ChromeDriver: chrome on windows (8e57e7d350805858361d145834b53ab2)] -> xpath: //div[@data-cy='title-recipe']], [[ChromeDriver: chrome on windows (8e57e7d350805858361d145834b53ab2)] -> xpath: //div[@data-cy='title-recipe']], [[ChromeDriver: chrome on windows (8e57e7d350805858361d145834b53ab2)] -> xpath: //div[@data-cy='title-recipe']]] from the safeFindElements method
17:44:32 [TestNG-test-Test-1] INFO  verifyingDisplayTypeFilterFunctionality_Mobile_17-43-44 - [verifyingDisplayTypeFilterFunctionality_Mobile_17-43-44] Execution is Not CRON Job Hence refering to normal keys from UtilData
17:44:32 [TestNG-test-Test-1] INFO  verifyingDisplayTypeFilterFunctionality_Mobile_17-43-44 - [verifyingDisplayTypeFilterFunctionality_Mobile_17-43-44] Within safeFindElements 
17:44:32 [TestNG-test-Test-1] INFO  verifyingDisplayTypeFilterFunctionality_Mobile_17-43-44 - [verifyingDisplayTypeFilterFunctionality_Mobile_17-43-44] Returning the  [[[ChromeDriver: chrome on windows (8e57e7d350805858361d145834b53ab2)] -> xpath: //div[@data-cy='title-recipe']], [[ChromeDriver: chrome on windows (8e57e7d350805858361d145834b53ab2)] -> xpath: //div[@data-cy='title-recipe']], [[ChromeDriver: chrome on windows (8e57e7d350805858361d145834b53ab2)] -> xpath: //div[@data-cy='title-recipe']], [[ChromeDriver: chrome on windows (8e57e7d350805858361d145834b53ab2)] -> xpath: //div[@data-cy='title-recipe']], [[ChromeDriver: chrome on windows (8e57e7d350805858361d145834b53ab2)] -> xpath: //div[@data-cy='title-recipe']], [[ChromeDriver: chrome on windows (8e57e7d350805858361d145834b53ab2)] -> xpath: //div[@data-cy='title-recipe']], [[ChromeDriver: chrome on windows (8e57e7d350805858361d145834b53ab2)] -> xpath: //div[@data-cy='title-recipe']], [[ChromeDriver: chrome on windows (8e57e7d350805858361d145834b53ab2)] -> xpath: //div[@data-cy='title-recipe']], [[ChromeDriver: chrome on windows (8e57e7d350805858361d145834b53ab2)] -> xpath: //div[@data-cy='title-recipe']], [[ChromeDriver: chrome on windows (8e57e7d350805858361d145834b53ab2)] -> xpath: //div[@data-cy='title-recipe']], [[ChromeDriver: chrome on windows (8e57e7d350805858361d145834b53ab2)] -> xpath: //div[@data-cy='title-recipe']], [[ChromeDriver: chrome on windows (8e57e7d350805858361d145834b53ab2)] -> xpath: //div[@data-cy='title-recipe']], [[ChromeDriver: chrome on windows (8e57e7d350805858361d145834b53ab2)] -> xpath: //div[@data-cy='title-recipe']], [[ChromeDriver: chrome on windows (8e57e7d350805858361d145834b53ab2)] -> xpath: //div[@data-cy='title-recipe']], [[ChromeDriver: chrome on windows (8e57e7d350805858361d145834b53ab2)] -> xpath: //div[@data-cy='title-recipe']], [[ChromeDriver: chrome on windows (8e57e7d350805858361d145834b53ab2)] -> xpath: //div[@data-cy='title-recipe']]] from the safeFindElements method
17:44:32 [TestNG-test-Test-1] INFO  verifyingDisplayTypeFilterFunctionality_Mobile_17-43-44 - [verifyingDisplayTypeFilterFunctionality_Mobile_17-43-44] Within productNameListingPage loop in applyFilterAndValidateProductsWithResult
17:44:32 [TestNG-test-Test-1] INFO  verifyingDisplayTypeFilterFunctionality_Mobile_17-43-44 - [verifyingDisplayTypeFilterFunctionality_Mobile_17-43-44] Within getProductByIndex method
17:44:32 [TestNG-test-Test-1] INFO  verifyingDisplayTypeFilterFunctionality_Mobile_17-43-44 - [verifyingDisplayTypeFilterFunctionality_Mobile_17-43-44] Within safeFindElement method
17:44:32 [TestNG-test-Test-1] INFO  verifyingDisplayTypeFilterFunctionality_Mobile_17-43-44 - [verifyingDisplayTypeFilterFunctionality_Mobile_17-43-44]Found the element returning it ,element ->[[ChromeDriver: chrome on windows (8e57e7d350805858361d145834b53ab2)] -> xpath: (//div[@data-cy='title-recipe'])[1]]
17:44:32 [TestNG-test-Test-1] INFO  verifyingDisplayTypeFilterFunctionality_Mobile_17-43-44 - [verifyingDisplayTypeFilterFunctionality_Mobile_17-43-44] Within getProductByIndex method
17:44:32 [TestNG-test-Test-1] INFO  verifyingDisplayTypeFilterFunctionality_Mobile_17-43-44 - [verifyingDisplayTypeFilterFunctionality_Mobile_17-43-44] Within smoothScrollToElement method
17:44:32 [TestNG-test-Test-1] INFO  verifyingDisplayTypeFilterFunctionality_Mobile_17-43-44 - [verifyingDisplayTypeFilterFunctionality_Mobile_17-43-44] Within safeFindElement method
17:44:32 [TestNG-test-Test-1] INFO  verifyingDisplayTypeFilterFunctionality_Mobile_17-43-44 - [verifyingDisplayTypeFilterFunctionality_Mobile_17-43-44]Found the element returning it ,element ->[[ChromeDriver: chrome on windows (8e57e7d350805858361d145834b53ab2)] -> xpath: (//div[@data-cy='title-recipe'])[1]]
17:44:32 [TestNG-test-Test-1] INFO  verifyingDisplayTypeFilterFunctionality_Mobile_17-43-44 - [verifyingDisplayTypeFilterFunctionality_Mobile_17-43-44] Successfully scrolled to element: By.xpath: (//div[@data-cy='title-recipe'])[1]
17:44:32 [TestNG-test-Test-1] INFO  verifyingDisplayTypeFilterFunctionality_Mobile_17-43-44 - [verifyingDisplayTypeFilterFunctionality_Mobile_17-43-44] Getting product by index in productNameListingPage loop
17:44:32 [TestNG-test-Test-1] INFO  verifyingDisplayTypeFilterFunctionality_Mobile_17-43-44 - [verifyingDisplayTypeFilterFunctionality_Mobile_17-43-44] Opened product in new tab via Ctrl+Click inside productNameListingPage loop
17:44:32 [TestNG-test-Test-1] INFO  verifyingDisplayTypeFilterFunctionality_Mobile_17-43-44 - [verifyingDisplayTypeFilterFunctionality_Mobile_17-43-44] Waiting for new window to open...
17:44:32 [TestNG-test-Test-1] INFO  verifyingDisplayTypeFilterFunctionality_Mobile_17-43-44 - [verifyingDisplayTypeFilterFunctionality_Mobile_17-43-44] Switched to new window -> 3E2C969B34B3633AB75BC2CBFD26B3FA
17:44:32 [TestNG-test-Test-1] INFO  verifyingDisplayTypeFilterFunctionality_Mobile_17-43-44 - [verifyingDisplayTypeFilterFunctionality_Mobile_17-43-44] Swithcing to the new window  within productNameListingPage loop
17:44:32 [TestNG-test-Test-1] INFO  verifyingDisplayTypeFilterFunctionality_Mobile_17-43-44 - [verifyingDisplayTypeFilterFunctionality_Mobile_17-43-44] Clicked product name to open in new tab from productNameListingPage loop
17:44:32 [TestNG-test-Test-1] INFO  verifyingDisplayTypeFilterFunctionality_Mobile_17-43-44 - [verifyingDisplayTypeFilterFunctionality_Mobile_17-43-44] Waiting until element is visible in viewport
17:44:35 [TestNG-test-Test-1] WARN  verifyingDisplayTypeFilterFunctionality_Mobile_17-43-44 - [verifyingDisplayTypeFilterFunctionality_Mobile_17-43-44] Product detail page did not load for index 1 filter 'OLED'; skipping detail scrape to avoid redundant retries/timeouts
17:44:35 [TestNG-test-Test-1] INFO  verifyingDisplayTypeFilterFunctionality_Mobile_17-43-44 - [verifyingDisplayTypeFilterFunctionality_Mobile_17-43-44] Within closeCurrentWindowAndSwitchBack method
17:44:35 [TestNG-test-Test-1] INFO  verifyingDisplayTypeFilterFunctionality_Mobile_17-43-44 - [verifyingDisplayTypeFilterFunctionality_Mobile_17-43-44] Total open windows/tabs count -> 2
17:44:35 [TestNG-test-Test-1] INFO  verifyingDisplayTypeFilterFunctionality_Mobile_17-43-44 - [verifyingDisplayTypeFilterFunctionality_Mobile_17-43-44] Original window handle -> D35FFDC21FD40B6CAB215C3F0DBD2DAB
17:44:35 [TestNG-test-Test-1] INFO  verifyingDisplayTypeFilterFunctionality_Mobile_17-43-44 - [verifyingDisplayTypeFilterFunctionality_Mobile_17-43-44] Found new tab/window handle -> 3E2C969B34B3633AB75BC2CBFD26B3FA (will be closed)
17:44:35 [TestNG-test-Test-1] INFO  verifyingDisplayTypeFilterFunctionality_Mobile_17-43-44 - [verifyingDisplayTypeFilterFunctionality_Mobile_17-43-44] Successfully switched to new tab/window -> 3E2C969B34B3633AB75BC2CBFD26B3FA
17:44:35 [TestNG-test-Test-1] INFO  verifyingDisplayTypeFilterFunctionality_Mobile_17-43-44 - [verifyingDisplayTypeFilterFunctionality_Mobile_17-43-44] Closed the newly opened tab/window -> 3E2C969B34B3633AB75BC2CBFD26B3FA
17:44:35 [TestNG-test-Test-1] INFO  verifyingDisplayTypeFilterFunctionality_Mobile_17-43-44 - [verifyingDisplayTypeFilterFunctionality_Mobile_17-43-44] Switched back to the original window -> D35FFDC21FD40B6CAB215C3F0DBD2DAB
17:44:35 [TestNG-test-Test-1] INFO  verifyingDisplayTypeFilterFunctionality_Mobile_17-43-44 - [verifyingDisplayTypeFilterFunctionality_Mobile_17-43-44]  going back to product listing via closeCurrentWindowAndSwitchBack 
17:44:35 [TestNG-test-Test-1] INFO  verifyingDisplayTypeFilterFunctionality_Mobile_17-43-44 - [verifyingDisplayTypeFilterFunctionality_Mobile_17-43-44]  Added 'filter','title','keyFeatures', 'about', 'techDetails' into the Map -> productResult
17:44:35 [TestNG-test-Test-1] INFO  verifyingDisplayTypeFilterFunctionality_Mobile_17-43-44 - [verifyingDisplayTypeFilterFunctionality_Mobile_17-43-44]  Added 'productResult' Map into the 'results' i.e list of maps 
17:44:35 [TestNG-test-Test-1] INFO  verifyingDisplayTypeFilterFunctionality_Mobile_17-43-44 - [verifyingDisplayTypeFilterFunctionality_Mobile_17-43-44]==========================================================================================================
17:44:35 [TestNG-test-Test-1] INFO  verifyingDisplayTypeFilterFunctionality_Mobile_17-43-44 - [verifyingDisplayTypeFilterFunctionality_Mobile_17-43-44] Within safeFindElements 
17:44:35 [TestNG-test-Test-1] INFO  verifyingDisplayTypeFilterFunctionality_Mobile_17-43-44 - [verifyingDisplayTypeFilterFunctionality_Mobile_17-43-44] Returning the  [[[ChromeDriver: chrome on windows (8e57e7d350805858361d145834b53ab2)] -> xpath: //div[@data-cy='title-recipe']], [[ChromeDriver: chrome on windows (8e57e7d350805858361d145834b53ab2)] -> xpath: //div[@data-cy='title-recipe']], [[ChromeDriver: chrome on windows (8e57e7d350805858361d145834b53ab2)] -> xpath: //div[@data-cy='title-recipe']], [[ChromeDriver: chrome on windows (8e57e7d350805858361d145834b53ab2)] -> xpath: //div[@data-cy='title-recipe']], [[ChromeDriver: chrome on windows (8e57e7d350805858361d145834b53ab2)] -> xpath: //div[@data-cy='title-recipe']], [[ChromeDriver: chrome on windows (8e57e7d350805858361d145834b53ab2)] -> xpath: //div[@data-cy='title-recipe']], [[ChromeDriver: chrome on windows (8e57e7d350805858361d145834b53ab2)] -> xpath: //div[@data-cy='title-recipe']], [[ChromeDriver: chrome on windows (8e57e7d350805858361d145834b53ab2)] -> xpath: //div[@data-cy='title-recipe']], [[ChromeDriver: chrome on windows (8e57e7d350805858361d145834b53ab2)] -> xpath: //div[@data-cy='title-recipe']], [[ChromeDriver: chrome on windows (8e57e7d350805858361d145834b53ab2)] -> xpath: //div[@data-cy='title-recipe']], [[ChromeDriver: chrome on windows (8e57e7d350805858361d145834b53ab2)] -> xpath: //div[@data-cy='title-recipe']], [[ChromeDriver: chrome on windows (8e57e7d350805858361d145834b53ab2)] -> xpath: //div[@data-cy='title-recipe']], [[ChromeDriver: chrome on windows (8e57e7d350805858361d145834b53ab2)] -> xpath: //div[@data-cy='title-recipe']], [[ChromeDriver: chrome on windows (8e57e7d350805858361d145834b53ab2)] -> xpath: //div[@data-cy='title-recipe']], [[ChromeDriver: chrome on windows (8e57e7d350805858361d145834b53ab2)] -> xpath: //div[@data-cy='title-recipe']], [[ChromeDriver: chrome on windows (8e57e7d350805858361d145834b53ab2)] -> xpath: //div[@data-cy='title-recipe']]] from the safeFindElements method
17:44:35 [TestNG-test-Test-1] INFO  verifyingDisplayTypeFilterFunctionality_Mobile_17-43-44 - [verifyingDisplayTypeFilterFunctionality_Mobile_17-43-44] Within productNameListingPage loop in applyFilterAndValidateProductsWithResult
17:44:35 [TestNG-test-Test-1] INFO  verifyingDisplayTypeFilterFunctionality_Mobile_17-43-44 - [verifyingDisplayTypeFilterFunctionality_Mobile_17-43-44] Within getProductByIndex method
17:44:35 [TestNG-test-Test-1] INFO  verifyingDisplayTypeFilterFunctionality_Mobile_17-43-44 - [verifyingDisplayTypeFilterFunctionality_Mobile_17-43-44] Within safeFindElement method
17:44:35 [TestNG-test-Test-1] INFO  verifyingDisplayTypeFilterFunctionality_Mobile_17-43-44 - [verifyingDisplayTypeFilterFunctionality_Mobile_17-43-44]Found the element returning it ,element ->[[ChromeDriver: chrome on windows (8e57e7d350805858361d145834b53ab2)] -> xpath: (//div[@data-cy='title-recipe'])[2]]
17:44:35 [TestNG-test-Test-1] INFO  verifyingDisplayTypeFilterFunctionality_Mobile_17-43-44 - [verifyingDisplayTypeFilterFunctionality_Mobile_17-43-44] Within getProductByIndex method
17:44:35 [TestNG-test-Test-1] INFO  verifyingDisplayTypeFilterFunctionality_Mobile_17-43-44 - [verifyingDisplayTypeFilterFunctionality_Mobile_17-43-44] Within smoothScrollToElement method
17:44:35 [TestNG-test-Test-1] INFO  verifyingDisplayTypeFilterFunctionality_Mobile_17-43-44 - [verifyingDisplayTypeFilterFunctionality_Mobile_17-43-44] Within safeFindElement method
17:44:35 [TestNG-test-Test-1] INFO  verifyingDisplayTypeFilterFunctionality_Mobile_17-43-44 - [verifyingDisplayTypeFilterFunctionality_Mobile_17-43-44]Found the element returning it ,element ->[[ChromeDriver: chrome on windows (8e57e7d350805858361d145834b53ab2)] -> xpath: (//div[@data-cy='title-recipe'])[2]]
17:44:35 [TestNG-test-Test-1] INFO  verifyingDisplayTypeFilterFunctionality_Mobile_17-43-44 - [verifyingDisplayTypeFilterFunctionality_Mobile_17-43-44] Successfully scrolled to element: By.xpath: (//div[@data-cy='title-recipe'])[2]
17:44:35 [TestNG-test-Test-1] INFO  verifyingDisplayTypeFilterFunctionality_Mobile_17-43-44 - [verifyingDisplayTypeFilterFunctionality_Mobile_17-43-44] Getting product by index in productNameListingPage loop
17:44:36 [TestNG-test-Test-1] INFO  verifyingDisplayTypeFilterFunctionality_Mobile_17-43-44 - [verifyingDisplayTypeFilterFunctionality_Mobile_17-43-44] Opened product in new tab via Ctrl+Click inside productNameListingPage loop
17:44:36 [TestNG-test-Test-1] INFO  verifyingDisplayTypeFilterFunctionality_Mobile_17-43-44 - [verifyingDisplayTypeFilterFunctionality_Mobile_17-43-44] Waiting for new window to open...
17:44:36 [TestNG-test-Test-1] INFO  verifyingDisplayTypeFilterFunctionality_Mobile_17-43-44 - [verifyingDisplayTypeFilterFunctionality_Mobile_17-43-44] Switched to new window -> C4F3BA358775658A47CC6FB7A23911B7
17:44:36 [TestNG-test-Test-1] INFO  verifyingDisplayTypeFilterFunctionality_Mobile_17-43-44 - [verifyingDisplayTypeFilterFunctionality_Mobile_17-43-44] Swithcing to the new window  within productNameListingPage loop
17:44:36 [TestNG-test-Test-1] INFO  verifyingDisplayTypeFilterFunctionality_Mobile_17-43-44 - [verifyingDisplayTypeFilterFunctionality_Mobile_17-43-44] Clicked product name to open in new tab from productNameListingPage loop
17:44:36 [TestNG-test-Test-1] INFO  verifyingDisplayTypeFilterFunctionality_Mobile_17-43-44 - [verifyingDisplayTypeFilterFunctionality_Mobile_17-43-44] Waiting until element is visible in viewport
17:44:39 [TestNG-test-Test-1] INFO  verifyingDisplayTypeFilterFunctionality_Mobile_17-43-44 - [verifyingDisplayTypeFilterFunctionality_Mobile_17-43-44] Within safeFindElement method
17:44:39 [TestNG-test-Test-1] INFO  verifyingDisplayTypeFilterFunctionality_Mobile_17-43-44 - [verifyingDisplayTypeFilterFunctionality_Mobile_17-43-44]Found the element returning it ,element ->[[ChromeDriver: chrome on windows (8e57e7d350805858361d145834b53ab2)] -> xpath: //span[@id='productTitle']]
17:44:39 [TestNG-test-Test-1] INFO  verifyingDisplayTypeFilterFunctionality_Mobile_17-43-44 - [verifyingDisplayTypeFilterFunctionality_Mobile_17-43-44] Within safeFindElement method
17:44:39 [TestNG-test-Test-1] INFO  verifyingDisplayTypeFilterFunctionality_Mobile_17-43-44 - [verifyingDisplayTypeFilterFunctionality_Mobile_17-43-44]Found the element returning it ,element ->[[ChromeDriver: chrome on windows (8e57e7d350805858361d145834b53ab2)] -> xpath: //div[@class='a-section a-spacing-small a-spacing-top-small']]
17:44:39 [TestNG-test-Test-1] INFO  verifyingDisplayTypeFilterFunctionality_Mobile_17-43-44 - [verifyingDisplayTypeFilterFunctionality_Mobile_17-43-44] Within safeFindElement method
17:44:39 [TestNG-test-Test-1] INFO  verifyingDisplayTypeFilterFunctionality_Mobile_17-43-44 - [verifyingDisplayTypeFilterFunctionality_Mobile_17-43-44]Found the element returning it ,element ->[[ChromeDriver: chrome on windows (8e57e7d350805858361d145834b53ab2)] -> xpath: //div[@id='feature-bullets']]
17:44:39 [TestNG-test-Test-1] INFO  verifyingDisplayTypeFilterFunctionality_Mobile_17-43-44 - [verifyingDisplayTypeFilterFunctionality_Mobile_17-43-44] Within safeFindElement method
17:44:39 [TestNG-test-Test-1] INFO  verifyingDisplayTypeFilterFunctionality_Mobile_17-43-44 - [verifyingDisplayTypeFilterFunctionality_Mobile_17-43-44]Found the element returning it ,element ->[[ChromeDriver: chrome on windows (8e57e7d350805858361d145834b53ab2)] -> xpath: //div[@id='prodDetails']]
17:44:39 [TestNG-test-Test-1] INFO  verifyingDisplayTypeFilterFunctionality_Mobile_17-43-44 - [verifyingDisplayTypeFilterFunctionality_Mobile_17-43-44] Extracting 'name' , 'keyFeatures', 'about' , 'techDetails' within productNameListingPage loop
17:44:39 [TestNG-test-Test-1] INFO  verifyingDisplayTypeFilterFunctionality_Mobile_17-43-44 - [verifyingDisplayTypeFilterFunctionality_Mobile_17-43-44] Waiting until element is visible in viewport
17:44:50 [TestNG-test-Test-1] INFO  verifyingDisplayTypeFilterFunctionality_Mobile_17-43-44 - [verifyingDisplayTypeFilterFunctionality_Mobile_17-43-44] Within smoothScrollToElement method
17:44:50 [TestNG-test-Test-1] INFO  verifyingDisplayTypeFilterFunctionality_Mobile_17-43-44 - [verifyingDisplayTypeFilterFunctionality_Mobile_17-43-44] Within safeFindElement method
17:44:50 [TestNG-test-Test-1] INFO  verifyingDisplayTypeFilterFunctionality_Mobile_17-43-44 - [verifyingDisplayTypeFilterFunctionality_Mobile_17-43-44]Found the element returning it ,element ->[[ChromeDriver: chrome on windows (8e57e7d350805858361d145834b53ab2)] -> xpath: //a[@id='seeMoreDetailsLink']]
17:44:50 [TestNG-test-Test-1] INFO  verifyingDisplayTypeFilterFunctionality_Mobile_17-43-44 - [verifyingDisplayTypeFilterFunctionality_Mobile_17-43-44] Successfully scrolled to element: By.xpath: //a[@id='seeMoreDetailsLink']
17:44:50 [TestNG-test-Test-1] INFO  verifyingDisplayTypeFilterFunctionality_Mobile_17-43-44 - [verifyingDisplayTypeFilterFunctionality_Mobile_17-43-44] Within safeClick method
17:44:50 [TestNG-test-Test-1] INFO  verifyingDisplayTypeFilterFunctionality_Mobile_17-43-44 - [verifyingDisplayTypeFilterFunctionality_Mobile_17-43-44] Clicked the  [[ChromeDriver: chrome on windows (8e57e7d350805858361d145834b53ab2)] -> xpath: //a[@id='seeMoreDetailsLink']]   using safeClick
17:44:50 [TestNG-test-Test-1] INFO  verifyingDisplayTypeFilterFunctionality_Mobile_17-43-44 - [verifyingDisplayTypeFilterFunctionality_Mobile_17-43-44] Within try block for clicking see more deatils within productNameListingPage loop
17:44:50 [TestNG-test-Test-1] INFO  verifyingDisplayTypeFilterFunctionality_Mobile_17-43-44 - [verifyingDisplayTypeFilterFunctionality_Mobile_17-43-44] Within closeCurrentWindowAndSwitchBack method
17:44:50 [TestNG-test-Test-1] INFO  verifyingDisplayTypeFilterFunctionality_Mobile_17-43-44 - [verifyingDisplayTypeFilterFunctionality_Mobile_17-43-44] Total open windows/tabs count -> 2
17:44:50 [TestNG-test-Test-1] INFO  verifyingDisplayTypeFilterFunctionality_Mobile_17-43-44 - [verifyingDisplayTypeFilterFunctionality_Mobile_17-43-44] Original window handle -> D35FFDC21FD40B6CAB215C3F0DBD2DAB
17:44:50 [TestNG-test-Test-1] INFO  verifyingDisplayTypeFilterFunctionality_Mobile_17-43-44 - [verifyingDisplayTypeFilterFunctionality_Mobile_17-43-44] Found new tab/window handle -> C4F3BA358775658A47CC6FB7A23911B7 (will be closed)
17:44:50 [TestNG-test-Test-1] INFO  verifyingDisplayTypeFilterFunctionality_Mobile_17-43-44 - [verifyingDisplayTypeFilterFunctionality_Mobile_17-43-44] Successfully switched to new tab/window -> C4F3BA358775658A47CC6FB7A23911B7
17:44:50 [TestNG-test-Test-1] INFO  verifyingDisplayTypeFilterFunctionality_Mobile_17-43-44 - [verifyingDisplayTypeFilterFunctionality_Mobile_17-43-44] Closed the newly opened tab/window -> C4F3BA358775658A47CC6FB7A23911B7
17:44:50 [TestNG-test-Test-1] INFO  verifyingDisplayTypeFilterFunctionality_Mobile_17-43-44 - [verifyingDisplayTypeFilterFunctionality_Mobile_17-43-44] Switched back to the original window -> D35FFDC21FD40B6CAB215C3F0DBD2DAB
17:44:50 [TestNG-test-Test-1] INFO  verifyingDisplayTypeFilterFunctionality_Mobile_17-43-44 - [verifyingDisplayTypeFilterFunctionality_Mobile_17-43-44]  going back to product listing via closeCurrentWindowAndSwitchBack 
17:44:50 [TestNG-test-Test-1] INFO  verifyingDisplayTypeFilterFunctionality_Mobile_17-43-44 - [verifyingDisplayTypeFilterFunctionality_Mobile_17-43-44]  Added 'filter','title','keyFeatures', 'about', 'techDetails' into the Map -> productResult
17:44:50 [TestNG-test-Test-1] INFO  verifyingDisplayTypeFilterFunctionality_Mobile_17-43-44 - [verifyingDisplayTypeFilterFunctionality_Mobile_17-43-44]  Added 'productResult' Map into the 'results' i.e list of maps 
17:44:50 [TestNG-test-Test-1] INFO  verifyingDisplayTypeFilterFunctionality_Mobile_17-43-44 - [verifyingDisplayTypeFilterFunctionality_Mobile_17-43-44]==========================================================================================================
17:44:50 [TestNG-test-Test-1] INFO  verifyingDisplayTypeFilterFunctionality_Mobile_17-43-44 - [verifyingDisplayTypeFilterFunctionality_Mobile_17-43-44] Within safeClick method
17:44:50 [TestNG-test-Test-1] INFO  verifyingDisplayTypeFilterFunctionality_Mobile_17-43-44 - [verifyingDisplayTypeFilterFunctionality_Mobile_17-43-44] Clicked the  [[ChromeDriver: chrome on windows (8e57e7d350805858361d145834b53ab2)] -> xpath: //span[@class='a-size-base a-color-base' and text()='Clear']]   using safeClick
17:44:50 [TestNG-test-Test-1] INFO  verifyingDisplayTypeFilterFunctionality_Mobile_17-43-44 - [verifyingDisplayTypeFilterFunctionality_Mobile_17-43-44] Clearing the filter value ->OLEDwithin productNameListingPage loop
17:44:50 [TestNG-test-Test-1] INFO  verifyingDisplayTypeFilterFunctionality_Mobile_17-43-44 - [verifyingDisplayTypeFilterFunctionality_Mobile_17-43-44]==========================================================================================================
17:44:50 [TestNG-test-Test-1] INFO  verifyingDisplayTypeFilterFunctionality_Mobile_17-43-44 - [verifyingDisplayTypeFilterFunctionality_Mobile_17-43-44]==========================================================================================================
17:44:50 [TestNG-test-Test-1] INFO  verifyingDisplayTypeFilterFunctionality_Mobile_17-43-44 - [verifyingDisplayTypeFilterFunctionality_Mobile_17-43-44] returning the 'results' i.e list of Maps
17:44:50 [TestNG-test-Test-1] ERROR verifyingDisplayTypeFilterFunctionality_Mobile_17-43-44 - [verifyingDisplayTypeFilterFunctionality_Mobile_17-43-44] Mismatch found for filter 'amoled' on product ''
17:44:50 [TestNG-test-Test-1] ERROR verifyingDisplayTypeFilterFunctionality_Mobile_17-43-44 - [verifyingDisplayTypeFilterFunctionality_Mobile_17-43-44] Mismatch found for filter 'amoled' on product ''
17:44:50 [TestNG-test-Test-1] ERROR verifyingDisplayTypeFilterFunctionality_Mobile_17-43-44 - [verifyingDisplayTypeFilterFunctionality_Mobile_17-43-44] Mismatch found for filter 'lcd' on product ''
17:44:50 [TestNG-test-Test-1] ERROR verifyingDisplayTypeFilterFunctionality_Mobile_17-43-44 - [verifyingDisplayTypeFilterFunctionality_Mobile_17-43-44] Mismatch found for filter 'lcd' on product 'redmi a7 pro 5g (mist blue, 4gb ram, 64gb storage) | segment's fastest processor | segment's largest battery | segment's largest & smoothest 6.9in 120hz display'
17:44:51 [TestNG-test-Test-1] ERROR verifyingDisplayTypeFilterFunctionality_Mobile_17-43-44 - [verifyingDisplayTypeFilterFunctionality_Mobile_17-43-44] Mismatch found for filter 'oled' on product ''
17:44:51 [TestNG-test-Test-1] INFO  verifyingDisplayTypeFilterFunctionality_Mobile_17-43-44 - [verifyingDisplayTypeFilterFunctionality_Mobile_17-43-44]  Filter 'oled' matched in at least one section.
17:44:51 [TestNG-test-Test-1] INFO  verifyingDisplayTypeFilterFunctionality_Mobile_17-43-44 - [verifyingDisplayTypeFilterFunctionality_Mobile_17-43-44]  Final assertion for display type filter validation...
