19:19:21 [TestNG-test-Test-3] INFO  verifyingGetItByTomorrowFilterFunctionality_Mobile_19-19-21 - No existing WebDriver found for current thread. Initializing a new ChromeDriver...
19:19:21 [TestNG-test-Test-3] INFO  verifyingGetItByTomorrowFilterFunctionality_Mobile_19-19-21 - WebDriverManager: chromedriver setup OK
19:19:23 [TestNG-test-Test-3] INFO  verifyingGetItByTomorrowFilterFunctionality_Mobile_19-19-21 - ChromeDriver initialized successfully for thread: 36
19:19:23 [TestNG-test-Test-3] INFO  verifyingGetItByTomorrowFilterFunctionality_Mobile_19-19-21 - [verifyingGetItByTomorrowFilterFunctionality_Mobile_19-19-21] Opening amazon Landing page
19:19:23 [TestNG-test-Test-3] INFO  verifyingGetItByTomorrowFilterFunctionality_Mobile_19-19-21 - [verifyingGetItByTomorrowFilterFunctionality_Mobile_19-19-21] Within safeFindElement method
19:19:25 [TestNG-test-Test-3] INFO  verifyingGetItByTomorrowFilterFunctionality_Mobile_19-19-21 - [verifyingGetItByTomorrowFilterFunctionality_Mobile_19-19-21]Found the element returning it ,element ->[[ChromeDriver: chrome on windows (9e59bde63392ec8b28d3d1b89e0b1f06)] -> xpath: //a[@id='nav-logo-sprites']]
19:19:26 [TestNG-test-Test-3] INFO  verifyingGetItByTomorrowFilterFunctionality_Mobile_19-19-21 - [verifyingGetItByTomorrowFilterFunctionality_Mobile_19-19-21] Giving input within the search bar
19:19:26 [TestNG-test-Test-3] INFO  verifyingGetItByTomorrowFilterFunctionality_Mobile_19-19-21 - [verifyingGetItByTomorrowFilterFunctionality_Mobile_19-19-21] Within safeClick method
19:19:28 [TestNG-test-Test-3] INFO  verifyingGetItByTomorrowFilterFunctionality_Mobile_19-19-21 - [verifyingGetItByTomorrowFilterFunctionality_Mobile_19-19-21] Clicked the  [[ChromeDriver: chrome on windows (9e59bde63392ec8b28d3d1b89e0b1f06)] -> xpath: //input[@id='nav-search-submit-button']]   using safeClick
19:19:28 [TestNG-test-Test-3] INFO  verifyingGetItByTomorrowFilterFunctionality_Mobile_19-19-21 - [verifyingGetItByTomorrowFilterFunctionality_Mobile_19-19-21] Clicking on the submit in the search bar
19:19:29 [TestNG-test-Test-3] INFO  verifyingGetItByTomorrowFilterFunctionality_Mobile_19-19-21 - [verifyingGetItByTomorrowFilterFunctionality_Mobile_19-19-21] Waiting until element is visible in viewport
19:19:29 [TestNG-test-Test-3] INFO  verifyingGetItByTomorrowFilterFunctionality_Mobile_19-19-21 - [verifyingGetItByTomorrowFilterFunctionality_Mobile_19-19-21] Within validateDeliveryFilterOptionsWithResult method
19:19:29 [TestNG-test-Test-3] INFO  verifyingGetItByTomorrowFilterFunctionality_Mobile_19-19-21 - [verifyingGetItByTomorrowFilterFunctionality_Mobile_19-19-21] Within safeClick method
19:19:29 [TestNG-test-Test-3] INFO  verifyingGetItByTomorrowFilterFunctionality_Mobile_19-19-21 - [verifyingGetItByTomorrowFilterFunctionality_Mobile_19-19-21] Clicked the  [[ChromeDriver: chrome on windows (9e59bde63392ec8b28d3d1b89e0b1f06)] -> xpath: //span[@class='a-size-base a-color-base puis-bold-weight-text' and text()='Delivery Day']/parent::div/following-sibling::ul//span[@class='a-size-base a-color-base' and text()='Get It by Tomorrow']]   using safeClick
19:19:29 [TestNG-test-Test-3] INFO  verifyingGetItByTomorrowFilterFunctionality_Mobile_19-19-21 - [verifyingGetItByTomorrowFilterFunctionality_Mobile_19-19-21] Within getMoreButtonByFilterTypeAndName method
19:19:29 [TestNG-test-Test-3] INFO  verifyingGetItByTomorrowFilterFunctionality_Mobile_19-19-21 - [verifyingGetItByTomorrowFilterFunctionality_Mobile_19-19-21] Clicked on By.xpath: //span[@class='a-size-base a-color-base puis-bold-weight-text' and text()='Delivery Day']/parent::div/following-sibling::ul//span[@class='a-size-base a-color-base' and text()='Get It by Tomorrow']
19:19:29 [TestNG-test-Test-3] INFO  verifyingGetItByTomorrowFilterFunctionality_Mobile_19-19-21 - [verifyingGetItByTomorrowFilterFunctionality_Mobile_19-19-21] Within safeFindElements 
19:19:30 [TestNG-test-Test-3] INFO  verifyingGetItByTomorrowFilterFunctionality_Mobile_19-19-21 - [verifyingGetItByTomorrowFilterFunctionality_Mobile_19-19-21] Returning the  [[[ChromeDriver: chrome on windows (9e59bde63392ec8b28d3d1b89e0b1f06)] -> xpath: //div[@class='a-section a-spacing-small a-spacing-top-small']], [[ChromeDriver: chrome on windows (9e59bde63392ec8b28d3d1b89e0b1f06)] -> xpath: //div[@class='a-section a-spacing-small a-spacing-top-small']], [[ChromeDriver: chrome on windows (9e59bde63392ec8b28d3d1b89e0b1f06)] -> xpath: //div[@class='a-section a-spacing-small a-spacing-top-small']], [[ChromeDriver: chrome on windows (9e59bde63392ec8b28d3d1b89e0b1f06)] -> xpath: //div[@class='a-section a-spacing-small a-spacing-top-small']], [[ChromeDriver: chrome on windows (9e59bde63392ec8b28d3d1b89e0b1f06)] -> xpath: //div[@class='a-section a-spacing-small a-spacing-top-small']]] from the safeFindElements method
19:19:30 [TestNG-test-Test-3] INFO  verifyingGetItByTomorrowFilterFunctionality_Mobile_19-19-21 - [verifyingGetItByTomorrowFilterFunctionality_Mobile_19-19-21] Created hashset with required data to assert with Within validateDeliveryFilterOptions method
19:19:30 [TestNG-test-Test-3] INFO  verifyingGetItByTomorrowFilterFunctionality_Mobile_19-19-21 - [verifyingGetItByTomorrowFilterFunctionality_Mobile_19-19-21] this is the set  [Aug, Today, FREE delivery, 07, Sat, 08, Fri, Tomorrow]
19:19:30 [TestNG-test-Test-3] INFO  verifyingGetItByTomorrowFilterFunctionality_Mobile_19-19-21 - [verifyingGetItByTomorrowFilterFunctionality_Mobile_19-19-21] Within deliveryElements loop iterating over the products  Within validateDeliveryFilterOptions method
19:19:30 [TestNG-test-Test-3] INFO  verifyingGetItByTomorrowFilterFunctionality_Mobile_19-19-21 - [verifyingGetItByTomorrowFilterFunctionality_Mobile_19-19-21] Checking if the allowedDateParts have the assert text   Within validateDeliveryFilterOptions method
19:19:30 [TestNG-test-Test-3] INFO  verifyingGetItByTomorrowFilterFunctionality_Mobile_19-19-21 - [verifyingGetItByTomorrowFilterFunctionality_Mobile_19-19-21] Within deliveryElements loop iterating over the products  Within validateDeliveryFilterOptions method
19:19:30 [TestNG-test-Test-3] INFO  verifyingGetItByTomorrowFilterFunctionality_Mobile_19-19-21 - [verifyingGetItByTomorrowFilterFunctionality_Mobile_19-19-21] Checking if the allowedDateParts have the assert text   Within validateDeliveryFilterOptions method
19:19:30 [TestNG-test-Test-3] INFO  verifyingGetItByTomorrowFilterFunctionality_Mobile_19-19-21 - [verifyingGetItByTomorrowFilterFunctionality_Mobile_19-19-21] Within deliveryElements loop iterating over the products  Within validateDeliveryFilterOptions method
19:19:30 [TestNG-test-Test-3] INFO  verifyingGetItByTomorrowFilterFunctionality_Mobile_19-19-21 - [verifyingGetItByTomorrowFilterFunctionality_Mobile_19-19-21] Checking if the allowedDateParts have the assert text   Within validateDeliveryFilterOptions method
19:19:30 [TestNG-test-Test-3] INFO  verifyingGetItByTomorrowFilterFunctionality_Mobile_19-19-21 - [verifyingGetItByTomorrowFilterFunctionality_Mobile_19-19-21] Within deliveryElements loop iterating over the products  Within validateDeliveryFilterOptions method
19:19:30 [TestNG-test-Test-3] INFO  verifyingGetItByTomorrowFilterFunctionality_Mobile_19-19-21 - [verifyingGetItByTomorrowFilterFunctionality_Mobile_19-19-21] Checking if the allowedDateParts have the assert text   Within validateDeliveryFilterOptions method
19:19:30 [TestNG-test-Test-3] INFO  verifyingGetItByTomorrowFilterFunctionality_Mobile_19-19-21 - [verifyingGetItByTomorrowFilterFunctionality_Mobile_19-19-21] Within deliveryElements loop iterating over the products  Within validateDeliveryFilterOptions method
19:19:30 [TestNG-test-Test-3] INFO  verifyingGetItByTomorrowFilterFunctionality_Mobile_19-19-21 - [verifyingGetItByTomorrowFilterFunctionality_Mobile_19-19-21] Checking if the allowedDateParts have the assert text   Within validateDeliveryFilterOptions method
19:19:30 [TestNG-test-Test-3] INFO  verifyingGetItByTomorrowFilterFunctionality_Mobile_19-19-21 - [verifyingGetItByTomorrowFilterFunctionality_Mobile_19-19-21] Returning the list with boolean values   Within validateDeliveryFilterOptions method
19:19:30 [TestNG-test-Test-3] INFO  verifyingGetItByTomorrowFilterFunctionality_Mobile_19-19-21 - [verifyingGetItByTomorrowFilterFunctionality_Mobile_19-19-21] Asserting delivery filter: isValid=true, index=-1, text=All the things are valid no errors
