20:29:42 [TestNG-test-Test-1] INFO  verifyingPriceSilderFunctionality_20-29-42 - No existing WebDriver found for current thread. Initializing a new ChromeDriver...
20:29:42 [TestNG-test-Test-1] INFO  verifyingPriceSilderFunctionality_20-29-42 - WebDriverManager: chromedriver setup OK
20:29:43 [TestNG-test-Test-1] INFO  verifyingPriceSilderFunctionality_20-29-42 - ChromeDriver initialized successfully for thread: 34
20:29:46 [TestNG-test-Test-1] INFO  verifyingPriceSilderFunctionality_20-29-42 - [verifyingPriceSilderFunctionality_20-29-42] Opening amazon Landing page
20:29:47 [TestNG-test-Test-1] INFO  verifyingPriceSilderFunctionality_20-29-42 - [verifyingPriceSilderFunctionality_20-29-42] Within safeFindElement method
20:29:48 [TestNG-test-Test-1] INFO  verifyingPriceSilderFunctionality_20-29-42 - [verifyingPriceSilderFunctionality_20-29-42]Found the element returning it ,element ->[[ChromeDriver: chrome on windows (caaad9401bf23611b9f667a2d8aed8e7)] -> xpath: //a[@id='nav-logo-sprites']]
20:29:48 [TestNG-test-Test-1] INFO  verifyingPriceSilderFunctionality_20-29-42 - [verifyingPriceSilderFunctionality_20-29-42] Giving input within the search bar
20:29:48 [TestNG-test-Test-1] INFO  verifyingPriceSilderFunctionality_20-29-42 - [verifyingPriceSilderFunctionality_20-29-42] Within safeClick method
20:29:51 [TestNG-test-Test-1] INFO  verifyingPriceSilderFunctionality_20-29-42 - [verifyingPriceSilderFunctionality_20-29-42] Clicked the  [[ChromeDriver: chrome on windows (caaad9401bf23611b9f667a2d8aed8e7)] -> xpath: //input[@id='nav-search-submit-button']]   using safeClick
20:29:51 [TestNG-test-Test-1] INFO  verifyingPriceSilderFunctionality_20-29-42 - [verifyingPriceSilderFunctionality_20-29-42] Clicking on the submit in the search bar
20:29:51 [TestNG-test-Test-1] INFO  verifyingPriceSilderFunctionality_20-29-42 - [verifyingPriceSilderFunctionality_20-29-42] Within filterCheckUnderList method
20:29:51 [TestNG-test-Test-1] INFO  verifyingPriceSilderFunctionality_20-29-42 - [verifyingPriceSilderFunctionality_20-29-42] Found the Filter within the filter check List
20:29:51 [TestNG-test-Test-1] INFO  verifyingPriceSilderFunctionality_20-29-42 - [verifyingPriceSilderFunctionality_20-29-42] Within applyPriceSliderAndValidateWithResult method
20:29:51 [TestNG-test-Test-1] INFO  verifyingPriceSilderFunctionality_20-29-42 - [verifyingPriceSilderFunctionality_20-29-42] Within smoothScrollToElement method
20:29:51 [TestNG-test-Test-1] INFO  verifyingPriceSilderFunctionality_20-29-42 - [verifyingPriceSilderFunctionality_20-29-42] Within safeFindElement method
20:29:51 [TestNG-test-Test-1] INFO  verifyingPriceSilderFunctionality_20-29-42 - [verifyingPriceSilderFunctionality_20-29-42]Found the element returning it ,element ->[[ChromeDriver: chrome on windows (caaad9401bf23611b9f667a2d8aed8e7)] -> id: p_36/range-slider_slider-item_lower-bound-slider]
20:29:51 [TestNG-test-Test-1] INFO  verifyingPriceSilderFunctionality_20-29-42 - [verifyingPriceSilderFunctionality_20-29-42] Successfully scrolled to element: By.id: p_36/range-slider_slider-item_lower-bound-slider
20:29:51 [TestNG-test-Test-1] INFO  verifyingPriceSilderFunctionality_20-29-42 - [verifyingPriceSilderFunctionality_20-29-42] Within safeFindElement method
20:29:51 [TestNG-test-Test-1] INFO  verifyingPriceSilderFunctionality_20-29-42 - [verifyingPriceSilderFunctionality_20-29-42]Found the element returning it ,element ->[[ChromeDriver: chrome on windows (caaad9401bf23611b9f667a2d8aed8e7)] -> id: p_36/range-slider_slider-item_lower-bound-slider]
20:29:51 [TestNG-test-Test-1] INFO  verifyingPriceSilderFunctionality_20-29-42 - [verifyingPriceSilderFunctionality_20-29-42] Within safeFindElement method
20:29:51 [TestNG-test-Test-1] INFO  verifyingPriceSilderFunctionality_20-29-42 - [verifyingPriceSilderFunctionality_20-29-42]Found the element returning it ,element ->[[ChromeDriver: chrome on windows (caaad9401bf23611b9f667a2d8aed8e7)] -> id: p_36/range-slider_slider-item_upper-bound-slider]
20:29:51 [TestNG-test-Test-1] INFO  verifyingPriceSilderFunctionality_20-29-42 - [verifyingPriceSilderFunctionality_20-29-42] in the setSliderValue method with value 61
20:29:51 [TestNG-test-Test-1] INFO  verifyingPriceSilderFunctionality_20-29-42 - [verifyingPriceSilderFunctionality_20-29-42] in the setSliderValue method with value 81
20:29:51 [TestNG-test-Test-1] INFO  verifyingPriceSilderFunctionality_20-29-42 - [verifyingPriceSilderFunctionality_20-29-42] Within safeFindElement method
20:29:51 [TestNG-test-Test-1] INFO  verifyingPriceSilderFunctionality_20-29-42 - [verifyingPriceSilderFunctionality_20-29-42]Found the element returning it ,element ->[[ChromeDriver: chrome on windows (caaad9401bf23611b9f667a2d8aed8e7)] -> xpath: //label[@for='p_36/range-slider_slider-item_upper-bound-slider']]
20:29:51 [TestNG-test-Test-1] INFO  verifyingPriceSilderFunctionality_20-29-42 - [verifyingPriceSilderFunctionality_20-29-42] Within safeFindElement method
20:29:51 [TestNG-test-Test-1] INFO  verifyingPriceSilderFunctionality_20-29-42 - [verifyingPriceSilderFunctionality_20-29-42]Found the element returning it ,element ->[[ChromeDriver: chrome on windows (caaad9401bf23611b9f667a2d8aed8e7)] -> xpath: //label[@for='p_36/range-slider_slider-item_lower-bound-slider']]
20:29:52 [TestNG-test-Test-1] INFO  verifyingPriceSilderFunctionality_20-29-42 - [verifyingPriceSilderFunctionality_20-29-42] Within smoothScrollToElement method
20:29:52 [TestNG-test-Test-1] INFO  verifyingPriceSilderFunctionality_20-29-42 - [verifyingPriceSilderFunctionality_20-29-42] Within safeFindElement method
20:29:53 [TestNG-test-Test-1] INFO  verifyingPriceSilderFunctionality_20-29-42 - [verifyingPriceSilderFunctionality_20-29-42]Found the element returning it ,element ->[[ChromeDriver: chrome on windows (caaad9401bf23611b9f667a2d8aed8e7)] -> id: p_36/range-slider_slider-item_lower-bound-slider]
20:29:53 [TestNG-test-Test-1] INFO  verifyingPriceSilderFunctionality_20-29-42 - [verifyingPriceSilderFunctionality_20-29-42] Successfully scrolled to element: By.id: p_36/range-slider_slider-item_lower-bound-slider
20:29:53 [TestNG-test-Test-1] INFO  verifyingPriceSilderFunctionality_20-29-42 - [verifyingPriceSilderFunctionality_20-29-42] Adding the data 'min','max','isValid' ,'mismatches' to 'result' Map->81
20:29:53 [TestNG-test-Test-1] INFO  verifyingPriceSilderFunctionality_20-29-42 - [verifyingPriceSilderFunctionality_20-29-42] Adding the 'results'  Map to the master 'allResults' i.e is List of maps->81
20:29:53 [TestNG-test-Test-1] INFO  verifyingPriceSilderFunctionality_20-29-42 - [verifyingPriceSilderFunctionality_20-29-42] in the setSliderValue method with value 91
20:29:53 [TestNG-test-Test-1] INFO  verifyingPriceSilderFunctionality_20-29-42 - [verifyingPriceSilderFunctionality_20-29-42] in the setSliderValue method with value 121
20:29:53 [TestNG-test-Test-1] INFO  verifyingPriceSilderFunctionality_20-29-42 - [verifyingPriceSilderFunctionality_20-29-42] Within safeFindElement method
20:29:53 [TestNG-test-Test-1] INFO  verifyingPriceSilderFunctionality_20-29-42 - [verifyingPriceSilderFunctionality_20-29-42]Found the element returning it ,element ->[[ChromeDriver: chrome on windows (caaad9401bf23611b9f667a2d8aed8e7)] -> xpath: //label[@for='p_36/range-slider_slider-item_upper-bound-slider']]
20:29:53 [TestNG-test-Test-1] INFO  verifyingPriceSilderFunctionality_20-29-42 - [verifyingPriceSilderFunctionality_20-29-42] Within safeFindElement method
20:29:53 [TestNG-test-Test-1] INFO  verifyingPriceSilderFunctionality_20-29-42 - [verifyingPriceSilderFunctionality_20-29-42]Found the element returning it ,element ->[[ChromeDriver: chrome on windows (caaad9401bf23611b9f667a2d8aed8e7)] -> xpath: //label[@for='p_36/range-slider_slider-item_lower-bound-slider']]
20:29:54 [TestNG-test-Test-1] INFO  verifyingPriceSilderFunctionality_20-29-42 - [verifyingPriceSilderFunctionality_20-29-42] Within smoothScrollToElement method
20:29:54 [TestNG-test-Test-1] INFO  verifyingPriceSilderFunctionality_20-29-42 - [verifyingPriceSilderFunctionality_20-29-42] Within safeFindElement method
20:29:55 [TestNG-test-Test-1] INFO  verifyingPriceSilderFunctionality_20-29-42 - [verifyingPriceSilderFunctionality_20-29-42]Found the element returning it ,element ->[[ChromeDriver: chrome on windows (caaad9401bf23611b9f667a2d8aed8e7)] -> id: p_36/range-slider_slider-item_lower-bound-slider]
20:29:55 [TestNG-test-Test-1] INFO  verifyingPriceSilderFunctionality_20-29-42 - [verifyingPriceSilderFunctionality_20-29-42] Successfully scrolled to element: By.id: p_36/range-slider_slider-item_lower-bound-slider
20:29:56 [TestNG-test-Test-1] INFO  verifyingPriceSilderFunctionality_20-29-42 - [verifyingPriceSilderFunctionality_20-29-42] Adding the data 'min','max','isValid' ,'mismatches' to 'result' Map->121
20:29:56 [TestNG-test-Test-1] INFO  verifyingPriceSilderFunctionality_20-29-42 - [verifyingPriceSilderFunctionality_20-29-42] Adding the 'results'  Map to the master 'allResults' i.e is List of maps->121
20:29:56 [TestNG-test-Test-1] INFO  verifyingPriceSilderFunctionality_20-29-42 - [verifyingPriceSilderFunctionality_20-29-42] in the setSliderValue method with value 131
20:29:56 [TestNG-test-Test-1] INFO  verifyingPriceSilderFunctionality_20-29-42 - [verifyingPriceSilderFunctionality_20-29-42] in the setSliderValue method with value 161
20:29:56 [TestNG-test-Test-1] INFO  verifyingPriceSilderFunctionality_20-29-42 - [verifyingPriceSilderFunctionality_20-29-42] Within safeFindElement method
20:29:56 [TestNG-test-Test-1] INFO  verifyingPriceSilderFunctionality_20-29-42 - [verifyingPriceSilderFunctionality_20-29-42]Found the element returning it ,element ->[[ChromeDriver: chrome on windows (caaad9401bf23611b9f667a2d8aed8e7)] -> xpath: //label[@for='p_36/range-slider_slider-item_upper-bound-slider']]
20:29:56 [TestNG-test-Test-1] INFO  verifyingPriceSilderFunctionality_20-29-42 - [verifyingPriceSilderFunctionality_20-29-42] Within safeFindElement method
20:29:56 [TestNG-test-Test-1] INFO  verifyingPriceSilderFunctionality_20-29-42 - [verifyingPriceSilderFunctionality_20-29-42]Found the element returning it ,element ->[[ChromeDriver: chrome on windows (caaad9401bf23611b9f667a2d8aed8e7)] -> xpath: //label[@for='p_36/range-slider_slider-item_lower-bound-slider']]
20:29:56 [TestNG-test-Test-1] INFO  verifyingPriceSilderFunctionality_20-29-42 - [verifyingPriceSilderFunctionality_20-29-42] Within smoothScrollToElement method
20:29:56 [TestNG-test-Test-1] INFO  verifyingPriceSilderFunctionality_20-29-42 - [verifyingPriceSilderFunctionality_20-29-42] Within safeFindElement method
20:29:57 [TestNG-test-Test-1] INFO  verifyingPriceSilderFunctionality_20-29-42 - [verifyingPriceSilderFunctionality_20-29-42]Found the element returning it ,element ->[[ChromeDriver: chrome on windows (caaad9401bf23611b9f667a2d8aed8e7)] -> id: p_36/range-slider_slider-item_lower-bound-slider]
20:29:57 [TestNG-test-Test-1] INFO  verifyingPriceSilderFunctionality_20-29-42 - [verifyingPriceSilderFunctionality_20-29-42] Successfully scrolled to element: By.id: p_36/range-slider_slider-item_lower-bound-slider
20:29:58 [TestNG-test-Test-1] INFO  verifyingPriceSilderFunctionality_20-29-42 - [verifyingPriceSilderFunctionality_20-29-42] Adding the data 'min','max','isValid' ,'mismatches' to 'result' Map->161
20:29:58 [TestNG-test-Test-1] INFO  verifyingPriceSilderFunctionality_20-29-42 - [verifyingPriceSilderFunctionality_20-29-42] Adding the 'results'  Map to the master 'allResults' i.e is List of maps->161
20:29:58 [TestNG-test-Test-1] INFO  verifyingPriceSilderFunctionality_20-29-42 - [verifyingPriceSilderFunctionality_20-29-42] Returning the data here in the end
20:29:58 [TestNG-test-Test-1] INFO  verifyingPriceSilderFunctionality_20-29-42 - [verifyingPriceSilderFunctionality_20-29-42]  Price range validated successfully: 61 - 81
20:29:58 [TestNG-test-Test-1] INFO  verifyingPriceSilderFunctionality_20-29-42 - [verifyingPriceSilderFunctionality_20-29-42] ------------------------------------------------------------
20:29:58 [TestNG-test-Test-1] INFO  verifyingPriceSilderFunctionality_20-29-42 - [verifyingPriceSilderFunctionality_20-29-42]  Price range validated successfully: 91 - 121
20:29:58 [TestNG-test-Test-1] INFO  verifyingPriceSilderFunctionality_20-29-42 - [verifyingPriceSilderFunctionality_20-29-42] ------------------------------------------------------------
20:29:58 [TestNG-test-Test-1] INFO  verifyingPriceSilderFunctionality_20-29-42 - [verifyingPriceSilderFunctionality_20-29-42]  Price range validated successfully: 131 - 161
20:29:58 [TestNG-test-Test-1] INFO  verifyingPriceSilderFunctionality_20-29-42 - [verifyingPriceSilderFunctionality_20-29-42] ------------------------------------------------------------
20:29:58 [TestNG-test-Test-1] INFO  verifyingPriceSilderFunctionality_20-29-42 - [verifyingPriceSilderFunctionality_20-29-42]  Asserting all soft assertions now...
