19:05:25 [TestNG-test-Test-3] INFO  verifyingPriceSilderFunctionality_19-05-25 - No existing WebDriver found for current thread. Initializing a new ChromeDriver...
19:05:25 [TestNG-test-Test-3] INFO  verifyingPriceSilderFunctionality_19-05-25 - WebDriverManager: chromedriver setup OK
19:05:26 [TestNG-test-Test-3] INFO  verifyingPriceSilderFunctionality_19-05-25 - ChromeDriver initialized successfully for thread: 36
19:05:30 [TestNG-test-Test-3] INFO  verifyingPriceSilderFunctionality_19-05-25 - [verifyingPriceSilderFunctionality_19-05-25] Opening amazon Landing page
19:05:30 [TestNG-test-Test-3] INFO  verifyingPriceSilderFunctionality_19-05-25 - [verifyingPriceSilderFunctionality_19-05-25] Within safeFindElement method
19:05:30 [TestNG-test-Test-3] INFO  verifyingPriceSilderFunctionality_19-05-25 - [verifyingPriceSilderFunctionality_19-05-25]Found the element returning it ,element ->[[ChromeDriver: chrome on windows (02b27e64cd5413c5e6094b2b2df83920)] -> xpath: //a[@id='nav-logo-sprites']]
19:05:31 [TestNG-test-Test-3] INFO  verifyingPriceSilderFunctionality_19-05-25 - [verifyingPriceSilderFunctionality_19-05-25] Giving input within the search bar
19:05:31 [TestNG-test-Test-3] INFO  verifyingPriceSilderFunctionality_19-05-25 - [verifyingPriceSilderFunctionality_19-05-25] Within safeClick method
19:05:34 [TestNG-test-Test-3] INFO  verifyingPriceSilderFunctionality_19-05-25 - [verifyingPriceSilderFunctionality_19-05-25] Clicked the  [[ChromeDriver: chrome on windows (02b27e64cd5413c5e6094b2b2df83920)] -> xpath: //input[@id='nav-search-submit-button']]   using safeClick
19:05:34 [TestNG-test-Test-3] INFO  verifyingPriceSilderFunctionality_19-05-25 - [verifyingPriceSilderFunctionality_19-05-25] Clicking on the submit in the search bar
19:05:34 [TestNG-test-Test-3] INFO  verifyingPriceSilderFunctionality_19-05-25 - [verifyingPriceSilderFunctionality_19-05-25] Within filterCheckUnderList method
19:05:34 [TestNG-test-Test-3] INFO  verifyingPriceSilderFunctionality_19-05-25 - [verifyingPriceSilderFunctionality_19-05-25] Found the Filter within the filter check List
19:05:34 [TestNG-test-Test-3] INFO  verifyingPriceSilderFunctionality_19-05-25 - [verifyingPriceSilderFunctionality_19-05-25] Within applyPriceSliderAndValidateWithResult method
19:05:34 [TestNG-test-Test-3] INFO  verifyingPriceSilderFunctionality_19-05-25 - [verifyingPriceSilderFunctionality_19-05-25] Within smoothScrollToElement method
19:05:34 [TestNG-test-Test-3] INFO  verifyingPriceSilderFunctionality_19-05-25 - [verifyingPriceSilderFunctionality_19-05-25] Within safeFindElement method
19:05:34 [TestNG-test-Test-3] INFO  verifyingPriceSilderFunctionality_19-05-25 - [verifyingPriceSilderFunctionality_19-05-25]Found the element returning it ,element ->[[ChromeDriver: chrome on windows (02b27e64cd5413c5e6094b2b2df83920)] -> id: p_36/range-slider_slider-item_lower-bound-slider]
19:05:34 [TestNG-test-Test-3] INFO  verifyingPriceSilderFunctionality_19-05-25 - [verifyingPriceSilderFunctionality_19-05-25] Successfully scrolled to element: By.id: p_36/range-slider_slider-item_lower-bound-slider
19:05:34 [TestNG-test-Test-3] INFO  verifyingPriceSilderFunctionality_19-05-25 - [verifyingPriceSilderFunctionality_19-05-25] Within safeFindElement method
19:05:34 [TestNG-test-Test-3] INFO  verifyingPriceSilderFunctionality_19-05-25 - [verifyingPriceSilderFunctionality_19-05-25]Found the element returning it ,element ->[[ChromeDriver: chrome on windows (02b27e64cd5413c5e6094b2b2df83920)] -> id: p_36/range-slider_slider-item_lower-bound-slider]
19:05:34 [TestNG-test-Test-3] INFO  verifyingPriceSilderFunctionality_19-05-25 - [verifyingPriceSilderFunctionality_19-05-25] Within safeFindElement method
19:05:34 [TestNG-test-Test-3] INFO  verifyingPriceSilderFunctionality_19-05-25 - [verifyingPriceSilderFunctionality_19-05-25]Found the element returning it ,element ->[[ChromeDriver: chrome on windows (02b27e64cd5413c5e6094b2b2df83920)] -> id: p_36/range-slider_slider-item_upper-bound-slider]
19:05:34 [TestNG-test-Test-3] INFO  verifyingPriceSilderFunctionality_19-05-25 - [verifyingPriceSilderFunctionality_19-05-25] in the setSliderValue method with value 61
19:05:34 [TestNG-test-Test-3] INFO  verifyingPriceSilderFunctionality_19-05-25 - [verifyingPriceSilderFunctionality_19-05-25] in the setSliderValue method with value 81
19:05:34 [TestNG-test-Test-3] INFO  verifyingPriceSilderFunctionality_19-05-25 - [verifyingPriceSilderFunctionality_19-05-25] Within safeFindElement method
19:05:34 [TestNG-test-Test-3] INFO  verifyingPriceSilderFunctionality_19-05-25 - [verifyingPriceSilderFunctionality_19-05-25]Found the element returning it ,element ->[[ChromeDriver: chrome on windows (02b27e64cd5413c5e6094b2b2df83920)] -> xpath: //label[@for='p_36/range-slider_slider-item_upper-bound-slider']]
19:05:34 [TestNG-test-Test-3] INFO  verifyingPriceSilderFunctionality_19-05-25 - [verifyingPriceSilderFunctionality_19-05-25] Within safeFindElement method
19:05:34 [TestNG-test-Test-3] INFO  verifyingPriceSilderFunctionality_19-05-25 - [verifyingPriceSilderFunctionality_19-05-25]Found the element returning it ,element ->[[ChromeDriver: chrome on windows (02b27e64cd5413c5e6094b2b2df83920)] -> xpath: //label[@for='p_36/range-slider_slider-item_lower-bound-slider']]
19:05:35 [TestNG-test-Test-3] INFO  verifyingPriceSilderFunctionality_19-05-25 - [verifyingPriceSilderFunctionality_19-05-25] Within smoothScrollToElement method
19:05:35 [TestNG-test-Test-3] INFO  verifyingPriceSilderFunctionality_19-05-25 - [verifyingPriceSilderFunctionality_19-05-25] Within safeFindElement method
19:05:36 [TestNG-test-Test-3] INFO  verifyingPriceSilderFunctionality_19-05-25 - [verifyingPriceSilderFunctionality_19-05-25]Found the element returning it ,element ->[[ChromeDriver: chrome on windows (02b27e64cd5413c5e6094b2b2df83920)] -> id: p_36/range-slider_slider-item_lower-bound-slider]
19:05:36 [TestNG-test-Test-3] INFO  verifyingPriceSilderFunctionality_19-05-25 - [verifyingPriceSilderFunctionality_19-05-25] Successfully scrolled to element: By.id: p_36/range-slider_slider-item_lower-bound-slider
19:05:36 [TestNG-test-Test-3] INFO  verifyingPriceSilderFunctionality_19-05-25 - [verifyingPriceSilderFunctionality_19-05-25] Adding the data 'min','max','isValid' ,'mismatches' to 'result' Map->81
19:05:36 [TestNG-test-Test-3] INFO  verifyingPriceSilderFunctionality_19-05-25 - [verifyingPriceSilderFunctionality_19-05-25] Adding the 'results'  Map to the master 'allResults' i.e is List of maps->81
19:05:36 [TestNG-test-Test-3] INFO  verifyingPriceSilderFunctionality_19-05-25 - [verifyingPriceSilderFunctionality_19-05-25] in the setSliderValue method with value 91
19:05:36 [TestNG-test-Test-3] INFO  verifyingPriceSilderFunctionality_19-05-25 - [verifyingPriceSilderFunctionality_19-05-25] in the setSliderValue method with value 121
19:05:36 [TestNG-test-Test-3] INFO  verifyingPriceSilderFunctionality_19-05-25 - [verifyingPriceSilderFunctionality_19-05-25] Within safeFindElement method
19:05:36 [TestNG-test-Test-3] INFO  verifyingPriceSilderFunctionality_19-05-25 - [verifyingPriceSilderFunctionality_19-05-25]Found the element returning it ,element ->[[ChromeDriver: chrome on windows (02b27e64cd5413c5e6094b2b2df83920)] -> xpath: //label[@for='p_36/range-slider_slider-item_upper-bound-slider']]
19:05:36 [TestNG-test-Test-3] INFO  verifyingPriceSilderFunctionality_19-05-25 - [verifyingPriceSilderFunctionality_19-05-25] Within safeFindElement method
19:05:36 [TestNG-test-Test-3] INFO  verifyingPriceSilderFunctionality_19-05-25 - [verifyingPriceSilderFunctionality_19-05-25]Found the element returning it ,element ->[[ChromeDriver: chrome on windows (02b27e64cd5413c5e6094b2b2df83920)] -> xpath: //label[@for='p_36/range-slider_slider-item_lower-bound-slider']]
19:05:37 [TestNG-test-Test-3] INFO  verifyingPriceSilderFunctionality_19-05-25 - [verifyingPriceSilderFunctionality_19-05-25] Within smoothScrollToElement method
19:05:37 [TestNG-test-Test-3] INFO  verifyingPriceSilderFunctionality_19-05-25 - [verifyingPriceSilderFunctionality_19-05-25] Within safeFindElement method
19:05:39 [TestNG-test-Test-3] INFO  verifyingPriceSilderFunctionality_19-05-25 - [verifyingPriceSilderFunctionality_19-05-25]Found the element returning it ,element ->[[ChromeDriver: chrome on windows (02b27e64cd5413c5e6094b2b2df83920)] -> id: p_36/range-slider_slider-item_lower-bound-slider]
19:05:39 [TestNG-test-Test-3] INFO  verifyingPriceSilderFunctionality_19-05-25 - [verifyingPriceSilderFunctionality_19-05-25] Successfully scrolled to element: By.id: p_36/range-slider_slider-item_lower-bound-slider
19:05:40 [TestNG-test-Test-3] INFO  verifyingPriceSilderFunctionality_19-05-25 - [verifyingPriceSilderFunctionality_19-05-25] Adding the data 'min','max','isValid' ,'mismatches' to 'result' Map->121
19:05:40 [TestNG-test-Test-3] INFO  verifyingPriceSilderFunctionality_19-05-25 - [verifyingPriceSilderFunctionality_19-05-25] Adding the 'results'  Map to the master 'allResults' i.e is List of maps->121
19:05:40 [TestNG-test-Test-3] INFO  verifyingPriceSilderFunctionality_19-05-25 - [verifyingPriceSilderFunctionality_19-05-25] in the setSliderValue method with value 131
19:05:40 [TestNG-test-Test-3] INFO  verifyingPriceSilderFunctionality_19-05-25 - [verifyingPriceSilderFunctionality_19-05-25] in the setSliderValue method with value 161
19:05:40 [TestNG-test-Test-3] INFO  verifyingPriceSilderFunctionality_19-05-25 - [verifyingPriceSilderFunctionality_19-05-25] Within safeFindElement method
19:05:40 [TestNG-test-Test-3] INFO  verifyingPriceSilderFunctionality_19-05-25 - [verifyingPriceSilderFunctionality_19-05-25]Found the element returning it ,element ->[[ChromeDriver: chrome on windows (02b27e64cd5413c5e6094b2b2df83920)] -> xpath: //label[@for='p_36/range-slider_slider-item_upper-bound-slider']]
19:05:40 [TestNG-test-Test-3] INFO  verifyingPriceSilderFunctionality_19-05-25 - [verifyingPriceSilderFunctionality_19-05-25] Within safeFindElement method
19:05:40 [TestNG-test-Test-3] INFO  verifyingPriceSilderFunctionality_19-05-25 - [verifyingPriceSilderFunctionality_19-05-25]Found the element returning it ,element ->[[ChromeDriver: chrome on windows (02b27e64cd5413c5e6094b2b2df83920)] -> xpath: //label[@for='p_36/range-slider_slider-item_lower-bound-slider']]
19:05:41 [TestNG-test-Test-3] INFO  verifyingPriceSilderFunctionality_19-05-25 - [verifyingPriceSilderFunctionality_19-05-25] Within smoothScrollToElement method
19:05:41 [TestNG-test-Test-3] INFO  verifyingPriceSilderFunctionality_19-05-25 - [verifyingPriceSilderFunctionality_19-05-25] Within safeFindElement method
19:05:42 [TestNG-test-Test-3] INFO  verifyingPriceSilderFunctionality_19-05-25 - [verifyingPriceSilderFunctionality_19-05-25]Found the element returning it ,element ->[[ChromeDriver: chrome on windows (02b27e64cd5413c5e6094b2b2df83920)] -> id: p_36/range-slider_slider-item_lower-bound-slider]
19:05:42 [TestNG-test-Test-3] INFO  verifyingPriceSilderFunctionality_19-05-25 - [verifyingPriceSilderFunctionality_19-05-25] Successfully scrolled to element: By.id: p_36/range-slider_slider-item_lower-bound-slider
19:05:42 [TestNG-test-Test-3] INFO  verifyingPriceSilderFunctionality_19-05-25 - [verifyingPriceSilderFunctionality_19-05-25] Adding the data 'min','max','isValid' ,'mismatches' to 'result' Map->161
19:05:42 [TestNG-test-Test-3] INFO  verifyingPriceSilderFunctionality_19-05-25 - [verifyingPriceSilderFunctionality_19-05-25] Adding the 'results'  Map to the master 'allResults' i.e is List of maps->161
19:05:42 [TestNG-test-Test-3] INFO  verifyingPriceSilderFunctionality_19-05-25 - [verifyingPriceSilderFunctionality_19-05-25] Returning the data here in the end
19:05:42 [TestNG-test-Test-3] INFO  verifyingPriceSilderFunctionality_19-05-25 - [verifyingPriceSilderFunctionality_19-05-25]  Price range validated successfully: 61 - 81
19:05:42 [TestNG-test-Test-3] INFO  verifyingPriceSilderFunctionality_19-05-25 - [verifyingPriceSilderFunctionality_19-05-25] ------------------------------------------------------------
19:05:42 [TestNG-test-Test-3] INFO  verifyingPriceSilderFunctionality_19-05-25 - [verifyingPriceSilderFunctionality_19-05-25]  Price range validated successfully: 91 - 121
19:05:42 [TestNG-test-Test-3] INFO  verifyingPriceSilderFunctionality_19-05-25 - [verifyingPriceSilderFunctionality_19-05-25] ------------------------------------------------------------
19:05:42 [TestNG-test-Test-3] INFO  verifyingPriceSilderFunctionality_19-05-25 - [verifyingPriceSilderFunctionality_19-05-25]  Price range validated successfully: 131 - 161
19:05:42 [TestNG-test-Test-3] INFO  verifyingPriceSilderFunctionality_19-05-25 - [verifyingPriceSilderFunctionality_19-05-25] ------------------------------------------------------------
19:05:42 [TestNG-test-Test-3] INFO  verifyingPriceSilderFunctionality_19-05-25 - [verifyingPriceSilderFunctionality_19-05-25]  Asserting all soft assertions now...
