20:09:49 [TestNG-test-Test-3] INFO  verifyingGetItByTomorrowFilterFunctionality_Mobile_20-09-49 - No existing WebDriver found for current thread. Initializing a new ChromeDriver...
20:09:49 [TestNG-test-Test-3] INFO  verifyingGetItByTomorrowFilterFunctionality_Mobile_20-09-49 - WebDriverManager: chromedriver setup OK
20:09:50 [TestNG-test-Test-3] INFO  verifyingGetItByTomorrowFilterFunctionality_Mobile_20-09-49 - ChromeDriver initialized successfully for thread: 36
20:09:52 [TestNG-test-Test-3] INFO  verifyingGetItByTomorrowFilterFunctionality_Mobile_20-09-49 - [verifyingGetItByTomorrowFilterFunctionality_Mobile_20-09-49] Opening amazon Landing page
20:09:52 [TestNG-test-Test-3] INFO  verifyingGetItByTomorrowFilterFunctionality_Mobile_20-09-49 - [verifyingGetItByTomorrowFilterFunctionality_Mobile_20-09-49] Within safeFindElement method
20:09:53 [TestNG-test-Test-3] INFO  verifyingGetItByTomorrowFilterFunctionality_Mobile_20-09-49 - [verifyingGetItByTomorrowFilterFunctionality_Mobile_20-09-49]Found the element returning it ,element ->[[ChromeDriver: chrome on windows (e277b6cd177848e1b69e247a8053c7a9)] -> xpath: //a[@id='nav-logo-sprites']]
20:09:53 [TestNG-test-Test-3] INFO  verifyingGetItByTomorrowFilterFunctionality_Mobile_20-09-49 - [verifyingGetItByTomorrowFilterFunctionality_Mobile_20-09-49] Giving input within the search bar
20:09:53 [TestNG-test-Test-3] INFO  verifyingGetItByTomorrowFilterFunctionality_Mobile_20-09-49 - [verifyingGetItByTomorrowFilterFunctionality_Mobile_20-09-49] Within safeClick method
20:09:55 [TestNG-test-Test-3] INFO  verifyingGetItByTomorrowFilterFunctionality_Mobile_20-09-49 - [verifyingGetItByTomorrowFilterFunctionality_Mobile_20-09-49] Clicked the  [[ChromeDriver: chrome on windows (e277b6cd177848e1b69e247a8053c7a9)] -> xpath: //input[@id='nav-search-submit-button']]   using safeClick
20:09:55 [TestNG-test-Test-3] INFO  verifyingGetItByTomorrowFilterFunctionality_Mobile_20-09-49 - [verifyingGetItByTomorrowFilterFunctionality_Mobile_20-09-49] Clicking on the submit in the search bar
20:09:56 [TestNG-test-Test-3] INFO  verifyingGetItByTomorrowFilterFunctionality_Mobile_20-09-49 - [verifyingGetItByTomorrowFilterFunctionality_Mobile_20-09-49] Waiting until element is visible in viewport
20:09:56 [TestNG-test-Test-3] INFO  verifyingGetItByTomorrowFilterFunctionality_Mobile_20-09-49 - [verifyingGetItByTomorrowFilterFunctionality_Mobile_20-09-49] Within validateDeliveryFilterOptionsWithResult method
20:09:56 [TestNG-test-Test-3] INFO  verifyingGetItByTomorrowFilterFunctionality_Mobile_20-09-49 - [verifyingGetItByTomorrowFilterFunctionality_Mobile_20-09-49] Within safeClick method
20:09:56 [TestNG-test-Test-3] INFO  verifyingGetItByTomorrowFilterFunctionality_Mobile_20-09-49 - [verifyingGetItByTomorrowFilterFunctionality_Mobile_20-09-49] Clicked the  [[ChromeDriver: chrome on windows (e277b6cd177848e1b69e247a8053c7a9)] -> xpath: //span[@class='a-size-base a-color-base puis-bold-weight-text' and text()='Delivery Day']/parent::div/following-sibling::ul//span[@class='a-size-base a-color-base' and text()='Get It by Tomorrow']]   using safeClick
20:09:56 [TestNG-test-Test-3] INFO  verifyingGetItByTomorrowFilterFunctionality_Mobile_20-09-49 - [verifyingGetItByTomorrowFilterFunctionality_Mobile_20-09-49] Within getMoreButtonByFilterTypeAndName method
20:09:56 [TestNG-test-Test-3] INFO  verifyingGetItByTomorrowFilterFunctionality_Mobile_20-09-49 - [verifyingGetItByTomorrowFilterFunctionality_Mobile_20-09-49] Clicked on By.xpath: //span[@class='a-size-base a-color-base puis-bold-weight-text' and text()='Delivery Day']/parent::div/following-sibling::ul//span[@class='a-size-base a-color-base' and text()='Get It by Tomorrow']
20:09:56 [TestNG-test-Test-3] INFO  verifyingGetItByTomorrowFilterFunctionality_Mobile_20-09-49 - [verifyingGetItByTomorrowFilterFunctionality_Mobile_20-09-49] Within safeFindElements 
20:09:57 [TestNG-test-Test-3] INFO  verifyingGetItByTomorrowFilterFunctionality_Mobile_20-09-49 - [verifyingGetItByTomorrowFilterFunctionality_Mobile_20-09-49] Returning the  [[[ChromeDriver: chrome on windows (e277b6cd177848e1b69e247a8053c7a9)] -> xpath: //div[@class='a-section a-spacing-small a-spacing-top-small']], [[ChromeDriver: chrome on windows (e277b6cd177848e1b69e247a8053c7a9)] -> xpath: //div[@class='a-section a-spacing-small a-spacing-top-small']], [[ChromeDriver: chrome on windows (e277b6cd177848e1b69e247a8053c7a9)] -> xpath: //div[@class='a-section a-spacing-small a-spacing-top-small']], [[ChromeDriver: chrome on windows (e277b6cd177848e1b69e247a8053c7a9)] -> xpath: //div[@class='a-section a-spacing-small a-spacing-top-small']]] from the safeFindElements method
20:09:57 [TestNG-test-Test-3] INFO  verifyingGetItByTomorrowFilterFunctionality_Mobile_20-09-49 - [verifyingGetItByTomorrowFilterFunctionality_Mobile_20-09-49] Created hashset with required data to assert with Within validateDeliveryFilterOptions method
20:09:57 [TestNG-test-Test-3] INFO  verifyingGetItByTomorrowFilterFunctionality_Mobile_20-09-49 - [verifyingGetItByTomorrowFilterFunctionality_Mobile_20-09-49] this is the set  [Jul, 01, Jun, Today, Tue, FREE delivery, Wed, 30, Tomorrow]
20:09:57 [TestNG-test-Test-3] INFO  verifyingGetItByTomorrowFilterFunctionality_Mobile_20-09-49 - [verifyingGetItByTomorrowFilterFunctionality_Mobile_20-09-49] Within deliveryElements loop iterating over the products  Within validateDeliveryFilterOptions method
20:09:57 [TestNG-test-Test-3] INFO  verifyingGetItByTomorrowFilterFunctionality_Mobile_20-09-49 - [verifyingGetItByTomorrowFilterFunctionality_Mobile_20-09-49] Checking if the allowedDateParts have the assert text   Within validateDeliveryFilterOptions method
20:09:57 [TestNG-test-Test-3] INFO  verifyingGetItByTomorrowFilterFunctionality_Mobile_20-09-49 - [verifyingGetItByTomorrowFilterFunctionality_Mobile_20-09-49] Within deliveryElements loop iterating over the products  Within validateDeliveryFilterOptions method
20:09:57 [TestNG-test-Test-3] INFO  verifyingGetItByTomorrowFilterFunctionality_Mobile_20-09-49 - [verifyingGetItByTomorrowFilterFunctionality_Mobile_20-09-49] Checking if the allowedDateParts have the assert text   Within validateDeliveryFilterOptions method
20:09:57 [TestNG-test-Test-3] INFO  verifyingGetItByTomorrowFilterFunctionality_Mobile_20-09-49 - [verifyingGetItByTomorrowFilterFunctionality_Mobile_20-09-49] Within deliveryElements loop iterating over the products  Within validateDeliveryFilterOptions method
20:09:57 [TestNG-test-Test-3] INFO  verifyingGetItByTomorrowFilterFunctionality_Mobile_20-09-49 - [verifyingGetItByTomorrowFilterFunctionality_Mobile_20-09-49] Checking if the allowedDateParts have the assert text   Within validateDeliveryFilterOptions method
20:09:57 [TestNG-test-Test-3] INFO  verifyingGetItByTomorrowFilterFunctionality_Mobile_20-09-49 - [verifyingGetItByTomorrowFilterFunctionality_Mobile_20-09-49] Within deliveryElements loop iterating over the products  Within validateDeliveryFilterOptions method
20:09:57 [TestNG-test-Test-3] INFO  verifyingGetItByTomorrowFilterFunctionality_Mobile_20-09-49 - [verifyingGetItByTomorrowFilterFunctionality_Mobile_20-09-49] Checking if the allowedDateParts have the assert text   Within validateDeliveryFilterOptions method
20:09:57 [TestNG-test-Test-3] INFO  verifyingGetItByTomorrowFilterFunctionality_Mobile_20-09-49 - [verifyingGetItByTomorrowFilterFunctionality_Mobile_20-09-49] Returning the list with boolean values   Within validateDeliveryFilterOptions method
20:09:57 [TestNG-test-Test-3] INFO  verifyingGetItByTomorrowFilterFunctionality_Mobile_20-09-49 - [verifyingGetItByTomorrowFilterFunctionality_Mobile_20-09-49] Asserting delivery filter: isValid=true, index=-1, text=All the things are valid no errors
