20:51:56 [TestNG-test-Test-3] INFO  verifyingGetItIn2DaysFilterFunctionality_Laptop_20-51-56 - No existing WebDriver found for current thread. Initializing a new ChromeDriver...
20:51:56 [TestNG-test-Test-3] INFO  verifyingGetItIn2DaysFilterFunctionality_Laptop_20-51-56 - WebDriverManager: chromedriver setup OK
20:51:59 [TestNG-test-Test-3] INFO  verifyingGetItIn2DaysFilterFunctionality_Laptop_20-51-56 - ChromeDriver initialized successfully for thread: 36
20:52:00 [TestNG-test-Test-3] INFO  verifyingGetItIn2DaysFilterFunctionality_Laptop_20-51-56 - [verifyingGetItIn2DaysFilterFunctionality_Laptop_20-51-56] Opening amazon Landing page
20:52:00 [TestNG-test-Test-3] INFO  verifyingGetItIn2DaysFilterFunctionality_Laptop_20-51-56 - [verifyingGetItIn2DaysFilterFunctionality_Laptop_20-51-56] Within safeFindElement method
20:52:05 [TestNG-test-Test-3] INFO  verifyingGetItIn2DaysFilterFunctionality_Laptop_20-51-56 - [verifyingGetItIn2DaysFilterFunctionality_Laptop_20-51-56]Retrying findElement for: ->By.xpath: //a[@id='nav-logo-sprites']
20:52:07 [TestNG-test-Test-3] INFO  verifyingGetItIn2DaysFilterFunctionality_Laptop_20-51-56 - [verifyingGetItIn2DaysFilterFunctionality_Laptop_20-51-56]Refrehsing the page , while trying to safely find : ->By.xpath: //a[@id='nav-logo-sprites']
20:52:07 [TestNG-test-Test-3] INFO  verifyingGetItIn2DaysFilterFunctionality_Laptop_20-51-56 - [verifyingGetItIn2DaysFilterFunctionality_Laptop_20-51-56]Found the element returning it ,element ->[[ChromeDriver: chrome on windows (03d8172b6b6b5de7e9242a53d09e41d3)] -> xpath: //a[@id='nav-logo-sprites']]
20:52:08 [TestNG-test-Test-3] INFO  verifyingGetItIn2DaysFilterFunctionality_Laptop_20-51-56 - [verifyingGetItIn2DaysFilterFunctionality_Laptop_20-51-56] Giving input within the search bar
20:52:08 [TestNG-test-Test-3] INFO  verifyingGetItIn2DaysFilterFunctionality_Laptop_20-51-56 - [verifyingGetItIn2DaysFilterFunctionality_Laptop_20-51-56] Within safeClick method
20:52:13 [TestNG-test-Test-3] INFO  verifyingGetItIn2DaysFilterFunctionality_Laptop_20-51-56 - [verifyingGetItIn2DaysFilterFunctionality_Laptop_20-51-56] Clicked the  [[ChromeDriver: chrome on windows (03d8172b6b6b5de7e9242a53d09e41d3)] -> xpath: //input[@id='nav-search-submit-button']]   using safeClick
20:52:13 [TestNG-test-Test-3] INFO  verifyingGetItIn2DaysFilterFunctionality_Laptop_20-51-56 - [verifyingGetItIn2DaysFilterFunctionality_Laptop_20-51-56] Clicking on the submit in the search bar
20:52:13 [TestNG-test-Test-3] INFO  verifyingGetItIn2DaysFilterFunctionality_Laptop_20-51-56 - [verifyingGetItIn2DaysFilterFunctionality_Laptop_20-51-56] Waiting until element is visible in viewport
20:52:13 [TestNG-test-Test-3] INFO  verifyingGetItIn2DaysFilterFunctionality_Laptop_20-51-56 - [verifyingGetItIn2DaysFilterFunctionality_Laptop_20-51-56] Within validateDeliveryFilterOptionsWithResult method
20:52:13 [TestNG-test-Test-3] INFO  verifyingGetItIn2DaysFilterFunctionality_Laptop_20-51-56 - [verifyingGetItIn2DaysFilterFunctionality_Laptop_20-51-56] Within safeClick method
20:52:13 [TestNG-test-Test-3] INFO  verifyingGetItIn2DaysFilterFunctionality_Laptop_20-51-56 - [verifyingGetItIn2DaysFilterFunctionality_Laptop_20-51-56] Clicked the  [[ChromeDriver: chrome on windows (03d8172b6b6b5de7e9242a53d09e41d3)] -> xpath: //span[@class='a-size-base a-color-base puis-bold-weight-text' and text()='Delivery Day']/parent::div/following-sibling::ul//span[@class='a-size-base a-color-base' and text()='Get It in 2 Days']]   using safeClick
20:52:13 [TestNG-test-Test-3] INFO  verifyingGetItIn2DaysFilterFunctionality_Laptop_20-51-56 - [verifyingGetItIn2DaysFilterFunctionality_Laptop_20-51-56] Within getMoreButtonByFilterTypeAndName method
20:52:13 [TestNG-test-Test-3] INFO  verifyingGetItIn2DaysFilterFunctionality_Laptop_20-51-56 - [verifyingGetItIn2DaysFilterFunctionality_Laptop_20-51-56] Clicked on By.xpath: //span[@class='a-size-base a-color-base puis-bold-weight-text' and text()='Delivery Day']/parent::div/following-sibling::ul//span[@class='a-size-base a-color-base' and text()='Get It in 2 Days']
20:52:13 [TestNG-test-Test-3] INFO  verifyingGetItIn2DaysFilterFunctionality_Laptop_20-51-56 - [verifyingGetItIn2DaysFilterFunctionality_Laptop_20-51-56] Within safeFindElements 
20:52:14 [TestNG-test-Test-3] INFO  verifyingGetItIn2DaysFilterFunctionality_Laptop_20-51-56 - [verifyingGetItIn2DaysFilterFunctionality_Laptop_20-51-56] Returning the  [[[ChromeDriver: chrome on windows (03d8172b6b6b5de7e9242a53d09e41d3)] -> xpath: //div[@class='a-section a-spacing-small a-spacing-top-small']]] from the safeFindElements method
20:52:14 [TestNG-test-Test-3] INFO  verifyingGetItIn2DaysFilterFunctionality_Laptop_20-51-56 - [verifyingGetItIn2DaysFilterFunctionality_Laptop_20-51-56] Created hashset with required data to assert with Within validateDeliveryFilterOptionsWithResult method
20:52:14 [TestNG-test-Test-3] INFO  verifyingGetItIn2DaysFilterFunctionality_Laptop_20-51-56 - [verifyingGetItIn2DaysFilterFunctionality_Laptop_20-51-56] this is the set  [22, 23, Today, Tue, FREE delivery, Wed, Tomorrow, Sep]
20:52:14 [TestNG-test-Test-3] INFO  verifyingGetItIn2DaysFilterFunctionality_Laptop_20-51-56 - [verifyingGetItIn2DaysFilterFunctionality_Laptop_20-51-56] Within deliveryElements loop iterating over the products  Within validateDeliveryFilterOptionsWithResult method
20:52:14 [TestNG-test-Test-3] INFO  verifyingGetItIn2DaysFilterFunctionality_Laptop_20-51-56 - [verifyingGetItIn2DaysFilterFunctionality_Laptop_20-51-56] Checking if the allowedDateParts have the assert text — index 0, text: Dell 15 (Previously Inspiron) Laptop, 14th Gen Intel Core i3/Core 3 100U Processor, 16GB DDR4, 512 SSD, Intel UHD Graphics, 15.6" FHD 120Hz IPS AG 250 nit Display, Win 11 + Office 2024, Black, 1.63Kg
4.0
(1.1K)
200+ bought in past month
₹60,490
M.R.P:
₹72,781 (17% off)
Up to 5% back with Amazon Pay ICICI card
FREE delivery Fri, 25 Sept
Or fastest delivery Today
Service: Device Setup
Add to cart
20:52:14 [TestNG-test-Test-3] INFO  verifyingGetItIn2DaysFilterFunctionality_Laptop_20-51-56 - [verifyingGetItIn2DaysFilterFunctionality_Laptop_20-51-56] Returning the list with boolean values   Within validateDeliveryFilterOptionsWithResult method
20:52:14 [TestNG-test-Test-3] INFO  verifyingGetItIn2DaysFilterFunctionality_Laptop_20-51-56 - [verifyingGetItIn2DaysFilterFunctionality_Laptop_20-51-56] Asserting delivery filter: isValid=true, index=-1, text=All the things are valid no errors
