21:13:03 [TestNG-test-Test-3] INFO  verifyingGetItByTodayFilterFunctionality_Tablet_21-13-03 - No existing WebDriver found for current thread. Initializing a new ChromeDriver...
21:13:03 [TestNG-test-Test-3] INFO  verifyingGetItByTodayFilterFunctionality_Tablet_21-13-03 - WebDriverManager: chromedriver setup OK
21:13:05 [TestNG-test-Test-3] INFO  verifyingGetItByTodayFilterFunctionality_Tablet_21-13-03 - ChromeDriver initialized successfully for thread: 36
21:13:06 [TestNG-test-Test-3] INFO  verifyingGetItByTodayFilterFunctionality_Tablet_21-13-03 - [verifyingGetItByTodayFilterFunctionality_Tablet_21-13-03] Opening amazon Landing page
21:13:06 [TestNG-test-Test-3] INFO  verifyingGetItByTodayFilterFunctionality_Tablet_21-13-03 - [verifyingGetItByTodayFilterFunctionality_Tablet_21-13-03] Within safeFindElement method
21:13:08 [TestNG-test-Test-3] INFO  verifyingGetItByTodayFilterFunctionality_Tablet_21-13-03 - [verifyingGetItByTodayFilterFunctionality_Tablet_21-13-03]Found the element returning it ,element ->[[ChromeDriver: chrome on windows (4cd38eb87084f50207eaf0231b5d5888)] -> xpath: //a[@id='nav-logo-sprites']]
21:13:09 [TestNG-test-Test-3] INFO  verifyingGetItByTodayFilterFunctionality_Tablet_21-13-03 - [verifyingGetItByTodayFilterFunctionality_Tablet_21-13-03] Giving input within the search bar
21:13:09 [TestNG-test-Test-3] INFO  verifyingGetItByTodayFilterFunctionality_Tablet_21-13-03 - [verifyingGetItByTodayFilterFunctionality_Tablet_21-13-03] Within safeClick method
21:13:11 [TestNG-test-Test-3] INFO  verifyingGetItByTodayFilterFunctionality_Tablet_21-13-03 - [verifyingGetItByTodayFilterFunctionality_Tablet_21-13-03] Clicked the  [[ChromeDriver: chrome on windows (4cd38eb87084f50207eaf0231b5d5888)] -> xpath: //input[@id='nav-search-submit-button']]   using safeClick
21:13:11 [TestNG-test-Test-3] INFO  verifyingGetItByTodayFilterFunctionality_Tablet_21-13-03 - [verifyingGetItByTodayFilterFunctionality_Tablet_21-13-03] Clicking on the submit in the search bar
21:13:12 [TestNG-test-Test-3] INFO  verifyingGetItByTodayFilterFunctionality_Tablet_21-13-03 - [verifyingGetItByTodayFilterFunctionality_Tablet_21-13-03] Waiting until element is visible in viewport
21:13:12 [TestNG-test-Test-3] INFO  verifyingGetItByTodayFilterFunctionality_Tablet_21-13-03 - [verifyingGetItByTodayFilterFunctionality_Tablet_21-13-03] Within validateDeliveryFilterOptionsWithResult method
21:13:12 [TestNG-test-Test-3] INFO  verifyingGetItByTodayFilterFunctionality_Tablet_21-13-03 - [verifyingGetItByTodayFilterFunctionality_Tablet_21-13-03] Within safeClick method
21:13:12 [TestNG-test-Test-3] INFO  verifyingGetItByTodayFilterFunctionality_Tablet_21-13-03 - [verifyingGetItByTodayFilterFunctionality_Tablet_21-13-03] Clicked the  [[ChromeDriver: chrome on windows (4cd38eb87084f50207eaf0231b5d5888)] -> xpath: //span[@class='a-size-base a-color-base puis-bold-weight-text' and text()='Delivery Day']/parent::div/following-sibling::ul//span[@class='a-size-base a-color-base' and text()='Get It Today']]   using safeClick
21:13:12 [TestNG-test-Test-3] INFO  verifyingGetItByTodayFilterFunctionality_Tablet_21-13-03 - [verifyingGetItByTodayFilterFunctionality_Tablet_21-13-03] Within getMoreButtonByFilterTypeAndName method
21:13:12 [TestNG-test-Test-3] INFO  verifyingGetItByTodayFilterFunctionality_Tablet_21-13-03 - [verifyingGetItByTodayFilterFunctionality_Tablet_21-13-03] Clicked on By.xpath: //span[@class='a-size-base a-color-base puis-bold-weight-text' and text()='Delivery Day']/parent::div/following-sibling::ul//span[@class='a-size-base a-color-base' and text()='Get It Today']
21:13:12 [TestNG-test-Test-3] INFO  verifyingGetItByTodayFilterFunctionality_Tablet_21-13-03 - [verifyingGetItByTodayFilterFunctionality_Tablet_21-13-03] Within safeFindElements 
21:13:13 [TestNG-test-Test-3] INFO  verifyingGetItByTodayFilterFunctionality_Tablet_21-13-03 - [verifyingGetItByTodayFilterFunctionality_Tablet_21-13-03] Returning the  [[[ChromeDriver: chrome on windows (4cd38eb87084f50207eaf0231b5d5888)] -> xpath: //div[@class='a-section a-spacing-small a-spacing-top-small']], [[ChromeDriver: chrome on windows (4cd38eb87084f50207eaf0231b5d5888)] -> xpath: //div[@class='a-section a-spacing-small a-spacing-top-small']], [[ChromeDriver: chrome on windows (4cd38eb87084f50207eaf0231b5d5888)] -> xpath: //div[@class='a-section a-spacing-small a-spacing-top-small']], [[ChromeDriver: chrome on windows (4cd38eb87084f50207eaf0231b5d5888)] -> xpath: //div[@class='a-section a-spacing-small a-spacing-top-small']], [[ChromeDriver: chrome on windows (4cd38eb87084f50207eaf0231b5d5888)] -> xpath: //div[@class='a-section a-spacing-small a-spacing-top-small']], [[ChromeDriver: chrome on windows (4cd38eb87084f50207eaf0231b5d5888)] -> xpath: //div[@class='a-section a-spacing-small a-spacing-top-small']], [[ChromeDriver: chrome on windows (4cd38eb87084f50207eaf0231b5d5888)] -> xpath: //div[@class='a-section a-spacing-small a-spacing-top-small']], [[ChromeDriver: chrome on windows (4cd38eb87084f50207eaf0231b5d5888)] -> xpath: //div[@class='a-section a-spacing-small a-spacing-top-small']], [[ChromeDriver: chrome on windows (4cd38eb87084f50207eaf0231b5d5888)] -> xpath: //div[@class='a-section a-spacing-small a-spacing-top-small']], [[ChromeDriver: chrome on windows (4cd38eb87084f50207eaf0231b5d5888)] -> xpath: //div[@class='a-section a-spacing-small a-spacing-top-small']], [[ChromeDriver: chrome on windows (4cd38eb87084f50207eaf0231b5d5888)] -> xpath: //div[@class='a-section a-spacing-small a-spacing-top-small']], [[ChromeDriver: chrome on windows (4cd38eb87084f50207eaf0231b5d5888)] -> xpath: //div[@class='a-section a-spacing-small a-spacing-top-small']], [[ChromeDriver: chrome on windows (4cd38eb87084f50207eaf0231b5d5888)] -> xpath: //div[@class='a-section a-spacing-small a-spacing-top-small']]] from the safeFindElements method
21:13:13 [TestNG-test-Test-3] INFO  verifyingGetItByTodayFilterFunctionality_Tablet_21-13-03 - [verifyingGetItByTodayFilterFunctionality_Tablet_21-13-03] Created hashset with required data to assert with Within validateDeliveryFilterOptions method
21:13:13 [TestNG-test-Test-3] INFO  verifyingGetItByTodayFilterFunctionality_Tablet_21-13-03 - [verifyingGetItByTodayFilterFunctionality_Tablet_21-13-03] this is the set  [Jun, Today, Tue, 16, FREE delivery, 17, Wed, Tomorrow]
21:13:13 [TestNG-test-Test-3] INFO  verifyingGetItByTodayFilterFunctionality_Tablet_21-13-03 - [verifyingGetItByTodayFilterFunctionality_Tablet_21-13-03] Within deliveryElements loop iterating over the products  Within validateDeliveryFilterOptions method
21:13:13 [TestNG-test-Test-3] INFO  verifyingGetItByTodayFilterFunctionality_Tablet_21-13-03 - [verifyingGetItByTodayFilterFunctionality_Tablet_21-13-03] Checking if the allowedDateParts have the assert text   Within validateDeliveryFilterOptions method
21:13:13 [TestNG-test-Test-3] INFO  verifyingGetItByTodayFilterFunctionality_Tablet_21-13-03 - [verifyingGetItByTodayFilterFunctionality_Tablet_21-13-03] Within deliveryElements loop iterating over the products  Within validateDeliveryFilterOptions method
21:13:13 [TestNG-test-Test-3] INFO  verifyingGetItByTodayFilterFunctionality_Tablet_21-13-03 - [verifyingGetItByTodayFilterFunctionality_Tablet_21-13-03] Checking if the allowedDateParts have the assert text   Within validateDeliveryFilterOptions method
21:13:13 [TestNG-test-Test-3] INFO  verifyingGetItByTodayFilterFunctionality_Tablet_21-13-03 - [verifyingGetItByTodayFilterFunctionality_Tablet_21-13-03] Within deliveryElements loop iterating over the products  Within validateDeliveryFilterOptions method
21:13:13 [TestNG-test-Test-3] INFO  verifyingGetItByTodayFilterFunctionality_Tablet_21-13-03 - [verifyingGetItByTodayFilterFunctionality_Tablet_21-13-03] Checking if the allowedDateParts have the assert text   Within validateDeliveryFilterOptions method
21:13:13 [TestNG-test-Test-3] INFO  verifyingGetItByTodayFilterFunctionality_Tablet_21-13-03 - [verifyingGetItByTodayFilterFunctionality_Tablet_21-13-03] Within deliveryElements loop iterating over the products  Within validateDeliveryFilterOptions method
21:13:13 [TestNG-test-Test-3] INFO  verifyingGetItByTodayFilterFunctionality_Tablet_21-13-03 - [verifyingGetItByTodayFilterFunctionality_Tablet_21-13-03] Checking if the allowedDateParts have the assert text   Within validateDeliveryFilterOptions method
21:13:13 [TestNG-test-Test-3] INFO  verifyingGetItByTodayFilterFunctionality_Tablet_21-13-03 - [verifyingGetItByTodayFilterFunctionality_Tablet_21-13-03] Within deliveryElements loop iterating over the products  Within validateDeliveryFilterOptions method
21:13:13 [TestNG-test-Test-3] INFO  verifyingGetItByTodayFilterFunctionality_Tablet_21-13-03 - [verifyingGetItByTodayFilterFunctionality_Tablet_21-13-03] Checking if the allowedDateParts have the assert text   Within validateDeliveryFilterOptions method
21:13:13 [TestNG-test-Test-3] INFO  verifyingGetItByTodayFilterFunctionality_Tablet_21-13-03 - [verifyingGetItByTodayFilterFunctionality_Tablet_21-13-03] Within deliveryElements loop iterating over the products  Within validateDeliveryFilterOptions method
21:13:13 [TestNG-test-Test-3] INFO  verifyingGetItByTodayFilterFunctionality_Tablet_21-13-03 - [verifyingGetItByTodayFilterFunctionality_Tablet_21-13-03] Checking if the allowedDateParts have the assert text   Within validateDeliveryFilterOptions method
21:13:13 [TestNG-test-Test-3] INFO  verifyingGetItByTodayFilterFunctionality_Tablet_21-13-03 - [verifyingGetItByTodayFilterFunctionality_Tablet_21-13-03] Within deliveryElements loop iterating over the products  Within validateDeliveryFilterOptions method
21:13:13 [TestNG-test-Test-3] INFO  verifyingGetItByTodayFilterFunctionality_Tablet_21-13-03 - [verifyingGetItByTodayFilterFunctionality_Tablet_21-13-03] Checking if the allowedDateParts have the assert text   Within validateDeliveryFilterOptions method
21:13:13 [TestNG-test-Test-3] INFO  verifyingGetItByTodayFilterFunctionality_Tablet_21-13-03 - [verifyingGetItByTodayFilterFunctionality_Tablet_21-13-03] Within deliveryElements loop iterating over the products  Within validateDeliveryFilterOptions method
21:13:13 [TestNG-test-Test-3] INFO  verifyingGetItByTodayFilterFunctionality_Tablet_21-13-03 - [verifyingGetItByTodayFilterFunctionality_Tablet_21-13-03] Checking if the allowedDateParts have the assert text   Within validateDeliveryFilterOptions method
21:13:13 [TestNG-test-Test-3] INFO  verifyingGetItByTodayFilterFunctionality_Tablet_21-13-03 - [verifyingGetItByTodayFilterFunctionality_Tablet_21-13-03] Within deliveryElements loop iterating over the products  Within validateDeliveryFilterOptions method
21:13:13 [TestNG-test-Test-3] INFO  verifyingGetItByTodayFilterFunctionality_Tablet_21-13-03 - [verifyingGetItByTodayFilterFunctionality_Tablet_21-13-03] Checking if the allowedDateParts have the assert text   Within validateDeliveryFilterOptions method
21:13:13 [TestNG-test-Test-3] INFO  verifyingGetItByTodayFilterFunctionality_Tablet_21-13-03 - [verifyingGetItByTodayFilterFunctionality_Tablet_21-13-03] Within deliveryElements loop iterating over the products  Within validateDeliveryFilterOptions method
21:13:13 [TestNG-test-Test-3] INFO  verifyingGetItByTodayFilterFunctionality_Tablet_21-13-03 - [verifyingGetItByTodayFilterFunctionality_Tablet_21-13-03] Checking if the allowedDateParts have the assert text   Within validateDeliveryFilterOptions method
21:13:13 [TestNG-test-Test-3] INFO  verifyingGetItByTodayFilterFunctionality_Tablet_21-13-03 - [verifyingGetItByTodayFilterFunctionality_Tablet_21-13-03] Within deliveryElements loop iterating over the products  Within validateDeliveryFilterOptions method
21:13:13 [TestNG-test-Test-3] INFO  verifyingGetItByTodayFilterFunctionality_Tablet_21-13-03 - [verifyingGetItByTodayFilterFunctionality_Tablet_21-13-03] Checking if the allowedDateParts have the assert text   Within validateDeliveryFilterOptions method
21:13:13 [TestNG-test-Test-3] INFO  verifyingGetItByTodayFilterFunctionality_Tablet_21-13-03 - [verifyingGetItByTodayFilterFunctionality_Tablet_21-13-03] Within deliveryElements loop iterating over the products  Within validateDeliveryFilterOptions method
21:13:13 [TestNG-test-Test-3] INFO  verifyingGetItByTodayFilterFunctionality_Tablet_21-13-03 - [verifyingGetItByTodayFilterFunctionality_Tablet_21-13-03] Checking if the allowedDateParts have the assert text   Within validateDeliveryFilterOptions method
21:13:13 [TestNG-test-Test-3] INFO  verifyingGetItByTodayFilterFunctionality_Tablet_21-13-03 - [verifyingGetItByTodayFilterFunctionality_Tablet_21-13-03] Within deliveryElements loop iterating over the products  Within validateDeliveryFilterOptions method
21:13:13 [TestNG-test-Test-3] INFO  verifyingGetItByTodayFilterFunctionality_Tablet_21-13-03 - [verifyingGetItByTodayFilterFunctionality_Tablet_21-13-03] Checking if the allowedDateParts have the assert text   Within validateDeliveryFilterOptions method
21:13:13 [TestNG-test-Test-3] INFO  verifyingGetItByTodayFilterFunctionality_Tablet_21-13-03 - [verifyingGetItByTodayFilterFunctionality_Tablet_21-13-03] Returning the list with boolean values   Within validateDeliveryFilterOptions method
21:13:13 [TestNG-test-Test-3] INFO  verifyingGetItByTodayFilterFunctionality_Tablet_21-13-03 - [verifyingGetItByTodayFilterFunctionality_Tablet_21-13-03] Asserting delivery filter: isValid=true, index=-1, text=All the things are valid no errors
