13:07:02 [TestNG-test-Test-3] INFO  verifyingFreeDeliveryFilterFunctionality_Tablet_13-07-02 - No existing WebDriver found for current thread. Initializing a new ChromeDriver...
13:07:03 [TestNG-test-Test-3] INFO  verifyingFreeDeliveryFilterFunctionality_Tablet_13-07-02 - WebDriverManager: chromedriver setup OK
13:07:06 [TestNG-test-Test-3] INFO  verifyingFreeDeliveryFilterFunctionality_Tablet_13-07-02 - ChromeDriver initialized successfully for thread: 36
13:07:07 [TestNG-test-Test-3] INFO  verifyingFreeDeliveryFilterFunctionality_Tablet_13-07-02 - [verifyingFreeDeliveryFilterFunctionality_Tablet_13-07-02] Opening amazon Landing page
13:07:07 [TestNG-test-Test-3] INFO  verifyingFreeDeliveryFilterFunctionality_Tablet_13-07-02 - [verifyingFreeDeliveryFilterFunctionality_Tablet_13-07-02] Within safeFindElement method
13:07:12 [TestNG-test-Test-3] INFO  verifyingFreeDeliveryFilterFunctionality_Tablet_13-07-02 - [verifyingFreeDeliveryFilterFunctionality_Tablet_13-07-02]Retrying findElement for: ->By.xpath: //a[@id='nav-logo-sprites']
13:07:13 [TestNG-test-Test-3] INFO  verifyingFreeDeliveryFilterFunctionality_Tablet_13-07-02 - [verifyingFreeDeliveryFilterFunctionality_Tablet_13-07-02]Refrehsing the page , while trying to safely find : ->By.xpath: //a[@id='nav-logo-sprites']
13:07:14 [TestNG-test-Test-3] INFO  verifyingFreeDeliveryFilterFunctionality_Tablet_13-07-02 - [verifyingFreeDeliveryFilterFunctionality_Tablet_13-07-02]Found the element returning it ,element ->[[ChromeDriver: chrome on windows (eef0cc04f3bf6a44d344c167a98472ed)] -> xpath: //a[@id='nav-logo-sprites']]
13:07:15 [TestNG-test-Test-3] INFO  verifyingFreeDeliveryFilterFunctionality_Tablet_13-07-02 - [verifyingFreeDeliveryFilterFunctionality_Tablet_13-07-02] Giving input within the search bar
13:07:15 [TestNG-test-Test-3] INFO  verifyingFreeDeliveryFilterFunctionality_Tablet_13-07-02 - [verifyingFreeDeliveryFilterFunctionality_Tablet_13-07-02] Within safeClick method
13:07:19 [TestNG-test-Test-3] INFO  verifyingFreeDeliveryFilterFunctionality_Tablet_13-07-02 - [verifyingFreeDeliveryFilterFunctionality_Tablet_13-07-02] Clicked the  [[ChromeDriver: chrome on windows (eef0cc04f3bf6a44d344c167a98472ed)] -> xpath: //input[@id='nav-search-submit-button']]   using safeClick
13:07:19 [TestNG-test-Test-3] INFO  verifyingFreeDeliveryFilterFunctionality_Tablet_13-07-02 - [verifyingFreeDeliveryFilterFunctionality_Tablet_13-07-02] Clicking on the submit in the search bar
13:07:19 [TestNG-test-Test-3] INFO  verifyingFreeDeliveryFilterFunctionality_Tablet_13-07-02 - [verifyingFreeDeliveryFilterFunctionality_Tablet_13-07-02] Waiting until element is visible in viewport
13:07:19 [TestNG-test-Test-3] INFO  verifyingFreeDeliveryFilterFunctionality_Tablet_13-07-02 - [verifyingFreeDeliveryFilterFunctionality_Tablet_13-07-02] Within validateDeliveryFilterOptionsWithResult method
13:07:19 [TestNG-test-Test-3] INFO  verifyingFreeDeliveryFilterFunctionality_Tablet_13-07-02 - [verifyingFreeDeliveryFilterFunctionality_Tablet_13-07-02] Within safeClick method
13:07:20 [TestNG-test-Test-3] INFO  verifyingFreeDeliveryFilterFunctionality_Tablet_13-07-02 - [verifyingFreeDeliveryFilterFunctionality_Tablet_13-07-02] Clicked the  [[ChromeDriver: chrome on windows (eef0cc04f3bf6a44d344c167a98472ed)] -> xpath: //span[@class='a-size-base a-color-base puis-bold-weight-text' and text()='Eligible for Free Delivery']/parent::div/following-sibling::ul//span[@class='a-size-base a-color-base' and text()='Free Shipping']]   using safeClick
13:07:20 [TestNG-test-Test-3] INFO  verifyingFreeDeliveryFilterFunctionality_Tablet_13-07-02 - [verifyingFreeDeliveryFilterFunctionality_Tablet_13-07-02] Within getMoreButtonByFilterTypeAndName method
13:07:20 [TestNG-test-Test-3] INFO  verifyingFreeDeliveryFilterFunctionality_Tablet_13-07-02 - [verifyingFreeDeliveryFilterFunctionality_Tablet_13-07-02] Clicked on By.xpath: //span[@class='a-size-base a-color-base puis-bold-weight-text' and text()='Eligible for Free Delivery']/parent::div/following-sibling::ul//span[@class='a-size-base a-color-base' and text()='Free Shipping']
13:07:20 [TestNG-test-Test-3] INFO  verifyingFreeDeliveryFilterFunctionality_Tablet_13-07-02 - [verifyingFreeDeliveryFilterFunctionality_Tablet_13-07-02] Within safeFindElements 
13:07:21 [TestNG-test-Test-3] INFO  verifyingFreeDeliveryFilterFunctionality_Tablet_13-07-02 - [verifyingFreeDeliveryFilterFunctionality_Tablet_13-07-02] Returning the  [[[ChromeDriver: chrome on windows (eef0cc04f3bf6a44d344c167a98472ed)] -> xpath: //div[@class='a-section a-spacing-small a-spacing-top-small']], [[ChromeDriver: chrome on windows (eef0cc04f3bf6a44d344c167a98472ed)] -> xpath: //div[@class='a-section a-spacing-small a-spacing-top-small']], [[ChromeDriver: chrome on windows (eef0cc04f3bf6a44d344c167a98472ed)] -> xpath: //div[@class='a-section a-spacing-small a-spacing-top-small']], [[ChromeDriver: chrome on windows (eef0cc04f3bf6a44d344c167a98472ed)] -> xpath: //div[@class='a-section a-spacing-small a-spacing-top-small']], [[ChromeDriver: chrome on windows (eef0cc04f3bf6a44d344c167a98472ed)] -> xpath: //div[@class='a-section a-spacing-small a-spacing-top-small']], [[ChromeDriver: chrome on windows (eef0cc04f3bf6a44d344c167a98472ed)] -> xpath: //div[@class='a-section a-spacing-small a-spacing-top-small']], [[ChromeDriver: chrome on windows (eef0cc04f3bf6a44d344c167a98472ed)] -> xpath: //div[@class='a-section a-spacing-small a-spacing-top-small']], [[ChromeDriver: chrome on windows (eef0cc04f3bf6a44d344c167a98472ed)] -> xpath: //div[@class='a-section a-spacing-small a-spacing-top-small']], [[ChromeDriver: chrome on windows (eef0cc04f3bf6a44d344c167a98472ed)] -> xpath: //div[@class='a-section a-spacing-small a-spacing-top-small']], [[ChromeDriver: chrome on windows (eef0cc04f3bf6a44d344c167a98472ed)] -> xpath: //div[@class='a-section a-spacing-small a-spacing-top-small']], [[ChromeDriver: chrome on windows (eef0cc04f3bf6a44d344c167a98472ed)] -> xpath: //div[@class='a-section a-spacing-small a-spacing-top-small']], [[ChromeDriver: chrome on windows (eef0cc04f3bf6a44d344c167a98472ed)] -> xpath: //div[@class='a-section a-spacing-small a-spacing-top-small']], [[ChromeDriver: chrome on windows (eef0cc04f3bf6a44d344c167a98472ed)] -> xpath: //div[@class='a-section a-spacing-small a-spacing-top-small']], [[ChromeDriver: chrome on windows (eef0cc04f3bf6a44d344c167a98472ed)] -> xpath: //div[@class='a-section a-spacing-small a-spacing-top-small']], [[ChromeDriver: chrome on windows (eef0cc04f3bf6a44d344c167a98472ed)] -> xpath: //div[@class='a-section a-spacing-small a-spacing-top-small']], [[ChromeDriver: chrome on windows (eef0cc04f3bf6a44d344c167a98472ed)] -> xpath: //div[@class='a-section a-spacing-small a-spacing-top-small']]] from the safeFindElements method
13:07:21 [TestNG-test-Test-3] INFO  verifyingFreeDeliveryFilterFunctionality_Tablet_13-07-02 - [verifyingFreeDeliveryFilterFunctionality_Tablet_13-07-02] Created hashset with required data to assert with Within validateDeliveryFilterOptionsWithResult method
13:07:21 [TestNG-test-Test-3] INFO  verifyingFreeDeliveryFilterFunctionality_Tablet_13-07-02 - [verifyingFreeDeliveryFilterFunctionality_Tablet_13-07-02] this is the set  [Thu, Today, 16, FREE delivery, 17, Wed, Tomorrow, Sep]
13:07:21 [TestNG-test-Test-3] INFO  verifyingFreeDeliveryFilterFunctionality_Tablet_13-07-02 - [verifyingFreeDeliveryFilterFunctionality_Tablet_13-07-02] Within deliveryElements loop iterating over the products  Within validateDeliveryFilterOptionsWithResult method
13:07:21 [TestNG-test-Test-3] INFO  verifyingFreeDeliveryFilterFunctionality_Tablet_13-07-02 - [verifyingFreeDeliveryFilterFunctionality_Tablet_13-07-02] Checking if the allowedDateParts have the assert text — index 0, text: Samsung Galaxy Tab A11+ [Smartchoice], 11-inch (27.82 CM), LCD Display, 6GB RAM, 128GB ROM, Wi-Fi, Quad Speakers, Dolby Atmos, Gray, AI Enabled
4.5
(248)
400+ bought in past month
₹25,999
M.R.P:
₹27,999 (7% off)
Flat INR 500 Off on Select Bank Cards
FREE delivery Fri, 18 Sept
Or fastest delivery Tomorrow 8 am - 12 pm
Add to cart
13:07:21 [TestNG-test-Test-3] INFO  verifyingFreeDeliveryFilterFunctionality_Tablet_13-07-02 - [verifyingFreeDeliveryFilterFunctionality_Tablet_13-07-02] Within deliveryElements loop iterating over the products  Within validateDeliveryFilterOptionsWithResult method
13:07:21 [TestNG-test-Test-3] INFO  verifyingFreeDeliveryFilterFunctionality_Tablet_13-07-02 - [verifyingFreeDeliveryFilterFunctionality_Tablet_13-07-02] Checking if the allowedDateParts have the assert text — index 1, text: Redmi Pad 2, 11-inch (27.94 CM CM), LCD Display - 2.5K Sharp & Clear, 4GB RAM, 128GB ROM, Wi-Fi, Quad Speakers, Dolby Atmos, Graphite Grey, AI Enabled
4.2
(563)
500+ bought in past month
₹19,654
M.R.P:
₹21,999 (11% off)
Flat INR 500 Off on Select Bank Cards
FREE delivery Mon, 21 Sept
Or fastest delivery Tomorrow 8 am - 12 pm
Add to cart
13:07:21 [TestNG-test-Test-3] INFO  verifyingFreeDeliveryFilterFunctionality_Tablet_13-07-02 - [verifyingFreeDeliveryFilterFunctionality_Tablet_13-07-02] Within deliveryElements loop iterating over the products  Within validateDeliveryFilterOptionsWithResult method
13:07:21 [TestNG-test-Test-3] INFO  verifyingFreeDeliveryFilterFunctionality_Tablet_13-07-02 - [verifyingFreeDeliveryFilterFunctionality_Tablet_13-07-02] Checking if the allowedDateParts have the assert text — index 2, text: DOMO Slate SL40 2C Tablet for Students Foundation Exams, 10 Inch Android Tablet, IPS Display, 4G Dual SIM, 4GB RAM, 32GB Storage (Expandable to 1TB), Octa-Core Processor, GPS, WiFi, Bluetooth (Grey)
4.5
(2)
300+ bought in past month
Limited time deal
₹7,990
M.R.P:
₹24,990 (68% off)
You pay ₹7,830.20 with coupon
FREE delivery Mon, 21 Sept
Or fastest delivery Sun, 20 Sept
Add to cart
13:07:21 [TestNG-test-Test-3] INFO  verifyingFreeDeliveryFilterFunctionality_Tablet_13-07-02 - [verifyingFreeDeliveryFilterFunctionality_Tablet_13-07-02] Within deliveryElements loop iterating over the products  Within validateDeliveryFilterOptionsWithResult method
13:07:21 [TestNG-test-Test-3] INFO  verifyingFreeDeliveryFilterFunctionality_Tablet_13-07-02 - [verifyingFreeDeliveryFilterFunctionality_Tablet_13-07-02] Checking if the allowedDateParts have the assert text — index 3, text: OnePlus Pad 2 (12.1 Inch),12GB RAM, 256GB Storage Snapdragon 8 Gen 3,144Hz Refresh Rate, 6 Speakers, 3K 12.1 Display, AI Features, 9610 mAh Battery, Wi-Fi with Cellular Data Sharing [Nimbus Gray]
4.4
(820)
1K+ bought in past month
₹33,999
M.R.P:
₹47,999 (29% off)
Flat INR 500 Off on Select Bank Cards
FREE delivery Fri, 18 Sept
Or fastest delivery Tomorrow 8 am - 12 pm
Add to cart
13:07:21 [TestNG-test-Test-3] INFO  verifyingFreeDeliveryFilterFunctionality_Tablet_13-07-02 - [verifyingFreeDeliveryFilterFunctionality_Tablet_13-07-02] Within deliveryElements loop iterating over the products  Within validateDeliveryFilterOptionsWithResult method
13:07:21 [TestNG-test-Test-3] INFO  verifyingFreeDeliveryFilterFunctionality_Tablet_13-07-02 - [verifyingFreeDeliveryFilterFunctionality_Tablet_13-07-02] Checking if the allowedDateParts have the assert text — index 4, text: DOMO Slate SL39 4G Tablet 10.1 inch Tab, 4G Connectivity, 4GB RAM + 32GB ROM, inbuilt Storage, Bluetooth 1TB Expandable, Dual SIM Slot, Octa Core CPU GPS, Grey
5.0
(1)
100+ bought in past month
Limited time deal
₹7,549
M.R.P:
₹24,990 (70% off)
Savings Buy 2 items, get 3% off
FREE delivery Mon, 21 Sept
Or fastest delivery Tomorrow, 17 Sept
Add to cart
13:07:21 [TestNG-test-Test-3] INFO  verifyingFreeDeliveryFilterFunctionality_Tablet_13-07-02 - [verifyingFreeDeliveryFilterFunctionality_Tablet_13-07-02] Within deliveryElements loop iterating over the products  Within validateDeliveryFilterOptionsWithResult method
13:07:21 [TestNG-test-Test-3] INFO  verifyingFreeDeliveryFilterFunctionality_Tablet_13-07-02 - [verifyingFreeDeliveryFilterFunctionality_Tablet_13-07-02] Checking if the allowedDateParts have the assert text — index 5, text: Samsung Galaxy Tab S10 Lite [Smartchoice], 10.9-inch (27.7 CM), LCD Display, 6GB RAM, 128GB ROM, Wi-Fi, Dual Speakers, S Pen, Gray, AI Enabled
4.6
(443)
500+ bought in past month
₹35,749
M.R.P:
₹57,999 (38% off)
Flat INR 500 Off on Select Bank Cards
FREE delivery Fri, 18 Sept
Or fastest delivery Tomorrow 8 am - 12 pm
Add to cart
13:07:21 [TestNG-test-Test-3] INFO  verifyingFreeDeliveryFilterFunctionality_Tablet_13-07-02 - [verifyingFreeDeliveryFilterFunctionality_Tablet_13-07-02] Within deliveryElements loop iterating over the products  Within validateDeliveryFilterOptionsWithResult method
13:07:21 [TestNG-test-Test-3] INFO  verifyingFreeDeliveryFilterFunctionality_Tablet_13-07-02 - [verifyingFreeDeliveryFilterFunctionality_Tablet_13-07-02] Checking if the allowedDateParts have the assert text — index 6, text: Lenovo Tab (Smartchoice)| 10.1" Display| 4G (LTE) + Wi-Fi (Calling)| 4 GB RAM + 64 GB ROM (Expandable up to 1 TB)| Metal Body| Dual Speakers with Dolby Atmos| Android 14| Color: Polar Blue
4.0
(273)
100+ bought in past month
₹18,999
M.R.P:
₹21,000 (10% off)
Flat INR 500 Off on Select Bank Cards
FREE delivery Fri, 18 Sept
Or fastest delivery Tomorrow 8 am - 12 pm
Add to cart
13:07:21 [TestNG-test-Test-3] INFO  verifyingFreeDeliveryFilterFunctionality_Tablet_13-07-02 - [verifyingFreeDeliveryFilterFunctionality_Tablet_13-07-02] Within deliveryElements loop iterating over the products  Within validateDeliveryFilterOptionsWithResult method
13:07:21 [TestNG-test-Test-3] INFO  verifyingFreeDeliveryFilterFunctionality_Tablet_13-07-02 - [verifyingFreeDeliveryFilterFunctionality_Tablet_13-07-02] Checking if the allowedDateParts have the assert text — index 7, text: Lenovo (Smartchoice) Tab Plus with Octa JBL Hi-Fi Speakers| 8 GB RAM, 256 GB ROM| 11.5 Inch, 2K, 90 Hz Refresh| Wi-Fi Tablet| Android 14| 45 W Fast Charger| Built-in Kickstand| Color: Luna Grey
4.5
(1K)
500+ bought in past month
₹23,999
M.R.P:
₹34,000 (29% off)
Flat INR 500 Off on Select Bank Cards
FREE delivery 10 - 11 Oct
Add to cart
13:07:21 [TestNG-test-Test-3] INFO  verifyingFreeDeliveryFilterFunctionality_Tablet_13-07-02 - [verifyingFreeDeliveryFilterFunctionality_Tablet_13-07-02] Within deliveryElements loop iterating over the products  Within validateDeliveryFilterOptionsWithResult method
13:07:21 [TestNG-test-Test-3] INFO  verifyingFreeDeliveryFilterFunctionality_Tablet_13-07-02 - [verifyingFreeDeliveryFilterFunctionality_Tablet_13-07-02] Checking if the allowedDateParts have the assert text — index 8, text: Lenovo Original Tab P12 Keyboard Detachable,3-Point Pogo-Pin Connectors Wireless Keyboard with Trackpad/Touchpad Tablet(Ultra-Thin,Productivity Enabling Hot Keys(Suitable for Tab P12,Zg38C05230)),Grey
4.2
(116)
50+ bought in past month
₹7,991
M.R.P:
₹10,000 (20% off)
Up to 5% back with Amazon Pay ICI...
FREE delivery Mon, 21 Sept
Or fastest delivery Sun, 20 Sept
Add to cart
13:07:21 [TestNG-test-Test-3] INFO  verifyingFreeDeliveryFilterFunctionality_Tablet_13-07-02 - [verifyingFreeDeliveryFilterFunctionality_Tablet_13-07-02] Within deliveryElements loop iterating over the products  Within validateDeliveryFilterOptionsWithResult method
13:07:21 [TestNG-test-Test-3] INFO  verifyingFreeDeliveryFilterFunctionality_Tablet_13-07-02 - [verifyingFreeDeliveryFilterFunctionality_Tablet_13-07-02] Checking if the allowedDateParts have the assert text — index 9, text: OnePlus, Pad Go 2, 12.1 inch (30.73 CM), LCD, 8GB RAM, 128GB ROM, Wi-Fi, Quad Speakers, Eye Care,Shadow Black, AI Enabled
4.3
(904)
400+ bought in past month
₹29,999
FREE delivery Fri, 18 Sept
Or fastest delivery Tomorrow 8 am - 12 pm
Add to cart
13:07:21 [TestNG-test-Test-3] INFO  verifyingFreeDeliveryFilterFunctionality_Tablet_13-07-02 - [verifyingFreeDeliveryFilterFunctionality_Tablet_13-07-02] Within deliveryElements loop iterating over the products  Within validateDeliveryFilterOptionsWithResult method
13:07:21 [TestNG-test-Test-3] INFO  verifyingFreeDeliveryFilterFunctionality_Tablet_13-07-02 - [verifyingFreeDeliveryFilterFunctionality_Tablet_13-07-02] Checking if the allowedDateParts have the assert text — index 10, text: Lenovo Idea Tab (Smartchoice) with Folio Keyboard + Tab Pen | Wi-Fi + 5G |11" Display, 2.5K Resolution, 90Hz Refresh|8GB RAM, 256GB ROM| MediaTek Dimensity 6300| 7040mAh|4 Speakers| USB-C| Luna Grey
4.2
(57)
400+ bought in past month
₹35,999
M.R.P:
₹52,000 (31% off)
FREE delivery Fri, 18 Sept
Or fastest delivery Tomorrow 8 am - 12 pm
Add to cart
13:07:21 [TestNG-test-Test-3] INFO  verifyingFreeDeliveryFilterFunctionality_Tablet_13-07-02 - [verifyingFreeDeliveryFilterFunctionality_Tablet_13-07-02] Within deliveryElements loop iterating over the products  Within validateDeliveryFilterOptionsWithResult method
13:07:21 [TestNG-test-Test-3] INFO  verifyingFreeDeliveryFilterFunctionality_Tablet_13-07-02 - [verifyingFreeDeliveryFilterFunctionality_Tablet_13-07-02] Checking if the allowedDateParts have the assert text — index 11, text: OnePlus,Pad Lite, 11-inch (27.94 CM CM), LCD, 8GB RAM, 128GB ROM, WiFi + LTE, Quad Speakers, 9340mAh Battery, Aero Blue, Not AI Enabled
4.4
(869)
500+ bought in past month
₹26,999
M.R.P:
₹29,999 (10% off)
Flat INR 500 Off on Select Bank Cards
FREE delivery Mon, 21 Sept
Or fastest delivery Tomorrow 8 am - 12 pm
Add to cart
13:07:21 [TestNG-test-Test-3] INFO  verifyingFreeDeliveryFilterFunctionality_Tablet_13-07-02 - [verifyingFreeDeliveryFilterFunctionality_Tablet_13-07-02] Within deliveryElements loop iterating over the products  Within validateDeliveryFilterOptionsWithResult method
13:07:22 [TestNG-test-Test-3] INFO  verifyingFreeDeliveryFilterFunctionality_Tablet_13-07-02 - [verifyingFreeDeliveryFilterFunctionality_Tablet_13-07-02] Checking if the allowedDateParts have the assert text — index 12, text: Samsung Galaxy Tab A9 22.10 cm (8.7 inch) Display, RAM 4 GB, ROM 64 GB Expandable, Wi-Fi+4G, Tablet, Gray
4.2
(281)
100+ bought in past month
₹19,700
M.R.P:
₹19,999 (1% off)
Flat INR 500 Off on Select Bank Cards
FREE delivery Mon, 21 Sept
Or fastest delivery Tomorrow 8 am - 12 pm
Add to cart
More Buying Choices
₹19,699(2 new offers)
13:07:22 [TestNG-test-Test-3] INFO  verifyingFreeDeliveryFilterFunctionality_Tablet_13-07-02 - [verifyingFreeDeliveryFilterFunctionality_Tablet_13-07-02] Within deliveryElements loop iterating over the products  Within validateDeliveryFilterOptionsWithResult method
13:07:22 [TestNG-test-Test-3] INFO  verifyingFreeDeliveryFilterFunctionality_Tablet_13-07-02 - [verifyingFreeDeliveryFilterFunctionality_Tablet_13-07-02] Checking if the allowedDateParts have the assert text — index 13, text: Lenovo Idea Tab Pro Gen 2 with Pen Plus {Smartchoice} 13" Display, 3.5K Resolution, 144Hz Refresh | 8GB, 256GB | Snapdragon 8s Gen 4 | 10200mAh, 4 JBL Speakers, USB 3.0 with DP-Out, Wi-Fi 7, Luna Grey
4.4
(153)
200+ bought in past month
₹43,999
M.R.P:
₹70,000 (37% off)
FREE delivery Fri, 18 Sept
Or fastest delivery Tomorrow 8 am - 12 pm
Add to cart
+1 other color/pattern
13:07:22 [TestNG-test-Test-3] INFO  verifyingFreeDeliveryFilterFunctionality_Tablet_13-07-02 - [verifyingFreeDeliveryFilterFunctionality_Tablet_13-07-02] Within deliveryElements loop iterating over the products  Within validateDeliveryFilterOptionsWithResult method
13:07:22 [TestNG-test-Test-3] INFO  verifyingFreeDeliveryFilterFunctionality_Tablet_13-07-02 - [verifyingFreeDeliveryFilterFunctionality_Tablet_13-07-02] Checking if the allowedDateParts have the assert text — index 14, text: Brave Ark (SmartChoice) Android Tablet with Pen + BT-Keyboard| 12.95"(32cm) 2.8K 144Hz Display| Snapdragon 8s Gen 3| AI-Enabled|12GB RAM, 256GB ROM| Segment's Biggest 14550mAh Battery| 8 Speakers|WiFi
4.5
(34)
50+ bought in past month
₹42,999
M.R.P:
₹55,000 (22% off)
Flat INR 750 Off on Select Bank Cards
FREE delivery Mon, 21 Sept
Or fastest delivery Tomorrow, 17 Sept
Add to cart
13:07:22 [TestNG-test-Test-3] INFO  verifyingFreeDeliveryFilterFunctionality_Tablet_13-07-02 - [verifyingFreeDeliveryFilterFunctionality_Tablet_13-07-02] Within deliveryElements loop iterating over the products  Within validateDeliveryFilterOptionsWithResult method
13:07:22 [TestNG-test-Test-3] INFO  verifyingFreeDeliveryFilterFunctionality_Tablet_13-07-02 - [verifyingFreeDeliveryFilterFunctionality_Tablet_13-07-02] Checking if the allowedDateParts have the assert text — index 15, text: Lenovo Idea Tab Smartchoice |11-inch 2.5K Clear Display, 90Hz Refresh Rate, 8GB RAM, 256GB ROM| MediaTek Dimensity 6300| 7040mAh Battery|4 Speakers| USB-C |Wi-Fi |AI-Enabled, Dolby Atmos, Luna Grey
4.4
(370)
200+ bought in past month
₹25,648
M.R.P:
₹35,000 (27% off)
Flat INR 500 Off on Select Bank Cards
FREE delivery Fri, 18 Sept
Or fastest delivery Tomorrow 8 am - 12 pm
Add to cart
13:07:22 [TestNG-test-Test-3] INFO  verifyingFreeDeliveryFilterFunctionality_Tablet_13-07-02 - [verifyingFreeDeliveryFilterFunctionality_Tablet_13-07-02] Returning the list with boolean values   Within validateDeliveryFilterOptionsWithResult method
13:07:22 [TestNG-test-Test-3] INFO  verifyingFreeDeliveryFilterFunctionality_Tablet_13-07-02 - [verifyingFreeDeliveryFilterFunctionality_Tablet_13-07-02] Asserting delivery filter: isValid=true, index=-1, text=All the things are valid no errors
