04:39:45 [TestNG-test-Test-1] INFO  verifyingGetItByTodayFilterFunctionality_Mobile_04-39-45 - No existing WebDriver found for current thread. Initializing a new ChromeDriver...
04:39:45 [TestNG-test-Test-1] INFO  verifyingGetItByTodayFilterFunctionality_Mobile_04-39-45 - WebDriverManager: chromedriver setup OK
04:39:46 [TestNG-test-Test-1] INFO  verifyingGetItByTodayFilterFunctionality_Mobile_04-39-45 - ChromeDriver initialized successfully for thread: 34
04:39:48 [TestNG-test-Test-1] INFO  verifyingGetItByTodayFilterFunctionality_Mobile_04-39-45 - [verifyingGetItByTodayFilterFunctionality_Mobile_04-39-45] Opening amazon Landing page
04:39:48 [TestNG-test-Test-1] INFO  verifyingGetItByTodayFilterFunctionality_Mobile_04-39-45 - [verifyingGetItByTodayFilterFunctionality_Mobile_04-39-45] Within safeFindElement method
04:39:48 [TestNG-test-Test-1] INFO  verifyingGetItByTodayFilterFunctionality_Mobile_04-39-45 - [verifyingGetItByTodayFilterFunctionality_Mobile_04-39-45]Found the element returning it ,element ->[[ChromeDriver: chrome on windows (c4b528a4a73d54b366db67f7cce987af)] -> xpath: //a[@id='nav-logo-sprites']]
04:39:49 [TestNG-test-Test-1] INFO  verifyingGetItByTodayFilterFunctionality_Mobile_04-39-45 - [verifyingGetItByTodayFilterFunctionality_Mobile_04-39-45] Giving input within the search bar
04:39:49 [TestNG-test-Test-1] INFO  verifyingGetItByTodayFilterFunctionality_Mobile_04-39-45 - [verifyingGetItByTodayFilterFunctionality_Mobile_04-39-45] Within safeClick method
04:39:51 [TestNG-test-Test-1] INFO  verifyingGetItByTodayFilterFunctionality_Mobile_04-39-45 - [verifyingGetItByTodayFilterFunctionality_Mobile_04-39-45] Clicked the  [[ChromeDriver: chrome on windows (c4b528a4a73d54b366db67f7cce987af)] -> xpath: //input[@id='nav-search-submit-button']]   using safeClick
04:39:51 [TestNG-test-Test-1] INFO  verifyingGetItByTodayFilterFunctionality_Mobile_04-39-45 - [verifyingGetItByTodayFilterFunctionality_Mobile_04-39-45] Clicking on the submit in the search bar
04:39:51 [TestNG-test-Test-1] INFO  verifyingGetItByTodayFilterFunctionality_Mobile_04-39-45 - [verifyingGetItByTodayFilterFunctionality_Mobile_04-39-45] Waiting until element is visible in viewport
04:39:51 [TestNG-test-Test-1] INFO  verifyingGetItByTodayFilterFunctionality_Mobile_04-39-45 - [verifyingGetItByTodayFilterFunctionality_Mobile_04-39-45] Within validateDeliveryFilterOptionsWithResult method
04:39:51 [TestNG-test-Test-1] INFO  verifyingGetItByTodayFilterFunctionality_Mobile_04-39-45 - [verifyingGetItByTodayFilterFunctionality_Mobile_04-39-45] Within safeClick method
04:39:51 [TestNG-test-Test-1] INFO  verifyingGetItByTodayFilterFunctionality_Mobile_04-39-45 - [verifyingGetItByTodayFilterFunctionality_Mobile_04-39-45] Clicked the  [[ChromeDriver: chrome on windows (c4b528a4a73d54b366db67f7cce987af)] -> xpath: //span[@class='a-size-base a-color-base puis-bold-weight-text' and text()='Delivery Day']/parent::div/following-sibling::ul//span[@class='a-size-base a-color-base' and text()='Get It Today']]   using safeClick
04:39:51 [TestNG-test-Test-1] INFO  verifyingGetItByTodayFilterFunctionality_Mobile_04-39-45 - [verifyingGetItByTodayFilterFunctionality_Mobile_04-39-45] Within getMoreButtonByFilterTypeAndName method
04:39:51 [TestNG-test-Test-1] INFO  verifyingGetItByTodayFilterFunctionality_Mobile_04-39-45 - [verifyingGetItByTodayFilterFunctionality_Mobile_04-39-45] Clicked on By.xpath: //span[@class='a-size-base a-color-base puis-bold-weight-text' and text()='Delivery Day']/parent::div/following-sibling::ul//span[@class='a-size-base a-color-base' and text()='Get It Today']
04:39:51 [TestNG-test-Test-1] INFO  verifyingGetItByTodayFilterFunctionality_Mobile_04-39-45 - [verifyingGetItByTodayFilterFunctionality_Mobile_04-39-45] Within safeFindElements 
04:39:52 [TestNG-test-Test-1] INFO  verifyingGetItByTodayFilterFunctionality_Mobile_04-39-45 - [verifyingGetItByTodayFilterFunctionality_Mobile_04-39-45] Returning the  [[[ChromeDriver: chrome on windows (c4b528a4a73d54b366db67f7cce987af)] -> xpath: //div[@class='a-section a-spacing-small a-spacing-top-small']], [[ChromeDriver: chrome on windows (c4b528a4a73d54b366db67f7cce987af)] -> xpath: //div[@class='a-section a-spacing-small a-spacing-top-small']], [[ChromeDriver: chrome on windows (c4b528a4a73d54b366db67f7cce987af)] -> xpath: //div[@class='a-section a-spacing-small a-spacing-top-small']], [[ChromeDriver: chrome on windows (c4b528a4a73d54b366db67f7cce987af)] -> xpath: //div[@class='a-section a-spacing-small a-spacing-top-small']], [[ChromeDriver: chrome on windows (c4b528a4a73d54b366db67f7cce987af)] -> xpath: //div[@class='a-section a-spacing-small a-spacing-top-small']], [[ChromeDriver: chrome on windows (c4b528a4a73d54b366db67f7cce987af)] -> xpath: //div[@class='a-section a-spacing-small a-spacing-top-small']], [[ChromeDriver: chrome on windows (c4b528a4a73d54b366db67f7cce987af)] -> xpath: //div[@class='a-section a-spacing-small a-spacing-top-small']], [[ChromeDriver: chrome on windows (c4b528a4a73d54b366db67f7cce987af)] -> xpath: //div[@class='a-section a-spacing-small a-spacing-top-small']], [[ChromeDriver: chrome on windows (c4b528a4a73d54b366db67f7cce987af)] -> xpath: //div[@class='a-section a-spacing-small a-spacing-top-small']], [[ChromeDriver: chrome on windows (c4b528a4a73d54b366db67f7cce987af)] -> xpath: //div[@class='a-section a-spacing-small a-spacing-top-small']], [[ChromeDriver: chrome on windows (c4b528a4a73d54b366db67f7cce987af)] -> xpath: //div[@class='a-section a-spacing-small a-spacing-top-small']], [[ChromeDriver: chrome on windows (c4b528a4a73d54b366db67f7cce987af)] -> xpath: //div[@class='a-section a-spacing-small a-spacing-top-small']], [[ChromeDriver: chrome on windows (c4b528a4a73d54b366db67f7cce987af)] -> xpath: //div[@class='a-section a-spacing-small a-spacing-top-small']], [[ChromeDriver: chrome on windows (c4b528a4a73d54b366db67f7cce987af)] -> xpath: //div[@class='a-section a-spacing-small a-spacing-top-small']], [[ChromeDriver: chrome on windows (c4b528a4a73d54b366db67f7cce987af)] -> xpath: //div[@class='a-section a-spacing-small a-spacing-top-small']], [[ChromeDriver: chrome on windows (c4b528a4a73d54b366db67f7cce987af)] -> xpath: //div[@class='a-section a-spacing-small a-spacing-top-small']]] from the safeFindElements method
04:39:52 [TestNG-test-Test-1] INFO  verifyingGetItByTodayFilterFunctionality_Mobile_04-39-45 - [verifyingGetItByTodayFilterFunctionality_Mobile_04-39-45] Created hashset with required data to assert with Within validateDeliveryFilterOptionsWithResult method
04:39:52 [TestNG-test-Test-1] INFO  verifyingGetItByTodayFilterFunctionality_Mobile_04-39-45 - [verifyingGetItByTodayFilterFunctionality_Mobile_04-39-45] this is the set  [Thu, Today, FREE delivery, 17, 18, Fri, Tomorrow, Sep]
04:39:52 [TestNG-test-Test-1] INFO  verifyingGetItByTodayFilterFunctionality_Mobile_04-39-45 - [verifyingGetItByTodayFilterFunctionality_Mobile_04-39-45] Within deliveryElements loop iterating over the products  Within validateDeliveryFilterOptionsWithResult method
04:39:52 [TestNG-test-Test-1] INFO  verifyingGetItByTodayFilterFunctionality_Mobile_04-39-45 - [verifyingGetItByTodayFilterFunctionality_Mobile_04-39-45] Checking if the allowedDateParts have the assert text — index 0, text: iQOO Z10 Lite 5G (Titanium Blue 2026, 4GB RAM, 64GB Storage) | Dimensity 6300 5G Processor | 50MP Sony AI Camera | 6000 mAh Battery | IP64 Rated & Military Grade Shock-Resistance*
4.1
(387)
2K+ bought in past month
₹16,999
M.R.P:
₹27,999 (39% off)
FREE delivery Mon, 21 Sept
Or fastest delivery Today 4 pm - 8 pm
Add to cart
04:39:52 [TestNG-test-Test-1] INFO  verifyingGetItByTodayFilterFunctionality_Mobile_04-39-45 - [verifyingGetItByTodayFilterFunctionality_Mobile_04-39-45] Within deliveryElements loop iterating over the products  Within validateDeliveryFilterOptionsWithResult method
04:39:52 [TestNG-test-Test-1] INFO  verifyingGetItByTodayFilterFunctionality_Mobile_04-39-45 - [verifyingGetItByTodayFilterFunctionality_Mobile_04-39-45] Checking if the allowedDateParts have the assert text — index 1, text: REDMI A7 Pro 5G (Mist Blue, 4GB RAM, 64GB Storage) | Segment's Fastest Processor | Segment's Largest Battery | Segment's Largest & Smoothest 6.9in 120Hz Display
3.4
(2.2K)
2K+ bought in past month
₹14,999
M.R.P:
₹26,999 (44% off)
Up to 5% back with Amazon Pay ICI...
FREE delivery Mon, 21 Sept
Or fastest delivery Today 4 pm - 8 pm
Add to cart
04:39:52 [TestNG-test-Test-1] INFO  verifyingGetItByTodayFilterFunctionality_Mobile_04-39-45 - [verifyingGetItByTodayFilterFunctionality_Mobile_04-39-45] Within deliveryElements loop iterating over the products  Within validateDeliveryFilterOptionsWithResult method
04:39:52 [TestNG-test-Test-1] INFO  verifyingGetItByTodayFilterFunctionality_Mobile_04-39-45 - [verifyingGetItByTodayFilterFunctionality_Mobile_04-39-45] Checking if the allowedDateParts have the assert text — index 2, text: Motorola G57 Power (Corsair, 8GB RAM, 128GB Storage) | Snapdragon 6s Gen 4 Processor | 6.72" FHD+ Display | 50MP LYT-600 + 8MP Ultrawide | 8MP Selfie Camera | 7000mAh Battery, 33W TurboPower | IP64
4.3
(38)
1K+ bought in past month
₹20,999
M.R.P:
₹21,999 (5% off)
Up to 5% back with Amazon Pay ICI...
FREE delivery Mon, 21 Sept
Or fastest delivery Today 4 pm - 8 pm
Add to cart
04:39:52 [TestNG-test-Test-1] INFO  verifyingGetItByTodayFilterFunctionality_Mobile_04-39-45 - [verifyingGetItByTodayFilterFunctionality_Mobile_04-39-45] Within deliveryElements loop iterating over the products  Within validateDeliveryFilterOptionsWithResult method
04:39:52 [TestNG-test-Test-1] INFO  verifyingGetItByTodayFilterFunctionality_Mobile_04-39-45 - [verifyingGetItByTodayFilterFunctionality_Mobile_04-39-45] Checking if the allowedDateParts have the assert text — index 3, text: OnePlus Nord CE6 | 8GB+256GB | Fresh Blue | Snapdragon 7s Gen 4 | Segment's Fastest Touch Response | 8000mAh Battery | 144Hz 1.5K AMOLED Display | 50MP Main + 32MP Selfie 4K Cameras | IP66,68,69,69K
4.3
(2.8K)
500+ bought in past month
₹41,999
M.R.P:
₹43,999 (5% off)
Flat INR 500 Off on Select Bank Cards
FREE delivery Mon, 21 Sept
Or fastest delivery Today 4 pm - 8 pm
Add to cart
04:39:52 [TestNG-test-Test-1] INFO  verifyingGetItByTodayFilterFunctionality_Mobile_04-39-45 - [verifyingGetItByTodayFilterFunctionality_Mobile_04-39-45] Within deliveryElements loop iterating over the products  Within validateDeliveryFilterOptionsWithResult method
04:39:52 [TestNG-test-Test-1] INFO  verifyingGetItByTodayFilterFunctionality_Mobile_04-39-45 - [verifyingGetItByTodayFilterFunctionality_Mobile_04-39-45] Checking if the allowedDateParts have the assert text — index 4, text: OnePlus N6 | 4GB+128GB | Midnight Green | Segment's Biggest 8000mAh Battery | Segment's Fastest 45W Charging | 48-Month Smoothness | Smooth 120Hz Display | 50MP Camera | Military-Grade Durability
3.6
(454)
1K+ bought in past month
₹24,999
M.R.P:
₹30,999 (19% off)
Flat INR 500 Off on Select Bank Cards
FREE delivery Mon, 21 Sept
Or fastest delivery Today 4 pm - 8 pm
Add to cart
04:39:52 [TestNG-test-Test-1] INFO  verifyingGetItByTodayFilterFunctionality_Mobile_04-39-45 - [verifyingGetItByTodayFilterFunctionality_Mobile_04-39-45] Within deliveryElements loop iterating over the products  Within validateDeliveryFilterOptionsWithResult method
04:39:52 [TestNG-test-Test-1] INFO  verifyingGetItByTodayFilterFunctionality_Mobile_04-39-45 - [verifyingGetItByTodayFilterFunctionality_Mobile_04-39-45] Checking if the allowedDateParts have the assert text — index 5, text: realme narzo 80 Lite 4G (See Blue,4GB+64GB) 2026 | 6300mAh Segment's Biggest Battery | 7.94mm Slim Design | 300% Ultra Volume | Pulse Light: 9 Colors, 5 Glow Modes | Ai Assist
4.1
(2K)
1K+ bought in past month
₹16,249
M.R.P:
₹16,999 (4% off)
Up to 5% back with Amazon Pay ICI...
FREE delivery Mon, 21 Sept
Or fastest delivery Today 4 pm - 8 pm
Add to cart
04:39:52 [TestNG-test-Test-1] INFO  verifyingGetItByTodayFilterFunctionality_Mobile_04-39-45 - [verifyingGetItByTodayFilterFunctionality_Mobile_04-39-45] Within deliveryElements loop iterating over the products  Within validateDeliveryFilterOptionsWithResult method
04:39:52 [TestNG-test-Test-1] INFO  verifyingGetItByTodayFilterFunctionality_Mobile_04-39-45 - [verifyingGetItByTodayFilterFunctionality_Mobile_04-39-45] Checking if the allowedDateParts have the assert text — index 6, text: Zeno 100 Lite | UNISOC Octa-Core Processor | 2GB + 4GB RAM 64GB Storage | 5000mAh Battery | 6.6" HD+ 90Hz Display | DTS Sound | Silk Green
3.5
(74)
500+ bought in past month
₹8,599
M.R.P:
₹11,999 (28% off)
Up to 5% back with Amazon Pay ICI...
FREE delivery Mon, 21 Sept
Or fastest delivery Today 4 pm - 8 pm
Add to cart
+2 other colors/patterns
04:39:52 [TestNG-test-Test-1] INFO  verifyingGetItByTodayFilterFunctionality_Mobile_04-39-45 - [verifyingGetItByTodayFilterFunctionality_Mobile_04-39-45] Within deliveryElements loop iterating over the products  Within validateDeliveryFilterOptionsWithResult method
04:39:52 [TestNG-test-Test-1] INFO  verifyingGetItByTodayFilterFunctionality_Mobile_04-39-45 - [verifyingGetItByTodayFilterFunctionality_Mobile_04-39-45] Checking if the allowedDateParts have the assert text — index 7, text: Samsung Galaxy A56 5G Mobile (Awesome Violet Glow, 8GB, 128GB) | Segment Most Complete Triple Camera | 50MP | AI Editing | 4nm Processor | sAMOLED | 5000mAh | Gorilla Glass Victus+| Knox Security
4.3
(594)
500+ bought in past month
₹34,999
M.R.P:
₹49,999 (30% off)
Up to 5% back with Amazon Pay ICI...
FREE delivery Mon, 21 Sept
Or fastest delivery Today 4 pm - 8 pm
Add to cart
04:39:52 [TestNG-test-Test-1] INFO  verifyingGetItByTodayFilterFunctionality_Mobile_04-39-45 - [verifyingGetItByTodayFilterFunctionality_Mobile_04-39-45] Within deliveryElements loop iterating over the products  Within validateDeliveryFilterOptionsWithResult method
04:39:52 [TestNG-test-Test-1] INFO  verifyingGetItByTodayFilterFunctionality_Mobile_04-39-45 - [verifyingGetItByTodayFilterFunctionality_Mobile_04-39-45] Checking if the allowedDateParts have the assert text — index 8, text: Tecno POP X 5G (Ripple Green, 4GB+128GB) | 6500mAh+45W Fast Charger | IP64 Pro | MIL-STD 810H Protection | Upto 12GB* RAM | Fastest 8X Network Speed* with URSP | 120Hz Smooth Display | 50MP Camera
3.5
(46)
1K+ bought in past month
₹15,999
M.R.P:
₹27,999 (43% off)
Up to 5% back with Amazon Pay ICI...
FREE delivery Mon, 21 Sept
Or fastest delivery Today 4 pm - 8 pm
Add to cart
04:39:52 [TestNG-test-Test-1] INFO  verifyingGetItByTodayFilterFunctionality_Mobile_04-39-45 - [verifyingGetItByTodayFilterFunctionality_Mobile_04-39-45] Within deliveryElements loop iterating over the products  Within validateDeliveryFilterOptionsWithResult method
04:39:52 [TestNG-test-Test-1] INFO  verifyingGetItByTodayFilterFunctionality_Mobile_04-39-45 - [verifyingGetItByTodayFilterFunctionality_Mobile_04-39-45] Checking if the allowedDateParts have the assert text — index 9, text: OnePlus Nord 6 | 8GB+256GB | Pitch Black | Snapdragon 8s Gen 4 | Segment's First Stable 165FPS Gaming | Segment's Largest 9000mAh Battery | Most Complete IP Rating | Personalized AI
4.3
(2.2K)
1K+ bought in past month
₹46,999
M.R.P:
₹52,999 (11% off)
Flat INR 500 Off on Select Bank Cards
FREE delivery Mon, 21 Sept
Or fastest delivery Today 4 pm - 8 pm
Add to cart
04:39:52 [TestNG-test-Test-1] INFO  verifyingGetItByTodayFilterFunctionality_Mobile_04-39-45 - [verifyingGetItByTodayFilterFunctionality_Mobile_04-39-45] Within deliveryElements loop iterating over the products  Within validateDeliveryFilterOptionsWithResult method
04:39:53 [TestNG-test-Test-1] INFO  verifyingGetItByTodayFilterFunctionality_Mobile_04-39-45 - [verifyingGetItByTodayFilterFunctionality_Mobile_04-39-45] Checking if the allowedDateParts have the assert text — index 10, text: OnePlus Nord CE6 Lite | 8GB+128GB | Hyper Black | Segment's Fastest Dimensity 7400 Apex Processor | 7000mAh Battery | Segment's Highest 144Hz Refresh Rate | 50MP Main Camera, 4K Video Recording
4.4
(792)
1K+ bought in past month
₹30,999
M.R.P:
₹33,999 (9% off)
FREE delivery Mon, 21 Sept
Or fastest delivery Today 4 pm - 8 pm
Add to cart
04:39:53 [TestNG-test-Test-1] INFO  verifyingGetItByTodayFilterFunctionality_Mobile_04-39-45 - [verifyingGetItByTodayFilterFunctionality_Mobile_04-39-45] Within deliveryElements loop iterating over the products  Within validateDeliveryFilterOptionsWithResult method
04:39:53 [TestNG-test-Test-1] INFO  verifyingGetItByTodayFilterFunctionality_Mobile_04-39-45 - [verifyingGetItByTodayFilterFunctionality_Mobile_04-39-45] Checking if the allowedDateParts have the assert text — index 11, text: Samsung Galaxy A56 5G Mobile (Awesome Olive, 8GB, 256GB) | Segment Most Complete Triple Camera | 50MP | AI Editing | 4nm Processor | sAMOLED | 5000mAh | Gorilla Glass Victus+| Knox Security
4.4
(636)
500+ bought in past month
₹38,999
M.R.P:
₹48,999 (20% off)
Up to 5% back with Amazon Pay ICI...
FREE delivery Mon, 21 Sept
Or fastest delivery Today 4 pm - 8 pm
Add to cart
04:39:53 [TestNG-test-Test-1] INFO  verifyingGetItByTodayFilterFunctionality_Mobile_04-39-45 - [verifyingGetItByTodayFilterFunctionality_Mobile_04-39-45] Within deliveryElements loop iterating over the products  Within validateDeliveryFilterOptionsWithResult method
04:39:53 [TestNG-test-Test-1] INFO  verifyingGetItByTodayFilterFunctionality_Mobile_04-39-45 - [verifyingGetItByTodayFilterFunctionality_Mobile_04-39-45] Checking if the allowedDateParts have the assert text — index 12, text: iQOO Z11 Lite 44W 5G (Midnight Blue, 6GB RAM, 256GB Storage) | 6500mAh Battery with 44W Fast Charging* | Dimensity 6300 with 579k+ AnTuTu Score* | OriginOS 6.0 with AI Creation* & Private Space*
3.8
(74)
1K+ bought in past month
₹26,499
M.R.P:
₹42,499 (38% off)
FREE delivery Mon, 21 Sept
Or fastest delivery Today 4 pm - 8 pm
Add to cart
04:39:53 [TestNG-test-Test-1] INFO  verifyingGetItByTodayFilterFunctionality_Mobile_04-39-45 - [verifyingGetItByTodayFilterFunctionality_Mobile_04-39-45] Within deliveryElements loop iterating over the products  Within validateDeliveryFilterOptionsWithResult method
04:39:53 [TestNG-test-Test-1] INFO  verifyingGetItByTodayFilterFunctionality_Mobile_04-39-45 - [verifyingGetItByTodayFilterFunctionality_Mobile_04-39-45] Checking if the allowedDateParts have the assert text — index 13, text: OnePlus N6x | 4GB+64GB | Burgundy Red | 7000mAh Battery | Power for Days | 36-Months Smoothness | Smooth 120Hz Display | Largest 5300mm2 Cooling System | Military-Grade Durability
3.5
(302)
500+ bought in past month
₹20,999
M.R.P:
₹26,999 (22% off)
Up to 5% back with Amazon Pay ICI...
FREE delivery Mon, 21 Sept
Or fastest delivery Today 4 pm - 8 pm
Add to cart
04:39:53 [TestNG-test-Test-1] INFO  verifyingGetItByTodayFilterFunctionality_Mobile_04-39-45 - [verifyingGetItByTodayFilterFunctionality_Mobile_04-39-45] Within deliveryElements loop iterating over the products  Within validateDeliveryFilterOptionsWithResult method
04:39:53 [TestNG-test-Test-1] INFO  verifyingGetItByTodayFilterFunctionality_Mobile_04-39-45 - [verifyingGetItByTodayFilterFunctionality_Mobile_04-39-45] Checking if the allowedDateParts have the assert text — index 14, text: OnePlus 15R | 12GB+256GB | Mint Breeze | World's First Snapdragon® 8 Gen 5 | 7400mAh Battery | Personalised AI | Game-Changing 165Hz Display | IP66 IP68 IP69 & IP69K | 4K 120fps Video
4.5
(1.7K)
400+ bought in past month
₹59,999
M.R.P:
₹61,999 (3% off)
Flat INR 500 Off on Select Bank Cards
FREE delivery Mon, 21 Sept
Or fastest delivery Today 4 pm - 8 pm
Add to cart
04:39:53 [TestNG-test-Test-1] INFO  verifyingGetItByTodayFilterFunctionality_Mobile_04-39-45 - [verifyingGetItByTodayFilterFunctionality_Mobile_04-39-45] Within deliveryElements loop iterating over the products  Within validateDeliveryFilterOptionsWithResult method
04:39:53 [TestNG-test-Test-1] INFO  verifyingGetItByTodayFilterFunctionality_Mobile_04-39-45 - [verifyingGetItByTodayFilterFunctionality_Mobile_04-39-45] Checking if the allowedDateParts have the assert text — index 15, text: Redmi 17 5G (Endless Blue, 6GB RAM, 128GB ROM) | 7900mAh Battery + 45W Fast Charging | 6.9" 120Hz Adaptive Display | Snapdragon 4 Gen 5 | 50MP Dual AI Camera | Corning® Gorilla® Glass 7i | IP64
Limited time deal
₹23,999
M.R.P:
₹39,999 (40% off)
Up to 5% back with Amazon Pay ICI...
FREE delivery Mon, 21 Sept
Or fastest delivery Today 4 pm - 8 pm
Add to cart
+2 other colors/patterns
04:39:53 [TestNG-test-Test-1] INFO  verifyingGetItByTodayFilterFunctionality_Mobile_04-39-45 - [verifyingGetItByTodayFilterFunctionality_Mobile_04-39-45] Returning the list with boolean values   Within validateDeliveryFilterOptionsWithResult method
04:39:53 [TestNG-test-Test-1] INFO  verifyingGetItByTodayFilterFunctionality_Mobile_04-39-45 - [verifyingGetItByTodayFilterFunctionality_Mobile_04-39-45] Asserting delivery filter: isValid=true, index=-1, text=All the things are valid no errors
