19:20:37 [TestNG-test-Test-3] INFO  verifyingGetItByTodayFilterFunctionality_Mobile_19-20-37 - No existing WebDriver found for current thread. Initializing a new ChromeDriver...
19:20:37 [TestNG-test-Test-3] INFO  verifyingGetItByTodayFilterFunctionality_Mobile_19-20-37 - WebDriverManager: chromedriver setup OK
19:20:39 [TestNG-test-Test-3] INFO  verifyingGetItByTodayFilterFunctionality_Mobile_19-20-37 - ChromeDriver initialized successfully for thread: 36
19:20:39 [TestNG-test-Test-3] INFO  verifyingGetItByTodayFilterFunctionality_Mobile_19-20-37 - [verifyingGetItByTodayFilterFunctionality_Mobile_19-20-37] Opening amazon Landing page
19:20:40 [TestNG-test-Test-3] INFO  verifyingGetItByTodayFilterFunctionality_Mobile_19-20-37 - [verifyingGetItByTodayFilterFunctionality_Mobile_19-20-37] Within safeFindElement method
19:20:45 [TestNG-test-Test-3] INFO  verifyingGetItByTodayFilterFunctionality_Mobile_19-20-37 - [verifyingGetItByTodayFilterFunctionality_Mobile_19-20-37]Retrying findElement for: ->By.xpath: //a[@id='nav-logo-sprites']
19:20:46 [TestNG-test-Test-3] INFO  verifyingGetItByTodayFilterFunctionality_Mobile_19-20-37 - [verifyingGetItByTodayFilterFunctionality_Mobile_19-20-37]Refrehsing the page , while trying to safely find : ->By.xpath: //a[@id='nav-logo-sprites']
19:20:47 [TestNG-test-Test-3] INFO  verifyingGetItByTodayFilterFunctionality_Mobile_19-20-37 - [verifyingGetItByTodayFilterFunctionality_Mobile_19-20-37]Found the element returning it ,element ->[[ChromeDriver: chrome on windows (d86bd3034a7ae26497d21ffd7e970776)] -> xpath: //a[@id='nav-logo-sprites']]
19:20:48 [TestNG-test-Test-3] INFO  verifyingGetItByTodayFilterFunctionality_Mobile_19-20-37 - [verifyingGetItByTodayFilterFunctionality_Mobile_19-20-37] Giving input within the search bar
19:20:48 [TestNG-test-Test-3] INFO  verifyingGetItByTodayFilterFunctionality_Mobile_19-20-37 - [verifyingGetItByTodayFilterFunctionality_Mobile_19-20-37] Within safeClick method
19:20:52 [TestNG-test-Test-3] INFO  verifyingGetItByTodayFilterFunctionality_Mobile_19-20-37 - [verifyingGetItByTodayFilterFunctionality_Mobile_19-20-37] Clicked the  [[ChromeDriver: chrome on windows (d86bd3034a7ae26497d21ffd7e970776)] -> xpath: //input[@id='nav-search-submit-button']]   using safeClick
19:20:52 [TestNG-test-Test-3] INFO  verifyingGetItByTodayFilterFunctionality_Mobile_19-20-37 - [verifyingGetItByTodayFilterFunctionality_Mobile_19-20-37] Clicking on the submit in the search bar
19:20:53 [TestNG-test-Test-3] INFO  verifyingGetItByTodayFilterFunctionality_Mobile_19-20-37 - [verifyingGetItByTodayFilterFunctionality_Mobile_19-20-37] Waiting until element is visible in viewport
19:20:53 [TestNG-test-Test-3] INFO  verifyingGetItByTodayFilterFunctionality_Mobile_19-20-37 - [verifyingGetItByTodayFilterFunctionality_Mobile_19-20-37] Within validateDeliveryFilterOptionsWithResult method
19:20:53 [TestNG-test-Test-3] INFO  verifyingGetItByTodayFilterFunctionality_Mobile_19-20-37 - [verifyingGetItByTodayFilterFunctionality_Mobile_19-20-37] Within safeClick method
19:20:53 [TestNG-test-Test-3] INFO  verifyingGetItByTodayFilterFunctionality_Mobile_19-20-37 - [verifyingGetItByTodayFilterFunctionality_Mobile_19-20-37] Clicked the  [[ChromeDriver: chrome on windows (d86bd3034a7ae26497d21ffd7e970776)] -> xpath: //span[@class='a-size-base a-color-base puis-bold-weight-text' and text()='Delivery Day']/parent::div/following-sibling::ul//span[@class='a-size-base a-color-base' and text()='Get It Today']]   using safeClick
19:20:53 [TestNG-test-Test-3] INFO  verifyingGetItByTodayFilterFunctionality_Mobile_19-20-37 - [verifyingGetItByTodayFilterFunctionality_Mobile_19-20-37] Within getMoreButtonByFilterTypeAndName method
19:20:53 [TestNG-test-Test-3] INFO  verifyingGetItByTodayFilterFunctionality_Mobile_19-20-37 - [verifyingGetItByTodayFilterFunctionality_Mobile_19-20-37] Clicked on By.xpath: //span[@class='a-size-base a-color-base puis-bold-weight-text' and text()='Delivery Day']/parent::div/following-sibling::ul//span[@class='a-size-base a-color-base' and text()='Get It Today']
19:20:53 [TestNG-test-Test-3] INFO  verifyingGetItByTodayFilterFunctionality_Mobile_19-20-37 - [verifyingGetItByTodayFilterFunctionality_Mobile_19-20-37] Within safeFindElements 
19:20:54 [TestNG-test-Test-3] INFO  verifyingGetItByTodayFilterFunctionality_Mobile_19-20-37 - [verifyingGetItByTodayFilterFunctionality_Mobile_19-20-37] Returning the  [[[ChromeDriver: chrome on windows (d86bd3034a7ae26497d21ffd7e970776)] -> xpath: //div[@class='a-section a-spacing-small a-spacing-top-small']]] from the safeFindElements method
19:20:54 [TestNG-test-Test-3] INFO  verifyingGetItByTodayFilterFunctionality_Mobile_19-20-37 - [verifyingGetItByTodayFilterFunctionality_Mobile_19-20-37] Created hashset with required data to assert with Within validateDeliveryFilterOptions method
19:20:54 [TestNG-test-Test-3] INFO  verifyingGetItByTodayFilterFunctionality_Mobile_19-20-37 - [verifyingGetItByTodayFilterFunctionality_Mobile_19-20-37] this is the set  [11, Aug, Today, Tue, FREE delivery, Mon, Tomorrow, 10]
19:20:54 [TestNG-test-Test-3] INFO  verifyingGetItByTodayFilterFunctionality_Mobile_19-20-37 - [verifyingGetItByTodayFilterFunctionality_Mobile_19-20-37] Within deliveryElements loop iterating over the products  Within validateDeliveryFilterOptions method
19:20:54 [TestNG-test-Test-3] INFO  verifyingGetItByTodayFilterFunctionality_Mobile_19-20-37 - [verifyingGetItByTodayFilterFunctionality_Mobile_19-20-37] Checking if the allowedDateParts have the assert text   Within validateDeliveryFilterOptions method
19:20:54 [TestNG-test-Test-3] INFO  verifyingGetItByTodayFilterFunctionality_Mobile_19-20-37 - [verifyingGetItByTodayFilterFunctionality_Mobile_19-20-37] Returning the list with boolean values   Within validateDeliveryFilterOptions method
19:20:54 [TestNG-test-Test-3] INFO  verifyingGetItByTodayFilterFunctionality_Mobile_19-20-37 - [verifyingGetItByTodayFilterFunctionality_Mobile_19-20-37] Asserting delivery filter: isValid=true, index=-1, text=All the things are valid no errors
