19:35:05 [TestNG-test-Test-3] INFO  verifyingFreeDeliveryFilterFunctionality_Laptop_19-35-05 - No existing WebDriver found for current thread. Initializing a new ChromeDriver...
19:35:06 [TestNG-test-Test-3] INFO  verifyingFreeDeliveryFilterFunctionality_Laptop_19-35-05 - WebDriverManager: chromedriver setup OK
19:35:07 [TestNG-test-Test-3] INFO  verifyingFreeDeliveryFilterFunctionality_Laptop_19-35-05 - ChromeDriver initialized successfully for thread: 36
19:35:09 [TestNG-test-Test-3] INFO  verifyingFreeDeliveryFilterFunctionality_Laptop_19-35-05 - [verifyingFreeDeliveryFilterFunctionality_Laptop_19-35-05] Opening amazon Landing page
19:35:09 [TestNG-test-Test-3] INFO  verifyingFreeDeliveryFilterFunctionality_Laptop_19-35-05 - [verifyingFreeDeliveryFilterFunctionality_Laptop_19-35-05] Within safeFindElement method
19:35:09 [TestNG-test-Test-3] INFO  verifyingFreeDeliveryFilterFunctionality_Laptop_19-35-05 - [verifyingFreeDeliveryFilterFunctionality_Laptop_19-35-05]Found the element returning it ,element ->[[ChromeDriver: chrome on windows (6b1e434093cad31bed87ebb73605c00b)] -> xpath: //a[@id='nav-logo-sprites']]
19:35:11 [TestNG-test-Test-3] INFO  verifyingFreeDeliveryFilterFunctionality_Laptop_19-35-05 - [verifyingFreeDeliveryFilterFunctionality_Laptop_19-35-05] Giving input within the search bar
19:35:11 [TestNG-test-Test-3] INFO  verifyingFreeDeliveryFilterFunctionality_Laptop_19-35-05 - [verifyingFreeDeliveryFilterFunctionality_Laptop_19-35-05] Within safeClick method
19:35:14 [TestNG-test-Test-3] INFO  verifyingFreeDeliveryFilterFunctionality_Laptop_19-35-05 - [verifyingFreeDeliveryFilterFunctionality_Laptop_19-35-05] Clicked the  [[ChromeDriver: chrome on windows (6b1e434093cad31bed87ebb73605c00b)] -> xpath: //input[@id='nav-search-submit-button']]   using safeClick
19:35:14 [TestNG-test-Test-3] INFO  verifyingFreeDeliveryFilterFunctionality_Laptop_19-35-05 - [verifyingFreeDeliveryFilterFunctionality_Laptop_19-35-05] Clicking on the submit in the search bar
19:35:14 [TestNG-test-Test-3] INFO  verifyingFreeDeliveryFilterFunctionality_Laptop_19-35-05 - [verifyingFreeDeliveryFilterFunctionality_Laptop_19-35-05] Waiting until element is visible in viewport
19:35:14 [TestNG-test-Test-3] INFO  verifyingFreeDeliveryFilterFunctionality_Laptop_19-35-05 - [verifyingFreeDeliveryFilterFunctionality_Laptop_19-35-05] Within validateDeliveryFilterOptionsWithResult method
19:35:14 [TestNG-test-Test-3] INFO  verifyingFreeDeliveryFilterFunctionality_Laptop_19-35-05 - [verifyingFreeDeliveryFilterFunctionality_Laptop_19-35-05] Within safeClick method
19:35:14 [TestNG-test-Test-3] INFO  verifyingFreeDeliveryFilterFunctionality_Laptop_19-35-05 - [verifyingFreeDeliveryFilterFunctionality_Laptop_19-35-05] Clicked the  [[ChromeDriver: chrome on windows (6b1e434093cad31bed87ebb73605c00b)] -> xpath: //span[@class='a-size-base a-color-base puis-bold-weight-text' and text()='Eligible for Free Delivery']/parent::div/following-sibling::ul//span[@class='a-size-base a-color-base' and text()='Free Shipping']]   using safeClick
19:35:14 [TestNG-test-Test-3] INFO  verifyingFreeDeliveryFilterFunctionality_Laptop_19-35-05 - [verifyingFreeDeliveryFilterFunctionality_Laptop_19-35-05] Within getMoreButtonByFilterTypeAndName method
19:35:15 [TestNG-test-Test-3] INFO  verifyingFreeDeliveryFilterFunctionality_Laptop_19-35-05 - [verifyingFreeDeliveryFilterFunctionality_Laptop_19-35-05] Clicked on By.xpath: //span[@class='a-size-base a-color-base puis-bold-weight-text' and text()='Eligible for Free Delivery']/parent::div/following-sibling::ul//span[@class='a-size-base a-color-base' and text()='Free Shipping']
19:35:15 [TestNG-test-Test-3] INFO  verifyingFreeDeliveryFilterFunctionality_Laptop_19-35-05 - [verifyingFreeDeliveryFilterFunctionality_Laptop_19-35-05] Within safeFindElements 
19:35:15 [TestNG-test-Test-3] INFO  verifyingFreeDeliveryFilterFunctionality_Laptop_19-35-05 - [verifyingFreeDeliveryFilterFunctionality_Laptop_19-35-05] Returning the  [[[ChromeDriver: chrome on windows (6b1e434093cad31bed87ebb73605c00b)] -> xpath: //div[@class='a-section a-spacing-small a-spacing-top-small']], [[ChromeDriver: chrome on windows (6b1e434093cad31bed87ebb73605c00b)] -> xpath: //div[@class='a-section a-spacing-small a-spacing-top-small']], [[ChromeDriver: chrome on windows (6b1e434093cad31bed87ebb73605c00b)] -> xpath: //div[@class='a-section a-spacing-small a-spacing-top-small']], [[ChromeDriver: chrome on windows (6b1e434093cad31bed87ebb73605c00b)] -> xpath: //div[@class='a-section a-spacing-small a-spacing-top-small']]] from the safeFindElements method
19:35:15 [TestNG-test-Test-3] INFO  verifyingFreeDeliveryFilterFunctionality_Laptop_19-35-05 - [verifyingFreeDeliveryFilterFunctionality_Laptop_19-35-05] Created hashset with required data to assert with Within validateDeliveryFilterOptions method
19:35:15 [TestNG-test-Test-3] INFO  verifyingFreeDeliveryFilterFunctionality_Laptop_19-35-05 - [verifyingFreeDeliveryFilterFunctionality_Laptop_19-35-05] this is the set  [Jun, Today, FREE delivery, 28, 29, Sun, Mon, Tomorrow]
19:35:15 [TestNG-test-Test-3] INFO  verifyingFreeDeliveryFilterFunctionality_Laptop_19-35-05 - [verifyingFreeDeliveryFilterFunctionality_Laptop_19-35-05] Within deliveryElements loop iterating over the products  Within validateDeliveryFilterOptions method
19:35:15 [TestNG-test-Test-3] INFO  verifyingFreeDeliveryFilterFunctionality_Laptop_19-35-05 - [verifyingFreeDeliveryFilterFunctionality_Laptop_19-35-05] Checking if the allowedDateParts have the assert text   Within validateDeliveryFilterOptions method
19:35:15 [TestNG-test-Test-3] INFO  verifyingFreeDeliveryFilterFunctionality_Laptop_19-35-05 - [verifyingFreeDeliveryFilterFunctionality_Laptop_19-35-05] Within deliveryElements loop iterating over the products  Within validateDeliveryFilterOptions method
19:35:15 [TestNG-test-Test-3] INFO  verifyingFreeDeliveryFilterFunctionality_Laptop_19-35-05 - [verifyingFreeDeliveryFilterFunctionality_Laptop_19-35-05] Checking if the allowedDateParts have the assert text   Within validateDeliveryFilterOptions method
19:35:15 [TestNG-test-Test-3] INFO  verifyingFreeDeliveryFilterFunctionality_Laptop_19-35-05 - [verifyingFreeDeliveryFilterFunctionality_Laptop_19-35-05] Within deliveryElements loop iterating over the products  Within validateDeliveryFilterOptions method
19:35:15 [TestNG-test-Test-3] INFO  verifyingFreeDeliveryFilterFunctionality_Laptop_19-35-05 - [verifyingFreeDeliveryFilterFunctionality_Laptop_19-35-05] Checking if the allowedDateParts have the assert text   Within validateDeliveryFilterOptions method
19:35:15 [TestNG-test-Test-3] INFO  verifyingFreeDeliveryFilterFunctionality_Laptop_19-35-05 - [verifyingFreeDeliveryFilterFunctionality_Laptop_19-35-05] Within deliveryElements loop iterating over the products  Within validateDeliveryFilterOptions method
19:35:15 [TestNG-test-Test-3] INFO  verifyingFreeDeliveryFilterFunctionality_Laptop_19-35-05 - [verifyingFreeDeliveryFilterFunctionality_Laptop_19-35-05] Checking if the allowedDateParts have the assert text   Within validateDeliveryFilterOptions method
19:35:15 [TestNG-test-Test-3] INFO  verifyingFreeDeliveryFilterFunctionality_Laptop_19-35-05 - [verifyingFreeDeliveryFilterFunctionality_Laptop_19-35-05] Returning the list with boolean values   Within validateDeliveryFilterOptions method
19:35:15 [TestNG-test-Test-3] INFO  verifyingFreeDeliveryFilterFunctionality_Laptop_19-35-05 - [verifyingFreeDeliveryFilterFunctionality_Laptop_19-35-05] Asserting delivery filter: isValid=true, index=-1, text=All the things are valid no errors
