20:31:32 [TestNG-test-Test-1] INFO  verifyingGetItIn2DaysFilterFunctionality_Tablet_20-31-32 - No existing WebDriver found for current thread. Initializing a new ChromeDriver...
20:31:32 [TestNG-test-Test-1] INFO  verifyingGetItIn2DaysFilterFunctionality_Tablet_20-31-32 - WebDriverManager: chromedriver setup OK
20:31:33 [TestNG-test-Test-1] INFO  verifyingGetItIn2DaysFilterFunctionality_Tablet_20-31-32 - ChromeDriver initialized successfully for thread: 34
20:31:34 [TestNG-test-Test-1] INFO  verifyingGetItIn2DaysFilterFunctionality_Tablet_20-31-32 - [verifyingGetItIn2DaysFilterFunctionality_Tablet_20-31-32] Opening amazon Landing page
20:31:34 [TestNG-test-Test-1] INFO  verifyingGetItIn2DaysFilterFunctionality_Tablet_20-31-32 - [verifyingGetItIn2DaysFilterFunctionality_Tablet_20-31-32] Within safeFindElement method
20:31:37 [TestNG-test-Test-1] INFO  verifyingGetItIn2DaysFilterFunctionality_Tablet_20-31-32 - [verifyingGetItIn2DaysFilterFunctionality_Tablet_20-31-32]Found the element returning it ,element ->[[ChromeDriver: chrome on windows (c428902bd7d7d8cf48d4554178eca623)] -> xpath: //a[@id='nav-logo-sprites']]
20:31:38 [TestNG-test-Test-1] INFO  verifyingGetItIn2DaysFilterFunctionality_Tablet_20-31-32 - [verifyingGetItIn2DaysFilterFunctionality_Tablet_20-31-32] Giving input within the search bar
20:31:38 [TestNG-test-Test-1] INFO  verifyingGetItIn2DaysFilterFunctionality_Tablet_20-31-32 - [verifyingGetItIn2DaysFilterFunctionality_Tablet_20-31-32] Within safeClick method
20:31:41 [TestNG-test-Test-1] INFO  verifyingGetItIn2DaysFilterFunctionality_Tablet_20-31-32 - [verifyingGetItIn2DaysFilterFunctionality_Tablet_20-31-32] Clicked the  [[ChromeDriver: chrome on windows (c428902bd7d7d8cf48d4554178eca623)] -> xpath: //input[@id='nav-search-submit-button']]   using safeClick
20:31:41 [TestNG-test-Test-1] INFO  verifyingGetItIn2DaysFilterFunctionality_Tablet_20-31-32 - [verifyingGetItIn2DaysFilterFunctionality_Tablet_20-31-32] Clicking on the submit in the search bar
20:31:42 [TestNG-test-Test-1] INFO  verifyingGetItIn2DaysFilterFunctionality_Tablet_20-31-32 - [verifyingGetItIn2DaysFilterFunctionality_Tablet_20-31-32] Waiting until element is visible in viewport
20:31:42 [TestNG-test-Test-1] INFO  verifyingGetItIn2DaysFilterFunctionality_Tablet_20-31-32 - [verifyingGetItIn2DaysFilterFunctionality_Tablet_20-31-32] Within validateDeliveryFilterOptionsWithResult method
20:31:42 [TestNG-test-Test-1] INFO  verifyingGetItIn2DaysFilterFunctionality_Tablet_20-31-32 - [verifyingGetItIn2DaysFilterFunctionality_Tablet_20-31-32] Within safeClick method
20:31:42 [TestNG-test-Test-1] INFO  verifyingGetItIn2DaysFilterFunctionality_Tablet_20-31-32 - [verifyingGetItIn2DaysFilterFunctionality_Tablet_20-31-32] Clicked the  [[ChromeDriver: chrome on windows (c428902bd7d7d8cf48d4554178eca623)] -> xpath: //span[@class='a-size-base a-color-base puis-bold-weight-text' and text()='Delivery Day']/parent::div/following-sibling::ul//span[@class='a-size-base a-color-base' and text()='Get It in 2 Days']]   using safeClick
20:31:42 [TestNG-test-Test-1] INFO  verifyingGetItIn2DaysFilterFunctionality_Tablet_20-31-32 - [verifyingGetItIn2DaysFilterFunctionality_Tablet_20-31-32] Within getMoreButtonByFilterTypeAndName method
20:31:42 [TestNG-test-Test-1] INFO  verifyingGetItIn2DaysFilterFunctionality_Tablet_20-31-32 - [verifyingGetItIn2DaysFilterFunctionality_Tablet_20-31-32] Clicked on By.xpath: //span[@class='a-size-base a-color-base puis-bold-weight-text' and text()='Delivery Day']/parent::div/following-sibling::ul//span[@class='a-size-base a-color-base' and text()='Get It in 2 Days']
20:31:42 [TestNG-test-Test-1] INFO  verifyingGetItIn2DaysFilterFunctionality_Tablet_20-31-32 - [verifyingGetItIn2DaysFilterFunctionality_Tablet_20-31-32] Within safeFindElements 
20:31:43 [TestNG-test-Test-1] INFO  verifyingGetItIn2DaysFilterFunctionality_Tablet_20-31-32 - [verifyingGetItIn2DaysFilterFunctionality_Tablet_20-31-32] Returning the  [[[ChromeDriver: chrome on windows (c428902bd7d7d8cf48d4554178eca623)] -> xpath: //div[@class='a-section a-spacing-small a-spacing-top-small']], [[ChromeDriver: chrome on windows (c428902bd7d7d8cf48d4554178eca623)] -> xpath: //div[@class='a-section a-spacing-small a-spacing-top-small']], [[ChromeDriver: chrome on windows (c428902bd7d7d8cf48d4554178eca623)] -> xpath: //div[@class='a-section a-spacing-small a-spacing-top-small']], [[ChromeDriver: chrome on windows (c428902bd7d7d8cf48d4554178eca623)] -> xpath: //div[@class='a-section a-spacing-small a-spacing-top-small']], [[ChromeDriver: chrome on windows (c428902bd7d7d8cf48d4554178eca623)] -> xpath: //div[@class='a-section a-spacing-small a-spacing-top-small']], [[ChromeDriver: chrome on windows (c428902bd7d7d8cf48d4554178eca623)] -> xpath: //div[@class='a-section a-spacing-small a-spacing-top-small']], [[ChromeDriver: chrome on windows (c428902bd7d7d8cf48d4554178eca623)] -> xpath: //div[@class='a-section a-spacing-small a-spacing-top-small']], [[ChromeDriver: chrome on windows (c428902bd7d7d8cf48d4554178eca623)] -> xpath: //div[@class='a-section a-spacing-small a-spacing-top-small']]] from the safeFindElements method
20:31:43 [TestNG-test-Test-1] INFO  verifyingGetItIn2DaysFilterFunctionality_Tablet_20-31-32 - [verifyingGetItIn2DaysFilterFunctionality_Tablet_20-31-32] Created hashset with required data to assert with Within validateDeliveryFilterOptions method
20:31:43 [TestNG-test-Test-1] INFO  verifyingGetItIn2DaysFilterFunctionality_Tablet_20-31-32 - [verifyingGetItIn2DaysFilterFunctionality_Tablet_20-31-32] this is the set  [Thu, Today, FREE delivery, Wed, 09, Tomorrow, Sep, 10]
20:31:43 [TestNG-test-Test-1] INFO  verifyingGetItIn2DaysFilterFunctionality_Tablet_20-31-32 - [verifyingGetItIn2DaysFilterFunctionality_Tablet_20-31-32] Within deliveryElements loop iterating over the products  Within validateDeliveryFilterOptions method
20:31:43 [TestNG-test-Test-1] INFO  verifyingGetItIn2DaysFilterFunctionality_Tablet_20-31-32 - [verifyingGetItIn2DaysFilterFunctionality_Tablet_20-31-32] Checking if the allowedDateParts have the assert text   Within validateDeliveryFilterOptions method
20:31:43 [TestNG-test-Test-1] INFO  verifyingGetItIn2DaysFilterFunctionality_Tablet_20-31-32 - [verifyingGetItIn2DaysFilterFunctionality_Tablet_20-31-32] Within deliveryElements loop iterating over the products  Within validateDeliveryFilterOptions method
20:31:43 [TestNG-test-Test-1] INFO  verifyingGetItIn2DaysFilterFunctionality_Tablet_20-31-32 - [verifyingGetItIn2DaysFilterFunctionality_Tablet_20-31-32] Checking if the allowedDateParts have the assert text   Within validateDeliveryFilterOptions method
20:31:43 [TestNG-test-Test-1] INFO  verifyingGetItIn2DaysFilterFunctionality_Tablet_20-31-32 - [verifyingGetItIn2DaysFilterFunctionality_Tablet_20-31-32] Within deliveryElements loop iterating over the products  Within validateDeliveryFilterOptions method
20:31:44 [TestNG-test-Test-1] INFO  verifyingGetItIn2DaysFilterFunctionality_Tablet_20-31-32 - [verifyingGetItIn2DaysFilterFunctionality_Tablet_20-31-32] Checking if the allowedDateParts have the assert text   Within validateDeliveryFilterOptions method
20:31:44 [TestNG-test-Test-1] INFO  verifyingGetItIn2DaysFilterFunctionality_Tablet_20-31-32 - [verifyingGetItIn2DaysFilterFunctionality_Tablet_20-31-32] Within deliveryElements loop iterating over the products  Within validateDeliveryFilterOptions method
20:31:44 [TestNG-test-Test-1] INFO  verifyingGetItIn2DaysFilterFunctionality_Tablet_20-31-32 - [verifyingGetItIn2DaysFilterFunctionality_Tablet_20-31-32] Checking if the allowedDateParts have the assert text   Within validateDeliveryFilterOptions method
20:31:44 [TestNG-test-Test-1] INFO  verifyingGetItIn2DaysFilterFunctionality_Tablet_20-31-32 - [verifyingGetItIn2DaysFilterFunctionality_Tablet_20-31-32] Within deliveryElements loop iterating over the products  Within validateDeliveryFilterOptions method
20:31:44 [TestNG-test-Test-1] INFO  verifyingGetItIn2DaysFilterFunctionality_Tablet_20-31-32 - [verifyingGetItIn2DaysFilterFunctionality_Tablet_20-31-32] Checking if the allowedDateParts have the assert text   Within validateDeliveryFilterOptions method
20:31:44 [TestNG-test-Test-1] INFO  verifyingGetItIn2DaysFilterFunctionality_Tablet_20-31-32 - [verifyingGetItIn2DaysFilterFunctionality_Tablet_20-31-32] Within deliveryElements loop iterating over the products  Within validateDeliveryFilterOptions method
20:31:44 [TestNG-test-Test-1] INFO  verifyingGetItIn2DaysFilterFunctionality_Tablet_20-31-32 - [verifyingGetItIn2DaysFilterFunctionality_Tablet_20-31-32] Checking if the allowedDateParts have the assert text   Within validateDeliveryFilterOptions method
20:31:44 [TestNG-test-Test-1] INFO  verifyingGetItIn2DaysFilterFunctionality_Tablet_20-31-32 - [verifyingGetItIn2DaysFilterFunctionality_Tablet_20-31-32] Within deliveryElements loop iterating over the products  Within validateDeliveryFilterOptions method
20:31:44 [TestNG-test-Test-1] INFO  verifyingGetItIn2DaysFilterFunctionality_Tablet_20-31-32 - [verifyingGetItIn2DaysFilterFunctionality_Tablet_20-31-32] Checking if the allowedDateParts have the assert text   Within validateDeliveryFilterOptions method
20:31:44 [TestNG-test-Test-1] INFO  verifyingGetItIn2DaysFilterFunctionality_Tablet_20-31-32 - [verifyingGetItIn2DaysFilterFunctionality_Tablet_20-31-32] Within deliveryElements loop iterating over the products  Within validateDeliveryFilterOptions method
20:31:44 [TestNG-test-Test-1] INFO  verifyingGetItIn2DaysFilterFunctionality_Tablet_20-31-32 - [verifyingGetItIn2DaysFilterFunctionality_Tablet_20-31-32] Checking if the allowedDateParts have the assert text   Within validateDeliveryFilterOptions method
20:31:44 [TestNG-test-Test-1] INFO  verifyingGetItIn2DaysFilterFunctionality_Tablet_20-31-32 - [verifyingGetItIn2DaysFilterFunctionality_Tablet_20-31-32] Returning the list with boolean values   Within validateDeliveryFilterOptions method
20:31:44 [TestNG-test-Test-1] INFO  verifyingGetItIn2DaysFilterFunctionality_Tablet_20-31-32 - [verifyingGetItIn2DaysFilterFunctionality_Tablet_20-31-32] Asserting delivery filter: isValid=true, index=-1, text=All the things are valid no errors
