21:04:42 [TestNG-test-Test-3] INFO  verifyingFreeDeliveryFilterFunctionality_Mobile_21-04-42 - No existing WebDriver found for current thread. Initializing a new ChromeDriver...
21:04:42 [TestNG-test-Test-3] INFO  verifyingFreeDeliveryFilterFunctionality_Mobile_21-04-42 - WebDriverManager: chromedriver setup OK
21:04:45 [TestNG-test-Test-3] INFO  verifyingFreeDeliveryFilterFunctionality_Mobile_21-04-42 - ChromeDriver initialized successfully for thread: 36
21:04:51 [TestNG-test-Test-3] INFO  verifyingFreeDeliveryFilterFunctionality_Mobile_21-04-42 - [verifyingFreeDeliveryFilterFunctionality_Mobile_21-04-42] Opening amazon Landing page
21:04:51 [TestNG-test-Test-3] INFO  verifyingFreeDeliveryFilterFunctionality_Mobile_21-04-42 - [verifyingFreeDeliveryFilterFunctionality_Mobile_21-04-42] Within safeFindElement method
21:04:51 [TestNG-test-Test-3] INFO  verifyingFreeDeliveryFilterFunctionality_Mobile_21-04-42 - [verifyingFreeDeliveryFilterFunctionality_Mobile_21-04-42]Found the element returning it ,element ->[[ChromeDriver: chrome on windows (fc74e839befc1f4d2ba971de1c656982)] -> xpath: //a[@id='nav-logo-sprites']]
21:04:52 [TestNG-test-Test-3] INFO  verifyingFreeDeliveryFilterFunctionality_Mobile_21-04-42 - [verifyingFreeDeliveryFilterFunctionality_Mobile_21-04-42] Giving input within the search bar
21:04:52 [TestNG-test-Test-3] INFO  verifyingFreeDeliveryFilterFunctionality_Mobile_21-04-42 - [verifyingFreeDeliveryFilterFunctionality_Mobile_21-04-42] Within safeClick method
21:05:00 [TestNG-test-Test-3] INFO  verifyingFreeDeliveryFilterFunctionality_Mobile_21-04-42 - [verifyingFreeDeliveryFilterFunctionality_Mobile_21-04-42] Clicked the  [[ChromeDriver: chrome on windows (fc74e839befc1f4d2ba971de1c656982)] -> xpath: //input[@id='nav-search-submit-button']]   using safeClick
21:05:00 [TestNG-test-Test-3] INFO  verifyingFreeDeliveryFilterFunctionality_Mobile_21-04-42 - [verifyingFreeDeliveryFilterFunctionality_Mobile_21-04-42] Clicking on the submit in the search bar
21:05:00 [TestNG-test-Test-3] INFO  verifyingFreeDeliveryFilterFunctionality_Mobile_21-04-42 - [verifyingFreeDeliveryFilterFunctionality_Mobile_21-04-42] Waiting until element is visible in viewport
21:05:00 [TestNG-test-Test-3] INFO  verifyingFreeDeliveryFilterFunctionality_Mobile_21-04-42 - [verifyingFreeDeliveryFilterFunctionality_Mobile_21-04-42] Within validateDeliveryFilterOptionsWithResult method
21:05:00 [TestNG-test-Test-3] INFO  verifyingFreeDeliveryFilterFunctionality_Mobile_21-04-42 - [verifyingFreeDeliveryFilterFunctionality_Mobile_21-04-42] Within safeClick method
21:05:00 [TestNG-test-Test-3] INFO  verifyingFreeDeliveryFilterFunctionality_Mobile_21-04-42 - [verifyingFreeDeliveryFilterFunctionality_Mobile_21-04-42] Clicked the  [[ChromeDriver: chrome on windows (fc74e839befc1f4d2ba971de1c656982)] -> xpath: //span[@class='a-size-base a-color-base puis-bold-weight-text' and text()='Eligible for Free Delivery']/parent::div/following-sibling::ul//span[@class='a-size-base a-color-base' and text()='Free Shipping']]   using safeClick
21:05:00 [TestNG-test-Test-3] INFO  verifyingFreeDeliveryFilterFunctionality_Mobile_21-04-42 - [verifyingFreeDeliveryFilterFunctionality_Mobile_21-04-42] Within getMoreButtonByFilterTypeAndName method
21:05:01 [TestNG-test-Test-3] INFO  verifyingFreeDeliveryFilterFunctionality_Mobile_21-04-42 - [verifyingFreeDeliveryFilterFunctionality_Mobile_21-04-42] Clicked on By.xpath: //span[@class='a-size-base a-color-base puis-bold-weight-text' and text()='Eligible for Free Delivery']/parent::div/following-sibling::ul//span[@class='a-size-base a-color-base' and text()='Free Shipping']
21:05:01 [TestNG-test-Test-3] INFO  verifyingFreeDeliveryFilterFunctionality_Mobile_21-04-42 - [verifyingFreeDeliveryFilterFunctionality_Mobile_21-04-42] Within safeFindElements 
21:05:01 [TestNG-test-Test-3] INFO  verifyingFreeDeliveryFilterFunctionality_Mobile_21-04-42 - [verifyingFreeDeliveryFilterFunctionality_Mobile_21-04-42] Returning the  [[[ChromeDriver: chrome on windows (fc74e839befc1f4d2ba971de1c656982)] -> xpath: //div[@class='a-section a-spacing-small a-spacing-top-small']], [[ChromeDriver: chrome on windows (fc74e839befc1f4d2ba971de1c656982)] -> xpath: //div[@class='a-section a-spacing-small a-spacing-top-small']], [[ChromeDriver: chrome on windows (fc74e839befc1f4d2ba971de1c656982)] -> xpath: //div[@class='a-section a-spacing-small a-spacing-top-small']]] from the safeFindElements method
21:05:01 [TestNG-test-Test-3] INFO  verifyingFreeDeliveryFilterFunctionality_Mobile_21-04-42 - [verifyingFreeDeliveryFilterFunctionality_Mobile_21-04-42] Created hashset with required data to assert with Within validateDeliveryFilterOptionsWithResult method
21:05:01 [TestNG-test-Test-3] INFO  verifyingFreeDeliveryFilterFunctionality_Mobile_21-04-42 - [verifyingFreeDeliveryFilterFunctionality_Mobile_21-04-42] this is the set  [Today, 25, 26, FREE delivery, Sat, Fri, Tomorrow, Sep]
21:05:01 [TestNG-test-Test-3] INFO  verifyingFreeDeliveryFilterFunctionality_Mobile_21-04-42 - [verifyingFreeDeliveryFilterFunctionality_Mobile_21-04-42] Within deliveryElements loop iterating over the products  Within validateDeliveryFilterOptionsWithResult method
21:05:01 [TestNG-test-Test-3] INFO  verifyingFreeDeliveryFilterFunctionality_Mobile_21-04-42 - [verifyingFreeDeliveryFilterFunctionality_Mobile_21-04-42] Checking if the allowedDateParts have the assert text — index 0, text: Samsung Galaxy M07 Mobile (Black, 4GB RAM, 64GB Storage) | MediaTek Helio G99 | AnTuTu 624K | IP54| 50MP Camera | 7.6mm Slim | 5000mAh Battery | 25W Fast Charging | 6 Gen OS Upgrades | Without Charger
4.2
(2.5K)
5K+ bought in past month
₹11,999
Up to 5% back with Amazon Pay ICICI card
FREE delivery Mon, 28 Sept
Or fastest delivery Today 4 pm - 8 pm
Add to cart
21:05:01 [TestNG-test-Test-3] INFO  verifyingFreeDeliveryFilterFunctionality_Mobile_21-04-42 - [verifyingFreeDeliveryFilterFunctionality_Mobile_21-04-42] Within deliveryElements loop iterating over the products  Within validateDeliveryFilterOptionsWithResult method
21:05:01 [TestNG-test-Test-3] INFO  verifyingFreeDeliveryFilterFunctionality_Mobile_21-04-42 - [verifyingFreeDeliveryFilterFunctionality_Mobile_21-04-42] Checking if the allowedDateParts have the assert text — index 1, text: iQOO Z10 Lite 5G (Titanium Blue 2026, 4GB RAM, 64GB Storage) | Dimensity 6300 5G Processor | 50MP Sony AI Camera | 6000 mAh Battery | IP64 Rated & Military Grade Shock-Resistance*
4.1
(432)
1K+ bought in past month
Sale Price Live
₹16,997
M.R.P:
₹27,999 (39% off)
FREE delivery Mon, 28 Sept
Or fastest delivery Today 4 pm - 8 pm
Add to cart
21:05:01 [TestNG-test-Test-3] INFO  verifyingFreeDeliveryFilterFunctionality_Mobile_21-04-42 - [verifyingFreeDeliveryFilterFunctionality_Mobile_21-04-42] Within deliveryElements loop iterating over the products  Within validateDeliveryFilterOptionsWithResult method
21:05:02 [TestNG-test-Test-3] INFO  verifyingFreeDeliveryFilterFunctionality_Mobile_21-04-42 - [verifyingFreeDeliveryFilterFunctionality_Mobile_21-04-42] Checking if the allowedDateParts have the assert text — index 2, text: Redmi 15C 5G Prime Edition Dusk Purple 6GB + 128GB | Massive 6000mAh Battery | Segment's Largest 17.53cm Display Up to 120Hz | MediaTek Dimensity 6300 | 33W Fast Charging | 50MP AI Dual Camera
4.1
(587)
1K+ bought in past month
Sale Price Live
₹19,499
M.R.P:
₹31,999 (39% off)
Up to 5% back with Amazon Pay ICICI card
FREE delivery Mon, 28 Sept
Or fastest delivery Today 4 pm - 8 pm
Add to cart
21:05:02 [TestNG-test-Test-3] INFO  verifyingFreeDeliveryFilterFunctionality_Mobile_21-04-42 - [verifyingFreeDeliveryFilterFunctionality_Mobile_21-04-42] Returning the list with boolean values   Within validateDeliveryFilterOptionsWithResult method
21:05:02 [TestNG-test-Test-3] INFO  verifyingFreeDeliveryFilterFunctionality_Mobile_21-04-42 - [verifyingFreeDeliveryFilterFunctionality_Mobile_21-04-42] Asserting delivery filter: isValid=true, index=-1, text=All the things are valid no errors
