19:33:51 [TestNG-test-Test-3] INFO  verifyingFreeDeliveryFilterFunctionality_Tablet_19-33-51 - No existing WebDriver found for current thread. Initializing a new ChromeDriver...
19:33:51 [TestNG-test-Test-3] INFO  verifyingFreeDeliveryFilterFunctionality_Tablet_19-33-51 - WebDriverManager: chromedriver setup OK
19:33:52 [TestNG-test-Test-3] INFO  verifyingFreeDeliveryFilterFunctionality_Tablet_19-33-51 - ChromeDriver initialized successfully for thread: 36
19:33:54 [TestNG-test-Test-3] INFO  verifyingFreeDeliveryFilterFunctionality_Tablet_19-33-51 - [verifyingFreeDeliveryFilterFunctionality_Tablet_19-33-51] Opening amazon Landing page
19:33:54 [TestNG-test-Test-3] INFO  verifyingFreeDeliveryFilterFunctionality_Tablet_19-33-51 - [verifyingFreeDeliveryFilterFunctionality_Tablet_19-33-51] Within safeFindElement method
19:33:54 [TestNG-test-Test-3] INFO  verifyingFreeDeliveryFilterFunctionality_Tablet_19-33-51 - [verifyingFreeDeliveryFilterFunctionality_Tablet_19-33-51]Found the element returning it ,element ->[[ChromeDriver: chrome on windows (ff97d7453a46f62a0689a300c9c81815)] -> xpath: //a[@id='nav-logo-sprites']]
19:33:54 [TestNG-test-Test-3] INFO  verifyingFreeDeliveryFilterFunctionality_Tablet_19-33-51 - [verifyingFreeDeliveryFilterFunctionality_Tablet_19-33-51] Giving input within the search bar
19:33:54 [TestNG-test-Test-3] INFO  verifyingFreeDeliveryFilterFunctionality_Tablet_19-33-51 - [verifyingFreeDeliveryFilterFunctionality_Tablet_19-33-51] Within safeClick method
19:33:57 [TestNG-test-Test-3] INFO  verifyingFreeDeliveryFilterFunctionality_Tablet_19-33-51 - [verifyingFreeDeliveryFilterFunctionality_Tablet_19-33-51] Clicked the  [[ChromeDriver: chrome on windows (ff97d7453a46f62a0689a300c9c81815)] -> xpath: //input[@id='nav-search-submit-button']]   using safeClick
19:33:57 [TestNG-test-Test-3] INFO  verifyingFreeDeliveryFilterFunctionality_Tablet_19-33-51 - [verifyingFreeDeliveryFilterFunctionality_Tablet_19-33-51] Clicking on the submit in the search bar
19:33:57 [TestNG-test-Test-3] INFO  verifyingFreeDeliveryFilterFunctionality_Tablet_19-33-51 - [verifyingFreeDeliveryFilterFunctionality_Tablet_19-33-51] Waiting until element is visible in viewport
19:33:58 [TestNG-test-Test-3] INFO  verifyingFreeDeliveryFilterFunctionality_Tablet_19-33-51 - [verifyingFreeDeliveryFilterFunctionality_Tablet_19-33-51] Within validateDeliveryFilterOptionsWithResult method
19:33:58 [TestNG-test-Test-3] INFO  verifyingFreeDeliveryFilterFunctionality_Tablet_19-33-51 - [verifyingFreeDeliveryFilterFunctionality_Tablet_19-33-51] Within safeClick method
19:33:58 [TestNG-test-Test-3] INFO  verifyingFreeDeliveryFilterFunctionality_Tablet_19-33-51 - [verifyingFreeDeliveryFilterFunctionality_Tablet_19-33-51] Clicked the  [[ChromeDriver: chrome on windows (ff97d7453a46f62a0689a300c9c81815)] -> xpath: //span[@class='a-size-base a-color-base puis-bold-weight-text' and text()='Eligible for Free Delivery']/parent::div/following-sibling::ul//span[@class='a-size-base a-color-base' and text()='Free Shipping']]   using safeClick
19:33:58 [TestNG-test-Test-3] INFO  verifyingFreeDeliveryFilterFunctionality_Tablet_19-33-51 - [verifyingFreeDeliveryFilterFunctionality_Tablet_19-33-51] Within getMoreButtonByFilterTypeAndName method
19:33:58 [TestNG-test-Test-3] INFO  verifyingFreeDeliveryFilterFunctionality_Tablet_19-33-51 - [verifyingFreeDeliveryFilterFunctionality_Tablet_19-33-51] Clicked on By.xpath: //span[@class='a-size-base a-color-base puis-bold-weight-text' and text()='Eligible for Free Delivery']/parent::div/following-sibling::ul//span[@class='a-size-base a-color-base' and text()='Free Shipping']
19:33:58 [TestNG-test-Test-3] INFO  verifyingFreeDeliveryFilterFunctionality_Tablet_19-33-51 - [verifyingFreeDeliveryFilterFunctionality_Tablet_19-33-51] Within safeFindElements 
19:34:00 [TestNG-test-Test-3] INFO  verifyingFreeDeliveryFilterFunctionality_Tablet_19-33-51 - [verifyingFreeDeliveryFilterFunctionality_Tablet_19-33-51] Returning the  [[[ChromeDriver: chrome on windows (ff97d7453a46f62a0689a300c9c81815)] -> xpath: //div[@class='a-section a-spacing-small a-spacing-top-small']], [[ChromeDriver: chrome on windows (ff97d7453a46f62a0689a300c9c81815)] -> xpath: //div[@class='a-section a-spacing-small a-spacing-top-small']], [[ChromeDriver: chrome on windows (ff97d7453a46f62a0689a300c9c81815)] -> xpath: //div[@class='a-section a-spacing-small a-spacing-top-small']], [[ChromeDriver: chrome on windows (ff97d7453a46f62a0689a300c9c81815)] -> xpath: //div[@class='a-section a-spacing-small a-spacing-top-small']], [[ChromeDriver: chrome on windows (ff97d7453a46f62a0689a300c9c81815)] -> xpath: //div[@class='a-section a-spacing-small a-spacing-top-small']], [[ChromeDriver: chrome on windows (ff97d7453a46f62a0689a300c9c81815)] -> xpath: //div[@class='a-section a-spacing-small a-spacing-top-small']], [[ChromeDriver: chrome on windows (ff97d7453a46f62a0689a300c9c81815)] -> xpath: //div[@class='a-section a-spacing-small a-spacing-top-small']], [[ChromeDriver: chrome on windows (ff97d7453a46f62a0689a300c9c81815)] -> xpath: //div[@class='a-section a-spacing-small a-spacing-top-small']], [[ChromeDriver: chrome on windows (ff97d7453a46f62a0689a300c9c81815)] -> xpath: //div[@class='a-section a-spacing-small a-spacing-top-small']], [[ChromeDriver: chrome on windows (ff97d7453a46f62a0689a300c9c81815)] -> xpath: //div[@class='a-section a-spacing-small a-spacing-top-small']], [[ChromeDriver: chrome on windows (ff97d7453a46f62a0689a300c9c81815)] -> xpath: //div[@class='a-section a-spacing-small a-spacing-top-small']], [[ChromeDriver: chrome on windows (ff97d7453a46f62a0689a300c9c81815)] -> xpath: //div[@class='a-section a-spacing-small a-spacing-top-small']], [[ChromeDriver: chrome on windows (ff97d7453a46f62a0689a300c9c81815)] -> xpath: //div[@class='a-section a-spacing-small a-spacing-top-small']], [[ChromeDriver: chrome on windows (ff97d7453a46f62a0689a300c9c81815)] -> xpath: //div[@class='a-section a-spacing-small a-spacing-top-small']], [[ChromeDriver: chrome on windows (ff97d7453a46f62a0689a300c9c81815)] -> xpath: //div[@class='a-section a-spacing-small a-spacing-top-small']], [[ChromeDriver: chrome on windows (ff97d7453a46f62a0689a300c9c81815)] -> xpath: //div[@class='a-section a-spacing-small a-spacing-top-small']]] from the safeFindElements method
19:34:00 [TestNG-test-Test-3] INFO  verifyingFreeDeliveryFilterFunctionality_Tablet_19-33-51 - [verifyingFreeDeliveryFilterFunctionality_Tablet_19-33-51] Created hashset with required data to assert with Within validateDeliveryFilterOptions method
19:34:00 [TestNG-test-Test-3] INFO  verifyingFreeDeliveryFilterFunctionality_Tablet_19-33-51 - [verifyingFreeDeliveryFilterFunctionality_Tablet_19-33-51] this is the set  [Jul, Today, 03, 04, FREE delivery, Sat, Fri, Tomorrow]
19:34:00 [TestNG-test-Test-3] INFO  verifyingFreeDeliveryFilterFunctionality_Tablet_19-33-51 - [verifyingFreeDeliveryFilterFunctionality_Tablet_19-33-51] Within deliveryElements loop iterating over the products  Within validateDeliveryFilterOptions method
19:34:00 [TestNG-test-Test-3] INFO  verifyingFreeDeliveryFilterFunctionality_Tablet_19-33-51 - [verifyingFreeDeliveryFilterFunctionality_Tablet_19-33-51] Assert text not found wihtin AllowedDateParts
19:34:00 [TestNG-test-Test-3] INFO  verifyingFreeDeliveryFilterFunctionality_Tablet_19-33-51 - [verifyingFreeDeliveryFilterFunctionality_Tablet_19-33-51] Asserting delivery filter: isValid=false, index=0, text=OnePlus Pad Lite with Biggest Battery in Segment 9340 mAh, 11"(27.94 cm) Display with 500 nits Brightness & 11 Hrs of Video Playback, 6GB RAM 128GB Storage, WiFi, Aero Blue
4.4
(824)
1K+ bought in past month
Prime Day Deal
₹17,499
M.R.P.:
₹19,999 (13% off)
Up to 5% back with Amazon Pay ICI...
See options
