21:35:55 [TestNG-test-Test-3] INFO  verifyingGetItIn2DaysFilterFunctionality_Mobile_21-35-55 - No existing WebDriver found for current thread. Initializing a new ChromeDriver...
21:35:55 [TestNG-test-Test-3] INFO  verifyingGetItIn2DaysFilterFunctionality_Mobile_21-35-55 - WebDriverManager: chromedriver setup OK
21:35:57 [TestNG-test-Test-3] INFO  verifyingGetItIn2DaysFilterFunctionality_Mobile_21-35-55 - ChromeDriver initialized successfully for thread: 36
21:35:59 [TestNG-test-Test-3] INFO  verifyingGetItIn2DaysFilterFunctionality_Mobile_21-35-55 - [verifyingGetItIn2DaysFilterFunctionality_Mobile_21-35-55] Opening amazon Landing page
21:35:59 [TestNG-test-Test-3] INFO  verifyingGetItIn2DaysFilterFunctionality_Mobile_21-35-55 - [verifyingGetItIn2DaysFilterFunctionality_Mobile_21-35-55] Within safeFindElement method
21:35:59 [TestNG-test-Test-3] INFO  verifyingGetItIn2DaysFilterFunctionality_Mobile_21-35-55 - [verifyingGetItIn2DaysFilterFunctionality_Mobile_21-35-55]Found the element returning it ,element ->[[ChromeDriver: chrome on windows (7fe18eb7450f873d1f01288822061f20)] -> xpath: //a[@id='nav-logo-sprites']]
21:36:00 [TestNG-test-Test-3] INFO  verifyingGetItIn2DaysFilterFunctionality_Mobile_21-35-55 - [verifyingGetItIn2DaysFilterFunctionality_Mobile_21-35-55] Giving input within the search bar
21:36:00 [TestNG-test-Test-3] INFO  verifyingGetItIn2DaysFilterFunctionality_Mobile_21-35-55 - [verifyingGetItIn2DaysFilterFunctionality_Mobile_21-35-55] Within safeClick method
21:36:03 [TestNG-test-Test-3] INFO  verifyingGetItIn2DaysFilterFunctionality_Mobile_21-35-55 - [verifyingGetItIn2DaysFilterFunctionality_Mobile_21-35-55] Clicked the  [[ChromeDriver: chrome on windows (7fe18eb7450f873d1f01288822061f20)] -> xpath: //input[@id='nav-search-submit-button']]   using safeClick
21:36:03 [TestNG-test-Test-3] INFO  verifyingGetItIn2DaysFilterFunctionality_Mobile_21-35-55 - [verifyingGetItIn2DaysFilterFunctionality_Mobile_21-35-55] Clicking on the submit in the search bar
21:36:03 [TestNG-test-Test-3] INFO  verifyingGetItIn2DaysFilterFunctionality_Mobile_21-35-55 - [verifyingGetItIn2DaysFilterFunctionality_Mobile_21-35-55] Waiting until element is visible in viewport
21:36:03 [TestNG-test-Test-3] INFO  verifyingGetItIn2DaysFilterFunctionality_Mobile_21-35-55 - [verifyingGetItIn2DaysFilterFunctionality_Mobile_21-35-55] Within validateDeliveryFilterOptionsWithResult method
21:36:03 [TestNG-test-Test-3] INFO  verifyingGetItIn2DaysFilterFunctionality_Mobile_21-35-55 - [verifyingGetItIn2DaysFilterFunctionality_Mobile_21-35-55] Within safeClick method
21:36:03 [TestNG-test-Test-3] INFO  verifyingGetItIn2DaysFilterFunctionality_Mobile_21-35-55 - [verifyingGetItIn2DaysFilterFunctionality_Mobile_21-35-55] Clicked the  [[ChromeDriver: chrome on windows (7fe18eb7450f873d1f01288822061f20)] -> xpath: //span[@class='a-size-base a-color-base puis-bold-weight-text' and text()='Delivery Day']/parent::div/following-sibling::ul//span[@class='a-size-base a-color-base' and text()='Get It in 2 Days']]   using safeClick
21:36:03 [TestNG-test-Test-3] INFO  verifyingGetItIn2DaysFilterFunctionality_Mobile_21-35-55 - [verifyingGetItIn2DaysFilterFunctionality_Mobile_21-35-55] Within getMoreButtonByFilterTypeAndName method
21:36:03 [TestNG-test-Test-3] INFO  verifyingGetItIn2DaysFilterFunctionality_Mobile_21-35-55 - [verifyingGetItIn2DaysFilterFunctionality_Mobile_21-35-55] Clicked on By.xpath: //span[@class='a-size-base a-color-base puis-bold-weight-text' and text()='Delivery Day']/parent::div/following-sibling::ul//span[@class='a-size-base a-color-base' and text()='Get It in 2 Days']
21:36:03 [TestNG-test-Test-3] INFO  verifyingGetItIn2DaysFilterFunctionality_Mobile_21-35-55 - [verifyingGetItIn2DaysFilterFunctionality_Mobile_21-35-55] Within safeFindElements 
21:36:04 [TestNG-test-Test-3] INFO  verifyingGetItIn2DaysFilterFunctionality_Mobile_21-35-55 - [verifyingGetItIn2DaysFilterFunctionality_Mobile_21-35-55] Returning the  [[[ChromeDriver: chrome on windows (7fe18eb7450f873d1f01288822061f20)] -> xpath: //div[@class='a-section a-spacing-small a-spacing-top-small']]] from the safeFindElements method
21:36:04 [TestNG-test-Test-3] INFO  verifyingGetItIn2DaysFilterFunctionality_Mobile_21-35-55 - [verifyingGetItIn2DaysFilterFunctionality_Mobile_21-35-55] Created hashset with required data to assert with Within validateDeliveryFilterOptionsWithResult method
21:36:04 [TestNG-test-Test-3] INFO  verifyingGetItIn2DaysFilterFunctionality_Mobile_21-35-55 - [verifyingGetItIn2DaysFilterFunctionality_Mobile_21-35-55] this is the set  [22, Today, Tue, FREE delivery, Mon, Tomorrow, 21, Sep]
21:36:04 [TestNG-test-Test-3] INFO  verifyingGetItIn2DaysFilterFunctionality_Mobile_21-35-55 - [verifyingGetItIn2DaysFilterFunctionality_Mobile_21-35-55] Within deliveryElements loop iterating over the products  Within validateDeliveryFilterOptionsWithResult method
21:36:04 [TestNG-test-Test-3] INFO  verifyingGetItIn2DaysFilterFunctionality_Mobile_21-35-55 - [verifyingGetItIn2DaysFilterFunctionality_Mobile_21-35-55] Checking if the allowedDateParts have the assert text — index 0, text: Samsung Galaxy M07 Mobile (Black, 4GB RAM, 64GB Storage) | MediaTek Helio G99 | AnTuTu 624K | IP54| 50MP Camera | 7.6mm Slim | 5000mAh Battery | 25W Fast Charging | 6 Gen OS Upgrades | Without Charger
4.1
(2.4K)
5K+ bought in past month
₹11,999
Up to 5% back with Amazon Pay ICICI card
FREE delivery Thu, 24 Sept
Or fastest delivery Today 4 pm - 8 pm
Add to cart
21:36:04 [TestNG-test-Test-3] INFO  verifyingGetItIn2DaysFilterFunctionality_Mobile_21-35-55 - [verifyingGetItIn2DaysFilterFunctionality_Mobile_21-35-55] Returning the list with boolean values   Within validateDeliveryFilterOptionsWithResult method
21:36:04 [TestNG-test-Test-3] INFO  verifyingGetItIn2DaysFilterFunctionality_Mobile_21-35-55 - [verifyingGetItIn2DaysFilterFunctionality_Mobile_21-35-55] Asserting delivery filter: isValid=true, index=-1, text=All the things are valid no errors
