21:25:51 [TestNG-test-Test-3] INFO  verifyingGetItIn2DaysFilterFunctionality_Mobile_21-25-51 - No existing WebDriver found for current thread. Initializing a new ChromeDriver...
21:25:51 [TestNG-test-Test-3] INFO  verifyingGetItIn2DaysFilterFunctionality_Mobile_21-25-51 - WebDriverManager: chromedriver setup OK
21:25:53 [TestNG-test-Test-3] INFO  verifyingGetItIn2DaysFilterFunctionality_Mobile_21-25-51 - ChromeDriver initialized successfully for thread: 36
21:25:54 [TestNG-test-Test-3] INFO  verifyingGetItIn2DaysFilterFunctionality_Mobile_21-25-51 - [verifyingGetItIn2DaysFilterFunctionality_Mobile_21-25-51] Opening amazon Landing page
21:25:54 [TestNG-test-Test-3] INFO  verifyingGetItIn2DaysFilterFunctionality_Mobile_21-25-51 - [verifyingGetItIn2DaysFilterFunctionality_Mobile_21-25-51] Within safeFindElement method
21:25:55 [TestNG-test-Test-3] INFO  verifyingGetItIn2DaysFilterFunctionality_Mobile_21-25-51 - [verifyingGetItIn2DaysFilterFunctionality_Mobile_21-25-51]Found the element returning it ,element ->[[ChromeDriver: chrome on windows (f1391bef894c1df496ff04b6c2b4161e)] -> xpath: //a[@id='nav-logo-sprites']]
21:25:55 [TestNG-test-Test-3] INFO  verifyingGetItIn2DaysFilterFunctionality_Mobile_21-25-51 - [verifyingGetItIn2DaysFilterFunctionality_Mobile_21-25-51] Giving input within the search bar
21:25:55 [TestNG-test-Test-3] INFO  verifyingGetItIn2DaysFilterFunctionality_Mobile_21-25-51 - [verifyingGetItIn2DaysFilterFunctionality_Mobile_21-25-51] Within safeClick method
21:25:57 [TestNG-test-Test-3] INFO  verifyingGetItIn2DaysFilterFunctionality_Mobile_21-25-51 - [verifyingGetItIn2DaysFilterFunctionality_Mobile_21-25-51] Clicked the  [[ChromeDriver: chrome on windows (f1391bef894c1df496ff04b6c2b4161e)] -> xpath: //input[@id='nav-search-submit-button']]   using safeClick
21:25:57 [TestNG-test-Test-3] INFO  verifyingGetItIn2DaysFilterFunctionality_Mobile_21-25-51 - [verifyingGetItIn2DaysFilterFunctionality_Mobile_21-25-51] Clicking on the submit in the search bar
21:25:58 [TestNG-test-Test-3] INFO  verifyingGetItIn2DaysFilterFunctionality_Mobile_21-25-51 - [verifyingGetItIn2DaysFilterFunctionality_Mobile_21-25-51] Waiting until element is visible in viewport
21:25:58 [TestNG-test-Test-3] INFO  verifyingGetItIn2DaysFilterFunctionality_Mobile_21-25-51 - [verifyingGetItIn2DaysFilterFunctionality_Mobile_21-25-51] Within validateDeliveryFilterOptionsWithResult method
21:25:58 [TestNG-test-Test-3] INFO  verifyingGetItIn2DaysFilterFunctionality_Mobile_21-25-51 - [verifyingGetItIn2DaysFilterFunctionality_Mobile_21-25-51] Within safeClick method
21:25:58 [TestNG-test-Test-3] INFO  verifyingGetItIn2DaysFilterFunctionality_Mobile_21-25-51 - [verifyingGetItIn2DaysFilterFunctionality_Mobile_21-25-51] Clicked the  [[ChromeDriver: chrome on windows (f1391bef894c1df496ff04b6c2b4161e)] -> xpath: //span[@class='a-size-base a-color-base puis-bold-weight-text' and text()='Delivery Day']/parent::div/following-sibling::ul//span[@class='a-size-base a-color-base' and text()='Get It in 2 Days']]   using safeClick
21:25:58 [TestNG-test-Test-3] INFO  verifyingGetItIn2DaysFilterFunctionality_Mobile_21-25-51 - [verifyingGetItIn2DaysFilterFunctionality_Mobile_21-25-51] Within getMoreButtonByFilterTypeAndName method
21:25:58 [TestNG-test-Test-3] INFO  verifyingGetItIn2DaysFilterFunctionality_Mobile_21-25-51 - [verifyingGetItIn2DaysFilterFunctionality_Mobile_21-25-51] Clicked on By.xpath: //span[@class='a-size-base a-color-base puis-bold-weight-text' and text()='Delivery Day']/parent::div/following-sibling::ul//span[@class='a-size-base a-color-base' and text()='Get It in 2 Days']
21:25:58 [TestNG-test-Test-3] INFO  verifyingGetItIn2DaysFilterFunctionality_Mobile_21-25-51 - [verifyingGetItIn2DaysFilterFunctionality_Mobile_21-25-51] Within safeFindElements 
21:25:59 [TestNG-test-Test-3] INFO  verifyingGetItIn2DaysFilterFunctionality_Mobile_21-25-51 - [verifyingGetItIn2DaysFilterFunctionality_Mobile_21-25-51] Returning the  [[[ChromeDriver: chrome on windows (f1391bef894c1df496ff04b6c2b4161e)] -> xpath: //div[@class='a-section a-spacing-small a-spacing-top-small']], [[ChromeDriver: chrome on windows (f1391bef894c1df496ff04b6c2b4161e)] -> xpath: //div[@class='a-section a-spacing-small a-spacing-top-small']], [[ChromeDriver: chrome on windows (f1391bef894c1df496ff04b6c2b4161e)] -> xpath: //div[@class='a-section a-spacing-small a-spacing-top-small']], [[ChromeDriver: chrome on windows (f1391bef894c1df496ff04b6c2b4161e)] -> xpath: //div[@class='a-section a-spacing-small a-spacing-top-small']], [[ChromeDriver: chrome on windows (f1391bef894c1df496ff04b6c2b4161e)] -> xpath: //div[@class='a-section a-spacing-small a-spacing-top-small']], [[ChromeDriver: chrome on windows (f1391bef894c1df496ff04b6c2b4161e)] -> xpath: //div[@class='a-section a-spacing-small a-spacing-top-small']], [[ChromeDriver: chrome on windows (f1391bef894c1df496ff04b6c2b4161e)] -> xpath: //div[@class='a-section a-spacing-small a-spacing-top-small']], [[ChromeDriver: chrome on windows (f1391bef894c1df496ff04b6c2b4161e)] -> xpath: //div[@class='a-section a-spacing-small a-spacing-top-small']], [[ChromeDriver: chrome on windows (f1391bef894c1df496ff04b6c2b4161e)] -> xpath: //div[@class='a-section a-spacing-small a-spacing-top-small']], [[ChromeDriver: chrome on windows (f1391bef894c1df496ff04b6c2b4161e)] -> xpath: //div[@class='a-section a-spacing-small a-spacing-top-small']], [[ChromeDriver: chrome on windows (f1391bef894c1df496ff04b6c2b4161e)] -> xpath: //div[@class='a-section a-spacing-small a-spacing-top-small']], [[ChromeDriver: chrome on windows (f1391bef894c1df496ff04b6c2b4161e)] -> xpath: //div[@class='a-section a-spacing-small a-spacing-top-small']], [[ChromeDriver: chrome on windows (f1391bef894c1df496ff04b6c2b4161e)] -> xpath: //div[@class='a-section a-spacing-small a-spacing-top-small']], [[ChromeDriver: chrome on windows (f1391bef894c1df496ff04b6c2b4161e)] -> xpath: //div[@class='a-section a-spacing-small a-spacing-top-small']], [[ChromeDriver: chrome on windows (f1391bef894c1df496ff04b6c2b4161e)] -> xpath: //div[@class='a-section a-spacing-small a-spacing-top-small']], [[ChromeDriver: chrome on windows (f1391bef894c1df496ff04b6c2b4161e)] -> xpath: //div[@class='a-section a-spacing-small a-spacing-top-small']]] from the safeFindElements method
21:25:59 [TestNG-test-Test-3] INFO  verifyingGetItIn2DaysFilterFunctionality_Mobile_21-25-51 - [verifyingGetItIn2DaysFilterFunctionality_Mobile_21-25-51] Created hashset with required data to assert with Within validateDeliveryFilterOptions method
21:25:59 [TestNG-test-Test-3] INFO  verifyingGetItIn2DaysFilterFunctionality_Mobile_21-25-51 - [verifyingGetItIn2DaysFilterFunctionality_Mobile_21-25-51] this is the set  [Jun, Today, 15, Tue, 16, FREE delivery, Mon, Tomorrow]
21:25:59 [TestNG-test-Test-3] INFO  verifyingGetItIn2DaysFilterFunctionality_Mobile_21-25-51 - [verifyingGetItIn2DaysFilterFunctionality_Mobile_21-25-51] Within deliveryElements loop iterating over the products  Within validateDeliveryFilterOptions method
21:25:59 [TestNG-test-Test-3] INFO  verifyingGetItIn2DaysFilterFunctionality_Mobile_21-25-51 - [verifyingGetItIn2DaysFilterFunctionality_Mobile_21-25-51] Checking if the allowedDateParts have the assert text   Within validateDeliveryFilterOptions method
21:25:59 [TestNG-test-Test-3] INFO  verifyingGetItIn2DaysFilterFunctionality_Mobile_21-25-51 - [verifyingGetItIn2DaysFilterFunctionality_Mobile_21-25-51] Within deliveryElements loop iterating over the products  Within validateDeliveryFilterOptions method
21:25:59 [TestNG-test-Test-3] INFO  verifyingGetItIn2DaysFilterFunctionality_Mobile_21-25-51 - [verifyingGetItIn2DaysFilterFunctionality_Mobile_21-25-51] Checking if the allowedDateParts have the assert text   Within validateDeliveryFilterOptions method
21:25:59 [TestNG-test-Test-3] INFO  verifyingGetItIn2DaysFilterFunctionality_Mobile_21-25-51 - [verifyingGetItIn2DaysFilterFunctionality_Mobile_21-25-51] Within deliveryElements loop iterating over the products  Within validateDeliveryFilterOptions method
21:25:59 [TestNG-test-Test-3] INFO  verifyingGetItIn2DaysFilterFunctionality_Mobile_21-25-51 - [verifyingGetItIn2DaysFilterFunctionality_Mobile_21-25-51] Checking if the allowedDateParts have the assert text   Within validateDeliveryFilterOptions method
21:25:59 [TestNG-test-Test-3] INFO  verifyingGetItIn2DaysFilterFunctionality_Mobile_21-25-51 - [verifyingGetItIn2DaysFilterFunctionality_Mobile_21-25-51] Within deliveryElements loop iterating over the products  Within validateDeliveryFilterOptions method
21:25:59 [TestNG-test-Test-3] INFO  verifyingGetItIn2DaysFilterFunctionality_Mobile_21-25-51 - [verifyingGetItIn2DaysFilterFunctionality_Mobile_21-25-51] Checking if the allowedDateParts have the assert text   Within validateDeliveryFilterOptions method
21:25:59 [TestNG-test-Test-3] INFO  verifyingGetItIn2DaysFilterFunctionality_Mobile_21-25-51 - [verifyingGetItIn2DaysFilterFunctionality_Mobile_21-25-51] Within deliveryElements loop iterating over the products  Within validateDeliveryFilterOptions method
21:25:59 [TestNG-test-Test-3] INFO  verifyingGetItIn2DaysFilterFunctionality_Mobile_21-25-51 - [verifyingGetItIn2DaysFilterFunctionality_Mobile_21-25-51] Checking if the allowedDateParts have the assert text   Within validateDeliveryFilterOptions method
21:25:59 [TestNG-test-Test-3] INFO  verifyingGetItIn2DaysFilterFunctionality_Mobile_21-25-51 - [verifyingGetItIn2DaysFilterFunctionality_Mobile_21-25-51] Within deliveryElements loop iterating over the products  Within validateDeliveryFilterOptions method
21:25:59 [TestNG-test-Test-3] INFO  verifyingGetItIn2DaysFilterFunctionality_Mobile_21-25-51 - [verifyingGetItIn2DaysFilterFunctionality_Mobile_21-25-51] Checking if the allowedDateParts have the assert text   Within validateDeliveryFilterOptions method
21:25:59 [TestNG-test-Test-3] INFO  verifyingGetItIn2DaysFilterFunctionality_Mobile_21-25-51 - [verifyingGetItIn2DaysFilterFunctionality_Mobile_21-25-51] Within deliveryElements loop iterating over the products  Within validateDeliveryFilterOptions method
21:25:59 [TestNG-test-Test-3] INFO  verifyingGetItIn2DaysFilterFunctionality_Mobile_21-25-51 - [verifyingGetItIn2DaysFilterFunctionality_Mobile_21-25-51] Checking if the allowedDateParts have the assert text   Within validateDeliveryFilterOptions method
21:25:59 [TestNG-test-Test-3] INFO  verifyingGetItIn2DaysFilterFunctionality_Mobile_21-25-51 - [verifyingGetItIn2DaysFilterFunctionality_Mobile_21-25-51] Within deliveryElements loop iterating over the products  Within validateDeliveryFilterOptions method
21:25:59 [TestNG-test-Test-3] INFO  verifyingGetItIn2DaysFilterFunctionality_Mobile_21-25-51 - [verifyingGetItIn2DaysFilterFunctionality_Mobile_21-25-51] Checking if the allowedDateParts have the assert text   Within validateDeliveryFilterOptions method
21:25:59 [TestNG-test-Test-3] INFO  verifyingGetItIn2DaysFilterFunctionality_Mobile_21-25-51 - [verifyingGetItIn2DaysFilterFunctionality_Mobile_21-25-51] Within deliveryElements loop iterating over the products  Within validateDeliveryFilterOptions method
21:25:59 [TestNG-test-Test-3] INFO  verifyingGetItIn2DaysFilterFunctionality_Mobile_21-25-51 - [verifyingGetItIn2DaysFilterFunctionality_Mobile_21-25-51] Checking if the allowedDateParts have the assert text   Within validateDeliveryFilterOptions method
21:25:59 [TestNG-test-Test-3] INFO  verifyingGetItIn2DaysFilterFunctionality_Mobile_21-25-51 - [verifyingGetItIn2DaysFilterFunctionality_Mobile_21-25-51] Within deliveryElements loop iterating over the products  Within validateDeliveryFilterOptions method
21:25:59 [TestNG-test-Test-3] INFO  verifyingGetItIn2DaysFilterFunctionality_Mobile_21-25-51 - [verifyingGetItIn2DaysFilterFunctionality_Mobile_21-25-51] Checking if the allowedDateParts have the assert text   Within validateDeliveryFilterOptions method
21:25:59 [TestNG-test-Test-3] INFO  verifyingGetItIn2DaysFilterFunctionality_Mobile_21-25-51 - [verifyingGetItIn2DaysFilterFunctionality_Mobile_21-25-51] Within deliveryElements loop iterating over the products  Within validateDeliveryFilterOptions method
21:25:59 [TestNG-test-Test-3] INFO  verifyingGetItIn2DaysFilterFunctionality_Mobile_21-25-51 - [verifyingGetItIn2DaysFilterFunctionality_Mobile_21-25-51] Checking if the allowedDateParts have the assert text   Within validateDeliveryFilterOptions method
21:25:59 [TestNG-test-Test-3] INFO  verifyingGetItIn2DaysFilterFunctionality_Mobile_21-25-51 - [verifyingGetItIn2DaysFilterFunctionality_Mobile_21-25-51] Within deliveryElements loop iterating over the products  Within validateDeliveryFilterOptions method
21:25:59 [TestNG-test-Test-3] INFO  verifyingGetItIn2DaysFilterFunctionality_Mobile_21-25-51 - [verifyingGetItIn2DaysFilterFunctionality_Mobile_21-25-51] Checking if the allowedDateParts have the assert text   Within validateDeliveryFilterOptions method
21:25:59 [TestNG-test-Test-3] INFO  verifyingGetItIn2DaysFilterFunctionality_Mobile_21-25-51 - [verifyingGetItIn2DaysFilterFunctionality_Mobile_21-25-51] Within deliveryElements loop iterating over the products  Within validateDeliveryFilterOptions method
21:25:59 [TestNG-test-Test-3] INFO  verifyingGetItIn2DaysFilterFunctionality_Mobile_21-25-51 - [verifyingGetItIn2DaysFilterFunctionality_Mobile_21-25-51] Checking if the allowedDateParts have the assert text   Within validateDeliveryFilterOptions method
21:25:59 [TestNG-test-Test-3] INFO  verifyingGetItIn2DaysFilterFunctionality_Mobile_21-25-51 - [verifyingGetItIn2DaysFilterFunctionality_Mobile_21-25-51] Within deliveryElements loop iterating over the products  Within validateDeliveryFilterOptions method
21:25:59 [TestNG-test-Test-3] INFO  verifyingGetItIn2DaysFilterFunctionality_Mobile_21-25-51 - [verifyingGetItIn2DaysFilterFunctionality_Mobile_21-25-51] Checking if the allowedDateParts have the assert text   Within validateDeliveryFilterOptions method
21:25:59 [TestNG-test-Test-3] INFO  verifyingGetItIn2DaysFilterFunctionality_Mobile_21-25-51 - [verifyingGetItIn2DaysFilterFunctionality_Mobile_21-25-51] Within deliveryElements loop iterating over the products  Within validateDeliveryFilterOptions method
21:25:59 [TestNG-test-Test-3] INFO  verifyingGetItIn2DaysFilterFunctionality_Mobile_21-25-51 - [verifyingGetItIn2DaysFilterFunctionality_Mobile_21-25-51] Checking if the allowedDateParts have the assert text   Within validateDeliveryFilterOptions method
21:25:59 [TestNG-test-Test-3] INFO  verifyingGetItIn2DaysFilterFunctionality_Mobile_21-25-51 - [verifyingGetItIn2DaysFilterFunctionality_Mobile_21-25-51] Within deliveryElements loop iterating over the products  Within validateDeliveryFilterOptions method
21:26:00 [TestNG-test-Test-3] INFO  verifyingGetItIn2DaysFilterFunctionality_Mobile_21-25-51 - [verifyingGetItIn2DaysFilterFunctionality_Mobile_21-25-51] Checking if the allowedDateParts have the assert text   Within validateDeliveryFilterOptions method
21:26:00 [TestNG-test-Test-3] INFO  verifyingGetItIn2DaysFilterFunctionality_Mobile_21-25-51 - [verifyingGetItIn2DaysFilterFunctionality_Mobile_21-25-51] Returning the list with boolean values   Within validateDeliveryFilterOptions method
21:26:00 [TestNG-test-Test-3] INFO  verifyingGetItIn2DaysFilterFunctionality_Mobile_21-25-51 - [verifyingGetItIn2DaysFilterFunctionality_Mobile_21-25-51] Asserting delivery filter: isValid=true, index=-1, text=All the things are valid no errors
