17:00:29 [TestNG-test-Test-3] INFO  verifyingPriceSilderFunctionality_Mobile_17-00-29 - No existing WebDriver found for current thread. Initializing a new ChromeDriver...
17:00:29 [TestNG-test-Test-3] INFO  verifyingPriceSilderFunctionality_Mobile_17-00-29 - WebDriverManager: chromedriver setup OK
17:00:31 [TestNG-test-Test-3] INFO  verifyingPriceSilderFunctionality_Mobile_17-00-29 - ChromeDriver initialized successfully for thread: 36
17:00:32 [TestNG-test-Test-3] INFO  verifyingPriceSilderFunctionality_Mobile_17-00-29 - [verifyingPriceSilderFunctionality_Mobile_17-00-29] Opening amazon Landing page
17:00:38 [TestNG-test-Test-3] INFO  verifyingPriceSilderFunctionality_Mobile_17-00-29 - [verifyingPriceSilderFunctionality_Mobile_17-00-29] Within safeFindElement method
17:00:39 [TestNG-test-Test-3] INFO  verifyingPriceSilderFunctionality_Mobile_17-00-29 - [verifyingPriceSilderFunctionality_Mobile_17-00-29]Found the element returning it ,element ->[[ChromeDriver: chrome on windows (9e651f90dfeb665f1a6ca932da286b3c)] -> xpath: //a[@id='nav-logo-sprites']]
17:00:40 [TestNG-test-Test-3] INFO  verifyingPriceSilderFunctionality_Mobile_17-00-29 - [verifyingPriceSilderFunctionality_Mobile_17-00-29] Giving input within the search bar
17:00:40 [TestNG-test-Test-3] INFO  verifyingPriceSilderFunctionality_Mobile_17-00-29 - [verifyingPriceSilderFunctionality_Mobile_17-00-29] Within safeClick method
17:00:44 [TestNG-test-Test-3] INFO  verifyingPriceSilderFunctionality_Mobile_17-00-29 - [verifyingPriceSilderFunctionality_Mobile_17-00-29] Clicked the  [[ChromeDriver: chrome on windows (9e651f90dfeb665f1a6ca932da286b3c)] -> xpath: //input[@id='nav-search-submit-button']]   using safeClick
17:00:44 [TestNG-test-Test-3] INFO  verifyingPriceSilderFunctionality_Mobile_17-00-29 - [verifyingPriceSilderFunctionality_Mobile_17-00-29] Clicking on the submit in the search bar
17:00:44 [TestNG-test-Test-3] INFO  verifyingPriceSilderFunctionality_Mobile_17-00-29 - [verifyingPriceSilderFunctionality_Mobile_17-00-29] Within filterCheckUnderList method
17:00:44 [TestNG-test-Test-3] INFO  verifyingPriceSilderFunctionality_Mobile_17-00-29 - [verifyingPriceSilderFunctionality_Mobile_17-00-29] Found the Filter within the filter check List
17:00:44 [TestNG-test-Test-3] INFO  verifyingPriceSilderFunctionality_Mobile_17-00-29 - [verifyingPriceSilderFunctionality_Mobile_17-00-29] Within applyPriceSliderAndValidateWithResult method
17:00:44 [TestNG-test-Test-3] INFO  verifyingPriceSilderFunctionality_Mobile_17-00-29 - [verifyingPriceSilderFunctionality_Mobile_17-00-29] Within smoothScrollToElement method
17:00:44 [TestNG-test-Test-3] INFO  verifyingPriceSilderFunctionality_Mobile_17-00-29 - [verifyingPriceSilderFunctionality_Mobile_17-00-29] Within safeFindElement method
17:00:44 [TestNG-test-Test-3] INFO  verifyingPriceSilderFunctionality_Mobile_17-00-29 - [verifyingPriceSilderFunctionality_Mobile_17-00-29]Found the element returning it ,element ->[[ChromeDriver: chrome on windows (9e651f90dfeb665f1a6ca932da286b3c)] -> id: p_36/range-slider_slider-item_lower-bound-slider]
17:00:44 [TestNG-test-Test-3] INFO  verifyingPriceSilderFunctionality_Mobile_17-00-29 - [verifyingPriceSilderFunctionality_Mobile_17-00-29] Successfully scrolled to element: By.id: p_36/range-slider_slider-item_lower-bound-slider
17:00:44 [TestNG-test-Test-3] INFO  verifyingPriceSilderFunctionality_Mobile_17-00-29 - [verifyingPriceSilderFunctionality_Mobile_17-00-29] Within safeFindElement method
17:00:44 [TestNG-test-Test-3] INFO  verifyingPriceSilderFunctionality_Mobile_17-00-29 - [verifyingPriceSilderFunctionality_Mobile_17-00-29]Found the element returning it ,element ->[[ChromeDriver: chrome on windows (9e651f90dfeb665f1a6ca932da286b3c)] -> id: p_36/range-slider_slider-item_lower-bound-slider]
17:00:45 [TestNG-test-Test-3] INFO  verifyingPriceSilderFunctionality_Mobile_17-00-29 - [verifyingPriceSilderFunctionality_Mobile_17-00-29] in the setSliderValue method with value 61
17:00:45 [TestNG-test-Test-3] INFO  verifyingPriceSilderFunctionality_Mobile_17-00-29 - [verifyingPriceSilderFunctionality_Mobile_17-00-29] Within safeFindElement method
17:00:45 [TestNG-test-Test-3] INFO  verifyingPriceSilderFunctionality_Mobile_17-00-29 - [verifyingPriceSilderFunctionality_Mobile_17-00-29]Found the element returning it ,element ->[[ChromeDriver: chrome on windows (9e651f90dfeb665f1a6ca932da286b3c)] -> id: p_36/range-slider_slider-item_upper-bound-slider]
17:00:45 [TestNG-test-Test-3] INFO  verifyingPriceSilderFunctionality_Mobile_17-00-29 - [verifyingPriceSilderFunctionality_Mobile_17-00-29] in the setSliderValue method with value 81
17:00:45 [TestNG-test-Test-3] INFO  verifyingPriceSilderFunctionality_Mobile_17-00-29 - [verifyingPriceSilderFunctionality_Mobile_17-00-29] Within safeFindElement method
17:00:47 [TestNG-test-Test-3] INFO  verifyingPriceSilderFunctionality_Mobile_17-00-29 - [verifyingPriceSilderFunctionality_Mobile_17-00-29]Found the element returning it ,element ->[[ChromeDriver: chrome on windows (9e651f90dfeb665f1a6ca932da286b3c)] -> xpath: //label[@for='p_36/range-slider_slider-item_upper-bound-slider']]
17:00:47 [TestNG-test-Test-3] INFO  verifyingPriceSilderFunctionality_Mobile_17-00-29 - [verifyingPriceSilderFunctionality_Mobile_17-00-29] Within safeFindElement method
17:00:47 [TestNG-test-Test-3] INFO  verifyingPriceSilderFunctionality_Mobile_17-00-29 - [verifyingPriceSilderFunctionality_Mobile_17-00-29]Found the element returning it ,element ->[[ChromeDriver: chrome on windows (9e651f90dfeb665f1a6ca932da286b3c)] -> xpath: //label[@for='p_36/range-slider_slider-item_lower-bound-slider']]
17:00:47 [TestNG-test-Test-3] INFO  verifyingPriceSilderFunctionality_Mobile_17-00-29 - [verifyingPriceSilderFunctionality_Mobile_17-00-29] Within safeFindElements 
17:00:47 [TestNG-test-Test-3] INFO  verifyingPriceSilderFunctionality_Mobile_17-00-29 - [verifyingPriceSilderFunctionality_Mobile_17-00-29] Returning the  [[[ChromeDriver: chrome on windows (9e651f90dfeb665f1a6ca932da286b3c)] -> xpath: //span[@class='a-price-whole']], [[ChromeDriver: chrome on windows (9e651f90dfeb665f1a6ca932da286b3c)] -> xpath: //span[@class='a-price-whole']], [[ChromeDriver: chrome on windows (9e651f90dfeb665f1a6ca932da286b3c)] -> xpath: //span[@class='a-price-whole']], [[ChromeDriver: chrome on windows (9e651f90dfeb665f1a6ca932da286b3c)] -> xpath: //span[@class='a-price-whole']], [[ChromeDriver: chrome on windows (9e651f90dfeb665f1a6ca932da286b3c)] -> xpath: //span[@class='a-price-whole']], [[ChromeDriver: chrome on windows (9e651f90dfeb665f1a6ca932da286b3c)] -> xpath: //span[@class='a-price-whole']], [[ChromeDriver: chrome on windows (9e651f90dfeb665f1a6ca932da286b3c)] -> xpath: //span[@class='a-price-whole']], [[ChromeDriver: chrome on windows (9e651f90dfeb665f1a6ca932da286b3c)] -> xpath: //span[@class='a-price-whole']], [[ChromeDriver: chrome on windows (9e651f90dfeb665f1a6ca932da286b3c)] -> xpath: //span[@class='a-price-whole']], [[ChromeDriver: chrome on windows (9e651f90dfeb665f1a6ca932da286b3c)] -> xpath: //span[@class='a-price-whole']], [[ChromeDriver: chrome on windows (9e651f90dfeb665f1a6ca932da286b3c)] -> xpath: //span[@class='a-price-whole']], [[ChromeDriver: chrome on windows (9e651f90dfeb665f1a6ca932da286b3c)] -> xpath: //span[@class='a-price-whole']], [[ChromeDriver: chrome on windows (9e651f90dfeb665f1a6ca932da286b3c)] -> xpath: //span[@class='a-price-whole']], [[ChromeDriver: chrome on windows (9e651f90dfeb665f1a6ca932da286b3c)] -> xpath: //span[@class='a-price-whole']], [[ChromeDriver: chrome on windows (9e651f90dfeb665f1a6ca932da286b3c)] -> xpath: //span[@class='a-price-whole']], [[ChromeDriver: chrome on windows (9e651f90dfeb665f1a6ca932da286b3c)] -> xpath: //span[@class='a-price-whole']]] from the safeFindElements method
17:00:47 [TestNG-test-Test-3] INFO  verifyingPriceSilderFunctionality_Mobile_17-00-29 - [verifyingPriceSilderFunctionality_Mobile_17-00-29] Min Price Applied is  ₹12,900   Product Price is 14,999  Max Price Applied is ₹25,900
17:00:47 [TestNG-test-Test-3] INFO  verifyingPriceSilderFunctionality_Mobile_17-00-29 - [verifyingPriceSilderFunctionality_Mobile_17-00-29] Min Price Applied is  ₹12,900   Product Price is 16,999  Max Price Applied is ₹25,900
17:00:47 [TestNG-test-Test-3] INFO  verifyingPriceSilderFunctionality_Mobile_17-00-29 - [verifyingPriceSilderFunctionality_Mobile_17-00-29] Min Price Applied is  ₹12,900   Product Price is 20,999  Max Price Applied is ₹25,900
17:00:47 [TestNG-test-Test-3] INFO  verifyingPriceSilderFunctionality_Mobile_17-00-29 - [verifyingPriceSilderFunctionality_Mobile_17-00-29] Min Price Applied is  ₹12,900   Product Price is 18,999  Max Price Applied is ₹25,900
17:00:47 [TestNG-test-Test-3] INFO  verifyingPriceSilderFunctionality_Mobile_17-00-29 - [verifyingPriceSilderFunctionality_Mobile_17-00-29] Min Price Applied is  ₹12,900   Product Price is 13,980  Max Price Applied is ₹25,900
17:00:47 [TestNG-test-Test-3] INFO  verifyingPriceSilderFunctionality_Mobile_17-00-29 - [verifyingPriceSilderFunctionality_Mobile_17-00-29] Min Price Applied is  ₹12,900   Product Price is 16,249  Max Price Applied is ₹25,900
17:00:47 [TestNG-test-Test-3] INFO  verifyingPriceSilderFunctionality_Mobile_17-00-29 - [verifyingPriceSilderFunctionality_Mobile_17-00-29] Min Price Applied is  ₹12,900   Product Price is 15,999  Max Price Applied is ₹25,900
17:00:47 [TestNG-test-Test-3] INFO  verifyingPriceSilderFunctionality_Mobile_17-00-29 - [verifyingPriceSilderFunctionality_Mobile_17-00-29] Min Price Applied is  ₹12,900   Product Price is 19,499  Max Price Applied is ₹25,900
17:00:47 [TestNG-test-Test-3] INFO  verifyingPriceSilderFunctionality_Mobile_17-00-29 - [verifyingPriceSilderFunctionality_Mobile_17-00-29] Min Price Applied is  ₹12,900   Product Price is 25,250  Max Price Applied is ₹25,900
17:00:47 [TestNG-test-Test-3] INFO  verifyingPriceSilderFunctionality_Mobile_17-00-29 - [verifyingPriceSilderFunctionality_Mobile_17-00-29] Min Price Applied is  ₹12,900   Product Price is 12,949  Max Price Applied is ₹25,900
17:00:47 [TestNG-test-Test-3] INFO  verifyingPriceSilderFunctionality_Mobile_17-00-29 - [verifyingPriceSilderFunctionality_Mobile_17-00-29] Min Price Applied is  ₹12,900   Product Price is 18,499  Max Price Applied is ₹25,900
17:00:47 [TestNG-test-Test-3] INFO  verifyingPriceSilderFunctionality_Mobile_17-00-29 - [verifyingPriceSilderFunctionality_Mobile_17-00-29] Min Price Applied is  ₹12,900   Product Price is 24,999  Max Price Applied is ₹25,900
17:00:47 [TestNG-test-Test-3] INFO  verifyingPriceSilderFunctionality_Mobile_17-00-29 - [verifyingPriceSilderFunctionality_Mobile_17-00-29] Min Price Applied is  ₹12,900   Product Price is 25,499  Max Price Applied is ₹25,900
17:00:47 [TestNG-test-Test-3] INFO  verifyingPriceSilderFunctionality_Mobile_17-00-29 - [verifyingPriceSilderFunctionality_Mobile_17-00-29] Min Price Applied is  ₹12,900   Product Price is 20,999  Max Price Applied is ₹25,900
17:00:47 [TestNG-test-Test-3] INFO  verifyingPriceSilderFunctionality_Mobile_17-00-29 - [verifyingPriceSilderFunctionality_Mobile_17-00-29] Min Price Applied is  ₹12,900   Product Price is 20,999  Max Price Applied is ₹25,900
17:00:47 [TestNG-test-Test-3] INFO  verifyingPriceSilderFunctionality_Mobile_17-00-29 - [verifyingPriceSilderFunctionality_Mobile_17-00-29] Min Price Applied is  ₹12,900   Product Price is 20,999  Max Price Applied is ₹25,900
17:00:47 [TestNG-test-Test-3] INFO  verifyingPriceSilderFunctionality_Mobile_17-00-29 - [verifyingPriceSilderFunctionality_Mobile_17-00-29] Within smoothScrollToElement method
17:00:47 [TestNG-test-Test-3] INFO  verifyingPriceSilderFunctionality_Mobile_17-00-29 - [verifyingPriceSilderFunctionality_Mobile_17-00-29] Within safeFindElement method
17:00:47 [TestNG-test-Test-3] INFO  verifyingPriceSilderFunctionality_Mobile_17-00-29 - [verifyingPriceSilderFunctionality_Mobile_17-00-29]Found the element returning it ,element ->[[ChromeDriver: chrome on windows (9e651f90dfeb665f1a6ca932da286b3c)] -> id: p_36/range-slider_slider-item_lower-bound-slider]
17:00:47 [TestNG-test-Test-3] INFO  verifyingPriceSilderFunctionality_Mobile_17-00-29 - [verifyingPriceSilderFunctionality_Mobile_17-00-29] Successfully scrolled to element: By.id: p_36/range-slider_slider-item_lower-bound-slider
17:00:48 [TestNG-test-Test-3] INFO  verifyingPriceSilderFunctionality_Mobile_17-00-29 - [verifyingPriceSilderFunctionality_Mobile_17-00-29] Price Check <= Max & >= Min  Product Price is ->14999.0
17:00:48 [TestNG-test-Test-3] INFO  verifyingPriceSilderFunctionality_Mobile_17-00-29 - [verifyingPriceSilderFunctionality_Mobile_17-00-29] Min Price Applied is  12900.0   Product Price is 14,999  Max Price Applied is 25900.0
17:00:48 [TestNG-test-Test-3] INFO  verifyingPriceSilderFunctionality_Mobile_17-00-29 - [verifyingPriceSilderFunctionality_Mobile_17-00-29] Price Check <= Max & >= Min  Product Price is ->16999.0
17:00:48 [TestNG-test-Test-3] INFO  verifyingPriceSilderFunctionality_Mobile_17-00-29 - [verifyingPriceSilderFunctionality_Mobile_17-00-29] Min Price Applied is  12900.0   Product Price is 16,999  Max Price Applied is 25900.0
17:00:48 [TestNG-test-Test-3] INFO  verifyingPriceSilderFunctionality_Mobile_17-00-29 - [verifyingPriceSilderFunctionality_Mobile_17-00-29] Price Check <= Max & >= Min  Product Price is ->20999.0
17:00:48 [TestNG-test-Test-3] INFO  verifyingPriceSilderFunctionality_Mobile_17-00-29 - [verifyingPriceSilderFunctionality_Mobile_17-00-29] Min Price Applied is  12900.0   Product Price is 20,999  Max Price Applied is 25900.0
17:00:48 [TestNG-test-Test-3] INFO  verifyingPriceSilderFunctionality_Mobile_17-00-29 - [verifyingPriceSilderFunctionality_Mobile_17-00-29] Price Check <= Max & >= Min  Product Price is ->18999.0
17:00:48 [TestNG-test-Test-3] INFO  verifyingPriceSilderFunctionality_Mobile_17-00-29 - [verifyingPriceSilderFunctionality_Mobile_17-00-29] Min Price Applied is  12900.0   Product Price is 18,999  Max Price Applied is 25900.0
17:00:48 [TestNG-test-Test-3] INFO  verifyingPriceSilderFunctionality_Mobile_17-00-29 - [verifyingPriceSilderFunctionality_Mobile_17-00-29] Price Check <= Max & >= Min  Product Price is ->13980.0
17:00:48 [TestNG-test-Test-3] INFO  verifyingPriceSilderFunctionality_Mobile_17-00-29 - [verifyingPriceSilderFunctionality_Mobile_17-00-29] Min Price Applied is  12900.0   Product Price is 13,980  Max Price Applied is 25900.0
17:00:48 [TestNG-test-Test-3] INFO  verifyingPriceSilderFunctionality_Mobile_17-00-29 - [verifyingPriceSilderFunctionality_Mobile_17-00-29] Price Check <= Max & >= Min  Product Price is ->16249.0
17:00:48 [TestNG-test-Test-3] INFO  verifyingPriceSilderFunctionality_Mobile_17-00-29 - [verifyingPriceSilderFunctionality_Mobile_17-00-29] Min Price Applied is  12900.0   Product Price is 16,249  Max Price Applied is 25900.0
17:00:48 [TestNG-test-Test-3] INFO  verifyingPriceSilderFunctionality_Mobile_17-00-29 - [verifyingPriceSilderFunctionality_Mobile_17-00-29] Price Check <= Max & >= Min  Product Price is ->15999.0
17:00:48 [TestNG-test-Test-3] INFO  verifyingPriceSilderFunctionality_Mobile_17-00-29 - [verifyingPriceSilderFunctionality_Mobile_17-00-29] Min Price Applied is  12900.0   Product Price is 15,999  Max Price Applied is 25900.0
17:00:48 [TestNG-test-Test-3] INFO  verifyingPriceSilderFunctionality_Mobile_17-00-29 - [verifyingPriceSilderFunctionality_Mobile_17-00-29] Price Check <= Max & >= Min  Product Price is ->19499.0
17:00:48 [TestNG-test-Test-3] INFO  verifyingPriceSilderFunctionality_Mobile_17-00-29 - [verifyingPriceSilderFunctionality_Mobile_17-00-29] Min Price Applied is  12900.0   Product Price is 19,499  Max Price Applied is 25900.0
17:00:48 [TestNG-test-Test-3] INFO  verifyingPriceSilderFunctionality_Mobile_17-00-29 - [verifyingPriceSilderFunctionality_Mobile_17-00-29] Price Check <= Max & >= Min  Product Price is ->25250.0
17:00:48 [TestNG-test-Test-3] INFO  verifyingPriceSilderFunctionality_Mobile_17-00-29 - [verifyingPriceSilderFunctionality_Mobile_17-00-29] Min Price Applied is  12900.0   Product Price is 25,250  Max Price Applied is 25900.0
17:00:48 [TestNG-test-Test-3] INFO  verifyingPriceSilderFunctionality_Mobile_17-00-29 - [verifyingPriceSilderFunctionality_Mobile_17-00-29] Price Check <= Max & >= Min  Product Price is ->12949.0
17:00:48 [TestNG-test-Test-3] INFO  verifyingPriceSilderFunctionality_Mobile_17-00-29 - [verifyingPriceSilderFunctionality_Mobile_17-00-29] Min Price Applied is  12900.0   Product Price is 12,949  Max Price Applied is 25900.0
17:00:48 [TestNG-test-Test-3] INFO  verifyingPriceSilderFunctionality_Mobile_17-00-29 - [verifyingPriceSilderFunctionality_Mobile_17-00-29] Price Check <= Max & >= Min  Product Price is ->18499.0
17:00:48 [TestNG-test-Test-3] INFO  verifyingPriceSilderFunctionality_Mobile_17-00-29 - [verifyingPriceSilderFunctionality_Mobile_17-00-29] Min Price Applied is  12900.0   Product Price is 18,499  Max Price Applied is 25900.0
17:00:48 [TestNG-test-Test-3] INFO  verifyingPriceSilderFunctionality_Mobile_17-00-29 - [verifyingPriceSilderFunctionality_Mobile_17-00-29] Price Check <= Max & >= Min  Product Price is ->24999.0
17:00:48 [TestNG-test-Test-3] INFO  verifyingPriceSilderFunctionality_Mobile_17-00-29 - [verifyingPriceSilderFunctionality_Mobile_17-00-29] Min Price Applied is  12900.0   Product Price is 24,999  Max Price Applied is 25900.0
17:00:48 [TestNG-test-Test-3] INFO  verifyingPriceSilderFunctionality_Mobile_17-00-29 - [verifyingPriceSilderFunctionality_Mobile_17-00-29] Price Check <= Max & >= Min  Product Price is ->25499.0
17:00:48 [TestNG-test-Test-3] INFO  verifyingPriceSilderFunctionality_Mobile_17-00-29 - [verifyingPriceSilderFunctionality_Mobile_17-00-29] Min Price Applied is  12900.0   Product Price is 25,499  Max Price Applied is 25900.0
17:00:48 [TestNG-test-Test-3] INFO  verifyingPriceSilderFunctionality_Mobile_17-00-29 - [verifyingPriceSilderFunctionality_Mobile_17-00-29] Price Check <= Max & >= Min  Product Price is ->20999.0
17:00:48 [TestNG-test-Test-3] INFO  verifyingPriceSilderFunctionality_Mobile_17-00-29 - [verifyingPriceSilderFunctionality_Mobile_17-00-29] Min Price Applied is  12900.0   Product Price is 20,999  Max Price Applied is 25900.0
17:00:48 [TestNG-test-Test-3] INFO  verifyingPriceSilderFunctionality_Mobile_17-00-29 - [verifyingPriceSilderFunctionality_Mobile_17-00-29] Price Check <= Max & >= Min  Product Price is ->20999.0
17:00:48 [TestNG-test-Test-3] INFO  verifyingPriceSilderFunctionality_Mobile_17-00-29 - [verifyingPriceSilderFunctionality_Mobile_17-00-29] Min Price Applied is  12900.0   Product Price is 20,999  Max Price Applied is 25900.0
17:00:48 [TestNG-test-Test-3] INFO  verifyingPriceSilderFunctionality_Mobile_17-00-29 - [verifyingPriceSilderFunctionality_Mobile_17-00-29] Price Check <= Max & >= Min  Product Price is ->20999.0
17:00:48 [TestNG-test-Test-3] INFO  verifyingPriceSilderFunctionality_Mobile_17-00-29 - [verifyingPriceSilderFunctionality_Mobile_17-00-29] Min Price Applied is  12900.0   Product Price is 20,999  Max Price Applied is 25900.0
17:00:48 [TestNG-test-Test-3] INFO  verifyingPriceSilderFunctionality_Mobile_17-00-29 - [verifyingPriceSilderFunctionality_Mobile_17-00-29] Adding the data 'min','max','isValid' ,'mismatches' to 'result' Map->81
17:00:48 [TestNG-test-Test-3] INFO  verifyingPriceSilderFunctionality_Mobile_17-00-29 - [verifyingPriceSilderFunctionality_Mobile_17-00-29] Adding the 'results'  Map to the master 'allResults' i.e is List of maps->81
17:00:48 [TestNG-test-Test-3] INFO  verifyingPriceSilderFunctionality_Mobile_17-00-29 - [verifyingPriceSilderFunctionality_Mobile_17-00-29] Within safeFindElement method
17:00:48 [TestNG-test-Test-3] INFO  verifyingPriceSilderFunctionality_Mobile_17-00-29 - [verifyingPriceSilderFunctionality_Mobile_17-00-29]Found the element returning it ,element ->[[ChromeDriver: chrome on windows (9e651f90dfeb665f1a6ca932da286b3c)] -> id: p_36/range-slider_slider-item_lower-bound-slider]
17:00:48 [TestNG-test-Test-3] INFO  verifyingPriceSilderFunctionality_Mobile_17-00-29 - [verifyingPriceSilderFunctionality_Mobile_17-00-29] in the setSliderValue method with value 91
17:00:48 [TestNG-test-Test-3] INFO  verifyingPriceSilderFunctionality_Mobile_17-00-29 - [verifyingPriceSilderFunctionality_Mobile_17-00-29] Within safeFindElement method
17:00:48 [TestNG-test-Test-3] INFO  verifyingPriceSilderFunctionality_Mobile_17-00-29 - [verifyingPriceSilderFunctionality_Mobile_17-00-29]Found the element returning it ,element ->[[ChromeDriver: chrome on windows (9e651f90dfeb665f1a6ca932da286b3c)] -> id: p_36/range-slider_slider-item_upper-bound-slider]
17:00:48 [TestNG-test-Test-3] INFO  verifyingPriceSilderFunctionality_Mobile_17-00-29 - [verifyingPriceSilderFunctionality_Mobile_17-00-29] in the setSliderValue method with value 121
17:00:48 [TestNG-test-Test-3] INFO  verifyingPriceSilderFunctionality_Mobile_17-00-29 - [verifyingPriceSilderFunctionality_Mobile_17-00-29] Within safeFindElement method
17:00:50 [TestNG-test-Test-3] INFO  verifyingPriceSilderFunctionality_Mobile_17-00-29 - [verifyingPriceSilderFunctionality_Mobile_17-00-29]Found the element returning it ,element ->[[ChromeDriver: chrome on windows (9e651f90dfeb665f1a6ca932da286b3c)] -> xpath: //label[@for='p_36/range-slider_slider-item_upper-bound-slider']]
17:00:50 [TestNG-test-Test-3] INFO  verifyingPriceSilderFunctionality_Mobile_17-00-29 - [verifyingPriceSilderFunctionality_Mobile_17-00-29] Within safeFindElement method
17:00:50 [TestNG-test-Test-3] INFO  verifyingPriceSilderFunctionality_Mobile_17-00-29 - [verifyingPriceSilderFunctionality_Mobile_17-00-29]Found the element returning it ,element ->[[ChromeDriver: chrome on windows (9e651f90dfeb665f1a6ca932da286b3c)] -> xpath: //label[@for='p_36/range-slider_slider-item_lower-bound-slider']]
17:00:50 [TestNG-test-Test-3] INFO  verifyingPriceSilderFunctionality_Mobile_17-00-29 - [verifyingPriceSilderFunctionality_Mobile_17-00-29] Within safeFindElements 
17:00:50 [TestNG-test-Test-3] INFO  verifyingPriceSilderFunctionality_Mobile_17-00-29 - [verifyingPriceSilderFunctionality_Mobile_17-00-29] Returning the  [[[ChromeDriver: chrome on windows (9e651f90dfeb665f1a6ca932da286b3c)] -> xpath: //span[@class='a-price-whole']], [[ChromeDriver: chrome on windows (9e651f90dfeb665f1a6ca932da286b3c)] -> xpath: //span[@class='a-price-whole']], [[ChromeDriver: chrome on windows (9e651f90dfeb665f1a6ca932da286b3c)] -> xpath: //span[@class='a-price-whole']], [[ChromeDriver: chrome on windows (9e651f90dfeb665f1a6ca932da286b3c)] -> xpath: //span[@class='a-price-whole']], [[ChromeDriver: chrome on windows (9e651f90dfeb665f1a6ca932da286b3c)] -> xpath: //span[@class='a-price-whole']], [[ChromeDriver: chrome on windows (9e651f90dfeb665f1a6ca932da286b3c)] -> xpath: //span[@class='a-price-whole']], [[ChromeDriver: chrome on windows (9e651f90dfeb665f1a6ca932da286b3c)] -> xpath: //span[@class='a-price-whole']], [[ChromeDriver: chrome on windows (9e651f90dfeb665f1a6ca932da286b3c)] -> xpath: //span[@class='a-price-whole']], [[ChromeDriver: chrome on windows (9e651f90dfeb665f1a6ca932da286b3c)] -> xpath: //span[@class='a-price-whole']], [[ChromeDriver: chrome on windows (9e651f90dfeb665f1a6ca932da286b3c)] -> xpath: //span[@class='a-price-whole']], [[ChromeDriver: chrome on windows (9e651f90dfeb665f1a6ca932da286b3c)] -> xpath: //span[@class='a-price-whole']], [[ChromeDriver: chrome on windows (9e651f90dfeb665f1a6ca932da286b3c)] -> xpath: //span[@class='a-price-whole']], [[ChromeDriver: chrome on windows (9e651f90dfeb665f1a6ca932da286b3c)] -> xpath: //span[@class='a-price-whole']], [[ChromeDriver: chrome on windows (9e651f90dfeb665f1a6ca932da286b3c)] -> xpath: //span[@class='a-price-whole']], [[ChromeDriver: chrome on windows (9e651f90dfeb665f1a6ca932da286b3c)] -> xpath: //span[@class='a-price-whole']], [[ChromeDriver: chrome on windows (9e651f90dfeb665f1a6ca932da286b3c)] -> xpath: //span[@class='a-price-whole']], [[ChromeDriver: chrome on windows (9e651f90dfeb665f1a6ca932da286b3c)] -> xpath: //span[@class='a-price-whole']]] from the safeFindElements method
17:00:50 [TestNG-test-Test-3] INFO  verifyingPriceSilderFunctionality_Mobile_17-00-29 - [verifyingPriceSilderFunctionality_Mobile_17-00-29] Min Price Applied is  ₹18,700   Product Price is 18,999  Max Price Applied is ₹69,700
17:00:50 [TestNG-test-Test-3] INFO  verifyingPriceSilderFunctionality_Mobile_17-00-29 - [verifyingPriceSilderFunctionality_Mobile_17-00-29] Min Price Applied is  ₹18,700   Product Price is 20,999  Max Price Applied is ₹69,700
17:00:50 [TestNG-test-Test-3] INFO  verifyingPriceSilderFunctionality_Mobile_17-00-29 - [verifyingPriceSilderFunctionality_Mobile_17-00-29] Min Price Applied is  ₹18,700   Product Price is 19,499  Max Price Applied is ₹69,700
17:00:50 [TestNG-test-Test-3] INFO  verifyingPriceSilderFunctionality_Mobile_17-00-29 - [verifyingPriceSilderFunctionality_Mobile_17-00-29] Min Price Applied is  ₹18,700   Product Price is 20,999  Max Price Applied is ₹69,700
17:00:50 [TestNG-test-Test-3] INFO  verifyingPriceSilderFunctionality_Mobile_17-00-29 - [verifyingPriceSilderFunctionality_Mobile_17-00-29] Min Price Applied is  ₹18,700   Product Price is 34,999  Max Price Applied is ₹69,700
17:00:50 [TestNG-test-Test-3] INFO  verifyingPriceSilderFunctionality_Mobile_17-00-29 - [verifyingPriceSilderFunctionality_Mobile_17-00-29] Min Price Applied is  ₹18,700   Product Price is 25,250  Max Price Applied is ₹69,700
17:00:50 [TestNG-test-Test-3] INFO  verifyingPriceSilderFunctionality_Mobile_17-00-29 - [verifyingPriceSilderFunctionality_Mobile_17-00-29] Min Price Applied is  ₹18,700   Product Price is 20,999  Max Price Applied is ₹69,700
17:00:50 [TestNG-test-Test-3] INFO  verifyingPriceSilderFunctionality_Mobile_17-00-29 - [verifyingPriceSilderFunctionality_Mobile_17-00-29] Min Price Applied is  ₹18,700   Product Price is 25,499  Max Price Applied is ₹69,700
17:00:50 [TestNG-test-Test-3] INFO  verifyingPriceSilderFunctionality_Mobile_17-00-29 - [verifyingPriceSilderFunctionality_Mobile_17-00-29] Min Price Applied is  ₹18,700   Product Price is 21,690  Max Price Applied is ₹69,700
17:00:50 [TestNG-test-Test-3] INFO  verifyingPriceSilderFunctionality_Mobile_17-00-29 - [verifyingPriceSilderFunctionality_Mobile_17-00-29] Min Price Applied is  ₹18,700   Product Price is 22,287  Max Price Applied is ₹69,700
17:00:50 [TestNG-test-Test-3] INFO  verifyingPriceSilderFunctionality_Mobile_17-00-29 - [verifyingPriceSilderFunctionality_Mobile_17-00-29] Min Price Applied is  ₹18,700   Product Price is 38,999  Max Price Applied is ₹69,700
17:00:50 [TestNG-test-Test-3] INFO  verifyingPriceSilderFunctionality_Mobile_17-00-29 - [verifyingPriceSilderFunctionality_Mobile_17-00-29] Min Price Applied is  ₹18,700   Product Price is 41,999  Max Price Applied is ₹69,700
17:00:50 [TestNG-test-Test-3] INFO  verifyingPriceSilderFunctionality_Mobile_17-00-29 - [verifyingPriceSilderFunctionality_Mobile_17-00-29] Min Price Applied is  ₹18,700   Product Price is 28,999  Max Price Applied is ₹69,700
17:00:50 [TestNG-test-Test-3] INFO  verifyingPriceSilderFunctionality_Mobile_17-00-29 - [verifyingPriceSilderFunctionality_Mobile_17-00-29] Min Price Applied is  ₹18,700   Product Price is 26,499  Max Price Applied is ₹69,700
17:00:50 [TestNG-test-Test-3] INFO  verifyingPriceSilderFunctionality_Mobile_17-00-29 - [verifyingPriceSilderFunctionality_Mobile_17-00-29] Min Price Applied is  ₹18,700   Product Price is 30,999  Max Price Applied is ₹69,700
17:00:50 [TestNG-test-Test-3] INFO  verifyingPriceSilderFunctionality_Mobile_17-00-29 - [verifyingPriceSilderFunctionality_Mobile_17-00-29] Min Price Applied is  ₹18,700   Product Price is 24,999  Max Price Applied is ₹69,700
17:00:50 [TestNG-test-Test-3] INFO  verifyingPriceSilderFunctionality_Mobile_17-00-29 - [verifyingPriceSilderFunctionality_Mobile_17-00-29] Min Price Applied is  ₹18,700   Product Price is 19,399  Max Price Applied is ₹69,700
17:00:50 [TestNG-test-Test-3] INFO  verifyingPriceSilderFunctionality_Mobile_17-00-29 - [verifyingPriceSilderFunctionality_Mobile_17-00-29] Within smoothScrollToElement method
17:00:50 [TestNG-test-Test-3] INFO  verifyingPriceSilderFunctionality_Mobile_17-00-29 - [verifyingPriceSilderFunctionality_Mobile_17-00-29] Within safeFindElement method
17:00:50 [TestNG-test-Test-3] INFO  verifyingPriceSilderFunctionality_Mobile_17-00-29 - [verifyingPriceSilderFunctionality_Mobile_17-00-29]Found the element returning it ,element ->[[ChromeDriver: chrome on windows (9e651f90dfeb665f1a6ca932da286b3c)] -> id: p_36/range-slider_slider-item_lower-bound-slider]
17:00:50 [TestNG-test-Test-3] INFO  verifyingPriceSilderFunctionality_Mobile_17-00-29 - [verifyingPriceSilderFunctionality_Mobile_17-00-29] Successfully scrolled to element: By.id: p_36/range-slider_slider-item_lower-bound-slider
17:00:51 [TestNG-test-Test-3] INFO  verifyingPriceSilderFunctionality_Mobile_17-00-29 - [verifyingPriceSilderFunctionality_Mobile_17-00-29] Price Check <= Max & >= Min  Product Price is ->18999.0
17:00:51 [TestNG-test-Test-3] INFO  verifyingPriceSilderFunctionality_Mobile_17-00-29 - [verifyingPriceSilderFunctionality_Mobile_17-00-29] Min Price Applied is  18700.0   Product Price is 18,999  Max Price Applied is 69700.0
17:00:51 [TestNG-test-Test-3] INFO  verifyingPriceSilderFunctionality_Mobile_17-00-29 - [verifyingPriceSilderFunctionality_Mobile_17-00-29] Price Check <= Max & >= Min  Product Price is ->20999.0
17:00:51 [TestNG-test-Test-3] INFO  verifyingPriceSilderFunctionality_Mobile_17-00-29 - [verifyingPriceSilderFunctionality_Mobile_17-00-29] Min Price Applied is  18700.0   Product Price is 20,999  Max Price Applied is 69700.0
17:00:51 [TestNG-test-Test-3] INFO  verifyingPriceSilderFunctionality_Mobile_17-00-29 - [verifyingPriceSilderFunctionality_Mobile_17-00-29] Price Check <= Max & >= Min  Product Price is ->19499.0
17:00:51 [TestNG-test-Test-3] INFO  verifyingPriceSilderFunctionality_Mobile_17-00-29 - [verifyingPriceSilderFunctionality_Mobile_17-00-29] Min Price Applied is  18700.0   Product Price is 19,499  Max Price Applied is 69700.0
17:00:51 [TestNG-test-Test-3] INFO  verifyingPriceSilderFunctionality_Mobile_17-00-29 - [verifyingPriceSilderFunctionality_Mobile_17-00-29] Price Check <= Max & >= Min  Product Price is ->20999.0
17:00:51 [TestNG-test-Test-3] INFO  verifyingPriceSilderFunctionality_Mobile_17-00-29 - [verifyingPriceSilderFunctionality_Mobile_17-00-29] Min Price Applied is  18700.0   Product Price is 20,999  Max Price Applied is 69700.0
17:00:51 [TestNG-test-Test-3] INFO  verifyingPriceSilderFunctionality_Mobile_17-00-29 - [verifyingPriceSilderFunctionality_Mobile_17-00-29] Price Check <= Max & >= Min  Product Price is ->34999.0
17:00:51 [TestNG-test-Test-3] INFO  verifyingPriceSilderFunctionality_Mobile_17-00-29 - [verifyingPriceSilderFunctionality_Mobile_17-00-29] Min Price Applied is  18700.0   Product Price is 34,999  Max Price Applied is 69700.0
17:00:51 [TestNG-test-Test-3] INFO  verifyingPriceSilderFunctionality_Mobile_17-00-29 - [verifyingPriceSilderFunctionality_Mobile_17-00-29] Price Check <= Max & >= Min  Product Price is ->25250.0
17:00:51 [TestNG-test-Test-3] INFO  verifyingPriceSilderFunctionality_Mobile_17-00-29 - [verifyingPriceSilderFunctionality_Mobile_17-00-29] Min Price Applied is  18700.0   Product Price is 25,250  Max Price Applied is 69700.0
17:00:51 [TestNG-test-Test-3] INFO  verifyingPriceSilderFunctionality_Mobile_17-00-29 - [verifyingPriceSilderFunctionality_Mobile_17-00-29] Price Check <= Max & >= Min  Product Price is ->20999.0
17:00:51 [TestNG-test-Test-3] INFO  verifyingPriceSilderFunctionality_Mobile_17-00-29 - [verifyingPriceSilderFunctionality_Mobile_17-00-29] Min Price Applied is  18700.0   Product Price is 20,999  Max Price Applied is 69700.0
17:00:51 [TestNG-test-Test-3] INFO  verifyingPriceSilderFunctionality_Mobile_17-00-29 - [verifyingPriceSilderFunctionality_Mobile_17-00-29] Price Check <= Max & >= Min  Product Price is ->25499.0
17:00:51 [TestNG-test-Test-3] INFO  verifyingPriceSilderFunctionality_Mobile_17-00-29 - [verifyingPriceSilderFunctionality_Mobile_17-00-29] Min Price Applied is  18700.0   Product Price is 25,499  Max Price Applied is 69700.0
17:00:51 [TestNG-test-Test-3] INFO  verifyingPriceSilderFunctionality_Mobile_17-00-29 - [verifyingPriceSilderFunctionality_Mobile_17-00-29] Price Check <= Max & >= Min  Product Price is ->21690.0
17:00:51 [TestNG-test-Test-3] INFO  verifyingPriceSilderFunctionality_Mobile_17-00-29 - [verifyingPriceSilderFunctionality_Mobile_17-00-29] Min Price Applied is  18700.0   Product Price is 21,690  Max Price Applied is 69700.0
17:00:51 [TestNG-test-Test-3] INFO  verifyingPriceSilderFunctionality_Mobile_17-00-29 - [verifyingPriceSilderFunctionality_Mobile_17-00-29] Price Check <= Max & >= Min  Product Price is ->22287.0
17:00:51 [TestNG-test-Test-3] INFO  verifyingPriceSilderFunctionality_Mobile_17-00-29 - [verifyingPriceSilderFunctionality_Mobile_17-00-29] Min Price Applied is  18700.0   Product Price is 22,287  Max Price Applied is 69700.0
17:00:51 [TestNG-test-Test-3] INFO  verifyingPriceSilderFunctionality_Mobile_17-00-29 - [verifyingPriceSilderFunctionality_Mobile_17-00-29] Price Check <= Max & >= Min  Product Price is ->38999.0
17:00:51 [TestNG-test-Test-3] INFO  verifyingPriceSilderFunctionality_Mobile_17-00-29 - [verifyingPriceSilderFunctionality_Mobile_17-00-29] Min Price Applied is  18700.0   Product Price is 38,999  Max Price Applied is 69700.0
17:00:51 [TestNG-test-Test-3] INFO  verifyingPriceSilderFunctionality_Mobile_17-00-29 - [verifyingPriceSilderFunctionality_Mobile_17-00-29] Price Check <= Max & >= Min  Product Price is ->41999.0
17:00:51 [TestNG-test-Test-3] INFO  verifyingPriceSilderFunctionality_Mobile_17-00-29 - [verifyingPriceSilderFunctionality_Mobile_17-00-29] Min Price Applied is  18700.0   Product Price is 41,999  Max Price Applied is 69700.0
17:00:51 [TestNG-test-Test-3] INFO  verifyingPriceSilderFunctionality_Mobile_17-00-29 - [verifyingPriceSilderFunctionality_Mobile_17-00-29] Price Check <= Max & >= Min  Product Price is ->28999.0
17:00:51 [TestNG-test-Test-3] INFO  verifyingPriceSilderFunctionality_Mobile_17-00-29 - [verifyingPriceSilderFunctionality_Mobile_17-00-29] Min Price Applied is  18700.0   Product Price is 28,999  Max Price Applied is 69700.0
17:00:51 [TestNG-test-Test-3] INFO  verifyingPriceSilderFunctionality_Mobile_17-00-29 - [verifyingPriceSilderFunctionality_Mobile_17-00-29] Price Check <= Max & >= Min  Product Price is ->26499.0
17:00:51 [TestNG-test-Test-3] INFO  verifyingPriceSilderFunctionality_Mobile_17-00-29 - [verifyingPriceSilderFunctionality_Mobile_17-00-29] Min Price Applied is  18700.0   Product Price is 26,499  Max Price Applied is 69700.0
17:00:51 [TestNG-test-Test-3] INFO  verifyingPriceSilderFunctionality_Mobile_17-00-29 - [verifyingPriceSilderFunctionality_Mobile_17-00-29] Price Check <= Max & >= Min  Product Price is ->30999.0
17:00:51 [TestNG-test-Test-3] INFO  verifyingPriceSilderFunctionality_Mobile_17-00-29 - [verifyingPriceSilderFunctionality_Mobile_17-00-29] Min Price Applied is  18700.0   Product Price is 30,999  Max Price Applied is 69700.0
17:00:51 [TestNG-test-Test-3] INFO  verifyingPriceSilderFunctionality_Mobile_17-00-29 - [verifyingPriceSilderFunctionality_Mobile_17-00-29] Price Check <= Max & >= Min  Product Price is ->24999.0
17:00:51 [TestNG-test-Test-3] INFO  verifyingPriceSilderFunctionality_Mobile_17-00-29 - [verifyingPriceSilderFunctionality_Mobile_17-00-29] Min Price Applied is  18700.0   Product Price is 24,999  Max Price Applied is 69700.0
17:00:51 [TestNG-test-Test-3] INFO  verifyingPriceSilderFunctionality_Mobile_17-00-29 - [verifyingPriceSilderFunctionality_Mobile_17-00-29] Price Check <= Max & >= Min  Product Price is ->19399.0
17:00:51 [TestNG-test-Test-3] INFO  verifyingPriceSilderFunctionality_Mobile_17-00-29 - [verifyingPriceSilderFunctionality_Mobile_17-00-29] Min Price Applied is  18700.0   Product Price is 19,399  Max Price Applied is 69700.0
17:00:51 [TestNG-test-Test-3] INFO  verifyingPriceSilderFunctionality_Mobile_17-00-29 - [verifyingPriceSilderFunctionality_Mobile_17-00-29] Adding the data 'min','max','isValid' ,'mismatches' to 'result' Map->121
17:00:51 [TestNG-test-Test-3] INFO  verifyingPriceSilderFunctionality_Mobile_17-00-29 - [verifyingPriceSilderFunctionality_Mobile_17-00-29] Adding the 'results'  Map to the master 'allResults' i.e is List of maps->121
17:00:51 [TestNG-test-Test-3] INFO  verifyingPriceSilderFunctionality_Mobile_17-00-29 - [verifyingPriceSilderFunctionality_Mobile_17-00-29] Within safeFindElement method
17:00:51 [TestNG-test-Test-3] INFO  verifyingPriceSilderFunctionality_Mobile_17-00-29 - [verifyingPriceSilderFunctionality_Mobile_17-00-29]Found the element returning it ,element ->[[ChromeDriver: chrome on windows (9e651f90dfeb665f1a6ca932da286b3c)] -> id: p_36/range-slider_slider-item_lower-bound-slider]
17:00:51 [TestNG-test-Test-3] INFO  verifyingPriceSilderFunctionality_Mobile_17-00-29 - [verifyingPriceSilderFunctionality_Mobile_17-00-29] in the setSliderValue method with value 131
17:00:51 [TestNG-test-Test-3] INFO  verifyingPriceSilderFunctionality_Mobile_17-00-29 - [verifyingPriceSilderFunctionality_Mobile_17-00-29] Within safeFindElement method
17:00:51 [TestNG-test-Test-3] INFO  verifyingPriceSilderFunctionality_Mobile_17-00-29 - [verifyingPriceSilderFunctionality_Mobile_17-00-29]Found the element returning it ,element ->[[ChromeDriver: chrome on windows (9e651f90dfeb665f1a6ca932da286b3c)] -> id: p_36/range-slider_slider-item_upper-bound-slider]
17:00:51 [TestNG-test-Test-3] INFO  verifyingPriceSilderFunctionality_Mobile_17-00-29 - [verifyingPriceSilderFunctionality_Mobile_17-00-29] in the setSliderValue method with value 161
17:00:52 [TestNG-test-Test-3] INFO  verifyingPriceSilderFunctionality_Mobile_17-00-29 - [verifyingPriceSilderFunctionality_Mobile_17-00-29] Within safeFindElement method
17:00:53 [TestNG-test-Test-3] INFO  verifyingPriceSilderFunctionality_Mobile_17-00-29 - [verifyingPriceSilderFunctionality_Mobile_17-00-29]Found the element returning it ,element ->[[ChromeDriver: chrome on windows (9e651f90dfeb665f1a6ca932da286b3c)] -> xpath: //label[@for='p_36/range-slider_slider-item_upper-bound-slider']]
17:00:53 [TestNG-test-Test-3] INFO  verifyingPriceSilderFunctionality_Mobile_17-00-29 - [verifyingPriceSilderFunctionality_Mobile_17-00-29] Within safeFindElement method
17:00:53 [TestNG-test-Test-3] INFO  verifyingPriceSilderFunctionality_Mobile_17-00-29 - [verifyingPriceSilderFunctionality_Mobile_17-00-29]Found the element returning it ,element ->[[ChromeDriver: chrome on windows (9e651f90dfeb665f1a6ca932da286b3c)] -> xpath: //label[@for='p_36/range-slider_slider-item_lower-bound-slider']]
17:00:53 [TestNG-test-Test-3] INFO  verifyingPriceSilderFunctionality_Mobile_17-00-29 - [verifyingPriceSilderFunctionality_Mobile_17-00-29] Within safeFindElements 
17:00:53 [TestNG-test-Test-3] INFO  verifyingPriceSilderFunctionality_Mobile_17-00-29 - [verifyingPriceSilderFunctionality_Mobile_17-00-29] Returning the  [[[ChromeDriver: chrome on windows (9e651f90dfeb665f1a6ca932da286b3c)] -> xpath: //span[@class='a-price-whole']], [[ChromeDriver: chrome on windows (9e651f90dfeb665f1a6ca932da286b3c)] -> xpath: //span[@class='a-price-whole']], [[ChromeDriver: chrome on windows (9e651f90dfeb665f1a6ca932da286b3c)] -> xpath: //span[@class='a-price-whole']], [[ChromeDriver: chrome on windows (9e651f90dfeb665f1a6ca932da286b3c)] -> xpath: //span[@class='a-price-whole']], [[ChromeDriver: chrome on windows (9e651f90dfeb665f1a6ca932da286b3c)] -> xpath: //span[@class='a-price-whole']], [[ChromeDriver: chrome on windows (9e651f90dfeb665f1a6ca932da286b3c)] -> xpath: //span[@class='a-price-whole']], [[ChromeDriver: chrome on windows (9e651f90dfeb665f1a6ca932da286b3c)] -> xpath: //span[@class='a-price-whole']], [[ChromeDriver: chrome on windows (9e651f90dfeb665f1a6ca932da286b3c)] -> xpath: //span[@class='a-price-whole']], [[ChromeDriver: chrome on windows (9e651f90dfeb665f1a6ca932da286b3c)] -> xpath: //span[@class='a-price-whole']], [[ChromeDriver: chrome on windows (9e651f90dfeb665f1a6ca932da286b3c)] -> xpath: //span[@class='a-price-whole']], [[ChromeDriver: chrome on windows (9e651f90dfeb665f1a6ca932da286b3c)] -> xpath: //span[@class='a-price-whole']], [[ChromeDriver: chrome on windows (9e651f90dfeb665f1a6ca932da286b3c)] -> xpath: //span[@class='a-price-whole']], [[ChromeDriver: chrome on windows (9e651f90dfeb665f1a6ca932da286b3c)] -> xpath: //span[@class='a-price-whole']], [[ChromeDriver: chrome on windows (9e651f90dfeb665f1a6ca932da286b3c)] -> xpath: //span[@class='a-price-whole']], [[ChromeDriver: chrome on windows (9e651f90dfeb665f1a6ca932da286b3c)] -> xpath: //span[@class='a-price-whole']], [[ChromeDriver: chrome on windows (9e651f90dfeb665f1a6ca932da286b3c)] -> xpath: //span[@class='a-price-whole']], [[ChromeDriver: chrome on windows (9e651f90dfeb665f1a6ca932da286b3c)] -> xpath: //span[@class='a-price-whole']]] from the safeFindElements method
17:00:53 [TestNG-test-Test-3] INFO  verifyingPriceSilderFunctionality_Mobile_17-00-29 - [verifyingPriceSilderFunctionality_Mobile_17-00-29] Min Price Applied is  ₹56,300   Product Price is 59,999  Max Price Applied is ₹141,600
17:00:53 [TestNG-test-Test-3] INFO  verifyingPriceSilderFunctionality_Mobile_17-00-29 - [verifyingPriceSilderFunctionality_Mobile_17-00-29] Min Price Applied is  ₹56,300   Product Price is 61,490  Max Price Applied is ₹141,600
17:00:53 [TestNG-test-Test-3] INFO  verifyingPriceSilderFunctionality_Mobile_17-00-29 - [verifyingPriceSilderFunctionality_Mobile_17-00-29] Min Price Applied is  ₹56,300   Product Price is 64,890  Max Price Applied is ₹141,600
17:00:53 [TestNG-test-Test-3] INFO  verifyingPriceSilderFunctionality_Mobile_17-00-29 - [verifyingPriceSilderFunctionality_Mobile_17-00-29] Min Price Applied is  ₹56,300   Product Price is 93,999  Max Price Applied is ₹141,600
17:00:53 [TestNG-test-Test-3] INFO  verifyingPriceSilderFunctionality_Mobile_17-00-29 - [verifyingPriceSilderFunctionality_Mobile_17-00-29] Min Price Applied is  ₹56,300   Product Price is 56,999  Max Price Applied is ₹141,600
17:00:53 [TestNG-test-Test-3] INFO  verifyingPriceSilderFunctionality_Mobile_17-00-29 - [verifyingPriceSilderFunctionality_Mobile_17-00-29] Min Price Applied is  ₹56,300   Product Price is 59,999  Max Price Applied is ₹141,600
17:00:53 [TestNG-test-Test-3] INFO  verifyingPriceSilderFunctionality_Mobile_17-00-29 - [verifyingPriceSilderFunctionality_Mobile_17-00-29] Min Price Applied is  ₹56,300   Product Price is 59,449  Max Price Applied is ₹141,600
17:00:53 [TestNG-test-Test-3] INFO  verifyingPriceSilderFunctionality_Mobile_17-00-29 - [verifyingPriceSilderFunctionality_Mobile_17-00-29] Min Price Applied is  ₹56,300   Product Price is 61,990  Max Price Applied is ₹141,600
17:00:53 [TestNG-test-Test-3] INFO  verifyingPriceSilderFunctionality_Mobile_17-00-29 - [verifyingPriceSilderFunctionality_Mobile_17-00-29] Min Price Applied is  ₹56,300   Product Price is 59,999  Max Price Applied is ₹141,600
17:00:53 [TestNG-test-Test-3] INFO  verifyingPriceSilderFunctionality_Mobile_17-00-29 - [verifyingPriceSilderFunctionality_Mobile_17-00-29] Min Price Applied is  ₹56,300   Product Price is 56,999  Max Price Applied is ₹141,600
17:00:53 [TestNG-test-Test-3] INFO  verifyingPriceSilderFunctionality_Mobile_17-00-29 - [verifyingPriceSilderFunctionality_Mobile_17-00-29] Min Price Applied is  ₹56,300   Product Price is 99,999  Max Price Applied is ₹141,600
17:00:53 [TestNG-test-Test-3] INFO  verifyingPriceSilderFunctionality_Mobile_17-00-29 - [verifyingPriceSilderFunctionality_Mobile_17-00-29] Min Price Applied is  ₹56,300   Product Price is 56,599  Max Price Applied is ₹141,600
17:00:53 [TestNG-test-Test-3] INFO  verifyingPriceSilderFunctionality_Mobile_17-00-29 - [verifyingPriceSilderFunctionality_Mobile_17-00-29] Min Price Applied is  ₹56,300   Product Price is 99,999  Max Price Applied is ₹141,600
17:00:53 [TestNG-test-Test-3] INFO  verifyingPriceSilderFunctionality_Mobile_17-00-29 - [verifyingPriceSilderFunctionality_Mobile_17-00-29] Min Price Applied is  ₹56,300   Product Price is 62,999  Max Price Applied is ₹141,600
17:00:53 [TestNG-test-Test-3] INFO  verifyingPriceSilderFunctionality_Mobile_17-00-29 - [verifyingPriceSilderFunctionality_Mobile_17-00-29] Min Price Applied is  ₹56,300   Product Price is 99,999  Max Price Applied is ₹141,600
17:00:53 [TestNG-test-Test-3] INFO  verifyingPriceSilderFunctionality_Mobile_17-00-29 - [verifyingPriceSilderFunctionality_Mobile_17-00-29] Min Price Applied is  ₹56,300   Product Price is 56,599  Max Price Applied is ₹141,600
17:00:53 [TestNG-test-Test-3] INFO  verifyingPriceSilderFunctionality_Mobile_17-00-29 - [verifyingPriceSilderFunctionality_Mobile_17-00-29] Min Price Applied is  ₹56,300   Product Price is 89,999  Max Price Applied is ₹141,600
17:00:53 [TestNG-test-Test-3] INFO  verifyingPriceSilderFunctionality_Mobile_17-00-29 - [verifyingPriceSilderFunctionality_Mobile_17-00-29] Within smoothScrollToElement method
17:00:53 [TestNG-test-Test-3] INFO  verifyingPriceSilderFunctionality_Mobile_17-00-29 - [verifyingPriceSilderFunctionality_Mobile_17-00-29] Within safeFindElement method
17:00:53 [TestNG-test-Test-3] INFO  verifyingPriceSilderFunctionality_Mobile_17-00-29 - [verifyingPriceSilderFunctionality_Mobile_17-00-29]Found the element returning it ,element ->[[ChromeDriver: chrome on windows (9e651f90dfeb665f1a6ca932da286b3c)] -> id: p_36/range-slider_slider-item_lower-bound-slider]
17:00:53 [TestNG-test-Test-3] INFO  verifyingPriceSilderFunctionality_Mobile_17-00-29 - [verifyingPriceSilderFunctionality_Mobile_17-00-29] Successfully scrolled to element: By.id: p_36/range-slider_slider-item_lower-bound-slider
17:00:53 [TestNG-test-Test-3] INFO  verifyingPriceSilderFunctionality_Mobile_17-00-29 - [verifyingPriceSilderFunctionality_Mobile_17-00-29] Price Check <= Max & >= Min  Product Price is ->59999.0
17:00:53 [TestNG-test-Test-3] INFO  verifyingPriceSilderFunctionality_Mobile_17-00-29 - [verifyingPriceSilderFunctionality_Mobile_17-00-29] Min Price Applied is  56300.0   Product Price is 59,999  Max Price Applied is 141600.0
17:00:53 [TestNG-test-Test-3] INFO  verifyingPriceSilderFunctionality_Mobile_17-00-29 - [verifyingPriceSilderFunctionality_Mobile_17-00-29] Price Check <= Max & >= Min  Product Price is ->61490.0
17:00:53 [TestNG-test-Test-3] INFO  verifyingPriceSilderFunctionality_Mobile_17-00-29 - [verifyingPriceSilderFunctionality_Mobile_17-00-29] Min Price Applied is  56300.0   Product Price is 61,490  Max Price Applied is 141600.0
17:00:53 [TestNG-test-Test-3] INFO  verifyingPriceSilderFunctionality_Mobile_17-00-29 - [verifyingPriceSilderFunctionality_Mobile_17-00-29] Price Check <= Max & >= Min  Product Price is ->64890.0
17:00:53 [TestNG-test-Test-3] INFO  verifyingPriceSilderFunctionality_Mobile_17-00-29 - [verifyingPriceSilderFunctionality_Mobile_17-00-29] Min Price Applied is  56300.0   Product Price is 64,890  Max Price Applied is 141600.0
17:00:53 [TestNG-test-Test-3] INFO  verifyingPriceSilderFunctionality_Mobile_17-00-29 - [verifyingPriceSilderFunctionality_Mobile_17-00-29] Price Check <= Max & >= Min  Product Price is ->93999.0
17:00:53 [TestNG-test-Test-3] INFO  verifyingPriceSilderFunctionality_Mobile_17-00-29 - [verifyingPriceSilderFunctionality_Mobile_17-00-29] Min Price Applied is  56300.0   Product Price is 93,999  Max Price Applied is 141600.0
17:00:53 [TestNG-test-Test-3] INFO  verifyingPriceSilderFunctionality_Mobile_17-00-29 - [verifyingPriceSilderFunctionality_Mobile_17-00-29] Price Check <= Max & >= Min  Product Price is ->56999.0
17:00:53 [TestNG-test-Test-3] INFO  verifyingPriceSilderFunctionality_Mobile_17-00-29 - [verifyingPriceSilderFunctionality_Mobile_17-00-29] Min Price Applied is  56300.0   Product Price is 56,999  Max Price Applied is 141600.0
17:00:53 [TestNG-test-Test-3] INFO  verifyingPriceSilderFunctionality_Mobile_17-00-29 - [verifyingPriceSilderFunctionality_Mobile_17-00-29] Price Check <= Max & >= Min  Product Price is ->59999.0
17:00:53 [TestNG-test-Test-3] INFO  verifyingPriceSilderFunctionality_Mobile_17-00-29 - [verifyingPriceSilderFunctionality_Mobile_17-00-29] Min Price Applied is  56300.0   Product Price is 59,999  Max Price Applied is 141600.0
17:00:53 [TestNG-test-Test-3] INFO  verifyingPriceSilderFunctionality_Mobile_17-00-29 - [verifyingPriceSilderFunctionality_Mobile_17-00-29] Price Check <= Max & >= Min  Product Price is ->59449.0
17:00:53 [TestNG-test-Test-3] INFO  verifyingPriceSilderFunctionality_Mobile_17-00-29 - [verifyingPriceSilderFunctionality_Mobile_17-00-29] Min Price Applied is  56300.0   Product Price is 59,449  Max Price Applied is 141600.0
17:00:53 [TestNG-test-Test-3] INFO  verifyingPriceSilderFunctionality_Mobile_17-00-29 - [verifyingPriceSilderFunctionality_Mobile_17-00-29] Price Check <= Max & >= Min  Product Price is ->61990.0
17:00:53 [TestNG-test-Test-3] INFO  verifyingPriceSilderFunctionality_Mobile_17-00-29 - [verifyingPriceSilderFunctionality_Mobile_17-00-29] Min Price Applied is  56300.0   Product Price is 61,990  Max Price Applied is 141600.0
17:00:53 [TestNG-test-Test-3] INFO  verifyingPriceSilderFunctionality_Mobile_17-00-29 - [verifyingPriceSilderFunctionality_Mobile_17-00-29] Price Check <= Max & >= Min  Product Price is ->59999.0
17:00:53 [TestNG-test-Test-3] INFO  verifyingPriceSilderFunctionality_Mobile_17-00-29 - [verifyingPriceSilderFunctionality_Mobile_17-00-29] Min Price Applied is  56300.0   Product Price is 59,999  Max Price Applied is 141600.0
17:00:53 [TestNG-test-Test-3] INFO  verifyingPriceSilderFunctionality_Mobile_17-00-29 - [verifyingPriceSilderFunctionality_Mobile_17-00-29] Price Check <= Max & >= Min  Product Price is ->56999.0
17:00:53 [TestNG-test-Test-3] INFO  verifyingPriceSilderFunctionality_Mobile_17-00-29 - [verifyingPriceSilderFunctionality_Mobile_17-00-29] Min Price Applied is  56300.0   Product Price is 56,999  Max Price Applied is 141600.0
17:00:53 [TestNG-test-Test-3] INFO  verifyingPriceSilderFunctionality_Mobile_17-00-29 - [verifyingPriceSilderFunctionality_Mobile_17-00-29] Price Check <= Max & >= Min  Product Price is ->99999.0
17:00:53 [TestNG-test-Test-3] INFO  verifyingPriceSilderFunctionality_Mobile_17-00-29 - [verifyingPriceSilderFunctionality_Mobile_17-00-29] Min Price Applied is  56300.0   Product Price is 99,999  Max Price Applied is 141600.0
17:00:53 [TestNG-test-Test-3] INFO  verifyingPriceSilderFunctionality_Mobile_17-00-29 - [verifyingPriceSilderFunctionality_Mobile_17-00-29] Price Check <= Max & >= Min  Product Price is ->56599.0
17:00:53 [TestNG-test-Test-3] INFO  verifyingPriceSilderFunctionality_Mobile_17-00-29 - [verifyingPriceSilderFunctionality_Mobile_17-00-29] Min Price Applied is  56300.0   Product Price is 56,599  Max Price Applied is 141600.0
17:00:53 [TestNG-test-Test-3] INFO  verifyingPriceSilderFunctionality_Mobile_17-00-29 - [verifyingPriceSilderFunctionality_Mobile_17-00-29] Price Check <= Max & >= Min  Product Price is ->99999.0
17:00:53 [TestNG-test-Test-3] INFO  verifyingPriceSilderFunctionality_Mobile_17-00-29 - [verifyingPriceSilderFunctionality_Mobile_17-00-29] Min Price Applied is  56300.0   Product Price is 99,999  Max Price Applied is 141600.0
17:00:53 [TestNG-test-Test-3] INFO  verifyingPriceSilderFunctionality_Mobile_17-00-29 - [verifyingPriceSilderFunctionality_Mobile_17-00-29] Price Check <= Max & >= Min  Product Price is ->62999.0
17:00:53 [TestNG-test-Test-3] INFO  verifyingPriceSilderFunctionality_Mobile_17-00-29 - [verifyingPriceSilderFunctionality_Mobile_17-00-29] Min Price Applied is  56300.0   Product Price is 62,999  Max Price Applied is 141600.0
17:00:53 [TestNG-test-Test-3] INFO  verifyingPriceSilderFunctionality_Mobile_17-00-29 - [verifyingPriceSilderFunctionality_Mobile_17-00-29] Price Check <= Max & >= Min  Product Price is ->99999.0
17:00:53 [TestNG-test-Test-3] INFO  verifyingPriceSilderFunctionality_Mobile_17-00-29 - [verifyingPriceSilderFunctionality_Mobile_17-00-29] Min Price Applied is  56300.0   Product Price is 99,999  Max Price Applied is 141600.0
17:00:53 [TestNG-test-Test-3] INFO  verifyingPriceSilderFunctionality_Mobile_17-00-29 - [verifyingPriceSilderFunctionality_Mobile_17-00-29] Price Check <= Max & >= Min  Product Price is ->56599.0
17:00:53 [TestNG-test-Test-3] INFO  verifyingPriceSilderFunctionality_Mobile_17-00-29 - [verifyingPriceSilderFunctionality_Mobile_17-00-29] Min Price Applied is  56300.0   Product Price is 56,599  Max Price Applied is 141600.0
17:00:53 [TestNG-test-Test-3] INFO  verifyingPriceSilderFunctionality_Mobile_17-00-29 - [verifyingPriceSilderFunctionality_Mobile_17-00-29] Price Check <= Max & >= Min  Product Price is ->89999.0
17:00:53 [TestNG-test-Test-3] INFO  verifyingPriceSilderFunctionality_Mobile_17-00-29 - [verifyingPriceSilderFunctionality_Mobile_17-00-29] Min Price Applied is  56300.0   Product Price is 89,999  Max Price Applied is 141600.0
17:00:53 [TestNG-test-Test-3] INFO  verifyingPriceSilderFunctionality_Mobile_17-00-29 - [verifyingPriceSilderFunctionality_Mobile_17-00-29] Adding the data 'min','max','isValid' ,'mismatches' to 'result' Map->161
17:00:53 [TestNG-test-Test-3] INFO  verifyingPriceSilderFunctionality_Mobile_17-00-29 - [verifyingPriceSilderFunctionality_Mobile_17-00-29] Adding the 'results'  Map to the master 'allResults' i.e is List of maps->161
17:00:53 [TestNG-test-Test-3] INFO  verifyingPriceSilderFunctionality_Mobile_17-00-29 - [verifyingPriceSilderFunctionality_Mobile_17-00-29] Returning the data here in the end
17:00:53 [TestNG-test-Test-3] INFO  verifyingPriceSilderFunctionality_Mobile_17-00-29 - [verifyingPriceSilderFunctionality_Mobile_17-00-29]  Price range validated successfully: 61 - 81
17:00:53 [TestNG-test-Test-3] INFO  verifyingPriceSilderFunctionality_Mobile_17-00-29 - [verifyingPriceSilderFunctionality_Mobile_17-00-29] ------------------------------------------------------------
17:00:53 [TestNG-test-Test-3] INFO  verifyingPriceSilderFunctionality_Mobile_17-00-29 - [verifyingPriceSilderFunctionality_Mobile_17-00-29]  Price range validated successfully: 91 - 121
17:00:53 [TestNG-test-Test-3] INFO  verifyingPriceSilderFunctionality_Mobile_17-00-29 - [verifyingPriceSilderFunctionality_Mobile_17-00-29] ------------------------------------------------------------
17:00:53 [TestNG-test-Test-3] INFO  verifyingPriceSilderFunctionality_Mobile_17-00-29 - [verifyingPriceSilderFunctionality_Mobile_17-00-29]  Price range validated successfully: 131 - 161
17:00:53 [TestNG-test-Test-3] INFO  verifyingPriceSilderFunctionality_Mobile_17-00-29 - [verifyingPriceSilderFunctionality_Mobile_17-00-29] ------------------------------------------------------------
17:00:53 [TestNG-test-Test-3] INFO  verifyingPriceSilderFunctionality_Mobile_17-00-29 - [verifyingPriceSilderFunctionality_Mobile_17-00-29]  Asserting all soft assertions now...
