20:52:48 [TestNG-test-Test-3] INFO  verifyingGetItIn2DaysFilterFunctionality_Tablet_20-52-48 - No existing WebDriver found for current thread. Initializing a new ChromeDriver...
20:52:48 [TestNG-test-Test-3] INFO  verifyingGetItIn2DaysFilterFunctionality_Tablet_20-52-48 - WebDriverManager: chromedriver setup OK
20:52:50 [TestNG-test-Test-3] INFO  verifyingGetItIn2DaysFilterFunctionality_Tablet_20-52-48 - ChromeDriver initialized successfully for thread: 36
20:52:52 [TestNG-test-Test-3] INFO  verifyingGetItIn2DaysFilterFunctionality_Tablet_20-52-48 - [verifyingGetItIn2DaysFilterFunctionality_Tablet_20-52-48] Opening amazon Landing page
20:52:52 [TestNG-test-Test-3] INFO  verifyingGetItIn2DaysFilterFunctionality_Tablet_20-52-48 - [verifyingGetItIn2DaysFilterFunctionality_Tablet_20-52-48] Within safeFindElement method
20:52:53 [TestNG-test-Test-3] INFO  verifyingGetItIn2DaysFilterFunctionality_Tablet_20-52-48 - [verifyingGetItIn2DaysFilterFunctionality_Tablet_20-52-48]Found the element returning it ,element ->[[ChromeDriver: chrome on windows (6ea0ad3e32b7a4b58814e12f19b9d772)] -> xpath: //a[@id='nav-logo-sprites']]
20:52:55 [TestNG-test-Test-3] INFO  verifyingGetItIn2DaysFilterFunctionality_Tablet_20-52-48 - [verifyingGetItIn2DaysFilterFunctionality_Tablet_20-52-48] Giving input within the search bar
20:52:55 [TestNG-test-Test-3] INFO  verifyingGetItIn2DaysFilterFunctionality_Tablet_20-52-48 - [verifyingGetItIn2DaysFilterFunctionality_Tablet_20-52-48] Within safeClick method
20:52:58 [TestNG-test-Test-3] INFO  verifyingGetItIn2DaysFilterFunctionality_Tablet_20-52-48 - [verifyingGetItIn2DaysFilterFunctionality_Tablet_20-52-48] Clicked the  [[ChromeDriver: chrome on windows (6ea0ad3e32b7a4b58814e12f19b9d772)] -> xpath: //input[@id='nav-search-submit-button']]   using safeClick
20:52:58 [TestNG-test-Test-3] INFO  verifyingGetItIn2DaysFilterFunctionality_Tablet_20-52-48 - [verifyingGetItIn2DaysFilterFunctionality_Tablet_20-52-48] Clicking on the submit in the search bar
20:52:59 [TestNG-test-Test-3] INFO  verifyingGetItIn2DaysFilterFunctionality_Tablet_20-52-48 - [verifyingGetItIn2DaysFilterFunctionality_Tablet_20-52-48] Waiting until element is visible in viewport
20:52:59 [TestNG-test-Test-3] INFO  verifyingGetItIn2DaysFilterFunctionality_Tablet_20-52-48 - [verifyingGetItIn2DaysFilterFunctionality_Tablet_20-52-48] Within validateDeliveryFilterOptionsWithResult method
20:52:59 [TestNG-test-Test-3] INFO  verifyingGetItIn2DaysFilterFunctionality_Tablet_20-52-48 - [verifyingGetItIn2DaysFilterFunctionality_Tablet_20-52-48] Within safeClick method
20:53:00 [TestNG-test-Test-3] INFO  verifyingGetItIn2DaysFilterFunctionality_Tablet_20-52-48 - [verifyingGetItIn2DaysFilterFunctionality_Tablet_20-52-48] Clicked the  [[ChromeDriver: chrome on windows (6ea0ad3e32b7a4b58814e12f19b9d772)] -> xpath: //span[@class='a-size-base a-color-base puis-bold-weight-text' and text()='Delivery Day']/parent::div/following-sibling::ul//span[@class='a-size-base a-color-base' and text()='Get It in 2 Days']]   using safeClick
20:53:00 [TestNG-test-Test-3] INFO  verifyingGetItIn2DaysFilterFunctionality_Tablet_20-52-48 - [verifyingGetItIn2DaysFilterFunctionality_Tablet_20-52-48] Within getMoreButtonByFilterTypeAndName method
20:53:00 [TestNG-test-Test-3] INFO  verifyingGetItIn2DaysFilterFunctionality_Tablet_20-52-48 - [verifyingGetItIn2DaysFilterFunctionality_Tablet_20-52-48] Clicked on By.xpath: //span[@class='a-size-base a-color-base puis-bold-weight-text' and text()='Delivery Day']/parent::div/following-sibling::ul//span[@class='a-size-base a-color-base' and text()='Get It in 2 Days']
20:53:00 [TestNG-test-Test-3] INFO  verifyingGetItIn2DaysFilterFunctionality_Tablet_20-52-48 - [verifyingGetItIn2DaysFilterFunctionality_Tablet_20-52-48] Within safeFindElements 
20:53:01 [TestNG-test-Test-3] INFO  verifyingGetItIn2DaysFilterFunctionality_Tablet_20-52-48 - [verifyingGetItIn2DaysFilterFunctionality_Tablet_20-52-48] Returning the  [[[ChromeDriver: chrome on windows (6ea0ad3e32b7a4b58814e12f19b9d772)] -> xpath: //div[@class='a-section a-spacing-small a-spacing-top-small']], [[ChromeDriver: chrome on windows (6ea0ad3e32b7a4b58814e12f19b9d772)] -> xpath: //div[@class='a-section a-spacing-small a-spacing-top-small']], [[ChromeDriver: chrome on windows (6ea0ad3e32b7a4b58814e12f19b9d772)] -> xpath: //div[@class='a-section a-spacing-small a-spacing-top-small']], [[ChromeDriver: chrome on windows (6ea0ad3e32b7a4b58814e12f19b9d772)] -> xpath: //div[@class='a-section a-spacing-small a-spacing-top-small']], [[ChromeDriver: chrome on windows (6ea0ad3e32b7a4b58814e12f19b9d772)] -> xpath: //div[@class='a-section a-spacing-small a-spacing-top-small']], [[ChromeDriver: chrome on windows (6ea0ad3e32b7a4b58814e12f19b9d772)] -> xpath: //div[@class='a-section a-spacing-small a-spacing-top-small']], [[ChromeDriver: chrome on windows (6ea0ad3e32b7a4b58814e12f19b9d772)] -> xpath: //div[@class='a-section a-spacing-small a-spacing-top-small']], [[ChromeDriver: chrome on windows (6ea0ad3e32b7a4b58814e12f19b9d772)] -> xpath: //div[@class='a-section a-spacing-small a-spacing-top-small']], [[ChromeDriver: chrome on windows (6ea0ad3e32b7a4b58814e12f19b9d772)] -> xpath: //div[@class='a-section a-spacing-small a-spacing-top-small']], [[ChromeDriver: chrome on windows (6ea0ad3e32b7a4b58814e12f19b9d772)] -> xpath: //div[@class='a-section a-spacing-small a-spacing-top-small']], [[ChromeDriver: chrome on windows (6ea0ad3e32b7a4b58814e12f19b9d772)] -> xpath: //div[@class='a-section a-spacing-small a-spacing-top-small']], [[ChromeDriver: chrome on windows (6ea0ad3e32b7a4b58814e12f19b9d772)] -> xpath: //div[@class='a-section a-spacing-small a-spacing-top-small']], [[ChromeDriver: chrome on windows (6ea0ad3e32b7a4b58814e12f19b9d772)] -> xpath: //div[@class='a-section a-spacing-small a-spacing-top-small']], [[ChromeDriver: chrome on windows (6ea0ad3e32b7a4b58814e12f19b9d772)] -> xpath: //div[@class='a-section a-spacing-small a-spacing-top-small']], [[ChromeDriver: chrome on windows (6ea0ad3e32b7a4b58814e12f19b9d772)] -> xpath: //div[@class='a-section a-spacing-small a-spacing-top-small']], [[ChromeDriver: chrome on windows (6ea0ad3e32b7a4b58814e12f19b9d772)] -> xpath: //div[@class='a-section a-spacing-small a-spacing-top-small']]] from the safeFindElements method
20:53:01 [TestNG-test-Test-3] INFO  verifyingGetItIn2DaysFilterFunctionality_Tablet_20-52-48 - [verifyingGetItIn2DaysFilterFunctionality_Tablet_20-52-48] Created hashset with required data to assert with Within validateDeliveryFilterOptions method
20:53:01 [TestNG-test-Test-3] INFO  verifyingGetItIn2DaysFilterFunctionality_Tablet_20-52-48 - [verifyingGetItIn2DaysFilterFunctionality_Tablet_20-52-48] this is the set  [Aug, Today, 03, 04, Tue, FREE delivery, Mon, Tomorrow]
20:53:01 [TestNG-test-Test-3] INFO  verifyingGetItIn2DaysFilterFunctionality_Tablet_20-52-48 - [verifyingGetItIn2DaysFilterFunctionality_Tablet_20-52-48] Within deliveryElements loop iterating over the products  Within validateDeliveryFilterOptions method
20:53:01 [TestNG-test-Test-3] INFO  verifyingGetItIn2DaysFilterFunctionality_Tablet_20-52-48 - [verifyingGetItIn2DaysFilterFunctionality_Tablet_20-52-48] Checking if the allowedDateParts have the assert text   Within validateDeliveryFilterOptions method
20:53:01 [TestNG-test-Test-3] INFO  verifyingGetItIn2DaysFilterFunctionality_Tablet_20-52-48 - [verifyingGetItIn2DaysFilterFunctionality_Tablet_20-52-48] Within deliveryElements loop iterating over the products  Within validateDeliveryFilterOptions method
20:53:01 [TestNG-test-Test-3] INFO  verifyingGetItIn2DaysFilterFunctionality_Tablet_20-52-48 - [verifyingGetItIn2DaysFilterFunctionality_Tablet_20-52-48] Checking if the allowedDateParts have the assert text   Within validateDeliveryFilterOptions method
20:53:01 [TestNG-test-Test-3] INFO  verifyingGetItIn2DaysFilterFunctionality_Tablet_20-52-48 - [verifyingGetItIn2DaysFilterFunctionality_Tablet_20-52-48] Within deliveryElements loop iterating over the products  Within validateDeliveryFilterOptions method
20:53:01 [TestNG-test-Test-3] INFO  verifyingGetItIn2DaysFilterFunctionality_Tablet_20-52-48 - [verifyingGetItIn2DaysFilterFunctionality_Tablet_20-52-48] Checking if the allowedDateParts have the assert text   Within validateDeliveryFilterOptions method
20:53:01 [TestNG-test-Test-3] INFO  verifyingGetItIn2DaysFilterFunctionality_Tablet_20-52-48 - [verifyingGetItIn2DaysFilterFunctionality_Tablet_20-52-48] Within deliveryElements loop iterating over the products  Within validateDeliveryFilterOptions method
20:53:01 [TestNG-test-Test-3] INFO  verifyingGetItIn2DaysFilterFunctionality_Tablet_20-52-48 - [verifyingGetItIn2DaysFilterFunctionality_Tablet_20-52-48] Checking if the allowedDateParts have the assert text   Within validateDeliveryFilterOptions method
20:53:01 [TestNG-test-Test-3] INFO  verifyingGetItIn2DaysFilterFunctionality_Tablet_20-52-48 - [verifyingGetItIn2DaysFilterFunctionality_Tablet_20-52-48] Within deliveryElements loop iterating over the products  Within validateDeliveryFilterOptions method
20:53:01 [TestNG-test-Test-3] INFO  verifyingGetItIn2DaysFilterFunctionality_Tablet_20-52-48 - [verifyingGetItIn2DaysFilterFunctionality_Tablet_20-52-48] Checking if the allowedDateParts have the assert text   Within validateDeliveryFilterOptions method
20:53:01 [TestNG-test-Test-3] INFO  verifyingGetItIn2DaysFilterFunctionality_Tablet_20-52-48 - [verifyingGetItIn2DaysFilterFunctionality_Tablet_20-52-48] Within deliveryElements loop iterating over the products  Within validateDeliveryFilterOptions method
20:53:01 [TestNG-test-Test-3] INFO  verifyingGetItIn2DaysFilterFunctionality_Tablet_20-52-48 - [verifyingGetItIn2DaysFilterFunctionality_Tablet_20-52-48] Checking if the allowedDateParts have the assert text   Within validateDeliveryFilterOptions method
20:53:01 [TestNG-test-Test-3] INFO  verifyingGetItIn2DaysFilterFunctionality_Tablet_20-52-48 - [verifyingGetItIn2DaysFilterFunctionality_Tablet_20-52-48] Within deliveryElements loop iterating over the products  Within validateDeliveryFilterOptions method
20:53:01 [TestNG-test-Test-3] INFO  verifyingGetItIn2DaysFilterFunctionality_Tablet_20-52-48 - [verifyingGetItIn2DaysFilterFunctionality_Tablet_20-52-48] Checking if the allowedDateParts have the assert text   Within validateDeliveryFilterOptions method
20:53:01 [TestNG-test-Test-3] INFO  verifyingGetItIn2DaysFilterFunctionality_Tablet_20-52-48 - [verifyingGetItIn2DaysFilterFunctionality_Tablet_20-52-48] Within deliveryElements loop iterating over the products  Within validateDeliveryFilterOptions method
20:53:01 [TestNG-test-Test-3] INFO  verifyingGetItIn2DaysFilterFunctionality_Tablet_20-52-48 - [verifyingGetItIn2DaysFilterFunctionality_Tablet_20-52-48] Checking if the allowedDateParts have the assert text   Within validateDeliveryFilterOptions method
20:53:01 [TestNG-test-Test-3] INFO  verifyingGetItIn2DaysFilterFunctionality_Tablet_20-52-48 - [verifyingGetItIn2DaysFilterFunctionality_Tablet_20-52-48] Within deliveryElements loop iterating over the products  Within validateDeliveryFilterOptions method
20:53:01 [TestNG-test-Test-3] INFO  verifyingGetItIn2DaysFilterFunctionality_Tablet_20-52-48 - [verifyingGetItIn2DaysFilterFunctionality_Tablet_20-52-48] Checking if the allowedDateParts have the assert text   Within validateDeliveryFilterOptions method
20:53:01 [TestNG-test-Test-3] INFO  verifyingGetItIn2DaysFilterFunctionality_Tablet_20-52-48 - [verifyingGetItIn2DaysFilterFunctionality_Tablet_20-52-48] Within deliveryElements loop iterating over the products  Within validateDeliveryFilterOptions method
20:53:01 [TestNG-test-Test-3] INFO  verifyingGetItIn2DaysFilterFunctionality_Tablet_20-52-48 - [verifyingGetItIn2DaysFilterFunctionality_Tablet_20-52-48] Checking if the allowedDateParts have the assert text   Within validateDeliveryFilterOptions method
20:53:01 [TestNG-test-Test-3] INFO  verifyingGetItIn2DaysFilterFunctionality_Tablet_20-52-48 - [verifyingGetItIn2DaysFilterFunctionality_Tablet_20-52-48] Within deliveryElements loop iterating over the products  Within validateDeliveryFilterOptions method
20:53:01 [TestNG-test-Test-3] INFO  verifyingGetItIn2DaysFilterFunctionality_Tablet_20-52-48 - [verifyingGetItIn2DaysFilterFunctionality_Tablet_20-52-48] Checking if the allowedDateParts have the assert text   Within validateDeliveryFilterOptions method
20:53:01 [TestNG-test-Test-3] INFO  verifyingGetItIn2DaysFilterFunctionality_Tablet_20-52-48 - [verifyingGetItIn2DaysFilterFunctionality_Tablet_20-52-48] Within deliveryElements loop iterating over the products  Within validateDeliveryFilterOptions method
20:53:01 [TestNG-test-Test-3] INFO  verifyingGetItIn2DaysFilterFunctionality_Tablet_20-52-48 - [verifyingGetItIn2DaysFilterFunctionality_Tablet_20-52-48] Checking if the allowedDateParts have the assert text   Within validateDeliveryFilterOptions method
20:53:01 [TestNG-test-Test-3] INFO  verifyingGetItIn2DaysFilterFunctionality_Tablet_20-52-48 - [verifyingGetItIn2DaysFilterFunctionality_Tablet_20-52-48] Within deliveryElements loop iterating over the products  Within validateDeliveryFilterOptions method
20:53:01 [TestNG-test-Test-3] INFO  verifyingGetItIn2DaysFilterFunctionality_Tablet_20-52-48 - [verifyingGetItIn2DaysFilterFunctionality_Tablet_20-52-48] Checking if the allowedDateParts have the assert text   Within validateDeliveryFilterOptions method
20:53:01 [TestNG-test-Test-3] INFO  verifyingGetItIn2DaysFilterFunctionality_Tablet_20-52-48 - [verifyingGetItIn2DaysFilterFunctionality_Tablet_20-52-48] Within deliveryElements loop iterating over the products  Within validateDeliveryFilterOptions method
20:53:01 [TestNG-test-Test-3] INFO  verifyingGetItIn2DaysFilterFunctionality_Tablet_20-52-48 - [verifyingGetItIn2DaysFilterFunctionality_Tablet_20-52-48] Checking if the allowedDateParts have the assert text   Within validateDeliveryFilterOptions method
20:53:01 [TestNG-test-Test-3] INFO  verifyingGetItIn2DaysFilterFunctionality_Tablet_20-52-48 - [verifyingGetItIn2DaysFilterFunctionality_Tablet_20-52-48] Within deliveryElements loop iterating over the products  Within validateDeliveryFilterOptions method
20:53:01 [TestNG-test-Test-3] INFO  verifyingGetItIn2DaysFilterFunctionality_Tablet_20-52-48 - [verifyingGetItIn2DaysFilterFunctionality_Tablet_20-52-48] Checking if the allowedDateParts have the assert text   Within validateDeliveryFilterOptions method
20:53:01 [TestNG-test-Test-3] INFO  verifyingGetItIn2DaysFilterFunctionality_Tablet_20-52-48 - [verifyingGetItIn2DaysFilterFunctionality_Tablet_20-52-48] Within deliveryElements loop iterating over the products  Within validateDeliveryFilterOptions method
20:53:01 [TestNG-test-Test-3] INFO  verifyingGetItIn2DaysFilterFunctionality_Tablet_20-52-48 - [verifyingGetItIn2DaysFilterFunctionality_Tablet_20-52-48] Checking if the allowedDateParts have the assert text   Within validateDeliveryFilterOptions method
20:53:01 [TestNG-test-Test-3] INFO  verifyingGetItIn2DaysFilterFunctionality_Tablet_20-52-48 - [verifyingGetItIn2DaysFilterFunctionality_Tablet_20-52-48] Returning the list with boolean values   Within validateDeliveryFilterOptions method
20:53:01 [TestNG-test-Test-3] INFO  verifyingGetItIn2DaysFilterFunctionality_Tablet_20-52-48 - [verifyingGetItIn2DaysFilterFunctionality_Tablet_20-52-48] Asserting delivery filter: isValid=true, index=-1, text=All the things are valid no errors
