19:41:36 [TestNG-test-Test-3] INFO  verifyingGetItByTodayFilterFunctionality_Mobile_19-41-36 - No existing WebDriver found for current thread. Initializing a new ChromeDriver...
19:41:36 [TestNG-test-Test-3] INFO  verifyingGetItByTodayFilterFunctionality_Mobile_19-41-36 - WebDriverManager: chromedriver setup OK
19:41:38 [TestNG-test-Test-3] INFO  verifyingGetItByTodayFilterFunctionality_Mobile_19-41-36 - ChromeDriver initialized successfully for thread: 36
19:41:40 [TestNG-test-Test-3] INFO  verifyingGetItByTodayFilterFunctionality_Mobile_19-41-36 - [verifyingGetItByTodayFilterFunctionality_Mobile_19-41-36] Opening amazon Landing page
19:41:40 [TestNG-test-Test-3] INFO  verifyingGetItByTodayFilterFunctionality_Mobile_19-41-36 - [verifyingGetItByTodayFilterFunctionality_Mobile_19-41-36] Within safeFindElement method
19:41:40 [TestNG-test-Test-3] INFO  verifyingGetItByTodayFilterFunctionality_Mobile_19-41-36 - [verifyingGetItByTodayFilterFunctionality_Mobile_19-41-36]Found the element returning it ,element ->[[ChromeDriver: chrome on windows (49a5a4373438148e289c21c2606c6ba9)] -> xpath: //a[@id='nav-logo-sprites']]
19:41:41 [TestNG-test-Test-3] INFO  verifyingGetItByTodayFilterFunctionality_Mobile_19-41-36 - [verifyingGetItByTodayFilterFunctionality_Mobile_19-41-36] Giving input within the search bar
19:41:41 [TestNG-test-Test-3] INFO  verifyingGetItByTodayFilterFunctionality_Mobile_19-41-36 - [verifyingGetItByTodayFilterFunctionality_Mobile_19-41-36] Within safeClick method
19:41:44 [TestNG-test-Test-3] INFO  verifyingGetItByTodayFilterFunctionality_Mobile_19-41-36 - [verifyingGetItByTodayFilterFunctionality_Mobile_19-41-36] Clicked the  [[ChromeDriver: chrome on windows (49a5a4373438148e289c21c2606c6ba9)] -> xpath: //input[@id='nav-search-submit-button']]   using safeClick
19:41:44 [TestNG-test-Test-3] INFO  verifyingGetItByTodayFilterFunctionality_Mobile_19-41-36 - [verifyingGetItByTodayFilterFunctionality_Mobile_19-41-36] Clicking on the submit in the search bar
19:41:44 [TestNG-test-Test-3] INFO  verifyingGetItByTodayFilterFunctionality_Mobile_19-41-36 - [verifyingGetItByTodayFilterFunctionality_Mobile_19-41-36] Waiting until element is visible in viewport
19:41:44 [TestNG-test-Test-3] INFO  verifyingGetItByTodayFilterFunctionality_Mobile_19-41-36 - [verifyingGetItByTodayFilterFunctionality_Mobile_19-41-36] Within validateDeliveryFilterOptionsWithResult method
19:41:44 [TestNG-test-Test-3] INFO  verifyingGetItByTodayFilterFunctionality_Mobile_19-41-36 - [verifyingGetItByTodayFilterFunctionality_Mobile_19-41-36] Within safeClick method
19:41:44 [TestNG-test-Test-3] INFO  verifyingGetItByTodayFilterFunctionality_Mobile_19-41-36 - [verifyingGetItByTodayFilterFunctionality_Mobile_19-41-36] Clicked the  [[ChromeDriver: chrome on windows (49a5a4373438148e289c21c2606c6ba9)] -> xpath: //span[@class='a-size-base a-color-base puis-bold-weight-text' and text()='Delivery Day']/parent::div/following-sibling::ul//span[@class='a-size-base a-color-base' and text()='Get It Today']]   using safeClick
19:41:44 [TestNG-test-Test-3] INFO  verifyingGetItByTodayFilterFunctionality_Mobile_19-41-36 - [verifyingGetItByTodayFilterFunctionality_Mobile_19-41-36] Within getMoreButtonByFilterTypeAndName method
19:41:44 [TestNG-test-Test-3] INFO  verifyingGetItByTodayFilterFunctionality_Mobile_19-41-36 - [verifyingGetItByTodayFilterFunctionality_Mobile_19-41-36] Clicked on By.xpath: //span[@class='a-size-base a-color-base puis-bold-weight-text' and text()='Delivery Day']/parent::div/following-sibling::ul//span[@class='a-size-base a-color-base' and text()='Get It Today']
19:41:44 [TestNG-test-Test-3] INFO  verifyingGetItByTodayFilterFunctionality_Mobile_19-41-36 - [verifyingGetItByTodayFilterFunctionality_Mobile_19-41-36] Within safeFindElements 
19:41:45 [TestNG-test-Test-3] INFO  verifyingGetItByTodayFilterFunctionality_Mobile_19-41-36 - [verifyingGetItByTodayFilterFunctionality_Mobile_19-41-36] Returning the  [[[ChromeDriver: chrome on windows (49a5a4373438148e289c21c2606c6ba9)] -> xpath: //div[@class='a-section a-spacing-small a-spacing-top-small']], [[ChromeDriver: chrome on windows (49a5a4373438148e289c21c2606c6ba9)] -> xpath: //div[@class='a-section a-spacing-small a-spacing-top-small']], [[ChromeDriver: chrome on windows (49a5a4373438148e289c21c2606c6ba9)] -> xpath: //div[@class='a-section a-spacing-small a-spacing-top-small']], [[ChromeDriver: chrome on windows (49a5a4373438148e289c21c2606c6ba9)] -> xpath: //div[@class='a-section a-spacing-small a-spacing-top-small']], [[ChromeDriver: chrome on windows (49a5a4373438148e289c21c2606c6ba9)] -> xpath: //div[@class='a-section a-spacing-small a-spacing-top-small']], [[ChromeDriver: chrome on windows (49a5a4373438148e289c21c2606c6ba9)] -> xpath: //div[@class='a-section a-spacing-small a-spacing-top-small']], [[ChromeDriver: chrome on windows (49a5a4373438148e289c21c2606c6ba9)] -> xpath: //div[@class='a-section a-spacing-small a-spacing-top-small']], [[ChromeDriver: chrome on windows (49a5a4373438148e289c21c2606c6ba9)] -> xpath: //div[@class='a-section a-spacing-small a-spacing-top-small']], [[ChromeDriver: chrome on windows (49a5a4373438148e289c21c2606c6ba9)] -> xpath: //div[@class='a-section a-spacing-small a-spacing-top-small']], [[ChromeDriver: chrome on windows (49a5a4373438148e289c21c2606c6ba9)] -> xpath: //div[@class='a-section a-spacing-small a-spacing-top-small']], [[ChromeDriver: chrome on windows (49a5a4373438148e289c21c2606c6ba9)] -> xpath: //div[@class='a-section a-spacing-small a-spacing-top-small']], [[ChromeDriver: chrome on windows (49a5a4373438148e289c21c2606c6ba9)] -> xpath: //div[@class='a-section a-spacing-small a-spacing-top-small']], [[ChromeDriver: chrome on windows (49a5a4373438148e289c21c2606c6ba9)] -> xpath: //div[@class='a-section a-spacing-small a-spacing-top-small']], [[ChromeDriver: chrome on windows (49a5a4373438148e289c21c2606c6ba9)] -> xpath: //div[@class='a-section a-spacing-small a-spacing-top-small']], [[ChromeDriver: chrome on windows (49a5a4373438148e289c21c2606c6ba9)] -> xpath: //div[@class='a-section a-spacing-small a-spacing-top-small']], [[ChromeDriver: chrome on windows (49a5a4373438148e289c21c2606c6ba9)] -> xpath: //div[@class='a-section a-spacing-small a-spacing-top-small']]] from the safeFindElements method
19:41:45 [TestNG-test-Test-3] INFO  verifyingGetItByTodayFilterFunctionality_Mobile_19-41-36 - [verifyingGetItByTodayFilterFunctionality_Mobile_19-41-36] Created hashset with required data to assert with Within validateDeliveryFilterOptions method
19:41:45 [TestNG-test-Test-3] INFO  verifyingGetItByTodayFilterFunctionality_Mobile_19-41-36 - [verifyingGetItByTodayFilterFunctionality_Mobile_19-41-36] this is the set  [Jul, Today, 05, FREE delivery, 06, Sun, Mon, Tomorrow]
19:41:45 [TestNG-test-Test-3] INFO  verifyingGetItByTodayFilterFunctionality_Mobile_19-41-36 - [verifyingGetItByTodayFilterFunctionality_Mobile_19-41-36] Within deliveryElements loop iterating over the products  Within validateDeliveryFilterOptions method
19:41:45 [TestNG-test-Test-3] INFO  verifyingGetItByTodayFilterFunctionality_Mobile_19-41-36 - [verifyingGetItByTodayFilterFunctionality_Mobile_19-41-36] Checking if the allowedDateParts have the assert text   Within validateDeliveryFilterOptions method
19:41:45 [TestNG-test-Test-3] INFO  verifyingGetItByTodayFilterFunctionality_Mobile_19-41-36 - [verifyingGetItByTodayFilterFunctionality_Mobile_19-41-36] Within deliveryElements loop iterating over the products  Within validateDeliveryFilterOptions method
19:41:46 [TestNG-test-Test-3] INFO  verifyingGetItByTodayFilterFunctionality_Mobile_19-41-36 - [verifyingGetItByTodayFilterFunctionality_Mobile_19-41-36] Assert text not found wihtin AllowedDateParts
19:41:46 [TestNG-test-Test-3] INFO  verifyingGetItByTodayFilterFunctionality_Mobile_19-41-36 - [verifyingGetItByTodayFilterFunctionality_Mobile_19-41-36] Asserting delivery filter: isValid=false, index=1, text=OnePlus Nord CE6 Lite | 6GB+128GB | Hyper Black | Segment's Fastest Dimensity 7400 Apex Processor | 7000mAh Battery | Segment's Highest 144Hz Refresh Rate | 50MP Main Camera, 4K Video Recording
4.3
(933)
3K+ bought in past month
Prime Day Deal
₹24,999
M.R.P.:
₹31,999 (22% off)
Up to 5% back with Amazon Pay ICI...
See options
