18:30:39 [TestNG-test-Test-3] INFO  verifyingGetItByTodayFilterFunctionality_Mobile_18-30-39 - No existing WebDriver found for current thread. Initializing a new ChromeDriver...
18:30:39 [TestNG-test-Test-3] INFO  verifyingGetItByTodayFilterFunctionality_Mobile_18-30-39 - WebDriverManager: chromedriver setup OK
18:30:40 [TestNG-test-Test-3] INFO  verifyingGetItByTodayFilterFunctionality_Mobile_18-30-39 - ChromeDriver initialized successfully for thread: 36
18:30:44 [TestNG-test-Test-3] INFO  verifyingGetItByTodayFilterFunctionality_Mobile_18-30-39 - [verifyingGetItByTodayFilterFunctionality_Mobile_18-30-39] Opening amazon Landing page
18:30:44 [TestNG-test-Test-3] INFO  verifyingGetItByTodayFilterFunctionality_Mobile_18-30-39 - [verifyingGetItByTodayFilterFunctionality_Mobile_18-30-39] Within safeFindElement method
18:30:45 [TestNG-test-Test-3] INFO  verifyingGetItByTodayFilterFunctionality_Mobile_18-30-39 - [verifyingGetItByTodayFilterFunctionality_Mobile_18-30-39]Found the element returning it ,element ->[[ChromeDriver: chrome on windows (e32e30caa21865e34ce5e2021e298869)] -> xpath: //a[@id='nav-logo-sprites']]
18:30:45 [TestNG-test-Test-3] INFO  verifyingGetItByTodayFilterFunctionality_Mobile_18-30-39 - [verifyingGetItByTodayFilterFunctionality_Mobile_18-30-39] Giving input within the search bar
18:30:45 [TestNG-test-Test-3] INFO  verifyingGetItByTodayFilterFunctionality_Mobile_18-30-39 - [verifyingGetItByTodayFilterFunctionality_Mobile_18-30-39] Within safeClick method
18:30:48 [TestNG-test-Test-3] INFO  verifyingGetItByTodayFilterFunctionality_Mobile_18-30-39 - [verifyingGetItByTodayFilterFunctionality_Mobile_18-30-39] Clicked the  [[ChromeDriver: chrome on windows (e32e30caa21865e34ce5e2021e298869)] -> xpath: //input[@id='nav-search-submit-button']]   using safeClick
18:30:48 [TestNG-test-Test-3] INFO  verifyingGetItByTodayFilterFunctionality_Mobile_18-30-39 - [verifyingGetItByTodayFilterFunctionality_Mobile_18-30-39] Clicking on the submit in the search bar
18:30:48 [TestNG-test-Test-3] INFO  verifyingGetItByTodayFilterFunctionality_Mobile_18-30-39 - [verifyingGetItByTodayFilterFunctionality_Mobile_18-30-39] Waiting until element is visible in viewport
18:30:48 [TestNG-test-Test-3] INFO  verifyingGetItByTodayFilterFunctionality_Mobile_18-30-39 - [verifyingGetItByTodayFilterFunctionality_Mobile_18-30-39] Within validateDeliveryFilterOptionsWithResult method
18:30:48 [TestNG-test-Test-3] INFO  verifyingGetItByTodayFilterFunctionality_Mobile_18-30-39 - [verifyingGetItByTodayFilterFunctionality_Mobile_18-30-39] Within safeClick method
18:30:48 [TestNG-test-Test-3] INFO  verifyingGetItByTodayFilterFunctionality_Mobile_18-30-39 - [verifyingGetItByTodayFilterFunctionality_Mobile_18-30-39] Clicked the  [[ChromeDriver: chrome on windows (e32e30caa21865e34ce5e2021e298869)] -> xpath: //span[@class='a-size-base a-color-base puis-bold-weight-text' and text()='Delivery Day']/parent::div/following-sibling::ul//span[@class='a-size-base a-color-base' and text()='Get It Today']]   using safeClick
18:30:48 [TestNG-test-Test-3] INFO  verifyingGetItByTodayFilterFunctionality_Mobile_18-30-39 - [verifyingGetItByTodayFilterFunctionality_Mobile_18-30-39] Within getMoreButtonByFilterTypeAndName method
18:30:48 [TestNG-test-Test-3] INFO  verifyingGetItByTodayFilterFunctionality_Mobile_18-30-39 - [verifyingGetItByTodayFilterFunctionality_Mobile_18-30-39] Clicked on By.xpath: //span[@class='a-size-base a-color-base puis-bold-weight-text' and text()='Delivery Day']/parent::div/following-sibling::ul//span[@class='a-size-base a-color-base' and text()='Get It Today']
18:30:48 [TestNG-test-Test-3] INFO  verifyingGetItByTodayFilterFunctionality_Mobile_18-30-39 - [verifyingGetItByTodayFilterFunctionality_Mobile_18-30-39] Within safeFindElements 
18:30:49 [TestNG-test-Test-3] INFO  verifyingGetItByTodayFilterFunctionality_Mobile_18-30-39 - [verifyingGetItByTodayFilterFunctionality_Mobile_18-30-39] Returning the  [[[ChromeDriver: chrome on windows (e32e30caa21865e34ce5e2021e298869)] -> xpath: //div[@class='a-section a-spacing-small a-spacing-top-small']], [[ChromeDriver: chrome on windows (e32e30caa21865e34ce5e2021e298869)] -> xpath: //div[@class='a-section a-spacing-small a-spacing-top-small']], [[ChromeDriver: chrome on windows (e32e30caa21865e34ce5e2021e298869)] -> xpath: //div[@class='a-section a-spacing-small a-spacing-top-small']], [[ChromeDriver: chrome on windows (e32e30caa21865e34ce5e2021e298869)] -> xpath: //div[@class='a-section a-spacing-small a-spacing-top-small']], [[ChromeDriver: chrome on windows (e32e30caa21865e34ce5e2021e298869)] -> xpath: //div[@class='a-section a-spacing-small a-spacing-top-small']], [[ChromeDriver: chrome on windows (e32e30caa21865e34ce5e2021e298869)] -> xpath: //div[@class='a-section a-spacing-small a-spacing-top-small']], [[ChromeDriver: chrome on windows (e32e30caa21865e34ce5e2021e298869)] -> xpath: //div[@class='a-section a-spacing-small a-spacing-top-small']], [[ChromeDriver: chrome on windows (e32e30caa21865e34ce5e2021e298869)] -> xpath: //div[@class='a-section a-spacing-small a-spacing-top-small']], [[ChromeDriver: chrome on windows (e32e30caa21865e34ce5e2021e298869)] -> xpath: //div[@class='a-section a-spacing-small a-spacing-top-small']], [[ChromeDriver: chrome on windows (e32e30caa21865e34ce5e2021e298869)] -> xpath: //div[@class='a-section a-spacing-small a-spacing-top-small']], [[ChromeDriver: chrome on windows (e32e30caa21865e34ce5e2021e298869)] -> xpath: //div[@class='a-section a-spacing-small a-spacing-top-small']], [[ChromeDriver: chrome on windows (e32e30caa21865e34ce5e2021e298869)] -> xpath: //div[@class='a-section a-spacing-small a-spacing-top-small']], [[ChromeDriver: chrome on windows (e32e30caa21865e34ce5e2021e298869)] -> xpath: //div[@class='a-section a-spacing-small a-spacing-top-small']], [[ChromeDriver: chrome on windows (e32e30caa21865e34ce5e2021e298869)] -> xpath: //div[@class='a-section a-spacing-small a-spacing-top-small']], [[ChromeDriver: chrome on windows (e32e30caa21865e34ce5e2021e298869)] -> xpath: //div[@class='a-section a-spacing-small a-spacing-top-small']], [[ChromeDriver: chrome on windows (e32e30caa21865e34ce5e2021e298869)] -> xpath: //div[@class='a-section a-spacing-small a-spacing-top-small']]] from the safeFindElements method
18:30:49 [TestNG-test-Test-3] INFO  verifyingGetItByTodayFilterFunctionality_Mobile_18-30-39 - [verifyingGetItByTodayFilterFunctionality_Mobile_18-30-39] Created hashset with required data to assert with Within validateDeliveryFilterOptions method
18:30:49 [TestNG-test-Test-3] INFO  verifyingGetItByTodayFilterFunctionality_Mobile_18-30-39 - [verifyingGetItByTodayFilterFunctionality_Mobile_18-30-39] this is the set  [Aug, Today, 15, 16, FREE delivery, Sat, Sun, Tomorrow]
18:30:49 [TestNG-test-Test-3] INFO  verifyingGetItByTodayFilterFunctionality_Mobile_18-30-39 - [verifyingGetItByTodayFilterFunctionality_Mobile_18-30-39] Within deliveryElements loop iterating over the products  Within validateDeliveryFilterOptions method
18:30:49 [TestNG-test-Test-3] INFO  verifyingGetItByTodayFilterFunctionality_Mobile_18-30-39 - [verifyingGetItByTodayFilterFunctionality_Mobile_18-30-39] Checking if the allowedDateParts have the assert text   Within validateDeliveryFilterOptions method
18:30:49 [TestNG-test-Test-3] INFO  verifyingGetItByTodayFilterFunctionality_Mobile_18-30-39 - [verifyingGetItByTodayFilterFunctionality_Mobile_18-30-39] Within deliveryElements loop iterating over the products  Within validateDeliveryFilterOptions method
18:30:49 [TestNG-test-Test-3] INFO  verifyingGetItByTodayFilterFunctionality_Mobile_18-30-39 - [verifyingGetItByTodayFilterFunctionality_Mobile_18-30-39] Checking if the allowedDateParts have the assert text   Within validateDeliveryFilterOptions method
18:30:49 [TestNG-test-Test-3] INFO  verifyingGetItByTodayFilterFunctionality_Mobile_18-30-39 - [verifyingGetItByTodayFilterFunctionality_Mobile_18-30-39] Within deliveryElements loop iterating over the products  Within validateDeliveryFilterOptions method
18:30:50 [TestNG-test-Test-3] INFO  verifyingGetItByTodayFilterFunctionality_Mobile_18-30-39 - [verifyingGetItByTodayFilterFunctionality_Mobile_18-30-39] Checking if the allowedDateParts have the assert text   Within validateDeliveryFilterOptions method
18:30:50 [TestNG-test-Test-3] INFO  verifyingGetItByTodayFilterFunctionality_Mobile_18-30-39 - [verifyingGetItByTodayFilterFunctionality_Mobile_18-30-39] Within deliveryElements loop iterating over the products  Within validateDeliveryFilterOptions method
18:30:50 [TestNG-test-Test-3] INFO  verifyingGetItByTodayFilterFunctionality_Mobile_18-30-39 - [verifyingGetItByTodayFilterFunctionality_Mobile_18-30-39] Checking if the allowedDateParts have the assert text   Within validateDeliveryFilterOptions method
18:30:50 [TestNG-test-Test-3] INFO  verifyingGetItByTodayFilterFunctionality_Mobile_18-30-39 - [verifyingGetItByTodayFilterFunctionality_Mobile_18-30-39] Within deliveryElements loop iterating over the products  Within validateDeliveryFilterOptions method
18:30:50 [TestNG-test-Test-3] INFO  verifyingGetItByTodayFilterFunctionality_Mobile_18-30-39 - [verifyingGetItByTodayFilterFunctionality_Mobile_18-30-39] Checking if the allowedDateParts have the assert text   Within validateDeliveryFilterOptions method
18:30:50 [TestNG-test-Test-3] INFO  verifyingGetItByTodayFilterFunctionality_Mobile_18-30-39 - [verifyingGetItByTodayFilterFunctionality_Mobile_18-30-39] Within deliveryElements loop iterating over the products  Within validateDeliveryFilterOptions method
18:30:50 [TestNG-test-Test-3] INFO  verifyingGetItByTodayFilterFunctionality_Mobile_18-30-39 - [verifyingGetItByTodayFilterFunctionality_Mobile_18-30-39] Checking if the allowedDateParts have the assert text   Within validateDeliveryFilterOptions method
18:30:50 [TestNG-test-Test-3] INFO  verifyingGetItByTodayFilterFunctionality_Mobile_18-30-39 - [verifyingGetItByTodayFilterFunctionality_Mobile_18-30-39] Within deliveryElements loop iterating over the products  Within validateDeliveryFilterOptions method
18:30:50 [TestNG-test-Test-3] INFO  verifyingGetItByTodayFilterFunctionality_Mobile_18-30-39 - [verifyingGetItByTodayFilterFunctionality_Mobile_18-30-39] Checking if the allowedDateParts have the assert text   Within validateDeliveryFilterOptions method
18:30:50 [TestNG-test-Test-3] INFO  verifyingGetItByTodayFilterFunctionality_Mobile_18-30-39 - [verifyingGetItByTodayFilterFunctionality_Mobile_18-30-39] Within deliveryElements loop iterating over the products  Within validateDeliveryFilterOptions method
18:30:50 [TestNG-test-Test-3] INFO  verifyingGetItByTodayFilterFunctionality_Mobile_18-30-39 - [verifyingGetItByTodayFilterFunctionality_Mobile_18-30-39] Checking if the allowedDateParts have the assert text   Within validateDeliveryFilterOptions method
18:30:50 [TestNG-test-Test-3] INFO  verifyingGetItByTodayFilterFunctionality_Mobile_18-30-39 - [verifyingGetItByTodayFilterFunctionality_Mobile_18-30-39] Within deliveryElements loop iterating over the products  Within validateDeliveryFilterOptions method
18:30:50 [TestNG-test-Test-3] INFO  verifyingGetItByTodayFilterFunctionality_Mobile_18-30-39 - [verifyingGetItByTodayFilterFunctionality_Mobile_18-30-39] Checking if the allowedDateParts have the assert text   Within validateDeliveryFilterOptions method
18:30:50 [TestNG-test-Test-3] INFO  verifyingGetItByTodayFilterFunctionality_Mobile_18-30-39 - [verifyingGetItByTodayFilterFunctionality_Mobile_18-30-39] Within deliveryElements loop iterating over the products  Within validateDeliveryFilterOptions method
18:30:50 [TestNG-test-Test-3] INFO  verifyingGetItByTodayFilterFunctionality_Mobile_18-30-39 - [verifyingGetItByTodayFilterFunctionality_Mobile_18-30-39] Checking if the allowedDateParts have the assert text   Within validateDeliveryFilterOptions method
18:30:50 [TestNG-test-Test-3] INFO  verifyingGetItByTodayFilterFunctionality_Mobile_18-30-39 - [verifyingGetItByTodayFilterFunctionality_Mobile_18-30-39] Within deliveryElements loop iterating over the products  Within validateDeliveryFilterOptions method
18:30:50 [TestNG-test-Test-3] INFO  verifyingGetItByTodayFilterFunctionality_Mobile_18-30-39 - [verifyingGetItByTodayFilterFunctionality_Mobile_18-30-39] Checking if the allowedDateParts have the assert text   Within validateDeliveryFilterOptions method
18:30:50 [TestNG-test-Test-3] INFO  verifyingGetItByTodayFilterFunctionality_Mobile_18-30-39 - [verifyingGetItByTodayFilterFunctionality_Mobile_18-30-39] Within deliveryElements loop iterating over the products  Within validateDeliveryFilterOptions method
18:30:50 [TestNG-test-Test-3] INFO  verifyingGetItByTodayFilterFunctionality_Mobile_18-30-39 - [verifyingGetItByTodayFilterFunctionality_Mobile_18-30-39] Checking if the allowedDateParts have the assert text   Within validateDeliveryFilterOptions method
18:30:50 [TestNG-test-Test-3] INFO  verifyingGetItByTodayFilterFunctionality_Mobile_18-30-39 - [verifyingGetItByTodayFilterFunctionality_Mobile_18-30-39] Within deliveryElements loop iterating over the products  Within validateDeliveryFilterOptions method
18:30:50 [TestNG-test-Test-3] INFO  verifyingGetItByTodayFilterFunctionality_Mobile_18-30-39 - [verifyingGetItByTodayFilterFunctionality_Mobile_18-30-39] Checking if the allowedDateParts have the assert text   Within validateDeliveryFilterOptions method
18:30:50 [TestNG-test-Test-3] INFO  verifyingGetItByTodayFilterFunctionality_Mobile_18-30-39 - [verifyingGetItByTodayFilterFunctionality_Mobile_18-30-39] Within deliveryElements loop iterating over the products  Within validateDeliveryFilterOptions method
18:30:50 [TestNG-test-Test-3] INFO  verifyingGetItByTodayFilterFunctionality_Mobile_18-30-39 - [verifyingGetItByTodayFilterFunctionality_Mobile_18-30-39] Checking if the allowedDateParts have the assert text   Within validateDeliveryFilterOptions method
18:30:50 [TestNG-test-Test-3] INFO  verifyingGetItByTodayFilterFunctionality_Mobile_18-30-39 - [verifyingGetItByTodayFilterFunctionality_Mobile_18-30-39] Within deliveryElements loop iterating over the products  Within validateDeliveryFilterOptions method
18:30:50 [TestNG-test-Test-3] INFO  verifyingGetItByTodayFilterFunctionality_Mobile_18-30-39 - [verifyingGetItByTodayFilterFunctionality_Mobile_18-30-39] Checking if the allowedDateParts have the assert text   Within validateDeliveryFilterOptions method
18:30:50 [TestNG-test-Test-3] INFO  verifyingGetItByTodayFilterFunctionality_Mobile_18-30-39 - [verifyingGetItByTodayFilterFunctionality_Mobile_18-30-39] Within deliveryElements loop iterating over the products  Within validateDeliveryFilterOptions method
18:30:50 [TestNG-test-Test-3] INFO  verifyingGetItByTodayFilterFunctionality_Mobile_18-30-39 - [verifyingGetItByTodayFilterFunctionality_Mobile_18-30-39] Checking if the allowedDateParts have the assert text   Within validateDeliveryFilterOptions method
18:30:50 [TestNG-test-Test-3] INFO  verifyingGetItByTodayFilterFunctionality_Mobile_18-30-39 - [verifyingGetItByTodayFilterFunctionality_Mobile_18-30-39] Returning the list with boolean values   Within validateDeliveryFilterOptions method
18:30:50 [TestNG-test-Test-3] INFO  verifyingGetItByTodayFilterFunctionality_Mobile_18-30-39 - [verifyingGetItByTodayFilterFunctionality_Mobile_18-30-39] Asserting delivery filter: isValid=true, index=-1, text=All the things are valid no errors
