19:35:38 [TestNG-test-Test-3] INFO  verifyingGetItIn2DaysFilterFunctionality_Tablet_19-35-38 - No existing WebDriver found for current thread. Initializing a new ChromeDriver...
19:35:38 [TestNG-test-Test-3] INFO  verifyingGetItIn2DaysFilterFunctionality_Tablet_19-35-38 - WebDriverManager: chromedriver setup OK
19:35:40 [TestNG-test-Test-3] INFO  verifyingGetItIn2DaysFilterFunctionality_Tablet_19-35-38 - ChromeDriver initialized successfully for thread: 36
19:35:42 [TestNG-test-Test-3] INFO  verifyingGetItIn2DaysFilterFunctionality_Tablet_19-35-38 - [verifyingGetItIn2DaysFilterFunctionality_Tablet_19-35-38] Opening amazon Landing page
19:35:42 [TestNG-test-Test-3] INFO  verifyingGetItIn2DaysFilterFunctionality_Tablet_19-35-38 - [verifyingGetItIn2DaysFilterFunctionality_Tablet_19-35-38] Within safeFindElement method
19:35:43 [TestNG-test-Test-3] INFO  verifyingGetItIn2DaysFilterFunctionality_Tablet_19-35-38 - [verifyingGetItIn2DaysFilterFunctionality_Tablet_19-35-38]Found the element returning it ,element ->[[ChromeDriver: chrome on windows (4298be1a1ba3fa5d2f98d01c9253dcf7)] -> xpath: //a[@id='nav-logo-sprites']]
19:35:43 [TestNG-test-Test-3] INFO  verifyingGetItIn2DaysFilterFunctionality_Tablet_19-35-38 - [verifyingGetItIn2DaysFilterFunctionality_Tablet_19-35-38] Giving input within the search bar
19:35:43 [TestNG-test-Test-3] INFO  verifyingGetItIn2DaysFilterFunctionality_Tablet_19-35-38 - [verifyingGetItIn2DaysFilterFunctionality_Tablet_19-35-38] Within safeClick method
19:35:45 [TestNG-test-Test-3] INFO  verifyingGetItIn2DaysFilterFunctionality_Tablet_19-35-38 - [verifyingGetItIn2DaysFilterFunctionality_Tablet_19-35-38] Clicked the  [[ChromeDriver: chrome on windows (4298be1a1ba3fa5d2f98d01c9253dcf7)] -> xpath: //input[@id='nav-search-submit-button']]   using safeClick
19:35:45 [TestNG-test-Test-3] INFO  verifyingGetItIn2DaysFilterFunctionality_Tablet_19-35-38 - [verifyingGetItIn2DaysFilterFunctionality_Tablet_19-35-38] Clicking on the submit in the search bar
19:35:46 [TestNG-test-Test-3] INFO  verifyingGetItIn2DaysFilterFunctionality_Tablet_19-35-38 - [verifyingGetItIn2DaysFilterFunctionality_Tablet_19-35-38] Waiting until element is visible in viewport
19:35:46 [TestNG-test-Test-3] INFO  verifyingGetItIn2DaysFilterFunctionality_Tablet_19-35-38 - [verifyingGetItIn2DaysFilterFunctionality_Tablet_19-35-38] Within validateDeliveryFilterOptionsWithResult method
19:35:46 [TestNG-test-Test-3] INFO  verifyingGetItIn2DaysFilterFunctionality_Tablet_19-35-38 - [verifyingGetItIn2DaysFilterFunctionality_Tablet_19-35-38] Within safeClick method
19:35:46 [TestNG-test-Test-3] INFO  verifyingGetItIn2DaysFilterFunctionality_Tablet_19-35-38 - [verifyingGetItIn2DaysFilterFunctionality_Tablet_19-35-38] Clicked the  [[ChromeDriver: chrome on windows (4298be1a1ba3fa5d2f98d01c9253dcf7)] -> xpath: //span[@class='a-size-base a-color-base puis-bold-weight-text' and text()='Delivery Day']/parent::div/following-sibling::ul//span[@class='a-size-base a-color-base' and text()='Get It in 2 Days']]   using safeClick
19:35:46 [TestNG-test-Test-3] INFO  verifyingGetItIn2DaysFilterFunctionality_Tablet_19-35-38 - [verifyingGetItIn2DaysFilterFunctionality_Tablet_19-35-38] Within getMoreButtonByFilterTypeAndName method
19:35:46 [TestNG-test-Test-3] INFO  verifyingGetItIn2DaysFilterFunctionality_Tablet_19-35-38 - [verifyingGetItIn2DaysFilterFunctionality_Tablet_19-35-38] Clicked on By.xpath: //span[@class='a-size-base a-color-base puis-bold-weight-text' and text()='Delivery Day']/parent::div/following-sibling::ul//span[@class='a-size-base a-color-base' and text()='Get It in 2 Days']
19:35:46 [TestNG-test-Test-3] INFO  verifyingGetItIn2DaysFilterFunctionality_Tablet_19-35-38 - [verifyingGetItIn2DaysFilterFunctionality_Tablet_19-35-38] Within safeFindElements 
19:35:47 [TestNG-test-Test-3] INFO  verifyingGetItIn2DaysFilterFunctionality_Tablet_19-35-38 - [verifyingGetItIn2DaysFilterFunctionality_Tablet_19-35-38] Returning the  [[[ChromeDriver: chrome on windows (4298be1a1ba3fa5d2f98d01c9253dcf7)] -> xpath: //div[@class='a-section a-spacing-small a-spacing-top-small']], [[ChromeDriver: chrome on windows (4298be1a1ba3fa5d2f98d01c9253dcf7)] -> xpath: //div[@class='a-section a-spacing-small a-spacing-top-small']], [[ChromeDriver: chrome on windows (4298be1a1ba3fa5d2f98d01c9253dcf7)] -> xpath: //div[@class='a-section a-spacing-small a-spacing-top-small']], [[ChromeDriver: chrome on windows (4298be1a1ba3fa5d2f98d01c9253dcf7)] -> xpath: //div[@class='a-section a-spacing-small a-spacing-top-small']], [[ChromeDriver: chrome on windows (4298be1a1ba3fa5d2f98d01c9253dcf7)] -> xpath: //div[@class='a-section a-spacing-small a-spacing-top-small']], [[ChromeDriver: chrome on windows (4298be1a1ba3fa5d2f98d01c9253dcf7)] -> xpath: //div[@class='a-section a-spacing-small a-spacing-top-small']], [[ChromeDriver: chrome on windows (4298be1a1ba3fa5d2f98d01c9253dcf7)] -> xpath: //div[@class='a-section a-spacing-small a-spacing-top-small']], [[ChromeDriver: chrome on windows (4298be1a1ba3fa5d2f98d01c9253dcf7)] -> xpath: //div[@class='a-section a-spacing-small a-spacing-top-small']], [[ChromeDriver: chrome on windows (4298be1a1ba3fa5d2f98d01c9253dcf7)] -> xpath: //div[@class='a-section a-spacing-small a-spacing-top-small']], [[ChromeDriver: chrome on windows (4298be1a1ba3fa5d2f98d01c9253dcf7)] -> xpath: //div[@class='a-section a-spacing-small a-spacing-top-small']], [[ChromeDriver: chrome on windows (4298be1a1ba3fa5d2f98d01c9253dcf7)] -> xpath: //div[@class='a-section a-spacing-small a-spacing-top-small']], [[ChromeDriver: chrome on windows (4298be1a1ba3fa5d2f98d01c9253dcf7)] -> xpath: //div[@class='a-section a-spacing-small a-spacing-top-small']], [[ChromeDriver: chrome on windows (4298be1a1ba3fa5d2f98d01c9253dcf7)] -> xpath: //div[@class='a-section a-spacing-small a-spacing-top-small']], [[ChromeDriver: chrome on windows (4298be1a1ba3fa5d2f98d01c9253dcf7)] -> xpath: //div[@class='a-section a-spacing-small a-spacing-top-small']], [[ChromeDriver: chrome on windows (4298be1a1ba3fa5d2f98d01c9253dcf7)] -> xpath: //div[@class='a-section a-spacing-small a-spacing-top-small']], [[ChromeDriver: chrome on windows (4298be1a1ba3fa5d2f98d01c9253dcf7)] -> xpath: //div[@class='a-section a-spacing-small a-spacing-top-small']]] from the safeFindElements method
19:35:47 [TestNG-test-Test-3] INFO  verifyingGetItIn2DaysFilterFunctionality_Tablet_19-35-38 - [verifyingGetItIn2DaysFilterFunctionality_Tablet_19-35-38] Created hashset with required data to assert with Within validateDeliveryFilterOptions method
19:35:47 [TestNG-test-Test-3] INFO  verifyingGetItIn2DaysFilterFunctionality_Tablet_19-35-38 - [verifyingGetItIn2DaysFilterFunctionality_Tablet_19-35-38] this is the set  [Jul, Today, 03, 04, FREE delivery, Sat, Fri, Tomorrow]
19:35:47 [TestNG-test-Test-3] INFO  verifyingGetItIn2DaysFilterFunctionality_Tablet_19-35-38 - [verifyingGetItIn2DaysFilterFunctionality_Tablet_19-35-38] Within deliveryElements loop iterating over the products  Within validateDeliveryFilterOptions method
19:35:47 [TestNG-test-Test-3] INFO  verifyingGetItIn2DaysFilterFunctionality_Tablet_19-35-38 - [verifyingGetItIn2DaysFilterFunctionality_Tablet_19-35-38] Assert text not found wihtin AllowedDateParts
19:35:47 [TestNG-test-Test-3] INFO  verifyingGetItIn2DaysFilterFunctionality_Tablet_19-35-38 - [verifyingGetItIn2DaysFilterFunctionality_Tablet_19-35-38] Asserting delivery filter: isValid=false, index=0, text=OnePlus Pad Lite with Biggest Battery in Segment 9340 mAh, 11"(27.94 cm) Display with 500 nits Brightness & 11 Hrs of Video Playback, 6GB RAM 128GB Storage, WiFi, Aero Blue
4.4
(824)
1K+ bought in past month
Prime Day Deal
₹17,499
M.R.P.:
₹19,999 (13% off)
Up to 5% back with Amazon Pay ICI...
See options
