19:45:43 [TestNG-test-Test-3] INFO  verifyingGetItIn2DaysFilterFunctionality_Tablet_19-45-43 - No existing WebDriver found for current thread. Initializing a new ChromeDriver...
19:45:43 [TestNG-test-Test-3] INFO  verifyingGetItIn2DaysFilterFunctionality_Tablet_19-45-43 - WebDriverManager: chromedriver setup OK
19:45:44 [TestNG-test-Test-3] INFO  verifyingGetItIn2DaysFilterFunctionality_Tablet_19-45-43 - ChromeDriver initialized successfully for thread: 36
19:45:45 [TestNG-test-Test-3] INFO  verifyingGetItIn2DaysFilterFunctionality_Tablet_19-45-43 - [verifyingGetItIn2DaysFilterFunctionality_Tablet_19-45-43] Opening amazon Landing page
19:45:45 [TestNG-test-Test-3] INFO  verifyingGetItIn2DaysFilterFunctionality_Tablet_19-45-43 - [verifyingGetItIn2DaysFilterFunctionality_Tablet_19-45-43] Within safeFindElement method
19:45:50 [TestNG-test-Test-3] INFO  verifyingGetItIn2DaysFilterFunctionality_Tablet_19-45-43 - [verifyingGetItIn2DaysFilterFunctionality_Tablet_19-45-43]Retrying findElement for: ->By.xpath: //a[@id='nav-logo-sprites']
19:45:52 [TestNG-test-Test-3] INFO  verifyingGetItIn2DaysFilterFunctionality_Tablet_19-45-43 - [verifyingGetItIn2DaysFilterFunctionality_Tablet_19-45-43]Refrehsing the page , while trying to safely find : ->By.xpath: //a[@id='nav-logo-sprites']
19:45:52 [TestNG-test-Test-3] INFO  verifyingGetItIn2DaysFilterFunctionality_Tablet_19-45-43 - [verifyingGetItIn2DaysFilterFunctionality_Tablet_19-45-43]Found the element returning it ,element ->[[ChromeDriver: chrome on windows (12dce2c48cc22e06ee8899e213ea6e4f)] -> xpath: //a[@id='nav-logo-sprites']]
19:45:53 [TestNG-test-Test-3] INFO  verifyingGetItIn2DaysFilterFunctionality_Tablet_19-45-43 - [verifyingGetItIn2DaysFilterFunctionality_Tablet_19-45-43] Giving input within the search bar
19:45:53 [TestNG-test-Test-3] INFO  verifyingGetItIn2DaysFilterFunctionality_Tablet_19-45-43 - [verifyingGetItIn2DaysFilterFunctionality_Tablet_19-45-43] Within safeClick method
19:45:55 [TestNG-test-Test-3] INFO  verifyingGetItIn2DaysFilterFunctionality_Tablet_19-45-43 - [verifyingGetItIn2DaysFilterFunctionality_Tablet_19-45-43] Clicked the  [[ChromeDriver: chrome on windows (12dce2c48cc22e06ee8899e213ea6e4f)] -> xpath: //input[@id='nav-search-submit-button']]   using safeClick
19:45:55 [TestNG-test-Test-3] INFO  verifyingGetItIn2DaysFilterFunctionality_Tablet_19-45-43 - [verifyingGetItIn2DaysFilterFunctionality_Tablet_19-45-43] Clicking on the submit in the search bar
19:45:55 [TestNG-test-Test-3] INFO  verifyingGetItIn2DaysFilterFunctionality_Tablet_19-45-43 - [verifyingGetItIn2DaysFilterFunctionality_Tablet_19-45-43] Waiting until element is visible in viewport
19:45:55 [TestNG-test-Test-3] INFO  verifyingGetItIn2DaysFilterFunctionality_Tablet_19-45-43 - [verifyingGetItIn2DaysFilterFunctionality_Tablet_19-45-43] Within validateDeliveryFilterOptionsWithResult method
19:45:55 [TestNG-test-Test-3] INFO  verifyingGetItIn2DaysFilterFunctionality_Tablet_19-45-43 - [verifyingGetItIn2DaysFilterFunctionality_Tablet_19-45-43] Within safeClick method
19:45:56 [TestNG-test-Test-3] INFO  verifyingGetItIn2DaysFilterFunctionality_Tablet_19-45-43 - [verifyingGetItIn2DaysFilterFunctionality_Tablet_19-45-43] Clicked the  [[ChromeDriver: chrome on windows (12dce2c48cc22e06ee8899e213ea6e4f)] -> xpath: //span[@class='a-size-base a-color-base puis-bold-weight-text' and text()='Delivery Day']/parent::div/following-sibling::ul//span[@class='a-size-base a-color-base' and text()='Get It in 2 Days']]   using safeClick
19:45:56 [TestNG-test-Test-3] INFO  verifyingGetItIn2DaysFilterFunctionality_Tablet_19-45-43 - [verifyingGetItIn2DaysFilterFunctionality_Tablet_19-45-43] Within getMoreButtonByFilterTypeAndName method
19:45:56 [TestNG-test-Test-3] INFO  verifyingGetItIn2DaysFilterFunctionality_Tablet_19-45-43 - [verifyingGetItIn2DaysFilterFunctionality_Tablet_19-45-43] Clicked on By.xpath: //span[@class='a-size-base a-color-base puis-bold-weight-text' and text()='Delivery Day']/parent::div/following-sibling::ul//span[@class='a-size-base a-color-base' and text()='Get It in 2 Days']
19:45:56 [TestNG-test-Test-3] INFO  verifyingGetItIn2DaysFilterFunctionality_Tablet_19-45-43 - [verifyingGetItIn2DaysFilterFunctionality_Tablet_19-45-43] Within safeFindElements 
19:45:56 [TestNG-test-Test-3] INFO  verifyingGetItIn2DaysFilterFunctionality_Tablet_19-45-43 - [verifyingGetItIn2DaysFilterFunctionality_Tablet_19-45-43] Returning the  [[[ChromeDriver: chrome on windows (12dce2c48cc22e06ee8899e213ea6e4f)] -> xpath: //div[@class='a-section a-spacing-small a-spacing-top-small']], [[ChromeDriver: chrome on windows (12dce2c48cc22e06ee8899e213ea6e4f)] -> xpath: //div[@class='a-section a-spacing-small a-spacing-top-small']], [[ChromeDriver: chrome on windows (12dce2c48cc22e06ee8899e213ea6e4f)] -> xpath: //div[@class='a-section a-spacing-small a-spacing-top-small']], [[ChromeDriver: chrome on windows (12dce2c48cc22e06ee8899e213ea6e4f)] -> xpath: //div[@class='a-section a-spacing-small a-spacing-top-small']], [[ChromeDriver: chrome on windows (12dce2c48cc22e06ee8899e213ea6e4f)] -> xpath: //div[@class='a-section a-spacing-small a-spacing-top-small']], [[ChromeDriver: chrome on windows (12dce2c48cc22e06ee8899e213ea6e4f)] -> xpath: //div[@class='a-section a-spacing-small a-spacing-top-small']], [[ChromeDriver: chrome on windows (12dce2c48cc22e06ee8899e213ea6e4f)] -> xpath: //div[@class='a-section a-spacing-small a-spacing-top-small']], [[ChromeDriver: chrome on windows (12dce2c48cc22e06ee8899e213ea6e4f)] -> xpath: //div[@class='a-section a-spacing-small a-spacing-top-small']], [[ChromeDriver: chrome on windows (12dce2c48cc22e06ee8899e213ea6e4f)] -> xpath: //div[@class='a-section a-spacing-small a-spacing-top-small']]] from the safeFindElements method
19:45:56 [TestNG-test-Test-3] INFO  verifyingGetItIn2DaysFilterFunctionality_Tablet_19-45-43 - [verifyingGetItIn2DaysFilterFunctionality_Tablet_19-45-43] Created hashset with required data to assert with Within validateDeliveryFilterOptions method
19:45:56 [TestNG-test-Test-3] INFO  verifyingGetItIn2DaysFilterFunctionality_Tablet_19-45-43 - [verifyingGetItIn2DaysFilterFunctionality_Tablet_19-45-43] this is the set  [Jul, 22, Today, Tue, FREE delivery, Wed, Tomorrow, 21]
19:45:56 [TestNG-test-Test-3] INFO  verifyingGetItIn2DaysFilterFunctionality_Tablet_19-45-43 - [verifyingGetItIn2DaysFilterFunctionality_Tablet_19-45-43] Within deliveryElements loop iterating over the products  Within validateDeliveryFilterOptions method
19:45:57 [TestNG-test-Test-3] INFO  verifyingGetItIn2DaysFilterFunctionality_Tablet_19-45-43 - [verifyingGetItIn2DaysFilterFunctionality_Tablet_19-45-43] Checking if the allowedDateParts have the assert text   Within validateDeliveryFilterOptions method
19:45:57 [TestNG-test-Test-3] INFO  verifyingGetItIn2DaysFilterFunctionality_Tablet_19-45-43 - [verifyingGetItIn2DaysFilterFunctionality_Tablet_19-45-43] Within deliveryElements loop iterating over the products  Within validateDeliveryFilterOptions method
19:45:57 [TestNG-test-Test-3] INFO  verifyingGetItIn2DaysFilterFunctionality_Tablet_19-45-43 - [verifyingGetItIn2DaysFilterFunctionality_Tablet_19-45-43] Checking if the allowedDateParts have the assert text   Within validateDeliveryFilterOptions method
19:45:57 [TestNG-test-Test-3] INFO  verifyingGetItIn2DaysFilterFunctionality_Tablet_19-45-43 - [verifyingGetItIn2DaysFilterFunctionality_Tablet_19-45-43] Within deliveryElements loop iterating over the products  Within validateDeliveryFilterOptions method
19:45:57 [TestNG-test-Test-3] INFO  verifyingGetItIn2DaysFilterFunctionality_Tablet_19-45-43 - [verifyingGetItIn2DaysFilterFunctionality_Tablet_19-45-43] Checking if the allowedDateParts have the assert text   Within validateDeliveryFilterOptions method
19:45:57 [TestNG-test-Test-3] INFO  verifyingGetItIn2DaysFilterFunctionality_Tablet_19-45-43 - [verifyingGetItIn2DaysFilterFunctionality_Tablet_19-45-43] Within deliveryElements loop iterating over the products  Within validateDeliveryFilterOptions method
19:45:57 [TestNG-test-Test-3] INFO  verifyingGetItIn2DaysFilterFunctionality_Tablet_19-45-43 - [verifyingGetItIn2DaysFilterFunctionality_Tablet_19-45-43] Checking if the allowedDateParts have the assert text   Within validateDeliveryFilterOptions method
19:45:57 [TestNG-test-Test-3] INFO  verifyingGetItIn2DaysFilterFunctionality_Tablet_19-45-43 - [verifyingGetItIn2DaysFilterFunctionality_Tablet_19-45-43] Within deliveryElements loop iterating over the products  Within validateDeliveryFilterOptions method
19:45:57 [TestNG-test-Test-3] INFO  verifyingGetItIn2DaysFilterFunctionality_Tablet_19-45-43 - [verifyingGetItIn2DaysFilterFunctionality_Tablet_19-45-43] Checking if the allowedDateParts have the assert text   Within validateDeliveryFilterOptions method
19:45:57 [TestNG-test-Test-3] INFO  verifyingGetItIn2DaysFilterFunctionality_Tablet_19-45-43 - [verifyingGetItIn2DaysFilterFunctionality_Tablet_19-45-43] Within deliveryElements loop iterating over the products  Within validateDeliveryFilterOptions method
19:45:57 [TestNG-test-Test-3] INFO  verifyingGetItIn2DaysFilterFunctionality_Tablet_19-45-43 - [verifyingGetItIn2DaysFilterFunctionality_Tablet_19-45-43] Checking if the allowedDateParts have the assert text   Within validateDeliveryFilterOptions method
19:45:57 [TestNG-test-Test-3] INFO  verifyingGetItIn2DaysFilterFunctionality_Tablet_19-45-43 - [verifyingGetItIn2DaysFilterFunctionality_Tablet_19-45-43] Within deliveryElements loop iterating over the products  Within validateDeliveryFilterOptions method
19:45:57 [TestNG-test-Test-3] INFO  verifyingGetItIn2DaysFilterFunctionality_Tablet_19-45-43 - [verifyingGetItIn2DaysFilterFunctionality_Tablet_19-45-43] Checking if the allowedDateParts have the assert text   Within validateDeliveryFilterOptions method
19:45:57 [TestNG-test-Test-3] INFO  verifyingGetItIn2DaysFilterFunctionality_Tablet_19-45-43 - [verifyingGetItIn2DaysFilterFunctionality_Tablet_19-45-43] Within deliveryElements loop iterating over the products  Within validateDeliveryFilterOptions method
19:45:57 [TestNG-test-Test-3] INFO  verifyingGetItIn2DaysFilterFunctionality_Tablet_19-45-43 - [verifyingGetItIn2DaysFilterFunctionality_Tablet_19-45-43] Checking if the allowedDateParts have the assert text   Within validateDeliveryFilterOptions method
19:45:57 [TestNG-test-Test-3] INFO  verifyingGetItIn2DaysFilterFunctionality_Tablet_19-45-43 - [verifyingGetItIn2DaysFilterFunctionality_Tablet_19-45-43] Within deliveryElements loop iterating over the products  Within validateDeliveryFilterOptions method
19:45:57 [TestNG-test-Test-3] INFO  verifyingGetItIn2DaysFilterFunctionality_Tablet_19-45-43 - [verifyingGetItIn2DaysFilterFunctionality_Tablet_19-45-43] Checking if the allowedDateParts have the assert text   Within validateDeliveryFilterOptions method
19:45:57 [TestNG-test-Test-3] INFO  verifyingGetItIn2DaysFilterFunctionality_Tablet_19-45-43 - [verifyingGetItIn2DaysFilterFunctionality_Tablet_19-45-43] Returning the list with boolean values   Within validateDeliveryFilterOptions method
19:45:57 [TestNG-test-Test-3] INFO  verifyingGetItIn2DaysFilterFunctionality_Tablet_19-45-43 - [verifyingGetItIn2DaysFilterFunctionality_Tablet_19-45-43] Asserting delivery filter: isValid=true, index=-1, text=All the things are valid no errors
