22:10:02 [TestNG-test-Test-3] INFO  verifyingPriceSilderFunctionality_Laptop_22-10-02 - No existing WebDriver found for current thread. Initializing a new ChromeDriver...
22:10:02 [TestNG-test-Test-3] INFO  verifyingPriceSilderFunctionality_Laptop_22-10-02 - WebDriverManager: chromedriver setup OK
22:10:03 [TestNG-test-Test-3] INFO  verifyingPriceSilderFunctionality_Laptop_22-10-02 - ChromeDriver initialized successfully for thread: 36
22:10:06 [TestNG-test-Test-3] INFO  verifyingPriceSilderFunctionality_Laptop_22-10-02 - [verifyingPriceSilderFunctionality_Laptop_22-10-02] Opening amazon Landing page
22:10:07 [TestNG-test-Test-3] INFO  verifyingPriceSilderFunctionality_Laptop_22-10-02 - [verifyingPriceSilderFunctionality_Laptop_22-10-02] Within safeFindElement method
22:10:07 [TestNG-test-Test-3] INFO  verifyingPriceSilderFunctionality_Laptop_22-10-02 - [verifyingPriceSilderFunctionality_Laptop_22-10-02]Found the element returning it ,element ->[[ChromeDriver: chrome on windows (cd43ac4d8b2ccebd6ed59d56c25f3017)] -> xpath: //a[@id='nav-logo-sprites']]
22:10:08 [TestNG-test-Test-3] INFO  verifyingPriceSilderFunctionality_Laptop_22-10-02 - [verifyingPriceSilderFunctionality_Laptop_22-10-02] Giving input within the search bar
22:10:08 [TestNG-test-Test-3] INFO  verifyingPriceSilderFunctionality_Laptop_22-10-02 - [verifyingPriceSilderFunctionality_Laptop_22-10-02] Within safeClick method
22:10:11 [TestNG-test-Test-3] INFO  verifyingPriceSilderFunctionality_Laptop_22-10-02 - [verifyingPriceSilderFunctionality_Laptop_22-10-02] Clicked the  [[ChromeDriver: chrome on windows (cd43ac4d8b2ccebd6ed59d56c25f3017)] -> xpath: //input[@id='nav-search-submit-button']]   using safeClick
22:10:11 [TestNG-test-Test-3] INFO  verifyingPriceSilderFunctionality_Laptop_22-10-02 - [verifyingPriceSilderFunctionality_Laptop_22-10-02] Clicking on the submit in the search bar
22:10:12 [TestNG-test-Test-3] INFO  verifyingPriceSilderFunctionality_Laptop_22-10-02 - [verifyingPriceSilderFunctionality_Laptop_22-10-02] Within filterCheckUnderList method
22:10:12 [TestNG-test-Test-3] INFO  verifyingPriceSilderFunctionality_Laptop_22-10-02 - [verifyingPriceSilderFunctionality_Laptop_22-10-02] Found the Filter within the filter check List
22:10:12 [TestNG-test-Test-3] INFO  verifyingPriceSilderFunctionality_Laptop_22-10-02 - [verifyingPriceSilderFunctionality_Laptop_22-10-02] Within applyPriceSliderAndValidateWithResult method
22:10:12 [TestNG-test-Test-3] INFO  verifyingPriceSilderFunctionality_Laptop_22-10-02 - [verifyingPriceSilderFunctionality_Laptop_22-10-02] Within smoothScrollToElement method
22:10:12 [TestNG-test-Test-3] INFO  verifyingPriceSilderFunctionality_Laptop_22-10-02 - [verifyingPriceSilderFunctionality_Laptop_22-10-02] Within safeFindElement method
22:10:12 [TestNG-test-Test-3] INFO  verifyingPriceSilderFunctionality_Laptop_22-10-02 - [verifyingPriceSilderFunctionality_Laptop_22-10-02]Found the element returning it ,element ->[[ChromeDriver: chrome on windows (cd43ac4d8b2ccebd6ed59d56c25f3017)] -> id: p_36/range-slider_slider-item_lower-bound-slider]
22:10:12 [TestNG-test-Test-3] INFO  verifyingPriceSilderFunctionality_Laptop_22-10-02 - [verifyingPriceSilderFunctionality_Laptop_22-10-02] Successfully scrolled to element: By.id: p_36/range-slider_slider-item_lower-bound-slider
22:10:12 [TestNG-test-Test-3] INFO  verifyingPriceSilderFunctionality_Laptop_22-10-02 - [verifyingPriceSilderFunctionality_Laptop_22-10-02] Within safeFindElement method
22:10:12 [TestNG-test-Test-3] INFO  verifyingPriceSilderFunctionality_Laptop_22-10-02 - [verifyingPriceSilderFunctionality_Laptop_22-10-02]Found the element returning it ,element ->[[ChromeDriver: chrome on windows (cd43ac4d8b2ccebd6ed59d56c25f3017)] -> id: p_36/range-slider_slider-item_lower-bound-slider]
22:10:12 [TestNG-test-Test-3] INFO  verifyingPriceSilderFunctionality_Laptop_22-10-02 - [verifyingPriceSilderFunctionality_Laptop_22-10-02] in the setSliderValue method with value 61
22:10:12 [TestNG-test-Test-3] INFO  verifyingPriceSilderFunctionality_Laptop_22-10-02 - [verifyingPriceSilderFunctionality_Laptop_22-10-02] Within safeFindElement method
22:10:12 [TestNG-test-Test-3] INFO  verifyingPriceSilderFunctionality_Laptop_22-10-02 - [verifyingPriceSilderFunctionality_Laptop_22-10-02]Found the element returning it ,element ->[[ChromeDriver: chrome on windows (cd43ac4d8b2ccebd6ed59d56c25f3017)] -> id: p_36/range-slider_slider-item_upper-bound-slider]
22:10:12 [TestNG-test-Test-3] INFO  verifyingPriceSilderFunctionality_Laptop_22-10-02 - [verifyingPriceSilderFunctionality_Laptop_22-10-02] in the setSliderValue method with value 81
22:10:13 [TestNG-test-Test-3] INFO  verifyingPriceSilderFunctionality_Laptop_22-10-02 - [verifyingPriceSilderFunctionality_Laptop_22-10-02] Within safeFindElement method
22:10:18 [TestNG-test-Test-3] INFO  verifyingPriceSilderFunctionality_Laptop_22-10-02 - [verifyingPriceSilderFunctionality_Laptop_22-10-02]Retrying findElement for: ->By.xpath: //label[@for='p_36/range-slider_slider-item_upper-bound-slider']
22:10:19 [TestNG-test-Test-3] INFO  verifyingPriceSilderFunctionality_Laptop_22-10-02 - [verifyingPriceSilderFunctionality_Laptop_22-10-02]Refrehsing the page , while trying to safely find : ->By.xpath: //label[@for='p_36/range-slider_slider-item_upper-bound-slider']
22:10:20 [TestNG-test-Test-3] INFO  verifyingPriceSilderFunctionality_Laptop_22-10-02 - [verifyingPriceSilderFunctionality_Laptop_22-10-02]Found the element returning it ,element ->[[ChromeDriver: chrome on windows (cd43ac4d8b2ccebd6ed59d56c25f3017)] -> xpath: //label[@for='p_36/range-slider_slider-item_upper-bound-slider']]
22:10:20 [TestNG-test-Test-3] INFO  verifyingPriceSilderFunctionality_Laptop_22-10-02 - [verifyingPriceSilderFunctionality_Laptop_22-10-02] Within safeFindElement method
22:10:20 [TestNG-test-Test-3] INFO  verifyingPriceSilderFunctionality_Laptop_22-10-02 - [verifyingPriceSilderFunctionality_Laptop_22-10-02]Found the element returning it ,element ->[[ChromeDriver: chrome on windows (cd43ac4d8b2ccebd6ed59d56c25f3017)] -> xpath: //label[@for='p_36/range-slider_slider-item_lower-bound-slider']]
22:10:20 [TestNG-test-Test-3] INFO  verifyingPriceSilderFunctionality_Laptop_22-10-02 - [verifyingPriceSilderFunctionality_Laptop_22-10-02] Within safeFindElements 
22:10:20 [TestNG-test-Test-3] INFO  verifyingPriceSilderFunctionality_Laptop_22-10-02 - [verifyingPriceSilderFunctionality_Laptop_22-10-02] Returning the  [[[ChromeDriver: chrome on windows (cd43ac4d8b2ccebd6ed59d56c25f3017)] -> xpath: //span[@class='a-price-whole']], [[ChromeDriver: chrome on windows (cd43ac4d8b2ccebd6ed59d56c25f3017)] -> xpath: //span[@class='a-price-whole']], [[ChromeDriver: chrome on windows (cd43ac4d8b2ccebd6ed59d56c25f3017)] -> xpath: //span[@class='a-price-whole']], [[ChromeDriver: chrome on windows (cd43ac4d8b2ccebd6ed59d56c25f3017)] -> xpath: //span[@class='a-price-whole']], [[ChromeDriver: chrome on windows (cd43ac4d8b2ccebd6ed59d56c25f3017)] -> xpath: //span[@class='a-price-whole']], [[ChromeDriver: chrome on windows (cd43ac4d8b2ccebd6ed59d56c25f3017)] -> xpath: //span[@class='a-price-whole']], [[ChromeDriver: chrome on windows (cd43ac4d8b2ccebd6ed59d56c25f3017)] -> xpath: //span[@class='a-price-whole']], [[ChromeDriver: chrome on windows (cd43ac4d8b2ccebd6ed59d56c25f3017)] -> xpath: //span[@class='a-price-whole']], [[ChromeDriver: chrome on windows (cd43ac4d8b2ccebd6ed59d56c25f3017)] -> xpath: //span[@class='a-price-whole']], [[ChromeDriver: chrome on windows (cd43ac4d8b2ccebd6ed59d56c25f3017)] -> xpath: //span[@class='a-price-whole']], [[ChromeDriver: chrome on windows (cd43ac4d8b2ccebd6ed59d56c25f3017)] -> xpath: //span[@class='a-price-whole']], [[ChromeDriver: chrome on windows (cd43ac4d8b2ccebd6ed59d56c25f3017)] -> xpath: //span[@class='a-price-whole']], [[ChromeDriver: chrome on windows (cd43ac4d8b2ccebd6ed59d56c25f3017)] -> xpath: //span[@class='a-price-whole']], [[ChromeDriver: chrome on windows (cd43ac4d8b2ccebd6ed59d56c25f3017)] -> xpath: //span[@class='a-price-whole']], [[ChromeDriver: chrome on windows (cd43ac4d8b2ccebd6ed59d56c25f3017)] -> xpath: //span[@class='a-price-whole']], [[ChromeDriver: chrome on windows (cd43ac4d8b2ccebd6ed59d56c25f3017)] -> xpath: //span[@class='a-price-whole']]] from the safeFindElements method
22:10:21 [TestNG-test-Test-3] INFO  verifyingPriceSilderFunctionality_Laptop_22-10-02 - [verifyingPriceSilderFunctionality_Laptop_22-10-02] Min Price Applied is  ₹33,700   Product Price is 39,990  Max Price Applied is ₹66,500
22:10:21 [TestNG-test-Test-3] INFO  verifyingPriceSilderFunctionality_Laptop_22-10-02 - [verifyingPriceSilderFunctionality_Laptop_22-10-02] Min Price Applied is  ₹33,700   Product Price is 66,490  Max Price Applied is ₹66,500
22:10:21 [TestNG-test-Test-3] INFO  verifyingPriceSilderFunctionality_Laptop_22-10-02 - [verifyingPriceSilderFunctionality_Laptop_22-10-02] Min Price Applied is  ₹33,700   Product Price is 47,990  Max Price Applied is ₹66,500
22:10:21 [TestNG-test-Test-3] INFO  verifyingPriceSilderFunctionality_Laptop_22-10-02 - [verifyingPriceSilderFunctionality_Laptop_22-10-02] Min Price Applied is  ₹33,700   Product Price is 49,750  Max Price Applied is ₹66,500
22:10:21 [TestNG-test-Test-3] INFO  verifyingPriceSilderFunctionality_Laptop_22-10-02 - [verifyingPriceSilderFunctionality_Laptop_22-10-02] Min Price Applied is  ₹33,700   Product Price is 58,180  Max Price Applied is ₹66,500
22:10:21 [TestNG-test-Test-3] INFO  verifyingPriceSilderFunctionality_Laptop_22-10-02 - [verifyingPriceSilderFunctionality_Laptop_22-10-02] Min Price Applied is  ₹33,700   Product Price is 58,290  Max Price Applied is ₹66,500
22:10:21 [TestNG-test-Test-3] INFO  verifyingPriceSilderFunctionality_Laptop_22-10-02 - [verifyingPriceSilderFunctionality_Laptop_22-10-02] Min Price Applied is  ₹33,700   Product Price is 38,990  Max Price Applied is ₹66,500
22:10:21 [TestNG-test-Test-3] INFO  verifyingPriceSilderFunctionality_Laptop_22-10-02 - [verifyingPriceSilderFunctionality_Laptop_22-10-02] Min Price Applied is  ₹33,700   Product Price is 33,990  Max Price Applied is ₹66,500
22:10:21 [TestNG-test-Test-3] INFO  verifyingPriceSilderFunctionality_Laptop_22-10-02 - [verifyingPriceSilderFunctionality_Laptop_22-10-02] Min Price Applied is  ₹33,700   Product Price is 33,990  Max Price Applied is ₹66,500
22:10:21 [TestNG-test-Test-3] INFO  verifyingPriceSilderFunctionality_Laptop_22-10-02 - [verifyingPriceSilderFunctionality_Laptop_22-10-02] Min Price Applied is  ₹33,700   Product Price is 43,990  Max Price Applied is ₹66,500
22:10:21 [TestNG-test-Test-3] INFO  verifyingPriceSilderFunctionality_Laptop_22-10-02 - [verifyingPriceSilderFunctionality_Laptop_22-10-02] Min Price Applied is  ₹33,700   Product Price is 46,999  Max Price Applied is ₹66,500
22:10:21 [TestNG-test-Test-3] INFO  verifyingPriceSilderFunctionality_Laptop_22-10-02 - [verifyingPriceSilderFunctionality_Laptop_22-10-02] Min Price Applied is  ₹33,700   Product Price is 47,999  Max Price Applied is ₹66,500
22:10:21 [TestNG-test-Test-3] INFO  verifyingPriceSilderFunctionality_Laptop_22-10-02 - [verifyingPriceSilderFunctionality_Laptop_22-10-02] Min Price Applied is  ₹33,700   Product Price is 35,590  Max Price Applied is ₹66,500
22:10:21 [TestNG-test-Test-3] INFO  verifyingPriceSilderFunctionality_Laptop_22-10-02 - [verifyingPriceSilderFunctionality_Laptop_22-10-02] Min Price Applied is  ₹33,700   Product Price is 60,750  Max Price Applied is ₹66,500
22:10:21 [TestNG-test-Test-3] INFO  verifyingPriceSilderFunctionality_Laptop_22-10-02 - [verifyingPriceSilderFunctionality_Laptop_22-10-02] Min Price Applied is  ₹33,700   Product Price is 39,990  Max Price Applied is ₹66,500
22:10:21 [TestNG-test-Test-3] INFO  verifyingPriceSilderFunctionality_Laptop_22-10-02 - [verifyingPriceSilderFunctionality_Laptop_22-10-02] Min Price Applied is  ₹33,700   Product Price is 34,599  Max Price Applied is ₹66,500
22:10:21 [TestNG-test-Test-3] INFO  verifyingPriceSilderFunctionality_Laptop_22-10-02 - [verifyingPriceSilderFunctionality_Laptop_22-10-02] Within smoothScrollToElement method
22:10:21 [TestNG-test-Test-3] INFO  verifyingPriceSilderFunctionality_Laptop_22-10-02 - [verifyingPriceSilderFunctionality_Laptop_22-10-02] Within safeFindElement method
22:10:22 [TestNG-test-Test-3] INFO  verifyingPriceSilderFunctionality_Laptop_22-10-02 - [verifyingPriceSilderFunctionality_Laptop_22-10-02]Found the element returning it ,element ->[[ChromeDriver: chrome on windows (cd43ac4d8b2ccebd6ed59d56c25f3017)] -> id: p_36/range-slider_slider-item_lower-bound-slider]
22:10:22 [TestNG-test-Test-3] INFO  verifyingPriceSilderFunctionality_Laptop_22-10-02 - [verifyingPriceSilderFunctionality_Laptop_22-10-02] Successfully scrolled to element: By.id: p_36/range-slider_slider-item_lower-bound-slider
22:10:22 [TestNG-test-Test-3] INFO  verifyingPriceSilderFunctionality_Laptop_22-10-02 - [verifyingPriceSilderFunctionality_Laptop_22-10-02] Price Check <= Max & >= Min  Product Price is ->39990.0
22:10:22 [TestNG-test-Test-3] INFO  verifyingPriceSilderFunctionality_Laptop_22-10-02 - [verifyingPriceSilderFunctionality_Laptop_22-10-02] Min Price Applied is  33700.0   Product Price is 39,990  Max Price Applied is 66500.0
22:10:22 [TestNG-test-Test-3] INFO  verifyingPriceSilderFunctionality_Laptop_22-10-02 - [verifyingPriceSilderFunctionality_Laptop_22-10-02] Price Check <= Max & >= Min  Product Price is ->66490.0
22:10:22 [TestNG-test-Test-3] INFO  verifyingPriceSilderFunctionality_Laptop_22-10-02 - [verifyingPriceSilderFunctionality_Laptop_22-10-02] Min Price Applied is  33700.0   Product Price is 66,490  Max Price Applied is 66500.0
22:10:22 [TestNG-test-Test-3] INFO  verifyingPriceSilderFunctionality_Laptop_22-10-02 - [verifyingPriceSilderFunctionality_Laptop_22-10-02] Price Check <= Max & >= Min  Product Price is ->47990.0
22:10:22 [TestNG-test-Test-3] INFO  verifyingPriceSilderFunctionality_Laptop_22-10-02 - [verifyingPriceSilderFunctionality_Laptop_22-10-02] Min Price Applied is  33700.0   Product Price is 47,990  Max Price Applied is 66500.0
22:10:22 [TestNG-test-Test-3] INFO  verifyingPriceSilderFunctionality_Laptop_22-10-02 - [verifyingPriceSilderFunctionality_Laptop_22-10-02] Price Check <= Max & >= Min  Product Price is ->49750.0
22:10:22 [TestNG-test-Test-3] INFO  verifyingPriceSilderFunctionality_Laptop_22-10-02 - [verifyingPriceSilderFunctionality_Laptop_22-10-02] Min Price Applied is  33700.0   Product Price is 49,750  Max Price Applied is 66500.0
22:10:22 [TestNG-test-Test-3] INFO  verifyingPriceSilderFunctionality_Laptop_22-10-02 - [verifyingPriceSilderFunctionality_Laptop_22-10-02] Price Check <= Max & >= Min  Product Price is ->58180.0
22:10:22 [TestNG-test-Test-3] INFO  verifyingPriceSilderFunctionality_Laptop_22-10-02 - [verifyingPriceSilderFunctionality_Laptop_22-10-02] Min Price Applied is  33700.0   Product Price is 58,180  Max Price Applied is 66500.0
22:10:22 [TestNG-test-Test-3] INFO  verifyingPriceSilderFunctionality_Laptop_22-10-02 - [verifyingPriceSilderFunctionality_Laptop_22-10-02] Price Check <= Max & >= Min  Product Price is ->58290.0
22:10:22 [TestNG-test-Test-3] INFO  verifyingPriceSilderFunctionality_Laptop_22-10-02 - [verifyingPriceSilderFunctionality_Laptop_22-10-02] Min Price Applied is  33700.0   Product Price is 58,290  Max Price Applied is 66500.0
22:10:22 [TestNG-test-Test-3] INFO  verifyingPriceSilderFunctionality_Laptop_22-10-02 - [verifyingPriceSilderFunctionality_Laptop_22-10-02] Price Check <= Max & >= Min  Product Price is ->38990.0
22:10:22 [TestNG-test-Test-3] INFO  verifyingPriceSilderFunctionality_Laptop_22-10-02 - [verifyingPriceSilderFunctionality_Laptop_22-10-02] Min Price Applied is  33700.0   Product Price is 38,990  Max Price Applied is 66500.0
22:10:22 [TestNG-test-Test-3] INFO  verifyingPriceSilderFunctionality_Laptop_22-10-02 - [verifyingPriceSilderFunctionality_Laptop_22-10-02] Price Check <= Max & >= Min  Product Price is ->33990.0
22:10:22 [TestNG-test-Test-3] INFO  verifyingPriceSilderFunctionality_Laptop_22-10-02 - [verifyingPriceSilderFunctionality_Laptop_22-10-02] Min Price Applied is  33700.0   Product Price is 33,990  Max Price Applied is 66500.0
22:10:22 [TestNG-test-Test-3] INFO  verifyingPriceSilderFunctionality_Laptop_22-10-02 - [verifyingPriceSilderFunctionality_Laptop_22-10-02] Price Check <= Max & >= Min  Product Price is ->33990.0
22:10:22 [TestNG-test-Test-3] INFO  verifyingPriceSilderFunctionality_Laptop_22-10-02 - [verifyingPriceSilderFunctionality_Laptop_22-10-02] Min Price Applied is  33700.0   Product Price is 33,990  Max Price Applied is 66500.0
22:10:22 [TestNG-test-Test-3] INFO  verifyingPriceSilderFunctionality_Laptop_22-10-02 - [verifyingPriceSilderFunctionality_Laptop_22-10-02] Price Check <= Max & >= Min  Product Price is ->43990.0
22:10:22 [TestNG-test-Test-3] INFO  verifyingPriceSilderFunctionality_Laptop_22-10-02 - [verifyingPriceSilderFunctionality_Laptop_22-10-02] Min Price Applied is  33700.0   Product Price is 43,990  Max Price Applied is 66500.0
22:10:22 [TestNG-test-Test-3] INFO  verifyingPriceSilderFunctionality_Laptop_22-10-02 - [verifyingPriceSilderFunctionality_Laptop_22-10-02] Price Check <= Max & >= Min  Product Price is ->46999.0
22:10:22 [TestNG-test-Test-3] INFO  verifyingPriceSilderFunctionality_Laptop_22-10-02 - [verifyingPriceSilderFunctionality_Laptop_22-10-02] Min Price Applied is  33700.0   Product Price is 46,999  Max Price Applied is 66500.0
22:10:22 [TestNG-test-Test-3] INFO  verifyingPriceSilderFunctionality_Laptop_22-10-02 - [verifyingPriceSilderFunctionality_Laptop_22-10-02] Price Check <= Max & >= Min  Product Price is ->47999.0
22:10:22 [TestNG-test-Test-3] INFO  verifyingPriceSilderFunctionality_Laptop_22-10-02 - [verifyingPriceSilderFunctionality_Laptop_22-10-02] Min Price Applied is  33700.0   Product Price is 47,999  Max Price Applied is 66500.0
22:10:22 [TestNG-test-Test-3] INFO  verifyingPriceSilderFunctionality_Laptop_22-10-02 - [verifyingPriceSilderFunctionality_Laptop_22-10-02] Price Check <= Max & >= Min  Product Price is ->35590.0
22:10:22 [TestNG-test-Test-3] INFO  verifyingPriceSilderFunctionality_Laptop_22-10-02 - [verifyingPriceSilderFunctionality_Laptop_22-10-02] Min Price Applied is  33700.0   Product Price is 35,590  Max Price Applied is 66500.0
22:10:22 [TestNG-test-Test-3] INFO  verifyingPriceSilderFunctionality_Laptop_22-10-02 - [verifyingPriceSilderFunctionality_Laptop_22-10-02] Price Check <= Max & >= Min  Product Price is ->60750.0
22:10:22 [TestNG-test-Test-3] INFO  verifyingPriceSilderFunctionality_Laptop_22-10-02 - [verifyingPriceSilderFunctionality_Laptop_22-10-02] Min Price Applied is  33700.0   Product Price is 60,750  Max Price Applied is 66500.0
22:10:22 [TestNG-test-Test-3] INFO  verifyingPriceSilderFunctionality_Laptop_22-10-02 - [verifyingPriceSilderFunctionality_Laptop_22-10-02] Price Check <= Max & >= Min  Product Price is ->39990.0
22:10:22 [TestNG-test-Test-3] INFO  verifyingPriceSilderFunctionality_Laptop_22-10-02 - [verifyingPriceSilderFunctionality_Laptop_22-10-02] Min Price Applied is  33700.0   Product Price is 39,990  Max Price Applied is 66500.0
22:10:22 [TestNG-test-Test-3] INFO  verifyingPriceSilderFunctionality_Laptop_22-10-02 - [verifyingPriceSilderFunctionality_Laptop_22-10-02] Price Check <= Max & >= Min  Product Price is ->34599.0
22:10:22 [TestNG-test-Test-3] INFO  verifyingPriceSilderFunctionality_Laptop_22-10-02 - [verifyingPriceSilderFunctionality_Laptop_22-10-02] Min Price Applied is  33700.0   Product Price is 34,599  Max Price Applied is 66500.0
22:10:22 [TestNG-test-Test-3] INFO  verifyingPriceSilderFunctionality_Laptop_22-10-02 - [verifyingPriceSilderFunctionality_Laptop_22-10-02] Adding the data 'min','max','isValid' ,'mismatches' to 'result' Map->81
22:10:22 [TestNG-test-Test-3] INFO  verifyingPriceSilderFunctionality_Laptop_22-10-02 - [verifyingPriceSilderFunctionality_Laptop_22-10-02] Adding the 'results'  Map to the master 'allResults' i.e is List of maps->81
22:10:22 [TestNG-test-Test-3] INFO  verifyingPriceSilderFunctionality_Laptop_22-10-02 - [verifyingPriceSilderFunctionality_Laptop_22-10-02] Within safeFindElement method
22:10:22 [TestNG-test-Test-3] INFO  verifyingPriceSilderFunctionality_Laptop_22-10-02 - [verifyingPriceSilderFunctionality_Laptop_22-10-02]Found the element returning it ,element ->[[ChromeDriver: chrome on windows (cd43ac4d8b2ccebd6ed59d56c25f3017)] -> id: p_36/range-slider_slider-item_lower-bound-slider]
22:10:22 [TestNG-test-Test-3] INFO  verifyingPriceSilderFunctionality_Laptop_22-10-02 - [verifyingPriceSilderFunctionality_Laptop_22-10-02] in the setSliderValue method with value 91
22:10:22 [TestNG-test-Test-3] INFO  verifyingPriceSilderFunctionality_Laptop_22-10-02 - [verifyingPriceSilderFunctionality_Laptop_22-10-02] Within safeFindElement method
22:10:22 [TestNG-test-Test-3] INFO  verifyingPriceSilderFunctionality_Laptop_22-10-02 - [verifyingPriceSilderFunctionality_Laptop_22-10-02]Found the element returning it ,element ->[[ChromeDriver: chrome on windows (cd43ac4d8b2ccebd6ed59d56c25f3017)] -> id: p_36/range-slider_slider-item_upper-bound-slider]
22:10:23 [TestNG-test-Test-3] INFO  verifyingPriceSilderFunctionality_Laptop_22-10-02 - [verifyingPriceSilderFunctionality_Laptop_22-10-02] in the setSliderValue method with value 121
22:10:23 [TestNG-test-Test-3] INFO  verifyingPriceSilderFunctionality_Laptop_22-10-02 - [verifyingPriceSilderFunctionality_Laptop_22-10-02] Within safeFindElement method
22:10:25 [TestNG-test-Test-3] INFO  verifyingPriceSilderFunctionality_Laptop_22-10-02 - [verifyingPriceSilderFunctionality_Laptop_22-10-02]Found the element returning it ,element ->[[ChromeDriver: chrome on windows (cd43ac4d8b2ccebd6ed59d56c25f3017)] -> xpath: //label[@for='p_36/range-slider_slider-item_upper-bound-slider']]
22:10:25 [TestNG-test-Test-3] INFO  verifyingPriceSilderFunctionality_Laptop_22-10-02 - [verifyingPriceSilderFunctionality_Laptop_22-10-02] Within safeFindElement method
22:10:25 [TestNG-test-Test-3] INFO  verifyingPriceSilderFunctionality_Laptop_22-10-02 - [verifyingPriceSilderFunctionality_Laptop_22-10-02]Found the element returning it ,element ->[[ChromeDriver: chrome on windows (cd43ac4d8b2ccebd6ed59d56c25f3017)] -> xpath: //label[@for='p_36/range-slider_slider-item_lower-bound-slider']]
22:10:25 [TestNG-test-Test-3] INFO  verifyingPriceSilderFunctionality_Laptop_22-10-02 - [verifyingPriceSilderFunctionality_Laptop_22-10-02] Within safeFindElements 
22:10:25 [TestNG-test-Test-3] INFO  verifyingPriceSilderFunctionality_Laptop_22-10-02 - [verifyingPriceSilderFunctionality_Laptop_22-10-02] Returning the  [[[ChromeDriver: chrome on windows (cd43ac4d8b2ccebd6ed59d56c25f3017)] -> xpath: //span[@class='a-price-whole']], [[ChromeDriver: chrome on windows (cd43ac4d8b2ccebd6ed59d56c25f3017)] -> xpath: //span[@class='a-price-whole']], [[ChromeDriver: chrome on windows (cd43ac4d8b2ccebd6ed59d56c25f3017)] -> xpath: //span[@class='a-price-whole']], [[ChromeDriver: chrome on windows (cd43ac4d8b2ccebd6ed59d56c25f3017)] -> xpath: //span[@class='a-price-whole']], [[ChromeDriver: chrome on windows (cd43ac4d8b2ccebd6ed59d56c25f3017)] -> xpath: //span[@class='a-price-whole']], [[ChromeDriver: chrome on windows (cd43ac4d8b2ccebd6ed59d56c25f3017)] -> xpath: //span[@class='a-price-whole']], [[ChromeDriver: chrome on windows (cd43ac4d8b2ccebd6ed59d56c25f3017)] -> xpath: //span[@class='a-price-whole']], [[ChromeDriver: chrome on windows (cd43ac4d8b2ccebd6ed59d56c25f3017)] -> xpath: //span[@class='a-price-whole']], [[ChromeDriver: chrome on windows (cd43ac4d8b2ccebd6ed59d56c25f3017)] -> xpath: //span[@class='a-price-whole']], [[ChromeDriver: chrome on windows (cd43ac4d8b2ccebd6ed59d56c25f3017)] -> xpath: //span[@class='a-price-whole']], [[ChromeDriver: chrome on windows (cd43ac4d8b2ccebd6ed59d56c25f3017)] -> xpath: //span[@class='a-price-whole']], [[ChromeDriver: chrome on windows (cd43ac4d8b2ccebd6ed59d56c25f3017)] -> xpath: //span[@class='a-price-whole']], [[ChromeDriver: chrome on windows (cd43ac4d8b2ccebd6ed59d56c25f3017)] -> xpath: //span[@class='a-price-whole']], [[ChromeDriver: chrome on windows (cd43ac4d8b2ccebd6ed59d56c25f3017)] -> xpath: //span[@class='a-price-whole']], [[ChromeDriver: chrome on windows (cd43ac4d8b2ccebd6ed59d56c25f3017)] -> xpath: //span[@class='a-price-whole']], [[ChromeDriver: chrome on windows (cd43ac4d8b2ccebd6ed59d56c25f3017)] -> xpath: //span[@class='a-price-whole']], [[ChromeDriver: chrome on windows (cd43ac4d8b2ccebd6ed59d56c25f3017)] -> xpath: //span[@class='a-price-whole']], [[ChromeDriver: chrome on windows (cd43ac4d8b2ccebd6ed59d56c25f3017)] -> xpath: //span[@class='a-price-whole']], [[ChromeDriver: chrome on windows (cd43ac4d8b2ccebd6ed59d56c25f3017)] -> xpath: //span[@class='a-price-whole']], [[ChromeDriver: chrome on windows (cd43ac4d8b2ccebd6ed59d56c25f3017)] -> xpath: //span[@class='a-price-whole']], [[ChromeDriver: chrome on windows (cd43ac4d8b2ccebd6ed59d56c25f3017)] -> xpath: //span[@class='a-price-whole']], [[ChromeDriver: chrome on windows (cd43ac4d8b2ccebd6ed59d56c25f3017)] -> xpath: //span[@class='a-price-whole']], [[ChromeDriver: chrome on windows (cd43ac4d8b2ccebd6ed59d56c25f3017)] -> xpath: //span[@class='a-price-whole']], [[ChromeDriver: chrome on windows (cd43ac4d8b2ccebd6ed59d56c25f3017)] -> xpath: //span[@class='a-price-whole']], [[ChromeDriver: chrome on windows (cd43ac4d8b2ccebd6ed59d56c25f3017)] -> xpath: //span[@class='a-price-whole']], [[ChromeDriver: chrome on windows (cd43ac4d8b2ccebd6ed59d56c25f3017)] -> xpath: //span[@class='a-price-whole']], [[ChromeDriver: chrome on windows (cd43ac4d8b2ccebd6ed59d56c25f3017)] -> xpath: //span[@class='a-price-whole']], [[ChromeDriver: chrome on windows (cd43ac4d8b2ccebd6ed59d56c25f3017)] -> xpath: //span[@class='a-price-whole']], [[ChromeDriver: chrome on windows (cd43ac4d8b2ccebd6ed59d56c25f3017)] -> xpath: //span[@class='a-price-whole']], [[ChromeDriver: chrome on windows (cd43ac4d8b2ccebd6ed59d56c25f3017)] -> xpath: //span[@class='a-price-whole']], [[ChromeDriver: chrome on windows (cd43ac4d8b2ccebd6ed59d56c25f3017)] -> xpath: //span[@class='a-price-whole']], [[ChromeDriver: chrome on windows (cd43ac4d8b2ccebd6ed59d56c25f3017)] -> xpath: //span[@class='a-price-whole']]] from the safeFindElements method
22:10:25 [TestNG-test-Test-3] INFO  verifyingPriceSilderFunctionality_Laptop_22-10-02 - [verifyingPriceSilderFunctionality_Laptop_22-10-02] Min Price Applied is  ₹48,400   Product Price is 82,990  Max Price Applied is ₹176,700
22:10:25 [TestNG-test-Test-3] INFO  verifyingPriceSilderFunctionality_Laptop_22-10-02 - [verifyingPriceSilderFunctionality_Laptop_22-10-02] Min Price Applied is  ₹48,400   Product Price is   Max Price Applied is ₹176,700
22:10:25 [TestNG-test-Test-3] INFO  verifyingPriceSilderFunctionality_Laptop_22-10-02 - [verifyingPriceSilderFunctionality_Laptop_22-10-02] Min Price Applied is  ₹48,400   Product Price is   Max Price Applied is ₹176,700
22:10:25 [TestNG-test-Test-3] INFO  verifyingPriceSilderFunctionality_Laptop_22-10-02 - [verifyingPriceSilderFunctionality_Laptop_22-10-02] Min Price Applied is  ₹48,400   Product Price is   Max Price Applied is ₹176,700
22:10:25 [TestNG-test-Test-3] INFO  verifyingPriceSilderFunctionality_Laptop_22-10-02 - [verifyingPriceSilderFunctionality_Laptop_22-10-02] Min Price Applied is  ₹48,400   Product Price is   Max Price Applied is ₹176,700
22:10:25 [TestNG-test-Test-3] INFO  verifyingPriceSilderFunctionality_Laptop_22-10-02 - [verifyingPriceSilderFunctionality_Laptop_22-10-02] Min Price Applied is  ₹48,400   Product Price is   Max Price Applied is ₹176,700
22:10:25 [TestNG-test-Test-3] INFO  verifyingPriceSilderFunctionality_Laptop_22-10-02 - [verifyingPriceSilderFunctionality_Laptop_22-10-02] Min Price Applied is  ₹48,400   Product Price is   Max Price Applied is ₹176,700
22:10:25 [TestNG-test-Test-3] INFO  verifyingPriceSilderFunctionality_Laptop_22-10-02 - [verifyingPriceSilderFunctionality_Laptop_22-10-02] Min Price Applied is  ₹48,400   Product Price is   Max Price Applied is ₹176,700
22:10:25 [TestNG-test-Test-3] INFO  verifyingPriceSilderFunctionality_Laptop_22-10-02 - [verifyingPriceSilderFunctionality_Laptop_22-10-02] Min Price Applied is  ₹48,400   Product Price is 49,750  Max Price Applied is ₹176,700
22:10:25 [TestNG-test-Test-3] INFO  verifyingPriceSilderFunctionality_Laptop_22-10-02 - [verifyingPriceSilderFunctionality_Laptop_22-10-02] Min Price Applied is  ₹48,400   Product Price is 58,290  Max Price Applied is ₹176,700
22:10:25 [TestNG-test-Test-3] INFO  verifyingPriceSilderFunctionality_Laptop_22-10-02 - [verifyingPriceSilderFunctionality_Laptop_22-10-02] Min Price Applied is  ₹48,400   Product Price is 58,180  Max Price Applied is ₹176,700
22:10:25 [TestNG-test-Test-3] INFO  verifyingPriceSilderFunctionality_Laptop_22-10-02 - [verifyingPriceSilderFunctionality_Laptop_22-10-02] Min Price Applied is  ₹48,400   Product Price is 82,990  Max Price Applied is ₹176,700
22:10:25 [TestNG-test-Test-3] INFO  verifyingPriceSilderFunctionality_Laptop_22-10-02 - [verifyingPriceSilderFunctionality_Laptop_22-10-02] Min Price Applied is  ₹48,400   Product Price is 83,566  Max Price Applied is ₹176,700
22:10:25 [TestNG-test-Test-3] INFO  verifyingPriceSilderFunctionality_Laptop_22-10-02 - [verifyingPriceSilderFunctionality_Laptop_22-10-02] Min Price Applied is  ₹48,400   Product Price is 89,990  Max Price Applied is ₹176,700
22:10:25 [TestNG-test-Test-3] INFO  verifyingPriceSilderFunctionality_Laptop_22-10-02 - [verifyingPriceSilderFunctionality_Laptop_22-10-02] Min Price Applied is  ₹48,400   Product Price is   Max Price Applied is ₹176,700
22:10:25 [TestNG-test-Test-3] INFO  verifyingPriceSilderFunctionality_Laptop_22-10-02 - [verifyingPriceSilderFunctionality_Laptop_22-10-02] Min Price Applied is  ₹48,400   Product Price is   Max Price Applied is ₹176,700
22:10:25 [TestNG-test-Test-3] INFO  verifyingPriceSilderFunctionality_Laptop_22-10-02 - [verifyingPriceSilderFunctionality_Laptop_22-10-02] Min Price Applied is  ₹48,400   Product Price is   Max Price Applied is ₹176,700
22:10:25 [TestNG-test-Test-3] INFO  verifyingPriceSilderFunctionality_Laptop_22-10-02 - [verifyingPriceSilderFunctionality_Laptop_22-10-02] Min Price Applied is  ₹48,400   Product Price is   Max Price Applied is ₹176,700
22:10:25 [TestNG-test-Test-3] INFO  verifyingPriceSilderFunctionality_Laptop_22-10-02 - [verifyingPriceSilderFunctionality_Laptop_22-10-02] Min Price Applied is  ₹48,400   Product Price is   Max Price Applied is ₹176,700
22:10:25 [TestNG-test-Test-3] INFO  verifyingPriceSilderFunctionality_Laptop_22-10-02 - [verifyingPriceSilderFunctionality_Laptop_22-10-02] Min Price Applied is  ₹48,400   Product Price is 66,490  Max Price Applied is ₹176,700
22:10:25 [TestNG-test-Test-3] INFO  verifyingPriceSilderFunctionality_Laptop_22-10-02 - [verifyingPriceSilderFunctionality_Laptop_22-10-02] Min Price Applied is  ₹48,400   Product Price is 76,990  Max Price Applied is ₹176,700
22:10:25 [TestNG-test-Test-3] INFO  verifyingPriceSilderFunctionality_Laptop_22-10-02 - [verifyingPriceSilderFunctionality_Laptop_22-10-02] Min Price Applied is  ₹48,400   Product Price is 60,750  Max Price Applied is ₹176,700
22:10:25 [TestNG-test-Test-3] INFO  verifyingPriceSilderFunctionality_Laptop_22-10-02 - [verifyingPriceSilderFunctionality_Laptop_22-10-02] Min Price Applied is  ₹48,400   Product Price is 80,990  Max Price Applied is ₹176,700
22:10:25 [TestNG-test-Test-3] INFO  verifyingPriceSilderFunctionality_Laptop_22-10-02 - [verifyingPriceSilderFunctionality_Laptop_22-10-02] Min Price Applied is  ₹48,400   Product Price is 49,940  Max Price Applied is ₹176,700
22:10:25 [TestNG-test-Test-3] INFO  verifyingPriceSilderFunctionality_Laptop_22-10-02 - [verifyingPriceSilderFunctionality_Laptop_22-10-02] Min Price Applied is  ₹48,400   Product Price is 92,990  Max Price Applied is ₹176,700
22:10:25 [TestNG-test-Test-3] INFO  verifyingPriceSilderFunctionality_Laptop_22-10-02 - [verifyingPriceSilderFunctionality_Laptop_22-10-02] Min Price Applied is  ₹48,400   Product Price is 84,990  Max Price Applied is ₹176,700
22:10:25 [TestNG-test-Test-3] INFO  verifyingPriceSilderFunctionality_Laptop_22-10-02 - [verifyingPriceSilderFunctionality_Laptop_22-10-02] Min Price Applied is  ₹48,400   Product Price is 76,635  Max Price Applied is ₹176,700
22:10:25 [TestNG-test-Test-3] INFO  verifyingPriceSilderFunctionality_Laptop_22-10-02 - [verifyingPriceSilderFunctionality_Laptop_22-10-02] Min Price Applied is  ₹48,400   Product Price is 71,990  Max Price Applied is ₹176,700
22:10:25 [TestNG-test-Test-3] INFO  verifyingPriceSilderFunctionality_Laptop_22-10-02 - [verifyingPriceSilderFunctionality_Laptop_22-10-02] Min Price Applied is  ₹48,400   Product Price is 49,340  Max Price Applied is ₹176,700
22:10:25 [TestNG-test-Test-3] INFO  verifyingPriceSilderFunctionality_Laptop_22-10-02 - [verifyingPriceSilderFunctionality_Laptop_22-10-02] Min Price Applied is  ₹48,400   Product Price is 56,990  Max Price Applied is ₹176,700
22:10:25 [TestNG-test-Test-3] INFO  verifyingPriceSilderFunctionality_Laptop_22-10-02 - [verifyingPriceSilderFunctionality_Laptop_22-10-02] Min Price Applied is  ₹48,400   Product Price is 92,790  Max Price Applied is ₹176,700
22:10:25 [TestNG-test-Test-3] INFO  verifyingPriceSilderFunctionality_Laptop_22-10-02 - [verifyingPriceSilderFunctionality_Laptop_22-10-02] Min Price Applied is  ₹48,400   Product Price is 74,990  Max Price Applied is ₹176,700
22:10:25 [TestNG-test-Test-3] INFO  verifyingPriceSilderFunctionality_Laptop_22-10-02 - [verifyingPriceSilderFunctionality_Laptop_22-10-02] Within smoothScrollToElement method
22:10:25 [TestNG-test-Test-3] INFO  verifyingPriceSilderFunctionality_Laptop_22-10-02 - [verifyingPriceSilderFunctionality_Laptop_22-10-02] Within safeFindElement method
22:10:25 [TestNG-test-Test-3] INFO  verifyingPriceSilderFunctionality_Laptop_22-10-02 - [verifyingPriceSilderFunctionality_Laptop_22-10-02]Found the element returning it ,element ->[[ChromeDriver: chrome on windows (cd43ac4d8b2ccebd6ed59d56c25f3017)] -> id: p_36/range-slider_slider-item_lower-bound-slider]
22:10:25 [TestNG-test-Test-3] INFO  verifyingPriceSilderFunctionality_Laptop_22-10-02 - [verifyingPriceSilderFunctionality_Laptop_22-10-02] Successfully scrolled to element: By.id: p_36/range-slider_slider-item_lower-bound-slider
22:10:26 [TestNG-test-Test-3] INFO  verifyingPriceSilderFunctionality_Laptop_22-10-02 - [verifyingPriceSilderFunctionality_Laptop_22-10-02] Price Check <= Max & >= Min  Product Price is ->82990.0
22:10:26 [TestNG-test-Test-3] INFO  verifyingPriceSilderFunctionality_Laptop_22-10-02 - [verifyingPriceSilderFunctionality_Laptop_22-10-02] Min Price Applied is  48400.0   Product Price is 82,990  Max Price Applied is 176700.0
22:10:26 [TestNG-test-Test-3] WARN  verifyingPriceSilderFunctionality_Laptop_22-10-02 - [verifyingPriceSilderFunctionality_Laptop_22-10-02] Skipping product at index 1: could not extract a price from '' - Cannot extract price: no digits found in input ''
22:10:26 [TestNG-test-Test-3] WARN  verifyingPriceSilderFunctionality_Laptop_22-10-02 - [verifyingPriceSilderFunctionality_Laptop_22-10-02] Skipping product at index 2: could not extract a price from '' - Cannot extract price: no digits found in input ''
22:10:26 [TestNG-test-Test-3] WARN  verifyingPriceSilderFunctionality_Laptop_22-10-02 - [verifyingPriceSilderFunctionality_Laptop_22-10-02] Skipping product at index 3: could not extract a price from '' - Cannot extract price: no digits found in input ''
22:10:26 [TestNG-test-Test-3] WARN  verifyingPriceSilderFunctionality_Laptop_22-10-02 - [verifyingPriceSilderFunctionality_Laptop_22-10-02] Skipping product at index 4: could not extract a price from '' - Cannot extract price: no digits found in input ''
22:10:26 [TestNG-test-Test-3] WARN  verifyingPriceSilderFunctionality_Laptop_22-10-02 - [verifyingPriceSilderFunctionality_Laptop_22-10-02] Skipping product at index 5: could not extract a price from '' - Cannot extract price: no digits found in input ''
22:10:26 [TestNG-test-Test-3] WARN  verifyingPriceSilderFunctionality_Laptop_22-10-02 - [verifyingPriceSilderFunctionality_Laptop_22-10-02] Skipping product at index 6: could not extract a price from '' - Cannot extract price: no digits found in input ''
22:10:26 [TestNG-test-Test-3] WARN  verifyingPriceSilderFunctionality_Laptop_22-10-02 - [verifyingPriceSilderFunctionality_Laptop_22-10-02] Skipping product at index 7: could not extract a price from '' - Cannot extract price: no digits found in input ''
22:10:26 [TestNG-test-Test-3] INFO  verifyingPriceSilderFunctionality_Laptop_22-10-02 - [verifyingPriceSilderFunctionality_Laptop_22-10-02] Price Check <= Max & >= Min  Product Price is ->49750.0
22:10:26 [TestNG-test-Test-3] INFO  verifyingPriceSilderFunctionality_Laptop_22-10-02 - [verifyingPriceSilderFunctionality_Laptop_22-10-02] Min Price Applied is  48400.0   Product Price is 49,750  Max Price Applied is 176700.0
22:10:26 [TestNG-test-Test-3] INFO  verifyingPriceSilderFunctionality_Laptop_22-10-02 - [verifyingPriceSilderFunctionality_Laptop_22-10-02] Price Check <= Max & >= Min  Product Price is ->58290.0
22:10:26 [TestNG-test-Test-3] INFO  verifyingPriceSilderFunctionality_Laptop_22-10-02 - [verifyingPriceSilderFunctionality_Laptop_22-10-02] Min Price Applied is  48400.0   Product Price is 58,290  Max Price Applied is 176700.0
22:10:26 [TestNG-test-Test-3] INFO  verifyingPriceSilderFunctionality_Laptop_22-10-02 - [verifyingPriceSilderFunctionality_Laptop_22-10-02] Price Check <= Max & >= Min  Product Price is ->58180.0
22:10:26 [TestNG-test-Test-3] INFO  verifyingPriceSilderFunctionality_Laptop_22-10-02 - [verifyingPriceSilderFunctionality_Laptop_22-10-02] Min Price Applied is  48400.0   Product Price is 58,180  Max Price Applied is 176700.0
22:10:26 [TestNG-test-Test-3] INFO  verifyingPriceSilderFunctionality_Laptop_22-10-02 - [verifyingPriceSilderFunctionality_Laptop_22-10-02] Price Check <= Max & >= Min  Product Price is ->82990.0
22:10:26 [TestNG-test-Test-3] INFO  verifyingPriceSilderFunctionality_Laptop_22-10-02 - [verifyingPriceSilderFunctionality_Laptop_22-10-02] Min Price Applied is  48400.0   Product Price is 82,990  Max Price Applied is 176700.0
22:10:26 [TestNG-test-Test-3] INFO  verifyingPriceSilderFunctionality_Laptop_22-10-02 - [verifyingPriceSilderFunctionality_Laptop_22-10-02] Price Check <= Max & >= Min  Product Price is ->83566.0
22:10:26 [TestNG-test-Test-3] INFO  verifyingPriceSilderFunctionality_Laptop_22-10-02 - [verifyingPriceSilderFunctionality_Laptop_22-10-02] Min Price Applied is  48400.0   Product Price is 83,566  Max Price Applied is 176700.0
22:10:26 [TestNG-test-Test-3] INFO  verifyingPriceSilderFunctionality_Laptop_22-10-02 - [verifyingPriceSilderFunctionality_Laptop_22-10-02] Price Check <= Max & >= Min  Product Price is ->89990.0
22:10:26 [TestNG-test-Test-3] INFO  verifyingPriceSilderFunctionality_Laptop_22-10-02 - [verifyingPriceSilderFunctionality_Laptop_22-10-02] Min Price Applied is  48400.0   Product Price is 89,990  Max Price Applied is 176700.0
22:10:26 [TestNG-test-Test-3] WARN  verifyingPriceSilderFunctionality_Laptop_22-10-02 - [verifyingPriceSilderFunctionality_Laptop_22-10-02] Skipping product at index 14: could not extract a price from '' - Cannot extract price: no digits found in input ''
22:10:26 [TestNG-test-Test-3] WARN  verifyingPriceSilderFunctionality_Laptop_22-10-02 - [verifyingPriceSilderFunctionality_Laptop_22-10-02] Skipping product at index 15: could not extract a price from '' - Cannot extract price: no digits found in input ''
22:10:26 [TestNG-test-Test-3] WARN  verifyingPriceSilderFunctionality_Laptop_22-10-02 - [verifyingPriceSilderFunctionality_Laptop_22-10-02] Skipping product at index 16: could not extract a price from '' - Cannot extract price: no digits found in input ''
22:10:26 [TestNG-test-Test-3] WARN  verifyingPriceSilderFunctionality_Laptop_22-10-02 - [verifyingPriceSilderFunctionality_Laptop_22-10-02] Skipping product at index 17: could not extract a price from '' - Cannot extract price: no digits found in input ''
22:10:26 [TestNG-test-Test-3] WARN  verifyingPriceSilderFunctionality_Laptop_22-10-02 - [verifyingPriceSilderFunctionality_Laptop_22-10-02] Skipping product at index 18: could not extract a price from '' - Cannot extract price: no digits found in input ''
22:10:26 [TestNG-test-Test-3] INFO  verifyingPriceSilderFunctionality_Laptop_22-10-02 - [verifyingPriceSilderFunctionality_Laptop_22-10-02] Price Check <= Max & >= Min  Product Price is ->66490.0
22:10:26 [TestNG-test-Test-3] INFO  verifyingPriceSilderFunctionality_Laptop_22-10-02 - [verifyingPriceSilderFunctionality_Laptop_22-10-02] Min Price Applied is  48400.0   Product Price is 66,490  Max Price Applied is 176700.0
22:10:26 [TestNG-test-Test-3] INFO  verifyingPriceSilderFunctionality_Laptop_22-10-02 - [verifyingPriceSilderFunctionality_Laptop_22-10-02] Price Check <= Max & >= Min  Product Price is ->76990.0
22:10:26 [TestNG-test-Test-3] INFO  verifyingPriceSilderFunctionality_Laptop_22-10-02 - [verifyingPriceSilderFunctionality_Laptop_22-10-02] Min Price Applied is  48400.0   Product Price is 76,990  Max Price Applied is 176700.0
22:10:26 [TestNG-test-Test-3] INFO  verifyingPriceSilderFunctionality_Laptop_22-10-02 - [verifyingPriceSilderFunctionality_Laptop_22-10-02] Price Check <= Max & >= Min  Product Price is ->60750.0
22:10:26 [TestNG-test-Test-3] INFO  verifyingPriceSilderFunctionality_Laptop_22-10-02 - [verifyingPriceSilderFunctionality_Laptop_22-10-02] Min Price Applied is  48400.0   Product Price is 60,750  Max Price Applied is 176700.0
22:10:26 [TestNG-test-Test-3] INFO  verifyingPriceSilderFunctionality_Laptop_22-10-02 - [verifyingPriceSilderFunctionality_Laptop_22-10-02] Price Check <= Max & >= Min  Product Price is ->80990.0
22:10:26 [TestNG-test-Test-3] INFO  verifyingPriceSilderFunctionality_Laptop_22-10-02 - [verifyingPriceSilderFunctionality_Laptop_22-10-02] Min Price Applied is  48400.0   Product Price is 80,990  Max Price Applied is 176700.0
22:10:26 [TestNG-test-Test-3] INFO  verifyingPriceSilderFunctionality_Laptop_22-10-02 - [verifyingPriceSilderFunctionality_Laptop_22-10-02] Price Check <= Max & >= Min  Product Price is ->49940.0
22:10:26 [TestNG-test-Test-3] INFO  verifyingPriceSilderFunctionality_Laptop_22-10-02 - [verifyingPriceSilderFunctionality_Laptop_22-10-02] Min Price Applied is  48400.0   Product Price is 49,940  Max Price Applied is 176700.0
22:10:26 [TestNG-test-Test-3] INFO  verifyingPriceSilderFunctionality_Laptop_22-10-02 - [verifyingPriceSilderFunctionality_Laptop_22-10-02] Price Check <= Max & >= Min  Product Price is ->92990.0
22:10:26 [TestNG-test-Test-3] INFO  verifyingPriceSilderFunctionality_Laptop_22-10-02 - [verifyingPriceSilderFunctionality_Laptop_22-10-02] Min Price Applied is  48400.0   Product Price is 92,990  Max Price Applied is 176700.0
22:10:26 [TestNG-test-Test-3] INFO  verifyingPriceSilderFunctionality_Laptop_22-10-02 - [verifyingPriceSilderFunctionality_Laptop_22-10-02] Price Check <= Max & >= Min  Product Price is ->84990.0
22:10:26 [TestNG-test-Test-3] INFO  verifyingPriceSilderFunctionality_Laptop_22-10-02 - [verifyingPriceSilderFunctionality_Laptop_22-10-02] Min Price Applied is  48400.0   Product Price is 84,990  Max Price Applied is 176700.0
22:10:26 [TestNG-test-Test-3] INFO  verifyingPriceSilderFunctionality_Laptop_22-10-02 - [verifyingPriceSilderFunctionality_Laptop_22-10-02] Price Check <= Max & >= Min  Product Price is ->76635.0
22:10:26 [TestNG-test-Test-3] INFO  verifyingPriceSilderFunctionality_Laptop_22-10-02 - [verifyingPriceSilderFunctionality_Laptop_22-10-02] Min Price Applied is  48400.0   Product Price is 76,635  Max Price Applied is 176700.0
22:10:26 [TestNG-test-Test-3] INFO  verifyingPriceSilderFunctionality_Laptop_22-10-02 - [verifyingPriceSilderFunctionality_Laptop_22-10-02] Price Check <= Max & >= Min  Product Price is ->71990.0
22:10:26 [TestNG-test-Test-3] INFO  verifyingPriceSilderFunctionality_Laptop_22-10-02 - [verifyingPriceSilderFunctionality_Laptop_22-10-02] Min Price Applied is  48400.0   Product Price is 71,990  Max Price Applied is 176700.0
22:10:26 [TestNG-test-Test-3] INFO  verifyingPriceSilderFunctionality_Laptop_22-10-02 - [verifyingPriceSilderFunctionality_Laptop_22-10-02] Price Check <= Max & >= Min  Product Price is ->49340.0
22:10:26 [TestNG-test-Test-3] INFO  verifyingPriceSilderFunctionality_Laptop_22-10-02 - [verifyingPriceSilderFunctionality_Laptop_22-10-02] Min Price Applied is  48400.0   Product Price is 49,340  Max Price Applied is 176700.0
22:10:26 [TestNG-test-Test-3] INFO  verifyingPriceSilderFunctionality_Laptop_22-10-02 - [verifyingPriceSilderFunctionality_Laptop_22-10-02] Price Check <= Max & >= Min  Product Price is ->56990.0
22:10:26 [TestNG-test-Test-3] INFO  verifyingPriceSilderFunctionality_Laptop_22-10-02 - [verifyingPriceSilderFunctionality_Laptop_22-10-02] Min Price Applied is  48400.0   Product Price is 56,990  Max Price Applied is 176700.0
22:10:26 [TestNG-test-Test-3] INFO  verifyingPriceSilderFunctionality_Laptop_22-10-02 - [verifyingPriceSilderFunctionality_Laptop_22-10-02] Price Check <= Max & >= Min  Product Price is ->92790.0
22:10:26 [TestNG-test-Test-3] INFO  verifyingPriceSilderFunctionality_Laptop_22-10-02 - [verifyingPriceSilderFunctionality_Laptop_22-10-02] Min Price Applied is  48400.0   Product Price is 92,790  Max Price Applied is 176700.0
22:10:26 [TestNG-test-Test-3] INFO  verifyingPriceSilderFunctionality_Laptop_22-10-02 - [verifyingPriceSilderFunctionality_Laptop_22-10-02] Price Check <= Max & >= Min  Product Price is ->74990.0
22:10:26 [TestNG-test-Test-3] INFO  verifyingPriceSilderFunctionality_Laptop_22-10-02 - [verifyingPriceSilderFunctionality_Laptop_22-10-02] Min Price Applied is  48400.0   Product Price is 74,990  Max Price Applied is 176700.0
22:10:26 [TestNG-test-Test-3] INFO  verifyingPriceSilderFunctionality_Laptop_22-10-02 - [verifyingPriceSilderFunctionality_Laptop_22-10-02] Adding the data 'min','max','isValid' ,'mismatches' to 'result' Map->121
22:10:26 [TestNG-test-Test-3] INFO  verifyingPriceSilderFunctionality_Laptop_22-10-02 - [verifyingPriceSilderFunctionality_Laptop_22-10-02] Adding the 'results'  Map to the master 'allResults' i.e is List of maps->121
22:10:26 [TestNG-test-Test-3] INFO  verifyingPriceSilderFunctionality_Laptop_22-10-02 - [verifyingPriceSilderFunctionality_Laptop_22-10-02] Within safeFindElement method
22:10:26 [TestNG-test-Test-3] INFO  verifyingPriceSilderFunctionality_Laptop_22-10-02 - [verifyingPriceSilderFunctionality_Laptop_22-10-02]Found the element returning it ,element ->[[ChromeDriver: chrome on windows (cd43ac4d8b2ccebd6ed59d56c25f3017)] -> id: p_36/range-slider_slider-item_lower-bound-slider]
22:10:26 [TestNG-test-Test-3] INFO  verifyingPriceSilderFunctionality_Laptop_22-10-02 - [verifyingPriceSilderFunctionality_Laptop_22-10-02] in the setSliderValue method with value 131
22:10:26 [TestNG-test-Test-3] INFO  verifyingPriceSilderFunctionality_Laptop_22-10-02 - [verifyingPriceSilderFunctionality_Laptop_22-10-02] Within safeFindElement method
22:10:26 [TestNG-test-Test-3] INFO  verifyingPriceSilderFunctionality_Laptop_22-10-02 - [verifyingPriceSilderFunctionality_Laptop_22-10-02]Found the element returning it ,element ->[[ChromeDriver: chrome on windows (cd43ac4d8b2ccebd6ed59d56c25f3017)] -> id: p_36/range-slider_slider-item_upper-bound-slider]
22:10:26 [TestNG-test-Test-3] INFO  verifyingPriceSilderFunctionality_Laptop_22-10-02 - [verifyingPriceSilderFunctionality_Laptop_22-10-02] in the setSliderValue method with value 161
22:10:26 [TestNG-test-Test-3] INFO  verifyingPriceSilderFunctionality_Laptop_22-10-02 - [verifyingPriceSilderFunctionality_Laptop_22-10-02] Within safeFindElement method
22:10:28 [TestNG-test-Test-3] INFO  verifyingPriceSilderFunctionality_Laptop_22-10-02 - [verifyingPriceSilderFunctionality_Laptop_22-10-02]Found the element returning it ,element ->[[ChromeDriver: chrome on windows (cd43ac4d8b2ccebd6ed59d56c25f3017)] -> xpath: //label[@for='p_36/range-slider_slider-item_upper-bound-slider']]
22:10:28 [TestNG-test-Test-3] INFO  verifyingPriceSilderFunctionality_Laptop_22-10-02 - [verifyingPriceSilderFunctionality_Laptop_22-10-02] Within safeFindElement method
22:10:28 [TestNG-test-Test-3] INFO  verifyingPriceSilderFunctionality_Laptop_22-10-02 - [verifyingPriceSilderFunctionality_Laptop_22-10-02]Found the element returning it ,element ->[[ChromeDriver: chrome on windows (cd43ac4d8b2ccebd6ed59d56c25f3017)] -> xpath: //label[@for='p_36/range-slider_slider-item_lower-bound-slider']]
22:10:28 [TestNG-test-Test-3] INFO  verifyingPriceSilderFunctionality_Laptop_22-10-02 - [verifyingPriceSilderFunctionality_Laptop_22-10-02] Within safeFindElements 
22:10:28 [TestNG-test-Test-3] INFO  verifyingPriceSilderFunctionality_Laptop_22-10-02 - [verifyingPriceSilderFunctionality_Laptop_22-10-02] Returning the  [[[ChromeDriver: chrome on windows (cd43ac4d8b2ccebd6ed59d56c25f3017)] -> xpath: //span[@class='a-price-whole']], [[ChromeDriver: chrome on windows (cd43ac4d8b2ccebd6ed59d56c25f3017)] -> xpath: //span[@class='a-price-whole']], [[ChromeDriver: chrome on windows (cd43ac4d8b2ccebd6ed59d56c25f3017)] -> xpath: //span[@class='a-price-whole']], [[ChromeDriver: chrome on windows (cd43ac4d8b2ccebd6ed59d56c25f3017)] -> xpath: //span[@class='a-price-whole']], [[ChromeDriver: chrome on windows (cd43ac4d8b2ccebd6ed59d56c25f3017)] -> xpath: //span[@class='a-price-whole']], [[ChromeDriver: chrome on windows (cd43ac4d8b2ccebd6ed59d56c25f3017)] -> xpath: //span[@class='a-price-whole']], [[ChromeDriver: chrome on windows (cd43ac4d8b2ccebd6ed59d56c25f3017)] -> xpath: //span[@class='a-price-whole']], [[ChromeDriver: chrome on windows (cd43ac4d8b2ccebd6ed59d56c25f3017)] -> xpath: //span[@class='a-price-whole']], [[ChromeDriver: chrome on windows (cd43ac4d8b2ccebd6ed59d56c25f3017)] -> xpath: //span[@class='a-price-whole']], [[ChromeDriver: chrome on windows (cd43ac4d8b2ccebd6ed59d56c25f3017)] -> xpath: //span[@class='a-price-whole']], [[ChromeDriver: chrome on windows (cd43ac4d8b2ccebd6ed59d56c25f3017)] -> xpath: //span[@class='a-price-whole']], [[ChromeDriver: chrome on windows (cd43ac4d8b2ccebd6ed59d56c25f3017)] -> xpath: //span[@class='a-price-whole']], [[ChromeDriver: chrome on windows (cd43ac4d8b2ccebd6ed59d56c25f3017)] -> xpath: //span[@class='a-price-whole']], [[ChromeDriver: chrome on windows (cd43ac4d8b2ccebd6ed59d56c25f3017)] -> xpath: //span[@class='a-price-whole']], [[ChromeDriver: chrome on windows (cd43ac4d8b2ccebd6ed59d56c25f3017)] -> xpath: //span[@class='a-price-whole']], [[ChromeDriver: chrome on windows (cd43ac4d8b2ccebd6ed59d56c25f3017)] -> xpath: //span[@class='a-price-whole']]] from the safeFindElements method
22:10:28 [TestNG-test-Test-3] INFO  verifyingPriceSilderFunctionality_Laptop_22-10-02 - [verifyingPriceSilderFunctionality_Laptop_22-10-02] Min Price Applied is  ₹143,000   Product Price is 1,62,490  Max Price Applied is ₹356,500
22:10:28 [TestNG-test-Test-3] INFO  verifyingPriceSilderFunctionality_Laptop_22-10-02 - [verifyingPriceSilderFunctionality_Laptop_22-10-02] Min Price Applied is  ₹143,000   Product Price is 1,47,500  Max Price Applied is ₹356,500
22:10:28 [TestNG-test-Test-3] INFO  verifyingPriceSilderFunctionality_Laptop_22-10-02 - [verifyingPriceSilderFunctionality_Laptop_22-10-02] Min Price Applied is  ₹143,000   Product Price is 1,46,950  Max Price Applied is ₹356,500
22:10:28 [TestNG-test-Test-3] INFO  verifyingPriceSilderFunctionality_Laptop_22-10-02 - [verifyingPriceSilderFunctionality_Laptop_22-10-02] Min Price Applied is  ₹143,000   Product Price is 1,69,990  Max Price Applied is ₹356,500
22:10:28 [TestNG-test-Test-3] INFO  verifyingPriceSilderFunctionality_Laptop_22-10-02 - [verifyingPriceSilderFunctionality_Laptop_22-10-02] Min Price Applied is  ₹143,000   Product Price is 1,55,990  Max Price Applied is ₹356,500
22:10:28 [TestNG-test-Test-3] INFO  verifyingPriceSilderFunctionality_Laptop_22-10-02 - [verifyingPriceSilderFunctionality_Laptop_22-10-02] Min Price Applied is  ₹143,000   Product Price is 1,66,475  Max Price Applied is ₹356,500
22:10:28 [TestNG-test-Test-3] INFO  verifyingPriceSilderFunctionality_Laptop_22-10-02 - [verifyingPriceSilderFunctionality_Laptop_22-10-02] Min Price Applied is  ₹143,000   Product Price is 1,94,990  Max Price Applied is ₹356,500
22:10:28 [TestNG-test-Test-3] INFO  verifyingPriceSilderFunctionality_Laptop_22-10-02 - [verifyingPriceSilderFunctionality_Laptop_22-10-02] Min Price Applied is  ₹143,000   Product Price is 1,59,990  Max Price Applied is ₹356,500
22:10:28 [TestNG-test-Test-3] INFO  verifyingPriceSilderFunctionality_Laptop_22-10-02 - [verifyingPriceSilderFunctionality_Laptop_22-10-02] Min Price Applied is  ₹143,000   Product Price is 2,00,490  Max Price Applied is ₹356,500
22:10:28 [TestNG-test-Test-3] INFO  verifyingPriceSilderFunctionality_Laptop_22-10-02 - [verifyingPriceSilderFunctionality_Laptop_22-10-02] Min Price Applied is  ₹143,000   Product Price is 1,84,490  Max Price Applied is ₹356,500
22:10:28 [TestNG-test-Test-3] INFO  verifyingPriceSilderFunctionality_Laptop_22-10-02 - [verifyingPriceSilderFunctionality_Laptop_22-10-02] Min Price Applied is  ₹143,000   Product Price is 2,59,990  Max Price Applied is ₹356,500
22:10:28 [TestNG-test-Test-3] INFO  verifyingPriceSilderFunctionality_Laptop_22-10-02 - [verifyingPriceSilderFunctionality_Laptop_22-10-02] Min Price Applied is  ₹143,000   Product Price is 1,62,490  Max Price Applied is ₹356,500
22:10:28 [TestNG-test-Test-3] INFO  verifyingPriceSilderFunctionality_Laptop_22-10-02 - [verifyingPriceSilderFunctionality_Laptop_22-10-02] Min Price Applied is  ₹143,000   Product Price is 2,39,990  Max Price Applied is ₹356,500
22:10:28 [TestNG-test-Test-3] INFO  verifyingPriceSilderFunctionality_Laptop_22-10-02 - [verifyingPriceSilderFunctionality_Laptop_22-10-02] Min Price Applied is  ₹143,000   Product Price is 1,67,490  Max Price Applied is ₹356,500
22:10:28 [TestNG-test-Test-3] INFO  verifyingPriceSilderFunctionality_Laptop_22-10-02 - [verifyingPriceSilderFunctionality_Laptop_22-10-02] Min Price Applied is  ₹143,000   Product Price is 1,81,990  Max Price Applied is ₹356,500
22:10:28 [TestNG-test-Test-3] INFO  verifyingPriceSilderFunctionality_Laptop_22-10-02 - [verifyingPriceSilderFunctionality_Laptop_22-10-02] Min Price Applied is  ₹143,000   Product Price is 1,46,990  Max Price Applied is ₹356,500
22:10:28 [TestNG-test-Test-3] INFO  verifyingPriceSilderFunctionality_Laptop_22-10-02 - [verifyingPriceSilderFunctionality_Laptop_22-10-02] Within smoothScrollToElement method
22:10:28 [TestNG-test-Test-3] INFO  verifyingPriceSilderFunctionality_Laptop_22-10-02 - [verifyingPriceSilderFunctionality_Laptop_22-10-02] Within safeFindElement method
22:10:28 [TestNG-test-Test-3] INFO  verifyingPriceSilderFunctionality_Laptop_22-10-02 - [verifyingPriceSilderFunctionality_Laptop_22-10-02]Found the element returning it ,element ->[[ChromeDriver: chrome on windows (cd43ac4d8b2ccebd6ed59d56c25f3017)] -> id: p_36/range-slider_slider-item_lower-bound-slider]
22:10:28 [TestNG-test-Test-3] INFO  verifyingPriceSilderFunctionality_Laptop_22-10-02 - [verifyingPriceSilderFunctionality_Laptop_22-10-02] Successfully scrolled to element: By.id: p_36/range-slider_slider-item_lower-bound-slider
22:10:28 [TestNG-test-Test-3] INFO  verifyingPriceSilderFunctionality_Laptop_22-10-02 - [verifyingPriceSilderFunctionality_Laptop_22-10-02] Price Check <= Max & >= Min  Product Price is ->162490.0
22:10:28 [TestNG-test-Test-3] INFO  verifyingPriceSilderFunctionality_Laptop_22-10-02 - [verifyingPriceSilderFunctionality_Laptop_22-10-02] Min Price Applied is  143000.0   Product Price is 1,62,490  Max Price Applied is 356500.0
22:10:28 [TestNG-test-Test-3] INFO  verifyingPriceSilderFunctionality_Laptop_22-10-02 - [verifyingPriceSilderFunctionality_Laptop_22-10-02] Price Check <= Max & >= Min  Product Price is ->147500.0
22:10:28 [TestNG-test-Test-3] INFO  verifyingPriceSilderFunctionality_Laptop_22-10-02 - [verifyingPriceSilderFunctionality_Laptop_22-10-02] Min Price Applied is  143000.0   Product Price is 1,47,500  Max Price Applied is 356500.0
22:10:28 [TestNG-test-Test-3] INFO  verifyingPriceSilderFunctionality_Laptop_22-10-02 - [verifyingPriceSilderFunctionality_Laptop_22-10-02] Price Check <= Max & >= Min  Product Price is ->146950.0
22:10:28 [TestNG-test-Test-3] INFO  verifyingPriceSilderFunctionality_Laptop_22-10-02 - [verifyingPriceSilderFunctionality_Laptop_22-10-02] Min Price Applied is  143000.0   Product Price is 1,46,950  Max Price Applied is 356500.0
22:10:28 [TestNG-test-Test-3] INFO  verifyingPriceSilderFunctionality_Laptop_22-10-02 - [verifyingPriceSilderFunctionality_Laptop_22-10-02] Price Check <= Max & >= Min  Product Price is ->169990.0
22:10:28 [TestNG-test-Test-3] INFO  verifyingPriceSilderFunctionality_Laptop_22-10-02 - [verifyingPriceSilderFunctionality_Laptop_22-10-02] Min Price Applied is  143000.0   Product Price is 1,69,990  Max Price Applied is 356500.0
22:10:28 [TestNG-test-Test-3] INFO  verifyingPriceSilderFunctionality_Laptop_22-10-02 - [verifyingPriceSilderFunctionality_Laptop_22-10-02] Price Check <= Max & >= Min  Product Price is ->155990.0
22:10:28 [TestNG-test-Test-3] INFO  verifyingPriceSilderFunctionality_Laptop_22-10-02 - [verifyingPriceSilderFunctionality_Laptop_22-10-02] Min Price Applied is  143000.0   Product Price is 1,55,990  Max Price Applied is 356500.0
22:10:28 [TestNG-test-Test-3] INFO  verifyingPriceSilderFunctionality_Laptop_22-10-02 - [verifyingPriceSilderFunctionality_Laptop_22-10-02] Price Check <= Max & >= Min  Product Price is ->166475.0
22:10:28 [TestNG-test-Test-3] INFO  verifyingPriceSilderFunctionality_Laptop_22-10-02 - [verifyingPriceSilderFunctionality_Laptop_22-10-02] Min Price Applied is  143000.0   Product Price is 1,66,475  Max Price Applied is 356500.0
22:10:28 [TestNG-test-Test-3] INFO  verifyingPriceSilderFunctionality_Laptop_22-10-02 - [verifyingPriceSilderFunctionality_Laptop_22-10-02] Price Check <= Max & >= Min  Product Price is ->194990.0
22:10:28 [TestNG-test-Test-3] INFO  verifyingPriceSilderFunctionality_Laptop_22-10-02 - [verifyingPriceSilderFunctionality_Laptop_22-10-02] Min Price Applied is  143000.0   Product Price is 1,94,990  Max Price Applied is 356500.0
22:10:28 [TestNG-test-Test-3] INFO  verifyingPriceSilderFunctionality_Laptop_22-10-02 - [verifyingPriceSilderFunctionality_Laptop_22-10-02] Price Check <= Max & >= Min  Product Price is ->159990.0
22:10:28 [TestNG-test-Test-3] INFO  verifyingPriceSilderFunctionality_Laptop_22-10-02 - [verifyingPriceSilderFunctionality_Laptop_22-10-02] Min Price Applied is  143000.0   Product Price is 1,59,990  Max Price Applied is 356500.0
22:10:28 [TestNG-test-Test-3] INFO  verifyingPriceSilderFunctionality_Laptop_22-10-02 - [verifyingPriceSilderFunctionality_Laptop_22-10-02] Price Check <= Max & >= Min  Product Price is ->200490.0
22:10:28 [TestNG-test-Test-3] INFO  verifyingPriceSilderFunctionality_Laptop_22-10-02 - [verifyingPriceSilderFunctionality_Laptop_22-10-02] Min Price Applied is  143000.0   Product Price is 2,00,490  Max Price Applied is 356500.0
22:10:28 [TestNG-test-Test-3] INFO  verifyingPriceSilderFunctionality_Laptop_22-10-02 - [verifyingPriceSilderFunctionality_Laptop_22-10-02] Price Check <= Max & >= Min  Product Price is ->184490.0
22:10:28 [TestNG-test-Test-3] INFO  verifyingPriceSilderFunctionality_Laptop_22-10-02 - [verifyingPriceSilderFunctionality_Laptop_22-10-02] Min Price Applied is  143000.0   Product Price is 1,84,490  Max Price Applied is 356500.0
22:10:28 [TestNG-test-Test-3] INFO  verifyingPriceSilderFunctionality_Laptop_22-10-02 - [verifyingPriceSilderFunctionality_Laptop_22-10-02] Price Check <= Max & >= Min  Product Price is ->259990.0
22:10:28 [TestNG-test-Test-3] INFO  verifyingPriceSilderFunctionality_Laptop_22-10-02 - [verifyingPriceSilderFunctionality_Laptop_22-10-02] Min Price Applied is  143000.0   Product Price is 2,59,990  Max Price Applied is 356500.0
22:10:28 [TestNG-test-Test-3] INFO  verifyingPriceSilderFunctionality_Laptop_22-10-02 - [verifyingPriceSilderFunctionality_Laptop_22-10-02] Price Check <= Max & >= Min  Product Price is ->162490.0
22:10:28 [TestNG-test-Test-3] INFO  verifyingPriceSilderFunctionality_Laptop_22-10-02 - [verifyingPriceSilderFunctionality_Laptop_22-10-02] Min Price Applied is  143000.0   Product Price is 1,62,490  Max Price Applied is 356500.0
22:10:28 [TestNG-test-Test-3] INFO  verifyingPriceSilderFunctionality_Laptop_22-10-02 - [verifyingPriceSilderFunctionality_Laptop_22-10-02] Price Check <= Max & >= Min  Product Price is ->239990.0
22:10:28 [TestNG-test-Test-3] INFO  verifyingPriceSilderFunctionality_Laptop_22-10-02 - [verifyingPriceSilderFunctionality_Laptop_22-10-02] Min Price Applied is  143000.0   Product Price is 2,39,990  Max Price Applied is 356500.0
22:10:28 [TestNG-test-Test-3] INFO  verifyingPriceSilderFunctionality_Laptop_22-10-02 - [verifyingPriceSilderFunctionality_Laptop_22-10-02] Price Check <= Max & >= Min  Product Price is ->167490.0
22:10:28 [TestNG-test-Test-3] INFO  verifyingPriceSilderFunctionality_Laptop_22-10-02 - [verifyingPriceSilderFunctionality_Laptop_22-10-02] Min Price Applied is  143000.0   Product Price is 1,67,490  Max Price Applied is 356500.0
22:10:28 [TestNG-test-Test-3] INFO  verifyingPriceSilderFunctionality_Laptop_22-10-02 - [verifyingPriceSilderFunctionality_Laptop_22-10-02] Price Check <= Max & >= Min  Product Price is ->181990.0
22:10:28 [TestNG-test-Test-3] INFO  verifyingPriceSilderFunctionality_Laptop_22-10-02 - [verifyingPriceSilderFunctionality_Laptop_22-10-02] Min Price Applied is  143000.0   Product Price is 1,81,990  Max Price Applied is 356500.0
22:10:28 [TestNG-test-Test-3] INFO  verifyingPriceSilderFunctionality_Laptop_22-10-02 - [verifyingPriceSilderFunctionality_Laptop_22-10-02] Price Check <= Max & >= Min  Product Price is ->146990.0
22:10:28 [TestNG-test-Test-3] INFO  verifyingPriceSilderFunctionality_Laptop_22-10-02 - [verifyingPriceSilderFunctionality_Laptop_22-10-02] Min Price Applied is  143000.0   Product Price is 1,46,990  Max Price Applied is 356500.0
22:10:28 [TestNG-test-Test-3] INFO  verifyingPriceSilderFunctionality_Laptop_22-10-02 - [verifyingPriceSilderFunctionality_Laptop_22-10-02] Adding the data 'min','max','isValid' ,'mismatches' to 'result' Map->161
22:10:28 [TestNG-test-Test-3] INFO  verifyingPriceSilderFunctionality_Laptop_22-10-02 - [verifyingPriceSilderFunctionality_Laptop_22-10-02] Adding the 'results'  Map to the master 'allResults' i.e is List of maps->161
22:10:28 [TestNG-test-Test-3] INFO  verifyingPriceSilderFunctionality_Laptop_22-10-02 - [verifyingPriceSilderFunctionality_Laptop_22-10-02] Returning the data here in the end
22:10:28 [TestNG-test-Test-3] INFO  verifyingPriceSilderFunctionality_Laptop_22-10-02 - [verifyingPriceSilderFunctionality_Laptop_22-10-02]  Price range validated successfully: 61 - 81
22:10:28 [TestNG-test-Test-3] INFO  verifyingPriceSilderFunctionality_Laptop_22-10-02 - [verifyingPriceSilderFunctionality_Laptop_22-10-02] ------------------------------------------------------------
22:10:28 [TestNG-test-Test-3] INFO  verifyingPriceSilderFunctionality_Laptop_22-10-02 - [verifyingPriceSilderFunctionality_Laptop_22-10-02]  Price range validated successfully: 91 - 121
22:10:28 [TestNG-test-Test-3] INFO  verifyingPriceSilderFunctionality_Laptop_22-10-02 - [verifyingPriceSilderFunctionality_Laptop_22-10-02] ------------------------------------------------------------
22:10:28 [TestNG-test-Test-3] INFO  verifyingPriceSilderFunctionality_Laptop_22-10-02 - [verifyingPriceSilderFunctionality_Laptop_22-10-02]  Price range validated successfully: 131 - 161
22:10:28 [TestNG-test-Test-3] INFO  verifyingPriceSilderFunctionality_Laptop_22-10-02 - [verifyingPriceSilderFunctionality_Laptop_22-10-02] ------------------------------------------------------------
22:10:28 [TestNG-test-Test-3] INFO  verifyingPriceSilderFunctionality_Laptop_22-10-02 - [verifyingPriceSilderFunctionality_Laptop_22-10-02]  Asserting all soft assertions now...
