15:25:53 [TestNG-test-Test-3] INFO  verifyingGetItByTomorrowFilterFunctionality_Mobile_15-25-53 - No existing WebDriver found for current thread. Initializing a new ChromeDriver...
15:25:53 [TestNG-test-Test-3] INFO  verifyingGetItByTomorrowFilterFunctionality_Mobile_15-25-53 - WebDriverManager: chromedriver setup OK
15:25:55 [TestNG-test-Test-3] INFO  verifyingGetItByTomorrowFilterFunctionality_Mobile_15-25-53 - ChromeDriver initialized successfully for thread: 36
15:25:55 [TestNG-test-Test-3] INFO  verifyingGetItByTomorrowFilterFunctionality_Mobile_15-25-53 - [verifyingGetItByTomorrowFilterFunctionality_Mobile_15-25-53] Opening amazon Landing page
15:25:55 [TestNG-test-Test-3] INFO  verifyingGetItByTomorrowFilterFunctionality_Mobile_15-25-53 - [verifyingGetItByTomorrowFilterFunctionality_Mobile_15-25-53] Within safeFindElement method
15:25:58 [TestNG-test-Test-3] INFO  verifyingGetItByTomorrowFilterFunctionality_Mobile_15-25-53 - [verifyingGetItByTomorrowFilterFunctionality_Mobile_15-25-53]Found the element returning it ,element ->[[ChromeDriver: chrome on windows (743d2ccece7f6cd3219f3d2bad0db08e)] -> xpath: //a[@id='nav-logo-sprites']]
15:25:59 [TestNG-test-Test-3] INFO  verifyingGetItByTomorrowFilterFunctionality_Mobile_15-25-53 - [verifyingGetItByTomorrowFilterFunctionality_Mobile_15-25-53] Giving input within the search bar
15:25:59 [TestNG-test-Test-3] INFO  verifyingGetItByTomorrowFilterFunctionality_Mobile_15-25-53 - [verifyingGetItByTomorrowFilterFunctionality_Mobile_15-25-53] Within safeClick method
15:26:02 [TestNG-test-Test-3] INFO  verifyingGetItByTomorrowFilterFunctionality_Mobile_15-25-53 - [verifyingGetItByTomorrowFilterFunctionality_Mobile_15-25-53] Clicked the  [[ChromeDriver: chrome on windows (743d2ccece7f6cd3219f3d2bad0db08e)] -> xpath: //input[@id='nav-search-submit-button']]   using safeClick
15:26:02 [TestNG-test-Test-3] INFO  verifyingGetItByTomorrowFilterFunctionality_Mobile_15-25-53 - [verifyingGetItByTomorrowFilterFunctionality_Mobile_15-25-53] Clicking on the submit in the search bar
15:26:03 [TestNG-test-Test-3] INFO  verifyingGetItByTomorrowFilterFunctionality_Mobile_15-25-53 - [verifyingGetItByTomorrowFilterFunctionality_Mobile_15-25-53] Waiting until element is visible in viewport
15:26:03 [TestNG-test-Test-3] INFO  verifyingGetItByTomorrowFilterFunctionality_Mobile_15-25-53 - [verifyingGetItByTomorrowFilterFunctionality_Mobile_15-25-53] Within validateDeliveryFilterOptionsWithResult method
15:26:03 [TestNG-test-Test-3] INFO  verifyingGetItByTomorrowFilterFunctionality_Mobile_15-25-53 - [verifyingGetItByTomorrowFilterFunctionality_Mobile_15-25-53] Within safeClick method
15:26:04 [TestNG-test-Test-3] INFO  verifyingGetItByTomorrowFilterFunctionality_Mobile_15-25-53 - [verifyingGetItByTomorrowFilterFunctionality_Mobile_15-25-53] Clicked the  [[ChromeDriver: chrome on windows (743d2ccece7f6cd3219f3d2bad0db08e)] -> xpath: //span[@class='a-size-base a-color-base puis-bold-weight-text' and text()='Delivery Day']/parent::div/following-sibling::ul//span[@class='a-size-base a-color-base' and text()='Get It by Tomorrow']]   using safeClick
15:26:04 [TestNG-test-Test-3] INFO  verifyingGetItByTomorrowFilterFunctionality_Mobile_15-25-53 - [verifyingGetItByTomorrowFilterFunctionality_Mobile_15-25-53] Within getMoreButtonByFilterTypeAndName method
15:26:04 [TestNG-test-Test-3] INFO  verifyingGetItByTomorrowFilterFunctionality_Mobile_15-25-53 - [verifyingGetItByTomorrowFilterFunctionality_Mobile_15-25-53] Clicked on By.xpath: //span[@class='a-size-base a-color-base puis-bold-weight-text' and text()='Delivery Day']/parent::div/following-sibling::ul//span[@class='a-size-base a-color-base' and text()='Get It by Tomorrow']
15:26:04 [TestNG-test-Test-3] INFO  verifyingGetItByTomorrowFilterFunctionality_Mobile_15-25-53 - [verifyingGetItByTomorrowFilterFunctionality_Mobile_15-25-53] Within safeFindElements 
15:26:05 [TestNG-test-Test-3] INFO  verifyingGetItByTomorrowFilterFunctionality_Mobile_15-25-53 - [verifyingGetItByTomorrowFilterFunctionality_Mobile_15-25-53] Returning the  [[[ChromeDriver: chrome on windows (743d2ccece7f6cd3219f3d2bad0db08e)] -> xpath: //div[@class='a-section a-spacing-small a-spacing-top-small']], [[ChromeDriver: chrome on windows (743d2ccece7f6cd3219f3d2bad0db08e)] -> xpath: //div[@class='a-section a-spacing-small a-spacing-top-small']], [[ChromeDriver: chrome on windows (743d2ccece7f6cd3219f3d2bad0db08e)] -> xpath: //div[@class='a-section a-spacing-small a-spacing-top-small']], [[ChromeDriver: chrome on windows (743d2ccece7f6cd3219f3d2bad0db08e)] -> xpath: //div[@class='a-section a-spacing-small a-spacing-top-small']], [[ChromeDriver: chrome on windows (743d2ccece7f6cd3219f3d2bad0db08e)] -> xpath: //div[@class='a-section a-spacing-small a-spacing-top-small']], [[ChromeDriver: chrome on windows (743d2ccece7f6cd3219f3d2bad0db08e)] -> xpath: //div[@class='a-section a-spacing-small a-spacing-top-small']], [[ChromeDriver: chrome on windows (743d2ccece7f6cd3219f3d2bad0db08e)] -> xpath: //div[@class='a-section a-spacing-small a-spacing-top-small']], [[ChromeDriver: chrome on windows (743d2ccece7f6cd3219f3d2bad0db08e)] -> xpath: //div[@class='a-section a-spacing-small a-spacing-top-small']], [[ChromeDriver: chrome on windows (743d2ccece7f6cd3219f3d2bad0db08e)] -> xpath: //div[@class='a-section a-spacing-small a-spacing-top-small']], [[ChromeDriver: chrome on windows (743d2ccece7f6cd3219f3d2bad0db08e)] -> xpath: //div[@class='a-section a-spacing-small a-spacing-top-small']], [[ChromeDriver: chrome on windows (743d2ccece7f6cd3219f3d2bad0db08e)] -> xpath: //div[@class='a-section a-spacing-small a-spacing-top-small']], [[ChromeDriver: chrome on windows (743d2ccece7f6cd3219f3d2bad0db08e)] -> xpath: //div[@class='a-section a-spacing-small a-spacing-top-small']], [[ChromeDriver: chrome on windows (743d2ccece7f6cd3219f3d2bad0db08e)] -> xpath: //div[@class='a-section a-spacing-small a-spacing-top-small']], [[ChromeDriver: chrome on windows (743d2ccece7f6cd3219f3d2bad0db08e)] -> xpath: //div[@class='a-section a-spacing-small a-spacing-top-small']], [[ChromeDriver: chrome on windows (743d2ccece7f6cd3219f3d2bad0db08e)] -> xpath: //div[@class='a-section a-spacing-small a-spacing-top-small']], [[ChromeDriver: chrome on windows (743d2ccece7f6cd3219f3d2bad0db08e)] -> xpath: //div[@class='a-section a-spacing-small a-spacing-top-small']]] from the safeFindElements method
15:26:05 [TestNG-test-Test-3] INFO  verifyingGetItByTomorrowFilterFunctionality_Mobile_15-25-53 - [verifyingGetItByTomorrowFilterFunctionality_Mobile_15-25-53] Created hashset with required data to assert with Within validateDeliveryFilterOptionsWithResult method
15:26:05 [TestNG-test-Test-3] INFO  verifyingGetItByTomorrowFilterFunctionality_Mobile_15-25-53 - [verifyingGetItByTomorrowFilterFunctionality_Mobile_15-25-53] this is the set  [Thu, Today, 16, FREE delivery, 17, Wed, Tomorrow, Sep]
15:26:05 [TestNG-test-Test-3] INFO  verifyingGetItByTomorrowFilterFunctionality_Mobile_15-25-53 - [verifyingGetItByTomorrowFilterFunctionality_Mobile_15-25-53] Within deliveryElements loop iterating over the products  Within validateDeliveryFilterOptionsWithResult method
15:26:05 [TestNG-test-Test-3] INFO  verifyingGetItByTomorrowFilterFunctionality_Mobile_15-25-53 - [verifyingGetItByTomorrowFilterFunctionality_Mobile_15-25-53] Checking if the allowedDateParts have the assert text — index 0, text: iQOO Z10 Lite 5G (Titanium Blue 2026, 4GB RAM, 64GB Storage) | Dimensity 6300 5G Processor | 50MP Sony AI Camera | 6000 mAh Battery | IP64 Rated & Military Grade Shock-Resistance*
4.1
(386)
2K+ bought in past month
₹16,999
M.R.P:
₹27,999 (39% off)
FREE delivery Mon, 21 Sept
Or fastest delivery Tomorrow 8 am - 12 pm
Add to cart
15:26:05 [TestNG-test-Test-3] INFO  verifyingGetItByTomorrowFilterFunctionality_Mobile_15-25-53 - [verifyingGetItByTomorrowFilterFunctionality_Mobile_15-25-53] Within deliveryElements loop iterating over the products  Within validateDeliveryFilterOptionsWithResult method
15:26:05 [TestNG-test-Test-3] INFO  verifyingGetItByTomorrowFilterFunctionality_Mobile_15-25-53 - [verifyingGetItByTomorrowFilterFunctionality_Mobile_15-25-53] Checking if the allowedDateParts have the assert text — index 1, text: REDMI A7 Pro 5G (Mist Blue, 4GB RAM, 64GB Storage) | Segment's Fastest Processor | Segment's Largest Battery | Segment's Largest & Smoothest 6.9in 120Hz Display
3.4
(2.2K)
2K+ bought in past month
₹14,999
M.R.P:
₹26,999 (44% off)
Up to 5% back with Amazon Pay ICI...
FREE delivery Mon, 21 Sept
Or fastest delivery Tomorrow 8 am - 12 pm
Add to cart
15:26:05 [TestNG-test-Test-3] INFO  verifyingGetItByTomorrowFilterFunctionality_Mobile_15-25-53 - [verifyingGetItByTomorrowFilterFunctionality_Mobile_15-25-53] Within deliveryElements loop iterating over the products  Within validateDeliveryFilterOptionsWithResult method
15:26:05 [TestNG-test-Test-3] INFO  verifyingGetItByTomorrowFilterFunctionality_Mobile_15-25-53 - [verifyingGetItByTomorrowFilterFunctionality_Mobile_15-25-53] Checking if the allowedDateParts have the assert text — index 2, text: Motorola G57 Power (Corsair, 8GB RAM, 128GB Storage) | Snapdragon 6s Gen 4 Processor | 6.72" FHD+ Display | 50MP LYT-600 + 8MP Ultrawide | 8MP Selfie Camera | 7000mAh Battery, 33W TurboPower | IP64
4.4
(37)
1K+ bought in past month
₹20,999
M.R.P:
₹21,999 (5% off)
Up to 5% back with Amazon Pay ICI...
FREE delivery Mon, 21 Sept
Or fastest delivery Tomorrow 8 am - 12 pm
Add to cart
15:26:05 [TestNG-test-Test-3] INFO  verifyingGetItByTomorrowFilterFunctionality_Mobile_15-25-53 - [verifyingGetItByTomorrowFilterFunctionality_Mobile_15-25-53] Within deliveryElements loop iterating over the products  Within validateDeliveryFilterOptionsWithResult method
15:26:05 [TestNG-test-Test-3] INFO  verifyingGetItByTomorrowFilterFunctionality_Mobile_15-25-53 - [verifyingGetItByTomorrowFilterFunctionality_Mobile_15-25-53] Checking if the allowedDateParts have the assert text — index 3, text: OnePlus Nord CE6 | 8GB+256GB | Fresh Blue | Snapdragon 7s Gen 4 | Segment's Fastest Touch Response | 8000mAh Battery | 144Hz 1.5K AMOLED Display | 50MP Main + 32MP Selfie 4K Cameras | IP66,68,69,69K
4.3
(2.8K)
500+ bought in past month
₹41,999
M.R.P:
₹43,999 (5% off)
Flat INR 500 Off on Select Bank Cards
FREE delivery Mon, 21 Sept
Or fastest delivery Tomorrow 8 am - 12 pm
Add to cart
15:26:05 [TestNG-test-Test-3] INFO  verifyingGetItByTomorrowFilterFunctionality_Mobile_15-25-53 - [verifyingGetItByTomorrowFilterFunctionality_Mobile_15-25-53] Within deliveryElements loop iterating over the products  Within validateDeliveryFilterOptionsWithResult method
15:26:05 [TestNG-test-Test-3] INFO  verifyingGetItByTomorrowFilterFunctionality_Mobile_15-25-53 - [verifyingGetItByTomorrowFilterFunctionality_Mobile_15-25-53] Checking if the allowedDateParts have the assert text — index 4, text: realme narzo 80 Lite 4G (See Blue,4GB+64GB) 2026 | 6300mAh Segment's Biggest Battery | 7.94mm Slim Design | 300% Ultra Volume | Pulse Light: 9 Colors, 5 Glow Modes | Ai Assist
4.1
(2K)
1K+ bought in past month
₹16,249
M.R.P:
₹16,999 (4% off)
Up to 5% back with Amazon Pay ICI...
FREE delivery Mon, 21 Sept
Or fastest delivery Tomorrow 8 am - 12 pm
Add to cart
15:26:05 [TestNG-test-Test-3] INFO  verifyingGetItByTomorrowFilterFunctionality_Mobile_15-25-53 - [verifyingGetItByTomorrowFilterFunctionality_Mobile_15-25-53] Within deliveryElements loop iterating over the products  Within validateDeliveryFilterOptionsWithResult method
15:26:05 [TestNG-test-Test-3] INFO  verifyingGetItByTomorrowFilterFunctionality_Mobile_15-25-53 - [verifyingGetItByTomorrowFilterFunctionality_Mobile_15-25-53] Checking if the allowedDateParts have the assert text — index 5, text: Samsung Galaxy A56 5G Mobile (Awesome Violet Glow, 8GB, 128GB) | Segment Most Complete Triple Camera | 50MP | AI Editing | 4nm Processor | sAMOLED | 5000mAh | Gorilla Glass Victus+| Knox Security
4.3
(594)
1K+ bought in past month
₹34,999
M.R.P:
₹49,999 (30% off)
Up to 5% back with Amazon Pay ICI...
FREE delivery Mon, 21 Sept
Or fastest delivery Tomorrow 8 am - 12 pm
Add to cart
15:26:05 [TestNG-test-Test-3] INFO  verifyingGetItByTomorrowFilterFunctionality_Mobile_15-25-53 - [verifyingGetItByTomorrowFilterFunctionality_Mobile_15-25-53] Within deliveryElements loop iterating over the products  Within validateDeliveryFilterOptionsWithResult method
15:26:06 [TestNG-test-Test-3] INFO  verifyingGetItByTomorrowFilterFunctionality_Mobile_15-25-53 - [verifyingGetItByTomorrowFilterFunctionality_Mobile_15-25-53] Checking if the allowedDateParts have the assert text — index 6, text: Tecno POP X 5G (Ripple Green, 4GB+128GB) | 6500mAh+45W Fast Charger | IP64 Pro | MIL-STD 810H Protection | Upto 12GB* RAM | Fastest 8X Network Speed* with URSP | 120Hz Smooth Display | 50MP Camera
3.5
(46)
1K+ bought in past month
₹15,999
M.R.P:
₹27,999 (43% off)
Up to 5% back with Amazon Pay ICI...
FREE delivery Mon, 21 Sept
Or fastest delivery Tomorrow 8 am - 12 pm
Add to cart
15:26:06 [TestNG-test-Test-3] INFO  verifyingGetItByTomorrowFilterFunctionality_Mobile_15-25-53 - [verifyingGetItByTomorrowFilterFunctionality_Mobile_15-25-53] Within deliveryElements loop iterating over the products  Within validateDeliveryFilterOptionsWithResult method
15:26:06 [TestNG-test-Test-3] INFO  verifyingGetItByTomorrowFilterFunctionality_Mobile_15-25-53 - [verifyingGetItByTomorrowFilterFunctionality_Mobile_15-25-53] Checking if the allowedDateParts have the assert text — index 7, text: OnePlus N6 | 4GB+128GB | Midnight Green | Segment's Biggest 8000mAh Battery | Segment's Fastest 45W Charging | 48-Month Smoothness | Smooth 120Hz Display | 50MP Camera | Military-Grade Durability
3.6
(454)
1K+ bought in past month
₹24,999
M.R.P:
₹30,999 (19% off)
Flat INR 500 Off on Select Bank Cards
FREE delivery Mon, 21 Sept
Or fastest delivery Tomorrow 8 am - 12 pm
Add to cart
15:26:06 [TestNG-test-Test-3] INFO  verifyingGetItByTomorrowFilterFunctionality_Mobile_15-25-53 - [verifyingGetItByTomorrowFilterFunctionality_Mobile_15-25-53] Within deliveryElements loop iterating over the products  Within validateDeliveryFilterOptionsWithResult method
15:26:06 [TestNG-test-Test-3] INFO  verifyingGetItByTomorrowFilterFunctionality_Mobile_15-25-53 - [verifyingGetItByTomorrowFilterFunctionality_Mobile_15-25-53] Checking if the allowedDateParts have the assert text — index 8, text: OnePlus Nord 6 | 8GB+256GB | Pitch Black | Snapdragon 8s Gen 4 | Segment's First Stable 165FPS Gaming | Segment's Largest 9000mAh Battery | Most Complete IP Rating | Personalized AI
4.3
(2.1K)
1K+ bought in past month
₹46,999
M.R.P:
₹52,999 (11% off)
Flat INR 500 Off on Select Bank Cards
FREE delivery Mon, 21 Sept
Or fastest delivery Tomorrow 8 am - 12 pm
Add to cart
15:26:06 [TestNG-test-Test-3] INFO  verifyingGetItByTomorrowFilterFunctionality_Mobile_15-25-53 - [verifyingGetItByTomorrowFilterFunctionality_Mobile_15-25-53] Within deliveryElements loop iterating over the products  Within validateDeliveryFilterOptionsWithResult method
15:26:06 [TestNG-test-Test-3] INFO  verifyingGetItByTomorrowFilterFunctionality_Mobile_15-25-53 - [verifyingGetItByTomorrowFilterFunctionality_Mobile_15-25-53] Checking if the allowedDateParts have the assert text — index 9, text: OnePlus Nord CE6 Lite | 8GB+128GB | Hyper Black | Segment's Fastest Dimensity 7400 Apex Processor | 7000mAh Battery | Segment's Highest 144Hz Refresh Rate | 50MP Main Camera, 4K Video Recording
4.4
(792)
1K+ bought in past month
₹30,999
M.R.P:
₹33,999 (9% off)
Flat INR 500 Off on Select Bank Cards
FREE delivery Mon, 21 Sept
Or fastest delivery Tomorrow 8 am - 12 pm
Add to cart
15:26:06 [TestNG-test-Test-3] INFO  verifyingGetItByTomorrowFilterFunctionality_Mobile_15-25-53 - [verifyingGetItByTomorrowFilterFunctionality_Mobile_15-25-53] Within deliveryElements loop iterating over the products  Within validateDeliveryFilterOptionsWithResult method
15:26:06 [TestNG-test-Test-3] INFO  verifyingGetItByTomorrowFilterFunctionality_Mobile_15-25-53 - [verifyingGetItByTomorrowFilterFunctionality_Mobile_15-25-53] Checking if the allowedDateParts have the assert text — index 10, text: Samsung Galaxy A56 5G Mobile (Awesome Olive, 8GB, 256GB) | Segment Most Complete Triple Camera | 50MP | AI Editing | 4nm Processor | sAMOLED | 5000mAh | Gorilla Glass Victus+| Knox Security
4.4
(634)
500+ bought in past month
₹38,999
M.R.P:
₹48,999 (20% off)
Up to 5% back with Amazon Pay ICI...
FREE delivery Mon, 21 Sept
Or fastest delivery Tomorrow 8 am - 12 pm
Add to cart
15:26:06 [TestNG-test-Test-3] INFO  verifyingGetItByTomorrowFilterFunctionality_Mobile_15-25-53 - [verifyingGetItByTomorrowFilterFunctionality_Mobile_15-25-53] Within deliveryElements loop iterating over the products  Within validateDeliveryFilterOptionsWithResult method
15:26:06 [TestNG-test-Test-3] INFO  verifyingGetItByTomorrowFilterFunctionality_Mobile_15-25-53 - [verifyingGetItByTomorrowFilterFunctionality_Mobile_15-25-53] Checking if the allowedDateParts have the assert text — index 11, text: Zeno 100 Lite | UNISOC Octa-Core Processor | 2GB + 4GB RAM 64GB Storage | 5000mAh Battery | 6.6" HD+ 90Hz Display | DTS Sound | Silk Green
3.5
(73)
500+ bought in past month
Ends in 10:58:54
₹7,999
M.R.P:
₹11,999 (33% off)
Up to 5% back with Amazon Pay ICI...
FREE delivery Mon, 21 Sept
Or fastest delivery Tomorrow 8 am - 12 pm
Add to cart
+2 other colors/patterns
15:26:06 [TestNG-test-Test-3] INFO  verifyingGetItByTomorrowFilterFunctionality_Mobile_15-25-53 - [verifyingGetItByTomorrowFilterFunctionality_Mobile_15-25-53] Within deliveryElements loop iterating over the products  Within validateDeliveryFilterOptionsWithResult method
15:26:06 [TestNG-test-Test-3] INFO  verifyingGetItByTomorrowFilterFunctionality_Mobile_15-25-53 - [verifyingGetItByTomorrowFilterFunctionality_Mobile_15-25-53] Checking if the allowedDateParts have the assert text — index 12, text: iQOO Z11 Lite 44W 5G (Midnight Blue, 6GB RAM, 256GB Storage) | 6500mAh Battery with 44W Fast Charging* | Dimensity 6300 with 579k+ AnTuTu Score* | OriginOS 6.0 with AI Creation* & Private Space*
3.7
(69)
1K+ bought in past month
₹26,499
M.R.P:
₹42,499 (38% off)
FREE delivery Mon, 21 Sept
Or fastest delivery Tomorrow 8 am - 12 pm
Add to cart
15:26:06 [TestNG-test-Test-3] INFO  verifyingGetItByTomorrowFilterFunctionality_Mobile_15-25-53 - [verifyingGetItByTomorrowFilterFunctionality_Mobile_15-25-53] Within deliveryElements loop iterating over the products  Within validateDeliveryFilterOptionsWithResult method
15:26:06 [TestNG-test-Test-3] INFO  verifyingGetItByTomorrowFilterFunctionality_Mobile_15-25-53 - [verifyingGetItByTomorrowFilterFunctionality_Mobile_15-25-53] Checking if the allowedDateParts have the assert text — index 13, text: OnePlus N6x | 4GB+64GB | Burgundy Red | 7000mAh Battery | Power for Days | 36-Months Smoothness | Smooth 120Hz Display | Largest 5300mm2 Cooling System | Military-Grade Durability
3.5
(301)
500+ bought in past month
₹20,999
M.R.P:
₹26,999 (22% off)
Up to 5% back with Amazon Pay ICI...
FREE delivery Mon, 21 Sept
Or fastest delivery Tomorrow 8 am - 12 pm
Add to cart
15:26:06 [TestNG-test-Test-3] INFO  verifyingGetItByTomorrowFilterFunctionality_Mobile_15-25-53 - [verifyingGetItByTomorrowFilterFunctionality_Mobile_15-25-53] Within deliveryElements loop iterating over the products  Within validateDeliveryFilterOptionsWithResult method
15:26:06 [TestNG-test-Test-3] INFO  verifyingGetItByTomorrowFilterFunctionality_Mobile_15-25-53 - [verifyingGetItByTomorrowFilterFunctionality_Mobile_15-25-53] Checking if the allowedDateParts have the assert text — index 14, text: Samsung Galaxy M17e 5G Mobile (Vibe Violet, 4GB RAM, 128GB Storage, Monster 6000mAh Battery) | 120 Hz Refresh Rate | IP54 Rating | 6 Gen OS Upgrades | Knox Security | AI
3.8
(1K)
500+ bought in past month
₹18,499
Up to 5% back with Amazon Pay ICI...
FREE delivery Mon, 21 Sept
Or fastest delivery Tomorrow 8 am - 12 pm
Add to cart
15:26:06 [TestNG-test-Test-3] INFO  verifyingGetItByTomorrowFilterFunctionality_Mobile_15-25-53 - [verifyingGetItByTomorrowFilterFunctionality_Mobile_15-25-53] Within deliveryElements loop iterating over the products  Within validateDeliveryFilterOptionsWithResult method
15:26:07 [TestNG-test-Test-3] INFO  verifyingGetItByTomorrowFilterFunctionality_Mobile_15-25-53 - [verifyingGetItByTomorrowFilterFunctionality_Mobile_15-25-53] Checking if the allowedDateParts have the assert text — index 15, text: Redmi 17 5G (Endless Blue, 6GB RAM, 128GB ROM) | 7900mAh Battery + 45W Fast Charging | 6.9" 120Hz Adaptive Display | Snapdragon 4 Gen 5 | 50MP Dual AI Camera | Corning® Gorilla® Glass 7i | IP64
Limited time deal
₹23,999
M.R.P:
₹39,999 (40% off)
Up to 5% back with Amazon Pay ICI...
FREE delivery Mon, 21 Sept
Or fastest delivery Tomorrow 8 am - 12 pm
Add to cart
+2 other colors/patterns
15:26:07 [TestNG-test-Test-3] INFO  verifyingGetItByTomorrowFilterFunctionality_Mobile_15-25-53 - [verifyingGetItByTomorrowFilterFunctionality_Mobile_15-25-53] Returning the list with boolean values   Within validateDeliveryFilterOptionsWithResult method
15:26:07 [TestNG-test-Test-3] INFO  verifyingGetItByTomorrowFilterFunctionality_Mobile_15-25-53 - [verifyingGetItByTomorrowFilterFunctionality_Mobile_15-25-53] Asserting delivery filter: isValid=true, index=-1, text=All the things are valid no errors
