20:02:27 [TestNG-test-Test-3] INFO  verifyingFreeDeliveryFilterFunctionality_Mobile_20-02-27 - No existing WebDriver found for current thread. Initializing a new ChromeDriver...
20:02:27 [TestNG-test-Test-3] INFO  verifyingFreeDeliveryFilterFunctionality_Mobile_20-02-27 - WebDriverManager: chromedriver setup OK
20:02:29 [TestNG-test-Test-3] INFO  verifyingFreeDeliveryFilterFunctionality_Mobile_20-02-27 - ChromeDriver initialized successfully for thread: 36
20:02:33 [TestNG-test-Test-3] INFO  verifyingFreeDeliveryFilterFunctionality_Mobile_20-02-27 - [verifyingFreeDeliveryFilterFunctionality_Mobile_20-02-27] Opening amazon Landing page
20:02:33 [TestNG-test-Test-3] INFO  verifyingFreeDeliveryFilterFunctionality_Mobile_20-02-27 - [verifyingFreeDeliveryFilterFunctionality_Mobile_20-02-27] Within safeFindElement method
20:02:34 [TestNG-test-Test-3] INFO  verifyingFreeDeliveryFilterFunctionality_Mobile_20-02-27 - [verifyingFreeDeliveryFilterFunctionality_Mobile_20-02-27]Found the element returning it ,element ->[[ChromeDriver: chrome on windows (e22206c603597ee5239cfe94e3ee6bc1)] -> xpath: //a[@id='nav-logo-sprites']]
20:02:34 [TestNG-test-Test-3] INFO  verifyingFreeDeliveryFilterFunctionality_Mobile_20-02-27 - [verifyingFreeDeliveryFilterFunctionality_Mobile_20-02-27] Giving input within the search bar
20:02:34 [TestNG-test-Test-3] INFO  verifyingFreeDeliveryFilterFunctionality_Mobile_20-02-27 - [verifyingFreeDeliveryFilterFunctionality_Mobile_20-02-27] Within safeClick method
20:02:37 [TestNG-test-Test-3] INFO  verifyingFreeDeliveryFilterFunctionality_Mobile_20-02-27 - [verifyingFreeDeliveryFilterFunctionality_Mobile_20-02-27] Clicked the  [[ChromeDriver: chrome on windows (e22206c603597ee5239cfe94e3ee6bc1)] -> xpath: //input[@id='nav-search-submit-button']]   using safeClick
20:02:37 [TestNG-test-Test-3] INFO  verifyingFreeDeliveryFilterFunctionality_Mobile_20-02-27 - [verifyingFreeDeliveryFilterFunctionality_Mobile_20-02-27] Clicking on the submit in the search bar
20:02:37 [TestNG-test-Test-3] INFO  verifyingFreeDeliveryFilterFunctionality_Mobile_20-02-27 - [verifyingFreeDeliveryFilterFunctionality_Mobile_20-02-27] Waiting until element is visible in viewport
20:02:37 [TestNG-test-Test-3] INFO  verifyingFreeDeliveryFilterFunctionality_Mobile_20-02-27 - [verifyingFreeDeliveryFilterFunctionality_Mobile_20-02-27] Within validateDeliveryFilterOptionsWithResult method
20:02:37 [TestNG-test-Test-3] INFO  verifyingFreeDeliveryFilterFunctionality_Mobile_20-02-27 - [verifyingFreeDeliveryFilterFunctionality_Mobile_20-02-27] Within safeClick method
20:02:37 [TestNG-test-Test-3] INFO  verifyingFreeDeliveryFilterFunctionality_Mobile_20-02-27 - [verifyingFreeDeliveryFilterFunctionality_Mobile_20-02-27] Clicked the  [[ChromeDriver: chrome on windows (e22206c603597ee5239cfe94e3ee6bc1)] -> xpath: //span[@class='a-size-base a-color-base puis-bold-weight-text' and text()='Eligible for Free Delivery']/parent::div/following-sibling::ul//span[@class='a-size-base a-color-base' and text()='Free Shipping']]   using safeClick
20:02:37 [TestNG-test-Test-3] INFO  verifyingFreeDeliveryFilterFunctionality_Mobile_20-02-27 - [verifyingFreeDeliveryFilterFunctionality_Mobile_20-02-27] Within getMoreButtonByFilterTypeAndName method
20:02:37 [TestNG-test-Test-3] INFO  verifyingFreeDeliveryFilterFunctionality_Mobile_20-02-27 - [verifyingFreeDeliveryFilterFunctionality_Mobile_20-02-27] Clicked on By.xpath: //span[@class='a-size-base a-color-base puis-bold-weight-text' and text()='Eligible for Free Delivery']/parent::div/following-sibling::ul//span[@class='a-size-base a-color-base' and text()='Free Shipping']
20:02:37 [TestNG-test-Test-3] INFO  verifyingFreeDeliveryFilterFunctionality_Mobile_20-02-27 - [verifyingFreeDeliveryFilterFunctionality_Mobile_20-02-27] Within safeFindElements 
20:02:38 [TestNG-test-Test-3] INFO  verifyingFreeDeliveryFilterFunctionality_Mobile_20-02-27 - [verifyingFreeDeliveryFilterFunctionality_Mobile_20-02-27] Returning the  [[[ChromeDriver: chrome on windows (e22206c603597ee5239cfe94e3ee6bc1)] -> xpath: //div[@class='a-section a-spacing-small a-spacing-top-small']], [[ChromeDriver: chrome on windows (e22206c603597ee5239cfe94e3ee6bc1)] -> xpath: //div[@class='a-section a-spacing-small a-spacing-top-small']], [[ChromeDriver: chrome on windows (e22206c603597ee5239cfe94e3ee6bc1)] -> xpath: //div[@class='a-section a-spacing-small a-spacing-top-small']], [[ChromeDriver: chrome on windows (e22206c603597ee5239cfe94e3ee6bc1)] -> xpath: //div[@class='a-section a-spacing-small a-spacing-top-small']], [[ChromeDriver: chrome on windows (e22206c603597ee5239cfe94e3ee6bc1)] -> xpath: //div[@class='a-section a-spacing-small a-spacing-top-small']], [[ChromeDriver: chrome on windows (e22206c603597ee5239cfe94e3ee6bc1)] -> xpath: //div[@class='a-section a-spacing-small a-spacing-top-small']], [[ChromeDriver: chrome on windows (e22206c603597ee5239cfe94e3ee6bc1)] -> xpath: //div[@class='a-section a-spacing-small a-spacing-top-small']], [[ChromeDriver: chrome on windows (e22206c603597ee5239cfe94e3ee6bc1)] -> xpath: //div[@class='a-section a-spacing-small a-spacing-top-small']], [[ChromeDriver: chrome on windows (e22206c603597ee5239cfe94e3ee6bc1)] -> xpath: //div[@class='a-section a-spacing-small a-spacing-top-small']], [[ChromeDriver: chrome on windows (e22206c603597ee5239cfe94e3ee6bc1)] -> xpath: //div[@class='a-section a-spacing-small a-spacing-top-small']], [[ChromeDriver: chrome on windows (e22206c603597ee5239cfe94e3ee6bc1)] -> xpath: //div[@class='a-section a-spacing-small a-spacing-top-small']], [[ChromeDriver: chrome on windows (e22206c603597ee5239cfe94e3ee6bc1)] -> xpath: //div[@class='a-section a-spacing-small a-spacing-top-small']], [[ChromeDriver: chrome on windows (e22206c603597ee5239cfe94e3ee6bc1)] -> xpath: //div[@class='a-section a-spacing-small a-spacing-top-small']]] from the safeFindElements method
20:02:38 [TestNG-test-Test-3] INFO  verifyingFreeDeliveryFilterFunctionality_Mobile_20-02-27 - [verifyingFreeDeliveryFilterFunctionality_Mobile_20-02-27] Created hashset with required data to assert with Within validateDeliveryFilterOptions method
20:02:38 [TestNG-test-Test-3] INFO  verifyingFreeDeliveryFilterFunctionality_Mobile_20-02-27 - [verifyingFreeDeliveryFilterFunctionality_Mobile_20-02-27] this is the set  [Jul, Thu, Today, FREE delivery, Wed, 29, 30, Tomorrow]
20:02:38 [TestNG-test-Test-3] INFO  verifyingFreeDeliveryFilterFunctionality_Mobile_20-02-27 - [verifyingFreeDeliveryFilterFunctionality_Mobile_20-02-27] Within deliveryElements loop iterating over the products  Within validateDeliveryFilterOptions method
20:02:38 [TestNG-test-Test-3] INFO  verifyingFreeDeliveryFilterFunctionality_Mobile_20-02-27 - [verifyingFreeDeliveryFilterFunctionality_Mobile_20-02-27] Checking if the allowedDateParts have the assert text   Within validateDeliveryFilterOptions method
20:02:38 [TestNG-test-Test-3] INFO  verifyingFreeDeliveryFilterFunctionality_Mobile_20-02-27 - [verifyingFreeDeliveryFilterFunctionality_Mobile_20-02-27] Within deliveryElements loop iterating over the products  Within validateDeliveryFilterOptions method
20:02:38 [TestNG-test-Test-3] INFO  verifyingFreeDeliveryFilterFunctionality_Mobile_20-02-27 - [verifyingFreeDeliveryFilterFunctionality_Mobile_20-02-27] Checking if the allowedDateParts have the assert text   Within validateDeliveryFilterOptions method
20:02:38 [TestNG-test-Test-3] INFO  verifyingFreeDeliveryFilterFunctionality_Mobile_20-02-27 - [verifyingFreeDeliveryFilterFunctionality_Mobile_20-02-27] Within deliveryElements loop iterating over the products  Within validateDeliveryFilterOptions method
20:02:38 [TestNG-test-Test-3] INFO  verifyingFreeDeliveryFilterFunctionality_Mobile_20-02-27 - [verifyingFreeDeliveryFilterFunctionality_Mobile_20-02-27] Checking if the allowedDateParts have the assert text   Within validateDeliveryFilterOptions method
20:02:38 [TestNG-test-Test-3] INFO  verifyingFreeDeliveryFilterFunctionality_Mobile_20-02-27 - [verifyingFreeDeliveryFilterFunctionality_Mobile_20-02-27] Within deliveryElements loop iterating over the products  Within validateDeliveryFilterOptions method
20:02:38 [TestNG-test-Test-3] INFO  verifyingFreeDeliveryFilterFunctionality_Mobile_20-02-27 - [verifyingFreeDeliveryFilterFunctionality_Mobile_20-02-27] Checking if the allowedDateParts have the assert text   Within validateDeliveryFilterOptions method
20:02:38 [TestNG-test-Test-3] INFO  verifyingFreeDeliveryFilterFunctionality_Mobile_20-02-27 - [verifyingFreeDeliveryFilterFunctionality_Mobile_20-02-27] Within deliveryElements loop iterating over the products  Within validateDeliveryFilterOptions method
20:02:38 [TestNG-test-Test-3] INFO  verifyingFreeDeliveryFilterFunctionality_Mobile_20-02-27 - [verifyingFreeDeliveryFilterFunctionality_Mobile_20-02-27] Checking if the allowedDateParts have the assert text   Within validateDeliveryFilterOptions method
20:02:38 [TestNG-test-Test-3] INFO  verifyingFreeDeliveryFilterFunctionality_Mobile_20-02-27 - [verifyingFreeDeliveryFilterFunctionality_Mobile_20-02-27] Within deliveryElements loop iterating over the products  Within validateDeliveryFilterOptions method
20:02:38 [TestNG-test-Test-3] INFO  verifyingFreeDeliveryFilterFunctionality_Mobile_20-02-27 - [verifyingFreeDeliveryFilterFunctionality_Mobile_20-02-27] Checking if the allowedDateParts have the assert text   Within validateDeliveryFilterOptions method
20:02:38 [TestNG-test-Test-3] INFO  verifyingFreeDeliveryFilterFunctionality_Mobile_20-02-27 - [verifyingFreeDeliveryFilterFunctionality_Mobile_20-02-27] Within deliveryElements loop iterating over the products  Within validateDeliveryFilterOptions method
20:02:38 [TestNG-test-Test-3] INFO  verifyingFreeDeliveryFilterFunctionality_Mobile_20-02-27 - [verifyingFreeDeliveryFilterFunctionality_Mobile_20-02-27] Checking if the allowedDateParts have the assert text   Within validateDeliveryFilterOptions method
20:02:38 [TestNG-test-Test-3] INFO  verifyingFreeDeliveryFilterFunctionality_Mobile_20-02-27 - [verifyingFreeDeliveryFilterFunctionality_Mobile_20-02-27] Within deliveryElements loop iterating over the products  Within validateDeliveryFilterOptions method
20:02:38 [TestNG-test-Test-3] INFO  verifyingFreeDeliveryFilterFunctionality_Mobile_20-02-27 - [verifyingFreeDeliveryFilterFunctionality_Mobile_20-02-27] Checking if the allowedDateParts have the assert text   Within validateDeliveryFilterOptions method
20:02:38 [TestNG-test-Test-3] INFO  verifyingFreeDeliveryFilterFunctionality_Mobile_20-02-27 - [verifyingFreeDeliveryFilterFunctionality_Mobile_20-02-27] Within deliveryElements loop iterating over the products  Within validateDeliveryFilterOptions method
20:02:38 [TestNG-test-Test-3] INFO  verifyingFreeDeliveryFilterFunctionality_Mobile_20-02-27 - [verifyingFreeDeliveryFilterFunctionality_Mobile_20-02-27] Checking if the allowedDateParts have the assert text   Within validateDeliveryFilterOptions method
20:02:38 [TestNG-test-Test-3] INFO  verifyingFreeDeliveryFilterFunctionality_Mobile_20-02-27 - [verifyingFreeDeliveryFilterFunctionality_Mobile_20-02-27] Within deliveryElements loop iterating over the products  Within validateDeliveryFilterOptions method
20:02:38 [TestNG-test-Test-3] INFO  verifyingFreeDeliveryFilterFunctionality_Mobile_20-02-27 - [verifyingFreeDeliveryFilterFunctionality_Mobile_20-02-27] Checking if the allowedDateParts have the assert text   Within validateDeliveryFilterOptions method
20:02:38 [TestNG-test-Test-3] INFO  verifyingFreeDeliveryFilterFunctionality_Mobile_20-02-27 - [verifyingFreeDeliveryFilterFunctionality_Mobile_20-02-27] Within deliveryElements loop iterating over the products  Within validateDeliveryFilterOptions method
20:02:38 [TestNG-test-Test-3] INFO  verifyingFreeDeliveryFilterFunctionality_Mobile_20-02-27 - [verifyingFreeDeliveryFilterFunctionality_Mobile_20-02-27] Checking if the allowedDateParts have the assert text   Within validateDeliveryFilterOptions method
20:02:38 [TestNG-test-Test-3] INFO  verifyingFreeDeliveryFilterFunctionality_Mobile_20-02-27 - [verifyingFreeDeliveryFilterFunctionality_Mobile_20-02-27] Within deliveryElements loop iterating over the products  Within validateDeliveryFilterOptions method
20:02:38 [TestNG-test-Test-3] INFO  verifyingFreeDeliveryFilterFunctionality_Mobile_20-02-27 - [verifyingFreeDeliveryFilterFunctionality_Mobile_20-02-27] Checking if the allowedDateParts have the assert text   Within validateDeliveryFilterOptions method
20:02:38 [TestNG-test-Test-3] INFO  verifyingFreeDeliveryFilterFunctionality_Mobile_20-02-27 - [verifyingFreeDeliveryFilterFunctionality_Mobile_20-02-27] Within deliveryElements loop iterating over the products  Within validateDeliveryFilterOptions method
20:02:38 [TestNG-test-Test-3] INFO  verifyingFreeDeliveryFilterFunctionality_Mobile_20-02-27 - [verifyingFreeDeliveryFilterFunctionality_Mobile_20-02-27] Checking if the allowedDateParts have the assert text   Within validateDeliveryFilterOptions method
20:02:38 [TestNG-test-Test-3] INFO  verifyingFreeDeliveryFilterFunctionality_Mobile_20-02-27 - [verifyingFreeDeliveryFilterFunctionality_Mobile_20-02-27] Returning the list with boolean values   Within validateDeliveryFilterOptions method
20:02:38 [TestNG-test-Test-3] INFO  verifyingFreeDeliveryFilterFunctionality_Mobile_20-02-27 - [verifyingFreeDeliveryFilterFunctionality_Mobile_20-02-27] Asserting delivery filter: isValid=true, index=-1, text=All the things are valid no errors
