19:36:33 [TestNG-test-Test-3] INFO  verifyingGetItIn2DaysFilterFunctionality_Mobile_19-36-33 - No existing WebDriver found for current thread. Initializing a new ChromeDriver...
19:36:33 [TestNG-test-Test-3] INFO  verifyingGetItIn2DaysFilterFunctionality_Mobile_19-36-33 - WebDriverManager: chromedriver setup OK
19:36:34 [TestNG-test-Test-3] INFO  verifyingGetItIn2DaysFilterFunctionality_Mobile_19-36-33 - ChromeDriver initialized successfully for thread: 36
19:36:36 [TestNG-test-Test-3] INFO  verifyingGetItIn2DaysFilterFunctionality_Mobile_19-36-33 - [verifyingGetItIn2DaysFilterFunctionality_Mobile_19-36-33] Opening amazon Landing page
19:36:36 [TestNG-test-Test-3] INFO  verifyingGetItIn2DaysFilterFunctionality_Mobile_19-36-33 - [verifyingGetItIn2DaysFilterFunctionality_Mobile_19-36-33] Within safeFindElement method
19:36:36 [TestNG-test-Test-3] INFO  verifyingGetItIn2DaysFilterFunctionality_Mobile_19-36-33 - [verifyingGetItIn2DaysFilterFunctionality_Mobile_19-36-33]Found the element returning it ,element ->[[ChromeDriver: chrome on windows (85dbcd75bafb290f528f88b6546e8c74)] -> xpath: //a[@id='nav-logo-sprites']]
19:36:37 [TestNG-test-Test-3] INFO  verifyingGetItIn2DaysFilterFunctionality_Mobile_19-36-33 - [verifyingGetItIn2DaysFilterFunctionality_Mobile_19-36-33] Giving input within the search bar
19:36:37 [TestNG-test-Test-3] INFO  verifyingGetItIn2DaysFilterFunctionality_Mobile_19-36-33 - [verifyingGetItIn2DaysFilterFunctionality_Mobile_19-36-33] Within safeClick method
19:36:39 [TestNG-test-Test-3] INFO  verifyingGetItIn2DaysFilterFunctionality_Mobile_19-36-33 - [verifyingGetItIn2DaysFilterFunctionality_Mobile_19-36-33] Clicked the  [[ChromeDriver: chrome on windows (85dbcd75bafb290f528f88b6546e8c74)] -> xpath: //input[@id='nav-search-submit-button']]   using safeClick
19:36:39 [TestNG-test-Test-3] INFO  verifyingGetItIn2DaysFilterFunctionality_Mobile_19-36-33 - [verifyingGetItIn2DaysFilterFunctionality_Mobile_19-36-33] Clicking on the submit in the search bar
19:36:39 [TestNG-test-Test-3] INFO  verifyingGetItIn2DaysFilterFunctionality_Mobile_19-36-33 - [verifyingGetItIn2DaysFilterFunctionality_Mobile_19-36-33] Waiting until element is visible in viewport
19:36:39 [TestNG-test-Test-3] INFO  verifyingGetItIn2DaysFilterFunctionality_Mobile_19-36-33 - [verifyingGetItIn2DaysFilterFunctionality_Mobile_19-36-33] Within validateDeliveryFilterOptionsWithResult method
19:36:39 [TestNG-test-Test-3] INFO  verifyingGetItIn2DaysFilterFunctionality_Mobile_19-36-33 - [verifyingGetItIn2DaysFilterFunctionality_Mobile_19-36-33] Within safeClick method
19:36:40 [TestNG-test-Test-3] INFO  verifyingGetItIn2DaysFilterFunctionality_Mobile_19-36-33 - [verifyingGetItIn2DaysFilterFunctionality_Mobile_19-36-33] Clicked the  [[ChromeDriver: chrome on windows (85dbcd75bafb290f528f88b6546e8c74)] -> xpath: //span[@class='a-size-base a-color-base puis-bold-weight-text' and text()='Delivery Day']/parent::div/following-sibling::ul//span[@class='a-size-base a-color-base' and text()='Get It in 2 Days']]   using safeClick
19:36:40 [TestNG-test-Test-3] INFO  verifyingGetItIn2DaysFilterFunctionality_Mobile_19-36-33 - [verifyingGetItIn2DaysFilterFunctionality_Mobile_19-36-33] Within getMoreButtonByFilterTypeAndName method
19:36:40 [TestNG-test-Test-3] INFO  verifyingGetItIn2DaysFilterFunctionality_Mobile_19-36-33 - [verifyingGetItIn2DaysFilterFunctionality_Mobile_19-36-33] Clicked on By.xpath: //span[@class='a-size-base a-color-base puis-bold-weight-text' and text()='Delivery Day']/parent::div/following-sibling::ul//span[@class='a-size-base a-color-base' and text()='Get It in 2 Days']
19:36:40 [TestNG-test-Test-3] INFO  verifyingGetItIn2DaysFilterFunctionality_Mobile_19-36-33 - [verifyingGetItIn2DaysFilterFunctionality_Mobile_19-36-33] Within safeFindElements 
19:36:40 [TestNG-test-Test-3] INFO  verifyingGetItIn2DaysFilterFunctionality_Mobile_19-36-33 - [verifyingGetItIn2DaysFilterFunctionality_Mobile_19-36-33] Returning the  [[[ChromeDriver: chrome on windows (85dbcd75bafb290f528f88b6546e8c74)] -> xpath: //div[@class='a-section a-spacing-small a-spacing-top-small']], [[ChromeDriver: chrome on windows (85dbcd75bafb290f528f88b6546e8c74)] -> xpath: //div[@class='a-section a-spacing-small a-spacing-top-small']], [[ChromeDriver: chrome on windows (85dbcd75bafb290f528f88b6546e8c74)] -> xpath: //div[@class='a-section a-spacing-small a-spacing-top-small']], [[ChromeDriver: chrome on windows (85dbcd75bafb290f528f88b6546e8c74)] -> xpath: //div[@class='a-section a-spacing-small a-spacing-top-small']], [[ChromeDriver: chrome on windows (85dbcd75bafb290f528f88b6546e8c74)] -> xpath: //div[@class='a-section a-spacing-small a-spacing-top-small']], [[ChromeDriver: chrome on windows (85dbcd75bafb290f528f88b6546e8c74)] -> xpath: //div[@class='a-section a-spacing-small a-spacing-top-small']], [[ChromeDriver: chrome on windows (85dbcd75bafb290f528f88b6546e8c74)] -> xpath: //div[@class='a-section a-spacing-small a-spacing-top-small']], [[ChromeDriver: chrome on windows (85dbcd75bafb290f528f88b6546e8c74)] -> xpath: //div[@class='a-section a-spacing-small a-spacing-top-small']], [[ChromeDriver: chrome on windows (85dbcd75bafb290f528f88b6546e8c74)] -> xpath: //div[@class='a-section a-spacing-small a-spacing-top-small']], [[ChromeDriver: chrome on windows (85dbcd75bafb290f528f88b6546e8c74)] -> xpath: //div[@class='a-section a-spacing-small a-spacing-top-small']]] from the safeFindElements method
19:36:40 [TestNG-test-Test-3] INFO  verifyingGetItIn2DaysFilterFunctionality_Mobile_19-36-33 - [verifyingGetItIn2DaysFilterFunctionality_Mobile_19-36-33] Created hashset with required data to assert with Within validateDeliveryFilterOptions method
19:36:40 [TestNG-test-Test-3] INFO  verifyingGetItIn2DaysFilterFunctionality_Mobile_19-36-33 - [verifyingGetItIn2DaysFilterFunctionality_Mobile_19-36-33] this is the set  [Jun, Today, FREE delivery, 28, 29, Sun, Mon, Tomorrow]
19:36:40 [TestNG-test-Test-3] INFO  verifyingGetItIn2DaysFilterFunctionality_Mobile_19-36-33 - [verifyingGetItIn2DaysFilterFunctionality_Mobile_19-36-33] Within deliveryElements loop iterating over the products  Within validateDeliveryFilterOptions method
19:36:41 [TestNG-test-Test-3] INFO  verifyingGetItIn2DaysFilterFunctionality_Mobile_19-36-33 - [verifyingGetItIn2DaysFilterFunctionality_Mobile_19-36-33] Checking if the allowedDateParts have the assert text   Within validateDeliveryFilterOptions method
19:36:41 [TestNG-test-Test-3] INFO  verifyingGetItIn2DaysFilterFunctionality_Mobile_19-36-33 - [verifyingGetItIn2DaysFilterFunctionality_Mobile_19-36-33] Within deliveryElements loop iterating over the products  Within validateDeliveryFilterOptions method
19:36:41 [TestNG-test-Test-3] INFO  verifyingGetItIn2DaysFilterFunctionality_Mobile_19-36-33 - [verifyingGetItIn2DaysFilterFunctionality_Mobile_19-36-33] Checking if the allowedDateParts have the assert text   Within validateDeliveryFilterOptions method
19:36:41 [TestNG-test-Test-3] INFO  verifyingGetItIn2DaysFilterFunctionality_Mobile_19-36-33 - [verifyingGetItIn2DaysFilterFunctionality_Mobile_19-36-33] Within deliveryElements loop iterating over the products  Within validateDeliveryFilterOptions method
19:36:41 [TestNG-test-Test-3] INFO  verifyingGetItIn2DaysFilterFunctionality_Mobile_19-36-33 - [verifyingGetItIn2DaysFilterFunctionality_Mobile_19-36-33] Checking if the allowedDateParts have the assert text   Within validateDeliveryFilterOptions method
19:36:41 [TestNG-test-Test-3] INFO  verifyingGetItIn2DaysFilterFunctionality_Mobile_19-36-33 - [verifyingGetItIn2DaysFilterFunctionality_Mobile_19-36-33] Within deliveryElements loop iterating over the products  Within validateDeliveryFilterOptions method
19:36:41 [TestNG-test-Test-3] INFO  verifyingGetItIn2DaysFilterFunctionality_Mobile_19-36-33 - [verifyingGetItIn2DaysFilterFunctionality_Mobile_19-36-33] Checking if the allowedDateParts have the assert text   Within validateDeliveryFilterOptions method
19:36:41 [TestNG-test-Test-3] INFO  verifyingGetItIn2DaysFilterFunctionality_Mobile_19-36-33 - [verifyingGetItIn2DaysFilterFunctionality_Mobile_19-36-33] Within deliveryElements loop iterating over the products  Within validateDeliveryFilterOptions method
19:36:41 [TestNG-test-Test-3] INFO  verifyingGetItIn2DaysFilterFunctionality_Mobile_19-36-33 - [verifyingGetItIn2DaysFilterFunctionality_Mobile_19-36-33] Checking if the allowedDateParts have the assert text   Within validateDeliveryFilterOptions method
19:36:41 [TestNG-test-Test-3] INFO  verifyingGetItIn2DaysFilterFunctionality_Mobile_19-36-33 - [verifyingGetItIn2DaysFilterFunctionality_Mobile_19-36-33] Within deliveryElements loop iterating over the products  Within validateDeliveryFilterOptions method
19:36:41 [TestNG-test-Test-3] INFO  verifyingGetItIn2DaysFilterFunctionality_Mobile_19-36-33 - [verifyingGetItIn2DaysFilterFunctionality_Mobile_19-36-33] Checking if the allowedDateParts have the assert text   Within validateDeliveryFilterOptions method
19:36:41 [TestNG-test-Test-3] INFO  verifyingGetItIn2DaysFilterFunctionality_Mobile_19-36-33 - [verifyingGetItIn2DaysFilterFunctionality_Mobile_19-36-33] Within deliveryElements loop iterating over the products  Within validateDeliveryFilterOptions method
19:36:41 [TestNG-test-Test-3] INFO  verifyingGetItIn2DaysFilterFunctionality_Mobile_19-36-33 - [verifyingGetItIn2DaysFilterFunctionality_Mobile_19-36-33] Checking if the allowedDateParts have the assert text   Within validateDeliveryFilterOptions method
19:36:41 [TestNG-test-Test-3] INFO  verifyingGetItIn2DaysFilterFunctionality_Mobile_19-36-33 - [verifyingGetItIn2DaysFilterFunctionality_Mobile_19-36-33] Within deliveryElements loop iterating over the products  Within validateDeliveryFilterOptions method
19:36:41 [TestNG-test-Test-3] INFO  verifyingGetItIn2DaysFilterFunctionality_Mobile_19-36-33 - [verifyingGetItIn2DaysFilterFunctionality_Mobile_19-36-33] Checking if the allowedDateParts have the assert text   Within validateDeliveryFilterOptions method
19:36:41 [TestNG-test-Test-3] INFO  verifyingGetItIn2DaysFilterFunctionality_Mobile_19-36-33 - [verifyingGetItIn2DaysFilterFunctionality_Mobile_19-36-33] Within deliveryElements loop iterating over the products  Within validateDeliveryFilterOptions method
19:36:41 [TestNG-test-Test-3] INFO  verifyingGetItIn2DaysFilterFunctionality_Mobile_19-36-33 - [verifyingGetItIn2DaysFilterFunctionality_Mobile_19-36-33] Checking if the allowedDateParts have the assert text   Within validateDeliveryFilterOptions method
19:36:41 [TestNG-test-Test-3] INFO  verifyingGetItIn2DaysFilterFunctionality_Mobile_19-36-33 - [verifyingGetItIn2DaysFilterFunctionality_Mobile_19-36-33] Within deliveryElements loop iterating over the products  Within validateDeliveryFilterOptions method
19:36:41 [TestNG-test-Test-3] INFO  verifyingGetItIn2DaysFilterFunctionality_Mobile_19-36-33 - [verifyingGetItIn2DaysFilterFunctionality_Mobile_19-36-33] Checking if the allowedDateParts have the assert text   Within validateDeliveryFilterOptions method
19:36:41 [TestNG-test-Test-3] INFO  verifyingGetItIn2DaysFilterFunctionality_Mobile_19-36-33 - [verifyingGetItIn2DaysFilterFunctionality_Mobile_19-36-33] Returning the list with boolean values   Within validateDeliveryFilterOptions method
19:36:41 [TestNG-test-Test-3] INFO  verifyingGetItIn2DaysFilterFunctionality_Mobile_19-36-33 - [verifyingGetItIn2DaysFilterFunctionality_Mobile_19-36-33] Asserting delivery filter: isValid=true, index=-1, text=All the things are valid no errors
