20:29:41 [TestNG-test-Test-1] INFO  verifyingPriceSilderFunctionality_Tablet_20-29-41 - No existing WebDriver found for current thread. Initializing a new ChromeDriver...
20:29:41 [TestNG-test-Test-1] INFO  verifyingPriceSilderFunctionality_Tablet_20-29-41 - WebDriverManager: chromedriver setup OK
20:29:42 [TestNG-test-Test-1] INFO  verifyingPriceSilderFunctionality_Tablet_20-29-41 - ChromeDriver initialized successfully for thread: 31
20:29:44 [TestNG-test-Test-1] INFO  verifyingPriceSilderFunctionality_Tablet_20-29-41 - [verifyingPriceSilderFunctionality_Tablet_20-29-41] Opening amazon Landing page
20:29:44 [TestNG-test-Test-1] INFO  verifyingPriceSilderFunctionality_Tablet_20-29-41 - [verifyingPriceSilderFunctionality_Tablet_20-29-41] Within safeFindElement method
20:29:44 [TestNG-test-Test-1] INFO  verifyingPriceSilderFunctionality_Tablet_20-29-41 - [verifyingPriceSilderFunctionality_Tablet_20-29-41]Found the element returning it ,element ->[[ChromeDriver: chrome on windows (72293b6c1592c4b37120e60709011da3)] -> xpath: //a[@id='nav-logo-sprites']]
20:29:45 [TestNG-test-Test-1] INFO  verifyingPriceSilderFunctionality_Tablet_20-29-41 - [verifyingPriceSilderFunctionality_Tablet_20-29-41] Giving input within the search bar
20:29:45 [TestNG-test-Test-1] INFO  verifyingPriceSilderFunctionality_Tablet_20-29-41 - [verifyingPriceSilderFunctionality_Tablet_20-29-41] Within safeClick method
20:29:47 [TestNG-test-Test-1] INFO  verifyingPriceSilderFunctionality_Tablet_20-29-41 - [verifyingPriceSilderFunctionality_Tablet_20-29-41] Clicked the  [[ChromeDriver: chrome on windows (72293b6c1592c4b37120e60709011da3)] -> xpath: //input[@id='nav-search-submit-button']]   using safeClick
20:29:47 [TestNG-test-Test-1] INFO  verifyingPriceSilderFunctionality_Tablet_20-29-41 - [verifyingPriceSilderFunctionality_Tablet_20-29-41] Clicking on the submit in the search bar
20:29:48 [TestNG-test-Test-1] INFO  verifyingPriceSilderFunctionality_Tablet_20-29-41 - [verifyingPriceSilderFunctionality_Tablet_20-29-41] Within filterCheckUnderList method
20:29:48 [TestNG-test-Test-1] INFO  verifyingPriceSilderFunctionality_Tablet_20-29-41 - [verifyingPriceSilderFunctionality_Tablet_20-29-41] Found the Filter within the filter check List
20:29:48 [TestNG-test-Test-1] INFO  verifyingPriceSilderFunctionality_Tablet_20-29-41 - [verifyingPriceSilderFunctionality_Tablet_20-29-41] Within applyPriceSliderAndValidateWithResult method
20:29:48 [TestNG-test-Test-1] INFO  verifyingPriceSilderFunctionality_Tablet_20-29-41 - [verifyingPriceSilderFunctionality_Tablet_20-29-41] Within smoothScrollToElement method
20:29:48 [TestNG-test-Test-1] INFO  verifyingPriceSilderFunctionality_Tablet_20-29-41 - [verifyingPriceSilderFunctionality_Tablet_20-29-41] Within safeFindElement method
20:29:48 [TestNG-test-Test-1] INFO  verifyingPriceSilderFunctionality_Tablet_20-29-41 - [verifyingPriceSilderFunctionality_Tablet_20-29-41]Found the element returning it ,element ->[[ChromeDriver: chrome on windows (72293b6c1592c4b37120e60709011da3)] -> id: p_36/range-slider_slider-item_lower-bound-slider]
20:29:48 [TestNG-test-Test-1] INFO  verifyingPriceSilderFunctionality_Tablet_20-29-41 - [verifyingPriceSilderFunctionality_Tablet_20-29-41] Successfully scrolled to element: By.id: p_36/range-slider_slider-item_lower-bound-slider
20:29:48 [TestNG-test-Test-1] INFO  verifyingPriceSilderFunctionality_Tablet_20-29-41 - [verifyingPriceSilderFunctionality_Tablet_20-29-41] Within safeFindElement method
20:29:48 [TestNG-test-Test-1] INFO  verifyingPriceSilderFunctionality_Tablet_20-29-41 - [verifyingPriceSilderFunctionality_Tablet_20-29-41]Found the element returning it ,element ->[[ChromeDriver: chrome on windows (72293b6c1592c4b37120e60709011da3)] -> id: p_36/range-slider_slider-item_lower-bound-slider]
20:29:48 [TestNG-test-Test-1] INFO  verifyingPriceSilderFunctionality_Tablet_20-29-41 - [verifyingPriceSilderFunctionality_Tablet_20-29-41] in the setSliderValue method with value 61
20:29:48 [TestNG-test-Test-1] INFO  verifyingPriceSilderFunctionality_Tablet_20-29-41 - [verifyingPriceSilderFunctionality_Tablet_20-29-41] Within safeFindElement method
20:29:48 [TestNG-test-Test-1] INFO  verifyingPriceSilderFunctionality_Tablet_20-29-41 - [verifyingPriceSilderFunctionality_Tablet_20-29-41]Found the element returning it ,element ->[[ChromeDriver: chrome on windows (72293b6c1592c4b37120e60709011da3)] -> id: p_36/range-slider_slider-item_upper-bound-slider]
20:29:48 [TestNG-test-Test-1] INFO  verifyingPriceSilderFunctionality_Tablet_20-29-41 - [verifyingPriceSilderFunctionality_Tablet_20-29-41] in the setSliderValue method with value 81
20:29:48 [TestNG-test-Test-1] INFO  verifyingPriceSilderFunctionality_Tablet_20-29-41 - [verifyingPriceSilderFunctionality_Tablet_20-29-41] Within safeFindElement method
20:29:49 [TestNG-test-Test-1] INFO  verifyingPriceSilderFunctionality_Tablet_20-29-41 - [verifyingPriceSilderFunctionality_Tablet_20-29-41]Found the element returning it ,element ->[[ChromeDriver: chrome on windows (72293b6c1592c4b37120e60709011da3)] -> xpath: //label[@for='p_36/range-slider_slider-item_upper-bound-slider']]
20:29:50 [TestNG-test-Test-1] INFO  verifyingPriceSilderFunctionality_Tablet_20-29-41 - [verifyingPriceSilderFunctionality_Tablet_20-29-41] Within safeFindElement method
20:29:50 [TestNG-test-Test-1] INFO  verifyingPriceSilderFunctionality_Tablet_20-29-41 - [verifyingPriceSilderFunctionality_Tablet_20-29-41]Found the element returning it ,element ->[[ChromeDriver: chrome on windows (72293b6c1592c4b37120e60709011da3)] -> xpath: //label[@for='p_36/range-slider_slider-item_lower-bound-slider']]
20:29:50 [TestNG-test-Test-1] INFO  verifyingPriceSilderFunctionality_Tablet_20-29-41 - [verifyingPriceSilderFunctionality_Tablet_20-29-41] Within safeFindElements 
20:29:50 [TestNG-test-Test-1] INFO  verifyingPriceSilderFunctionality_Tablet_20-29-41 - [verifyingPriceSilderFunctionality_Tablet_20-29-41] Returning the  [[[ChromeDriver: chrome on windows (72293b6c1592c4b37120e60709011da3)] -> xpath: //span[@class='a-price-whole']], [[ChromeDriver: chrome on windows (72293b6c1592c4b37120e60709011da3)] -> xpath: //span[@class='a-price-whole']], [[ChromeDriver: chrome on windows (72293b6c1592c4b37120e60709011da3)] -> xpath: //span[@class='a-price-whole']], [[ChromeDriver: chrome on windows (72293b6c1592c4b37120e60709011da3)] -> xpath: //span[@class='a-price-whole']], [[ChromeDriver: chrome on windows (72293b6c1592c4b37120e60709011da3)] -> xpath: //span[@class='a-price-whole']], [[ChromeDriver: chrome on windows (72293b6c1592c4b37120e60709011da3)] -> xpath: //span[@class='a-price-whole']], [[ChromeDriver: chrome on windows (72293b6c1592c4b37120e60709011da3)] -> xpath: //span[@class='a-price-whole']], [[ChromeDriver: chrome on windows (72293b6c1592c4b37120e60709011da3)] -> xpath: //span[@class='a-price-whole']], [[ChromeDriver: chrome on windows (72293b6c1592c4b37120e60709011da3)] -> xpath: //span[@class='a-price-whole']], [[ChromeDriver: chrome on windows (72293b6c1592c4b37120e60709011da3)] -> xpath: //span[@class='a-price-whole']], [[ChromeDriver: chrome on windows (72293b6c1592c4b37120e60709011da3)] -> xpath: //span[@class='a-price-whole']], [[ChromeDriver: chrome on windows (72293b6c1592c4b37120e60709011da3)] -> xpath: //span[@class='a-price-whole']], [[ChromeDriver: chrome on windows (72293b6c1592c4b37120e60709011da3)] -> xpath: //span[@class='a-price-whole']], [[ChromeDriver: chrome on windows (72293b6c1592c4b37120e60709011da3)] -> xpath: //span[@class='a-price-whole']], [[ChromeDriver: chrome on windows (72293b6c1592c4b37120e60709011da3)] -> xpath: //span[@class='a-price-whole']], [[ChromeDriver: chrome on windows (72293b6c1592c4b37120e60709011da3)] -> xpath: //span[@class='a-price-whole']]] from the safeFindElements method
20:29:50 [TestNG-test-Test-1] INFO  verifyingPriceSilderFunctionality_Tablet_20-29-41 - [verifyingPriceSilderFunctionality_Tablet_20-29-41] Min Price Applied is  ₹20,700   Product Price is 25,999  Max Price Applied is ₹41,000
20:29:50 [TestNG-test-Test-1] INFO  verifyingPriceSilderFunctionality_Tablet_20-29-41 - [verifyingPriceSilderFunctionality_Tablet_20-29-41] Min Price Applied is  ₹20,700   Product Price is 23,999  Max Price Applied is ₹41,000
20:29:50 [TestNG-test-Test-1] INFO  verifyingPriceSilderFunctionality_Tablet_20-29-41 - [verifyingPriceSilderFunctionality_Tablet_20-29-41] Min Price Applied is  ₹20,700   Product Price is 33,999  Max Price Applied is ₹41,000
20:29:50 [TestNG-test-Test-1] INFO  verifyingPriceSilderFunctionality_Tablet_20-29-41 - [verifyingPriceSilderFunctionality_Tablet_20-29-41] Min Price Applied is  ₹20,700   Product Price is 28,861  Max Price Applied is ₹41,000
20:29:50 [TestNG-test-Test-1] INFO  verifyingPriceSilderFunctionality_Tablet_20-29-41 - [verifyingPriceSilderFunctionality_Tablet_20-29-41] Min Price Applied is  ₹20,700   Product Price is 26,999  Max Price Applied is ₹41,000
20:29:50 [TestNG-test-Test-1] INFO  verifyingPriceSilderFunctionality_Tablet_20-29-41 - [verifyingPriceSilderFunctionality_Tablet_20-29-41] Min Price Applied is  ₹20,700   Product Price is 35,771  Max Price Applied is ₹41,000
20:29:50 [TestNG-test-Test-1] INFO  verifyingPriceSilderFunctionality_Tablet_20-29-41 - [verifyingPriceSilderFunctionality_Tablet_20-29-41] Min Price Applied is  ₹20,700   Product Price is 24,999  Max Price Applied is ₹41,000
20:29:50 [TestNG-test-Test-1] INFO  verifyingPriceSilderFunctionality_Tablet_20-29-41 - [verifyingPriceSilderFunctionality_Tablet_20-29-41] Min Price Applied is  ₹20,700   Product Price is 20,990  Max Price Applied is ₹41,000
20:29:50 [TestNG-test-Test-1] INFO  verifyingPriceSilderFunctionality_Tablet_20-29-41 - [verifyingPriceSilderFunctionality_Tablet_20-29-41] Min Price Applied is  ₹20,700   Product Price is 26,998  Max Price Applied is ₹41,000
20:29:50 [TestNG-test-Test-1] INFO  verifyingPriceSilderFunctionality_Tablet_20-29-41 - [verifyingPriceSilderFunctionality_Tablet_20-29-41] Min Price Applied is  ₹20,700   Product Price is 21,999  Max Price Applied is ₹41,000
20:29:50 [TestNG-test-Test-1] INFO  verifyingPriceSilderFunctionality_Tablet_20-29-41 - [verifyingPriceSilderFunctionality_Tablet_20-29-41] Min Price Applied is  ₹20,700   Product Price is 35,999  Max Price Applied is ₹41,000
20:29:50 [TestNG-test-Test-1] INFO  verifyingPriceSilderFunctionality_Tablet_20-29-41 - [verifyingPriceSilderFunctionality_Tablet_20-29-41] Min Price Applied is  ₹20,700   Product Price is 29,999  Max Price Applied is ₹41,000
20:29:50 [TestNG-test-Test-1] INFO  verifyingPriceSilderFunctionality_Tablet_20-29-41 - [verifyingPriceSilderFunctionality_Tablet_20-29-41] Min Price Applied is  ₹20,700   Product Price is 28,999  Max Price Applied is ₹41,000
20:29:50 [TestNG-test-Test-1] INFO  verifyingPriceSilderFunctionality_Tablet_20-29-41 - [verifyingPriceSilderFunctionality_Tablet_20-29-41] Min Price Applied is  ₹20,700   Product Price is 23,999  Max Price Applied is ₹41,000
20:29:50 [TestNG-test-Test-1] INFO  verifyingPriceSilderFunctionality_Tablet_20-29-41 - [verifyingPriceSilderFunctionality_Tablet_20-29-41] Min Price Applied is  ₹20,700   Product Price is 24,870  Max Price Applied is ₹41,000
20:29:50 [TestNG-test-Test-1] INFO  verifyingPriceSilderFunctionality_Tablet_20-29-41 - [verifyingPriceSilderFunctionality_Tablet_20-29-41] Min Price Applied is  ₹20,700   Product Price is 36,543  Max Price Applied is ₹41,000
20:29:50 [TestNG-test-Test-1] INFO  verifyingPriceSilderFunctionality_Tablet_20-29-41 - [verifyingPriceSilderFunctionality_Tablet_20-29-41] Within smoothScrollToElement method
20:29:50 [TestNG-test-Test-1] INFO  verifyingPriceSilderFunctionality_Tablet_20-29-41 - [verifyingPriceSilderFunctionality_Tablet_20-29-41] Within safeFindElement method
20:29:50 [TestNG-test-Test-1] INFO  verifyingPriceSilderFunctionality_Tablet_20-29-41 - [verifyingPriceSilderFunctionality_Tablet_20-29-41]Found the element returning it ,element ->[[ChromeDriver: chrome on windows (72293b6c1592c4b37120e60709011da3)] -> id: p_36/range-slider_slider-item_lower-bound-slider]
20:29:50 [TestNG-test-Test-1] INFO  verifyingPriceSilderFunctionality_Tablet_20-29-41 - [verifyingPriceSilderFunctionality_Tablet_20-29-41] Successfully scrolled to element: By.id: p_36/range-slider_slider-item_lower-bound-slider
20:29:50 [TestNG-test-Test-1] INFO  verifyingPriceSilderFunctionality_Tablet_20-29-41 - [verifyingPriceSilderFunctionality_Tablet_20-29-41] Price Check <= Max & >= Min  Product Price is ->25999.0
20:29:50 [TestNG-test-Test-1] INFO  verifyingPriceSilderFunctionality_Tablet_20-29-41 - [verifyingPriceSilderFunctionality_Tablet_20-29-41] Min Price Applied is  20700.0   Product Price is 25,999  Max Price Applied is 41000.0
20:29:50 [TestNG-test-Test-1] INFO  verifyingPriceSilderFunctionality_Tablet_20-29-41 - [verifyingPriceSilderFunctionality_Tablet_20-29-41] Price Check <= Max & >= Min  Product Price is ->23999.0
20:29:50 [TestNG-test-Test-1] INFO  verifyingPriceSilderFunctionality_Tablet_20-29-41 - [verifyingPriceSilderFunctionality_Tablet_20-29-41] Min Price Applied is  20700.0   Product Price is 23,999  Max Price Applied is 41000.0
20:29:50 [TestNG-test-Test-1] INFO  verifyingPriceSilderFunctionality_Tablet_20-29-41 - [verifyingPriceSilderFunctionality_Tablet_20-29-41] Price Check <= Max & >= Min  Product Price is ->33999.0
20:29:50 [TestNG-test-Test-1] INFO  verifyingPriceSilderFunctionality_Tablet_20-29-41 - [verifyingPriceSilderFunctionality_Tablet_20-29-41] Min Price Applied is  20700.0   Product Price is 33,999  Max Price Applied is 41000.0
20:29:50 [TestNG-test-Test-1] INFO  verifyingPriceSilderFunctionality_Tablet_20-29-41 - [verifyingPriceSilderFunctionality_Tablet_20-29-41] Price Check <= Max & >= Min  Product Price is ->28861.0
20:29:50 [TestNG-test-Test-1] INFO  verifyingPriceSilderFunctionality_Tablet_20-29-41 - [verifyingPriceSilderFunctionality_Tablet_20-29-41] Min Price Applied is  20700.0   Product Price is 28,861  Max Price Applied is 41000.0
20:29:50 [TestNG-test-Test-1] INFO  verifyingPriceSilderFunctionality_Tablet_20-29-41 - [verifyingPriceSilderFunctionality_Tablet_20-29-41] Price Check <= Max & >= Min  Product Price is ->26999.0
20:29:50 [TestNG-test-Test-1] INFO  verifyingPriceSilderFunctionality_Tablet_20-29-41 - [verifyingPriceSilderFunctionality_Tablet_20-29-41] Min Price Applied is  20700.0   Product Price is 26,999  Max Price Applied is 41000.0
20:29:50 [TestNG-test-Test-1] INFO  verifyingPriceSilderFunctionality_Tablet_20-29-41 - [verifyingPriceSilderFunctionality_Tablet_20-29-41] Price Check <= Max & >= Min  Product Price is ->35771.0
20:29:50 [TestNG-test-Test-1] INFO  verifyingPriceSilderFunctionality_Tablet_20-29-41 - [verifyingPriceSilderFunctionality_Tablet_20-29-41] Min Price Applied is  20700.0   Product Price is 35,771  Max Price Applied is 41000.0
20:29:50 [TestNG-test-Test-1] INFO  verifyingPriceSilderFunctionality_Tablet_20-29-41 - [verifyingPriceSilderFunctionality_Tablet_20-29-41] Price Check <= Max & >= Min  Product Price is ->24999.0
20:29:50 [TestNG-test-Test-1] INFO  verifyingPriceSilderFunctionality_Tablet_20-29-41 - [verifyingPriceSilderFunctionality_Tablet_20-29-41] Min Price Applied is  20700.0   Product Price is 24,999  Max Price Applied is 41000.0
20:29:50 [TestNG-test-Test-1] INFO  verifyingPriceSilderFunctionality_Tablet_20-29-41 - [verifyingPriceSilderFunctionality_Tablet_20-29-41] Price Check <= Max & >= Min  Product Price is ->20990.0
20:29:50 [TestNG-test-Test-1] INFO  verifyingPriceSilderFunctionality_Tablet_20-29-41 - [verifyingPriceSilderFunctionality_Tablet_20-29-41] Min Price Applied is  20700.0   Product Price is 20,990  Max Price Applied is 41000.0
20:29:50 [TestNG-test-Test-1] INFO  verifyingPriceSilderFunctionality_Tablet_20-29-41 - [verifyingPriceSilderFunctionality_Tablet_20-29-41] Price Check <= Max & >= Min  Product Price is ->26998.0
20:29:50 [TestNG-test-Test-1] INFO  verifyingPriceSilderFunctionality_Tablet_20-29-41 - [verifyingPriceSilderFunctionality_Tablet_20-29-41] Min Price Applied is  20700.0   Product Price is 26,998  Max Price Applied is 41000.0
20:29:50 [TestNG-test-Test-1] INFO  verifyingPriceSilderFunctionality_Tablet_20-29-41 - [verifyingPriceSilderFunctionality_Tablet_20-29-41] Price Check <= Max & >= Min  Product Price is ->21999.0
20:29:50 [TestNG-test-Test-1] INFO  verifyingPriceSilderFunctionality_Tablet_20-29-41 - [verifyingPriceSilderFunctionality_Tablet_20-29-41] Min Price Applied is  20700.0   Product Price is 21,999  Max Price Applied is 41000.0
20:29:50 [TestNG-test-Test-1] INFO  verifyingPriceSilderFunctionality_Tablet_20-29-41 - [verifyingPriceSilderFunctionality_Tablet_20-29-41] Price Check <= Max & >= Min  Product Price is ->35999.0
20:29:50 [TestNG-test-Test-1] INFO  verifyingPriceSilderFunctionality_Tablet_20-29-41 - [verifyingPriceSilderFunctionality_Tablet_20-29-41] Min Price Applied is  20700.0   Product Price is 35,999  Max Price Applied is 41000.0
20:29:50 [TestNG-test-Test-1] INFO  verifyingPriceSilderFunctionality_Tablet_20-29-41 - [verifyingPriceSilderFunctionality_Tablet_20-29-41] Price Check <= Max & >= Min  Product Price is ->29999.0
20:29:50 [TestNG-test-Test-1] INFO  verifyingPriceSilderFunctionality_Tablet_20-29-41 - [verifyingPriceSilderFunctionality_Tablet_20-29-41] Min Price Applied is  20700.0   Product Price is 29,999  Max Price Applied is 41000.0
20:29:50 [TestNG-test-Test-1] INFO  verifyingPriceSilderFunctionality_Tablet_20-29-41 - [verifyingPriceSilderFunctionality_Tablet_20-29-41] Price Check <= Max & >= Min  Product Price is ->28999.0
20:29:50 [TestNG-test-Test-1] INFO  verifyingPriceSilderFunctionality_Tablet_20-29-41 - [verifyingPriceSilderFunctionality_Tablet_20-29-41] Min Price Applied is  20700.0   Product Price is 28,999  Max Price Applied is 41000.0
20:29:50 [TestNG-test-Test-1] INFO  verifyingPriceSilderFunctionality_Tablet_20-29-41 - [verifyingPriceSilderFunctionality_Tablet_20-29-41] Price Check <= Max & >= Min  Product Price is ->23999.0
20:29:50 [TestNG-test-Test-1] INFO  verifyingPriceSilderFunctionality_Tablet_20-29-41 - [verifyingPriceSilderFunctionality_Tablet_20-29-41] Min Price Applied is  20700.0   Product Price is 23,999  Max Price Applied is 41000.0
20:29:50 [TestNG-test-Test-1] INFO  verifyingPriceSilderFunctionality_Tablet_20-29-41 - [verifyingPriceSilderFunctionality_Tablet_20-29-41] Price Check <= Max & >= Min  Product Price is ->24870.0
20:29:50 [TestNG-test-Test-1] INFO  verifyingPriceSilderFunctionality_Tablet_20-29-41 - [verifyingPriceSilderFunctionality_Tablet_20-29-41] Min Price Applied is  20700.0   Product Price is 24,870  Max Price Applied is 41000.0
20:29:50 [TestNG-test-Test-1] INFO  verifyingPriceSilderFunctionality_Tablet_20-29-41 - [verifyingPriceSilderFunctionality_Tablet_20-29-41] Price Check <= Max & >= Min  Product Price is ->36543.0
20:29:50 [TestNG-test-Test-1] INFO  verifyingPriceSilderFunctionality_Tablet_20-29-41 - [verifyingPriceSilderFunctionality_Tablet_20-29-41] Min Price Applied is  20700.0   Product Price is 36,543  Max Price Applied is 41000.0
20:29:50 [TestNG-test-Test-1] INFO  verifyingPriceSilderFunctionality_Tablet_20-29-41 - [verifyingPriceSilderFunctionality_Tablet_20-29-41] Adding the data 'min','max','isValid' ,'mismatches' to 'result' Map->81
20:29:50 [TestNG-test-Test-1] INFO  verifyingPriceSilderFunctionality_Tablet_20-29-41 - [verifyingPriceSilderFunctionality_Tablet_20-29-41] Adding the 'results'  Map to the master 'allResults' i.e is List of maps->81
20:29:50 [TestNG-test-Test-1] INFO  verifyingPriceSilderFunctionality_Tablet_20-29-41 - [verifyingPriceSilderFunctionality_Tablet_20-29-41] Within safeFindElement method
20:29:50 [TestNG-test-Test-1] INFO  verifyingPriceSilderFunctionality_Tablet_20-29-41 - [verifyingPriceSilderFunctionality_Tablet_20-29-41]Found the element returning it ,element ->[[ChromeDriver: chrome on windows (72293b6c1592c4b37120e60709011da3)] -> id: p_36/range-slider_slider-item_lower-bound-slider]
20:29:50 [TestNG-test-Test-1] INFO  verifyingPriceSilderFunctionality_Tablet_20-29-41 - [verifyingPriceSilderFunctionality_Tablet_20-29-41] in the setSliderValue method with value 91
20:29:50 [TestNG-test-Test-1] INFO  verifyingPriceSilderFunctionality_Tablet_20-29-41 - [verifyingPriceSilderFunctionality_Tablet_20-29-41] Within safeFindElement method
20:29:50 [TestNG-test-Test-1] INFO  verifyingPriceSilderFunctionality_Tablet_20-29-41 - [verifyingPriceSilderFunctionality_Tablet_20-29-41]Found the element returning it ,element ->[[ChromeDriver: chrome on windows (72293b6c1592c4b37120e60709011da3)] -> id: p_36/range-slider_slider-item_upper-bound-slider]
20:29:50 [TestNG-test-Test-1] INFO  verifyingPriceSilderFunctionality_Tablet_20-29-41 - [verifyingPriceSilderFunctionality_Tablet_20-29-41] in the setSliderValue method with value 121
20:29:51 [TestNG-test-Test-1] INFO  verifyingPriceSilderFunctionality_Tablet_20-29-41 - [verifyingPriceSilderFunctionality_Tablet_20-29-41] Within safeFindElement method
20:29:52 [TestNG-test-Test-1] INFO  verifyingPriceSilderFunctionality_Tablet_20-29-41 - [verifyingPriceSilderFunctionality_Tablet_20-29-41]Found the element returning it ,element ->[[ChromeDriver: chrome on windows (72293b6c1592c4b37120e60709011da3)] -> xpath: //label[@for='p_36/range-slider_slider-item_upper-bound-slider']]
20:29:52 [TestNG-test-Test-1] INFO  verifyingPriceSilderFunctionality_Tablet_20-29-41 - [verifyingPriceSilderFunctionality_Tablet_20-29-41] Within safeFindElement method
20:29:52 [TestNG-test-Test-1] INFO  verifyingPriceSilderFunctionality_Tablet_20-29-41 - [verifyingPriceSilderFunctionality_Tablet_20-29-41]Found the element returning it ,element ->[[ChromeDriver: chrome on windows (72293b6c1592c4b37120e60709011da3)] -> xpath: //label[@for='p_36/range-slider_slider-item_lower-bound-slider']]
20:29:52 [TestNG-test-Test-1] INFO  verifyingPriceSilderFunctionality_Tablet_20-29-41 - [verifyingPriceSilderFunctionality_Tablet_20-29-41] Within safeFindElements 
20:29:52 [TestNG-test-Test-1] INFO  verifyingPriceSilderFunctionality_Tablet_20-29-41 - [verifyingPriceSilderFunctionality_Tablet_20-29-41] Returning the  [[[ChromeDriver: chrome on windows (72293b6c1592c4b37120e60709011da3)] -> xpath: //span[@class='a-price-whole']], [[ChromeDriver: chrome on windows (72293b6c1592c4b37120e60709011da3)] -> xpath: //span[@class='a-price-whole']], [[ChromeDriver: chrome on windows (72293b6c1592c4b37120e60709011da3)] -> xpath: //span[@class='a-price-whole']], [[ChromeDriver: chrome on windows (72293b6c1592c4b37120e60709011da3)] -> xpath: //span[@class='a-price-whole']], [[ChromeDriver: chrome on windows (72293b6c1592c4b37120e60709011da3)] -> xpath: //span[@class='a-price-whole']], [[ChromeDriver: chrome on windows (72293b6c1592c4b37120e60709011da3)] -> xpath: //span[@class='a-price-whole']], [[ChromeDriver: chrome on windows (72293b6c1592c4b37120e60709011da3)] -> xpath: //span[@class='a-price-whole']], [[ChromeDriver: chrome on windows (72293b6c1592c4b37120e60709011da3)] -> xpath: //span[@class='a-price-whole']], [[ChromeDriver: chrome on windows (72293b6c1592c4b37120e60709011da3)] -> xpath: //span[@class='a-price-whole']], [[ChromeDriver: chrome on windows (72293b6c1592c4b37120e60709011da3)] -> xpath: //span[@class='a-price-whole']], [[ChromeDriver: chrome on windows (72293b6c1592c4b37120e60709011da3)] -> xpath: //span[@class='a-price-whole']], [[ChromeDriver: chrome on windows (72293b6c1592c4b37120e60709011da3)] -> xpath: //span[@class='a-price-whole']], [[ChromeDriver: chrome on windows (72293b6c1592c4b37120e60709011da3)] -> xpath: //span[@class='a-price-whole']], [[ChromeDriver: chrome on windows (72293b6c1592c4b37120e60709011da3)] -> xpath: //span[@class='a-price-whole']], [[ChromeDriver: chrome on windows (72293b6c1592c4b37120e60709011da3)] -> xpath: //span[@class='a-price-whole']], [[ChromeDriver: chrome on windows (72293b6c1592c4b37120e60709011da3)] -> xpath: //span[@class='a-price-whole']], [[ChromeDriver: chrome on windows (72293b6c1592c4b37120e60709011da3)] -> xpath: //span[@class='a-price-whole']], [[ChromeDriver: chrome on windows (72293b6c1592c4b37120e60709011da3)] -> xpath: //span[@class='a-price-whole']]] from the safeFindElements method
20:29:52 [TestNG-test-Test-1] INFO  verifyingPriceSilderFunctionality_Tablet_20-29-41 - [verifyingPriceSilderFunctionality_Tablet_20-29-41] Min Price Applied is  ₹29,800   Product Price is 31,999  Max Price Applied is ₹109,300
20:29:52 [TestNG-test-Test-1] INFO  verifyingPriceSilderFunctionality_Tablet_20-29-41 - [verifyingPriceSilderFunctionality_Tablet_20-29-41] Min Price Applied is  ₹29,800   Product Price is 33,999  Max Price Applied is ₹109,300
20:29:52 [TestNG-test-Test-1] INFO  verifyingPriceSilderFunctionality_Tablet_20-29-41 - [verifyingPriceSilderFunctionality_Tablet_20-29-41] Min Price Applied is  ₹29,800   Product Price is 35,771  Max Price Applied is ₹109,300
20:29:52 [TestNG-test-Test-1] INFO  verifyingPriceSilderFunctionality_Tablet_20-29-41 - [verifyingPriceSilderFunctionality_Tablet_20-29-41] Min Price Applied is  ₹29,800   Product Price is 48,999  Max Price Applied is ₹109,300
20:29:52 [TestNG-test-Test-1] INFO  verifyingPriceSilderFunctionality_Tablet_20-29-41 - [verifyingPriceSilderFunctionality_Tablet_20-29-41] Min Price Applied is  ₹29,800   Product Price is 29,999  Max Price Applied is ₹109,300
20:29:52 [TestNG-test-Test-1] INFO  verifyingPriceSilderFunctionality_Tablet_20-29-41 - [verifyingPriceSilderFunctionality_Tablet_20-29-41] Min Price Applied is  ₹29,800   Product Price is 42,999  Max Price Applied is ₹109,300
20:29:52 [TestNG-test-Test-1] INFO  verifyingPriceSilderFunctionality_Tablet_20-29-41 - [verifyingPriceSilderFunctionality_Tablet_20-29-41] Min Price Applied is  ₹29,800   Product Price is 35,999  Max Price Applied is ₹109,300
20:29:52 [TestNG-test-Test-1] INFO  verifyingPriceSilderFunctionality_Tablet_20-29-41 - [verifyingPriceSilderFunctionality_Tablet_20-29-41] Min Price Applied is  ₹29,800   Product Price is 36,999  Max Price Applied is ₹109,300
20:29:52 [TestNG-test-Test-1] INFO  verifyingPriceSilderFunctionality_Tablet_20-29-41 - [verifyingPriceSilderFunctionality_Tablet_20-29-41] Min Price Applied is  ₹29,800   Product Price is 47,999  Max Price Applied is ₹109,300
20:29:52 [TestNG-test-Test-1] INFO  verifyingPriceSilderFunctionality_Tablet_20-29-41 - [verifyingPriceSilderFunctionality_Tablet_20-29-41] Min Price Applied is  ₹29,800   Product Price is 79,999  Max Price Applied is ₹109,300
20:29:52 [TestNG-test-Test-1] INFO  verifyingPriceSilderFunctionality_Tablet_20-29-41 - [verifyingPriceSilderFunctionality_Tablet_20-29-41] Min Price Applied is  ₹29,800   Product Price is 43,999  Max Price Applied is ₹109,300
20:29:52 [TestNG-test-Test-1] INFO  verifyingPriceSilderFunctionality_Tablet_20-29-41 - [verifyingPriceSilderFunctionality_Tablet_20-29-41] Min Price Applied is  ₹29,800   Product Price is 36,543  Max Price Applied is ₹109,300
20:29:52 [TestNG-test-Test-1] INFO  verifyingPriceSilderFunctionality_Tablet_20-29-41 - [verifyingPriceSilderFunctionality_Tablet_20-29-41] Min Price Applied is  ₹29,800   Product Price is 33,999  Max Price Applied is ₹109,300
20:29:52 [TestNG-test-Test-1] INFO  verifyingPriceSilderFunctionality_Tablet_20-29-41 - [verifyingPriceSilderFunctionality_Tablet_20-29-41] Min Price Applied is  ₹29,800   Product Price is 41,999  Max Price Applied is ₹109,300
20:29:52 [TestNG-test-Test-1] INFO  verifyingPriceSilderFunctionality_Tablet_20-29-41 - [verifyingPriceSilderFunctionality_Tablet_20-29-41] Min Price Applied is  ₹29,800   Product Price is 63,999  Max Price Applied is ₹109,300
20:29:52 [TestNG-test-Test-1] INFO  verifyingPriceSilderFunctionality_Tablet_20-29-41 - [verifyingPriceSilderFunctionality_Tablet_20-29-41] Min Price Applied is  ₹29,800   Product Price is 32,499  Max Price Applied is ₹109,300
20:29:52 [TestNG-test-Test-1] INFO  verifyingPriceSilderFunctionality_Tablet_20-29-41 - [verifyingPriceSilderFunctionality_Tablet_20-29-41] Min Price Applied is  ₹29,800   Product Price is 62,999  Max Price Applied is ₹109,300
20:29:52 [TestNG-test-Test-1] INFO  verifyingPriceSilderFunctionality_Tablet_20-29-41 - [verifyingPriceSilderFunctionality_Tablet_20-29-41] Min Price Applied is  ₹29,800   Product Price is 48,999  Max Price Applied is ₹109,300
20:29:52 [TestNG-test-Test-1] INFO  verifyingPriceSilderFunctionality_Tablet_20-29-41 - [verifyingPriceSilderFunctionality_Tablet_20-29-41] Within smoothScrollToElement method
20:29:52 [TestNG-test-Test-1] INFO  verifyingPriceSilderFunctionality_Tablet_20-29-41 - [verifyingPriceSilderFunctionality_Tablet_20-29-41] Within safeFindElement method
20:29:52 [TestNG-test-Test-1] INFO  verifyingPriceSilderFunctionality_Tablet_20-29-41 - [verifyingPriceSilderFunctionality_Tablet_20-29-41]Found the element returning it ,element ->[[ChromeDriver: chrome on windows (72293b6c1592c4b37120e60709011da3)] -> id: p_36/range-slider_slider-item_lower-bound-slider]
20:29:52 [TestNG-test-Test-1] INFO  verifyingPriceSilderFunctionality_Tablet_20-29-41 - [verifyingPriceSilderFunctionality_Tablet_20-29-41] Successfully scrolled to element: By.id: p_36/range-slider_slider-item_lower-bound-slider
20:29:52 [TestNG-test-Test-1] INFO  verifyingPriceSilderFunctionality_Tablet_20-29-41 - [verifyingPriceSilderFunctionality_Tablet_20-29-41] Price Check <= Max & >= Min  Product Price is ->31999.0
20:29:52 [TestNG-test-Test-1] INFO  verifyingPriceSilderFunctionality_Tablet_20-29-41 - [verifyingPriceSilderFunctionality_Tablet_20-29-41] Min Price Applied is  29800.0   Product Price is 31,999  Max Price Applied is 109300.0
20:29:52 [TestNG-test-Test-1] INFO  verifyingPriceSilderFunctionality_Tablet_20-29-41 - [verifyingPriceSilderFunctionality_Tablet_20-29-41] Price Check <= Max & >= Min  Product Price is ->33999.0
20:29:52 [TestNG-test-Test-1] INFO  verifyingPriceSilderFunctionality_Tablet_20-29-41 - [verifyingPriceSilderFunctionality_Tablet_20-29-41] Min Price Applied is  29800.0   Product Price is 33,999  Max Price Applied is 109300.0
20:29:52 [TestNG-test-Test-1] INFO  verifyingPriceSilderFunctionality_Tablet_20-29-41 - [verifyingPriceSilderFunctionality_Tablet_20-29-41] Price Check <= Max & >= Min  Product Price is ->35771.0
20:29:52 [TestNG-test-Test-1] INFO  verifyingPriceSilderFunctionality_Tablet_20-29-41 - [verifyingPriceSilderFunctionality_Tablet_20-29-41] Min Price Applied is  29800.0   Product Price is 35,771  Max Price Applied is 109300.0
20:29:52 [TestNG-test-Test-1] INFO  verifyingPriceSilderFunctionality_Tablet_20-29-41 - [verifyingPriceSilderFunctionality_Tablet_20-29-41] Price Check <= Max & >= Min  Product Price is ->48999.0
20:29:52 [TestNG-test-Test-1] INFO  verifyingPriceSilderFunctionality_Tablet_20-29-41 - [verifyingPriceSilderFunctionality_Tablet_20-29-41] Min Price Applied is  29800.0   Product Price is 48,999  Max Price Applied is 109300.0
20:29:52 [TestNG-test-Test-1] INFO  verifyingPriceSilderFunctionality_Tablet_20-29-41 - [verifyingPriceSilderFunctionality_Tablet_20-29-41] Price Check <= Max & >= Min  Product Price is ->29999.0
20:29:52 [TestNG-test-Test-1] INFO  verifyingPriceSilderFunctionality_Tablet_20-29-41 - [verifyingPriceSilderFunctionality_Tablet_20-29-41] Min Price Applied is  29800.0   Product Price is 29,999  Max Price Applied is 109300.0
20:29:52 [TestNG-test-Test-1] INFO  verifyingPriceSilderFunctionality_Tablet_20-29-41 - [verifyingPriceSilderFunctionality_Tablet_20-29-41] Price Check <= Max & >= Min  Product Price is ->42999.0
20:29:52 [TestNG-test-Test-1] INFO  verifyingPriceSilderFunctionality_Tablet_20-29-41 - [verifyingPriceSilderFunctionality_Tablet_20-29-41] Min Price Applied is  29800.0   Product Price is 42,999  Max Price Applied is 109300.0
20:29:52 [TestNG-test-Test-1] INFO  verifyingPriceSilderFunctionality_Tablet_20-29-41 - [verifyingPriceSilderFunctionality_Tablet_20-29-41] Price Check <= Max & >= Min  Product Price is ->35999.0
20:29:52 [TestNG-test-Test-1] INFO  verifyingPriceSilderFunctionality_Tablet_20-29-41 - [verifyingPriceSilderFunctionality_Tablet_20-29-41] Min Price Applied is  29800.0   Product Price is 35,999  Max Price Applied is 109300.0
20:29:52 [TestNG-test-Test-1] INFO  verifyingPriceSilderFunctionality_Tablet_20-29-41 - [verifyingPriceSilderFunctionality_Tablet_20-29-41] Price Check <= Max & >= Min  Product Price is ->36999.0
20:29:52 [TestNG-test-Test-1] INFO  verifyingPriceSilderFunctionality_Tablet_20-29-41 - [verifyingPriceSilderFunctionality_Tablet_20-29-41] Min Price Applied is  29800.0   Product Price is 36,999  Max Price Applied is 109300.0
20:29:52 [TestNG-test-Test-1] INFO  verifyingPriceSilderFunctionality_Tablet_20-29-41 - [verifyingPriceSilderFunctionality_Tablet_20-29-41] Price Check <= Max & >= Min  Product Price is ->47999.0
20:29:52 [TestNG-test-Test-1] INFO  verifyingPriceSilderFunctionality_Tablet_20-29-41 - [verifyingPriceSilderFunctionality_Tablet_20-29-41] Min Price Applied is  29800.0   Product Price is 47,999  Max Price Applied is 109300.0
20:29:52 [TestNG-test-Test-1] INFO  verifyingPriceSilderFunctionality_Tablet_20-29-41 - [verifyingPriceSilderFunctionality_Tablet_20-29-41] Price Check <= Max & >= Min  Product Price is ->79999.0
20:29:52 [TestNG-test-Test-1] INFO  verifyingPriceSilderFunctionality_Tablet_20-29-41 - [verifyingPriceSilderFunctionality_Tablet_20-29-41] Min Price Applied is  29800.0   Product Price is 79,999  Max Price Applied is 109300.0
20:29:52 [TestNG-test-Test-1] INFO  verifyingPriceSilderFunctionality_Tablet_20-29-41 - [verifyingPriceSilderFunctionality_Tablet_20-29-41] Price Check <= Max & >= Min  Product Price is ->43999.0
20:29:52 [TestNG-test-Test-1] INFO  verifyingPriceSilderFunctionality_Tablet_20-29-41 - [verifyingPriceSilderFunctionality_Tablet_20-29-41] Min Price Applied is  29800.0   Product Price is 43,999  Max Price Applied is 109300.0
20:29:52 [TestNG-test-Test-1] INFO  verifyingPriceSilderFunctionality_Tablet_20-29-41 - [verifyingPriceSilderFunctionality_Tablet_20-29-41] Price Check <= Max & >= Min  Product Price is ->36543.0
20:29:52 [TestNG-test-Test-1] INFO  verifyingPriceSilderFunctionality_Tablet_20-29-41 - [verifyingPriceSilderFunctionality_Tablet_20-29-41] Min Price Applied is  29800.0   Product Price is 36,543  Max Price Applied is 109300.0
20:29:52 [TestNG-test-Test-1] INFO  verifyingPriceSilderFunctionality_Tablet_20-29-41 - [verifyingPriceSilderFunctionality_Tablet_20-29-41] Price Check <= Max & >= Min  Product Price is ->33999.0
20:29:52 [TestNG-test-Test-1] INFO  verifyingPriceSilderFunctionality_Tablet_20-29-41 - [verifyingPriceSilderFunctionality_Tablet_20-29-41] Min Price Applied is  29800.0   Product Price is 33,999  Max Price Applied is 109300.0
20:29:52 [TestNG-test-Test-1] INFO  verifyingPriceSilderFunctionality_Tablet_20-29-41 - [verifyingPriceSilderFunctionality_Tablet_20-29-41] Price Check <= Max & >= Min  Product Price is ->41999.0
20:29:52 [TestNG-test-Test-1] INFO  verifyingPriceSilderFunctionality_Tablet_20-29-41 - [verifyingPriceSilderFunctionality_Tablet_20-29-41] Min Price Applied is  29800.0   Product Price is 41,999  Max Price Applied is 109300.0
20:29:52 [TestNG-test-Test-1] INFO  verifyingPriceSilderFunctionality_Tablet_20-29-41 - [verifyingPriceSilderFunctionality_Tablet_20-29-41] Price Check <= Max & >= Min  Product Price is ->63999.0
20:29:52 [TestNG-test-Test-1] INFO  verifyingPriceSilderFunctionality_Tablet_20-29-41 - [verifyingPriceSilderFunctionality_Tablet_20-29-41] Min Price Applied is  29800.0   Product Price is 63,999  Max Price Applied is 109300.0
20:29:52 [TestNG-test-Test-1] INFO  verifyingPriceSilderFunctionality_Tablet_20-29-41 - [verifyingPriceSilderFunctionality_Tablet_20-29-41] Price Check <= Max & >= Min  Product Price is ->32499.0
20:29:52 [TestNG-test-Test-1] INFO  verifyingPriceSilderFunctionality_Tablet_20-29-41 - [verifyingPriceSilderFunctionality_Tablet_20-29-41] Min Price Applied is  29800.0   Product Price is 32,499  Max Price Applied is 109300.0
20:29:52 [TestNG-test-Test-1] INFO  verifyingPriceSilderFunctionality_Tablet_20-29-41 - [verifyingPriceSilderFunctionality_Tablet_20-29-41] Price Check <= Max & >= Min  Product Price is ->62999.0
20:29:52 [TestNG-test-Test-1] INFO  verifyingPriceSilderFunctionality_Tablet_20-29-41 - [verifyingPriceSilderFunctionality_Tablet_20-29-41] Min Price Applied is  29800.0   Product Price is 62,999  Max Price Applied is 109300.0
20:29:52 [TestNG-test-Test-1] INFO  verifyingPriceSilderFunctionality_Tablet_20-29-41 - [verifyingPriceSilderFunctionality_Tablet_20-29-41] Price Check <= Max & >= Min  Product Price is ->48999.0
20:29:52 [TestNG-test-Test-1] INFO  verifyingPriceSilderFunctionality_Tablet_20-29-41 - [verifyingPriceSilderFunctionality_Tablet_20-29-41] Min Price Applied is  29800.0   Product Price is 48,999  Max Price Applied is 109300.0
20:29:52 [TestNG-test-Test-1] INFO  verifyingPriceSilderFunctionality_Tablet_20-29-41 - [verifyingPriceSilderFunctionality_Tablet_20-29-41] Adding the data 'min','max','isValid' ,'mismatches' to 'result' Map->121
20:29:52 [TestNG-test-Test-1] INFO  verifyingPriceSilderFunctionality_Tablet_20-29-41 - [verifyingPriceSilderFunctionality_Tablet_20-29-41] Adding the 'results'  Map to the master 'allResults' i.e is List of maps->121
20:29:52 [TestNG-test-Test-1] INFO  verifyingPriceSilderFunctionality_Tablet_20-29-41 - [verifyingPriceSilderFunctionality_Tablet_20-29-41] Within safeFindElement method
20:29:52 [TestNG-test-Test-1] INFO  verifyingPriceSilderFunctionality_Tablet_20-29-41 - [verifyingPriceSilderFunctionality_Tablet_20-29-41]Found the element returning it ,element ->[[ChromeDriver: chrome on windows (72293b6c1592c4b37120e60709011da3)] -> id: p_36/range-slider_slider-item_lower-bound-slider]
20:29:52 [TestNG-test-Test-1] INFO  verifyingPriceSilderFunctionality_Tablet_20-29-41 - [verifyingPriceSilderFunctionality_Tablet_20-29-41] in the setSliderValue method with value 131
20:29:52 [TestNG-test-Test-1] INFO  verifyingPriceSilderFunctionality_Tablet_20-29-41 - [verifyingPriceSilderFunctionality_Tablet_20-29-41] Within safeFindElement method
20:29:52 [TestNG-test-Test-1] INFO  verifyingPriceSilderFunctionality_Tablet_20-29-41 - [verifyingPriceSilderFunctionality_Tablet_20-29-41]Found the element returning it ,element ->[[ChromeDriver: chrome on windows (72293b6c1592c4b37120e60709011da3)] -> id: p_36/range-slider_slider-item_upper-bound-slider]
20:29:52 [TestNG-test-Test-1] INFO  verifyingPriceSilderFunctionality_Tablet_20-29-41 - [verifyingPriceSilderFunctionality_Tablet_20-29-41] in the setSliderValue method with value 161
20:29:53 [TestNG-test-Test-1] INFO  verifyingPriceSilderFunctionality_Tablet_20-29-41 - [verifyingPriceSilderFunctionality_Tablet_20-29-41] Within safeFindElement method
20:29:54 [TestNG-test-Test-1] INFO  verifyingPriceSilderFunctionality_Tablet_20-29-41 - [verifyingPriceSilderFunctionality_Tablet_20-29-41]Found the element returning it ,element ->[[ChromeDriver: chrome on windows (72293b6c1592c4b37120e60709011da3)] -> xpath: //label[@for='p_36/range-slider_slider-item_upper-bound-slider']]
20:29:54 [TestNG-test-Test-1] INFO  verifyingPriceSilderFunctionality_Tablet_20-29-41 - [verifyingPriceSilderFunctionality_Tablet_20-29-41] Within safeFindElement method
20:29:54 [TestNG-test-Test-1] INFO  verifyingPriceSilderFunctionality_Tablet_20-29-41 - [verifyingPriceSilderFunctionality_Tablet_20-29-41]Found the element returning it ,element ->[[ChromeDriver: chrome on windows (72293b6c1592c4b37120e60709011da3)] -> xpath: //label[@for='p_36/range-slider_slider-item_lower-bound-slider']]
20:29:54 [TestNG-test-Test-1] INFO  verifyingPriceSilderFunctionality_Tablet_20-29-41 - [verifyingPriceSilderFunctionality_Tablet_20-29-41] Within safeFindElements 
20:29:54 [TestNG-test-Test-1] INFO  verifyingPriceSilderFunctionality_Tablet_20-29-41 - [verifyingPriceSilderFunctionality_Tablet_20-29-41] Returning the  [[[ChromeDriver: chrome on windows (72293b6c1592c4b37120e60709011da3)] -> xpath: //span[@class='a-price-whole']], [[ChromeDriver: chrome on windows (72293b6c1592c4b37120e60709011da3)] -> xpath: //span[@class='a-price-whole']], [[ChromeDriver: chrome on windows (72293b6c1592c4b37120e60709011da3)] -> xpath: //span[@class='a-price-whole']], [[ChromeDriver: chrome on windows (72293b6c1592c4b37120e60709011da3)] -> xpath: //span[@class='a-price-whole']], [[ChromeDriver: chrome on windows (72293b6c1592c4b37120e60709011da3)] -> xpath: //span[@class='a-price-whole']], [[ChromeDriver: chrome on windows (72293b6c1592c4b37120e60709011da3)] -> xpath: //span[@class='a-price-whole']], [[ChromeDriver: chrome on windows (72293b6c1592c4b37120e60709011da3)] -> xpath: //span[@class='a-price-whole']], [[ChromeDriver: chrome on windows (72293b6c1592c4b37120e60709011da3)] -> xpath: //span[@class='a-price-whole']], [[ChromeDriver: chrome on windows (72293b6c1592c4b37120e60709011da3)] -> xpath: //span[@class='a-price-whole']], [[ChromeDriver: chrome on windows (72293b6c1592c4b37120e60709011da3)] -> xpath: //span[@class='a-price-whole']], [[ChromeDriver: chrome on windows (72293b6c1592c4b37120e60709011da3)] -> xpath: //span[@class='a-price-whole']], [[ChromeDriver: chrome on windows (72293b6c1592c4b37120e60709011da3)] -> xpath: //span[@class='a-price-whole']], [[ChromeDriver: chrome on windows (72293b6c1592c4b37120e60709011da3)] -> xpath: //span[@class='a-price-whole']], [[ChromeDriver: chrome on windows (72293b6c1592c4b37120e60709011da3)] -> xpath: //span[@class='a-price-whole']], [[ChromeDriver: chrome on windows (72293b6c1592c4b37120e60709011da3)] -> xpath: //span[@class='a-price-whole']], [[ChromeDriver: chrome on windows (72293b6c1592c4b37120e60709011da3)] -> xpath: //span[@class='a-price-whole']]] from the safeFindElements method
20:29:54 [TestNG-test-Test-1] INFO  verifyingPriceSilderFunctionality_Tablet_20-29-41 - [verifyingPriceSilderFunctionality_Tablet_20-29-41] Min Price Applied is  ₹88,500   Product Price is 1,36,900  Max Price Applied is ₹220,700
20:29:54 [TestNG-test-Test-1] INFO  verifyingPriceSilderFunctionality_Tablet_20-29-41 - [verifyingPriceSilderFunctionality_Tablet_20-29-41] Min Price Applied is  ₹88,500   Product Price is 89,900  Max Price Applied is ₹220,700
20:29:54 [TestNG-test-Test-1] INFO  verifyingPriceSilderFunctionality_Tablet_20-29-41 - [verifyingPriceSilderFunctionality_Tablet_20-29-41] Min Price Applied is  ₹88,500   Product Price is 1,20,606  Max Price Applied is ₹220,700
20:29:54 [TestNG-test-Test-1] INFO  verifyingPriceSilderFunctionality_Tablet_20-29-41 - [verifyingPriceSilderFunctionality_Tablet_20-29-41] Min Price Applied is  ₹88,500   Product Price is 1,01,900  Max Price Applied is ₹220,700
20:29:54 [TestNG-test-Test-1] INFO  verifyingPriceSilderFunctionality_Tablet_20-29-41 - [verifyingPriceSilderFunctionality_Tablet_20-29-41] Min Price Applied is  ₹88,500   Product Price is 1,03,900  Max Price Applied is ₹220,700
20:29:54 [TestNG-test-Test-1] INFO  verifyingPriceSilderFunctionality_Tablet_20-29-41 - [verifyingPriceSilderFunctionality_Tablet_20-29-41] Min Price Applied is  ₹88,500   Product Price is 1,03,900  Max Price Applied is ₹220,700
20:29:54 [TestNG-test-Test-1] INFO  verifyingPriceSilderFunctionality_Tablet_20-29-41 - [verifyingPriceSilderFunctionality_Tablet_20-29-41] Min Price Applied is  ₹88,500   Product Price is 1,01,900  Max Price Applied is ₹220,700
20:29:54 [TestNG-test-Test-1] INFO  verifyingPriceSilderFunctionality_Tablet_20-29-41 - [verifyingPriceSilderFunctionality_Tablet_20-29-41] Min Price Applied is  ₹88,500   Product Price is 1,09,900  Max Price Applied is ₹220,700
20:29:54 [TestNG-test-Test-1] INFO  verifyingPriceSilderFunctionality_Tablet_20-29-41 - [verifyingPriceSilderFunctionality_Tablet_20-29-41] Min Price Applied is  ₹88,500   Product Price is 93,988  Max Price Applied is ₹220,700
20:29:54 [TestNG-test-Test-1] INFO  verifyingPriceSilderFunctionality_Tablet_20-29-41 - [verifyingPriceSilderFunctionality_Tablet_20-29-41] Min Price Applied is  ₹88,500   Product Price is 99,013  Max Price Applied is ₹220,700
20:29:54 [TestNG-test-Test-1] INFO  verifyingPriceSilderFunctionality_Tablet_20-29-41 - [verifyingPriceSilderFunctionality_Tablet_20-29-41] Min Price Applied is  ₹88,500   Product Price is 89,999  Max Price Applied is ₹220,700
20:29:54 [TestNG-test-Test-1] INFO  verifyingPriceSilderFunctionality_Tablet_20-29-41 - [verifyingPriceSilderFunctionality_Tablet_20-29-41] Min Price Applied is  ₹88,500   Product Price is 1,55,553  Max Price Applied is ₹220,700
20:29:54 [TestNG-test-Test-1] INFO  verifyingPriceSilderFunctionality_Tablet_20-29-41 - [verifyingPriceSilderFunctionality_Tablet_20-29-41] Min Price Applied is  ₹88,500   Product Price is 1,09,900  Max Price Applied is ₹220,700
20:29:54 [TestNG-test-Test-1] INFO  verifyingPriceSilderFunctionality_Tablet_20-29-41 - [verifyingPriceSilderFunctionality_Tablet_20-29-41] Min Price Applied is  ₹88,500   Product Price is 91,109  Max Price Applied is ₹220,700
20:29:54 [TestNG-test-Test-1] INFO  verifyingPriceSilderFunctionality_Tablet_20-29-41 - [verifyingPriceSilderFunctionality_Tablet_20-29-41] Min Price Applied is  ₹88,500   Product Price is 1,07,900  Max Price Applied is ₹220,700
20:29:54 [TestNG-test-Test-1] INFO  verifyingPriceSilderFunctionality_Tablet_20-29-41 - [verifyingPriceSilderFunctionality_Tablet_20-29-41] Min Price Applied is  ₹88,500   Product Price is 1,09,900  Max Price Applied is ₹220,700
20:29:54 [TestNG-test-Test-1] INFO  verifyingPriceSilderFunctionality_Tablet_20-29-41 - [verifyingPriceSilderFunctionality_Tablet_20-29-41] Within smoothScrollToElement method
20:29:54 [TestNG-test-Test-1] INFO  verifyingPriceSilderFunctionality_Tablet_20-29-41 - [verifyingPriceSilderFunctionality_Tablet_20-29-41] Within safeFindElement method
20:29:54 [TestNG-test-Test-1] INFO  verifyingPriceSilderFunctionality_Tablet_20-29-41 - [verifyingPriceSilderFunctionality_Tablet_20-29-41]Found the element returning it ,element ->[[ChromeDriver: chrome on windows (72293b6c1592c4b37120e60709011da3)] -> id: p_36/range-slider_slider-item_lower-bound-slider]
20:29:54 [TestNG-test-Test-1] INFO  verifyingPriceSilderFunctionality_Tablet_20-29-41 - [verifyingPriceSilderFunctionality_Tablet_20-29-41] Successfully scrolled to element: By.id: p_36/range-slider_slider-item_lower-bound-slider
20:29:55 [TestNG-test-Test-1] INFO  verifyingPriceSilderFunctionality_Tablet_20-29-41 - [verifyingPriceSilderFunctionality_Tablet_20-29-41] Price Check <= Max & >= Min  Product Price is ->136900.0
20:29:55 [TestNG-test-Test-1] INFO  verifyingPriceSilderFunctionality_Tablet_20-29-41 - [verifyingPriceSilderFunctionality_Tablet_20-29-41] Min Price Applied is  88500.0   Product Price is 1,36,900  Max Price Applied is 220700.0
20:29:55 [TestNG-test-Test-1] INFO  verifyingPriceSilderFunctionality_Tablet_20-29-41 - [verifyingPriceSilderFunctionality_Tablet_20-29-41] Price Check <= Max & >= Min  Product Price is ->89900.0
20:29:55 [TestNG-test-Test-1] INFO  verifyingPriceSilderFunctionality_Tablet_20-29-41 - [verifyingPriceSilderFunctionality_Tablet_20-29-41] Min Price Applied is  88500.0   Product Price is 89,900  Max Price Applied is 220700.0
20:29:55 [TestNG-test-Test-1] INFO  verifyingPriceSilderFunctionality_Tablet_20-29-41 - [verifyingPriceSilderFunctionality_Tablet_20-29-41] Price Check <= Max & >= Min  Product Price is ->120606.0
20:29:55 [TestNG-test-Test-1] INFO  verifyingPriceSilderFunctionality_Tablet_20-29-41 - [verifyingPriceSilderFunctionality_Tablet_20-29-41] Min Price Applied is  88500.0   Product Price is 1,20,606  Max Price Applied is 220700.0
20:29:55 [TestNG-test-Test-1] INFO  verifyingPriceSilderFunctionality_Tablet_20-29-41 - [verifyingPriceSilderFunctionality_Tablet_20-29-41] Price Check <= Max & >= Min  Product Price is ->101900.0
20:29:55 [TestNG-test-Test-1] INFO  verifyingPriceSilderFunctionality_Tablet_20-29-41 - [verifyingPriceSilderFunctionality_Tablet_20-29-41] Min Price Applied is  88500.0   Product Price is 1,01,900  Max Price Applied is 220700.0
20:29:55 [TestNG-test-Test-1] INFO  verifyingPriceSilderFunctionality_Tablet_20-29-41 - [verifyingPriceSilderFunctionality_Tablet_20-29-41] Price Check <= Max & >= Min  Product Price is ->103900.0
20:29:55 [TestNG-test-Test-1] INFO  verifyingPriceSilderFunctionality_Tablet_20-29-41 - [verifyingPriceSilderFunctionality_Tablet_20-29-41] Min Price Applied is  88500.0   Product Price is 1,03,900  Max Price Applied is 220700.0
20:29:55 [TestNG-test-Test-1] INFO  verifyingPriceSilderFunctionality_Tablet_20-29-41 - [verifyingPriceSilderFunctionality_Tablet_20-29-41] Price Check <= Max & >= Min  Product Price is ->103900.0
20:29:55 [TestNG-test-Test-1] INFO  verifyingPriceSilderFunctionality_Tablet_20-29-41 - [verifyingPriceSilderFunctionality_Tablet_20-29-41] Min Price Applied is  88500.0   Product Price is 1,03,900  Max Price Applied is 220700.0
20:29:55 [TestNG-test-Test-1] INFO  verifyingPriceSilderFunctionality_Tablet_20-29-41 - [verifyingPriceSilderFunctionality_Tablet_20-29-41] Price Check <= Max & >= Min  Product Price is ->101900.0
20:29:55 [TestNG-test-Test-1] INFO  verifyingPriceSilderFunctionality_Tablet_20-29-41 - [verifyingPriceSilderFunctionality_Tablet_20-29-41] Min Price Applied is  88500.0   Product Price is 1,01,900  Max Price Applied is 220700.0
20:29:55 [TestNG-test-Test-1] INFO  verifyingPriceSilderFunctionality_Tablet_20-29-41 - [verifyingPriceSilderFunctionality_Tablet_20-29-41] Price Check <= Max & >= Min  Product Price is ->109900.0
20:29:55 [TestNG-test-Test-1] INFO  verifyingPriceSilderFunctionality_Tablet_20-29-41 - [verifyingPriceSilderFunctionality_Tablet_20-29-41] Min Price Applied is  88500.0   Product Price is 1,09,900  Max Price Applied is 220700.0
20:29:55 [TestNG-test-Test-1] INFO  verifyingPriceSilderFunctionality_Tablet_20-29-41 - [verifyingPriceSilderFunctionality_Tablet_20-29-41] Price Check <= Max & >= Min  Product Price is ->93988.0
20:29:55 [TestNG-test-Test-1] INFO  verifyingPriceSilderFunctionality_Tablet_20-29-41 - [verifyingPriceSilderFunctionality_Tablet_20-29-41] Min Price Applied is  88500.0   Product Price is 93,988  Max Price Applied is 220700.0
20:29:55 [TestNG-test-Test-1] INFO  verifyingPriceSilderFunctionality_Tablet_20-29-41 - [verifyingPriceSilderFunctionality_Tablet_20-29-41] Price Check <= Max & >= Min  Product Price is ->99013.0
20:29:55 [TestNG-test-Test-1] INFO  verifyingPriceSilderFunctionality_Tablet_20-29-41 - [verifyingPriceSilderFunctionality_Tablet_20-29-41] Min Price Applied is  88500.0   Product Price is 99,013  Max Price Applied is 220700.0
20:29:55 [TestNG-test-Test-1] INFO  verifyingPriceSilderFunctionality_Tablet_20-29-41 - [verifyingPriceSilderFunctionality_Tablet_20-29-41] Price Check <= Max & >= Min  Product Price is ->89999.0
20:29:55 [TestNG-test-Test-1] INFO  verifyingPriceSilderFunctionality_Tablet_20-29-41 - [verifyingPriceSilderFunctionality_Tablet_20-29-41] Min Price Applied is  88500.0   Product Price is 89,999  Max Price Applied is 220700.0
20:29:55 [TestNG-test-Test-1] INFO  verifyingPriceSilderFunctionality_Tablet_20-29-41 - [verifyingPriceSilderFunctionality_Tablet_20-29-41] Price Check <= Max & >= Min  Product Price is ->155553.0
20:29:55 [TestNG-test-Test-1] INFO  verifyingPriceSilderFunctionality_Tablet_20-29-41 - [verifyingPriceSilderFunctionality_Tablet_20-29-41] Min Price Applied is  88500.0   Product Price is 1,55,553  Max Price Applied is 220700.0
20:29:55 [TestNG-test-Test-1] INFO  verifyingPriceSilderFunctionality_Tablet_20-29-41 - [verifyingPriceSilderFunctionality_Tablet_20-29-41] Price Check <= Max & >= Min  Product Price is ->109900.0
20:29:55 [TestNG-test-Test-1] INFO  verifyingPriceSilderFunctionality_Tablet_20-29-41 - [verifyingPriceSilderFunctionality_Tablet_20-29-41] Min Price Applied is  88500.0   Product Price is 1,09,900  Max Price Applied is 220700.0
20:29:55 [TestNG-test-Test-1] INFO  verifyingPriceSilderFunctionality_Tablet_20-29-41 - [verifyingPriceSilderFunctionality_Tablet_20-29-41] Price Check <= Max & >= Min  Product Price is ->91109.0
20:29:55 [TestNG-test-Test-1] INFO  verifyingPriceSilderFunctionality_Tablet_20-29-41 - [verifyingPriceSilderFunctionality_Tablet_20-29-41] Min Price Applied is  88500.0   Product Price is 91,109  Max Price Applied is 220700.0
20:29:55 [TestNG-test-Test-1] INFO  verifyingPriceSilderFunctionality_Tablet_20-29-41 - [verifyingPriceSilderFunctionality_Tablet_20-29-41] Price Check <= Max & >= Min  Product Price is ->107900.0
20:29:55 [TestNG-test-Test-1] INFO  verifyingPriceSilderFunctionality_Tablet_20-29-41 - [verifyingPriceSilderFunctionality_Tablet_20-29-41] Min Price Applied is  88500.0   Product Price is 1,07,900  Max Price Applied is 220700.0
20:29:55 [TestNG-test-Test-1] INFO  verifyingPriceSilderFunctionality_Tablet_20-29-41 - [verifyingPriceSilderFunctionality_Tablet_20-29-41] Price Check <= Max & >= Min  Product Price is ->109900.0
20:29:55 [TestNG-test-Test-1] INFO  verifyingPriceSilderFunctionality_Tablet_20-29-41 - [verifyingPriceSilderFunctionality_Tablet_20-29-41] Min Price Applied is  88500.0   Product Price is 1,09,900  Max Price Applied is 220700.0
20:29:55 [TestNG-test-Test-1] INFO  verifyingPriceSilderFunctionality_Tablet_20-29-41 - [verifyingPriceSilderFunctionality_Tablet_20-29-41] Adding the data 'min','max','isValid' ,'mismatches' to 'result' Map->161
20:29:55 [TestNG-test-Test-1] INFO  verifyingPriceSilderFunctionality_Tablet_20-29-41 - [verifyingPriceSilderFunctionality_Tablet_20-29-41] Adding the 'results'  Map to the master 'allResults' i.e is List of maps->161
20:29:55 [TestNG-test-Test-1] INFO  verifyingPriceSilderFunctionality_Tablet_20-29-41 - [verifyingPriceSilderFunctionality_Tablet_20-29-41] Returning the data here in the end
20:29:55 [TestNG-test-Test-1] INFO  verifyingPriceSilderFunctionality_Tablet_20-29-41 - [verifyingPriceSilderFunctionality_Tablet_20-29-41]  Price range validated successfully: 61 - 81
20:29:55 [TestNG-test-Test-1] INFO  verifyingPriceSilderFunctionality_Tablet_20-29-41 - [verifyingPriceSilderFunctionality_Tablet_20-29-41] ------------------------------------------------------------
20:29:55 [TestNG-test-Test-1] INFO  verifyingPriceSilderFunctionality_Tablet_20-29-41 - [verifyingPriceSilderFunctionality_Tablet_20-29-41]  Price range validated successfully: 91 - 121
20:29:55 [TestNG-test-Test-1] INFO  verifyingPriceSilderFunctionality_Tablet_20-29-41 - [verifyingPriceSilderFunctionality_Tablet_20-29-41] ------------------------------------------------------------
20:29:55 [TestNG-test-Test-1] INFO  verifyingPriceSilderFunctionality_Tablet_20-29-41 - [verifyingPriceSilderFunctionality_Tablet_20-29-41]  Price range validated successfully: 131 - 161
20:29:55 [TestNG-test-Test-1] INFO  verifyingPriceSilderFunctionality_Tablet_20-29-41 - [verifyingPriceSilderFunctionality_Tablet_20-29-41] ------------------------------------------------------------
20:29:55 [TestNG-test-Test-1] INFO  verifyingPriceSilderFunctionality_Tablet_20-29-41 - [verifyingPriceSilderFunctionality_Tablet_20-29-41]  Asserting all soft assertions now...
