19:14:52 [TestNG-test-Test-3] INFO  verifyingFreeDeliveryFilterFunctionality_Tablet_19-14-52 - No existing WebDriver found for current thread. Initializing a new ChromeDriver...
19:14:52 [TestNG-test-Test-3] INFO  verifyingFreeDeliveryFilterFunctionality_Tablet_19-14-52 - WebDriverManager: chromedriver setup OK
19:14:53 [TestNG-test-Test-3] INFO  verifyingFreeDeliveryFilterFunctionality_Tablet_19-14-52 - ChromeDriver initialized successfully for thread: 36
19:14:53 [TestNG-test-Test-3] INFO  verifyingFreeDeliveryFilterFunctionality_Tablet_19-14-52 - [verifyingFreeDeliveryFilterFunctionality_Tablet_19-14-52] Opening amazon Landing page
19:14:53 [TestNG-test-Test-3] INFO  verifyingFreeDeliveryFilterFunctionality_Tablet_19-14-52 - [verifyingFreeDeliveryFilterFunctionality_Tablet_19-14-52] Within safeFindElement method
19:14:59 [TestNG-test-Test-3] INFO  verifyingFreeDeliveryFilterFunctionality_Tablet_19-14-52 - [verifyingFreeDeliveryFilterFunctionality_Tablet_19-14-52]Retrying findElement for: ->By.xpath: //a[@id='nav-logo-sprites']
19:14:59 [TestNG-test-Test-3] INFO  verifyingFreeDeliveryFilterFunctionality_Tablet_19-14-52 - [verifyingFreeDeliveryFilterFunctionality_Tablet_19-14-52]Refrehsing the page , while trying to safely find : ->By.xpath: //a[@id='nav-logo-sprites']
19:15:01 [TestNG-test-Test-3] INFO  verifyingFreeDeliveryFilterFunctionality_Tablet_19-14-52 - [verifyingFreeDeliveryFilterFunctionality_Tablet_19-14-52]Found the element returning it ,element ->[[ChromeDriver: chrome on windows (58254661bcdd5796869e8813ca82d9e7)] -> xpath: //a[@id='nav-logo-sprites']]
19:15:01 [TestNG-test-Test-3] INFO  verifyingFreeDeliveryFilterFunctionality_Tablet_19-14-52 - [verifyingFreeDeliveryFilterFunctionality_Tablet_19-14-52] Giving input within the search bar
19:15:01 [TestNG-test-Test-3] INFO  verifyingFreeDeliveryFilterFunctionality_Tablet_19-14-52 - [verifyingFreeDeliveryFilterFunctionality_Tablet_19-14-52] Within safeClick method
19:15:03 [TestNG-test-Test-3] INFO  verifyingFreeDeliveryFilterFunctionality_Tablet_19-14-52 - [verifyingFreeDeliveryFilterFunctionality_Tablet_19-14-52] Clicked the  [[ChromeDriver: chrome on windows (58254661bcdd5796869e8813ca82d9e7)] -> xpath: //input[@id='nav-search-submit-button']]   using safeClick
19:15:03 [TestNG-test-Test-3] INFO  verifyingFreeDeliveryFilterFunctionality_Tablet_19-14-52 - [verifyingFreeDeliveryFilterFunctionality_Tablet_19-14-52] Clicking on the submit in the search bar
19:15:03 [TestNG-test-Test-3] INFO  verifyingFreeDeliveryFilterFunctionality_Tablet_19-14-52 - [verifyingFreeDeliveryFilterFunctionality_Tablet_19-14-52] Waiting until element is visible in viewport
19:15:03 [TestNG-test-Test-3] INFO  verifyingFreeDeliveryFilterFunctionality_Tablet_19-14-52 - [verifyingFreeDeliveryFilterFunctionality_Tablet_19-14-52] Within validateDeliveryFilterOptionsWithResult method
19:15:03 [TestNG-test-Test-3] INFO  verifyingFreeDeliveryFilterFunctionality_Tablet_19-14-52 - [verifyingFreeDeliveryFilterFunctionality_Tablet_19-14-52] Within safeClick method
19:15:04 [TestNG-test-Test-3] INFO  verifyingFreeDeliveryFilterFunctionality_Tablet_19-14-52 - [verifyingFreeDeliveryFilterFunctionality_Tablet_19-14-52] Clicked the  [[ChromeDriver: chrome on windows (58254661bcdd5796869e8813ca82d9e7)] -> xpath: //span[@class='a-size-base a-color-base puis-bold-weight-text' and text()='Eligible for Free Delivery']/parent::div/following-sibling::ul//span[@class='a-size-base a-color-base' and text()='Free Shipping']]   using safeClick
19:15:04 [TestNG-test-Test-3] INFO  verifyingFreeDeliveryFilterFunctionality_Tablet_19-14-52 - [verifyingFreeDeliveryFilterFunctionality_Tablet_19-14-52] Within getMoreButtonByFilterTypeAndName method
19:15:04 [TestNG-test-Test-3] INFO  verifyingFreeDeliveryFilterFunctionality_Tablet_19-14-52 - [verifyingFreeDeliveryFilterFunctionality_Tablet_19-14-52] Clicked on By.xpath: //span[@class='a-size-base a-color-base puis-bold-weight-text' and text()='Eligible for Free Delivery']/parent::div/following-sibling::ul//span[@class='a-size-base a-color-base' and text()='Free Shipping']
19:15:04 [TestNG-test-Test-3] INFO  verifyingFreeDeliveryFilterFunctionality_Tablet_19-14-52 - [verifyingFreeDeliveryFilterFunctionality_Tablet_19-14-52] Within safeFindElements 
19:15:04 [TestNG-test-Test-3] INFO  verifyingFreeDeliveryFilterFunctionality_Tablet_19-14-52 - [verifyingFreeDeliveryFilterFunctionality_Tablet_19-14-52] Returning the  [[[ChromeDriver: chrome on windows (58254661bcdd5796869e8813ca82d9e7)] -> xpath: //div[@class='a-section a-spacing-small a-spacing-top-small']], [[ChromeDriver: chrome on windows (58254661bcdd5796869e8813ca82d9e7)] -> xpath: //div[@class='a-section a-spacing-small a-spacing-top-small']]] from the safeFindElements method
19:15:04 [TestNG-test-Test-3] INFO  verifyingFreeDeliveryFilterFunctionality_Tablet_19-14-52 - [verifyingFreeDeliveryFilterFunctionality_Tablet_19-14-52] Created hashset with required data to assert with Within validateDeliveryFilterOptions method
19:15:04 [TestNG-test-Test-3] INFO  verifyingFreeDeliveryFilterFunctionality_Tablet_19-14-52 - [verifyingFreeDeliveryFilterFunctionality_Tablet_19-14-52] this is the set  [11, Jul, 12, Today, FREE delivery, Sat, Sun, Tomorrow]
19:15:04 [TestNG-test-Test-3] INFO  verifyingFreeDeliveryFilterFunctionality_Tablet_19-14-52 - [verifyingFreeDeliveryFilterFunctionality_Tablet_19-14-52] Within deliveryElements loop iterating over the products  Within validateDeliveryFilterOptions method
19:15:04 [TestNG-test-Test-3] INFO  verifyingFreeDeliveryFilterFunctionality_Tablet_19-14-52 - [verifyingFreeDeliveryFilterFunctionality_Tablet_19-14-52] Checking if the allowedDateParts have the assert text   Within validateDeliveryFilterOptions method
19:15:04 [TestNG-test-Test-3] INFO  verifyingFreeDeliveryFilterFunctionality_Tablet_19-14-52 - [verifyingFreeDeliveryFilterFunctionality_Tablet_19-14-52] Within deliveryElements loop iterating over the products  Within validateDeliveryFilterOptions method
19:15:04 [TestNG-test-Test-3] INFO  verifyingFreeDeliveryFilterFunctionality_Tablet_19-14-52 - [verifyingFreeDeliveryFilterFunctionality_Tablet_19-14-52] Checking if the allowedDateParts have the assert text   Within validateDeliveryFilterOptions method
19:15:04 [TestNG-test-Test-3] INFO  verifyingFreeDeliveryFilterFunctionality_Tablet_19-14-52 - [verifyingFreeDeliveryFilterFunctionality_Tablet_19-14-52] Returning the list with boolean values   Within validateDeliveryFilterOptions method
19:15:04 [TestNG-test-Test-3] INFO  verifyingFreeDeliveryFilterFunctionality_Tablet_19-14-52 - [verifyingFreeDeliveryFilterFunctionality_Tablet_19-14-52] Asserting delivery filter: isValid=true, index=-1, text=All the things are valid no errors
