20:05:21 [TestNG-test-Test-3] INFO  verifyingGetItByTomorrowFilterFunctionality_Laptop_20-05-21 - No existing WebDriver found for current thread. Initializing a new ChromeDriver...
20:05:21 [TestNG-test-Test-3] INFO  verifyingGetItByTomorrowFilterFunctionality_Laptop_20-05-21 - WebDriverManager: chromedriver setup OK
20:05:22 [TestNG-test-Test-3] INFO  verifyingGetItByTomorrowFilterFunctionality_Laptop_20-05-21 - ChromeDriver initialized successfully for thread: 36
20:05:25 [TestNG-test-Test-3] INFO  verifyingGetItByTomorrowFilterFunctionality_Laptop_20-05-21 - [verifyingGetItByTomorrowFilterFunctionality_Laptop_20-05-21] Opening amazon Landing page
20:05:25 [TestNG-test-Test-3] INFO  verifyingGetItByTomorrowFilterFunctionality_Laptop_20-05-21 - [verifyingGetItByTomorrowFilterFunctionality_Laptop_20-05-21] Within safeFindElement method
20:05:26 [TestNG-test-Test-3] INFO  verifyingGetItByTomorrowFilterFunctionality_Laptop_20-05-21 - [verifyingGetItByTomorrowFilterFunctionality_Laptop_20-05-21]Found the element returning it ,element ->[[ChromeDriver: chrome on windows (3689a205d690ed33915b28b572d54170)] -> xpath: //a[@id='nav-logo-sprites']]
20:05:27 [TestNG-test-Test-3] INFO  verifyingGetItByTomorrowFilterFunctionality_Laptop_20-05-21 - [verifyingGetItByTomorrowFilterFunctionality_Laptop_20-05-21] Giving input within the search bar
20:05:27 [TestNG-test-Test-3] INFO  verifyingGetItByTomorrowFilterFunctionality_Laptop_20-05-21 - [verifyingGetItByTomorrowFilterFunctionality_Laptop_20-05-21] Within safeClick method
20:05:29 [TestNG-test-Test-3] INFO  verifyingGetItByTomorrowFilterFunctionality_Laptop_20-05-21 - [verifyingGetItByTomorrowFilterFunctionality_Laptop_20-05-21] Clicked the  [[ChromeDriver: chrome on windows (3689a205d690ed33915b28b572d54170)] -> xpath: //input[@id='nav-search-submit-button']]   using safeClick
20:05:29 [TestNG-test-Test-3] INFO  verifyingGetItByTomorrowFilterFunctionality_Laptop_20-05-21 - [verifyingGetItByTomorrowFilterFunctionality_Laptop_20-05-21] Clicking on the submit in the search bar
20:05:30 [TestNG-test-Test-3] INFO  verifyingGetItByTomorrowFilterFunctionality_Laptop_20-05-21 - [verifyingGetItByTomorrowFilterFunctionality_Laptop_20-05-21] Waiting until element is visible in viewport
20:05:30 [TestNG-test-Test-3] INFO  verifyingGetItByTomorrowFilterFunctionality_Laptop_20-05-21 - [verifyingGetItByTomorrowFilterFunctionality_Laptop_20-05-21] Within validateDeliveryFilterOptionsWithResult method
20:05:30 [TestNG-test-Test-3] INFO  verifyingGetItByTomorrowFilterFunctionality_Laptop_20-05-21 - [verifyingGetItByTomorrowFilterFunctionality_Laptop_20-05-21] Within safeClick method
20:05:30 [TestNG-test-Test-3] INFO  verifyingGetItByTomorrowFilterFunctionality_Laptop_20-05-21 - [verifyingGetItByTomorrowFilterFunctionality_Laptop_20-05-21] Clicked the  [[ChromeDriver: chrome on windows (3689a205d690ed33915b28b572d54170)] -> xpath: //span[@class='a-size-base a-color-base puis-bold-weight-text' and text()='Delivery Day']/parent::div/following-sibling::ul//span[@class='a-size-base a-color-base' and text()='Get It by Tomorrow']]   using safeClick
20:05:30 [TestNG-test-Test-3] INFO  verifyingGetItByTomorrowFilterFunctionality_Laptop_20-05-21 - [verifyingGetItByTomorrowFilterFunctionality_Laptop_20-05-21] Within getMoreButtonByFilterTypeAndName method
20:05:30 [TestNG-test-Test-3] INFO  verifyingGetItByTomorrowFilterFunctionality_Laptop_20-05-21 - [verifyingGetItByTomorrowFilterFunctionality_Laptop_20-05-21] Clicked on By.xpath: //span[@class='a-size-base a-color-base puis-bold-weight-text' and text()='Delivery Day']/parent::div/following-sibling::ul//span[@class='a-size-base a-color-base' and text()='Get It by Tomorrow']
20:05:30 [TestNG-test-Test-3] INFO  verifyingGetItByTomorrowFilterFunctionality_Laptop_20-05-21 - [verifyingGetItByTomorrowFilterFunctionality_Laptop_20-05-21] Within safeFindElements 
20:05:31 [TestNG-test-Test-3] INFO  verifyingGetItByTomorrowFilterFunctionality_Laptop_20-05-21 - [verifyingGetItByTomorrowFilterFunctionality_Laptop_20-05-21] Returning the  [[[ChromeDriver: chrome on windows (3689a205d690ed33915b28b572d54170)] -> xpath: //div[@class='a-section a-spacing-small a-spacing-top-small']], [[ChromeDriver: chrome on windows (3689a205d690ed33915b28b572d54170)] -> xpath: //div[@class='a-section a-spacing-small a-spacing-top-small']], [[ChromeDriver: chrome on windows (3689a205d690ed33915b28b572d54170)] -> xpath: //div[@class='a-section a-spacing-small a-spacing-top-small']], [[ChromeDriver: chrome on windows (3689a205d690ed33915b28b572d54170)] -> xpath: //div[@class='a-section a-spacing-small a-spacing-top-small']], [[ChromeDriver: chrome on windows (3689a205d690ed33915b28b572d54170)] -> xpath: //div[@class='a-section a-spacing-small a-spacing-top-small']], [[ChromeDriver: chrome on windows (3689a205d690ed33915b28b572d54170)] -> xpath: //div[@class='a-section a-spacing-small a-spacing-top-small']], [[ChromeDriver: chrome on windows (3689a205d690ed33915b28b572d54170)] -> xpath: //div[@class='a-section a-spacing-small a-spacing-top-small']], [[ChromeDriver: chrome on windows (3689a205d690ed33915b28b572d54170)] -> xpath: //div[@class='a-section a-spacing-small a-spacing-top-small']]] from the safeFindElements method
20:05:31 [TestNG-test-Test-3] INFO  verifyingGetItByTomorrowFilterFunctionality_Laptop_20-05-21 - [verifyingGetItByTomorrowFilterFunctionality_Laptop_20-05-21] Created hashset with required data to assert with Within validateDeliveryFilterOptions method
20:05:31 [TestNG-test-Test-3] INFO  verifyingGetItByTomorrowFilterFunctionality_Laptop_20-05-21 - [verifyingGetItByTomorrowFilterFunctionality_Laptop_20-05-21] this is the set  [Jul, Today, 27, Tue, FREE delivery, 28, Mon, Tomorrow]
20:05:31 [TestNG-test-Test-3] INFO  verifyingGetItByTomorrowFilterFunctionality_Laptop_20-05-21 - [verifyingGetItByTomorrowFilterFunctionality_Laptop_20-05-21] Within deliveryElements loop iterating over the products  Within validateDeliveryFilterOptions method
20:05:31 [TestNG-test-Test-3] INFO  verifyingGetItByTomorrowFilterFunctionality_Laptop_20-05-21 - [verifyingGetItByTomorrowFilterFunctionality_Laptop_20-05-21] Checking if the allowedDateParts have the assert text   Within validateDeliveryFilterOptions method
20:05:31 [TestNG-test-Test-3] INFO  verifyingGetItByTomorrowFilterFunctionality_Laptop_20-05-21 - [verifyingGetItByTomorrowFilterFunctionality_Laptop_20-05-21] Within deliveryElements loop iterating over the products  Within validateDeliveryFilterOptions method
20:05:31 [TestNG-test-Test-3] INFO  verifyingGetItByTomorrowFilterFunctionality_Laptop_20-05-21 - [verifyingGetItByTomorrowFilterFunctionality_Laptop_20-05-21] Checking if the allowedDateParts have the assert text   Within validateDeliveryFilterOptions method
20:05:31 [TestNG-test-Test-3] INFO  verifyingGetItByTomorrowFilterFunctionality_Laptop_20-05-21 - [verifyingGetItByTomorrowFilterFunctionality_Laptop_20-05-21] Within deliveryElements loop iterating over the products  Within validateDeliveryFilterOptions method
20:05:31 [TestNG-test-Test-3] INFO  verifyingGetItByTomorrowFilterFunctionality_Laptop_20-05-21 - [verifyingGetItByTomorrowFilterFunctionality_Laptop_20-05-21] Checking if the allowedDateParts have the assert text   Within validateDeliveryFilterOptions method
20:05:31 [TestNG-test-Test-3] INFO  verifyingGetItByTomorrowFilterFunctionality_Laptop_20-05-21 - [verifyingGetItByTomorrowFilterFunctionality_Laptop_20-05-21] Within deliveryElements loop iterating over the products  Within validateDeliveryFilterOptions method
20:05:31 [TestNG-test-Test-3] INFO  verifyingGetItByTomorrowFilterFunctionality_Laptop_20-05-21 - [verifyingGetItByTomorrowFilterFunctionality_Laptop_20-05-21] Checking if the allowedDateParts have the assert text   Within validateDeliveryFilterOptions method
20:05:31 [TestNG-test-Test-3] INFO  verifyingGetItByTomorrowFilterFunctionality_Laptop_20-05-21 - [verifyingGetItByTomorrowFilterFunctionality_Laptop_20-05-21] Within deliveryElements loop iterating over the products  Within validateDeliveryFilterOptions method
20:05:31 [TestNG-test-Test-3] INFO  verifyingGetItByTomorrowFilterFunctionality_Laptop_20-05-21 - [verifyingGetItByTomorrowFilterFunctionality_Laptop_20-05-21] Checking if the allowedDateParts have the assert text   Within validateDeliveryFilterOptions method
20:05:31 [TestNG-test-Test-3] INFO  verifyingGetItByTomorrowFilterFunctionality_Laptop_20-05-21 - [verifyingGetItByTomorrowFilterFunctionality_Laptop_20-05-21] Within deliveryElements loop iterating over the products  Within validateDeliveryFilterOptions method
20:05:31 [TestNG-test-Test-3] INFO  verifyingGetItByTomorrowFilterFunctionality_Laptop_20-05-21 - [verifyingGetItByTomorrowFilterFunctionality_Laptop_20-05-21] Checking if the allowedDateParts have the assert text   Within validateDeliveryFilterOptions method
20:05:31 [TestNG-test-Test-3] INFO  verifyingGetItByTomorrowFilterFunctionality_Laptop_20-05-21 - [verifyingGetItByTomorrowFilterFunctionality_Laptop_20-05-21] Within deliveryElements loop iterating over the products  Within validateDeliveryFilterOptions method
20:05:31 [TestNG-test-Test-3] INFO  verifyingGetItByTomorrowFilterFunctionality_Laptop_20-05-21 - [verifyingGetItByTomorrowFilterFunctionality_Laptop_20-05-21] Checking if the allowedDateParts have the assert text   Within validateDeliveryFilterOptions method
20:05:31 [TestNG-test-Test-3] INFO  verifyingGetItByTomorrowFilterFunctionality_Laptop_20-05-21 - [verifyingGetItByTomorrowFilterFunctionality_Laptop_20-05-21] Within deliveryElements loop iterating over the products  Within validateDeliveryFilterOptions method
20:05:31 [TestNG-test-Test-3] INFO  verifyingGetItByTomorrowFilterFunctionality_Laptop_20-05-21 - [verifyingGetItByTomorrowFilterFunctionality_Laptop_20-05-21] Checking if the allowedDateParts have the assert text   Within validateDeliveryFilterOptions method
20:05:31 [TestNG-test-Test-3] INFO  verifyingGetItByTomorrowFilterFunctionality_Laptop_20-05-21 - [verifyingGetItByTomorrowFilterFunctionality_Laptop_20-05-21] Returning the list with boolean values   Within validateDeliveryFilterOptions method
20:05:31 [TestNG-test-Test-3] INFO  verifyingGetItByTomorrowFilterFunctionality_Laptop_20-05-21 - [verifyingGetItByTomorrowFilterFunctionality_Laptop_20-05-21] Asserting delivery filter: isValid=true, index=-1, text=All the things are valid no errors
