19:26:57 [TestNG-test-Test-3] INFO  verifyingGetItByTomorrowFilterFunctionality_Tablet_19-26-57 - No existing WebDriver found for current thread. Initializing a new ChromeDriver...
19:26:57 [TestNG-test-Test-3] INFO  verifyingGetItByTomorrowFilterFunctionality_Tablet_19-26-57 - WebDriverManager: chromedriver setup OK
19:26:59 [TestNG-test-Test-3] INFO  verifyingGetItByTomorrowFilterFunctionality_Tablet_19-26-57 - ChromeDriver initialized successfully for thread: 36
19:27:04 [TestNG-test-Test-3] INFO  verifyingGetItByTomorrowFilterFunctionality_Tablet_19-26-57 - [verifyingGetItByTomorrowFilterFunctionality_Tablet_19-26-57] Opening amazon Landing page
19:27:04 [TestNG-test-Test-3] INFO  verifyingGetItByTomorrowFilterFunctionality_Tablet_19-26-57 - [verifyingGetItByTomorrowFilterFunctionality_Tablet_19-26-57] Within safeFindElement method
19:27:05 [TestNG-test-Test-3] INFO  verifyingGetItByTomorrowFilterFunctionality_Tablet_19-26-57 - [verifyingGetItByTomorrowFilterFunctionality_Tablet_19-26-57]Found the element returning it ,element ->[[ChromeDriver: chrome on windows (8482b3f8794fc4c43a20d2a0f144cd8a)] -> xpath: //a[@id='nav-logo-sprites']]
19:27:06 [TestNG-test-Test-3] INFO  verifyingGetItByTomorrowFilterFunctionality_Tablet_19-26-57 - [verifyingGetItByTomorrowFilterFunctionality_Tablet_19-26-57] Giving input within the search bar
19:27:06 [TestNG-test-Test-3] INFO  verifyingGetItByTomorrowFilterFunctionality_Tablet_19-26-57 - [verifyingGetItByTomorrowFilterFunctionality_Tablet_19-26-57] Within safeClick method
19:27:08 [TestNG-test-Test-3] INFO  verifyingGetItByTomorrowFilterFunctionality_Tablet_19-26-57 - [verifyingGetItByTomorrowFilterFunctionality_Tablet_19-26-57] Clicked the  [[ChromeDriver: chrome on windows (8482b3f8794fc4c43a20d2a0f144cd8a)] -> xpath: //input[@id='nav-search-submit-button']]   using safeClick
19:27:08 [TestNG-test-Test-3] INFO  verifyingGetItByTomorrowFilterFunctionality_Tablet_19-26-57 - [verifyingGetItByTomorrowFilterFunctionality_Tablet_19-26-57] Clicking on the submit in the search bar
19:27:09 [TestNG-test-Test-3] INFO  verifyingGetItByTomorrowFilterFunctionality_Tablet_19-26-57 - [verifyingGetItByTomorrowFilterFunctionality_Tablet_19-26-57] Waiting until element is visible in viewport
19:27:09 [TestNG-test-Test-3] INFO  verifyingGetItByTomorrowFilterFunctionality_Tablet_19-26-57 - [verifyingGetItByTomorrowFilterFunctionality_Tablet_19-26-57] Within validateDeliveryFilterOptionsWithResult method
19:27:09 [TestNG-test-Test-3] INFO  verifyingGetItByTomorrowFilterFunctionality_Tablet_19-26-57 - [verifyingGetItByTomorrowFilterFunctionality_Tablet_19-26-57] Within safeClick method
19:27:09 [TestNG-test-Test-3] INFO  verifyingGetItByTomorrowFilterFunctionality_Tablet_19-26-57 - [verifyingGetItByTomorrowFilterFunctionality_Tablet_19-26-57] Clicked the  [[ChromeDriver: chrome on windows (8482b3f8794fc4c43a20d2a0f144cd8a)] -> xpath: //span[@class='a-size-base a-color-base puis-bold-weight-text' and text()='Delivery Day']/parent::div/following-sibling::ul//span[@class='a-size-base a-color-base' and text()='Get It by Tomorrow']]   using safeClick
19:27:09 [TestNG-test-Test-3] INFO  verifyingGetItByTomorrowFilterFunctionality_Tablet_19-26-57 - [verifyingGetItByTomorrowFilterFunctionality_Tablet_19-26-57] Within getMoreButtonByFilterTypeAndName method
19:27:09 [TestNG-test-Test-3] INFO  verifyingGetItByTomorrowFilterFunctionality_Tablet_19-26-57 - [verifyingGetItByTomorrowFilterFunctionality_Tablet_19-26-57] Clicked on By.xpath: //span[@class='a-size-base a-color-base puis-bold-weight-text' and text()='Delivery Day']/parent::div/following-sibling::ul//span[@class='a-size-base a-color-base' and text()='Get It by Tomorrow']
19:27:09 [TestNG-test-Test-3] INFO  verifyingGetItByTomorrowFilterFunctionality_Tablet_19-26-57 - [verifyingGetItByTomorrowFilterFunctionality_Tablet_19-26-57] Within safeFindElements 
19:27:10 [TestNG-test-Test-3] INFO  verifyingGetItByTomorrowFilterFunctionality_Tablet_19-26-57 - [verifyingGetItByTomorrowFilterFunctionality_Tablet_19-26-57] Returning the  [[[ChromeDriver: chrome on windows (8482b3f8794fc4c43a20d2a0f144cd8a)] -> xpath: //div[@class='a-section a-spacing-small a-spacing-top-small']], [[ChromeDriver: chrome on windows (8482b3f8794fc4c43a20d2a0f144cd8a)] -> xpath: //div[@class='a-section a-spacing-small a-spacing-top-small']], [[ChromeDriver: chrome on windows (8482b3f8794fc4c43a20d2a0f144cd8a)] -> xpath: //div[@class='a-section a-spacing-small a-spacing-top-small']]] from the safeFindElements method
19:27:10 [TestNG-test-Test-3] INFO  verifyingGetItByTomorrowFilterFunctionality_Tablet_19-26-57 - [verifyingGetItByTomorrowFilterFunctionality_Tablet_19-26-57] Created hashset with required data to assert with Within validateDeliveryFilterOptions method
19:27:10 [TestNG-test-Test-3] INFO  verifyingGetItByTomorrowFilterFunctionality_Tablet_19-26-57 - [verifyingGetItByTomorrowFilterFunctionality_Tablet_19-26-57] this is the set  [Thu, 12, Aug, 13, Today, FREE delivery, Wed, Tomorrow]
19:27:10 [TestNG-test-Test-3] INFO  verifyingGetItByTomorrowFilterFunctionality_Tablet_19-26-57 - [verifyingGetItByTomorrowFilterFunctionality_Tablet_19-26-57] Within deliveryElements loop iterating over the products  Within validateDeliveryFilterOptions method
19:27:10 [TestNG-test-Test-3] INFO  verifyingGetItByTomorrowFilterFunctionality_Tablet_19-26-57 - [verifyingGetItByTomorrowFilterFunctionality_Tablet_19-26-57] Checking if the allowedDateParts have the assert text   Within validateDeliveryFilterOptions method
19:27:10 [TestNG-test-Test-3] INFO  verifyingGetItByTomorrowFilterFunctionality_Tablet_19-26-57 - [verifyingGetItByTomorrowFilterFunctionality_Tablet_19-26-57] Within deliveryElements loop iterating over the products  Within validateDeliveryFilterOptions method
19:27:10 [TestNG-test-Test-3] INFO  verifyingGetItByTomorrowFilterFunctionality_Tablet_19-26-57 - [verifyingGetItByTomorrowFilterFunctionality_Tablet_19-26-57] Checking if the allowedDateParts have the assert text   Within validateDeliveryFilterOptions method
19:27:10 [TestNG-test-Test-3] INFO  verifyingGetItByTomorrowFilterFunctionality_Tablet_19-26-57 - [verifyingGetItByTomorrowFilterFunctionality_Tablet_19-26-57] Within deliveryElements loop iterating over the products  Within validateDeliveryFilterOptions method
19:27:10 [TestNG-test-Test-3] INFO  verifyingGetItByTomorrowFilterFunctionality_Tablet_19-26-57 - [verifyingGetItByTomorrowFilterFunctionality_Tablet_19-26-57] Checking if the allowedDateParts have the assert text   Within validateDeliveryFilterOptions method
19:27:10 [TestNG-test-Test-3] INFO  verifyingGetItByTomorrowFilterFunctionality_Tablet_19-26-57 - [verifyingGetItByTomorrowFilterFunctionality_Tablet_19-26-57] Returning the list with boolean values   Within validateDeliveryFilterOptions method
19:27:10 [TestNG-test-Test-3] INFO  verifyingGetItByTomorrowFilterFunctionality_Tablet_19-26-57 - [verifyingGetItByTomorrowFilterFunctionality_Tablet_19-26-57] Asserting delivery filter: isValid=true, index=-1, text=All the things are valid no errors
