19:51:10 [TestNG-test-Test-3] INFO  verifyingGetItIn2DaysFilterFunctionality_Tablet_19-51-10 - No existing WebDriver found for current thread. Initializing a new ChromeDriver...
19:51:10 [TestNG-test-Test-3] INFO  verifyingGetItIn2DaysFilterFunctionality_Tablet_19-51-10 - WebDriverManager: chromedriver setup OK
19:51:11 [TestNG-test-Test-3] INFO  verifyingGetItIn2DaysFilterFunctionality_Tablet_19-51-10 - ChromeDriver initialized successfully for thread: 36
19:51:12 [TestNG-test-Test-3] INFO  verifyingGetItIn2DaysFilterFunctionality_Tablet_19-51-10 - [verifyingGetItIn2DaysFilterFunctionality_Tablet_19-51-10] Opening amazon Landing page
19:51:12 [TestNG-test-Test-3] INFO  verifyingGetItIn2DaysFilterFunctionality_Tablet_19-51-10 - [verifyingGetItIn2DaysFilterFunctionality_Tablet_19-51-10] Within safeFindElement method
19:51:17 [TestNG-test-Test-3] INFO  verifyingGetItIn2DaysFilterFunctionality_Tablet_19-51-10 - [verifyingGetItIn2DaysFilterFunctionality_Tablet_19-51-10]Retrying findElement for: ->By.xpath: //a[@id='nav-logo-sprites']
19:51:19 [TestNG-test-Test-3] INFO  verifyingGetItIn2DaysFilterFunctionality_Tablet_19-51-10 - [verifyingGetItIn2DaysFilterFunctionality_Tablet_19-51-10]Refrehsing the page , while trying to safely find : ->By.xpath: //a[@id='nav-logo-sprites']
19:51:20 [TestNG-test-Test-3] INFO  verifyingGetItIn2DaysFilterFunctionality_Tablet_19-51-10 - [verifyingGetItIn2DaysFilterFunctionality_Tablet_19-51-10]Found the element returning it ,element ->[[ChromeDriver: chrome on windows (9bd16881a71957be226b37f6f61e0818)] -> xpath: //a[@id='nav-logo-sprites']]
19:51:21 [TestNG-test-Test-3] INFO  verifyingGetItIn2DaysFilterFunctionality_Tablet_19-51-10 - [verifyingGetItIn2DaysFilterFunctionality_Tablet_19-51-10] Giving input within the search bar
19:51:21 [TestNG-test-Test-3] INFO  verifyingGetItIn2DaysFilterFunctionality_Tablet_19-51-10 - [verifyingGetItIn2DaysFilterFunctionality_Tablet_19-51-10] Within safeClick method
19:51:22 [TestNG-test-Test-3] INFO  verifyingGetItIn2DaysFilterFunctionality_Tablet_19-51-10 - [verifyingGetItIn2DaysFilterFunctionality_Tablet_19-51-10] Clicked the  [[ChromeDriver: chrome on windows (9bd16881a71957be226b37f6f61e0818)] -> xpath: //input[@id='nav-search-submit-button']]   using safeClick
19:51:22 [TestNG-test-Test-3] INFO  verifyingGetItIn2DaysFilterFunctionality_Tablet_19-51-10 - [verifyingGetItIn2DaysFilterFunctionality_Tablet_19-51-10] Clicking on the submit in the search bar
19:51:24 [TestNG-test-Test-3] INFO  verifyingGetItIn2DaysFilterFunctionality_Tablet_19-51-10 - [verifyingGetItIn2DaysFilterFunctionality_Tablet_19-51-10] Waiting until element is visible in viewport
19:51:24 [TestNG-test-Test-3] INFO  verifyingGetItIn2DaysFilterFunctionality_Tablet_19-51-10 - [verifyingGetItIn2DaysFilterFunctionality_Tablet_19-51-10] Within validateDeliveryFilterOptionsWithResult method
19:51:24 [TestNG-test-Test-3] INFO  verifyingGetItIn2DaysFilterFunctionality_Tablet_19-51-10 - [verifyingGetItIn2DaysFilterFunctionality_Tablet_19-51-10] Within safeClick method
19:51:25 [TestNG-test-Test-3] INFO  verifyingGetItIn2DaysFilterFunctionality_Tablet_19-51-10 - [verifyingGetItIn2DaysFilterFunctionality_Tablet_19-51-10] Clicked the  [[ChromeDriver: chrome on windows (9bd16881a71957be226b37f6f61e0818)] -> xpath: //span[@class='a-size-base a-color-base puis-bold-weight-text' and text()='Delivery Day']/parent::div/following-sibling::ul//span[@class='a-size-base a-color-base' and text()='Get It in 2 Days']]   using safeClick
19:51:25 [TestNG-test-Test-3] INFO  verifyingGetItIn2DaysFilterFunctionality_Tablet_19-51-10 - [verifyingGetItIn2DaysFilterFunctionality_Tablet_19-51-10] Within getMoreButtonByFilterTypeAndName method
19:51:25 [TestNG-test-Test-3] INFO  verifyingGetItIn2DaysFilterFunctionality_Tablet_19-51-10 - [verifyingGetItIn2DaysFilterFunctionality_Tablet_19-51-10] Clicked on By.xpath: //span[@class='a-size-base a-color-base puis-bold-weight-text' and text()='Delivery Day']/parent::div/following-sibling::ul//span[@class='a-size-base a-color-base' and text()='Get It in 2 Days']
19:51:25 [TestNG-test-Test-3] INFO  verifyingGetItIn2DaysFilterFunctionality_Tablet_19-51-10 - [verifyingGetItIn2DaysFilterFunctionality_Tablet_19-51-10] Within safeFindElements 
19:51:25 [TestNG-test-Test-3] INFO  verifyingGetItIn2DaysFilterFunctionality_Tablet_19-51-10 - [verifyingGetItIn2DaysFilterFunctionality_Tablet_19-51-10] Returning the  [[[ChromeDriver: chrome on windows (9bd16881a71957be226b37f6f61e0818)] -> xpath: //div[@class='a-section a-spacing-small a-spacing-top-small']], [[ChromeDriver: chrome on windows (9bd16881a71957be226b37f6f61e0818)] -> xpath: //div[@class='a-section a-spacing-small a-spacing-top-small']], [[ChromeDriver: chrome on windows (9bd16881a71957be226b37f6f61e0818)] -> xpath: //div[@class='a-section a-spacing-small a-spacing-top-small']], [[ChromeDriver: chrome on windows (9bd16881a71957be226b37f6f61e0818)] -> xpath: //div[@class='a-section a-spacing-small a-spacing-top-small']], [[ChromeDriver: chrome on windows (9bd16881a71957be226b37f6f61e0818)] -> xpath: //div[@class='a-section a-spacing-small a-spacing-top-small']]] from the safeFindElements method
19:51:25 [TestNG-test-Test-3] INFO  verifyingGetItIn2DaysFilterFunctionality_Tablet_19-51-10 - [verifyingGetItIn2DaysFilterFunctionality_Tablet_19-51-10] Created hashset with required data to assert with Within validateDeliveryFilterOptions method
19:51:25 [TestNG-test-Test-3] INFO  verifyingGetItIn2DaysFilterFunctionality_Tablet_19-51-10 - [verifyingGetItIn2DaysFilterFunctionality_Tablet_19-51-10] this is the set  [Jul, 24, Today, 25, FREE delivery, Sat, Fri, Tomorrow]
19:51:25 [TestNG-test-Test-3] INFO  verifyingGetItIn2DaysFilterFunctionality_Tablet_19-51-10 - [verifyingGetItIn2DaysFilterFunctionality_Tablet_19-51-10] Within deliveryElements loop iterating over the products  Within validateDeliveryFilterOptions method
19:51:25 [TestNG-test-Test-3] INFO  verifyingGetItIn2DaysFilterFunctionality_Tablet_19-51-10 - [verifyingGetItIn2DaysFilterFunctionality_Tablet_19-51-10] Checking if the allowedDateParts have the assert text   Within validateDeliveryFilterOptions method
19:51:25 [TestNG-test-Test-3] INFO  verifyingGetItIn2DaysFilterFunctionality_Tablet_19-51-10 - [verifyingGetItIn2DaysFilterFunctionality_Tablet_19-51-10] Within deliveryElements loop iterating over the products  Within validateDeliveryFilterOptions method
19:51:25 [TestNG-test-Test-3] INFO  verifyingGetItIn2DaysFilterFunctionality_Tablet_19-51-10 - [verifyingGetItIn2DaysFilterFunctionality_Tablet_19-51-10] Checking if the allowedDateParts have the assert text   Within validateDeliveryFilterOptions method
19:51:25 [TestNG-test-Test-3] INFO  verifyingGetItIn2DaysFilterFunctionality_Tablet_19-51-10 - [verifyingGetItIn2DaysFilterFunctionality_Tablet_19-51-10] Within deliveryElements loop iterating over the products  Within validateDeliveryFilterOptions method
19:51:25 [TestNG-test-Test-3] INFO  verifyingGetItIn2DaysFilterFunctionality_Tablet_19-51-10 - [verifyingGetItIn2DaysFilterFunctionality_Tablet_19-51-10] Checking if the allowedDateParts have the assert text   Within validateDeliveryFilterOptions method
19:51:25 [TestNG-test-Test-3] INFO  verifyingGetItIn2DaysFilterFunctionality_Tablet_19-51-10 - [verifyingGetItIn2DaysFilterFunctionality_Tablet_19-51-10] Within deliveryElements loop iterating over the products  Within validateDeliveryFilterOptions method
19:51:26 [TestNG-test-Test-3] INFO  verifyingGetItIn2DaysFilterFunctionality_Tablet_19-51-10 - [verifyingGetItIn2DaysFilterFunctionality_Tablet_19-51-10] Checking if the allowedDateParts have the assert text   Within validateDeliveryFilterOptions method
19:51:26 [TestNG-test-Test-3] INFO  verifyingGetItIn2DaysFilterFunctionality_Tablet_19-51-10 - [verifyingGetItIn2DaysFilterFunctionality_Tablet_19-51-10] Within deliveryElements loop iterating over the products  Within validateDeliveryFilterOptions method
19:51:26 [TestNG-test-Test-3] INFO  verifyingGetItIn2DaysFilterFunctionality_Tablet_19-51-10 - [verifyingGetItIn2DaysFilterFunctionality_Tablet_19-51-10] Checking if the allowedDateParts have the assert text   Within validateDeliveryFilterOptions method
19:51:26 [TestNG-test-Test-3] INFO  verifyingGetItIn2DaysFilterFunctionality_Tablet_19-51-10 - [verifyingGetItIn2DaysFilterFunctionality_Tablet_19-51-10] Returning the list with boolean values   Within validateDeliveryFilterOptions method
19:51:26 [TestNG-test-Test-3] INFO  verifyingGetItIn2DaysFilterFunctionality_Tablet_19-51-10 - [verifyingGetItIn2DaysFilterFunctionality_Tablet_19-51-10] Asserting delivery filter: isValid=true, index=-1, text=All the things are valid no errors
