19:45:26 [TestNG-test-Test-3] INFO  verifyingGetItIn2DaysFilterFunctionality_Laptop_19-45-26 - No existing WebDriver found for current thread. Initializing a new ChromeDriver...
19:45:26 [TestNG-test-Test-3] INFO  verifyingGetItIn2DaysFilterFunctionality_Laptop_19-45-26 - WebDriverManager: chromedriver setup OK
19:45:28 [TestNG-test-Test-3] INFO  verifyingGetItIn2DaysFilterFunctionality_Laptop_19-45-26 - ChromeDriver initialized successfully for thread: 36
19:45:28 [TestNG-test-Test-3] INFO  verifyingGetItIn2DaysFilterFunctionality_Laptop_19-45-26 - [verifyingGetItIn2DaysFilterFunctionality_Laptop_19-45-26] Opening amazon Landing page
19:45:28 [TestNG-test-Test-3] INFO  verifyingGetItIn2DaysFilterFunctionality_Laptop_19-45-26 - [verifyingGetItIn2DaysFilterFunctionality_Laptop_19-45-26] Within safeFindElement method
19:45:34 [TestNG-test-Test-3] INFO  verifyingGetItIn2DaysFilterFunctionality_Laptop_19-45-26 - [verifyingGetItIn2DaysFilterFunctionality_Laptop_19-45-26]Retrying findElement for: ->By.xpath: //a[@id='nav-logo-sprites']
19:45:36 [TestNG-test-Test-3] INFO  verifyingGetItIn2DaysFilterFunctionality_Laptop_19-45-26 - [verifyingGetItIn2DaysFilterFunctionality_Laptop_19-45-26]Refrehsing the page , while trying to safely find : ->By.xpath: //a[@id='nav-logo-sprites']
19:45:37 [TestNG-test-Test-3] INFO  verifyingGetItIn2DaysFilterFunctionality_Laptop_19-45-26 - [verifyingGetItIn2DaysFilterFunctionality_Laptop_19-45-26]Found the element returning it ,element ->[[ChromeDriver: chrome on windows (b3797418e8ecd9f0834336d02491bc44)] -> xpath: //a[@id='nav-logo-sprites']]
19:45:38 [TestNG-test-Test-3] INFO  verifyingGetItIn2DaysFilterFunctionality_Laptop_19-45-26 - [verifyingGetItIn2DaysFilterFunctionality_Laptop_19-45-26] Giving input within the search bar
19:45:38 [TestNG-test-Test-3] INFO  verifyingGetItIn2DaysFilterFunctionality_Laptop_19-45-26 - [verifyingGetItIn2DaysFilterFunctionality_Laptop_19-45-26] Within safeClick method
19:45:41 [TestNG-test-Test-3] INFO  verifyingGetItIn2DaysFilterFunctionality_Laptop_19-45-26 - [verifyingGetItIn2DaysFilterFunctionality_Laptop_19-45-26] Clicked the  [[ChromeDriver: chrome on windows (b3797418e8ecd9f0834336d02491bc44)] -> xpath: //input[@id='nav-search-submit-button']]   using safeClick
19:45:41 [TestNG-test-Test-3] INFO  verifyingGetItIn2DaysFilterFunctionality_Laptop_19-45-26 - [verifyingGetItIn2DaysFilterFunctionality_Laptop_19-45-26] Clicking on the submit in the search bar
19:45:41 [TestNG-test-Test-3] INFO  verifyingGetItIn2DaysFilterFunctionality_Laptop_19-45-26 - [verifyingGetItIn2DaysFilterFunctionality_Laptop_19-45-26] Waiting until element is visible in viewport
19:45:41 [TestNG-test-Test-3] INFO  verifyingGetItIn2DaysFilterFunctionality_Laptop_19-45-26 - [verifyingGetItIn2DaysFilterFunctionality_Laptop_19-45-26] Within validateDeliveryFilterOptionsWithResult method
19:45:41 [TestNG-test-Test-3] INFO  verifyingGetItIn2DaysFilterFunctionality_Laptop_19-45-26 - [verifyingGetItIn2DaysFilterFunctionality_Laptop_19-45-26] Within safeClick method
19:45:41 [TestNG-test-Test-3] INFO  verifyingGetItIn2DaysFilterFunctionality_Laptop_19-45-26 - [verifyingGetItIn2DaysFilterFunctionality_Laptop_19-45-26] Clicked the  [[ChromeDriver: chrome on windows (b3797418e8ecd9f0834336d02491bc44)] -> xpath: //span[@class='a-size-base a-color-base puis-bold-weight-text' and text()='Delivery Day']/parent::div/following-sibling::ul//span[@class='a-size-base a-color-base' and text()='Get It in 2 Days']]   using safeClick
19:45:41 [TestNG-test-Test-3] INFO  verifyingGetItIn2DaysFilterFunctionality_Laptop_19-45-26 - [verifyingGetItIn2DaysFilterFunctionality_Laptop_19-45-26] Within getMoreButtonByFilterTypeAndName method
19:45:41 [TestNG-test-Test-3] INFO  verifyingGetItIn2DaysFilterFunctionality_Laptop_19-45-26 - [verifyingGetItIn2DaysFilterFunctionality_Laptop_19-45-26] Clicked on By.xpath: //span[@class='a-size-base a-color-base puis-bold-weight-text' and text()='Delivery Day']/parent::div/following-sibling::ul//span[@class='a-size-base a-color-base' and text()='Get It in 2 Days']
19:45:41 [TestNG-test-Test-3] INFO  verifyingGetItIn2DaysFilterFunctionality_Laptop_19-45-26 - [verifyingGetItIn2DaysFilterFunctionality_Laptop_19-45-26] Within safeFindElements 
19:45:42 [TestNG-test-Test-3] INFO  verifyingGetItIn2DaysFilterFunctionality_Laptop_19-45-26 - [verifyingGetItIn2DaysFilterFunctionality_Laptop_19-45-26] Returning the  [[[ChromeDriver: chrome on windows (b3797418e8ecd9f0834336d02491bc44)] -> xpath: //div[@class='a-section a-spacing-small a-spacing-top-small']], [[ChromeDriver: chrome on windows (b3797418e8ecd9f0834336d02491bc44)] -> xpath: //div[@class='a-section a-spacing-small a-spacing-top-small']], [[ChromeDriver: chrome on windows (b3797418e8ecd9f0834336d02491bc44)] -> xpath: //div[@class='a-section a-spacing-small a-spacing-top-small']], [[ChromeDriver: chrome on windows (b3797418e8ecd9f0834336d02491bc44)] -> xpath: //div[@class='a-section a-spacing-small a-spacing-top-small']], [[ChromeDriver: chrome on windows (b3797418e8ecd9f0834336d02491bc44)] -> xpath: //div[@class='a-section a-spacing-small a-spacing-top-small']], [[ChromeDriver: chrome on windows (b3797418e8ecd9f0834336d02491bc44)] -> xpath: //div[@class='a-section a-spacing-small a-spacing-top-small']]] from the safeFindElements method
19:45:42 [TestNG-test-Test-3] INFO  verifyingGetItIn2DaysFilterFunctionality_Laptop_19-45-26 - [verifyingGetItIn2DaysFilterFunctionality_Laptop_19-45-26] Created hashset with required data to assert with Within validateDeliveryFilterOptions method
19:45:42 [TestNG-test-Test-3] INFO  verifyingGetItIn2DaysFilterFunctionality_Laptop_19-45-26 - [verifyingGetItIn2DaysFilterFunctionality_Laptop_19-45-26] this is the set  [Jul, 22, Today, Tue, FREE delivery, Wed, Tomorrow, 21]
19:45:42 [TestNG-test-Test-3] INFO  verifyingGetItIn2DaysFilterFunctionality_Laptop_19-45-26 - [verifyingGetItIn2DaysFilterFunctionality_Laptop_19-45-26] Within deliveryElements loop iterating over the products  Within validateDeliveryFilterOptions method
19:45:42 [TestNG-test-Test-3] INFO  verifyingGetItIn2DaysFilterFunctionality_Laptop_19-45-26 - [verifyingGetItIn2DaysFilterFunctionality_Laptop_19-45-26] Checking if the allowedDateParts have the assert text   Within validateDeliveryFilterOptions method
19:45:42 [TestNG-test-Test-3] INFO  verifyingGetItIn2DaysFilterFunctionality_Laptop_19-45-26 - [verifyingGetItIn2DaysFilterFunctionality_Laptop_19-45-26] Within deliveryElements loop iterating over the products  Within validateDeliveryFilterOptions method
19:45:42 [TestNG-test-Test-3] INFO  verifyingGetItIn2DaysFilterFunctionality_Laptop_19-45-26 - [verifyingGetItIn2DaysFilterFunctionality_Laptop_19-45-26] Checking if the allowedDateParts have the assert text   Within validateDeliveryFilterOptions method
19:45:42 [TestNG-test-Test-3] INFO  verifyingGetItIn2DaysFilterFunctionality_Laptop_19-45-26 - [verifyingGetItIn2DaysFilterFunctionality_Laptop_19-45-26] Within deliveryElements loop iterating over the products  Within validateDeliveryFilterOptions method
19:45:42 [TestNG-test-Test-3] INFO  verifyingGetItIn2DaysFilterFunctionality_Laptop_19-45-26 - [verifyingGetItIn2DaysFilterFunctionality_Laptop_19-45-26] Checking if the allowedDateParts have the assert text   Within validateDeliveryFilterOptions method
19:45:42 [TestNG-test-Test-3] INFO  verifyingGetItIn2DaysFilterFunctionality_Laptop_19-45-26 - [verifyingGetItIn2DaysFilterFunctionality_Laptop_19-45-26] Within deliveryElements loop iterating over the products  Within validateDeliveryFilterOptions method
19:45:42 [TestNG-test-Test-3] INFO  verifyingGetItIn2DaysFilterFunctionality_Laptop_19-45-26 - [verifyingGetItIn2DaysFilterFunctionality_Laptop_19-45-26] Checking if the allowedDateParts have the assert text   Within validateDeliveryFilterOptions method
19:45:42 [TestNG-test-Test-3] INFO  verifyingGetItIn2DaysFilterFunctionality_Laptop_19-45-26 - [verifyingGetItIn2DaysFilterFunctionality_Laptop_19-45-26] Within deliveryElements loop iterating over the products  Within validateDeliveryFilterOptions method
19:45:42 [TestNG-test-Test-3] INFO  verifyingGetItIn2DaysFilterFunctionality_Laptop_19-45-26 - [verifyingGetItIn2DaysFilterFunctionality_Laptop_19-45-26] Checking if the allowedDateParts have the assert text   Within validateDeliveryFilterOptions method
19:45:42 [TestNG-test-Test-3] INFO  verifyingGetItIn2DaysFilterFunctionality_Laptop_19-45-26 - [verifyingGetItIn2DaysFilterFunctionality_Laptop_19-45-26] Within deliveryElements loop iterating over the products  Within validateDeliveryFilterOptions method
19:45:42 [TestNG-test-Test-3] INFO  verifyingGetItIn2DaysFilterFunctionality_Laptop_19-45-26 - [verifyingGetItIn2DaysFilterFunctionality_Laptop_19-45-26] Checking if the allowedDateParts have the assert text   Within validateDeliveryFilterOptions method
19:45:42 [TestNG-test-Test-3] INFO  verifyingGetItIn2DaysFilterFunctionality_Laptop_19-45-26 - [verifyingGetItIn2DaysFilterFunctionality_Laptop_19-45-26] Returning the list with boolean values   Within validateDeliveryFilterOptions method
19:45:42 [TestNG-test-Test-3] INFO  verifyingGetItIn2DaysFilterFunctionality_Laptop_19-45-26 - [verifyingGetItIn2DaysFilterFunctionality_Laptop_19-45-26] Asserting delivery filter: isValid=true, index=-1, text=All the things are valid no errors
