19:07:58 [TestNG-test-Test-3] INFO  verifyingFreeDeliveryFilterFunctionality_Mobile_19-07-58 - No existing WebDriver found for current thread. Initializing a new ChromeDriver...
19:07:58 [TestNG-test-Test-3] INFO  verifyingFreeDeliveryFilterFunctionality_Mobile_19-07-58 - WebDriverManager: chromedriver setup OK
19:08:00 [TestNG-test-Test-3] INFO  verifyingFreeDeliveryFilterFunctionality_Mobile_19-07-58 - ChromeDriver initialized successfully for thread: 36
19:08:01 [TestNG-test-Test-3] INFO  verifyingFreeDeliveryFilterFunctionality_Mobile_19-07-58 - [verifyingFreeDeliveryFilterFunctionality_Mobile_19-07-58] Opening amazon Landing page
19:08:01 [TestNG-test-Test-3] INFO  verifyingFreeDeliveryFilterFunctionality_Mobile_19-07-58 - [verifyingFreeDeliveryFilterFunctionality_Mobile_19-07-58] Within safeFindElement method
19:08:02 [TestNG-test-Test-3] INFO  verifyingFreeDeliveryFilterFunctionality_Mobile_19-07-58 - [verifyingFreeDeliveryFilterFunctionality_Mobile_19-07-58]Found the element returning it ,element ->[[ChromeDriver: chrome on windows (794ff5d5021ce295c988320f55ba041c)] -> xpath: //a[@id='nav-logo-sprites']]
19:08:03 [TestNG-test-Test-3] INFO  verifyingFreeDeliveryFilterFunctionality_Mobile_19-07-58 - [verifyingFreeDeliveryFilterFunctionality_Mobile_19-07-58] Giving input within the search bar
19:08:03 [TestNG-test-Test-3] INFO  verifyingFreeDeliveryFilterFunctionality_Mobile_19-07-58 - [verifyingFreeDeliveryFilterFunctionality_Mobile_19-07-58] Within safeClick method
19:08:05 [TestNG-test-Test-3] INFO  verifyingFreeDeliveryFilterFunctionality_Mobile_19-07-58 - [verifyingFreeDeliveryFilterFunctionality_Mobile_19-07-58] Clicked the  [[ChromeDriver: chrome on windows (794ff5d5021ce295c988320f55ba041c)] -> xpath: //input[@id='nav-search-submit-button']]   using safeClick
19:08:05 [TestNG-test-Test-3] INFO  verifyingFreeDeliveryFilterFunctionality_Mobile_19-07-58 - [verifyingFreeDeliveryFilterFunctionality_Mobile_19-07-58] Clicking on the submit in the search bar
19:08:06 [TestNG-test-Test-3] INFO  verifyingFreeDeliveryFilterFunctionality_Mobile_19-07-58 - [verifyingFreeDeliveryFilterFunctionality_Mobile_19-07-58] Waiting until element is visible in viewport
19:08:06 [TestNG-test-Test-3] INFO  verifyingFreeDeliveryFilterFunctionality_Mobile_19-07-58 - [verifyingFreeDeliveryFilterFunctionality_Mobile_19-07-58] Within validateDeliveryFilterOptionsWithResult method
19:08:06 [TestNG-test-Test-3] INFO  verifyingFreeDeliveryFilterFunctionality_Mobile_19-07-58 - [verifyingFreeDeliveryFilterFunctionality_Mobile_19-07-58] Within safeClick method
19:08:06 [TestNG-test-Test-3] INFO  verifyingFreeDeliveryFilterFunctionality_Mobile_19-07-58 - [verifyingFreeDeliveryFilterFunctionality_Mobile_19-07-58] Clicked the  [[ChromeDriver: chrome on windows (794ff5d5021ce295c988320f55ba041c)] -> xpath: //span[@class='a-size-base a-color-base puis-bold-weight-text' and text()='Eligible for Free Delivery']/parent::div/following-sibling::ul//span[@class='a-size-base a-color-base' and text()='Free Shipping']]   using safeClick
19:08:06 [TestNG-test-Test-3] INFO  verifyingFreeDeliveryFilterFunctionality_Mobile_19-07-58 - [verifyingFreeDeliveryFilterFunctionality_Mobile_19-07-58] Within getMoreButtonByFilterTypeAndName method
19:08:06 [TestNG-test-Test-3] INFO  verifyingFreeDeliveryFilterFunctionality_Mobile_19-07-58 - [verifyingFreeDeliveryFilterFunctionality_Mobile_19-07-58] Clicked on By.xpath: //span[@class='a-size-base a-color-base puis-bold-weight-text' and text()='Eligible for Free Delivery']/parent::div/following-sibling::ul//span[@class='a-size-base a-color-base' and text()='Free Shipping']
19:08:06 [TestNG-test-Test-3] INFO  verifyingFreeDeliveryFilterFunctionality_Mobile_19-07-58 - [verifyingFreeDeliveryFilterFunctionality_Mobile_19-07-58] Within safeFindElements 
19:08:07 [TestNG-test-Test-3] INFO  verifyingFreeDeliveryFilterFunctionality_Mobile_19-07-58 - [verifyingFreeDeliveryFilterFunctionality_Mobile_19-07-58] Returning the  [[[ChromeDriver: chrome on windows (794ff5d5021ce295c988320f55ba041c)] -> xpath: //div[@class='a-section a-spacing-small a-spacing-top-small']], [[ChromeDriver: chrome on windows (794ff5d5021ce295c988320f55ba041c)] -> xpath: //div[@class='a-section a-spacing-small a-spacing-top-small']], [[ChromeDriver: chrome on windows (794ff5d5021ce295c988320f55ba041c)] -> xpath: //div[@class='a-section a-spacing-small a-spacing-top-small']], [[ChromeDriver: chrome on windows (794ff5d5021ce295c988320f55ba041c)] -> xpath: //div[@class='a-section a-spacing-small a-spacing-top-small']], [[ChromeDriver: chrome on windows (794ff5d5021ce295c988320f55ba041c)] -> xpath: //div[@class='a-section a-spacing-small a-spacing-top-small']], [[ChromeDriver: chrome on windows (794ff5d5021ce295c988320f55ba041c)] -> xpath: //div[@class='a-section a-spacing-small a-spacing-top-small']], [[ChromeDriver: chrome on windows (794ff5d5021ce295c988320f55ba041c)] -> xpath: //div[@class='a-section a-spacing-small a-spacing-top-small']], [[ChromeDriver: chrome on windows (794ff5d5021ce295c988320f55ba041c)] -> xpath: //div[@class='a-section a-spacing-small a-spacing-top-small']], [[ChromeDriver: chrome on windows (794ff5d5021ce295c988320f55ba041c)] -> xpath: //div[@class='a-section a-spacing-small a-spacing-top-small']], [[ChromeDriver: chrome on windows (794ff5d5021ce295c988320f55ba041c)] -> xpath: //div[@class='a-section a-spacing-small a-spacing-top-small']], [[ChromeDriver: chrome on windows (794ff5d5021ce295c988320f55ba041c)] -> xpath: //div[@class='a-section a-spacing-small a-spacing-top-small']], [[ChromeDriver: chrome on windows (794ff5d5021ce295c988320f55ba041c)] -> xpath: //div[@class='a-section a-spacing-small a-spacing-top-small']], [[ChromeDriver: chrome on windows (794ff5d5021ce295c988320f55ba041c)] -> xpath: //div[@class='a-section a-spacing-small a-spacing-top-small']], [[ChromeDriver: chrome on windows (794ff5d5021ce295c988320f55ba041c)] -> xpath: //div[@class='a-section a-spacing-small a-spacing-top-small']], [[ChromeDriver: chrome on windows (794ff5d5021ce295c988320f55ba041c)] -> xpath: //div[@class='a-section a-spacing-small a-spacing-top-small']], [[ChromeDriver: chrome on windows (794ff5d5021ce295c988320f55ba041c)] -> xpath: //div[@class='a-section a-spacing-small a-spacing-top-small']]] from the safeFindElements method
19:08:07 [TestNG-test-Test-3] INFO  verifyingFreeDeliveryFilterFunctionality_Mobile_19-07-58 - [verifyingFreeDeliveryFilterFunctionality_Mobile_19-07-58] Created hashset with required data to assert with Within validateDeliveryFilterOptions method
19:08:07 [TestNG-test-Test-3] INFO  verifyingFreeDeliveryFilterFunctionality_Mobile_19-07-58 - [verifyingFreeDeliveryFilterFunctionality_Mobile_19-07-58] this is the set  [Thu, 13, Aug, Today, 14, FREE delivery, Fri, Tomorrow]
19:08:07 [TestNG-test-Test-3] INFO  verifyingFreeDeliveryFilterFunctionality_Mobile_19-07-58 - [verifyingFreeDeliveryFilterFunctionality_Mobile_19-07-58] Within deliveryElements loop iterating over the products  Within validateDeliveryFilterOptions method
19:08:07 [TestNG-test-Test-3] INFO  verifyingFreeDeliveryFilterFunctionality_Mobile_19-07-58 - [verifyingFreeDeliveryFilterFunctionality_Mobile_19-07-58] Checking if the allowedDateParts have the assert text   Within validateDeliveryFilterOptions method
19:08:07 [TestNG-test-Test-3] INFO  verifyingFreeDeliveryFilterFunctionality_Mobile_19-07-58 - [verifyingFreeDeliveryFilterFunctionality_Mobile_19-07-58] Within deliveryElements loop iterating over the products  Within validateDeliveryFilterOptions method
19:08:07 [TestNG-test-Test-3] INFO  verifyingFreeDeliveryFilterFunctionality_Mobile_19-07-58 - [verifyingFreeDeliveryFilterFunctionality_Mobile_19-07-58] Checking if the allowedDateParts have the assert text   Within validateDeliveryFilterOptions method
19:08:07 [TestNG-test-Test-3] INFO  verifyingFreeDeliveryFilterFunctionality_Mobile_19-07-58 - [verifyingFreeDeliveryFilterFunctionality_Mobile_19-07-58] Within deliveryElements loop iterating over the products  Within validateDeliveryFilterOptions method
19:08:07 [TestNG-test-Test-3] INFO  verifyingFreeDeliveryFilterFunctionality_Mobile_19-07-58 - [verifyingFreeDeliveryFilterFunctionality_Mobile_19-07-58] Checking if the allowedDateParts have the assert text   Within validateDeliveryFilterOptions method
19:08:07 [TestNG-test-Test-3] INFO  verifyingFreeDeliveryFilterFunctionality_Mobile_19-07-58 - [verifyingFreeDeliveryFilterFunctionality_Mobile_19-07-58] Within deliveryElements loop iterating over the products  Within validateDeliveryFilterOptions method
19:08:07 [TestNG-test-Test-3] INFO  verifyingFreeDeliveryFilterFunctionality_Mobile_19-07-58 - [verifyingFreeDeliveryFilterFunctionality_Mobile_19-07-58] Checking if the allowedDateParts have the assert text   Within validateDeliveryFilterOptions method
19:08:07 [TestNG-test-Test-3] INFO  verifyingFreeDeliveryFilterFunctionality_Mobile_19-07-58 - [verifyingFreeDeliveryFilterFunctionality_Mobile_19-07-58] Within deliveryElements loop iterating over the products  Within validateDeliveryFilterOptions method
19:08:07 [TestNG-test-Test-3] INFO  verifyingFreeDeliveryFilterFunctionality_Mobile_19-07-58 - [verifyingFreeDeliveryFilterFunctionality_Mobile_19-07-58] Checking if the allowedDateParts have the assert text   Within validateDeliveryFilterOptions method
19:08:07 [TestNG-test-Test-3] INFO  verifyingFreeDeliveryFilterFunctionality_Mobile_19-07-58 - [verifyingFreeDeliveryFilterFunctionality_Mobile_19-07-58] Within deliveryElements loop iterating over the products  Within validateDeliveryFilterOptions method
19:08:08 [TestNG-test-Test-3] INFO  verifyingFreeDeliveryFilterFunctionality_Mobile_19-07-58 - [verifyingFreeDeliveryFilterFunctionality_Mobile_19-07-58] Checking if the allowedDateParts have the assert text   Within validateDeliveryFilterOptions method
19:08:08 [TestNG-test-Test-3] INFO  verifyingFreeDeliveryFilterFunctionality_Mobile_19-07-58 - [verifyingFreeDeliveryFilterFunctionality_Mobile_19-07-58] Within deliveryElements loop iterating over the products  Within validateDeliveryFilterOptions method
19:08:08 [TestNG-test-Test-3] INFO  verifyingFreeDeliveryFilterFunctionality_Mobile_19-07-58 - [verifyingFreeDeliveryFilterFunctionality_Mobile_19-07-58] Checking if the allowedDateParts have the assert text   Within validateDeliveryFilterOptions method
19:08:08 [TestNG-test-Test-3] INFO  verifyingFreeDeliveryFilterFunctionality_Mobile_19-07-58 - [verifyingFreeDeliveryFilterFunctionality_Mobile_19-07-58] Within deliveryElements loop iterating over the products  Within validateDeliveryFilterOptions method
19:08:08 [TestNG-test-Test-3] INFO  verifyingFreeDeliveryFilterFunctionality_Mobile_19-07-58 - [verifyingFreeDeliveryFilterFunctionality_Mobile_19-07-58] Checking if the allowedDateParts have the assert text   Within validateDeliveryFilterOptions method
19:08:08 [TestNG-test-Test-3] INFO  verifyingFreeDeliveryFilterFunctionality_Mobile_19-07-58 - [verifyingFreeDeliveryFilterFunctionality_Mobile_19-07-58] Within deliveryElements loop iterating over the products  Within validateDeliveryFilterOptions method
19:08:08 [TestNG-test-Test-3] INFO  verifyingFreeDeliveryFilterFunctionality_Mobile_19-07-58 - [verifyingFreeDeliveryFilterFunctionality_Mobile_19-07-58] Checking if the allowedDateParts have the assert text   Within validateDeliveryFilterOptions method
19:08:08 [TestNG-test-Test-3] INFO  verifyingFreeDeliveryFilterFunctionality_Mobile_19-07-58 - [verifyingFreeDeliveryFilterFunctionality_Mobile_19-07-58] Within deliveryElements loop iterating over the products  Within validateDeliveryFilterOptions method
19:08:08 [TestNG-test-Test-3] INFO  verifyingFreeDeliveryFilterFunctionality_Mobile_19-07-58 - [verifyingFreeDeliveryFilterFunctionality_Mobile_19-07-58] Checking if the allowedDateParts have the assert text   Within validateDeliveryFilterOptions method
19:08:08 [TestNG-test-Test-3] INFO  verifyingFreeDeliveryFilterFunctionality_Mobile_19-07-58 - [verifyingFreeDeliveryFilterFunctionality_Mobile_19-07-58] Within deliveryElements loop iterating over the products  Within validateDeliveryFilterOptions method
19:08:08 [TestNG-test-Test-3] INFO  verifyingFreeDeliveryFilterFunctionality_Mobile_19-07-58 - [verifyingFreeDeliveryFilterFunctionality_Mobile_19-07-58] Checking if the allowedDateParts have the assert text   Within validateDeliveryFilterOptions method
19:08:08 [TestNG-test-Test-3] INFO  verifyingFreeDeliveryFilterFunctionality_Mobile_19-07-58 - [verifyingFreeDeliveryFilterFunctionality_Mobile_19-07-58] Within deliveryElements loop iterating over the products  Within validateDeliveryFilterOptions method
19:08:08 [TestNG-test-Test-3] INFO  verifyingFreeDeliveryFilterFunctionality_Mobile_19-07-58 - [verifyingFreeDeliveryFilterFunctionality_Mobile_19-07-58] Checking if the allowedDateParts have the assert text   Within validateDeliveryFilterOptions method
19:08:08 [TestNG-test-Test-3] INFO  verifyingFreeDeliveryFilterFunctionality_Mobile_19-07-58 - [verifyingFreeDeliveryFilterFunctionality_Mobile_19-07-58] Within deliveryElements loop iterating over the products  Within validateDeliveryFilterOptions method
19:08:08 [TestNG-test-Test-3] INFO  verifyingFreeDeliveryFilterFunctionality_Mobile_19-07-58 - [verifyingFreeDeliveryFilterFunctionality_Mobile_19-07-58] Checking if the allowedDateParts have the assert text   Within validateDeliveryFilterOptions method
19:08:08 [TestNG-test-Test-3] INFO  verifyingFreeDeliveryFilterFunctionality_Mobile_19-07-58 - [verifyingFreeDeliveryFilterFunctionality_Mobile_19-07-58] Within deliveryElements loop iterating over the products  Within validateDeliveryFilterOptions method
19:08:08 [TestNG-test-Test-3] INFO  verifyingFreeDeliveryFilterFunctionality_Mobile_19-07-58 - [verifyingFreeDeliveryFilterFunctionality_Mobile_19-07-58] Checking if the allowedDateParts have the assert text   Within validateDeliveryFilterOptions method
19:08:08 [TestNG-test-Test-3] INFO  verifyingFreeDeliveryFilterFunctionality_Mobile_19-07-58 - [verifyingFreeDeliveryFilterFunctionality_Mobile_19-07-58] Within deliveryElements loop iterating over the products  Within validateDeliveryFilterOptions method
19:08:08 [TestNG-test-Test-3] INFO  verifyingFreeDeliveryFilterFunctionality_Mobile_19-07-58 - [verifyingFreeDeliveryFilterFunctionality_Mobile_19-07-58] Checking if the allowedDateParts have the assert text   Within validateDeliveryFilterOptions method
19:08:08 [TestNG-test-Test-3] INFO  verifyingFreeDeliveryFilterFunctionality_Mobile_19-07-58 - [verifyingFreeDeliveryFilterFunctionality_Mobile_19-07-58] Within deliveryElements loop iterating over the products  Within validateDeliveryFilterOptions method
19:08:08 [TestNG-test-Test-3] INFO  verifyingFreeDeliveryFilterFunctionality_Mobile_19-07-58 - [verifyingFreeDeliveryFilterFunctionality_Mobile_19-07-58] Checking if the allowedDateParts have the assert text   Within validateDeliveryFilterOptions method
19:08:08 [TestNG-test-Test-3] INFO  verifyingFreeDeliveryFilterFunctionality_Mobile_19-07-58 - [verifyingFreeDeliveryFilterFunctionality_Mobile_19-07-58] Returning the list with boolean values   Within validateDeliveryFilterOptions method
19:08:08 [TestNG-test-Test-3] INFO  verifyingFreeDeliveryFilterFunctionality_Mobile_19-07-58 - [verifyingFreeDeliveryFilterFunctionality_Mobile_19-07-58] Asserting delivery filter: isValid=true, index=-1, text=All the things are valid no errors
