19:59:21 [TestNG-test-Test-2] INFO  verifyingTheBrandsFilterFunctionality_Laptop_19-59-21 - No existing WebDriver found for current thread. Initializing a new ChromeDriver...
19:59:22 [TestNG-test-Test-2] INFO  verifyingTheBrandsFilterFunctionality_Laptop_19-59-21 - WebDriverManager: chromedriver setup OK
19:59:23 [TestNG-test-Test-2] INFO  verifyingTheBrandsFilterFunctionality_Laptop_19-59-21 - ChromeDriver initialized successfully for thread: 35
19:59:26 [TestNG-test-Test-2] INFO  verifyingTheBrandsFilterFunctionality_Laptop_19-59-21 - [verifyingTheBrandsFilterFunctionality_Laptop_19-59-21] Opening amazon Landing page
19:59:26 [TestNG-test-Test-2] INFO  verifyingTheBrandsFilterFunctionality_Laptop_19-59-21 - [verifyingTheBrandsFilterFunctionality_Laptop_19-59-21] Within safeFindElement method
19:59:26 [TestNG-test-Test-2] INFO  verifyingTheBrandsFilterFunctionality_Laptop_19-59-21 - [verifyingTheBrandsFilterFunctionality_Laptop_19-59-21]Found the element returning it ,element ->[[ChromeDriver: chrome on windows (128274166b698288aec6887bb3b7e04a)] -> xpath: //a[@id='nav-logo-sprites']]
19:59:27 [TestNG-test-Test-2] INFO  verifyingTheBrandsFilterFunctionality_Laptop_19-59-21 - [verifyingTheBrandsFilterFunctionality_Laptop_19-59-21] Giving input within the search bar
19:59:27 [TestNG-test-Test-2] INFO  verifyingTheBrandsFilterFunctionality_Laptop_19-59-21 - [verifyingTheBrandsFilterFunctionality_Laptop_19-59-21] Within safeClick method
19:59:29 [TestNG-test-Test-2] INFO  verifyingTheBrandsFilterFunctionality_Laptop_19-59-21 - [verifyingTheBrandsFilterFunctionality_Laptop_19-59-21] Clicked the  [[ChromeDriver: chrome on windows (128274166b698288aec6887bb3b7e04a)] -> xpath: //input[@id='nav-search-submit-button']]   using safeClick
19:59:29 [TestNG-test-Test-2] INFO  verifyingTheBrandsFilterFunctionality_Laptop_19-59-21 - [verifyingTheBrandsFilterFunctionality_Laptop_19-59-21] Clicking on the submit in the search bar
19:59:29 [TestNG-test-Test-2] INFO  verifyingTheBrandsFilterFunctionality_Laptop_19-59-21 - [verifyingTheBrandsFilterFunctionality_Laptop_19-59-21] Within filterCheckUnderList method
19:59:29 [TestNG-test-Test-2] INFO  verifyingTheBrandsFilterFunctionality_Laptop_19-59-21 - [verifyingTheBrandsFilterFunctionality_Laptop_19-59-21] Found the Filter within the filter check List
19:59:29 [TestNG-test-Test-2] INFO  verifyingTheBrandsFilterFunctionality_Laptop_19-59-21 - [verifyingTheBrandsFilterFunctionality_Laptop_19-59-21] Within safeFindElements 
19:59:34 [TestNG-test-Test-2] INFO  verifyingTheBrandsFilterFunctionality_Laptop_19-59-21 - [verifyingTheBrandsFilterFunctionality_Laptop_19-59-21] Retrying findElements for:By.xpath: //span[@class='a-size-base a-color-base puis-bold-weight-text' and text()='Brands']/parent::div/following-sibling::div[@class='a-section a-spacing-medium sf-navigation-searchable-content']//span[@class='a-size-base a-color-base']
19:59:37 [TestNG-test-Test-2] INFO  verifyingTheBrandsFilterFunctionality_Laptop_19-59-21 - [verifyingTheBrandsFilterFunctionality_Laptop_19-59-21] Refreshing the page while trying to find :By.xpath: //span[@class='a-size-base a-color-base puis-bold-weight-text' and text()='Brands']/parent::div/following-sibling::div[@class='a-section a-spacing-medium sf-navigation-searchable-content']//span[@class='a-size-base a-color-base']
19:59:37 [TestNG-test-Test-2] INFO  verifyingTheBrandsFilterFunctionality_Laptop_19-59-21 - [verifyingTheBrandsFilterFunctionality_Laptop_19-59-21] Skipping action Elements not found after1  Attempts
19:59:42 [TestNG-test-Test-2] INFO  verifyingTheBrandsFilterFunctionality_Laptop_19-59-21 - [verifyingTheBrandsFilterFunctionality_Laptop_19-59-21] Retrying findElements for:By.xpath: //span[@class='a-size-base a-color-base puis-bold-weight-text' and text()='Brands']/parent::div/following-sibling::div[@class='a-section a-spacing-medium sf-navigation-searchable-content']//span[@class='a-size-base a-color-base']
19:59:43 [TestNG-test-Test-2] INFO  verifyingTheBrandsFilterFunctionality_Laptop_19-59-21 - [verifyingTheBrandsFilterFunctionality_Laptop_19-59-21] Refreshing the page while trying to find :By.xpath: //span[@class='a-size-base a-color-base puis-bold-weight-text' and text()='Brands']/parent::div/following-sibling::div[@class='a-section a-spacing-medium sf-navigation-searchable-content']//span[@class='a-size-base a-color-base']
19:59:43 [TestNG-test-Test-2] INFO  verifyingTheBrandsFilterFunctionality_Laptop_19-59-21 - [verifyingTheBrandsFilterFunctionality_Laptop_19-59-21] Skipping action Elements not found after2  Attempts
19:59:43 [TestNG-test-Test-2] INFO  verifyingTheBrandsFilterFunctionality_Laptop_19-59-21 - [verifyingTheBrandsFilterFunctionality_Laptop_19-59-21] Within applyFilterAndValidateBrandsFilterWithResult method
19:59:43 [TestNG-test-Test-2] INFO  verifyingTheBrandsFilterFunctionality_Laptop_19-59-21 - [verifyingTheBrandsFilterFunctionality_Laptop_19-59-21] Scrolling to the 'More' Button under brands filter section
19:59:43 [TestNG-test-Test-2] INFO  verifyingTheBrandsFilterFunctionality_Laptop_19-59-21 - [verifyingTheBrandsFilterFunctionality_Laptop_19-59-21] Within safeFindElement method
19:59:43 [TestNG-test-Test-2] INFO  verifyingTheBrandsFilterFunctionality_Laptop_19-59-21 - [verifyingTheBrandsFilterFunctionality_Laptop_19-59-21]Found the element returning it ,element ->[[ChromeDriver: chrome on windows (128274166b698288aec6887bb3b7e04a)] -> xpath: //a[@aria-label='See more, Brands']]
19:59:43 [TestNG-test-Test-2] INFO  verifyingTheBrandsFilterFunctionality_Laptop_19-59-21 - [verifyingTheBrandsFilterFunctionality_Laptop_19-59-21] Within smoothScrollToElement method
19:59:43 [TestNG-test-Test-2] INFO  verifyingTheBrandsFilterFunctionality_Laptop_19-59-21 - [verifyingTheBrandsFilterFunctionality_Laptop_19-59-21] Within safeFindElement method
19:59:44 [TestNG-test-Test-2] INFO  verifyingTheBrandsFilterFunctionality_Laptop_19-59-21 - [verifyingTheBrandsFilterFunctionality_Laptop_19-59-21]Found the element returning it ,element ->[[ChromeDriver: chrome on windows (128274166b698288aec6887bb3b7e04a)] -> xpath: //a[@aria-label='See more, Brands']]
19:59:44 [TestNG-test-Test-2] INFO  verifyingTheBrandsFilterFunctionality_Laptop_19-59-21 - [verifyingTheBrandsFilterFunctionality_Laptop_19-59-21] Successfully scrolled to element: By.xpath: //a[@aria-label='See more, Brands']
19:59:44 [TestNG-test-Test-2] INFO  verifyingTheBrandsFilterFunctionality_Laptop_19-59-21 - [verifyingTheBrandsFilterFunctionality_Laptop_19-59-21] Within safeClick method
19:59:44 [TestNG-test-Test-2] INFO  verifyingTheBrandsFilterFunctionality_Laptop_19-59-21 - [verifyingTheBrandsFilterFunctionality_Laptop_19-59-21] Clicked the  [[ChromeDriver: chrome on windows (128274166b698288aec6887bb3b7e04a)] -> xpath: //a[@aria-label='See more, Brands']]   using safeClick
19:59:44 [TestNG-test-Test-2] INFO  verifyingTheBrandsFilterFunctionality_Laptop_19-59-21 - [verifyingTheBrandsFilterFunctionality_Laptop_19-59-21] Clicked the 'More' Button under brands filter section
19:59:44 [TestNG-test-Test-2] INFO  verifyingTheBrandsFilterFunctionality_Laptop_19-59-21 - [verifyingTheBrandsFilterFunctionality_Laptop_19-59-21] Within safeFindElements 
19:59:44 [TestNG-test-Test-2] INFO  verifyingTheBrandsFilterFunctionality_Laptop_19-59-21 - [verifyingTheBrandsFilterFunctionality_Laptop_19-59-21] Returning the  [[[ChromeDriver: chrome on windows (128274166b698288aec6887bb3b7e04a)] -> xpath: //ul[@id='filter-p_123']//span[@class='a-size-base a-color-base']], [[ChromeDriver: chrome on windows (128274166b698288aec6887bb3b7e04a)] -> xpath: //ul[@id='filter-p_123']//span[@class='a-size-base a-color-base']], [[ChromeDriver: chrome on windows (128274166b698288aec6887bb3b7e04a)] -> xpath: //ul[@id='filter-p_123']//span[@class='a-size-base a-color-base']], [[ChromeDriver: chrome on windows (128274166b698288aec6887bb3b7e04a)] -> xpath: //ul[@id='filter-p_123']//span[@class='a-size-base a-color-base']], [[ChromeDriver: chrome on windows (128274166b698288aec6887bb3b7e04a)] -> xpath: //ul[@id='filter-p_123']//span[@class='a-size-base a-color-base']], [[ChromeDriver: chrome on windows (128274166b698288aec6887bb3b7e04a)] -> xpath: //ul[@id='filter-p_123']//span[@class='a-size-base a-color-base']], [[ChromeDriver: chrome on windows (128274166b698288aec6887bb3b7e04a)] -> xpath: //ul[@id='filter-p_123']//span[@class='a-size-base a-color-base']], [[ChromeDriver: chrome on windows (128274166b698288aec6887bb3b7e04a)] -> xpath: //ul[@id='filter-p_123']//span[@class='a-size-base a-color-base']], [[ChromeDriver: chrome on windows (128274166b698288aec6887bb3b7e04a)] -> xpath: //ul[@id='filter-p_123']//span[@class='a-size-base a-color-base']], [[ChromeDriver: chrome on windows (128274166b698288aec6887bb3b7e04a)] -> xpath: //ul[@id='filter-p_123']//span[@class='a-size-base a-color-base']], [[ChromeDriver: chrome on windows (128274166b698288aec6887bb3b7e04a)] -> xpath: //ul[@id='filter-p_123']//span[@class='a-size-base a-color-base']]] from the safeFindElements method
19:59:44 [TestNG-test-Test-2] INFO  verifyingTheBrandsFilterFunctionality_Laptop_19-59-21 - [verifyingTheBrandsFilterFunctionality_Laptop_19-59-21] Within the filterOptions loop 
19:59:44 [TestNG-test-Test-2] INFO  verifyingTheBrandsFilterFunctionality_Laptop_19-59-21 - [verifyingTheBrandsFilterFunctionality_Laptop_19-59-21] Within safeFindElements 
19:59:44 [TestNG-test-Test-2] INFO  verifyingTheBrandsFilterFunctionality_Laptop_19-59-21 - [verifyingTheBrandsFilterFunctionality_Laptop_19-59-21] Returning the  [[[ChromeDriver: chrome on windows (128274166b698288aec6887bb3b7e04a)] -> xpath: //ul[@id='filter-p_123']//span[@class='a-size-base a-color-base']], [[ChromeDriver: chrome on windows (128274166b698288aec6887bb3b7e04a)] -> xpath: //ul[@id='filter-p_123']//span[@class='a-size-base a-color-base']], [[ChromeDriver: chrome on windows (128274166b698288aec6887bb3b7e04a)] -> xpath: //ul[@id='filter-p_123']//span[@class='a-size-base a-color-base']], [[ChromeDriver: chrome on windows (128274166b698288aec6887bb3b7e04a)] -> xpath: //ul[@id='filter-p_123']//span[@class='a-size-base a-color-base']], [[ChromeDriver: chrome on windows (128274166b698288aec6887bb3b7e04a)] -> xpath: //ul[@id='filter-p_123']//span[@class='a-size-base a-color-base']], [[ChromeDriver: chrome on windows (128274166b698288aec6887bb3b7e04a)] -> xpath: //ul[@id='filter-p_123']//span[@class='a-size-base a-color-base']], [[ChromeDriver: chrome on windows (128274166b698288aec6887bb3b7e04a)] -> xpath: //ul[@id='filter-p_123']//span[@class='a-size-base a-color-base']], [[ChromeDriver: chrome on windows (128274166b698288aec6887bb3b7e04a)] -> xpath: //ul[@id='filter-p_123']//span[@class='a-size-base a-color-base']], [[ChromeDriver: chrome on windows (128274166b698288aec6887bb3b7e04a)] -> xpath: //ul[@id='filter-p_123']//span[@class='a-size-base a-color-base']], [[ChromeDriver: chrome on windows (128274166b698288aec6887bb3b7e04a)] -> xpath: //ul[@id='filter-p_123']//span[@class='a-size-base a-color-base']], [[ChromeDriver: chrome on windows (128274166b698288aec6887bb3b7e04a)] -> xpath: //ul[@id='filter-p_123']//span[@class='a-size-base a-color-base']]] from the safeFindElements method
19:59:44 [TestNG-test-Test-2] INFO  verifyingTheBrandsFilterFunctionality_Laptop_19-59-21 - [verifyingTheBrandsFilterFunctionality_Laptop_19-59-21] Within safeFindElement method
19:59:44 [TestNG-test-Test-2] INFO  verifyingTheBrandsFilterFunctionality_Laptop_19-59-21 - [verifyingTheBrandsFilterFunctionality_Laptop_19-59-21]Found the element returning it ,element ->[[ChromeDriver: chrome on windows (128274166b698288aec6887bb3b7e04a)] -> xpath: //a[@aria-label='See more, Brands']]
19:59:44 [TestNG-test-Test-2] INFO  verifyingTheBrandsFilterFunctionality_Laptop_19-59-21 - [verifyingTheBrandsFilterFunctionality_Laptop_19-59-21] Within smoothScrollToElement method
19:59:44 [TestNG-test-Test-2] INFO  verifyingTheBrandsFilterFunctionality_Laptop_19-59-21 - [verifyingTheBrandsFilterFunctionality_Laptop_19-59-21] Within safeFindElement method
19:59:44 [TestNG-test-Test-2] INFO  verifyingTheBrandsFilterFunctionality_Laptop_19-59-21 - [verifyingTheBrandsFilterFunctionality_Laptop_19-59-21]Found the element returning it ,element ->[[ChromeDriver: chrome on windows (128274166b698288aec6887bb3b7e04a)] -> xpath: //a[@aria-label='See more, Brands']]
19:59:44 [TestNG-test-Test-2] INFO  verifyingTheBrandsFilterFunctionality_Laptop_19-59-21 - [verifyingTheBrandsFilterFunctionality_Laptop_19-59-21] Successfully scrolled to element: By.xpath: //a[@aria-label='See more, Brands']
19:59:44 [TestNG-test-Test-2] INFO  verifyingTheBrandsFilterFunctionality_Laptop_19-59-21 - [verifyingTheBrandsFilterFunctionality_Laptop_19-59-21] Within safeClick method
19:59:44 [TestNG-test-Test-2] INFO  verifyingTheBrandsFilterFunctionality_Laptop_19-59-21 - [verifyingTheBrandsFilterFunctionality_Laptop_19-59-21] Clicked the  [[ChromeDriver: chrome on windows (128274166b698288aec6887bb3b7e04a)] -> xpath: //a[@aria-label='See more, Brands']]   using safeClick
19:59:44 [TestNG-test-Test-2] INFO  verifyingTheBrandsFilterFunctionality_Laptop_19-59-21 - [verifyingTheBrandsFilterFunctionality_Laptop_19-59-21] Within safeFindElements 
19:59:44 [TestNG-test-Test-2] INFO  verifyingTheBrandsFilterFunctionality_Laptop_19-59-21 - [verifyingTheBrandsFilterFunctionality_Laptop_19-59-21] Returning the  [[[ChromeDriver: chrome on windows (128274166b698288aec6887bb3b7e04a)] -> xpath: //ul[@id='filter-p_123']//span[@class='a-size-base a-color-base']], [[ChromeDriver: chrome on windows (128274166b698288aec6887bb3b7e04a)] -> xpath: //ul[@id='filter-p_123']//span[@class='a-size-base a-color-base']], [[ChromeDriver: chrome on windows (128274166b698288aec6887bb3b7e04a)] -> xpath: //ul[@id='filter-p_123']//span[@class='a-size-base a-color-base']], [[ChromeDriver: chrome on windows (128274166b698288aec6887bb3b7e04a)] -> xpath: //ul[@id='filter-p_123']//span[@class='a-size-base a-color-base']], [[ChromeDriver: chrome on windows (128274166b698288aec6887bb3b7e04a)] -> xpath: //ul[@id='filter-p_123']//span[@class='a-size-base a-color-base']], [[ChromeDriver: chrome on windows (128274166b698288aec6887bb3b7e04a)] -> xpath: //ul[@id='filter-p_123']//span[@class='a-size-base a-color-base']], [[ChromeDriver: chrome on windows (128274166b698288aec6887bb3b7e04a)] -> xpath: //ul[@id='filter-p_123']//span[@class='a-size-base a-color-base']], [[ChromeDriver: chrome on windows (128274166b698288aec6887bb3b7e04a)] -> xpath: //ul[@id='filter-p_123']//span[@class='a-size-base a-color-base']], [[ChromeDriver: chrome on windows (128274166b698288aec6887bb3b7e04a)] -> xpath: //ul[@id='filter-p_123']//span[@class='a-size-base a-color-base']], [[ChromeDriver: chrome on windows (128274166b698288aec6887bb3b7e04a)] -> xpath: //ul[@id='filter-p_123']//span[@class='a-size-base a-color-base']], [[ChromeDriver: chrome on windows (128274166b698288aec6887bb3b7e04a)] -> xpath: //ul[@id='filter-p_123']//span[@class='a-size-base a-color-base']]] from the safeFindElements method
19:59:44 [TestNG-test-Test-2] INFO  verifyingTheBrandsFilterFunctionality_Laptop_19-59-21 - [verifyingTheBrandsFilterFunctionality_Laptop_19-59-21] Within getfilterByTypeAndName method
19:59:44 [TestNG-test-Test-2] INFO  verifyingTheBrandsFilterFunctionality_Laptop_19-59-21 - [verifyingTheBrandsFilterFunctionality_Laptop_19-59-21] Within safeClickBooleanWithScreenShot method
19:59:44 [TestNG-test-Test-2] INFO  verifyingTheBrandsFilterFunctionality_Laptop_19-59-21 - [verifyingTheBrandsFilterFunctionality_Laptop_19-59-21] Within getAppliedfilterByTypeAndName method
19:59:44 [TestNG-test-Test-2] INFO  verifyingTheBrandsFilterFunctionality_Laptop_19-59-21 - [verifyingTheBrandsFilterFunctionality_Laptop_19-59-21] Within smoothScrollToElement method
19:59:44 [TestNG-test-Test-2] INFO  verifyingTheBrandsFilterFunctionality_Laptop_19-59-21 - [verifyingTheBrandsFilterFunctionality_Laptop_19-59-21] Within safeFindElement method
19:59:44 [TestNG-test-Test-2] INFO  verifyingTheBrandsFilterFunctionality_Laptop_19-59-21 - [verifyingTheBrandsFilterFunctionality_Laptop_19-59-21]Found the element returning it ,element ->[[ChromeDriver: chrome on windows (128274166b698288aec6887bb3b7e04a)] -> xpath: //span[@class='a-size-base a-color-base puis-bold-weight-text' and text()='Brands']]
19:59:44 [TestNG-test-Test-2] INFO  verifyingTheBrandsFilterFunctionality_Laptop_19-59-21 - [verifyingTheBrandsFilterFunctionality_Laptop_19-59-21] Successfully scrolled to element: By.xpath: //span[@class='a-size-base a-color-base puis-bold-weight-text' and text()='Brands']
19:59:44 [TestNG-test-Test-2] INFO  verifyingTheBrandsFilterFunctionality_Laptop_19-59-21 - [verifyingTheBrandsFilterFunctionality_Laptop_19-59-21] Within getMoreButtonByFilterTypeAndName method
19:59:44 [TestNG-test-Test-2] INFO  verifyingTheBrandsFilterFunctionality_Laptop_19-59-21 - [verifyingTheBrandsFilterFunctionality_Laptop_19-59-21] could not find more button
19:59:45 [TestNG-test-Test-2] INFO  verifyingTheBrandsFilterFunctionality_Laptop_19-59-21 - [verifyingTheBrandsFilterFunctionality_Laptop_19-59-21] Within getAppliedfilterByTypeAndName method
19:59:45 [TestNG-test-Test-2] INFO  verifyingTheBrandsFilterFunctionality_Laptop_19-59-21 - [verifyingTheBrandsFilterFunctionality_Laptop_19-59-21] Within smoothScrollToElement method
19:59:45 [TestNG-test-Test-2] INFO  verifyingTheBrandsFilterFunctionality_Laptop_19-59-21 - [verifyingTheBrandsFilterFunctionality_Laptop_19-59-21] Within safeFindElement method
19:59:46 [TestNG-test-Test-2] INFO  verifyingTheBrandsFilterFunctionality_Laptop_19-59-21 - [verifyingTheBrandsFilterFunctionality_Laptop_19-59-21]Found the element returning it ,element ->[[ChromeDriver: chrome on windows (128274166b698288aec6887bb3b7e04a)] -> xpath: //span[@class='a-size-base a-color-base puis-bold-weight-text' and text()='Brands']]
19:59:46 [TestNG-test-Test-2] INFO  verifyingTheBrandsFilterFunctionality_Laptop_19-59-21 - [verifyingTheBrandsFilterFunctionality_Laptop_19-59-21] Successfully scrolled to element: By.xpath: //span[@class='a-size-base a-color-base puis-bold-weight-text' and text()='Brands']
19:59:46 [TestNG-test-Test-2] INFO  verifyingTheBrandsFilterFunctionality_Laptop_19-59-21 - [verifyingTheBrandsFilterFunctionality_Laptop_19-59-21] Within getMoreButtonByFilterTypeAndName method
19:59:46 [TestNG-test-Test-2] INFO  verifyingTheBrandsFilterFunctionality_Laptop_19-59-21 - [verifyingTheBrandsFilterFunctionality_Laptop_19-59-21] could not find more button
19:59:46 [TestNG-test-Test-2] INFO  verifyingTheBrandsFilterFunctionality_Laptop_19-59-21 - [verifyingTheBrandsFilterFunctionality_Laptop_19-59-21] Within getfilterByTypeAndName method
19:59:46 [TestNG-test-Test-2] INFO  verifyingTheBrandsFilterFunctionality_Laptop_19-59-21 - [verifyingTheBrandsFilterFunctionality_Laptop_19-59-21] Within smoothScrollToElement method
19:59:46 [TestNG-test-Test-2] INFO  verifyingTheBrandsFilterFunctionality_Laptop_19-59-21 - [verifyingTheBrandsFilterFunctionality_Laptop_19-59-21] Within safeFindElement method
19:59:51 [TestNG-test-Test-2] INFO  verifyingTheBrandsFilterFunctionality_Laptop_19-59-21 - [verifyingTheBrandsFilterFunctionality_Laptop_19-59-21]Retrying findElement for: ->By.xpath: //ul[@id='filter-p_123']//span[@class='a-size-base a-color-base' and text()='Lenovo']
19:59:52 [TestNG-test-Test-2] INFO  verifyingTheBrandsFilterFunctionality_Laptop_19-59-21 - [verifyingTheBrandsFilterFunctionality_Laptop_19-59-21]Refrehsing the page , while trying to safely find : ->By.xpath: //ul[@id='filter-p_123']//span[@class='a-size-base a-color-base' and text()='Lenovo']
19:59:58 [TestNG-test-Test-2] INFO  verifyingTheBrandsFilterFunctionality_Laptop_19-59-21 - [verifyingTheBrandsFilterFunctionality_Laptop_19-59-21]Retrying findElement for: ->By.xpath: //ul[@id='filter-p_123']//span[@class='a-size-base a-color-base' and text()='Lenovo']
19:59:59 [TestNG-test-Test-2] INFO  verifyingTheBrandsFilterFunctionality_Laptop_19-59-21 - [verifyingTheBrandsFilterFunctionality_Laptop_19-59-21]Refrehsing the page , while trying to safely find : ->By.xpath: //ul[@id='filter-p_123']//span[@class='a-size-base a-color-base' and text()='Lenovo']
19:59:59 [TestNG-test-Test-2] INFO  verifyingTheBrandsFilterFunctionality_Laptop_19-59-21 - [verifyingTheBrandsFilterFunctionality_Laptop_19-59-21] Skipping action: Element not found after 2   attemps
19:59:59 [TestNG-test-Test-2] WARN  verifyingTheBrandsFilterFunctionality_Laptop_19-59-21 - [verifyingTheBrandsFilterFunctionality_Laptop_19-59-21] Element not found for locator: By.xpath: //ul[@id='filter-p_123']//span[@class='a-size-base a-color-base' and text()='Lenovo']
19:59:59 [TestNG-test-Test-2] INFO  verifyingTheBrandsFilterFunctionality_Laptop_19-59-21 - [verifyingTheBrandsFilterFunctionality_Laptop_19-59-21] Clicked the element using safe click ,element is [[ChromeDriver: chrome on windows (128274166b698288aec6887bb3b7e04a)] -> xpath: //ul[@id='filter-p_123']//span[@class='a-size-base a-color-base' and text()='Lenovo']]
19:59:59 [TestNG-test-Test-2] INFO  verifyingTheBrandsFilterFunctionality_Laptop_19-59-21 - [verifyingTheBrandsFilterFunctionality_Laptop_19-59-21] Clicked on LenovoWithin the filterOptions loop
19:59:59 [TestNG-test-Test-2] INFO  verifyingTheBrandsFilterFunctionality_Laptop_19-59-21 - [verifyingTheBrandsFilterFunctionality_Laptop_19-59-21] Within safeFindElements 
19:59:59 [TestNG-test-Test-2] INFO  verifyingTheBrandsFilterFunctionality_Laptop_19-59-21 - [verifyingTheBrandsFilterFunctionality_Laptop_19-59-21] Returning the  [[[ChromeDriver: chrome on windows (128274166b698288aec6887bb3b7e04a)] -> xpath: //div[@data-cy='title-recipe']], [[ChromeDriver: chrome on windows (128274166b698288aec6887bb3b7e04a)] -> xpath: //div[@data-cy='title-recipe']], [[ChromeDriver: chrome on windows (128274166b698288aec6887bb3b7e04a)] -> xpath: //div[@data-cy='title-recipe']], [[ChromeDriver: chrome on windows (128274166b698288aec6887bb3b7e04a)] -> xpath: //div[@data-cy='title-recipe']], [[ChromeDriver: chrome on windows (128274166b698288aec6887bb3b7e04a)] -> xpath: //div[@data-cy='title-recipe']], [[ChromeDriver: chrome on windows (128274166b698288aec6887bb3b7e04a)] -> xpath: //div[@data-cy='title-recipe']], [[ChromeDriver: chrome on windows (128274166b698288aec6887bb3b7e04a)] -> xpath: //div[@data-cy='title-recipe']], [[ChromeDriver: chrome on windows (128274166b698288aec6887bb3b7e04a)] -> xpath: //div[@data-cy='title-recipe']], [[ChromeDriver: chrome on windows (128274166b698288aec6887bb3b7e04a)] -> xpath: //div[@data-cy='title-recipe']], [[ChromeDriver: chrome on windows (128274166b698288aec6887bb3b7e04a)] -> xpath: //div[@data-cy='title-recipe']], [[ChromeDriver: chrome on windows (128274166b698288aec6887bb3b7e04a)] -> xpath: //div[@data-cy='title-recipe']], [[ChromeDriver: chrome on windows (128274166b698288aec6887bb3b7e04a)] -> xpath: //div[@data-cy='title-recipe']], [[ChromeDriver: chrome on windows (128274166b698288aec6887bb3b7e04a)] -> xpath: //div[@data-cy='title-recipe']], [[ChromeDriver: chrome on windows (128274166b698288aec6887bb3b7e04a)] -> xpath: //div[@data-cy='title-recipe']], [[ChromeDriver: chrome on windows (128274166b698288aec6887bb3b7e04a)] -> xpath: //div[@data-cy='title-recipe']], [[ChromeDriver: chrome on windows (128274166b698288aec6887bb3b7e04a)] -> xpath: //div[@data-cy='title-recipe']]] from the safeFindElements method
19:59:59 [TestNG-test-Test-2] INFO  verifyingTheBrandsFilterFunctionality_Laptop_19-59-21 - [verifyingTheBrandsFilterFunctionality_Laptop_19-59-21] Within productNameListingPage loop with product index 0and filter name Lenovo
19:59:59 [TestNG-test-Test-2] INFO  verifyingTheBrandsFilterFunctionality_Laptop_19-59-21 - [verifyingTheBrandsFilterFunctionality_Laptop_19-59-21] Within productNameListingPage loop with product index 1and filter name Lenovo
19:59:59 [TestNG-test-Test-2] INFO  verifyingTheBrandsFilterFunctionality_Laptop_19-59-21 - [verifyingTheBrandsFilterFunctionality_Laptop_19-59-21] Within productNameListingPage loop with product index 2and filter name Lenovo
19:59:59 [TestNG-test-Test-2] INFO  verifyingTheBrandsFilterFunctionality_Laptop_19-59-21 - [verifyingTheBrandsFilterFunctionality_Laptop_19-59-21] Within productNameListingPage loop with product index 3and filter name Lenovo
19:59:59 [TestNG-test-Test-2] INFO  verifyingTheBrandsFilterFunctionality_Laptop_19-59-21 - [verifyingTheBrandsFilterFunctionality_Laptop_19-59-21] Within productNameListingPage loop with product index 4and filter name Lenovo
19:59:59 [TestNG-test-Test-2] INFO  verifyingTheBrandsFilterFunctionality_Laptop_19-59-21 - [verifyingTheBrandsFilterFunctionality_Laptop_19-59-21] Within productNameListingPage loop with product index 5and filter name Lenovo
19:59:59 [TestNG-test-Test-2] INFO  verifyingTheBrandsFilterFunctionality_Laptop_19-59-21 - [verifyingTheBrandsFilterFunctionality_Laptop_19-59-21] Within productNameListingPage loop with product index 6and filter name Lenovo
19:59:59 [TestNG-test-Test-2] INFO  verifyingTheBrandsFilterFunctionality_Laptop_19-59-21 - [verifyingTheBrandsFilterFunctionality_Laptop_19-59-21] Within productNameListingPage loop with product index 7and filter name Lenovo
19:59:59 [TestNG-test-Test-2] INFO  verifyingTheBrandsFilterFunctionality_Laptop_19-59-21 - [verifyingTheBrandsFilterFunctionality_Laptop_19-59-21] Within productNameListingPage loop with product index 8and filter name Lenovo
19:59:59 [TestNG-test-Test-2] INFO  verifyingTheBrandsFilterFunctionality_Laptop_19-59-21 - [verifyingTheBrandsFilterFunctionality_Laptop_19-59-21] Within productNameListingPage loop with product index 9and filter name Lenovo
19:59:59 [TestNG-test-Test-2] INFO  verifyingTheBrandsFilterFunctionality_Laptop_19-59-21 - [verifyingTheBrandsFilterFunctionality_Laptop_19-59-21] Within productNameListingPage loop with product index 10and filter name Lenovo
19:59:59 [TestNG-test-Test-2] INFO  verifyingTheBrandsFilterFunctionality_Laptop_19-59-21 - [verifyingTheBrandsFilterFunctionality_Laptop_19-59-21] Within productNameListingPage loop with product index 11and filter name Lenovo
19:59:59 [TestNG-test-Test-2] INFO  verifyingTheBrandsFilterFunctionality_Laptop_19-59-21 - [verifyingTheBrandsFilterFunctionality_Laptop_19-59-21] Within productNameListingPage loop with product index 12and filter name Lenovo
19:59:59 [TestNG-test-Test-2] INFO  verifyingTheBrandsFilterFunctionality_Laptop_19-59-21 - [verifyingTheBrandsFilterFunctionality_Laptop_19-59-21] Within productNameListingPage loop with product index 13and filter name Lenovo
19:59:59 [TestNG-test-Test-2] INFO  verifyingTheBrandsFilterFunctionality_Laptop_19-59-21 - [verifyingTheBrandsFilterFunctionality_Laptop_19-59-21] Within productNameListingPage loop with product index 14and filter name Lenovo
19:59:59 [TestNG-test-Test-2] INFO  verifyingTheBrandsFilterFunctionality_Laptop_19-59-21 - [verifyingTheBrandsFilterFunctionality_Laptop_19-59-21] Within productNameListingPage loop with product index 15and filter name Lenovo
19:59:59 [TestNG-test-Test-2] INFO  verifyingTheBrandsFilterFunctionality_Laptop_19-59-21 - [verifyingTheBrandsFilterFunctionality_Laptop_19-59-21] Creating 'result' Map for storing ,'brand','isValid','mismatches list' with map size ->3
19:59:59 [TestNG-test-Test-2] INFO  verifyingTheBrandsFilterFunctionality_Laptop_19-59-21 - [verifyingTheBrandsFilterFunctionality_Laptop_19-59-21] Adding 'result' with the data into 'allResults' i.e list of Map3
19:59:59 [TestNG-test-Test-2] INFO  verifyingTheBrandsFilterFunctionality_Laptop_19-59-21 - [verifyingTheBrandsFilterFunctionality_Laptop_19-59-21] Waiting until element is visible in viewport
19:59:59 [TestNG-test-Test-2] INFO  verifyingTheBrandsFilterFunctionality_Laptop_19-59-21 - [verifyingTheBrandsFilterFunctionality_Laptop_19-59-21] Within safeClick method
20:00:00 [TestNG-test-Test-2] INFO  verifyingTheBrandsFilterFunctionality_Laptop_19-59-21 - [verifyingTheBrandsFilterFunctionality_Laptop_19-59-21] Clicked the  [[ChromeDriver: chrome on windows (128274166b698288aec6887bb3b7e04a)] -> xpath: //span[@class='a-size-base a-color-base' and text()='Clear']]   using safeClick
20:00:00 [TestNG-test-Test-2] INFO  verifyingTheBrandsFilterFunctionality_Laptop_19-59-21 - [verifyingTheBrandsFilterFunctionality_Laptop_19-59-21] Clicked clear button for the filter ->Lenovo
20:00:00 [TestNG-test-Test-2] INFO  verifyingTheBrandsFilterFunctionality_Laptop_19-59-21 - [verifyingTheBrandsFilterFunctionality_Laptop_19-59-21] Within the filterOptions loop 
20:00:00 [TestNG-test-Test-2] INFO  verifyingTheBrandsFilterFunctionality_Laptop_19-59-21 - [verifyingTheBrandsFilterFunctionality_Laptop_19-59-21] Within safeFindElements 
20:00:01 [TestNG-test-Test-2] INFO  verifyingTheBrandsFilterFunctionality_Laptop_19-59-21 - [verifyingTheBrandsFilterFunctionality_Laptop_19-59-21] Returning the  [[[ChromeDriver: chrome on windows (128274166b698288aec6887bb3b7e04a)] -> xpath: //ul[@id='filter-p_123']//span[@class='a-size-base a-color-base']], [[ChromeDriver: chrome on windows (128274166b698288aec6887bb3b7e04a)] -> xpath: //ul[@id='filter-p_123']//span[@class='a-size-base a-color-base']], [[ChromeDriver: chrome on windows (128274166b698288aec6887bb3b7e04a)] -> xpath: //ul[@id='filter-p_123']//span[@class='a-size-base a-color-base']], [[ChromeDriver: chrome on windows (128274166b698288aec6887bb3b7e04a)] -> xpath: //ul[@id='filter-p_123']//span[@class='a-size-base a-color-base']], [[ChromeDriver: chrome on windows (128274166b698288aec6887bb3b7e04a)] -> xpath: //ul[@id='filter-p_123']//span[@class='a-size-base a-color-base']], [[ChromeDriver: chrome on windows (128274166b698288aec6887bb3b7e04a)] -> xpath: //ul[@id='filter-p_123']//span[@class='a-size-base a-color-base']], [[ChromeDriver: chrome on windows (128274166b698288aec6887bb3b7e04a)] -> xpath: //ul[@id='filter-p_123']//span[@class='a-size-base a-color-base']], [[ChromeDriver: chrome on windows (128274166b698288aec6887bb3b7e04a)] -> xpath: //ul[@id='filter-p_123']//span[@class='a-size-base a-color-base']], [[ChromeDriver: chrome on windows (128274166b698288aec6887bb3b7e04a)] -> xpath: //ul[@id='filter-p_123']//span[@class='a-size-base a-color-base']], [[ChromeDriver: chrome on windows (128274166b698288aec6887bb3b7e04a)] -> xpath: //ul[@id='filter-p_123']//span[@class='a-size-base a-color-base']], [[ChromeDriver: chrome on windows (128274166b698288aec6887bb3b7e04a)] -> xpath: //ul[@id='filter-p_123']//span[@class='a-size-base a-color-base']]] from the safeFindElements method
20:00:01 [TestNG-test-Test-2] INFO  verifyingTheBrandsFilterFunctionality_Laptop_19-59-21 - [verifyingTheBrandsFilterFunctionality_Laptop_19-59-21] Within safeFindElement method
20:00:01 [TestNG-test-Test-2] INFO  verifyingTheBrandsFilterFunctionality_Laptop_19-59-21 - [verifyingTheBrandsFilterFunctionality_Laptop_19-59-21]Found the element returning it ,element ->[[ChromeDriver: chrome on windows (128274166b698288aec6887bb3b7e04a)] -> xpath: //a[@aria-label='See more, Brands']]
20:00:01 [TestNG-test-Test-2] INFO  verifyingTheBrandsFilterFunctionality_Laptop_19-59-21 - [verifyingTheBrandsFilterFunctionality_Laptop_19-59-21] Within smoothScrollToElement method
20:00:01 [TestNG-test-Test-2] INFO  verifyingTheBrandsFilterFunctionality_Laptop_19-59-21 - [verifyingTheBrandsFilterFunctionality_Laptop_19-59-21] Within safeFindElement method
20:00:01 [TestNG-test-Test-2] INFO  verifyingTheBrandsFilterFunctionality_Laptop_19-59-21 - [verifyingTheBrandsFilterFunctionality_Laptop_19-59-21]Found the element returning it ,element ->[[ChromeDriver: chrome on windows (128274166b698288aec6887bb3b7e04a)] -> xpath: //a[@aria-label='See more, Brands']]
20:00:01 [TestNG-test-Test-2] INFO  verifyingTheBrandsFilterFunctionality_Laptop_19-59-21 - [verifyingTheBrandsFilterFunctionality_Laptop_19-59-21] Successfully scrolled to element: By.xpath: //a[@aria-label='See more, Brands']
20:00:01 [TestNG-test-Test-2] INFO  verifyingTheBrandsFilterFunctionality_Laptop_19-59-21 - [verifyingTheBrandsFilterFunctionality_Laptop_19-59-21] Within safeClick method
20:00:01 [TestNG-test-Test-2] INFO  verifyingTheBrandsFilterFunctionality_Laptop_19-59-21 - [verifyingTheBrandsFilterFunctionality_Laptop_19-59-21] Clicked the  [[ChromeDriver: chrome on windows (128274166b698288aec6887bb3b7e04a)] -> xpath: //a[@aria-label='See more, Brands']]   using safeClick
20:00:01 [TestNG-test-Test-2] INFO  verifyingTheBrandsFilterFunctionality_Laptop_19-59-21 - [verifyingTheBrandsFilterFunctionality_Laptop_19-59-21] Within safeFindElements 
20:00:01 [TestNG-test-Test-2] INFO  verifyingTheBrandsFilterFunctionality_Laptop_19-59-21 - [verifyingTheBrandsFilterFunctionality_Laptop_19-59-21] Returning the  [[[ChromeDriver: chrome on windows (128274166b698288aec6887bb3b7e04a)] -> xpath: //ul[@id='filter-p_123']//span[@class='a-size-base a-color-base']], [[ChromeDriver: chrome on windows (128274166b698288aec6887bb3b7e04a)] -> xpath: //ul[@id='filter-p_123']//span[@class='a-size-base a-color-base']], [[ChromeDriver: chrome on windows (128274166b698288aec6887bb3b7e04a)] -> xpath: //ul[@id='filter-p_123']//span[@class='a-size-base a-color-base']], [[ChromeDriver: chrome on windows (128274166b698288aec6887bb3b7e04a)] -> xpath: //ul[@id='filter-p_123']//span[@class='a-size-base a-color-base']], [[ChromeDriver: chrome on windows (128274166b698288aec6887bb3b7e04a)] -> xpath: //ul[@id='filter-p_123']//span[@class='a-size-base a-color-base']], [[ChromeDriver: chrome on windows (128274166b698288aec6887bb3b7e04a)] -> xpath: //ul[@id='filter-p_123']//span[@class='a-size-base a-color-base']], [[ChromeDriver: chrome on windows (128274166b698288aec6887bb3b7e04a)] -> xpath: //ul[@id='filter-p_123']//span[@class='a-size-base a-color-base']], [[ChromeDriver: chrome on windows (128274166b698288aec6887bb3b7e04a)] -> xpath: //ul[@id='filter-p_123']//span[@class='a-size-base a-color-base']], [[ChromeDriver: chrome on windows (128274166b698288aec6887bb3b7e04a)] -> xpath: //ul[@id='filter-p_123']//span[@class='a-size-base a-color-base']], [[ChromeDriver: chrome on windows (128274166b698288aec6887bb3b7e04a)] -> xpath: //ul[@id='filter-p_123']//span[@class='a-size-base a-color-base']], [[ChromeDriver: chrome on windows (128274166b698288aec6887bb3b7e04a)] -> xpath: //ul[@id='filter-p_123']//span[@class='a-size-base a-color-base']]] from the safeFindElements method
20:00:01 [TestNG-test-Test-2] INFO  verifyingTheBrandsFilterFunctionality_Laptop_19-59-21 - [verifyingTheBrandsFilterFunctionality_Laptop_19-59-21] Within getfilterByTypeAndName method
20:00:01 [TestNG-test-Test-2] INFO  verifyingTheBrandsFilterFunctionality_Laptop_19-59-21 - [verifyingTheBrandsFilterFunctionality_Laptop_19-59-21] Within safeClickBooleanWithScreenShot method
20:00:01 [TestNG-test-Test-2] INFO  verifyingTheBrandsFilterFunctionality_Laptop_19-59-21 - [verifyingTheBrandsFilterFunctionality_Laptop_19-59-21] Within getAppliedfilterByTypeAndName method
20:00:01 [TestNG-test-Test-2] INFO  verifyingTheBrandsFilterFunctionality_Laptop_19-59-21 - [verifyingTheBrandsFilterFunctionality_Laptop_19-59-21] Within smoothScrollToElement method
20:00:01 [TestNG-test-Test-2] INFO  verifyingTheBrandsFilterFunctionality_Laptop_19-59-21 - [verifyingTheBrandsFilterFunctionality_Laptop_19-59-21] Within safeFindElement method
20:00:01 [TestNG-test-Test-2] INFO  verifyingTheBrandsFilterFunctionality_Laptop_19-59-21 - [verifyingTheBrandsFilterFunctionality_Laptop_19-59-21]Found the element returning it ,element ->[[ChromeDriver: chrome on windows (128274166b698288aec6887bb3b7e04a)] -> xpath: //span[@class='a-size-base a-color-base puis-bold-weight-text' and text()='Brands']]
20:00:01 [TestNG-test-Test-2] INFO  verifyingTheBrandsFilterFunctionality_Laptop_19-59-21 - [verifyingTheBrandsFilterFunctionality_Laptop_19-59-21] Successfully scrolled to element: By.xpath: //span[@class='a-size-base a-color-base puis-bold-weight-text' and text()='Brands']
20:00:01 [TestNG-test-Test-2] INFO  verifyingTheBrandsFilterFunctionality_Laptop_19-59-21 - [verifyingTheBrandsFilterFunctionality_Laptop_19-59-21] Within getMoreButtonByFilterTypeAndName method
20:00:01 [TestNG-test-Test-2] INFO  verifyingTheBrandsFilterFunctionality_Laptop_19-59-21 - [verifyingTheBrandsFilterFunctionality_Laptop_19-59-21] could not find more button
20:00:01 [TestNG-test-Test-2] INFO  verifyingTheBrandsFilterFunctionality_Laptop_19-59-21 - [verifyingTheBrandsFilterFunctionality_Laptop_19-59-21] Within getAppliedfilterByTypeAndName method
20:00:01 [TestNG-test-Test-2] INFO  verifyingTheBrandsFilterFunctionality_Laptop_19-59-21 - [verifyingTheBrandsFilterFunctionality_Laptop_19-59-21] Within smoothScrollToElement method
20:00:01 [TestNG-test-Test-2] INFO  verifyingTheBrandsFilterFunctionality_Laptop_19-59-21 - [verifyingTheBrandsFilterFunctionality_Laptop_19-59-21] Within safeFindElement method
20:00:02 [TestNG-test-Test-2] INFO  verifyingTheBrandsFilterFunctionality_Laptop_19-59-21 - [verifyingTheBrandsFilterFunctionality_Laptop_19-59-21]Found the element returning it ,element ->[[ChromeDriver: chrome on windows (128274166b698288aec6887bb3b7e04a)] -> xpath: //span[@class='a-size-base a-color-base puis-bold-weight-text' and text()='Brands']]
20:00:02 [TestNG-test-Test-2] INFO  verifyingTheBrandsFilterFunctionality_Laptop_19-59-21 - [verifyingTheBrandsFilterFunctionality_Laptop_19-59-21] Successfully scrolled to element: By.xpath: //span[@class='a-size-base a-color-base puis-bold-weight-text' and text()='Brands']
20:00:02 [TestNG-test-Test-2] INFO  verifyingTheBrandsFilterFunctionality_Laptop_19-59-21 - [verifyingTheBrandsFilterFunctionality_Laptop_19-59-21] Within getMoreButtonByFilterTypeAndName method
20:00:02 [TestNG-test-Test-2] INFO  verifyingTheBrandsFilterFunctionality_Laptop_19-59-21 - [verifyingTheBrandsFilterFunctionality_Laptop_19-59-21] could not find more button
20:00:02 [TestNG-test-Test-2] INFO  verifyingTheBrandsFilterFunctionality_Laptop_19-59-21 - [verifyingTheBrandsFilterFunctionality_Laptop_19-59-21] Within getfilterByTypeAndName method
20:00:02 [TestNG-test-Test-2] INFO  verifyingTheBrandsFilterFunctionality_Laptop_19-59-21 - [verifyingTheBrandsFilterFunctionality_Laptop_19-59-21] Within smoothScrollToElement method
20:00:02 [TestNG-test-Test-2] INFO  verifyingTheBrandsFilterFunctionality_Laptop_19-59-21 - [verifyingTheBrandsFilterFunctionality_Laptop_19-59-21] Within safeFindElement method
20:00:08 [TestNG-test-Test-2] INFO  verifyingTheBrandsFilterFunctionality_Laptop_19-59-21 - [verifyingTheBrandsFilterFunctionality_Laptop_19-59-21]Retrying findElement for: ->By.xpath: //ul[@id='filter-p_123']//span[@class='a-size-base a-color-base' and text()='Apple']
20:00:09 [TestNG-test-Test-2] INFO  verifyingTheBrandsFilterFunctionality_Laptop_19-59-21 - [verifyingTheBrandsFilterFunctionality_Laptop_19-59-21]Refrehsing the page , while trying to safely find : ->By.xpath: //ul[@id='filter-p_123']//span[@class='a-size-base a-color-base' and text()='Apple']
20:00:14 [TestNG-test-Test-2] INFO  verifyingTheBrandsFilterFunctionality_Laptop_19-59-21 - [verifyingTheBrandsFilterFunctionality_Laptop_19-59-21]Retrying findElement for: ->By.xpath: //ul[@id='filter-p_123']//span[@class='a-size-base a-color-base' and text()='Apple']
20:00:15 [TestNG-test-Test-2] INFO  verifyingTheBrandsFilterFunctionality_Laptop_19-59-21 - [verifyingTheBrandsFilterFunctionality_Laptop_19-59-21]Refrehsing the page , while trying to safely find : ->By.xpath: //ul[@id='filter-p_123']//span[@class='a-size-base a-color-base' and text()='Apple']
20:00:15 [TestNG-test-Test-2] INFO  verifyingTheBrandsFilterFunctionality_Laptop_19-59-21 - [verifyingTheBrandsFilterFunctionality_Laptop_19-59-21] Skipping action: Element not found after 2   attemps
20:00:15 [TestNG-test-Test-2] WARN  verifyingTheBrandsFilterFunctionality_Laptop_19-59-21 - [verifyingTheBrandsFilterFunctionality_Laptop_19-59-21] Element not found for locator: By.xpath: //ul[@id='filter-p_123']//span[@class='a-size-base a-color-base' and text()='Apple']
20:00:15 [TestNG-test-Test-2] INFO  verifyingTheBrandsFilterFunctionality_Laptop_19-59-21 - [verifyingTheBrandsFilterFunctionality_Laptop_19-59-21] Clicked the element using safe click ,element is [[ChromeDriver: chrome on windows (128274166b698288aec6887bb3b7e04a)] -> xpath: //ul[@id='filter-p_123']//span[@class='a-size-base a-color-base' and text()='Apple']]
20:00:16 [TestNG-test-Test-2] INFO  verifyingTheBrandsFilterFunctionality_Laptop_19-59-21 - [verifyingTheBrandsFilterFunctionality_Laptop_19-59-21] Clicked on AppleWithin the filterOptions loop
20:00:16 [TestNG-test-Test-2] INFO  verifyingTheBrandsFilterFunctionality_Laptop_19-59-21 - [verifyingTheBrandsFilterFunctionality_Laptop_19-59-21] Within safeFindElements 
20:00:16 [TestNG-test-Test-2] INFO  verifyingTheBrandsFilterFunctionality_Laptop_19-59-21 - [verifyingTheBrandsFilterFunctionality_Laptop_19-59-21] Returning the  [[[ChromeDriver: chrome on windows (128274166b698288aec6887bb3b7e04a)] -> xpath: //div[@data-cy='title-recipe']], [[ChromeDriver: chrome on windows (128274166b698288aec6887bb3b7e04a)] -> xpath: //div[@data-cy='title-recipe']], [[ChromeDriver: chrome on windows (128274166b698288aec6887bb3b7e04a)] -> xpath: //div[@data-cy='title-recipe']], [[ChromeDriver: chrome on windows (128274166b698288aec6887bb3b7e04a)] -> xpath: //div[@data-cy='title-recipe']], [[ChromeDriver: chrome on windows (128274166b698288aec6887bb3b7e04a)] -> xpath: //div[@data-cy='title-recipe']], [[ChromeDriver: chrome on windows (128274166b698288aec6887bb3b7e04a)] -> xpath: //div[@data-cy='title-recipe']], [[ChromeDriver: chrome on windows (128274166b698288aec6887bb3b7e04a)] -> xpath: //div[@data-cy='title-recipe']], [[ChromeDriver: chrome on windows (128274166b698288aec6887bb3b7e04a)] -> xpath: //div[@data-cy='title-recipe']], [[ChromeDriver: chrome on windows (128274166b698288aec6887bb3b7e04a)] -> xpath: //div[@data-cy='title-recipe']], [[ChromeDriver: chrome on windows (128274166b698288aec6887bb3b7e04a)] -> xpath: //div[@data-cy='title-recipe']], [[ChromeDriver: chrome on windows (128274166b698288aec6887bb3b7e04a)] -> xpath: //div[@data-cy='title-recipe']], [[ChromeDriver: chrome on windows (128274166b698288aec6887bb3b7e04a)] -> xpath: //div[@data-cy='title-recipe']], [[ChromeDriver: chrome on windows (128274166b698288aec6887bb3b7e04a)] -> xpath: //div[@data-cy='title-recipe']], [[ChromeDriver: chrome on windows (128274166b698288aec6887bb3b7e04a)] -> xpath: //div[@data-cy='title-recipe']], [[ChromeDriver: chrome on windows (128274166b698288aec6887bb3b7e04a)] -> xpath: //div[@data-cy='title-recipe']], [[ChromeDriver: chrome on windows (128274166b698288aec6887bb3b7e04a)] -> xpath: //div[@data-cy='title-recipe']]] from the safeFindElements method
20:00:16 [TestNG-test-Test-2] INFO  verifyingTheBrandsFilterFunctionality_Laptop_19-59-21 - [verifyingTheBrandsFilterFunctionality_Laptop_19-59-21] Within productNameListingPage loop with product index 0and filter name Apple
20:00:16 [TestNG-test-Test-2] INFO  verifyingTheBrandsFilterFunctionality_Laptop_19-59-21 - [verifyingTheBrandsFilterFunctionality_Laptop_19-59-21] Within productNameListingPage loop with product index 1and filter name Apple
20:00:16 [TestNG-test-Test-2] INFO  verifyingTheBrandsFilterFunctionality_Laptop_19-59-21 - [verifyingTheBrandsFilterFunctionality_Laptop_19-59-21] Within productNameListingPage loop with product index 2and filter name Apple
20:00:16 [TestNG-test-Test-2] INFO  verifyingTheBrandsFilterFunctionality_Laptop_19-59-21 - [verifyingTheBrandsFilterFunctionality_Laptop_19-59-21] Within productNameListingPage loop with product index 3and filter name Apple
20:00:16 [TestNG-test-Test-2] INFO  verifyingTheBrandsFilterFunctionality_Laptop_19-59-21 - [verifyingTheBrandsFilterFunctionality_Laptop_19-59-21] Within productNameListingPage loop with product index 4and filter name Apple
20:00:16 [TestNG-test-Test-2] INFO  verifyingTheBrandsFilterFunctionality_Laptop_19-59-21 - [verifyingTheBrandsFilterFunctionality_Laptop_19-59-21] Within productNameListingPage loop with product index 5and filter name Apple
20:00:16 [TestNG-test-Test-2] INFO  verifyingTheBrandsFilterFunctionality_Laptop_19-59-21 - [verifyingTheBrandsFilterFunctionality_Laptop_19-59-21] Within productNameListingPage loop with product index 6and filter name Apple
20:00:16 [TestNG-test-Test-2] INFO  verifyingTheBrandsFilterFunctionality_Laptop_19-59-21 - [verifyingTheBrandsFilterFunctionality_Laptop_19-59-21] Within productNameListingPage loop with product index 7and filter name Apple
20:00:16 [TestNG-test-Test-2] INFO  verifyingTheBrandsFilterFunctionality_Laptop_19-59-21 - [verifyingTheBrandsFilterFunctionality_Laptop_19-59-21] Within productNameListingPage loop with product index 8and filter name Apple
20:00:16 [TestNG-test-Test-2] INFO  verifyingTheBrandsFilterFunctionality_Laptop_19-59-21 - [verifyingTheBrandsFilterFunctionality_Laptop_19-59-21] Within productNameListingPage loop with product index 9and filter name Apple
20:00:16 [TestNG-test-Test-2] INFO  verifyingTheBrandsFilterFunctionality_Laptop_19-59-21 - [verifyingTheBrandsFilterFunctionality_Laptop_19-59-21] Within productNameListingPage loop with product index 10and filter name Apple
20:00:16 [TestNG-test-Test-2] INFO  verifyingTheBrandsFilterFunctionality_Laptop_19-59-21 - [verifyingTheBrandsFilterFunctionality_Laptop_19-59-21] Within productNameListingPage loop with product index 11and filter name Apple
20:00:16 [TestNG-test-Test-2] INFO  verifyingTheBrandsFilterFunctionality_Laptop_19-59-21 - [verifyingTheBrandsFilterFunctionality_Laptop_19-59-21] Within productNameListingPage loop with product index 12and filter name Apple
20:00:16 [TestNG-test-Test-2] INFO  verifyingTheBrandsFilterFunctionality_Laptop_19-59-21 - [verifyingTheBrandsFilterFunctionality_Laptop_19-59-21] Within productNameListingPage loop with product index 13and filter name Apple
20:00:16 [TestNG-test-Test-2] INFO  verifyingTheBrandsFilterFunctionality_Laptop_19-59-21 - [verifyingTheBrandsFilterFunctionality_Laptop_19-59-21] Within productNameListingPage loop with product index 14and filter name Apple
20:00:16 [TestNG-test-Test-2] INFO  verifyingTheBrandsFilterFunctionality_Laptop_19-59-21 - [verifyingTheBrandsFilterFunctionality_Laptop_19-59-21] Within productNameListingPage loop with product index 15and filter name Apple
20:00:16 [TestNG-test-Test-2] INFO  verifyingTheBrandsFilterFunctionality_Laptop_19-59-21 - [verifyingTheBrandsFilterFunctionality_Laptop_19-59-21] Creating 'result' Map for storing ,'brand','isValid','mismatches list' with map size ->3
20:00:16 [TestNG-test-Test-2] INFO  verifyingTheBrandsFilterFunctionality_Laptop_19-59-21 - [verifyingTheBrandsFilterFunctionality_Laptop_19-59-21] Adding 'result' with the data into 'allResults' i.e list of Map3
20:00:16 [TestNG-test-Test-2] INFO  verifyingTheBrandsFilterFunctionality_Laptop_19-59-21 - [verifyingTheBrandsFilterFunctionality_Laptop_19-59-21] Waiting until element is visible in viewport
20:00:16 [TestNG-test-Test-2] INFO  verifyingTheBrandsFilterFunctionality_Laptop_19-59-21 - [verifyingTheBrandsFilterFunctionality_Laptop_19-59-21] Within safeClick method
20:00:16 [TestNG-test-Test-2] INFO  verifyingTheBrandsFilterFunctionality_Laptop_19-59-21 - [verifyingTheBrandsFilterFunctionality_Laptop_19-59-21] Clicked the  [[ChromeDriver: chrome on windows (128274166b698288aec6887bb3b7e04a)] -> xpath: //span[@class='a-size-base a-color-base' and text()='Clear']]   using safeClick
20:00:16 [TestNG-test-Test-2] INFO  verifyingTheBrandsFilterFunctionality_Laptop_19-59-21 - [verifyingTheBrandsFilterFunctionality_Laptop_19-59-21] Clicked clear button for the filter ->Apple
20:00:16 [TestNG-test-Test-2] INFO  verifyingTheBrandsFilterFunctionality_Laptop_19-59-21 - [verifyingTheBrandsFilterFunctionality_Laptop_19-59-21] Returning the allResults List of Maps containing the data
20:00:16 [TestNG-test-Test-2] INFO  verifyingTheBrandsFilterFunctionality_Laptop_19-59-21 - [verifyingTheBrandsFilterFunctionality_Laptop_19-59-21] All product titles matched for brand: 'Lenovo'
20:00:16 [TestNG-test-Test-2] INFO  verifyingTheBrandsFilterFunctionality_Laptop_19-59-21 - [verifyingTheBrandsFilterFunctionality_Laptop_19-59-21] All product titles matched for brand: 'Apple'
20:00:16 [TestNG-test-Test-2] INFO  verifyingTheBrandsFilterFunctionality_Laptop_19-59-21 - [verifyingTheBrandsFilterFunctionality_Laptop_19-59-21]  Asserting all soft assertions now...
