19:49:03 [TestNG-test-Test-3] INFO  verifyingFreeDeliveryFilterFunctionality_Tablet_19-49-03 - No existing WebDriver found for current thread. Initializing a new ChromeDriver...
19:49:03 [TestNG-test-Test-3] INFO  verifyingFreeDeliveryFilterFunctionality_Tablet_19-49-03 - WebDriverManager: chromedriver setup OK
19:49:04 [TestNG-test-Test-3] INFO  verifyingFreeDeliveryFilterFunctionality_Tablet_19-49-03 - ChromeDriver initialized successfully for thread: 36
19:49:05 [TestNG-test-Test-3] INFO  verifyingFreeDeliveryFilterFunctionality_Tablet_19-49-03 - [verifyingFreeDeliveryFilterFunctionality_Tablet_19-49-03] Opening amazon Landing page
19:49:05 [TestNG-test-Test-3] INFO  verifyingFreeDeliveryFilterFunctionality_Tablet_19-49-03 - [verifyingFreeDeliveryFilterFunctionality_Tablet_19-49-03] Within safeFindElement method
19:49:06 [TestNG-test-Test-3] INFO  verifyingFreeDeliveryFilterFunctionality_Tablet_19-49-03 - [verifyingFreeDeliveryFilterFunctionality_Tablet_19-49-03]Found the element returning it ,element ->[[ChromeDriver: chrome on windows (ade57628fc4810d1554febd2d92d1bfd)] -> xpath: //a[@id='nav-logo-sprites']]
19:49:06 [TestNG-test-Test-3] INFO  verifyingFreeDeliveryFilterFunctionality_Tablet_19-49-03 - [verifyingFreeDeliveryFilterFunctionality_Tablet_19-49-03] Giving input within the search bar
19:49:06 [TestNG-test-Test-3] INFO  verifyingFreeDeliveryFilterFunctionality_Tablet_19-49-03 - [verifyingFreeDeliveryFilterFunctionality_Tablet_19-49-03] Within safeClick method
19:49:09 [TestNG-test-Test-3] INFO  verifyingFreeDeliveryFilterFunctionality_Tablet_19-49-03 - [verifyingFreeDeliveryFilterFunctionality_Tablet_19-49-03] Clicked the  [[ChromeDriver: chrome on windows (ade57628fc4810d1554febd2d92d1bfd)] -> xpath: //input[@id='nav-search-submit-button']]   using safeClick
19:49:09 [TestNG-test-Test-3] INFO  verifyingFreeDeliveryFilterFunctionality_Tablet_19-49-03 - [verifyingFreeDeliveryFilterFunctionality_Tablet_19-49-03] Clicking on the submit in the search bar
19:49:09 [TestNG-test-Test-3] INFO  verifyingFreeDeliveryFilterFunctionality_Tablet_19-49-03 - [verifyingFreeDeliveryFilterFunctionality_Tablet_19-49-03] Waiting until element is visible in viewport
19:49:09 [TestNG-test-Test-3] INFO  verifyingFreeDeliveryFilterFunctionality_Tablet_19-49-03 - [verifyingFreeDeliveryFilterFunctionality_Tablet_19-49-03] Within validateDeliveryFilterOptionsWithResult method
19:49:09 [TestNG-test-Test-3] INFO  verifyingFreeDeliveryFilterFunctionality_Tablet_19-49-03 - [verifyingFreeDeliveryFilterFunctionality_Tablet_19-49-03] Within safeClick method
19:49:09 [TestNG-test-Test-3] INFO  verifyingFreeDeliveryFilterFunctionality_Tablet_19-49-03 - [verifyingFreeDeliveryFilterFunctionality_Tablet_19-49-03] Clicked the  [[ChromeDriver: chrome on windows (ade57628fc4810d1554febd2d92d1bfd)] -> xpath: //span[@class='a-size-base a-color-base puis-bold-weight-text' and text()='Eligible for Free Delivery']/parent::div/following-sibling::ul//span[@class='a-size-base a-color-base' and text()='Free Shipping']]   using safeClick
19:49:09 [TestNG-test-Test-3] INFO  verifyingFreeDeliveryFilterFunctionality_Tablet_19-49-03 - [verifyingFreeDeliveryFilterFunctionality_Tablet_19-49-03] Within getMoreButtonByFilterTypeAndName method
19:49:09 [TestNG-test-Test-3] INFO  verifyingFreeDeliveryFilterFunctionality_Tablet_19-49-03 - [verifyingFreeDeliveryFilterFunctionality_Tablet_19-49-03] Clicked on By.xpath: //span[@class='a-size-base a-color-base puis-bold-weight-text' and text()='Eligible for Free Delivery']/parent::div/following-sibling::ul//span[@class='a-size-base a-color-base' and text()='Free Shipping']
19:49:09 [TestNG-test-Test-3] INFO  verifyingFreeDeliveryFilterFunctionality_Tablet_19-49-03 - [verifyingFreeDeliveryFilterFunctionality_Tablet_19-49-03] Within safeFindElements 
19:49:10 [TestNG-test-Test-3] INFO  verifyingFreeDeliveryFilterFunctionality_Tablet_19-49-03 - [verifyingFreeDeliveryFilterFunctionality_Tablet_19-49-03] Returning the  [[[ChromeDriver: chrome on windows (ade57628fc4810d1554febd2d92d1bfd)] -> xpath: //div[@class='a-section a-spacing-small a-spacing-top-small']], [[ChromeDriver: chrome on windows (ade57628fc4810d1554febd2d92d1bfd)] -> xpath: //div[@class='a-section a-spacing-small a-spacing-top-small']], [[ChromeDriver: chrome on windows (ade57628fc4810d1554febd2d92d1bfd)] -> xpath: //div[@class='a-section a-spacing-small a-spacing-top-small']], [[ChromeDriver: chrome on windows (ade57628fc4810d1554febd2d92d1bfd)] -> xpath: //div[@class='a-section a-spacing-small a-spacing-top-small']], [[ChromeDriver: chrome on windows (ade57628fc4810d1554febd2d92d1bfd)] -> xpath: //div[@class='a-section a-spacing-small a-spacing-top-small']], [[ChromeDriver: chrome on windows (ade57628fc4810d1554febd2d92d1bfd)] -> xpath: //div[@class='a-section a-spacing-small a-spacing-top-small']], [[ChromeDriver: chrome on windows (ade57628fc4810d1554febd2d92d1bfd)] -> xpath: //div[@class='a-section a-spacing-small a-spacing-top-small']]] from the safeFindElements method
19:49:10 [TestNG-test-Test-3] INFO  verifyingFreeDeliveryFilterFunctionality_Tablet_19-49-03 - [verifyingFreeDeliveryFilterFunctionality_Tablet_19-49-03] Created hashset with required data to assert with Within validateDeliveryFilterOptions method
19:49:10 [TestNG-test-Test-3] INFO  verifyingFreeDeliveryFilterFunctionality_Tablet_19-49-03 - [verifyingFreeDeliveryFilterFunctionality_Tablet_19-49-03] this is the set  [Jul, 24, Today, 25, FREE delivery, Sat, Fri, Tomorrow]
19:49:10 [TestNG-test-Test-3] INFO  verifyingFreeDeliveryFilterFunctionality_Tablet_19-49-03 - [verifyingFreeDeliveryFilterFunctionality_Tablet_19-49-03] Within deliveryElements loop iterating over the products  Within validateDeliveryFilterOptions method
19:49:10 [TestNG-test-Test-3] INFO  verifyingFreeDeliveryFilterFunctionality_Tablet_19-49-03 - [verifyingFreeDeliveryFilterFunctionality_Tablet_19-49-03] Checking if the allowedDateParts have the assert text   Within validateDeliveryFilterOptions method
19:49:10 [TestNG-test-Test-3] INFO  verifyingFreeDeliveryFilterFunctionality_Tablet_19-49-03 - [verifyingFreeDeliveryFilterFunctionality_Tablet_19-49-03] Within deliveryElements loop iterating over the products  Within validateDeliveryFilterOptions method
19:49:10 [TestNG-test-Test-3] INFO  verifyingFreeDeliveryFilterFunctionality_Tablet_19-49-03 - [verifyingFreeDeliveryFilterFunctionality_Tablet_19-49-03] Checking if the allowedDateParts have the assert text   Within validateDeliveryFilterOptions method
19:49:10 [TestNG-test-Test-3] INFO  verifyingFreeDeliveryFilterFunctionality_Tablet_19-49-03 - [verifyingFreeDeliveryFilterFunctionality_Tablet_19-49-03] Within deliveryElements loop iterating over the products  Within validateDeliveryFilterOptions method
19:49:10 [TestNG-test-Test-3] INFO  verifyingFreeDeliveryFilterFunctionality_Tablet_19-49-03 - [verifyingFreeDeliveryFilterFunctionality_Tablet_19-49-03] Checking if the allowedDateParts have the assert text   Within validateDeliveryFilterOptions method
19:49:10 [TestNG-test-Test-3] INFO  verifyingFreeDeliveryFilterFunctionality_Tablet_19-49-03 - [verifyingFreeDeliveryFilterFunctionality_Tablet_19-49-03] Within deliveryElements loop iterating over the products  Within validateDeliveryFilterOptions method
19:49:10 [TestNG-test-Test-3] INFO  verifyingFreeDeliveryFilterFunctionality_Tablet_19-49-03 - [verifyingFreeDeliveryFilterFunctionality_Tablet_19-49-03] Checking if the allowedDateParts have the assert text   Within validateDeliveryFilterOptions method
19:49:10 [TestNG-test-Test-3] INFO  verifyingFreeDeliveryFilterFunctionality_Tablet_19-49-03 - [verifyingFreeDeliveryFilterFunctionality_Tablet_19-49-03] Within deliveryElements loop iterating over the products  Within validateDeliveryFilterOptions method
19:49:10 [TestNG-test-Test-3] INFO  verifyingFreeDeliveryFilterFunctionality_Tablet_19-49-03 - [verifyingFreeDeliveryFilterFunctionality_Tablet_19-49-03] Checking if the allowedDateParts have the assert text   Within validateDeliveryFilterOptions method
19:49:10 [TestNG-test-Test-3] INFO  verifyingFreeDeliveryFilterFunctionality_Tablet_19-49-03 - [verifyingFreeDeliveryFilterFunctionality_Tablet_19-49-03] Within deliveryElements loop iterating over the products  Within validateDeliveryFilterOptions method
19:49:10 [TestNG-test-Test-3] INFO  verifyingFreeDeliveryFilterFunctionality_Tablet_19-49-03 - [verifyingFreeDeliveryFilterFunctionality_Tablet_19-49-03] Checking if the allowedDateParts have the assert text   Within validateDeliveryFilterOptions method
19:49:10 [TestNG-test-Test-3] INFO  verifyingFreeDeliveryFilterFunctionality_Tablet_19-49-03 - [verifyingFreeDeliveryFilterFunctionality_Tablet_19-49-03] Within deliveryElements loop iterating over the products  Within validateDeliveryFilterOptions method
19:49:10 [TestNG-test-Test-3] INFO  verifyingFreeDeliveryFilterFunctionality_Tablet_19-49-03 - [verifyingFreeDeliveryFilterFunctionality_Tablet_19-49-03] Checking if the allowedDateParts have the assert text   Within validateDeliveryFilterOptions method
19:49:10 [TestNG-test-Test-3] INFO  verifyingFreeDeliveryFilterFunctionality_Tablet_19-49-03 - [verifyingFreeDeliveryFilterFunctionality_Tablet_19-49-03] Returning the list with boolean values   Within validateDeliveryFilterOptions method
19:49:10 [TestNG-test-Test-3] INFO  verifyingFreeDeliveryFilterFunctionality_Tablet_19-49-03 - [verifyingFreeDeliveryFilterFunctionality_Tablet_19-49-03] Asserting delivery filter: isValid=true, index=-1, text=All the things are valid no errors
