19:43:27 [TestNG-test-Test-3] INFO  verifyingFreeDeliveryFilterFunctionality_Tablet_19-43-27 - No existing WebDriver found for current thread. Initializing a new ChromeDriver...
19:43:27 [TestNG-test-Test-3] INFO  verifyingFreeDeliveryFilterFunctionality_Tablet_19-43-27 - WebDriverManager: chromedriver setup OK
19:43:28 [TestNG-test-Test-3] INFO  verifyingFreeDeliveryFilterFunctionality_Tablet_19-43-27 - ChromeDriver initialized successfully for thread: 36
19:43:29 [TestNG-test-Test-3] INFO  verifyingFreeDeliveryFilterFunctionality_Tablet_19-43-27 - [verifyingFreeDeliveryFilterFunctionality_Tablet_19-43-27] Opening amazon Landing page
19:43:29 [TestNG-test-Test-3] INFO  verifyingFreeDeliveryFilterFunctionality_Tablet_19-43-27 - [verifyingFreeDeliveryFilterFunctionality_Tablet_19-43-27] Within safeFindElement method
19:43:33 [TestNG-test-Test-3] INFO  verifyingFreeDeliveryFilterFunctionality_Tablet_19-43-27 - [verifyingFreeDeliveryFilterFunctionality_Tablet_19-43-27]Found the element returning it ,element ->[[ChromeDriver: chrome on windows (bfef350208edb73a4d111184e9522ce5)] -> xpath: //a[@id='nav-logo-sprites']]
19:43:34 [TestNG-test-Test-3] INFO  verifyingFreeDeliveryFilterFunctionality_Tablet_19-43-27 - [verifyingFreeDeliveryFilterFunctionality_Tablet_19-43-27] Giving input within the search bar
19:43:34 [TestNG-test-Test-3] INFO  verifyingFreeDeliveryFilterFunctionality_Tablet_19-43-27 - [verifyingFreeDeliveryFilterFunctionality_Tablet_19-43-27] Within safeClick method
19:43:37 [TestNG-test-Test-3] INFO  verifyingFreeDeliveryFilterFunctionality_Tablet_19-43-27 - [verifyingFreeDeliveryFilterFunctionality_Tablet_19-43-27] Clicked the  [[ChromeDriver: chrome on windows (bfef350208edb73a4d111184e9522ce5)] -> xpath: //input[@id='nav-search-submit-button']]   using safeClick
19:43:37 [TestNG-test-Test-3] INFO  verifyingFreeDeliveryFilterFunctionality_Tablet_19-43-27 - [verifyingFreeDeliveryFilterFunctionality_Tablet_19-43-27] Clicking on the submit in the search bar
19:43:37 [TestNG-test-Test-3] INFO  verifyingFreeDeliveryFilterFunctionality_Tablet_19-43-27 - [verifyingFreeDeliveryFilterFunctionality_Tablet_19-43-27] Waiting until element is visible in viewport
19:43:37 [TestNG-test-Test-3] INFO  verifyingFreeDeliveryFilterFunctionality_Tablet_19-43-27 - [verifyingFreeDeliveryFilterFunctionality_Tablet_19-43-27] Within validateDeliveryFilterOptionsWithResult method
19:43:37 [TestNG-test-Test-3] INFO  verifyingFreeDeliveryFilterFunctionality_Tablet_19-43-27 - [verifyingFreeDeliveryFilterFunctionality_Tablet_19-43-27] Within safeClick method
19:43:37 [TestNG-test-Test-3] INFO  verifyingFreeDeliveryFilterFunctionality_Tablet_19-43-27 - [verifyingFreeDeliveryFilterFunctionality_Tablet_19-43-27] Clicked the  [[ChromeDriver: chrome on windows (bfef350208edb73a4d111184e9522ce5)] -> xpath: //span[@class='a-size-base a-color-base puis-bold-weight-text' and text()='Eligible for Free Delivery']/parent::div/following-sibling::ul//span[@class='a-size-base a-color-base' and text()='Free Shipping']]   using safeClick
19:43:37 [TestNG-test-Test-3] INFO  verifyingFreeDeliveryFilterFunctionality_Tablet_19-43-27 - [verifyingFreeDeliveryFilterFunctionality_Tablet_19-43-27] Within getMoreButtonByFilterTypeAndName method
19:43:37 [TestNG-test-Test-3] INFO  verifyingFreeDeliveryFilterFunctionality_Tablet_19-43-27 - [verifyingFreeDeliveryFilterFunctionality_Tablet_19-43-27] Clicked on By.xpath: //span[@class='a-size-base a-color-base puis-bold-weight-text' and text()='Eligible for Free Delivery']/parent::div/following-sibling::ul//span[@class='a-size-base a-color-base' and text()='Free Shipping']
19:43:37 [TestNG-test-Test-3] INFO  verifyingFreeDeliveryFilterFunctionality_Tablet_19-43-27 - [verifyingFreeDeliveryFilterFunctionality_Tablet_19-43-27] Within safeFindElements 
19:43:38 [TestNG-test-Test-3] INFO  verifyingFreeDeliveryFilterFunctionality_Tablet_19-43-27 - [verifyingFreeDeliveryFilterFunctionality_Tablet_19-43-27] Returning the  [[[ChromeDriver: chrome on windows (bfef350208edb73a4d111184e9522ce5)] -> xpath: //div[@class='a-section a-spacing-small a-spacing-top-small']], [[ChromeDriver: chrome on windows (bfef350208edb73a4d111184e9522ce5)] -> xpath: //div[@class='a-section a-spacing-small a-spacing-top-small']], [[ChromeDriver: chrome on windows (bfef350208edb73a4d111184e9522ce5)] -> xpath: //div[@class='a-section a-spacing-small a-spacing-top-small']], [[ChromeDriver: chrome on windows (bfef350208edb73a4d111184e9522ce5)] -> xpath: //div[@class='a-section a-spacing-small a-spacing-top-small']], [[ChromeDriver: chrome on windows (bfef350208edb73a4d111184e9522ce5)] -> xpath: //div[@class='a-section a-spacing-small a-spacing-top-small']], [[ChromeDriver: chrome on windows (bfef350208edb73a4d111184e9522ce5)] -> xpath: //div[@class='a-section a-spacing-small a-spacing-top-small']], [[ChromeDriver: chrome on windows (bfef350208edb73a4d111184e9522ce5)] -> xpath: //div[@class='a-section a-spacing-small a-spacing-top-small']], [[ChromeDriver: chrome on windows (bfef350208edb73a4d111184e9522ce5)] -> xpath: //div[@class='a-section a-spacing-small a-spacing-top-small']]] from the safeFindElements method
19:43:38 [TestNG-test-Test-3] INFO  verifyingFreeDeliveryFilterFunctionality_Tablet_19-43-27 - [verifyingFreeDeliveryFilterFunctionality_Tablet_19-43-27] Created hashset with required data to assert with Within validateDeliveryFilterOptions method
19:43:38 [TestNG-test-Test-3] INFO  verifyingFreeDeliveryFilterFunctionality_Tablet_19-43-27 - [verifyingFreeDeliveryFilterFunctionality_Tablet_19-43-27] this is the set  [Jul, 22, Today, Tue, FREE delivery, Wed, Tomorrow, 21]
19:43:38 [TestNG-test-Test-3] INFO  verifyingFreeDeliveryFilterFunctionality_Tablet_19-43-27 - [verifyingFreeDeliveryFilterFunctionality_Tablet_19-43-27] Within deliveryElements loop iterating over the products  Within validateDeliveryFilterOptions method
19:43:38 [TestNG-test-Test-3] INFO  verifyingFreeDeliveryFilterFunctionality_Tablet_19-43-27 - [verifyingFreeDeliveryFilterFunctionality_Tablet_19-43-27] Checking if the allowedDateParts have the assert text   Within validateDeliveryFilterOptions method
19:43:38 [TestNG-test-Test-3] INFO  verifyingFreeDeliveryFilterFunctionality_Tablet_19-43-27 - [verifyingFreeDeliveryFilterFunctionality_Tablet_19-43-27] Within deliveryElements loop iterating over the products  Within validateDeliveryFilterOptions method
19:43:38 [TestNG-test-Test-3] INFO  verifyingFreeDeliveryFilterFunctionality_Tablet_19-43-27 - [verifyingFreeDeliveryFilterFunctionality_Tablet_19-43-27] Checking if the allowedDateParts have the assert text   Within validateDeliveryFilterOptions method
19:43:38 [TestNG-test-Test-3] INFO  verifyingFreeDeliveryFilterFunctionality_Tablet_19-43-27 - [verifyingFreeDeliveryFilterFunctionality_Tablet_19-43-27] Within deliveryElements loop iterating over the products  Within validateDeliveryFilterOptions method
19:43:38 [TestNG-test-Test-3] INFO  verifyingFreeDeliveryFilterFunctionality_Tablet_19-43-27 - [verifyingFreeDeliveryFilterFunctionality_Tablet_19-43-27] Checking if the allowedDateParts have the assert text   Within validateDeliveryFilterOptions method
19:43:38 [TestNG-test-Test-3] INFO  verifyingFreeDeliveryFilterFunctionality_Tablet_19-43-27 - [verifyingFreeDeliveryFilterFunctionality_Tablet_19-43-27] Within deliveryElements loop iterating over the products  Within validateDeliveryFilterOptions method
19:43:38 [TestNG-test-Test-3] INFO  verifyingFreeDeliveryFilterFunctionality_Tablet_19-43-27 - [verifyingFreeDeliveryFilterFunctionality_Tablet_19-43-27] Checking if the allowedDateParts have the assert text   Within validateDeliveryFilterOptions method
19:43:38 [TestNG-test-Test-3] INFO  verifyingFreeDeliveryFilterFunctionality_Tablet_19-43-27 - [verifyingFreeDeliveryFilterFunctionality_Tablet_19-43-27] Within deliveryElements loop iterating over the products  Within validateDeliveryFilterOptions method
19:43:38 [TestNG-test-Test-3] INFO  verifyingFreeDeliveryFilterFunctionality_Tablet_19-43-27 - [verifyingFreeDeliveryFilterFunctionality_Tablet_19-43-27] Checking if the allowedDateParts have the assert text   Within validateDeliveryFilterOptions method
19:43:38 [TestNG-test-Test-3] INFO  verifyingFreeDeliveryFilterFunctionality_Tablet_19-43-27 - [verifyingFreeDeliveryFilterFunctionality_Tablet_19-43-27] Within deliveryElements loop iterating over the products  Within validateDeliveryFilterOptions method
19:43:38 [TestNG-test-Test-3] INFO  verifyingFreeDeliveryFilterFunctionality_Tablet_19-43-27 - [verifyingFreeDeliveryFilterFunctionality_Tablet_19-43-27] Checking if the allowedDateParts have the assert text   Within validateDeliveryFilterOptions method
19:43:38 [TestNG-test-Test-3] INFO  verifyingFreeDeliveryFilterFunctionality_Tablet_19-43-27 - [verifyingFreeDeliveryFilterFunctionality_Tablet_19-43-27] Within deliveryElements loop iterating over the products  Within validateDeliveryFilterOptions method
19:43:38 [TestNG-test-Test-3] INFO  verifyingFreeDeliveryFilterFunctionality_Tablet_19-43-27 - [verifyingFreeDeliveryFilterFunctionality_Tablet_19-43-27] Checking if the allowedDateParts have the assert text   Within validateDeliveryFilterOptions method
19:43:38 [TestNG-test-Test-3] INFO  verifyingFreeDeliveryFilterFunctionality_Tablet_19-43-27 - [verifyingFreeDeliveryFilterFunctionality_Tablet_19-43-27] Within deliveryElements loop iterating over the products  Within validateDeliveryFilterOptions method
19:43:38 [TestNG-test-Test-3] INFO  verifyingFreeDeliveryFilterFunctionality_Tablet_19-43-27 - [verifyingFreeDeliveryFilterFunctionality_Tablet_19-43-27] Checking if the allowedDateParts have the assert text   Within validateDeliveryFilterOptions method
19:43:38 [TestNG-test-Test-3] INFO  verifyingFreeDeliveryFilterFunctionality_Tablet_19-43-27 - [verifyingFreeDeliveryFilterFunctionality_Tablet_19-43-27] Returning the list with boolean values   Within validateDeliveryFilterOptions method
19:43:38 [TestNG-test-Test-3] INFO  verifyingFreeDeliveryFilterFunctionality_Tablet_19-43-27 - [verifyingFreeDeliveryFilterFunctionality_Tablet_19-43-27] Asserting delivery filter: isValid=true, index=-1, text=All the things are valid no errors
