17:00:51 [TestNG-test-Test-1] INFO  verifyingDisplayTypeFilterFunctionality_Laptop_17-00-51 - No existing WebDriver found for current thread. Initializing a new ChromeDriver...
17:00:51 [TestNG-test-Test-1] INFO  verifyingDisplayTypeFilterFunctionality_Laptop_17-00-51 - WebDriverManager: chromedriver setup OK
17:00:53 [TestNG-test-Test-1] INFO  verifyingDisplayTypeFilterFunctionality_Laptop_17-00-51 - ChromeDriver initialized successfully for thread: 34
17:00:53 [TestNG-test-Test-1] INFO  verifyingDisplayTypeFilterFunctionality_Laptop_17-00-51 - [verifyingDisplayTypeFilterFunctionality_Laptop_17-00-51] Opening amazon Landing page
17:00:53 [TestNG-test-Test-1] INFO  verifyingDisplayTypeFilterFunctionality_Laptop_17-00-51 - [verifyingDisplayTypeFilterFunctionality_Laptop_17-00-51] Within safeFindElement method
17:00:55 [TestNG-test-Test-1] INFO  verifyingDisplayTypeFilterFunctionality_Laptop_17-00-51 - [verifyingDisplayTypeFilterFunctionality_Laptop_17-00-51]Found the element returning it ,element ->[[ChromeDriver: chrome on windows (8b66138209c3483bb7236f3876acdcb5)] -> xpath: //a[@id='nav-logo-sprites']]
17:00:57 [TestNG-test-Test-1] INFO  verifyingDisplayTypeFilterFunctionality_Laptop_17-00-51 - [verifyingDisplayTypeFilterFunctionality_Laptop_17-00-51] Giving input within the search bar
17:00:57 [TestNG-test-Test-1] INFO  verifyingDisplayTypeFilterFunctionality_Laptop_17-00-51 - [verifyingDisplayTypeFilterFunctionality_Laptop_17-00-51] Within safeClick method
17:00:59 [TestNG-test-Test-1] INFO  verifyingDisplayTypeFilterFunctionality_Laptop_17-00-51 - [verifyingDisplayTypeFilterFunctionality_Laptop_17-00-51] Clicked the  [[ChromeDriver: chrome on windows (8b66138209c3483bb7236f3876acdcb5)] -> xpath: //input[@id='nav-search-submit-button']]   using safeClick
17:00:59 [TestNG-test-Test-1] INFO  verifyingDisplayTypeFilterFunctionality_Laptop_17-00-51 - [verifyingDisplayTypeFilterFunctionality_Laptop_17-00-51] Clicking on the submit in the search bar
17:00:59 [TestNG-test-Test-1] INFO  verifyingDisplayTypeFilterFunctionality_Laptop_17-00-51 - [verifyingDisplayTypeFilterFunctionality_Laptop_17-00-51] Within filterCheckUnderList method
17:00:59 [TestNG-test-Test-1] INFO  verifyingDisplayTypeFilterFunctionality_Laptop_17-00-51 - [verifyingDisplayTypeFilterFunctionality_Laptop_17-00-51] Found the Filter within the filter check List
17:00:59 [TestNG-test-Test-1] INFO  verifyingDisplayTypeFilterFunctionality_Laptop_17-00-51 - [verifyingDisplayTypeFilterFunctionality_Laptop_17-00-51] Within applyFilterAndValidateProductsWithResult method
17:00:59 [TestNG-test-Test-1] INFO  verifyingDisplayTypeFilterFunctionality_Laptop_17-00-51 - [verifyingDisplayTypeFilterFunctionality_Laptop_17-00-51] Within safeFindElements 
17:00:59 [TestNG-test-Test-1] INFO  verifyingDisplayTypeFilterFunctionality_Laptop_17-00-51 - [verifyingDisplayTypeFilterFunctionality_Laptop_17-00-51] Returning the  [[[ChromeDriver: chrome on windows (8b66138209c3483bb7236f3876acdcb5)] -> xpath: //span[@class='a-size-base a-color-base puis-bold-weight-text' and text()='Display Type']/parent::div/following-sibling::ul//span[@class='a-size-base a-color-base']], [[ChromeDriver: chrome on windows (8b66138209c3483bb7236f3876acdcb5)] -> xpath: //span[@class='a-size-base a-color-base puis-bold-weight-text' and text()='Display Type']/parent::div/following-sibling::ul//span[@class='a-size-base a-color-base']], [[ChromeDriver: chrome on windows (8b66138209c3483bb7236f3876acdcb5)] -> xpath: //span[@class='a-size-base a-color-base puis-bold-weight-text' and text()='Display Type']/parent::div/following-sibling::ul//span[@class='a-size-base a-color-base']], [[ChromeDriver: chrome on windows (8b66138209c3483bb7236f3876acdcb5)] -> xpath: //span[@class='a-size-base a-color-base puis-bold-weight-text' and text()='Display Type']/parent::div/following-sibling::ul//span[@class='a-size-base a-color-base']]] from the safeFindElements method
17:00:59 [TestNG-test-Test-1] INFO  verifyingDisplayTypeFilterFunctionality_Laptop_17-00-51 - [verifyingDisplayTypeFilterFunctionality_Laptop_17-00-51] Within applyFilterAndValidateProductsWithResult filterOptions size is -> 4
17:00:59 [TestNG-test-Test-1] INFO  verifyingDisplayTypeFilterFunctionality_Laptop_17-00-51 - [verifyingDisplayTypeFilterFunctionality_Laptop_17-00-51] Execution is Not CRON Job Hence refering to normal keys from UtilData
17:00:59 [TestNG-test-Test-1] INFO  verifyingDisplayTypeFilterFunctionality_Laptop_17-00-51 - [verifyingDisplayTypeFilterFunctionality_Laptop_17-00-51] Within filterOptions loop in applyFilterAndValidateProductsWithResult
17:00:59 [TestNG-test-Test-1] INFO  verifyingDisplayTypeFilterFunctionality_Laptop_17-00-51 - [verifyingDisplayTypeFilterFunctionality_Laptop_17-00-51] Within safeFindElements 
17:00:59 [TestNG-test-Test-1] INFO  verifyingDisplayTypeFilterFunctionality_Laptop_17-00-51 - [verifyingDisplayTypeFilterFunctionality_Laptop_17-00-51] Returning the  [[[ChromeDriver: chrome on windows (8b66138209c3483bb7236f3876acdcb5)] -> xpath: //span[@class='a-size-base a-color-base puis-bold-weight-text' and text()='Display Type']/parent::div/following-sibling::ul//span[@class='a-size-base a-color-base']], [[ChromeDriver: chrome on windows (8b66138209c3483bb7236f3876acdcb5)] -> xpath: //span[@class='a-size-base a-color-base puis-bold-weight-text' and text()='Display Type']/parent::div/following-sibling::ul//span[@class='a-size-base a-color-base']], [[ChromeDriver: chrome on windows (8b66138209c3483bb7236f3876acdcb5)] -> xpath: //span[@class='a-size-base a-color-base puis-bold-weight-text' and text()='Display Type']/parent::div/following-sibling::ul//span[@class='a-size-base a-color-base']], [[ChromeDriver: chrome on windows (8b66138209c3483bb7236f3876acdcb5)] -> xpath: //span[@class='a-size-base a-color-base puis-bold-weight-text' and text()='Display Type']/parent::div/following-sibling::ul//span[@class='a-size-base a-color-base']]] from the safeFindElements method
17:00:59 [TestNG-test-Test-1] INFO  verifyingDisplayTypeFilterFunctionality_Laptop_17-00-51 - [verifyingDisplayTypeFilterFunctionality_Laptop_17-00-51] Trying to read filter option 0 (attempt 1/3)
17:00:59 [TestNG-test-Test-1] INFO  verifyingDisplayTypeFilterFunctionality_Laptop_17-00-51 - [verifyingDisplayTypeFilterFunctionality_Laptop_17-00-51] Successfully read filter option 0 = 'AMOLED'
17:00:59 [TestNG-test-Test-1] INFO  verifyingDisplayTypeFilterFunctionality_Laptop_17-00-51 - [verifyingDisplayTypeFilterFunctionality_Laptop_17-00-51] Within getfilterByTypeAndName method
17:00:59 [TestNG-test-Test-1] INFO  verifyingDisplayTypeFilterFunctionality_Laptop_17-00-51 - [verifyingDisplayTypeFilterFunctionality_Laptop_17-00-51] Within safeClickBooleanWithScreenShot method
17:00:59 [TestNG-test-Test-1] INFO  verifyingDisplayTypeFilterFunctionality_Laptop_17-00-51 - [verifyingDisplayTypeFilterFunctionality_Laptop_17-00-51] Within getAppliedfilterByTypeAndName method
17:00:59 [TestNG-test-Test-1] INFO  verifyingDisplayTypeFilterFunctionality_Laptop_17-00-51 - [verifyingDisplayTypeFilterFunctionality_Laptop_17-00-51] Within smoothScrollToElement method
17:00:59 [TestNG-test-Test-1] INFO  verifyingDisplayTypeFilterFunctionality_Laptop_17-00-51 - [verifyingDisplayTypeFilterFunctionality_Laptop_17-00-51] Within safeFindElement method
17:00:59 [TestNG-test-Test-1] INFO  verifyingDisplayTypeFilterFunctionality_Laptop_17-00-51 - [verifyingDisplayTypeFilterFunctionality_Laptop_17-00-51]Found the element returning it ,element ->[[ChromeDriver: chrome on windows (8b66138209c3483bb7236f3876acdcb5)] -> xpath: //span[@class='a-size-base a-color-base puis-bold-weight-text' and text()='Display Type']]
17:00:59 [TestNG-test-Test-1] INFO  verifyingDisplayTypeFilterFunctionality_Laptop_17-00-51 - [verifyingDisplayTypeFilterFunctionality_Laptop_17-00-51] Successfully scrolled to element: By.xpath: //span[@class='a-size-base a-color-base puis-bold-weight-text' and text()='Display Type']
17:00:59 [TestNG-test-Test-1] INFO  verifyingDisplayTypeFilterFunctionality_Laptop_17-00-51 - [verifyingDisplayTypeFilterFunctionality_Laptop_17-00-51] Within getMoreButtonByFilterTypeAndName method
17:00:59 [TestNG-test-Test-1] INFO  verifyingDisplayTypeFilterFunctionality_Laptop_17-00-51 - [verifyingDisplayTypeFilterFunctionality_Laptop_17-00-51] could not find more button
17:00:59 [TestNG-test-Test-1] INFO  verifyingDisplayTypeFilterFunctionality_Laptop_17-00-51 - [verifyingDisplayTypeFilterFunctionality_Laptop_17-00-51] Within getAppliedfilterByTypeAndName method
17:00:59 [TestNG-test-Test-1] INFO  verifyingDisplayTypeFilterFunctionality_Laptop_17-00-51 - [verifyingDisplayTypeFilterFunctionality_Laptop_17-00-51] Within smoothScrollToElement method
17:00:59 [TestNG-test-Test-1] INFO  verifyingDisplayTypeFilterFunctionality_Laptop_17-00-51 - [verifyingDisplayTypeFilterFunctionality_Laptop_17-00-51] Within safeFindElement method
17:01:01 [TestNG-test-Test-1] INFO  verifyingDisplayTypeFilterFunctionality_Laptop_17-00-51 - [verifyingDisplayTypeFilterFunctionality_Laptop_17-00-51]Found the element returning it ,element ->[[ChromeDriver: chrome on windows (8b66138209c3483bb7236f3876acdcb5)] -> xpath: //span[@class='a-size-base a-color-base puis-bold-weight-text' and text()='Display Type']]
17:01:01 [TestNG-test-Test-1] INFO  verifyingDisplayTypeFilterFunctionality_Laptop_17-00-51 - [verifyingDisplayTypeFilterFunctionality_Laptop_17-00-51] Successfully scrolled to element: By.xpath: //span[@class='a-size-base a-color-base puis-bold-weight-text' and text()='Display Type']
17:01:01 [TestNG-test-Test-1] INFO  verifyingDisplayTypeFilterFunctionality_Laptop_17-00-51 - [verifyingDisplayTypeFilterFunctionality_Laptop_17-00-51] Within getMoreButtonByFilterTypeAndName method
17:01:01 [TestNG-test-Test-1] INFO  verifyingDisplayTypeFilterFunctionality_Laptop_17-00-51 - [verifyingDisplayTypeFilterFunctionality_Laptop_17-00-51] could not find more button
17:01:01 [TestNG-test-Test-1] INFO  verifyingDisplayTypeFilterFunctionality_Laptop_17-00-51 - [verifyingDisplayTypeFilterFunctionality_Laptop_17-00-51] Within getfilterByTypeAndName method
17:01:01 [TestNG-test-Test-1] INFO  verifyingDisplayTypeFilterFunctionality_Laptop_17-00-51 - [verifyingDisplayTypeFilterFunctionality_Laptop_17-00-51] Within smoothScrollToElement method
17:01:01 [TestNG-test-Test-1] INFO  verifyingDisplayTypeFilterFunctionality_Laptop_17-00-51 - [verifyingDisplayTypeFilterFunctionality_Laptop_17-00-51] Within safeFindElement method
17:01:01 [TestNG-test-Test-1] INFO  verifyingDisplayTypeFilterFunctionality_Laptop_17-00-51 - [verifyingDisplayTypeFilterFunctionality_Laptop_17-00-51]Found the element returning it ,element ->[[ChromeDriver: chrome on windows (8b66138209c3483bb7236f3876acdcb5)] -> xpath: //span[@class='a-size-base a-color-base puis-bold-weight-text' and text()='Display Type']/parent::div/following-sibling::ul//span[@class='a-size-base a-color-base a-text-bold' and text()='AMOLED']]
17:01:01 [TestNG-test-Test-1] INFO  verifyingDisplayTypeFilterFunctionality_Laptop_17-00-51 - [verifyingDisplayTypeFilterFunctionality_Laptop_17-00-51] Successfully scrolled to element: By.xpath: //span[@class='a-size-base a-color-base puis-bold-weight-text' and text()='Display Type']/parent::div/following-sibling::ul//span[@class='a-size-base a-color-base a-text-bold' and text()='AMOLED']
17:01:01 [TestNG-test-Test-1] INFO  verifyingDisplayTypeFilterFunctionality_Laptop_17-00-51 - [verifyingDisplayTypeFilterFunctionality_Laptop_17-00-51] Clicked the element using safe click ,element is [[ChromeDriver: chrome on windows (8b66138209c3483bb7236f3876acdcb5)] -> xpath: //span[@class='a-size-base a-color-base puis-bold-weight-text' and text()='Display Type']/parent::div/following-sibling::ul//span[@class='a-size-base a-color-base' and text()='AMOLED']]
17:01:01 [TestNG-test-Test-1] INFO  verifyingDisplayTypeFilterFunctionality_Laptop_17-00-51 - [verifyingDisplayTypeFilterFunctionality_Laptop_17-00-51] Within safeFindElements 
17:01:02 [TestNG-test-Test-1] INFO  verifyingDisplayTypeFilterFunctionality_Laptop_17-00-51 - [verifyingDisplayTypeFilterFunctionality_Laptop_17-00-51] Returning the  [[[ChromeDriver: chrome on windows (8b66138209c3483bb7236f3876acdcb5)] -> xpath: //div[@data-cy='title-recipe']], [[ChromeDriver: chrome on windows (8b66138209c3483bb7236f3876acdcb5)] -> xpath: //div[@data-cy='title-recipe']]] from the safeFindElements method
17:01:02 [TestNG-test-Test-1] INFO  verifyingDisplayTypeFilterFunctionality_Laptop_17-00-51 - [verifyingDisplayTypeFilterFunctionality_Laptop_17-00-51] Execution is Not CRON Job Hence refering to normal keys from UtilData
17:01:02 [TestNG-test-Test-1] INFO  verifyingDisplayTypeFilterFunctionality_Laptop_17-00-51 - [verifyingDisplayTypeFilterFunctionality_Laptop_17-00-51] Within safeFindElements 
17:01:02 [TestNG-test-Test-1] INFO  verifyingDisplayTypeFilterFunctionality_Laptop_17-00-51 - [verifyingDisplayTypeFilterFunctionality_Laptop_17-00-51] Returning the  [[[ChromeDriver: chrome on windows (8b66138209c3483bb7236f3876acdcb5)] -> xpath: //div[@data-cy='title-recipe']], [[ChromeDriver: chrome on windows (8b66138209c3483bb7236f3876acdcb5)] -> xpath: //div[@data-cy='title-recipe']]] from the safeFindElements method
17:01:02 [TestNG-test-Test-1] INFO  verifyingDisplayTypeFilterFunctionality_Laptop_17-00-51 - [verifyingDisplayTypeFilterFunctionality_Laptop_17-00-51] Within productNameListingPage loop in applyFilterAndValidateProductsWithResult
17:01:02 [TestNG-test-Test-1] INFO  verifyingDisplayTypeFilterFunctionality_Laptop_17-00-51 - [verifyingDisplayTypeFilterFunctionality_Laptop_17-00-51] Within getProductByIndex method
17:01:02 [TestNG-test-Test-1] INFO  verifyingDisplayTypeFilterFunctionality_Laptop_17-00-51 - [verifyingDisplayTypeFilterFunctionality_Laptop_17-00-51] Within safeFindElement method
17:01:02 [TestNG-test-Test-1] INFO  verifyingDisplayTypeFilterFunctionality_Laptop_17-00-51 - [verifyingDisplayTypeFilterFunctionality_Laptop_17-00-51]Found the element returning it ,element ->[[ChromeDriver: chrome on windows (8b66138209c3483bb7236f3876acdcb5)] -> xpath: (//div[@data-cy='title-recipe'])[1]]
17:01:02 [TestNG-test-Test-1] INFO  verifyingDisplayTypeFilterFunctionality_Laptop_17-00-51 - [verifyingDisplayTypeFilterFunctionality_Laptop_17-00-51] Within getProductByIndex method
17:01:02 [TestNG-test-Test-1] INFO  verifyingDisplayTypeFilterFunctionality_Laptop_17-00-51 - [verifyingDisplayTypeFilterFunctionality_Laptop_17-00-51] Within smoothScrollToElement method
17:01:02 [TestNG-test-Test-1] INFO  verifyingDisplayTypeFilterFunctionality_Laptop_17-00-51 - [verifyingDisplayTypeFilterFunctionality_Laptop_17-00-51] Within safeFindElement method
17:01:02 [TestNG-test-Test-1] INFO  verifyingDisplayTypeFilterFunctionality_Laptop_17-00-51 - [verifyingDisplayTypeFilterFunctionality_Laptop_17-00-51]Found the element returning it ,element ->[[ChromeDriver: chrome on windows (8b66138209c3483bb7236f3876acdcb5)] -> xpath: (//div[@data-cy='title-recipe'])[1]]
17:01:02 [TestNG-test-Test-1] INFO  verifyingDisplayTypeFilterFunctionality_Laptop_17-00-51 - [verifyingDisplayTypeFilterFunctionality_Laptop_17-00-51] Successfully scrolled to element: By.xpath: (//div[@data-cy='title-recipe'])[1]
17:01:02 [TestNG-test-Test-1] INFO  verifyingDisplayTypeFilterFunctionality_Laptop_17-00-51 - [verifyingDisplayTypeFilterFunctionality_Laptop_17-00-51] Getting product by index in productNameListingPage loop
17:01:02 [TestNG-test-Test-1] INFO  verifyingDisplayTypeFilterFunctionality_Laptop_17-00-51 - [verifyingDisplayTypeFilterFunctionality_Laptop_17-00-51] Opened product in new tab via Ctrl+Click inside productNameListingPage loop
17:01:02 [TestNG-test-Test-1] INFO  verifyingDisplayTypeFilterFunctionality_Laptop_17-00-51 - [verifyingDisplayTypeFilterFunctionality_Laptop_17-00-51] Waiting for new window to open...
17:01:03 [TestNG-test-Test-1] INFO  verifyingDisplayTypeFilterFunctionality_Laptop_17-00-51 - [verifyingDisplayTypeFilterFunctionality_Laptop_17-00-51] Switched to new window -> 63607B231272CC9B5E625C37D34062BF
17:01:03 [TestNG-test-Test-1] INFO  verifyingDisplayTypeFilterFunctionality_Laptop_17-00-51 - [verifyingDisplayTypeFilterFunctionality_Laptop_17-00-51] Swithcing to the new window  within productNameListingPage loop
17:01:03 [TestNG-test-Test-1] INFO  verifyingDisplayTypeFilterFunctionality_Laptop_17-00-51 - [verifyingDisplayTypeFilterFunctionality_Laptop_17-00-51] Clicked product name to open in new tab from productNameListingPage loop
17:01:03 [TestNG-test-Test-1] INFO  verifyingDisplayTypeFilterFunctionality_Laptop_17-00-51 - [verifyingDisplayTypeFilterFunctionality_Laptop_17-00-51] Within safeFindElement method
17:01:05 [TestNG-test-Test-1] INFO  verifyingDisplayTypeFilterFunctionality_Laptop_17-00-51 - [verifyingDisplayTypeFilterFunctionality_Laptop_17-00-51]Found the element returning it ,element ->[[ChromeDriver: chrome on windows (8b66138209c3483bb7236f3876acdcb5)] -> xpath: //span[@id='productTitle']]
17:01:05 [TestNG-test-Test-1] INFO  verifyingDisplayTypeFilterFunctionality_Laptop_17-00-51 - [verifyingDisplayTypeFilterFunctionality_Laptop_17-00-51] Within safeFindElement method
17:01:05 [TestNG-test-Test-1] INFO  verifyingDisplayTypeFilterFunctionality_Laptop_17-00-51 - [verifyingDisplayTypeFilterFunctionality_Laptop_17-00-51]Found the element returning it ,element ->[[ChromeDriver: chrome on windows (8b66138209c3483bb7236f3876acdcb5)] -> xpath: //div[@class='a-section a-spacing-small a-spacing-top-small']]
17:01:06 [TestNG-test-Test-1] INFO  verifyingDisplayTypeFilterFunctionality_Laptop_17-00-51 - [verifyingDisplayTypeFilterFunctionality_Laptop_17-00-51] Within safeFindElement method
17:01:06 [TestNG-test-Test-1] INFO  verifyingDisplayTypeFilterFunctionality_Laptop_17-00-51 - [verifyingDisplayTypeFilterFunctionality_Laptop_17-00-51]Found the element returning it ,element ->[[ChromeDriver: chrome on windows (8b66138209c3483bb7236f3876acdcb5)] -> xpath: //div[@id='feature-bullets']]
17:01:06 [TestNG-test-Test-1] INFO  verifyingDisplayTypeFilterFunctionality_Laptop_17-00-51 - [verifyingDisplayTypeFilterFunctionality_Laptop_17-00-51] Within safeFindElement method
17:01:06 [TestNG-test-Test-1] INFO  verifyingDisplayTypeFilterFunctionality_Laptop_17-00-51 - [verifyingDisplayTypeFilterFunctionality_Laptop_17-00-51]Found the element returning it ,element ->[[ChromeDriver: chrome on windows (8b66138209c3483bb7236f3876acdcb5)] -> xpath: //div[@id='prodDetails']]
17:01:06 [TestNG-test-Test-1] INFO  verifyingDisplayTypeFilterFunctionality_Laptop_17-00-51 - [verifyingDisplayTypeFilterFunctionality_Laptop_17-00-51] Extracting 'name' , 'keyFeatures', 'about' , 'techDetails' within productNameListingPage loop
17:01:06 [TestNG-test-Test-1] INFO  verifyingDisplayTypeFilterFunctionality_Laptop_17-00-51 - [verifyingDisplayTypeFilterFunctionality_Laptop_17-00-51] Waiting until element is visible in viewport
17:01:16 [TestNG-test-Test-1] INFO  verifyingDisplayTypeFilterFunctionality_Laptop_17-00-51 - [verifyingDisplayTypeFilterFunctionality_Laptop_17-00-51] Within smoothScrollToElement method
17:01:16 [TestNG-test-Test-1] INFO  verifyingDisplayTypeFilterFunctionality_Laptop_17-00-51 - [verifyingDisplayTypeFilterFunctionality_Laptop_17-00-51] Within safeFindElement method
17:01:16 [TestNG-test-Test-1] INFO  verifyingDisplayTypeFilterFunctionality_Laptop_17-00-51 - [verifyingDisplayTypeFilterFunctionality_Laptop_17-00-51]Found the element returning it ,element ->[[ChromeDriver: chrome on windows (8b66138209c3483bb7236f3876acdcb5)] -> xpath: //a[@id='seeMoreDetailsLink']]
17:01:16 [TestNG-test-Test-1] INFO  verifyingDisplayTypeFilterFunctionality_Laptop_17-00-51 - [verifyingDisplayTypeFilterFunctionality_Laptop_17-00-51] Successfully scrolled to element: By.xpath: //a[@id='seeMoreDetailsLink']
17:01:16 [TestNG-test-Test-1] INFO  verifyingDisplayTypeFilterFunctionality_Laptop_17-00-51 - [verifyingDisplayTypeFilterFunctionality_Laptop_17-00-51] Within safeClick method
17:01:16 [TestNG-test-Test-1] INFO  verifyingDisplayTypeFilterFunctionality_Laptop_17-00-51 - [verifyingDisplayTypeFilterFunctionality_Laptop_17-00-51] Clicked the  [[ChromeDriver: chrome on windows (8b66138209c3483bb7236f3876acdcb5)] -> xpath: //a[@id='seeMoreDetailsLink']]   using safeClick
17:01:16 [TestNG-test-Test-1] INFO  verifyingDisplayTypeFilterFunctionality_Laptop_17-00-51 - [verifyingDisplayTypeFilterFunctionality_Laptop_17-00-51] Within try block for clicking see more deatils within productNameListingPage loop
17:01:16 [TestNG-test-Test-1] INFO  verifyingDisplayTypeFilterFunctionality_Laptop_17-00-51 - [verifyingDisplayTypeFilterFunctionality_Laptop_17-00-51] Within closeCurrentWindowAndSwitchBack method
17:01:16 [TestNG-test-Test-1] INFO  verifyingDisplayTypeFilterFunctionality_Laptop_17-00-51 - [verifyingDisplayTypeFilterFunctionality_Laptop_17-00-51] Total open windows/tabs count -> 2
17:01:16 [TestNG-test-Test-1] INFO  verifyingDisplayTypeFilterFunctionality_Laptop_17-00-51 - [verifyingDisplayTypeFilterFunctionality_Laptop_17-00-51] Original window handle -> 1020D739D187FB09DA64CA6CE041F243
17:01:16 [TestNG-test-Test-1] INFO  verifyingDisplayTypeFilterFunctionality_Laptop_17-00-51 - [verifyingDisplayTypeFilterFunctionality_Laptop_17-00-51] Found new tab/window handle -> 63607B231272CC9B5E625C37D34062BF (will be closed)
17:01:16 [TestNG-test-Test-1] INFO  verifyingDisplayTypeFilterFunctionality_Laptop_17-00-51 - [verifyingDisplayTypeFilterFunctionality_Laptop_17-00-51] Successfully switched to new tab/window -> 63607B231272CC9B5E625C37D34062BF
17:01:17 [TestNG-test-Test-1] INFO  verifyingDisplayTypeFilterFunctionality_Laptop_17-00-51 - [verifyingDisplayTypeFilterFunctionality_Laptop_17-00-51] Closed the newly opened tab/window -> 63607B231272CC9B5E625C37D34062BF
17:01:17 [TestNG-test-Test-1] INFO  verifyingDisplayTypeFilterFunctionality_Laptop_17-00-51 - [verifyingDisplayTypeFilterFunctionality_Laptop_17-00-51] Switched back to the original window -> 1020D739D187FB09DA64CA6CE041F243
17:01:17 [TestNG-test-Test-1] INFO  verifyingDisplayTypeFilterFunctionality_Laptop_17-00-51 - [verifyingDisplayTypeFilterFunctionality_Laptop_17-00-51]  going back to product listing via closeCurrentWindowAndSwitchBack 
17:01:17 [TestNG-test-Test-1] INFO  verifyingDisplayTypeFilterFunctionality_Laptop_17-00-51 - [verifyingDisplayTypeFilterFunctionality_Laptop_17-00-51]  Added 'filter','title','keyFeatures', 'about', 'techDetails' into the Map -> productResult
17:01:17 [TestNG-test-Test-1] INFO  verifyingDisplayTypeFilterFunctionality_Laptop_17-00-51 - [verifyingDisplayTypeFilterFunctionality_Laptop_17-00-51]  Added 'productResult' Map into the 'results' i.e list of maps 
17:01:17 [TestNG-test-Test-1] INFO  verifyingDisplayTypeFilterFunctionality_Laptop_17-00-51 - [verifyingDisplayTypeFilterFunctionality_Laptop_17-00-51]==========================================================================================================
17:01:17 [TestNG-test-Test-1] INFO  verifyingDisplayTypeFilterFunctionality_Laptop_17-00-51 - [verifyingDisplayTypeFilterFunctionality_Laptop_17-00-51] Within safeFindElements 
17:01:17 [TestNG-test-Test-1] INFO  verifyingDisplayTypeFilterFunctionality_Laptop_17-00-51 - [verifyingDisplayTypeFilterFunctionality_Laptop_17-00-51] Returning the  [[[ChromeDriver: chrome on windows (8b66138209c3483bb7236f3876acdcb5)] -> xpath: //div[@data-cy='title-recipe']], [[ChromeDriver: chrome on windows (8b66138209c3483bb7236f3876acdcb5)] -> xpath: //div[@data-cy='title-recipe']]] from the safeFindElements method
17:01:17 [TestNG-test-Test-1] INFO  verifyingDisplayTypeFilterFunctionality_Laptop_17-00-51 - [verifyingDisplayTypeFilterFunctionality_Laptop_17-00-51] Within safeClick method
17:01:17 [TestNG-test-Test-1] INFO  verifyingDisplayTypeFilterFunctionality_Laptop_17-00-51 - [verifyingDisplayTypeFilterFunctionality_Laptop_17-00-51] Clicked the  [[ChromeDriver: chrome on windows (8b66138209c3483bb7236f3876acdcb5)] -> xpath: //span[@class='a-size-base a-color-base' and text()='Clear']]   using safeClick
17:01:17 [TestNG-test-Test-1] INFO  verifyingDisplayTypeFilterFunctionality_Laptop_17-00-51 - [verifyingDisplayTypeFilterFunctionality_Laptop_17-00-51] Clearing the filter value ->AMOLEDwithin productNameListingPage loop
17:01:17 [TestNG-test-Test-1] INFO  verifyingDisplayTypeFilterFunctionality_Laptop_17-00-51 - [verifyingDisplayTypeFilterFunctionality_Laptop_17-00-51]==========================================================================================================
17:01:17 [TestNG-test-Test-1] INFO  verifyingDisplayTypeFilterFunctionality_Laptop_17-00-51 - [verifyingDisplayTypeFilterFunctionality_Laptop_17-00-51]==========================================================================================================
17:01:17 [TestNG-test-Test-1] INFO  verifyingDisplayTypeFilterFunctionality_Laptop_17-00-51 - [verifyingDisplayTypeFilterFunctionality_Laptop_17-00-51] Within filterOptions loop in applyFilterAndValidateProductsWithResult
17:01:17 [TestNG-test-Test-1] INFO  verifyingDisplayTypeFilterFunctionality_Laptop_17-00-51 - [verifyingDisplayTypeFilterFunctionality_Laptop_17-00-51] Within safeFindElements 
17:01:18 [TestNG-test-Test-1] INFO  verifyingDisplayTypeFilterFunctionality_Laptop_17-00-51 - [verifyingDisplayTypeFilterFunctionality_Laptop_17-00-51] Returning the  [[[ChromeDriver: chrome on windows (8b66138209c3483bb7236f3876acdcb5)] -> xpath: //span[@class='a-size-base a-color-base puis-bold-weight-text' and text()='Display Type']/parent::div/following-sibling::ul//span[@class='a-size-base a-color-base']], [[ChromeDriver: chrome on windows (8b66138209c3483bb7236f3876acdcb5)] -> xpath: //span[@class='a-size-base a-color-base puis-bold-weight-text' and text()='Display Type']/parent::div/following-sibling::ul//span[@class='a-size-base a-color-base']], [[ChromeDriver: chrome on windows (8b66138209c3483bb7236f3876acdcb5)] -> xpath: //span[@class='a-size-base a-color-base puis-bold-weight-text' and text()='Display Type']/parent::div/following-sibling::ul//span[@class='a-size-base a-color-base']], [[ChromeDriver: chrome on windows (8b66138209c3483bb7236f3876acdcb5)] -> xpath: //span[@class='a-size-base a-color-base puis-bold-weight-text' and text()='Display Type']/parent::div/following-sibling::ul//span[@class='a-size-base a-color-base']]] from the safeFindElements method
17:01:18 [TestNG-test-Test-1] INFO  verifyingDisplayTypeFilterFunctionality_Laptop_17-00-51 - [verifyingDisplayTypeFilterFunctionality_Laptop_17-00-51] Trying to read filter option 1 (attempt 1/3)
17:01:18 [TestNG-test-Test-1] INFO  verifyingDisplayTypeFilterFunctionality_Laptop_17-00-51 - [verifyingDisplayTypeFilterFunctionality_Laptop_17-00-51] Successfully read filter option 1 = 'LCD'
17:01:18 [TestNG-test-Test-1] INFO  verifyingDisplayTypeFilterFunctionality_Laptop_17-00-51 - [verifyingDisplayTypeFilterFunctionality_Laptop_17-00-51] Within getfilterByTypeAndName method
17:01:18 [TestNG-test-Test-1] INFO  verifyingDisplayTypeFilterFunctionality_Laptop_17-00-51 - [verifyingDisplayTypeFilterFunctionality_Laptop_17-00-51] Within safeClickBooleanWithScreenShot method
17:01:18 [TestNG-test-Test-1] INFO  verifyingDisplayTypeFilterFunctionality_Laptop_17-00-51 - [verifyingDisplayTypeFilterFunctionality_Laptop_17-00-51] Within getAppliedfilterByTypeAndName method
17:01:18 [TestNG-test-Test-1] INFO  verifyingDisplayTypeFilterFunctionality_Laptop_17-00-51 - [verifyingDisplayTypeFilterFunctionality_Laptop_17-00-51] Within smoothScrollToElement method
17:01:18 [TestNG-test-Test-1] INFO  verifyingDisplayTypeFilterFunctionality_Laptop_17-00-51 - [verifyingDisplayTypeFilterFunctionality_Laptop_17-00-51] Within safeFindElement method
17:01:18 [TestNG-test-Test-1] INFO  verifyingDisplayTypeFilterFunctionality_Laptop_17-00-51 - [verifyingDisplayTypeFilterFunctionality_Laptop_17-00-51]Found the element returning it ,element ->[[ChromeDriver: chrome on windows (8b66138209c3483bb7236f3876acdcb5)] -> xpath: //span[@class='a-size-base a-color-base puis-bold-weight-text' and text()='Display Type']]
17:01:18 [TestNG-test-Test-1] INFO  verifyingDisplayTypeFilterFunctionality_Laptop_17-00-51 - [verifyingDisplayTypeFilterFunctionality_Laptop_17-00-51] Successfully scrolled to element: By.xpath: //span[@class='a-size-base a-color-base puis-bold-weight-text' and text()='Display Type']
17:01:18 [TestNG-test-Test-1] INFO  verifyingDisplayTypeFilterFunctionality_Laptop_17-00-51 - [verifyingDisplayTypeFilterFunctionality_Laptop_17-00-51] Within getMoreButtonByFilterTypeAndName method
17:01:18 [TestNG-test-Test-1] INFO  verifyingDisplayTypeFilterFunctionality_Laptop_17-00-51 - [verifyingDisplayTypeFilterFunctionality_Laptop_17-00-51] could not find more button
17:01:18 [TestNG-test-Test-1] INFO  verifyingDisplayTypeFilterFunctionality_Laptop_17-00-51 - [verifyingDisplayTypeFilterFunctionality_Laptop_17-00-51] Within getAppliedfilterByTypeAndName method
17:01:18 [TestNG-test-Test-1] INFO  verifyingDisplayTypeFilterFunctionality_Laptop_17-00-51 - [verifyingDisplayTypeFilterFunctionality_Laptop_17-00-51] Within smoothScrollToElement method
17:01:18 [TestNG-test-Test-1] INFO  verifyingDisplayTypeFilterFunctionality_Laptop_17-00-51 - [verifyingDisplayTypeFilterFunctionality_Laptop_17-00-51] Within safeFindElement method
17:01:20 [TestNG-test-Test-1] INFO  verifyingDisplayTypeFilterFunctionality_Laptop_17-00-51 - [verifyingDisplayTypeFilterFunctionality_Laptop_17-00-51]Found the element returning it ,element ->[[ChromeDriver: chrome on windows (8b66138209c3483bb7236f3876acdcb5)] -> xpath: //span[@class='a-size-base a-color-base puis-bold-weight-text' and text()='Display Type']]
17:01:20 [TestNG-test-Test-1] INFO  verifyingDisplayTypeFilterFunctionality_Laptop_17-00-51 - [verifyingDisplayTypeFilterFunctionality_Laptop_17-00-51] Successfully scrolled to element: By.xpath: //span[@class='a-size-base a-color-base puis-bold-weight-text' and text()='Display Type']
17:01:20 [TestNG-test-Test-1] INFO  verifyingDisplayTypeFilterFunctionality_Laptop_17-00-51 - [verifyingDisplayTypeFilterFunctionality_Laptop_17-00-51] Within getMoreButtonByFilterTypeAndName method
17:01:20 [TestNG-test-Test-1] INFO  verifyingDisplayTypeFilterFunctionality_Laptop_17-00-51 - [verifyingDisplayTypeFilterFunctionality_Laptop_17-00-51] could not find more button
17:01:20 [TestNG-test-Test-1] INFO  verifyingDisplayTypeFilterFunctionality_Laptop_17-00-51 - [verifyingDisplayTypeFilterFunctionality_Laptop_17-00-51] Within getfilterByTypeAndName method
17:01:20 [TestNG-test-Test-1] INFO  verifyingDisplayTypeFilterFunctionality_Laptop_17-00-51 - [verifyingDisplayTypeFilterFunctionality_Laptop_17-00-51] Within smoothScrollToElement method
17:01:20 [TestNG-test-Test-1] INFO  verifyingDisplayTypeFilterFunctionality_Laptop_17-00-51 - [verifyingDisplayTypeFilterFunctionality_Laptop_17-00-51] Within safeFindElement method
17:01:20 [TestNG-test-Test-1] INFO  verifyingDisplayTypeFilterFunctionality_Laptop_17-00-51 - [verifyingDisplayTypeFilterFunctionality_Laptop_17-00-51]Found the element returning it ,element ->[[ChromeDriver: chrome on windows (8b66138209c3483bb7236f3876acdcb5)] -> xpath: //span[@class='a-size-base a-color-base puis-bold-weight-text' and text()='Display Type']/parent::div/following-sibling::ul//span[@class='a-size-base a-color-base a-text-bold' and text()='LCD']]
17:01:20 [TestNG-test-Test-1] INFO  verifyingDisplayTypeFilterFunctionality_Laptop_17-00-51 - [verifyingDisplayTypeFilterFunctionality_Laptop_17-00-51] Successfully scrolled to element: By.xpath: //span[@class='a-size-base a-color-base puis-bold-weight-text' and text()='Display Type']/parent::div/following-sibling::ul//span[@class='a-size-base a-color-base a-text-bold' and text()='LCD']
17:01:20 [TestNG-test-Test-1] INFO  verifyingDisplayTypeFilterFunctionality_Laptop_17-00-51 - [verifyingDisplayTypeFilterFunctionality_Laptop_17-00-51] Clicked the element using safe click ,element is [[ChromeDriver: chrome on windows (8b66138209c3483bb7236f3876acdcb5)] -> xpath: //span[@class='a-size-base a-color-base puis-bold-weight-text' and text()='Display Type']/parent::div/following-sibling::ul//span[@class='a-size-base a-color-base' and text()='LCD']]
17:01:20 [TestNG-test-Test-1] INFO  verifyingDisplayTypeFilterFunctionality_Laptop_17-00-51 - [verifyingDisplayTypeFilterFunctionality_Laptop_17-00-51] Within safeFindElements 
17:01:20 [TestNG-test-Test-1] INFO  verifyingDisplayTypeFilterFunctionality_Laptop_17-00-51 - [verifyingDisplayTypeFilterFunctionality_Laptop_17-00-51] Returning the  [[[ChromeDriver: chrome on windows (8b66138209c3483bb7236f3876acdcb5)] -> xpath: //div[@data-cy='title-recipe']], [[ChromeDriver: chrome on windows (8b66138209c3483bb7236f3876acdcb5)] -> xpath: //div[@data-cy='title-recipe']], [[ChromeDriver: chrome on windows (8b66138209c3483bb7236f3876acdcb5)] -> xpath: //div[@data-cy='title-recipe']], [[ChromeDriver: chrome on windows (8b66138209c3483bb7236f3876acdcb5)] -> xpath: //div[@data-cy='title-recipe']], [[ChromeDriver: chrome on windows (8b66138209c3483bb7236f3876acdcb5)] -> xpath: //div[@data-cy='title-recipe']], [[ChromeDriver: chrome on windows (8b66138209c3483bb7236f3876acdcb5)] -> xpath: //div[@data-cy='title-recipe']], [[ChromeDriver: chrome on windows (8b66138209c3483bb7236f3876acdcb5)] -> xpath: //div[@data-cy='title-recipe']], [[ChromeDriver: chrome on windows (8b66138209c3483bb7236f3876acdcb5)] -> xpath: //div[@data-cy='title-recipe']], [[ChromeDriver: chrome on windows (8b66138209c3483bb7236f3876acdcb5)] -> xpath: //div[@data-cy='title-recipe']], [[ChromeDriver: chrome on windows (8b66138209c3483bb7236f3876acdcb5)] -> xpath: //div[@data-cy='title-recipe']], [[ChromeDriver: chrome on windows (8b66138209c3483bb7236f3876acdcb5)] -> xpath: //div[@data-cy='title-recipe']], [[ChromeDriver: chrome on windows (8b66138209c3483bb7236f3876acdcb5)] -> xpath: //div[@data-cy='title-recipe']], [[ChromeDriver: chrome on windows (8b66138209c3483bb7236f3876acdcb5)] -> xpath: //div[@data-cy='title-recipe']], [[ChromeDriver: chrome on windows (8b66138209c3483bb7236f3876acdcb5)] -> xpath: //div[@data-cy='title-recipe']], [[ChromeDriver: chrome on windows (8b66138209c3483bb7236f3876acdcb5)] -> xpath: //div[@data-cy='title-recipe']], [[ChromeDriver: chrome on windows (8b66138209c3483bb7236f3876acdcb5)] -> xpath: //div[@data-cy='title-recipe']]] from the safeFindElements method
17:01:20 [TestNG-test-Test-1] INFO  verifyingDisplayTypeFilterFunctionality_Laptop_17-00-51 - [verifyingDisplayTypeFilterFunctionality_Laptop_17-00-51] Execution is Not CRON Job Hence refering to normal keys from UtilData
17:01:20 [TestNG-test-Test-1] INFO  verifyingDisplayTypeFilterFunctionality_Laptop_17-00-51 - [verifyingDisplayTypeFilterFunctionality_Laptop_17-00-51] Within safeFindElements 
17:01:20 [TestNG-test-Test-1] INFO  verifyingDisplayTypeFilterFunctionality_Laptop_17-00-51 - [verifyingDisplayTypeFilterFunctionality_Laptop_17-00-51] Returning the  [[[ChromeDriver: chrome on windows (8b66138209c3483bb7236f3876acdcb5)] -> xpath: //div[@data-cy='title-recipe']], [[ChromeDriver: chrome on windows (8b66138209c3483bb7236f3876acdcb5)] -> xpath: //div[@data-cy='title-recipe']], [[ChromeDriver: chrome on windows (8b66138209c3483bb7236f3876acdcb5)] -> xpath: //div[@data-cy='title-recipe']], [[ChromeDriver: chrome on windows (8b66138209c3483bb7236f3876acdcb5)] -> xpath: //div[@data-cy='title-recipe']], [[ChromeDriver: chrome on windows (8b66138209c3483bb7236f3876acdcb5)] -> xpath: //div[@data-cy='title-recipe']], [[ChromeDriver: chrome on windows (8b66138209c3483bb7236f3876acdcb5)] -> xpath: //div[@data-cy='title-recipe']], [[ChromeDriver: chrome on windows (8b66138209c3483bb7236f3876acdcb5)] -> xpath: //div[@data-cy='title-recipe']], [[ChromeDriver: chrome on windows (8b66138209c3483bb7236f3876acdcb5)] -> xpath: //div[@data-cy='title-recipe']], [[ChromeDriver: chrome on windows (8b66138209c3483bb7236f3876acdcb5)] -> xpath: //div[@data-cy='title-recipe']], [[ChromeDriver: chrome on windows (8b66138209c3483bb7236f3876acdcb5)] -> xpath: //div[@data-cy='title-recipe']], [[ChromeDriver: chrome on windows (8b66138209c3483bb7236f3876acdcb5)] -> xpath: //div[@data-cy='title-recipe']], [[ChromeDriver: chrome on windows (8b66138209c3483bb7236f3876acdcb5)] -> xpath: //div[@data-cy='title-recipe']], [[ChromeDriver: chrome on windows (8b66138209c3483bb7236f3876acdcb5)] -> xpath: //div[@data-cy='title-recipe']], [[ChromeDriver: chrome on windows (8b66138209c3483bb7236f3876acdcb5)] -> xpath: //div[@data-cy='title-recipe']], [[ChromeDriver: chrome on windows (8b66138209c3483bb7236f3876acdcb5)] -> xpath: //div[@data-cy='title-recipe']], [[ChromeDriver: chrome on windows (8b66138209c3483bb7236f3876acdcb5)] -> xpath: //div[@data-cy='title-recipe']]] from the safeFindElements method
17:01:20 [TestNG-test-Test-1] INFO  verifyingDisplayTypeFilterFunctionality_Laptop_17-00-51 - [verifyingDisplayTypeFilterFunctionality_Laptop_17-00-51] Within productNameListingPage loop in applyFilterAndValidateProductsWithResult
17:01:20 [TestNG-test-Test-1] INFO  verifyingDisplayTypeFilterFunctionality_Laptop_17-00-51 - [verifyingDisplayTypeFilterFunctionality_Laptop_17-00-51] Within getProductByIndex method
17:01:20 [TestNG-test-Test-1] INFO  verifyingDisplayTypeFilterFunctionality_Laptop_17-00-51 - [verifyingDisplayTypeFilterFunctionality_Laptop_17-00-51] Within safeFindElement method
17:01:20 [TestNG-test-Test-1] INFO  verifyingDisplayTypeFilterFunctionality_Laptop_17-00-51 - [verifyingDisplayTypeFilterFunctionality_Laptop_17-00-51]Found the element returning it ,element ->[[ChromeDriver: chrome on windows (8b66138209c3483bb7236f3876acdcb5)] -> xpath: (//div[@data-cy='title-recipe'])[1]]
17:01:20 [TestNG-test-Test-1] INFO  verifyingDisplayTypeFilterFunctionality_Laptop_17-00-51 - [verifyingDisplayTypeFilterFunctionality_Laptop_17-00-51] Within getProductByIndex method
17:01:20 [TestNG-test-Test-1] INFO  verifyingDisplayTypeFilterFunctionality_Laptop_17-00-51 - [verifyingDisplayTypeFilterFunctionality_Laptop_17-00-51] Within smoothScrollToElement method
17:01:20 [TestNG-test-Test-1] INFO  verifyingDisplayTypeFilterFunctionality_Laptop_17-00-51 - [verifyingDisplayTypeFilterFunctionality_Laptop_17-00-51] Within safeFindElement method
17:01:20 [TestNG-test-Test-1] INFO  verifyingDisplayTypeFilterFunctionality_Laptop_17-00-51 - [verifyingDisplayTypeFilterFunctionality_Laptop_17-00-51]Found the element returning it ,element ->[[ChromeDriver: chrome on windows (8b66138209c3483bb7236f3876acdcb5)] -> xpath: (//div[@data-cy='title-recipe'])[1]]
17:01:21 [TestNG-test-Test-1] INFO  verifyingDisplayTypeFilterFunctionality_Laptop_17-00-51 - [verifyingDisplayTypeFilterFunctionality_Laptop_17-00-51] Successfully scrolled to element: By.xpath: (//div[@data-cy='title-recipe'])[1]
17:01:21 [TestNG-test-Test-1] INFO  verifyingDisplayTypeFilterFunctionality_Laptop_17-00-51 - [verifyingDisplayTypeFilterFunctionality_Laptop_17-00-51] Getting product by index in productNameListingPage loop
17:01:21 [TestNG-test-Test-1] INFO  verifyingDisplayTypeFilterFunctionality_Laptop_17-00-51 - [verifyingDisplayTypeFilterFunctionality_Laptop_17-00-51] Opened product in new tab via Ctrl+Click inside productNameListingPage loop
17:01:21 [TestNG-test-Test-1] INFO  verifyingDisplayTypeFilterFunctionality_Laptop_17-00-51 - [verifyingDisplayTypeFilterFunctionality_Laptop_17-00-51] Waiting for new window to open...
17:01:21 [TestNG-test-Test-1] INFO  verifyingDisplayTypeFilterFunctionality_Laptop_17-00-51 - [verifyingDisplayTypeFilterFunctionality_Laptop_17-00-51] Switched to new window -> C4DA38597B23319F24278B4D005F0D3B
17:01:21 [TestNG-test-Test-1] INFO  verifyingDisplayTypeFilterFunctionality_Laptop_17-00-51 - [verifyingDisplayTypeFilterFunctionality_Laptop_17-00-51] Swithcing to the new window  within productNameListingPage loop
17:01:21 [TestNG-test-Test-1] INFO  verifyingDisplayTypeFilterFunctionality_Laptop_17-00-51 - [verifyingDisplayTypeFilterFunctionality_Laptop_17-00-51] Clicked product name to open in new tab from productNameListingPage loop
17:01:21 [TestNG-test-Test-1] INFO  verifyingDisplayTypeFilterFunctionality_Laptop_17-00-51 - [verifyingDisplayTypeFilterFunctionality_Laptop_17-00-51] Within safeFindElement method
17:01:24 [TestNG-test-Test-1] INFO  verifyingDisplayTypeFilterFunctionality_Laptop_17-00-51 - [verifyingDisplayTypeFilterFunctionality_Laptop_17-00-51]Found the element returning it ,element ->[[ChromeDriver: chrome on windows (8b66138209c3483bb7236f3876acdcb5)] -> xpath: //span[@id='productTitle']]
17:01:24 [TestNG-test-Test-1] INFO  verifyingDisplayTypeFilterFunctionality_Laptop_17-00-51 - [verifyingDisplayTypeFilterFunctionality_Laptop_17-00-51] Within safeFindElement method
17:01:24 [TestNG-test-Test-1] INFO  verifyingDisplayTypeFilterFunctionality_Laptop_17-00-51 - [verifyingDisplayTypeFilterFunctionality_Laptop_17-00-51]Found the element returning it ,element ->[[ChromeDriver: chrome on windows (8b66138209c3483bb7236f3876acdcb5)] -> xpath: //div[@class='a-section a-spacing-small a-spacing-top-small']]
17:01:24 [TestNG-test-Test-1] INFO  verifyingDisplayTypeFilterFunctionality_Laptop_17-00-51 - [verifyingDisplayTypeFilterFunctionality_Laptop_17-00-51] Within safeFindElement method
17:01:24 [TestNG-test-Test-1] INFO  verifyingDisplayTypeFilterFunctionality_Laptop_17-00-51 - [verifyingDisplayTypeFilterFunctionality_Laptop_17-00-51]Found the element returning it ,element ->[[ChromeDriver: chrome on windows (8b66138209c3483bb7236f3876acdcb5)] -> xpath: //div[@id='feature-bullets']]
17:01:24 [TestNG-test-Test-1] INFO  verifyingDisplayTypeFilterFunctionality_Laptop_17-00-51 - [verifyingDisplayTypeFilterFunctionality_Laptop_17-00-51] Within safeFindElement method
17:01:24 [TestNG-test-Test-1] INFO  verifyingDisplayTypeFilterFunctionality_Laptop_17-00-51 - [verifyingDisplayTypeFilterFunctionality_Laptop_17-00-51]Found the element returning it ,element ->[[ChromeDriver: chrome on windows (8b66138209c3483bb7236f3876acdcb5)] -> xpath: //div[@id='prodDetails']]
17:01:24 [TestNG-test-Test-1] INFO  verifyingDisplayTypeFilterFunctionality_Laptop_17-00-51 - [verifyingDisplayTypeFilterFunctionality_Laptop_17-00-51] Extracting 'name' , 'keyFeatures', 'about' , 'techDetails' within productNameListingPage loop
17:01:24 [TestNG-test-Test-1] INFO  verifyingDisplayTypeFilterFunctionality_Laptop_17-00-51 - [verifyingDisplayTypeFilterFunctionality_Laptop_17-00-51] Waiting until element is visible in viewport
17:01:35 [TestNG-test-Test-1] INFO  verifyingDisplayTypeFilterFunctionality_Laptop_17-00-51 - [verifyingDisplayTypeFilterFunctionality_Laptop_17-00-51] Within smoothScrollToElement method
17:01:35 [TestNG-test-Test-1] INFO  verifyingDisplayTypeFilterFunctionality_Laptop_17-00-51 - [verifyingDisplayTypeFilterFunctionality_Laptop_17-00-51] Within safeFindElement method
17:01:35 [TestNG-test-Test-1] INFO  verifyingDisplayTypeFilterFunctionality_Laptop_17-00-51 - [verifyingDisplayTypeFilterFunctionality_Laptop_17-00-51]Found the element returning it ,element ->[[ChromeDriver: chrome on windows (8b66138209c3483bb7236f3876acdcb5)] -> xpath: //a[@id='seeMoreDetailsLink']]
17:01:35 [TestNG-test-Test-1] INFO  verifyingDisplayTypeFilterFunctionality_Laptop_17-00-51 - [verifyingDisplayTypeFilterFunctionality_Laptop_17-00-51] Successfully scrolled to element: By.xpath: //a[@id='seeMoreDetailsLink']
17:01:35 [TestNG-test-Test-1] INFO  verifyingDisplayTypeFilterFunctionality_Laptop_17-00-51 - [verifyingDisplayTypeFilterFunctionality_Laptop_17-00-51] Within safeClick method
17:01:35 [TestNG-test-Test-1] INFO  verifyingDisplayTypeFilterFunctionality_Laptop_17-00-51 - [verifyingDisplayTypeFilterFunctionality_Laptop_17-00-51] Clicked the  [[ChromeDriver: chrome on windows (8b66138209c3483bb7236f3876acdcb5)] -> xpath: //a[@id='seeMoreDetailsLink']]   using safeClick
17:01:35 [TestNG-test-Test-1] INFO  verifyingDisplayTypeFilterFunctionality_Laptop_17-00-51 - [verifyingDisplayTypeFilterFunctionality_Laptop_17-00-51] Within try block for clicking see more deatils within productNameListingPage loop
17:01:35 [TestNG-test-Test-1] INFO  verifyingDisplayTypeFilterFunctionality_Laptop_17-00-51 - [verifyingDisplayTypeFilterFunctionality_Laptop_17-00-51] Within closeCurrentWindowAndSwitchBack method
17:01:35 [TestNG-test-Test-1] INFO  verifyingDisplayTypeFilterFunctionality_Laptop_17-00-51 - [verifyingDisplayTypeFilterFunctionality_Laptop_17-00-51] Total open windows/tabs count -> 2
17:01:35 [TestNG-test-Test-1] INFO  verifyingDisplayTypeFilterFunctionality_Laptop_17-00-51 - [verifyingDisplayTypeFilterFunctionality_Laptop_17-00-51] Original window handle -> 1020D739D187FB09DA64CA6CE041F243
17:01:35 [TestNG-test-Test-1] INFO  verifyingDisplayTypeFilterFunctionality_Laptop_17-00-51 - [verifyingDisplayTypeFilterFunctionality_Laptop_17-00-51] Found new tab/window handle -> C4DA38597B23319F24278B4D005F0D3B (will be closed)
17:01:35 [TestNG-test-Test-1] INFO  verifyingDisplayTypeFilterFunctionality_Laptop_17-00-51 - [verifyingDisplayTypeFilterFunctionality_Laptop_17-00-51] Successfully switched to new tab/window -> C4DA38597B23319F24278B4D005F0D3B
17:01:35 [TestNG-test-Test-1] INFO  verifyingDisplayTypeFilterFunctionality_Laptop_17-00-51 - [verifyingDisplayTypeFilterFunctionality_Laptop_17-00-51] Closed the newly opened tab/window -> C4DA38597B23319F24278B4D005F0D3B
17:01:35 [TestNG-test-Test-1] INFO  verifyingDisplayTypeFilterFunctionality_Laptop_17-00-51 - [verifyingDisplayTypeFilterFunctionality_Laptop_17-00-51] Switched back to the original window -> 1020D739D187FB09DA64CA6CE041F243
17:01:35 [TestNG-test-Test-1] INFO  verifyingDisplayTypeFilterFunctionality_Laptop_17-00-51 - [verifyingDisplayTypeFilterFunctionality_Laptop_17-00-51]  going back to product listing via closeCurrentWindowAndSwitchBack 
17:01:35 [TestNG-test-Test-1] INFO  verifyingDisplayTypeFilterFunctionality_Laptop_17-00-51 - [verifyingDisplayTypeFilterFunctionality_Laptop_17-00-51]  Added 'filter','title','keyFeatures', 'about', 'techDetails' into the Map -> productResult
17:01:35 [TestNG-test-Test-1] INFO  verifyingDisplayTypeFilterFunctionality_Laptop_17-00-51 - [verifyingDisplayTypeFilterFunctionality_Laptop_17-00-51]  Added 'productResult' Map into the 'results' i.e list of maps 
17:01:35 [TestNG-test-Test-1] INFO  verifyingDisplayTypeFilterFunctionality_Laptop_17-00-51 - [verifyingDisplayTypeFilterFunctionality_Laptop_17-00-51]==========================================================================================================
17:01:35 [TestNG-test-Test-1] INFO  verifyingDisplayTypeFilterFunctionality_Laptop_17-00-51 - [verifyingDisplayTypeFilterFunctionality_Laptop_17-00-51] Within safeFindElements 
17:01:35 [TestNG-test-Test-1] INFO  verifyingDisplayTypeFilterFunctionality_Laptop_17-00-51 - [verifyingDisplayTypeFilterFunctionality_Laptop_17-00-51] Returning the  [[[ChromeDriver: chrome on windows (8b66138209c3483bb7236f3876acdcb5)] -> xpath: //div[@data-cy='title-recipe']], [[ChromeDriver: chrome on windows (8b66138209c3483bb7236f3876acdcb5)] -> xpath: //div[@data-cy='title-recipe']], [[ChromeDriver: chrome on windows (8b66138209c3483bb7236f3876acdcb5)] -> xpath: //div[@data-cy='title-recipe']], [[ChromeDriver: chrome on windows (8b66138209c3483bb7236f3876acdcb5)] -> xpath: //div[@data-cy='title-recipe']], [[ChromeDriver: chrome on windows (8b66138209c3483bb7236f3876acdcb5)] -> xpath: //div[@data-cy='title-recipe']], [[ChromeDriver: chrome on windows (8b66138209c3483bb7236f3876acdcb5)] -> xpath: //div[@data-cy='title-recipe']], [[ChromeDriver: chrome on windows (8b66138209c3483bb7236f3876acdcb5)] -> xpath: //div[@data-cy='title-recipe']], [[ChromeDriver: chrome on windows (8b66138209c3483bb7236f3876acdcb5)] -> xpath: //div[@data-cy='title-recipe']], [[ChromeDriver: chrome on windows (8b66138209c3483bb7236f3876acdcb5)] -> xpath: //div[@data-cy='title-recipe']], [[ChromeDriver: chrome on windows (8b66138209c3483bb7236f3876acdcb5)] -> xpath: //div[@data-cy='title-recipe']], [[ChromeDriver: chrome on windows (8b66138209c3483bb7236f3876acdcb5)] -> xpath: //div[@data-cy='title-recipe']], [[ChromeDriver: chrome on windows (8b66138209c3483bb7236f3876acdcb5)] -> xpath: //div[@data-cy='title-recipe']], [[ChromeDriver: chrome on windows (8b66138209c3483bb7236f3876acdcb5)] -> xpath: //div[@data-cy='title-recipe']], [[ChromeDriver: chrome on windows (8b66138209c3483bb7236f3876acdcb5)] -> xpath: //div[@data-cy='title-recipe']], [[ChromeDriver: chrome on windows (8b66138209c3483bb7236f3876acdcb5)] -> xpath: //div[@data-cy='title-recipe']], [[ChromeDriver: chrome on windows (8b66138209c3483bb7236f3876acdcb5)] -> xpath: //div[@data-cy='title-recipe']]] from the safeFindElements method
17:01:35 [TestNG-test-Test-1] INFO  verifyingDisplayTypeFilterFunctionality_Laptop_17-00-51 - [verifyingDisplayTypeFilterFunctionality_Laptop_17-00-51] Within productNameListingPage loop in applyFilterAndValidateProductsWithResult
17:01:35 [TestNG-test-Test-1] INFO  verifyingDisplayTypeFilterFunctionality_Laptop_17-00-51 - [verifyingDisplayTypeFilterFunctionality_Laptop_17-00-51] Within getProductByIndex method
17:01:35 [TestNG-test-Test-1] INFO  verifyingDisplayTypeFilterFunctionality_Laptop_17-00-51 - [verifyingDisplayTypeFilterFunctionality_Laptop_17-00-51] Within safeFindElement method
17:01:35 [TestNG-test-Test-1] INFO  verifyingDisplayTypeFilterFunctionality_Laptop_17-00-51 - [verifyingDisplayTypeFilterFunctionality_Laptop_17-00-51]Found the element returning it ,element ->[[ChromeDriver: chrome on windows (8b66138209c3483bb7236f3876acdcb5)] -> xpath: (//div[@data-cy='title-recipe'])[2]]
17:01:35 [TestNG-test-Test-1] INFO  verifyingDisplayTypeFilterFunctionality_Laptop_17-00-51 - [verifyingDisplayTypeFilterFunctionality_Laptop_17-00-51] Within getProductByIndex method
17:01:35 [TestNG-test-Test-1] INFO  verifyingDisplayTypeFilterFunctionality_Laptop_17-00-51 - [verifyingDisplayTypeFilterFunctionality_Laptop_17-00-51] Within smoothScrollToElement method
17:01:35 [TestNG-test-Test-1] INFO  verifyingDisplayTypeFilterFunctionality_Laptop_17-00-51 - [verifyingDisplayTypeFilterFunctionality_Laptop_17-00-51] Within safeFindElement method
17:01:36 [TestNG-test-Test-1] INFO  verifyingDisplayTypeFilterFunctionality_Laptop_17-00-51 - [verifyingDisplayTypeFilterFunctionality_Laptop_17-00-51]Found the element returning it ,element ->[[ChromeDriver: chrome on windows (8b66138209c3483bb7236f3876acdcb5)] -> xpath: (//div[@data-cy='title-recipe'])[2]]
17:01:36 [TestNG-test-Test-1] INFO  verifyingDisplayTypeFilterFunctionality_Laptop_17-00-51 - [verifyingDisplayTypeFilterFunctionality_Laptop_17-00-51] Successfully scrolled to element: By.xpath: (//div[@data-cy='title-recipe'])[2]
17:01:36 [TestNG-test-Test-1] INFO  verifyingDisplayTypeFilterFunctionality_Laptop_17-00-51 - [verifyingDisplayTypeFilterFunctionality_Laptop_17-00-51] Getting product by index in productNameListingPage loop
17:01:36 [TestNG-test-Test-1] INFO  verifyingDisplayTypeFilterFunctionality_Laptop_17-00-51 - [verifyingDisplayTypeFilterFunctionality_Laptop_17-00-51] Opened product in new tab via Ctrl+Click inside productNameListingPage loop
17:01:36 [TestNG-test-Test-1] INFO  verifyingDisplayTypeFilterFunctionality_Laptop_17-00-51 - [verifyingDisplayTypeFilterFunctionality_Laptop_17-00-51] Waiting for new window to open...
17:01:36 [TestNG-test-Test-1] INFO  verifyingDisplayTypeFilterFunctionality_Laptop_17-00-51 - [verifyingDisplayTypeFilterFunctionality_Laptop_17-00-51] Switched to new window -> A8C89F09F00E393181C10F4067A5279B
17:01:36 [TestNG-test-Test-1] INFO  verifyingDisplayTypeFilterFunctionality_Laptop_17-00-51 - [verifyingDisplayTypeFilterFunctionality_Laptop_17-00-51] Swithcing to the new window  within productNameListingPage loop
17:01:36 [TestNG-test-Test-1] INFO  verifyingDisplayTypeFilterFunctionality_Laptop_17-00-51 - [verifyingDisplayTypeFilterFunctionality_Laptop_17-00-51] Clicked product name to open in new tab from productNameListingPage loop
17:01:36 [TestNG-test-Test-1] INFO  verifyingDisplayTypeFilterFunctionality_Laptop_17-00-51 - [verifyingDisplayTypeFilterFunctionality_Laptop_17-00-51] Within safeFindElement method
17:01:38 [TestNG-test-Test-1] INFO  verifyingDisplayTypeFilterFunctionality_Laptop_17-00-51 - [verifyingDisplayTypeFilterFunctionality_Laptop_17-00-51]Found the element returning it ,element ->[[ChromeDriver: chrome on windows (8b66138209c3483bb7236f3876acdcb5)] -> xpath: //span[@id='productTitle']]
17:01:38 [TestNG-test-Test-1] INFO  verifyingDisplayTypeFilterFunctionality_Laptop_17-00-51 - [verifyingDisplayTypeFilterFunctionality_Laptop_17-00-51] Within safeFindElement method
17:01:39 [TestNG-test-Test-1] INFO  verifyingDisplayTypeFilterFunctionality_Laptop_17-00-51 - [verifyingDisplayTypeFilterFunctionality_Laptop_17-00-51]Found the element returning it ,element ->[[ChromeDriver: chrome on windows (8b66138209c3483bb7236f3876acdcb5)] -> xpath: //div[@class='a-section a-spacing-small a-spacing-top-small']]
17:01:39 [TestNG-test-Test-1] INFO  verifyingDisplayTypeFilterFunctionality_Laptop_17-00-51 - [verifyingDisplayTypeFilterFunctionality_Laptop_17-00-51] Within safeFindElement method
17:01:39 [TestNG-test-Test-1] INFO  verifyingDisplayTypeFilterFunctionality_Laptop_17-00-51 - [verifyingDisplayTypeFilterFunctionality_Laptop_17-00-51]Found the element returning it ,element ->[[ChromeDriver: chrome on windows (8b66138209c3483bb7236f3876acdcb5)] -> xpath: //div[@id='feature-bullets']]
17:01:39 [TestNG-test-Test-1] INFO  verifyingDisplayTypeFilterFunctionality_Laptop_17-00-51 - [verifyingDisplayTypeFilterFunctionality_Laptop_17-00-51] Within safeFindElement method
17:01:39 [TestNG-test-Test-1] INFO  verifyingDisplayTypeFilterFunctionality_Laptop_17-00-51 - [verifyingDisplayTypeFilterFunctionality_Laptop_17-00-51]Found the element returning it ,element ->[[ChromeDriver: chrome on windows (8b66138209c3483bb7236f3876acdcb5)] -> xpath: //div[@id='prodDetails']]
17:01:39 [TestNG-test-Test-1] INFO  verifyingDisplayTypeFilterFunctionality_Laptop_17-00-51 - [verifyingDisplayTypeFilterFunctionality_Laptop_17-00-51] Extracting 'name' , 'keyFeatures', 'about' , 'techDetails' within productNameListingPage loop
17:01:39 [TestNG-test-Test-1] INFO  verifyingDisplayTypeFilterFunctionality_Laptop_17-00-51 - [verifyingDisplayTypeFilterFunctionality_Laptop_17-00-51] Waiting until element is visible in viewport
17:01:49 [TestNG-test-Test-1] INFO  verifyingDisplayTypeFilterFunctionality_Laptop_17-00-51 - [verifyingDisplayTypeFilterFunctionality_Laptop_17-00-51] Within smoothScrollToElement method
17:01:49 [TestNG-test-Test-1] INFO  verifyingDisplayTypeFilterFunctionality_Laptop_17-00-51 - [verifyingDisplayTypeFilterFunctionality_Laptop_17-00-51] Within safeFindElement method
17:01:50 [TestNG-test-Test-1] INFO  verifyingDisplayTypeFilterFunctionality_Laptop_17-00-51 - [verifyingDisplayTypeFilterFunctionality_Laptop_17-00-51]Found the element returning it ,element ->[[ChromeDriver: chrome on windows (8b66138209c3483bb7236f3876acdcb5)] -> xpath: //a[@id='seeMoreDetailsLink']]
17:01:50 [TestNG-test-Test-1] INFO  verifyingDisplayTypeFilterFunctionality_Laptop_17-00-51 - [verifyingDisplayTypeFilterFunctionality_Laptop_17-00-51] Successfully scrolled to element: By.xpath: //a[@id='seeMoreDetailsLink']
17:01:50 [TestNG-test-Test-1] INFO  verifyingDisplayTypeFilterFunctionality_Laptop_17-00-51 - [verifyingDisplayTypeFilterFunctionality_Laptop_17-00-51] Within safeClick method
17:01:50 [TestNG-test-Test-1] INFO  verifyingDisplayTypeFilterFunctionality_Laptop_17-00-51 - [verifyingDisplayTypeFilterFunctionality_Laptop_17-00-51] Clicked the  [[ChromeDriver: chrome on windows (8b66138209c3483bb7236f3876acdcb5)] -> xpath: //a[@id='seeMoreDetailsLink']]   using safeClick
17:01:50 [TestNG-test-Test-1] INFO  verifyingDisplayTypeFilterFunctionality_Laptop_17-00-51 - [verifyingDisplayTypeFilterFunctionality_Laptop_17-00-51] Within try block for clicking see more deatils within productNameListingPage loop
17:01:50 [TestNG-test-Test-1] INFO  verifyingDisplayTypeFilterFunctionality_Laptop_17-00-51 - [verifyingDisplayTypeFilterFunctionality_Laptop_17-00-51] Within closeCurrentWindowAndSwitchBack method
17:01:50 [TestNG-test-Test-1] INFO  verifyingDisplayTypeFilterFunctionality_Laptop_17-00-51 - [verifyingDisplayTypeFilterFunctionality_Laptop_17-00-51] Total open windows/tabs count -> 2
17:01:50 [TestNG-test-Test-1] INFO  verifyingDisplayTypeFilterFunctionality_Laptop_17-00-51 - [verifyingDisplayTypeFilterFunctionality_Laptop_17-00-51] Original window handle -> 1020D739D187FB09DA64CA6CE041F243
17:01:50 [TestNG-test-Test-1] INFO  verifyingDisplayTypeFilterFunctionality_Laptop_17-00-51 - [verifyingDisplayTypeFilterFunctionality_Laptop_17-00-51] Found new tab/window handle -> A8C89F09F00E393181C10F4067A5279B (will be closed)
17:01:50 [TestNG-test-Test-1] INFO  verifyingDisplayTypeFilterFunctionality_Laptop_17-00-51 - [verifyingDisplayTypeFilterFunctionality_Laptop_17-00-51] Successfully switched to new tab/window -> A8C89F09F00E393181C10F4067A5279B
17:01:50 [TestNG-test-Test-1] INFO  verifyingDisplayTypeFilterFunctionality_Laptop_17-00-51 - [verifyingDisplayTypeFilterFunctionality_Laptop_17-00-51] Closed the newly opened tab/window -> A8C89F09F00E393181C10F4067A5279B
17:01:50 [TestNG-test-Test-1] INFO  verifyingDisplayTypeFilterFunctionality_Laptop_17-00-51 - [verifyingDisplayTypeFilterFunctionality_Laptop_17-00-51] Switched back to the original window -> 1020D739D187FB09DA64CA6CE041F243
17:01:50 [TestNG-test-Test-1] INFO  verifyingDisplayTypeFilterFunctionality_Laptop_17-00-51 - [verifyingDisplayTypeFilterFunctionality_Laptop_17-00-51]  going back to product listing via closeCurrentWindowAndSwitchBack 
17:01:50 [TestNG-test-Test-1] INFO  verifyingDisplayTypeFilterFunctionality_Laptop_17-00-51 - [verifyingDisplayTypeFilterFunctionality_Laptop_17-00-51]  Added 'filter','title','keyFeatures', 'about', 'techDetails' into the Map -> productResult
17:01:50 [TestNG-test-Test-1] INFO  verifyingDisplayTypeFilterFunctionality_Laptop_17-00-51 - [verifyingDisplayTypeFilterFunctionality_Laptop_17-00-51]  Added 'productResult' Map into the 'results' i.e list of maps 
17:01:50 [TestNG-test-Test-1] INFO  verifyingDisplayTypeFilterFunctionality_Laptop_17-00-51 - [verifyingDisplayTypeFilterFunctionality_Laptop_17-00-51]==========================================================================================================
17:01:50 [TestNG-test-Test-1] INFO  verifyingDisplayTypeFilterFunctionality_Laptop_17-00-51 - [verifyingDisplayTypeFilterFunctionality_Laptop_17-00-51] Within safeClick method
17:01:51 [TestNG-test-Test-1] INFO  verifyingDisplayTypeFilterFunctionality_Laptop_17-00-51 - [verifyingDisplayTypeFilterFunctionality_Laptop_17-00-51] Clicked the  [[ChromeDriver: chrome on windows (8b66138209c3483bb7236f3876acdcb5)] -> xpath: //span[@class='a-size-base a-color-base' and text()='Clear']]   using safeClick
17:01:51 [TestNG-test-Test-1] INFO  verifyingDisplayTypeFilterFunctionality_Laptop_17-00-51 - [verifyingDisplayTypeFilterFunctionality_Laptop_17-00-51] Clearing the filter value ->LCDwithin productNameListingPage loop
17:01:51 [TestNG-test-Test-1] INFO  verifyingDisplayTypeFilterFunctionality_Laptop_17-00-51 - [verifyingDisplayTypeFilterFunctionality_Laptop_17-00-51]==========================================================================================================
17:01:51 [TestNG-test-Test-1] INFO  verifyingDisplayTypeFilterFunctionality_Laptop_17-00-51 - [verifyingDisplayTypeFilterFunctionality_Laptop_17-00-51]==========================================================================================================
17:01:51 [TestNG-test-Test-1] INFO  verifyingDisplayTypeFilterFunctionality_Laptop_17-00-51 - [verifyingDisplayTypeFilterFunctionality_Laptop_17-00-51] Within filterOptions loop in applyFilterAndValidateProductsWithResult
17:01:51 [TestNG-test-Test-1] INFO  verifyingDisplayTypeFilterFunctionality_Laptop_17-00-51 - [verifyingDisplayTypeFilterFunctionality_Laptop_17-00-51] Within safeFindElements 
17:01:52 [TestNG-test-Test-1] INFO  verifyingDisplayTypeFilterFunctionality_Laptop_17-00-51 - [verifyingDisplayTypeFilterFunctionality_Laptop_17-00-51] Returning the  [[[ChromeDriver: chrome on windows (8b66138209c3483bb7236f3876acdcb5)] -> xpath: //span[@class='a-size-base a-color-base puis-bold-weight-text' and text()='Display Type']/parent::div/following-sibling::ul//span[@class='a-size-base a-color-base']], [[ChromeDriver: chrome on windows (8b66138209c3483bb7236f3876acdcb5)] -> xpath: //span[@class='a-size-base a-color-base puis-bold-weight-text' and text()='Display Type']/parent::div/following-sibling::ul//span[@class='a-size-base a-color-base']], [[ChromeDriver: chrome on windows (8b66138209c3483bb7236f3876acdcb5)] -> xpath: //span[@class='a-size-base a-color-base puis-bold-weight-text' and text()='Display Type']/parent::div/following-sibling::ul//span[@class='a-size-base a-color-base']], [[ChromeDriver: chrome on windows (8b66138209c3483bb7236f3876acdcb5)] -> xpath: //span[@class='a-size-base a-color-base puis-bold-weight-text' and text()='Display Type']/parent::div/following-sibling::ul//span[@class='a-size-base a-color-base']]] from the safeFindElements method
17:01:52 [TestNG-test-Test-1] INFO  verifyingDisplayTypeFilterFunctionality_Laptop_17-00-51 - [verifyingDisplayTypeFilterFunctionality_Laptop_17-00-51] Trying to read filter option 2 (attempt 1/3)
17:01:53 [TestNG-test-Test-1] INFO  verifyingDisplayTypeFilterFunctionality_Laptop_17-00-51 - [verifyingDisplayTypeFilterFunctionality_Laptop_17-00-51] Successfully read filter option 2 = 'LED'
17:01:53 [TestNG-test-Test-1] INFO  verifyingDisplayTypeFilterFunctionality_Laptop_17-00-51 - [verifyingDisplayTypeFilterFunctionality_Laptop_17-00-51] Within getfilterByTypeAndName method
17:01:53 [TestNG-test-Test-1] INFO  verifyingDisplayTypeFilterFunctionality_Laptop_17-00-51 - [verifyingDisplayTypeFilterFunctionality_Laptop_17-00-51] Within safeClickBooleanWithScreenShot method
17:01:53 [TestNG-test-Test-1] INFO  verifyingDisplayTypeFilterFunctionality_Laptop_17-00-51 - [verifyingDisplayTypeFilterFunctionality_Laptop_17-00-51] Within getAppliedfilterByTypeAndName method
17:01:53 [TestNG-test-Test-1] INFO  verifyingDisplayTypeFilterFunctionality_Laptop_17-00-51 - [verifyingDisplayTypeFilterFunctionality_Laptop_17-00-51] Within smoothScrollToElement method
17:01:53 [TestNG-test-Test-1] INFO  verifyingDisplayTypeFilterFunctionality_Laptop_17-00-51 - [verifyingDisplayTypeFilterFunctionality_Laptop_17-00-51] Within safeFindElement method
17:01:53 [TestNG-test-Test-1] INFO  verifyingDisplayTypeFilterFunctionality_Laptop_17-00-51 - [verifyingDisplayTypeFilterFunctionality_Laptop_17-00-51]Found the element returning it ,element ->[[ChromeDriver: chrome on windows (8b66138209c3483bb7236f3876acdcb5)] -> xpath: //span[@class='a-size-base a-color-base puis-bold-weight-text' and text()='Display Type']]
17:01:53 [TestNG-test-Test-1] INFO  verifyingDisplayTypeFilterFunctionality_Laptop_17-00-51 - [verifyingDisplayTypeFilterFunctionality_Laptop_17-00-51] Successfully scrolled to element: By.xpath: //span[@class='a-size-base a-color-base puis-bold-weight-text' and text()='Display Type']
17:01:53 [TestNG-test-Test-1] INFO  verifyingDisplayTypeFilterFunctionality_Laptop_17-00-51 - [verifyingDisplayTypeFilterFunctionality_Laptop_17-00-51] Within getMoreButtonByFilterTypeAndName method
17:01:53 [TestNG-test-Test-1] INFO  verifyingDisplayTypeFilterFunctionality_Laptop_17-00-51 - [verifyingDisplayTypeFilterFunctionality_Laptop_17-00-51] could not find more button
17:01:53 [TestNG-test-Test-1] INFO  verifyingDisplayTypeFilterFunctionality_Laptop_17-00-51 - [verifyingDisplayTypeFilterFunctionality_Laptop_17-00-51] Within getAppliedfilterByTypeAndName method
17:01:53 [TestNG-test-Test-1] INFO  verifyingDisplayTypeFilterFunctionality_Laptop_17-00-51 - [verifyingDisplayTypeFilterFunctionality_Laptop_17-00-51] Within smoothScrollToElement method
17:01:53 [TestNG-test-Test-1] INFO  verifyingDisplayTypeFilterFunctionality_Laptop_17-00-51 - [verifyingDisplayTypeFilterFunctionality_Laptop_17-00-51] Within safeFindElement method
17:01:54 [TestNG-test-Test-1] INFO  verifyingDisplayTypeFilterFunctionality_Laptop_17-00-51 - [verifyingDisplayTypeFilterFunctionality_Laptop_17-00-51]Found the element returning it ,element ->[[ChromeDriver: chrome on windows (8b66138209c3483bb7236f3876acdcb5)] -> xpath: //span[@class='a-size-base a-color-base puis-bold-weight-text' and text()='Display Type']]
17:01:54 [TestNG-test-Test-1] INFO  verifyingDisplayTypeFilterFunctionality_Laptop_17-00-51 - [verifyingDisplayTypeFilterFunctionality_Laptop_17-00-51] Successfully scrolled to element: By.xpath: //span[@class='a-size-base a-color-base puis-bold-weight-text' and text()='Display Type']
17:01:54 [TestNG-test-Test-1] INFO  verifyingDisplayTypeFilterFunctionality_Laptop_17-00-51 - [verifyingDisplayTypeFilterFunctionality_Laptop_17-00-51] Within getMoreButtonByFilterTypeAndName method
17:01:54 [TestNG-test-Test-1] INFO  verifyingDisplayTypeFilterFunctionality_Laptop_17-00-51 - [verifyingDisplayTypeFilterFunctionality_Laptop_17-00-51] could not find more button
17:01:54 [TestNG-test-Test-1] INFO  verifyingDisplayTypeFilterFunctionality_Laptop_17-00-51 - [verifyingDisplayTypeFilterFunctionality_Laptop_17-00-51] Within getfilterByTypeAndName method
17:01:54 [TestNG-test-Test-1] INFO  verifyingDisplayTypeFilterFunctionality_Laptop_17-00-51 - [verifyingDisplayTypeFilterFunctionality_Laptop_17-00-51] Within smoothScrollToElement method
17:01:54 [TestNG-test-Test-1] INFO  verifyingDisplayTypeFilterFunctionality_Laptop_17-00-51 - [verifyingDisplayTypeFilterFunctionality_Laptop_17-00-51] Within safeFindElement method
17:01:55 [TestNG-test-Test-1] INFO  verifyingDisplayTypeFilterFunctionality_Laptop_17-00-51 - [verifyingDisplayTypeFilterFunctionality_Laptop_17-00-51]Found the element returning it ,element ->[[ChromeDriver: chrome on windows (8b66138209c3483bb7236f3876acdcb5)] -> xpath: //span[@class='a-size-base a-color-base puis-bold-weight-text' and text()='Display Type']/parent::div/following-sibling::ul//span[@class='a-size-base a-color-base a-text-bold' and text()='LED']]
17:01:55 [TestNG-test-Test-1] INFO  verifyingDisplayTypeFilterFunctionality_Laptop_17-00-51 - [verifyingDisplayTypeFilterFunctionality_Laptop_17-00-51] Successfully scrolled to element: By.xpath: //span[@class='a-size-base a-color-base puis-bold-weight-text' and text()='Display Type']/parent::div/following-sibling::ul//span[@class='a-size-base a-color-base a-text-bold' and text()='LED']
17:01:55 [TestNG-test-Test-1] INFO  verifyingDisplayTypeFilterFunctionality_Laptop_17-00-51 - [verifyingDisplayTypeFilterFunctionality_Laptop_17-00-51] Clicked the element using safe click ,element is [[ChromeDriver: chrome on windows (8b66138209c3483bb7236f3876acdcb5)] -> xpath: //span[@class='a-size-base a-color-base puis-bold-weight-text' and text()='Display Type']/parent::div/following-sibling::ul//span[@class='a-size-base a-color-base' and text()='LED']]
17:01:55 [TestNG-test-Test-1] INFO  verifyingDisplayTypeFilterFunctionality_Laptop_17-00-51 - [verifyingDisplayTypeFilterFunctionality_Laptop_17-00-51] Within safeFindElements 
17:01:56 [TestNG-test-Test-1] INFO  verifyingDisplayTypeFilterFunctionality_Laptop_17-00-51 - [verifyingDisplayTypeFilterFunctionality_Laptop_17-00-51] Returning the  [[[ChromeDriver: chrome on windows (8b66138209c3483bb7236f3876acdcb5)] -> xpath: //div[@data-cy='title-recipe']], [[ChromeDriver: chrome on windows (8b66138209c3483bb7236f3876acdcb5)] -> xpath: //div[@data-cy='title-recipe']], [[ChromeDriver: chrome on windows (8b66138209c3483bb7236f3876acdcb5)] -> xpath: //div[@data-cy='title-recipe']], [[ChromeDriver: chrome on windows (8b66138209c3483bb7236f3876acdcb5)] -> xpath: //div[@data-cy='title-recipe']], [[ChromeDriver: chrome on windows (8b66138209c3483bb7236f3876acdcb5)] -> xpath: //div[@data-cy='title-recipe']], [[ChromeDriver: chrome on windows (8b66138209c3483bb7236f3876acdcb5)] -> xpath: //div[@data-cy='title-recipe']], [[ChromeDriver: chrome on windows (8b66138209c3483bb7236f3876acdcb5)] -> xpath: //div[@data-cy='title-recipe']], [[ChromeDriver: chrome on windows (8b66138209c3483bb7236f3876acdcb5)] -> xpath: //div[@data-cy='title-recipe']], [[ChromeDriver: chrome on windows (8b66138209c3483bb7236f3876acdcb5)] -> xpath: //div[@data-cy='title-recipe']], [[ChromeDriver: chrome on windows (8b66138209c3483bb7236f3876acdcb5)] -> xpath: //div[@data-cy='title-recipe']], [[ChromeDriver: chrome on windows (8b66138209c3483bb7236f3876acdcb5)] -> xpath: //div[@data-cy='title-recipe']], [[ChromeDriver: chrome on windows (8b66138209c3483bb7236f3876acdcb5)] -> xpath: //div[@data-cy='title-recipe']], [[ChromeDriver: chrome on windows (8b66138209c3483bb7236f3876acdcb5)] -> xpath: //div[@data-cy='title-recipe']], [[ChromeDriver: chrome on windows (8b66138209c3483bb7236f3876acdcb5)] -> xpath: //div[@data-cy='title-recipe']], [[ChromeDriver: chrome on windows (8b66138209c3483bb7236f3876acdcb5)] -> xpath: //div[@data-cy='title-recipe']], [[ChromeDriver: chrome on windows (8b66138209c3483bb7236f3876acdcb5)] -> xpath: //div[@data-cy='title-recipe']]] from the safeFindElements method
17:01:56 [TestNG-test-Test-1] INFO  verifyingDisplayTypeFilterFunctionality_Laptop_17-00-51 - [verifyingDisplayTypeFilterFunctionality_Laptop_17-00-51] Execution is Not CRON Job Hence refering to normal keys from UtilData
17:01:56 [TestNG-test-Test-1] INFO  verifyingDisplayTypeFilterFunctionality_Laptop_17-00-51 - [verifyingDisplayTypeFilterFunctionality_Laptop_17-00-51] Within safeFindElements 
17:01:56 [TestNG-test-Test-1] INFO  verifyingDisplayTypeFilterFunctionality_Laptop_17-00-51 - [verifyingDisplayTypeFilterFunctionality_Laptop_17-00-51] Returning the  [[[ChromeDriver: chrome on windows (8b66138209c3483bb7236f3876acdcb5)] -> xpath: //div[@data-cy='title-recipe']], [[ChromeDriver: chrome on windows (8b66138209c3483bb7236f3876acdcb5)] -> xpath: //div[@data-cy='title-recipe']], [[ChromeDriver: chrome on windows (8b66138209c3483bb7236f3876acdcb5)] -> xpath: //div[@data-cy='title-recipe']], [[ChromeDriver: chrome on windows (8b66138209c3483bb7236f3876acdcb5)] -> xpath: //div[@data-cy='title-recipe']], [[ChromeDriver: chrome on windows (8b66138209c3483bb7236f3876acdcb5)] -> xpath: //div[@data-cy='title-recipe']], [[ChromeDriver: chrome on windows (8b66138209c3483bb7236f3876acdcb5)] -> xpath: //div[@data-cy='title-recipe']], [[ChromeDriver: chrome on windows (8b66138209c3483bb7236f3876acdcb5)] -> xpath: //div[@data-cy='title-recipe']], [[ChromeDriver: chrome on windows (8b66138209c3483bb7236f3876acdcb5)] -> xpath: //div[@data-cy='title-recipe']], [[ChromeDriver: chrome on windows (8b66138209c3483bb7236f3876acdcb5)] -> xpath: //div[@data-cy='title-recipe']], [[ChromeDriver: chrome on windows (8b66138209c3483bb7236f3876acdcb5)] -> xpath: //div[@data-cy='title-recipe']], [[ChromeDriver: chrome on windows (8b66138209c3483bb7236f3876acdcb5)] -> xpath: //div[@data-cy='title-recipe']], [[ChromeDriver: chrome on windows (8b66138209c3483bb7236f3876acdcb5)] -> xpath: //div[@data-cy='title-recipe']], [[ChromeDriver: chrome on windows (8b66138209c3483bb7236f3876acdcb5)] -> xpath: //div[@data-cy='title-recipe']], [[ChromeDriver: chrome on windows (8b66138209c3483bb7236f3876acdcb5)] -> xpath: //div[@data-cy='title-recipe']], [[ChromeDriver: chrome on windows (8b66138209c3483bb7236f3876acdcb5)] -> xpath: //div[@data-cy='title-recipe']], [[ChromeDriver: chrome on windows (8b66138209c3483bb7236f3876acdcb5)] -> xpath: //div[@data-cy='title-recipe']]] from the safeFindElements method
17:01:56 [TestNG-test-Test-1] INFO  verifyingDisplayTypeFilterFunctionality_Laptop_17-00-51 - [verifyingDisplayTypeFilterFunctionality_Laptop_17-00-51] Within productNameListingPage loop in applyFilterAndValidateProductsWithResult
17:01:56 [TestNG-test-Test-1] INFO  verifyingDisplayTypeFilterFunctionality_Laptop_17-00-51 - [verifyingDisplayTypeFilterFunctionality_Laptop_17-00-51] Within getProductByIndex method
17:01:56 [TestNG-test-Test-1] INFO  verifyingDisplayTypeFilterFunctionality_Laptop_17-00-51 - [verifyingDisplayTypeFilterFunctionality_Laptop_17-00-51] Within safeFindElement method
17:01:56 [TestNG-test-Test-1] INFO  verifyingDisplayTypeFilterFunctionality_Laptop_17-00-51 - [verifyingDisplayTypeFilterFunctionality_Laptop_17-00-51]Found the element returning it ,element ->[[ChromeDriver: chrome on windows (8b66138209c3483bb7236f3876acdcb5)] -> xpath: (//div[@data-cy='title-recipe'])[1]]
17:01:56 [TestNG-test-Test-1] INFO  verifyingDisplayTypeFilterFunctionality_Laptop_17-00-51 - [verifyingDisplayTypeFilterFunctionality_Laptop_17-00-51] Within getProductByIndex method
17:01:56 [TestNG-test-Test-1] INFO  verifyingDisplayTypeFilterFunctionality_Laptop_17-00-51 - [verifyingDisplayTypeFilterFunctionality_Laptop_17-00-51] Within smoothScrollToElement method
17:01:56 [TestNG-test-Test-1] INFO  verifyingDisplayTypeFilterFunctionality_Laptop_17-00-51 - [verifyingDisplayTypeFilterFunctionality_Laptop_17-00-51] Within safeFindElement method
17:01:56 [TestNG-test-Test-1] INFO  verifyingDisplayTypeFilterFunctionality_Laptop_17-00-51 - [verifyingDisplayTypeFilterFunctionality_Laptop_17-00-51]Found the element returning it ,element ->[[ChromeDriver: chrome on windows (8b66138209c3483bb7236f3876acdcb5)] -> xpath: (//div[@data-cy='title-recipe'])[1]]
17:01:56 [TestNG-test-Test-1] INFO  verifyingDisplayTypeFilterFunctionality_Laptop_17-00-51 - [verifyingDisplayTypeFilterFunctionality_Laptop_17-00-51] Successfully scrolled to element: By.xpath: (//div[@data-cy='title-recipe'])[1]
17:01:56 [TestNG-test-Test-1] INFO  verifyingDisplayTypeFilterFunctionality_Laptop_17-00-51 - [verifyingDisplayTypeFilterFunctionality_Laptop_17-00-51] Getting product by index in productNameListingPage loop
17:01:56 [TestNG-test-Test-1] INFO  verifyingDisplayTypeFilterFunctionality_Laptop_17-00-51 - [verifyingDisplayTypeFilterFunctionality_Laptop_17-00-51] Opened product in new tab via Ctrl+Click inside productNameListingPage loop
17:01:56 [TestNG-test-Test-1] INFO  verifyingDisplayTypeFilterFunctionality_Laptop_17-00-51 - [verifyingDisplayTypeFilterFunctionality_Laptop_17-00-51] Waiting for new window to open...
17:01:57 [TestNG-test-Test-1] INFO  verifyingDisplayTypeFilterFunctionality_Laptop_17-00-51 - [verifyingDisplayTypeFilterFunctionality_Laptop_17-00-51] Switched to new window -> BE345F55FCA25C103DC8CD8B5B3FA0A0
17:01:57 [TestNG-test-Test-1] INFO  verifyingDisplayTypeFilterFunctionality_Laptop_17-00-51 - [verifyingDisplayTypeFilterFunctionality_Laptop_17-00-51] Swithcing to the new window  within productNameListingPage loop
17:01:57 [TestNG-test-Test-1] INFO  verifyingDisplayTypeFilterFunctionality_Laptop_17-00-51 - [verifyingDisplayTypeFilterFunctionality_Laptop_17-00-51] Clicked product name to open in new tab from productNameListingPage loop
17:01:57 [TestNG-test-Test-1] INFO  verifyingDisplayTypeFilterFunctionality_Laptop_17-00-51 - [verifyingDisplayTypeFilterFunctionality_Laptop_17-00-51] Within safeFindElement method
17:01:59 [TestNG-test-Test-1] INFO  verifyingDisplayTypeFilterFunctionality_Laptop_17-00-51 - [verifyingDisplayTypeFilterFunctionality_Laptop_17-00-51]Found the element returning it ,element ->[[ChromeDriver: chrome on windows (8b66138209c3483bb7236f3876acdcb5)] -> xpath: //span[@id='productTitle']]
17:02:00 [TestNG-test-Test-1] INFO  verifyingDisplayTypeFilterFunctionality_Laptop_17-00-51 - [verifyingDisplayTypeFilterFunctionality_Laptop_17-00-51] Within safeFindElement method
17:02:00 [TestNG-test-Test-1] INFO  verifyingDisplayTypeFilterFunctionality_Laptop_17-00-51 - [verifyingDisplayTypeFilterFunctionality_Laptop_17-00-51]Found the element returning it ,element ->[[ChromeDriver: chrome on windows (8b66138209c3483bb7236f3876acdcb5)] -> xpath: //div[@class='a-section a-spacing-small a-spacing-top-small']]
17:02:00 [TestNG-test-Test-1] INFO  verifyingDisplayTypeFilterFunctionality_Laptop_17-00-51 - [verifyingDisplayTypeFilterFunctionality_Laptop_17-00-51] Within safeFindElement method
17:02:00 [TestNG-test-Test-1] INFO  verifyingDisplayTypeFilterFunctionality_Laptop_17-00-51 - [verifyingDisplayTypeFilterFunctionality_Laptop_17-00-51]Found the element returning it ,element ->[[ChromeDriver: chrome on windows (8b66138209c3483bb7236f3876acdcb5)] -> xpath: //div[@id='feature-bullets']]
17:02:00 [TestNG-test-Test-1] INFO  verifyingDisplayTypeFilterFunctionality_Laptop_17-00-51 - [verifyingDisplayTypeFilterFunctionality_Laptop_17-00-51] Within safeFindElement method
17:02:00 [TestNG-test-Test-1] INFO  verifyingDisplayTypeFilterFunctionality_Laptop_17-00-51 - [verifyingDisplayTypeFilterFunctionality_Laptop_17-00-51]Found the element returning it ,element ->[[ChromeDriver: chrome on windows (8b66138209c3483bb7236f3876acdcb5)] -> xpath: //div[@id='prodDetails']]
17:02:00 [TestNG-test-Test-1] INFO  verifyingDisplayTypeFilterFunctionality_Laptop_17-00-51 - [verifyingDisplayTypeFilterFunctionality_Laptop_17-00-51] Extracting 'name' , 'keyFeatures', 'about' , 'techDetails' within productNameListingPage loop
17:02:00 [TestNG-test-Test-1] INFO  verifyingDisplayTypeFilterFunctionality_Laptop_17-00-51 - [verifyingDisplayTypeFilterFunctionality_Laptop_17-00-51] Waiting until element is visible in viewport
17:02:10 [TestNG-test-Test-1] INFO  verifyingDisplayTypeFilterFunctionality_Laptop_17-00-51 - [verifyingDisplayTypeFilterFunctionality_Laptop_17-00-51] Within smoothScrollToElement method
17:02:10 [TestNG-test-Test-1] INFO  verifyingDisplayTypeFilterFunctionality_Laptop_17-00-51 - [verifyingDisplayTypeFilterFunctionality_Laptop_17-00-51] Within safeFindElement method
17:02:10 [TestNG-test-Test-1] INFO  verifyingDisplayTypeFilterFunctionality_Laptop_17-00-51 - [verifyingDisplayTypeFilterFunctionality_Laptop_17-00-51]Found the element returning it ,element ->[[ChromeDriver: chrome on windows (8b66138209c3483bb7236f3876acdcb5)] -> xpath: //a[@id='seeMoreDetailsLink']]
17:02:10 [TestNG-test-Test-1] INFO  verifyingDisplayTypeFilterFunctionality_Laptop_17-00-51 - [verifyingDisplayTypeFilterFunctionality_Laptop_17-00-51] Successfully scrolled to element: By.xpath: //a[@id='seeMoreDetailsLink']
17:02:10 [TestNG-test-Test-1] INFO  verifyingDisplayTypeFilterFunctionality_Laptop_17-00-51 - [verifyingDisplayTypeFilterFunctionality_Laptop_17-00-51] Within safeClick method
17:02:11 [TestNG-test-Test-1] INFO  verifyingDisplayTypeFilterFunctionality_Laptop_17-00-51 - [verifyingDisplayTypeFilterFunctionality_Laptop_17-00-51] Clicked the  [[ChromeDriver: chrome on windows (8b66138209c3483bb7236f3876acdcb5)] -> xpath: //a[@id='seeMoreDetailsLink']]   using safeClick
17:02:11 [TestNG-test-Test-1] INFO  verifyingDisplayTypeFilterFunctionality_Laptop_17-00-51 - [verifyingDisplayTypeFilterFunctionality_Laptop_17-00-51] Within try block for clicking see more deatils within productNameListingPage loop
17:02:11 [TestNG-test-Test-1] INFO  verifyingDisplayTypeFilterFunctionality_Laptop_17-00-51 - [verifyingDisplayTypeFilterFunctionality_Laptop_17-00-51] Within closeCurrentWindowAndSwitchBack method
17:02:11 [TestNG-test-Test-1] INFO  verifyingDisplayTypeFilterFunctionality_Laptop_17-00-51 - [verifyingDisplayTypeFilterFunctionality_Laptop_17-00-51] Total open windows/tabs count -> 2
17:02:11 [TestNG-test-Test-1] INFO  verifyingDisplayTypeFilterFunctionality_Laptop_17-00-51 - [verifyingDisplayTypeFilterFunctionality_Laptop_17-00-51] Original window handle -> 1020D739D187FB09DA64CA6CE041F243
17:02:11 [TestNG-test-Test-1] INFO  verifyingDisplayTypeFilterFunctionality_Laptop_17-00-51 - [verifyingDisplayTypeFilterFunctionality_Laptop_17-00-51] Found new tab/window handle -> BE345F55FCA25C103DC8CD8B5B3FA0A0 (will be closed)
17:02:11 [TestNG-test-Test-1] INFO  verifyingDisplayTypeFilterFunctionality_Laptop_17-00-51 - [verifyingDisplayTypeFilterFunctionality_Laptop_17-00-51] Successfully switched to new tab/window -> BE345F55FCA25C103DC8CD8B5B3FA0A0
17:02:11 [TestNG-test-Test-1] INFO  verifyingDisplayTypeFilterFunctionality_Laptop_17-00-51 - [verifyingDisplayTypeFilterFunctionality_Laptop_17-00-51] Closed the newly opened tab/window -> BE345F55FCA25C103DC8CD8B5B3FA0A0
17:02:11 [TestNG-test-Test-1] INFO  verifyingDisplayTypeFilterFunctionality_Laptop_17-00-51 - [verifyingDisplayTypeFilterFunctionality_Laptop_17-00-51] Switched back to the original window -> 1020D739D187FB09DA64CA6CE041F243
17:02:11 [TestNG-test-Test-1] INFO  verifyingDisplayTypeFilterFunctionality_Laptop_17-00-51 - [verifyingDisplayTypeFilterFunctionality_Laptop_17-00-51]  going back to product listing via closeCurrentWindowAndSwitchBack 
17:02:11 [TestNG-test-Test-1] INFO  verifyingDisplayTypeFilterFunctionality_Laptop_17-00-51 - [verifyingDisplayTypeFilterFunctionality_Laptop_17-00-51]  Added 'filter','title','keyFeatures', 'about', 'techDetails' into the Map -> productResult
17:02:11 [TestNG-test-Test-1] INFO  verifyingDisplayTypeFilterFunctionality_Laptop_17-00-51 - [verifyingDisplayTypeFilterFunctionality_Laptop_17-00-51]  Added 'productResult' Map into the 'results' i.e list of maps 
17:02:11 [TestNG-test-Test-1] INFO  verifyingDisplayTypeFilterFunctionality_Laptop_17-00-51 - [verifyingDisplayTypeFilterFunctionality_Laptop_17-00-51]==========================================================================================================
17:02:11 [TestNG-test-Test-1] INFO  verifyingDisplayTypeFilterFunctionality_Laptop_17-00-51 - [verifyingDisplayTypeFilterFunctionality_Laptop_17-00-51] Within safeFindElements 
17:02:11 [TestNG-test-Test-1] INFO  verifyingDisplayTypeFilterFunctionality_Laptop_17-00-51 - [verifyingDisplayTypeFilterFunctionality_Laptop_17-00-51] Returning the  [[[ChromeDriver: chrome on windows (8b66138209c3483bb7236f3876acdcb5)] -> xpath: //div[@data-cy='title-recipe']], [[ChromeDriver: chrome on windows (8b66138209c3483bb7236f3876acdcb5)] -> xpath: //div[@data-cy='title-recipe']], [[ChromeDriver: chrome on windows (8b66138209c3483bb7236f3876acdcb5)] -> xpath: //div[@data-cy='title-recipe']], [[ChromeDriver: chrome on windows (8b66138209c3483bb7236f3876acdcb5)] -> xpath: //div[@data-cy='title-recipe']], [[ChromeDriver: chrome on windows (8b66138209c3483bb7236f3876acdcb5)] -> xpath: //div[@data-cy='title-recipe']], [[ChromeDriver: chrome on windows (8b66138209c3483bb7236f3876acdcb5)] -> xpath: //div[@data-cy='title-recipe']], [[ChromeDriver: chrome on windows (8b66138209c3483bb7236f3876acdcb5)] -> xpath: //div[@data-cy='title-recipe']], [[ChromeDriver: chrome on windows (8b66138209c3483bb7236f3876acdcb5)] -> xpath: //div[@data-cy='title-recipe']], [[ChromeDriver: chrome on windows (8b66138209c3483bb7236f3876acdcb5)] -> xpath: //div[@data-cy='title-recipe']], [[ChromeDriver: chrome on windows (8b66138209c3483bb7236f3876acdcb5)] -> xpath: //div[@data-cy='title-recipe']], [[ChromeDriver: chrome on windows (8b66138209c3483bb7236f3876acdcb5)] -> xpath: //div[@data-cy='title-recipe']], [[ChromeDriver: chrome on windows (8b66138209c3483bb7236f3876acdcb5)] -> xpath: //div[@data-cy='title-recipe']], [[ChromeDriver: chrome on windows (8b66138209c3483bb7236f3876acdcb5)] -> xpath: //div[@data-cy='title-recipe']], [[ChromeDriver: chrome on windows (8b66138209c3483bb7236f3876acdcb5)] -> xpath: //div[@data-cy='title-recipe']], [[ChromeDriver: chrome on windows (8b66138209c3483bb7236f3876acdcb5)] -> xpath: //div[@data-cy='title-recipe']], [[ChromeDriver: chrome on windows (8b66138209c3483bb7236f3876acdcb5)] -> xpath: //div[@data-cy='title-recipe']]] from the safeFindElements method
17:02:11 [TestNG-test-Test-1] INFO  verifyingDisplayTypeFilterFunctionality_Laptop_17-00-51 - [verifyingDisplayTypeFilterFunctionality_Laptop_17-00-51] Within productNameListingPage loop in applyFilterAndValidateProductsWithResult
17:02:11 [TestNG-test-Test-1] INFO  verifyingDisplayTypeFilterFunctionality_Laptop_17-00-51 - [verifyingDisplayTypeFilterFunctionality_Laptop_17-00-51] Within getProductByIndex method
17:02:11 [TestNG-test-Test-1] INFO  verifyingDisplayTypeFilterFunctionality_Laptop_17-00-51 - [verifyingDisplayTypeFilterFunctionality_Laptop_17-00-51] Within safeFindElement method
17:02:11 [TestNG-test-Test-1] INFO  verifyingDisplayTypeFilterFunctionality_Laptop_17-00-51 - [verifyingDisplayTypeFilterFunctionality_Laptop_17-00-51]Found the element returning it ,element ->[[ChromeDriver: chrome on windows (8b66138209c3483bb7236f3876acdcb5)] -> xpath: (//div[@data-cy='title-recipe'])[2]]
17:02:11 [TestNG-test-Test-1] INFO  verifyingDisplayTypeFilterFunctionality_Laptop_17-00-51 - [verifyingDisplayTypeFilterFunctionality_Laptop_17-00-51] Within getProductByIndex method
17:02:11 [TestNG-test-Test-1] INFO  verifyingDisplayTypeFilterFunctionality_Laptop_17-00-51 - [verifyingDisplayTypeFilterFunctionality_Laptop_17-00-51] Within smoothScrollToElement method
17:02:11 [TestNG-test-Test-1] INFO  verifyingDisplayTypeFilterFunctionality_Laptop_17-00-51 - [verifyingDisplayTypeFilterFunctionality_Laptop_17-00-51] Within safeFindElement method
17:02:11 [TestNG-test-Test-1] INFO  verifyingDisplayTypeFilterFunctionality_Laptop_17-00-51 - [verifyingDisplayTypeFilterFunctionality_Laptop_17-00-51]Found the element returning it ,element ->[[ChromeDriver: chrome on windows (8b66138209c3483bb7236f3876acdcb5)] -> xpath: (//div[@data-cy='title-recipe'])[2]]
17:02:12 [TestNG-test-Test-1] INFO  verifyingDisplayTypeFilterFunctionality_Laptop_17-00-51 - [verifyingDisplayTypeFilterFunctionality_Laptop_17-00-51] Successfully scrolled to element: By.xpath: (//div[@data-cy='title-recipe'])[2]
17:02:12 [TestNG-test-Test-1] INFO  verifyingDisplayTypeFilterFunctionality_Laptop_17-00-51 - [verifyingDisplayTypeFilterFunctionality_Laptop_17-00-51] Getting product by index in productNameListingPage loop
17:02:12 [TestNG-test-Test-1] INFO  verifyingDisplayTypeFilterFunctionality_Laptop_17-00-51 - [verifyingDisplayTypeFilterFunctionality_Laptop_17-00-51] Opened product in new tab via Ctrl+Click inside productNameListingPage loop
17:02:12 [TestNG-test-Test-1] INFO  verifyingDisplayTypeFilterFunctionality_Laptop_17-00-51 - [verifyingDisplayTypeFilterFunctionality_Laptop_17-00-51] Waiting for new window to open...
17:02:12 [TestNG-test-Test-1] INFO  verifyingDisplayTypeFilterFunctionality_Laptop_17-00-51 - [verifyingDisplayTypeFilterFunctionality_Laptop_17-00-51] Switched to new window -> 784D58CF2E06B19262C62DD5306CA7F3
17:02:12 [TestNG-test-Test-1] INFO  verifyingDisplayTypeFilterFunctionality_Laptop_17-00-51 - [verifyingDisplayTypeFilterFunctionality_Laptop_17-00-51] Swithcing to the new window  within productNameListingPage loop
17:02:12 [TestNG-test-Test-1] INFO  verifyingDisplayTypeFilterFunctionality_Laptop_17-00-51 - [verifyingDisplayTypeFilterFunctionality_Laptop_17-00-51] Clicked product name to open in new tab from productNameListingPage loop
17:02:12 [TestNG-test-Test-1] INFO  verifyingDisplayTypeFilterFunctionality_Laptop_17-00-51 - [verifyingDisplayTypeFilterFunctionality_Laptop_17-00-51] Within safeFindElement method
17:02:15 [TestNG-test-Test-1] INFO  verifyingDisplayTypeFilterFunctionality_Laptop_17-00-51 - [verifyingDisplayTypeFilterFunctionality_Laptop_17-00-51]Found the element returning it ,element ->[[ChromeDriver: chrome on windows (8b66138209c3483bb7236f3876acdcb5)] -> xpath: //span[@id='productTitle']]
17:02:15 [TestNG-test-Test-1] INFO  verifyingDisplayTypeFilterFunctionality_Laptop_17-00-51 - [verifyingDisplayTypeFilterFunctionality_Laptop_17-00-51] Within safeFindElement method
17:02:15 [TestNG-test-Test-1] INFO  verifyingDisplayTypeFilterFunctionality_Laptop_17-00-51 - [verifyingDisplayTypeFilterFunctionality_Laptop_17-00-51]Found the element returning it ,element ->[[ChromeDriver: chrome on windows (8b66138209c3483bb7236f3876acdcb5)] -> xpath: //div[@class='a-section a-spacing-small a-spacing-top-small']]
17:02:15 [TestNG-test-Test-1] INFO  verifyingDisplayTypeFilterFunctionality_Laptop_17-00-51 - [verifyingDisplayTypeFilterFunctionality_Laptop_17-00-51] Within safeFindElement method
17:02:15 [TestNG-test-Test-1] INFO  verifyingDisplayTypeFilterFunctionality_Laptop_17-00-51 - [verifyingDisplayTypeFilterFunctionality_Laptop_17-00-51]Found the element returning it ,element ->[[ChromeDriver: chrome on windows (8b66138209c3483bb7236f3876acdcb5)] -> xpath: //div[@id='feature-bullets']]
17:02:15 [TestNG-test-Test-1] INFO  verifyingDisplayTypeFilterFunctionality_Laptop_17-00-51 - [verifyingDisplayTypeFilterFunctionality_Laptop_17-00-51] Within safeFindElement method
17:02:15 [TestNG-test-Test-1] INFO  verifyingDisplayTypeFilterFunctionality_Laptop_17-00-51 - [verifyingDisplayTypeFilterFunctionality_Laptop_17-00-51]Found the element returning it ,element ->[[ChromeDriver: chrome on windows (8b66138209c3483bb7236f3876acdcb5)] -> xpath: //div[@id='prodDetails']]
17:02:15 [TestNG-test-Test-1] INFO  verifyingDisplayTypeFilterFunctionality_Laptop_17-00-51 - [verifyingDisplayTypeFilterFunctionality_Laptop_17-00-51] Extracting 'name' , 'keyFeatures', 'about' , 'techDetails' within productNameListingPage loop
17:02:15 [TestNG-test-Test-1] INFO  verifyingDisplayTypeFilterFunctionality_Laptop_17-00-51 - [verifyingDisplayTypeFilterFunctionality_Laptop_17-00-51] Waiting until element is visible in viewport
17:02:25 [TestNG-test-Test-1] INFO  verifyingDisplayTypeFilterFunctionality_Laptop_17-00-51 - [verifyingDisplayTypeFilterFunctionality_Laptop_17-00-51] Within smoothScrollToElement method
17:02:25 [TestNG-test-Test-1] INFO  verifyingDisplayTypeFilterFunctionality_Laptop_17-00-51 - [verifyingDisplayTypeFilterFunctionality_Laptop_17-00-51] Within safeFindElement method
17:02:25 [TestNG-test-Test-1] INFO  verifyingDisplayTypeFilterFunctionality_Laptop_17-00-51 - [verifyingDisplayTypeFilterFunctionality_Laptop_17-00-51]Found the element returning it ,element ->[[ChromeDriver: chrome on windows (8b66138209c3483bb7236f3876acdcb5)] -> xpath: //a[@id='seeMoreDetailsLink']]
17:02:25 [TestNG-test-Test-1] INFO  verifyingDisplayTypeFilterFunctionality_Laptop_17-00-51 - [verifyingDisplayTypeFilterFunctionality_Laptop_17-00-51] Successfully scrolled to element: By.xpath: //a[@id='seeMoreDetailsLink']
17:02:25 [TestNG-test-Test-1] INFO  verifyingDisplayTypeFilterFunctionality_Laptop_17-00-51 - [verifyingDisplayTypeFilterFunctionality_Laptop_17-00-51] Within safeClick method
17:02:25 [TestNG-test-Test-1] INFO  verifyingDisplayTypeFilterFunctionality_Laptop_17-00-51 - [verifyingDisplayTypeFilterFunctionality_Laptop_17-00-51] Clicked the  [[ChromeDriver: chrome on windows (8b66138209c3483bb7236f3876acdcb5)] -> xpath: //a[@id='seeMoreDetailsLink']]   using safeClick
17:02:25 [TestNG-test-Test-1] INFO  verifyingDisplayTypeFilterFunctionality_Laptop_17-00-51 - [verifyingDisplayTypeFilterFunctionality_Laptop_17-00-51] Within try block for clicking see more deatils within productNameListingPage loop
17:02:25 [TestNG-test-Test-1] INFO  verifyingDisplayTypeFilterFunctionality_Laptop_17-00-51 - [verifyingDisplayTypeFilterFunctionality_Laptop_17-00-51] Within closeCurrentWindowAndSwitchBack method
17:02:25 [TestNG-test-Test-1] INFO  verifyingDisplayTypeFilterFunctionality_Laptop_17-00-51 - [verifyingDisplayTypeFilterFunctionality_Laptop_17-00-51] Total open windows/tabs count -> 2
17:02:25 [TestNG-test-Test-1] INFO  verifyingDisplayTypeFilterFunctionality_Laptop_17-00-51 - [verifyingDisplayTypeFilterFunctionality_Laptop_17-00-51] Original window handle -> 1020D739D187FB09DA64CA6CE041F243
17:02:25 [TestNG-test-Test-1] INFO  verifyingDisplayTypeFilterFunctionality_Laptop_17-00-51 - [verifyingDisplayTypeFilterFunctionality_Laptop_17-00-51] Found new tab/window handle -> 784D58CF2E06B19262C62DD5306CA7F3 (will be closed)
17:02:26 [TestNG-test-Test-1] INFO  verifyingDisplayTypeFilterFunctionality_Laptop_17-00-51 - [verifyingDisplayTypeFilterFunctionality_Laptop_17-00-51] Successfully switched to new tab/window -> 784D58CF2E06B19262C62DD5306CA7F3
17:02:26 [TestNG-test-Test-1] INFO  verifyingDisplayTypeFilterFunctionality_Laptop_17-00-51 - [verifyingDisplayTypeFilterFunctionality_Laptop_17-00-51] Closed the newly opened tab/window -> 784D58CF2E06B19262C62DD5306CA7F3
17:02:26 [TestNG-test-Test-1] INFO  verifyingDisplayTypeFilterFunctionality_Laptop_17-00-51 - [verifyingDisplayTypeFilterFunctionality_Laptop_17-00-51] Switched back to the original window -> 1020D739D187FB09DA64CA6CE041F243
17:02:26 [TestNG-test-Test-1] INFO  verifyingDisplayTypeFilterFunctionality_Laptop_17-00-51 - [verifyingDisplayTypeFilterFunctionality_Laptop_17-00-51]  going back to product listing via closeCurrentWindowAndSwitchBack 
17:02:26 [TestNG-test-Test-1] INFO  verifyingDisplayTypeFilterFunctionality_Laptop_17-00-51 - [verifyingDisplayTypeFilterFunctionality_Laptop_17-00-51]  Added 'filter','title','keyFeatures', 'about', 'techDetails' into the Map -> productResult
17:02:26 [TestNG-test-Test-1] INFO  verifyingDisplayTypeFilterFunctionality_Laptop_17-00-51 - [verifyingDisplayTypeFilterFunctionality_Laptop_17-00-51]  Added 'productResult' Map into the 'results' i.e list of maps 
17:02:26 [TestNG-test-Test-1] INFO  verifyingDisplayTypeFilterFunctionality_Laptop_17-00-51 - [verifyingDisplayTypeFilterFunctionality_Laptop_17-00-51]==========================================================================================================
17:02:26 [TestNG-test-Test-1] INFO  verifyingDisplayTypeFilterFunctionality_Laptop_17-00-51 - [verifyingDisplayTypeFilterFunctionality_Laptop_17-00-51] Within safeClick method
17:02:26 [TestNG-test-Test-1] INFO  verifyingDisplayTypeFilterFunctionality_Laptop_17-00-51 - [verifyingDisplayTypeFilterFunctionality_Laptop_17-00-51] Clicked the  [[ChromeDriver: chrome on windows (8b66138209c3483bb7236f3876acdcb5)] -> xpath: //span[@class='a-size-base a-color-base' and text()='Clear']]   using safeClick
17:02:26 [TestNG-test-Test-1] INFO  verifyingDisplayTypeFilterFunctionality_Laptop_17-00-51 - [verifyingDisplayTypeFilterFunctionality_Laptop_17-00-51] Clearing the filter value ->LEDwithin productNameListingPage loop
17:02:26 [TestNG-test-Test-1] INFO  verifyingDisplayTypeFilterFunctionality_Laptop_17-00-51 - [verifyingDisplayTypeFilterFunctionality_Laptop_17-00-51]==========================================================================================================
17:02:26 [TestNG-test-Test-1] INFO  verifyingDisplayTypeFilterFunctionality_Laptop_17-00-51 - [verifyingDisplayTypeFilterFunctionality_Laptop_17-00-51]==========================================================================================================
17:02:26 [TestNG-test-Test-1] INFO  verifyingDisplayTypeFilterFunctionality_Laptop_17-00-51 - [verifyingDisplayTypeFilterFunctionality_Laptop_17-00-51] returning the 'results' i.e list of Maps
17:02:26 [TestNG-test-Test-1] INFO  verifyingDisplayTypeFilterFunctionality_Laptop_17-00-51 - [verifyingDisplayTypeFilterFunctionality_Laptop_17-00-51]  Filter 'amoled' matched in at least one section.
17:02:26 [TestNG-test-Test-1] ERROR verifyingDisplayTypeFilterFunctionality_Laptop_17-00-51 - [verifyingDisplayTypeFilterFunctionality_Laptop_17-00-51] Mismatch found for filter 'lcd' on product 'lenovo v15 g4 amd ryzen 5 7520u 15.6 inch fhd laptop, amd graphics, 16gb ddr5 5500mhz ram, 512gb ssd nvme, windows 11, dolby audio, arctic grey, 1 year onsite brand warranty'
17:02:26 [TestNG-test-Test-1] INFO  verifyingDisplayTypeFilterFunctionality_Laptop_17-00-51 - [verifyingDisplayTypeFilterFunctionality_Laptop_17-00-51]  Filter 'lcd' matched in at least one section.
17:02:26 [TestNG-test-Test-1] INFO  verifyingDisplayTypeFilterFunctionality_Laptop_17-00-51 - [verifyingDisplayTypeFilterFunctionality_Laptop_17-00-51]  Filter 'led' matched in at least one section.
17:02:26 [TestNG-test-Test-1] INFO  verifyingDisplayTypeFilterFunctionality_Laptop_17-00-51 - [verifyingDisplayTypeFilterFunctionality_Laptop_17-00-51]  Filter 'led' matched in at least one section.
17:02:26 [TestNG-test-Test-1] INFO  verifyingDisplayTypeFilterFunctionality_Laptop_17-00-51 - [verifyingDisplayTypeFilterFunctionality_Laptop_17-00-51]  Final assertion for display type filter validation...
