11:33:39 [TestNG-test-Test-2] INFO  verifyingPriceSilderFunctionality_11-33-39 - No existing WebDriver found for current thread. Initializing a new ChromeDriver...
11:33:39 [TestNG-test-Test-2] INFO  verifyingPriceSilderFunctionality_11-33-39 - WebDriverManager: chromedriver setup OK
11:33:41 [TestNG-test-Test-2] INFO  verifyingPriceSilderFunctionality_11-33-39 - ChromeDriver initialized successfully for thread: 35
11:33:43 [TestNG-test-Test-2] INFO  verifyingPriceSilderFunctionality_11-33-39 - [verifyingPriceSilderFunctionality_11-33-39] Opening amazon Landing page
11:33:43 [TestNG-test-Test-2] INFO  verifyingPriceSilderFunctionality_11-33-39 - [verifyingPriceSilderFunctionality_11-33-39] Within safeFindElement method
11:33:43 [TestNG-test-Test-2] INFO  verifyingPriceSilderFunctionality_11-33-39 - [verifyingPriceSilderFunctionality_11-33-39]Found the element returning it ,element ->[[ChromeDriver: chrome on windows (c6fa4887973bb16bc5650fcfebc45d32)] -> xpath: //a[@id='nav-logo-sprites']]
11:33:44 [TestNG-test-Test-2] INFO  verifyingPriceSilderFunctionality_11-33-39 - [verifyingPriceSilderFunctionality_11-33-39] Giving input within the search bar
11:33:44 [TestNG-test-Test-2] INFO  verifyingPriceSilderFunctionality_11-33-39 - [verifyingPriceSilderFunctionality_11-33-39] Within safeClick method
11:33:55 [TestNG-test-Test-2] INFO  verifyingPriceSilderFunctionality_11-33-39 - [verifyingPriceSilderFunctionality_11-33-39] Clicked the  [[ChromeDriver: chrome on windows (c6fa4887973bb16bc5650fcfebc45d32)] -> xpath: //input[@id='nav-search-submit-button']]   using safeClick
11:33:55 [TestNG-test-Test-2] INFO  verifyingPriceSilderFunctionality_11-33-39 - [verifyingPriceSilderFunctionality_11-33-39] Clicking on the submit in the search bar
11:33:55 [TestNG-test-Test-2] INFO  verifyingPriceSilderFunctionality_11-33-39 - [verifyingPriceSilderFunctionality_11-33-39] Within filterCheckUnderList method
11:33:56 [TestNG-test-Test-2] INFO  verifyingPriceSilderFunctionality_11-33-39 - [verifyingPriceSilderFunctionality_11-33-39] Found the Filter within the filter check List
11:33:56 [TestNG-test-Test-2] INFO  verifyingPriceSilderFunctionality_11-33-39 - [verifyingPriceSilderFunctionality_11-33-39] Within applyPriceSliderAndValidateWithResult method
11:33:56 [TestNG-test-Test-2] INFO  verifyingPriceSilderFunctionality_11-33-39 - [verifyingPriceSilderFunctionality_11-33-39] Within smoothScrollToElement method
11:33:56 [TestNG-test-Test-2] INFO  verifyingPriceSilderFunctionality_11-33-39 - [verifyingPriceSilderFunctionality_11-33-39] Within safeFindElement method
11:33:56 [TestNG-test-Test-2] INFO  verifyingPriceSilderFunctionality_11-33-39 - [verifyingPriceSilderFunctionality_11-33-39]Found the element returning it ,element ->[[ChromeDriver: chrome on windows (c6fa4887973bb16bc5650fcfebc45d32)] -> id: p_36/range-slider_slider-item_lower-bound-slider]
11:33:56 [TestNG-test-Test-2] INFO  verifyingPriceSilderFunctionality_11-33-39 - [verifyingPriceSilderFunctionality_11-33-39] Successfully scrolled to element: By.id: p_36/range-slider_slider-item_lower-bound-slider
11:33:56 [TestNG-test-Test-2] INFO  verifyingPriceSilderFunctionality_11-33-39 - [verifyingPriceSilderFunctionality_11-33-39] Within safeFindElement method
11:33:56 [TestNG-test-Test-2] INFO  verifyingPriceSilderFunctionality_11-33-39 - [verifyingPriceSilderFunctionality_11-33-39]Found the element returning it ,element ->[[ChromeDriver: chrome on windows (c6fa4887973bb16bc5650fcfebc45d32)] -> id: p_36/range-slider_slider-item_lower-bound-slider]
11:33:56 [TestNG-test-Test-2] INFO  verifyingPriceSilderFunctionality_11-33-39 - [verifyingPriceSilderFunctionality_11-33-39] Within safeFindElement method
11:33:56 [TestNG-test-Test-2] INFO  verifyingPriceSilderFunctionality_11-33-39 - [verifyingPriceSilderFunctionality_11-33-39]Found the element returning it ,element ->[[ChromeDriver: chrome on windows (c6fa4887973bb16bc5650fcfebc45d32)] -> id: p_36/range-slider_slider-item_upper-bound-slider]
11:33:56 [TestNG-test-Test-2] INFO  verifyingPriceSilderFunctionality_11-33-39 - [verifyingPriceSilderFunctionality_11-33-39] in the setSliderValue method with value 61
11:33:56 [TestNG-test-Test-2] INFO  verifyingPriceSilderFunctionality_11-33-39 - [verifyingPriceSilderFunctionality_11-33-39] in the setSliderValue method with value 81
11:33:56 [TestNG-test-Test-2] INFO  verifyingPriceSilderFunctionality_11-33-39 - [verifyingPriceSilderFunctionality_11-33-39] Within safeFindElement method
11:33:56 [TestNG-test-Test-2] INFO  verifyingPriceSilderFunctionality_11-33-39 - [verifyingPriceSilderFunctionality_11-33-39]Found the element returning it ,element ->[[ChromeDriver: chrome on windows (c6fa4887973bb16bc5650fcfebc45d32)] -> xpath: //label[@for='p_36/range-slider_slider-item_upper-bound-slider']]
11:33:56 [TestNG-test-Test-2] INFO  verifyingPriceSilderFunctionality_11-33-39 - [verifyingPriceSilderFunctionality_11-33-39] Within safeFindElement method
11:33:56 [TestNG-test-Test-2] INFO  verifyingPriceSilderFunctionality_11-33-39 - [verifyingPriceSilderFunctionality_11-33-39]Found the element returning it ,element ->[[ChromeDriver: chrome on windows (c6fa4887973bb16bc5650fcfebc45d32)] -> xpath: //label[@for='p_36/range-slider_slider-item_lower-bound-slider']]
11:33:57 [TestNG-test-Test-2] INFO  verifyingPriceSilderFunctionality_11-33-39 - [verifyingPriceSilderFunctionality_11-33-39] Within smoothScrollToElement method
11:33:57 [TestNG-test-Test-2] INFO  verifyingPriceSilderFunctionality_11-33-39 - [verifyingPriceSilderFunctionality_11-33-39] Within safeFindElement method
11:33:58 [TestNG-test-Test-2] INFO  verifyingPriceSilderFunctionality_11-33-39 - [verifyingPriceSilderFunctionality_11-33-39]Found the element returning it ,element ->[[ChromeDriver: chrome on windows (c6fa4887973bb16bc5650fcfebc45d32)] -> id: p_36/range-slider_slider-item_lower-bound-slider]
11:33:58 [TestNG-test-Test-2] INFO  verifyingPriceSilderFunctionality_11-33-39 - [verifyingPriceSilderFunctionality_11-33-39] Successfully scrolled to element: By.id: p_36/range-slider_slider-item_lower-bound-slider
11:33:59 [TestNG-test-Test-2] INFO  verifyingPriceSilderFunctionality_11-33-39 - [verifyingPriceSilderFunctionality_11-33-39] Adding the data 'min','max','isValid' ,'mismatches' to 'result' Map->81
11:33:59 [TestNG-test-Test-2] INFO  verifyingPriceSilderFunctionality_11-33-39 - [verifyingPriceSilderFunctionality_11-33-39] Adding the 'results'  Map to the master 'allResults' i.e is List of maps->81
11:33:59 [TestNG-test-Test-2] INFO  verifyingPriceSilderFunctionality_11-33-39 - [verifyingPriceSilderFunctionality_11-33-39] in the setSliderValue method with value 91
11:33:59 [TestNG-test-Test-2] INFO  verifyingPriceSilderFunctionality_11-33-39 - [verifyingPriceSilderFunctionality_11-33-39] in the setSliderValue method with value 121
11:33:59 [TestNG-test-Test-2] INFO  verifyingPriceSilderFunctionality_11-33-39 - [verifyingPriceSilderFunctionality_11-33-39] Within safeFindElement method
11:33:59 [TestNG-test-Test-2] INFO  verifyingPriceSilderFunctionality_11-33-39 - [verifyingPriceSilderFunctionality_11-33-39]Found the element returning it ,element ->[[ChromeDriver: chrome on windows (c6fa4887973bb16bc5650fcfebc45d32)] -> xpath: //label[@for='p_36/range-slider_slider-item_upper-bound-slider']]
11:33:59 [TestNG-test-Test-2] INFO  verifyingPriceSilderFunctionality_11-33-39 - [verifyingPriceSilderFunctionality_11-33-39] Within safeFindElement method
11:33:59 [TestNG-test-Test-2] INFO  verifyingPriceSilderFunctionality_11-33-39 - [verifyingPriceSilderFunctionality_11-33-39]Found the element returning it ,element ->[[ChromeDriver: chrome on windows (c6fa4887973bb16bc5650fcfebc45d32)] -> xpath: //label[@for='p_36/range-slider_slider-item_lower-bound-slider']]
11:34:00 [TestNG-test-Test-2] INFO  verifyingPriceSilderFunctionality_11-33-39 - [verifyingPriceSilderFunctionality_11-33-39] Within smoothScrollToElement method
11:34:00 [TestNG-test-Test-2] INFO  verifyingPriceSilderFunctionality_11-33-39 - [verifyingPriceSilderFunctionality_11-33-39] Within safeFindElement method
11:34:01 [TestNG-test-Test-2] INFO  verifyingPriceSilderFunctionality_11-33-39 - [verifyingPriceSilderFunctionality_11-33-39]Found the element returning it ,element ->[[ChromeDriver: chrome on windows (c6fa4887973bb16bc5650fcfebc45d32)] -> id: p_36/range-slider_slider-item_lower-bound-slider]
11:34:01 [TestNG-test-Test-2] INFO  verifyingPriceSilderFunctionality_11-33-39 - [verifyingPriceSilderFunctionality_11-33-39] Successfully scrolled to element: By.id: p_36/range-slider_slider-item_lower-bound-slider
11:34:02 [TestNG-test-Test-2] INFO  verifyingPriceSilderFunctionality_11-33-39 - [verifyingPriceSilderFunctionality_11-33-39] Adding the data 'min','max','isValid' ,'mismatches' to 'result' Map->121
11:34:02 [TestNG-test-Test-2] INFO  verifyingPriceSilderFunctionality_11-33-39 - [verifyingPriceSilderFunctionality_11-33-39] Adding the 'results'  Map to the master 'allResults' i.e is List of maps->121
11:34:02 [TestNG-test-Test-2] INFO  verifyingPriceSilderFunctionality_11-33-39 - [verifyingPriceSilderFunctionality_11-33-39] in the setSliderValue method with value 131
11:34:02 [TestNG-test-Test-2] INFO  verifyingPriceSilderFunctionality_11-33-39 - [verifyingPriceSilderFunctionality_11-33-39] in the setSliderValue method with value 161
11:34:02 [TestNG-test-Test-2] INFO  verifyingPriceSilderFunctionality_11-33-39 - [verifyingPriceSilderFunctionality_11-33-39] Within safeFindElement method
11:34:02 [TestNG-test-Test-2] INFO  verifyingPriceSilderFunctionality_11-33-39 - [verifyingPriceSilderFunctionality_11-33-39]Found the element returning it ,element ->[[ChromeDriver: chrome on windows (c6fa4887973bb16bc5650fcfebc45d32)] -> xpath: //label[@for='p_36/range-slider_slider-item_upper-bound-slider']]
11:34:02 [TestNG-test-Test-2] INFO  verifyingPriceSilderFunctionality_11-33-39 - [verifyingPriceSilderFunctionality_11-33-39] Within safeFindElement method
11:34:02 [TestNG-test-Test-2] INFO  verifyingPriceSilderFunctionality_11-33-39 - [verifyingPriceSilderFunctionality_11-33-39]Found the element returning it ,element ->[[ChromeDriver: chrome on windows (c6fa4887973bb16bc5650fcfebc45d32)] -> xpath: //label[@for='p_36/range-slider_slider-item_lower-bound-slider']]
11:34:03 [TestNG-test-Test-2] INFO  verifyingPriceSilderFunctionality_11-33-39 - [verifyingPriceSilderFunctionality_11-33-39] Within smoothScrollToElement method
11:34:03 [TestNG-test-Test-2] INFO  verifyingPriceSilderFunctionality_11-33-39 - [verifyingPriceSilderFunctionality_11-33-39] Within safeFindElement method
11:34:04 [TestNG-test-Test-2] INFO  verifyingPriceSilderFunctionality_11-33-39 - [verifyingPriceSilderFunctionality_11-33-39]Found the element returning it ,element ->[[ChromeDriver: chrome on windows (c6fa4887973bb16bc5650fcfebc45d32)] -> id: p_36/range-slider_slider-item_lower-bound-slider]
11:34:04 [TestNG-test-Test-2] INFO  verifyingPriceSilderFunctionality_11-33-39 - [verifyingPriceSilderFunctionality_11-33-39] Successfully scrolled to element: By.id: p_36/range-slider_slider-item_lower-bound-slider
11:34:06 [TestNG-test-Test-2] INFO  verifyingPriceSilderFunctionality_11-33-39 - [verifyingPriceSilderFunctionality_11-33-39] Adding the data 'min','max','isValid' ,'mismatches' to 'result' Map->161
11:34:06 [TestNG-test-Test-2] INFO  verifyingPriceSilderFunctionality_11-33-39 - [verifyingPriceSilderFunctionality_11-33-39] Adding the 'results'  Map to the master 'allResults' i.e is List of maps->161
11:34:06 [TestNG-test-Test-2] INFO  verifyingPriceSilderFunctionality_11-33-39 - [verifyingPriceSilderFunctionality_11-33-39] Returning the data here in the end
11:34:06 [TestNG-test-Test-2] INFO  verifyingPriceSilderFunctionality_11-33-39 - [verifyingPriceSilderFunctionality_11-33-39]  Price range validated successfully: 61 - 81
11:34:06 [TestNG-test-Test-2] INFO  verifyingPriceSilderFunctionality_11-33-39 - [verifyingPriceSilderFunctionality_11-33-39] ------------------------------------------------------------
11:34:06 [TestNG-test-Test-2] INFO  verifyingPriceSilderFunctionality_11-33-39 - [verifyingPriceSilderFunctionality_11-33-39]  Price range validated successfully: 91 - 121
11:34:06 [TestNG-test-Test-2] INFO  verifyingPriceSilderFunctionality_11-33-39 - [verifyingPriceSilderFunctionality_11-33-39] ------------------------------------------------------------
11:34:06 [TestNG-test-Test-2] INFO  verifyingPriceSilderFunctionality_11-33-39 - [verifyingPriceSilderFunctionality_11-33-39]  Price range validated successfully: 131 - 161
11:34:06 [TestNG-test-Test-2] INFO  verifyingPriceSilderFunctionality_11-33-39 - [verifyingPriceSilderFunctionality_11-33-39] ------------------------------------------------------------
11:34:06 [TestNG-test-Test-2] INFO  verifyingPriceSilderFunctionality_11-33-39 - [verifyingPriceSilderFunctionality_11-33-39]  Asserting all soft assertions now...
