20:32:06 [TestNG-test-Test-3] INFO  verifyingGetItIn2DaysFilterFunctionality_Mobile_20-32-06 - No existing WebDriver found for current thread. Initializing a new ChromeDriver...
20:32:06 [TestNG-test-Test-3] INFO  verifyingGetItIn2DaysFilterFunctionality_Mobile_20-32-06 - WebDriverManager: chromedriver setup OK
20:32:09 [TestNG-test-Test-3] INFO  verifyingGetItIn2DaysFilterFunctionality_Mobile_20-32-06 - ChromeDriver initialized successfully for thread: 36
20:32:09 [TestNG-test-Test-3] INFO  verifyingGetItIn2DaysFilterFunctionality_Mobile_20-32-06 - [verifyingGetItIn2DaysFilterFunctionality_Mobile_20-32-06] Opening amazon Landing page
20:32:09 [TestNG-test-Test-3] INFO  verifyingGetItIn2DaysFilterFunctionality_Mobile_20-32-06 - [verifyingGetItIn2DaysFilterFunctionality_Mobile_20-32-06] Within safeFindElement method
20:32:12 [TestNG-test-Test-3] INFO  verifyingGetItIn2DaysFilterFunctionality_Mobile_20-32-06 - [verifyingGetItIn2DaysFilterFunctionality_Mobile_20-32-06]Found the element returning it ,element ->[[ChromeDriver: chrome on windows (48e77ce607907360e2e80f9c4b057c0b)] -> xpath: //a[@id='nav-logo-sprites']]
20:32:12 [TestNG-test-Test-3] INFO  verifyingGetItIn2DaysFilterFunctionality_Mobile_20-32-06 - [verifyingGetItIn2DaysFilterFunctionality_Mobile_20-32-06] Giving input within the search bar
20:32:12 [TestNG-test-Test-3] INFO  verifyingGetItIn2DaysFilterFunctionality_Mobile_20-32-06 - [verifyingGetItIn2DaysFilterFunctionality_Mobile_20-32-06] Within safeClick method
20:32:15 [TestNG-test-Test-3] INFO  verifyingGetItIn2DaysFilterFunctionality_Mobile_20-32-06 - [verifyingGetItIn2DaysFilterFunctionality_Mobile_20-32-06] Clicked the  [[ChromeDriver: chrome on windows (48e77ce607907360e2e80f9c4b057c0b)] -> xpath: //input[@id='nav-search-submit-button']]   using safeClick
20:32:15 [TestNG-test-Test-3] INFO  verifyingGetItIn2DaysFilterFunctionality_Mobile_20-32-06 - [verifyingGetItIn2DaysFilterFunctionality_Mobile_20-32-06] Clicking on the submit in the search bar
20:32:15 [TestNG-test-Test-3] INFO  verifyingGetItIn2DaysFilterFunctionality_Mobile_20-32-06 - [verifyingGetItIn2DaysFilterFunctionality_Mobile_20-32-06] Waiting until element is visible in viewport
20:32:15 [TestNG-test-Test-3] INFO  verifyingGetItIn2DaysFilterFunctionality_Mobile_20-32-06 - [verifyingGetItIn2DaysFilterFunctionality_Mobile_20-32-06] Within validateDeliveryFilterOptionsWithResult method
20:32:15 [TestNG-test-Test-3] INFO  verifyingGetItIn2DaysFilterFunctionality_Mobile_20-32-06 - [verifyingGetItIn2DaysFilterFunctionality_Mobile_20-32-06] Within safeClick method
20:32:15 [TestNG-test-Test-3] INFO  verifyingGetItIn2DaysFilterFunctionality_Mobile_20-32-06 - [verifyingGetItIn2DaysFilterFunctionality_Mobile_20-32-06] Clicked the  [[ChromeDriver: chrome on windows (48e77ce607907360e2e80f9c4b057c0b)] -> xpath: //span[@class='a-size-base a-color-base puis-bold-weight-text' and text()='Delivery Day']/parent::div/following-sibling::ul//span[@class='a-size-base a-color-base' and text()='Get It in 2 Days']]   using safeClick
20:32:15 [TestNG-test-Test-3] INFO  verifyingGetItIn2DaysFilterFunctionality_Mobile_20-32-06 - [verifyingGetItIn2DaysFilterFunctionality_Mobile_20-32-06] Within getMoreButtonByFilterTypeAndName method
20:32:16 [TestNG-test-Test-3] INFO  verifyingGetItIn2DaysFilterFunctionality_Mobile_20-32-06 - [verifyingGetItIn2DaysFilterFunctionality_Mobile_20-32-06] Clicked on By.xpath: //span[@class='a-size-base a-color-base puis-bold-weight-text' and text()='Delivery Day']/parent::div/following-sibling::ul//span[@class='a-size-base a-color-base' and text()='Get It in 2 Days']
20:32:16 [TestNG-test-Test-3] INFO  verifyingGetItIn2DaysFilterFunctionality_Mobile_20-32-06 - [verifyingGetItIn2DaysFilterFunctionality_Mobile_20-32-06] Within safeFindElements 
20:32:16 [TestNG-test-Test-3] INFO  verifyingGetItIn2DaysFilterFunctionality_Mobile_20-32-06 - [verifyingGetItIn2DaysFilterFunctionality_Mobile_20-32-06] Returning the  [[[ChromeDriver: chrome on windows (48e77ce607907360e2e80f9c4b057c0b)] -> xpath: //div[@class='a-section a-spacing-small a-spacing-top-small']], [[ChromeDriver: chrome on windows (48e77ce607907360e2e80f9c4b057c0b)] -> xpath: //div[@class='a-section a-spacing-small a-spacing-top-small']], [[ChromeDriver: chrome on windows (48e77ce607907360e2e80f9c4b057c0b)] -> xpath: //div[@class='a-section a-spacing-small a-spacing-top-small']], [[ChromeDriver: chrome on windows (48e77ce607907360e2e80f9c4b057c0b)] -> xpath: //div[@class='a-section a-spacing-small a-spacing-top-small']], [[ChromeDriver: chrome on windows (48e77ce607907360e2e80f9c4b057c0b)] -> xpath: //div[@class='a-section a-spacing-small a-spacing-top-small']]] from the safeFindElements method
20:32:16 [TestNG-test-Test-3] INFO  verifyingGetItIn2DaysFilterFunctionality_Mobile_20-32-06 - [verifyingGetItIn2DaysFilterFunctionality_Mobile_20-32-06] Created hashset with required data to assert with Within validateDeliveryFilterOptions method
20:32:16 [TestNG-test-Test-3] INFO  verifyingGetItIn2DaysFilterFunctionality_Mobile_20-32-06 - [verifyingGetItIn2DaysFilterFunctionality_Mobile_20-32-06] this is the set  [Thu, 11, Today, FREE delivery, Fri, Tomorrow, 10, Sep]
20:32:16 [TestNG-test-Test-3] INFO  verifyingGetItIn2DaysFilterFunctionality_Mobile_20-32-06 - [verifyingGetItIn2DaysFilterFunctionality_Mobile_20-32-06] Within deliveryElements loop iterating over the products  Within validateDeliveryFilterOptions method
20:32:16 [TestNG-test-Test-3] INFO  verifyingGetItIn2DaysFilterFunctionality_Mobile_20-32-06 - [verifyingGetItIn2DaysFilterFunctionality_Mobile_20-32-06] Checking if the allowedDateParts have the assert text   Within validateDeliveryFilterOptions method
20:32:16 [TestNG-test-Test-3] INFO  verifyingGetItIn2DaysFilterFunctionality_Mobile_20-32-06 - [verifyingGetItIn2DaysFilterFunctionality_Mobile_20-32-06] Within deliveryElements loop iterating over the products  Within validateDeliveryFilterOptions method
20:32:16 [TestNG-test-Test-3] INFO  verifyingGetItIn2DaysFilterFunctionality_Mobile_20-32-06 - [verifyingGetItIn2DaysFilterFunctionality_Mobile_20-32-06] Checking if the allowedDateParts have the assert text   Within validateDeliveryFilterOptions method
20:32:16 [TestNG-test-Test-3] INFO  verifyingGetItIn2DaysFilterFunctionality_Mobile_20-32-06 - [verifyingGetItIn2DaysFilterFunctionality_Mobile_20-32-06] Within deliveryElements loop iterating over the products  Within validateDeliveryFilterOptions method
20:32:16 [TestNG-test-Test-3] INFO  verifyingGetItIn2DaysFilterFunctionality_Mobile_20-32-06 - [verifyingGetItIn2DaysFilterFunctionality_Mobile_20-32-06] Checking if the allowedDateParts have the assert text   Within validateDeliveryFilterOptions method
20:32:16 [TestNG-test-Test-3] INFO  verifyingGetItIn2DaysFilterFunctionality_Mobile_20-32-06 - [verifyingGetItIn2DaysFilterFunctionality_Mobile_20-32-06] Within deliveryElements loop iterating over the products  Within validateDeliveryFilterOptions method
20:32:17 [TestNG-test-Test-3] INFO  verifyingGetItIn2DaysFilterFunctionality_Mobile_20-32-06 - [verifyingGetItIn2DaysFilterFunctionality_Mobile_20-32-06] Checking if the allowedDateParts have the assert text   Within validateDeliveryFilterOptions method
20:32:17 [TestNG-test-Test-3] INFO  verifyingGetItIn2DaysFilterFunctionality_Mobile_20-32-06 - [verifyingGetItIn2DaysFilterFunctionality_Mobile_20-32-06] Within deliveryElements loop iterating over the products  Within validateDeliveryFilterOptions method
20:32:17 [TestNG-test-Test-3] INFO  verifyingGetItIn2DaysFilterFunctionality_Mobile_20-32-06 - [verifyingGetItIn2DaysFilterFunctionality_Mobile_20-32-06] Checking if the allowedDateParts have the assert text   Within validateDeliveryFilterOptions method
20:32:17 [TestNG-test-Test-3] INFO  verifyingGetItIn2DaysFilterFunctionality_Mobile_20-32-06 - [verifyingGetItIn2DaysFilterFunctionality_Mobile_20-32-06] Returning the list with boolean values   Within validateDeliveryFilterOptions method
20:32:17 [TestNG-test-Test-3] INFO  verifyingGetItIn2DaysFilterFunctionality_Mobile_20-32-06 - [verifyingGetItIn2DaysFilterFunctionality_Mobile_20-32-06] Asserting delivery filter: isValid=true, index=-1, text=All the things are valid no errors
