17:38:05 [TestNG-test-Test-1] INFO  verifyingDisplayTypeFilterFunctionality_Laptop_17-38-05 - No existing WebDriver found for current thread. Initializing a new ChromeDriver...
17:38:05 [TestNG-test-Test-1] INFO  verifyingDisplayTypeFilterFunctionality_Laptop_17-38-05 - WebDriverManager: chromedriver setup OK
17:38:06 [TestNG-test-Test-1] INFO  verifyingDisplayTypeFilterFunctionality_Laptop_17-38-05 - ChromeDriver initialized successfully for thread: 34
17:38:08 [TestNG-test-Test-1] INFO  verifyingDisplayTypeFilterFunctionality_Laptop_17-38-05 - [verifyingDisplayTypeFilterFunctionality_Laptop_17-38-05] Opening amazon Landing page
17:38:08 [TestNG-test-Test-1] INFO  verifyingDisplayTypeFilterFunctionality_Laptop_17-38-05 - [verifyingDisplayTypeFilterFunctionality_Laptop_17-38-05] Within safeFindElement method
17:38:09 [TestNG-test-Test-1] INFO  verifyingDisplayTypeFilterFunctionality_Laptop_17-38-05 - [verifyingDisplayTypeFilterFunctionality_Laptop_17-38-05]Found the element returning it ,element ->[[ChromeDriver: chrome on windows (ea386382300aa060887ca97604101657)] -> xpath: //a[@id='nav-logo-sprites']]
17:38:09 [TestNG-test-Test-1] INFO  verifyingDisplayTypeFilterFunctionality_Laptop_17-38-05 - [verifyingDisplayTypeFilterFunctionality_Laptop_17-38-05] Giving input within the search bar
17:38:09 [TestNG-test-Test-1] INFO  verifyingDisplayTypeFilterFunctionality_Laptop_17-38-05 - [verifyingDisplayTypeFilterFunctionality_Laptop_17-38-05] Within safeClick method
17:38:14 [TestNG-test-Test-1] INFO  verifyingDisplayTypeFilterFunctionality_Laptop_17-38-05 - [verifyingDisplayTypeFilterFunctionality_Laptop_17-38-05] Clicked the  [[ChromeDriver: chrome on windows (ea386382300aa060887ca97604101657)] -> xpath: //input[@id='nav-search-submit-button']]   using safeClick
17:38:14 [TestNG-test-Test-1] INFO  verifyingDisplayTypeFilterFunctionality_Laptop_17-38-05 - [verifyingDisplayTypeFilterFunctionality_Laptop_17-38-05] Clicking on the submit in the search bar
17:38:15 [TestNG-test-Test-1] INFO  verifyingDisplayTypeFilterFunctionality_Laptop_17-38-05 - [verifyingDisplayTypeFilterFunctionality_Laptop_17-38-05] Within filterCheckUnderList method
17:38:15 [TestNG-test-Test-1] INFO  verifyingDisplayTypeFilterFunctionality_Laptop_17-38-05 - [verifyingDisplayTypeFilterFunctionality_Laptop_17-38-05] Found the Filter within the filter check List
17:38:15 [TestNG-test-Test-1] INFO  verifyingDisplayTypeFilterFunctionality_Laptop_17-38-05 - [verifyingDisplayTypeFilterFunctionality_Laptop_17-38-05] Within applyFilterAndValidateProductsWithResult method
17:38:15 [TestNG-test-Test-1] INFO  verifyingDisplayTypeFilterFunctionality_Laptop_17-38-05 - [verifyingDisplayTypeFilterFunctionality_Laptop_17-38-05] Within safeFindElements 
17:38:15 [TestNG-test-Test-1] INFO  verifyingDisplayTypeFilterFunctionality_Laptop_17-38-05 - [verifyingDisplayTypeFilterFunctionality_Laptop_17-38-05] Returning the  [[[ChromeDriver: chrome on windows (ea386382300aa060887ca97604101657)] -> xpath: //span[@class='a-size-base a-color-base puis-bold-weight-text' and text()='Display Type']/parent::div/following-sibling::ul//span[@class='a-size-base a-color-base']], [[ChromeDriver: chrome on windows (ea386382300aa060887ca97604101657)] -> xpath: //span[@class='a-size-base a-color-base puis-bold-weight-text' and text()='Display Type']/parent::div/following-sibling::ul//span[@class='a-size-base a-color-base']], [[ChromeDriver: chrome on windows (ea386382300aa060887ca97604101657)] -> xpath: //span[@class='a-size-base a-color-base puis-bold-weight-text' and text()='Display Type']/parent::div/following-sibling::ul//span[@class='a-size-base a-color-base']], [[ChromeDriver: chrome on windows (ea386382300aa060887ca97604101657)] -> xpath: //span[@class='a-size-base a-color-base puis-bold-weight-text' and text()='Display Type']/parent::div/following-sibling::ul//span[@class='a-size-base a-color-base']]] from the safeFindElements method
17:38:15 [TestNG-test-Test-1] INFO  verifyingDisplayTypeFilterFunctionality_Laptop_17-38-05 - [verifyingDisplayTypeFilterFunctionality_Laptop_17-38-05] Within applyFilterAndValidateProductsWithResult filterOptions size is -> 4
17:38:15 [TestNG-test-Test-1] INFO  verifyingDisplayTypeFilterFunctionality_Laptop_17-38-05 - [verifyingDisplayTypeFilterFunctionality_Laptop_17-38-05] Execution is Not CRON Job Hence refering to normal keys from UtilData
17:38:15 [TestNG-test-Test-1] INFO  verifyingDisplayTypeFilterFunctionality_Laptop_17-38-05 - [verifyingDisplayTypeFilterFunctionality_Laptop_17-38-05] Within filterOptions loop in applyFilterAndValidateProductsWithResult
17:38:15 [TestNG-test-Test-1] INFO  verifyingDisplayTypeFilterFunctionality_Laptop_17-38-05 - [verifyingDisplayTypeFilterFunctionality_Laptop_17-38-05] Within safeFindElements 
17:38:15 [TestNG-test-Test-1] INFO  verifyingDisplayTypeFilterFunctionality_Laptop_17-38-05 - [verifyingDisplayTypeFilterFunctionality_Laptop_17-38-05] Returning the  [[[ChromeDriver: chrome on windows (ea386382300aa060887ca97604101657)] -> xpath: //span[@class='a-size-base a-color-base puis-bold-weight-text' and text()='Display Type']/parent::div/following-sibling::ul//span[@class='a-size-base a-color-base']], [[ChromeDriver: chrome on windows (ea386382300aa060887ca97604101657)] -> xpath: //span[@class='a-size-base a-color-base puis-bold-weight-text' and text()='Display Type']/parent::div/following-sibling::ul//span[@class='a-size-base a-color-base']], [[ChromeDriver: chrome on windows (ea386382300aa060887ca97604101657)] -> xpath: //span[@class='a-size-base a-color-base puis-bold-weight-text' and text()='Display Type']/parent::div/following-sibling::ul//span[@class='a-size-base a-color-base']], [[ChromeDriver: chrome on windows (ea386382300aa060887ca97604101657)] -> xpath: //span[@class='a-size-base a-color-base puis-bold-weight-text' and text()='Display Type']/parent::div/following-sibling::ul//span[@class='a-size-base a-color-base']]] from the safeFindElements method
17:38:15 [TestNG-test-Test-1] INFO  verifyingDisplayTypeFilterFunctionality_Laptop_17-38-05 - [verifyingDisplayTypeFilterFunctionality_Laptop_17-38-05] Trying to read filter option 0 (attempt 1/3)
17:38:15 [TestNG-test-Test-1] INFO  verifyingDisplayTypeFilterFunctionality_Laptop_17-38-05 - [verifyingDisplayTypeFilterFunctionality_Laptop_17-38-05] Successfully read filter option 0 = 'AMOLED'
17:38:15 [TestNG-test-Test-1] INFO  verifyingDisplayTypeFilterFunctionality_Laptop_17-38-05 - [verifyingDisplayTypeFilterFunctionality_Laptop_17-38-05] Within getfilterByTypeAndName method
17:38:15 [TestNG-test-Test-1] INFO  verifyingDisplayTypeFilterFunctionality_Laptop_17-38-05 - [verifyingDisplayTypeFilterFunctionality_Laptop_17-38-05] Within safeClickBooleanWithScreenShot method
17:38:15 [TestNG-test-Test-1] INFO  verifyingDisplayTypeFilterFunctionality_Laptop_17-38-05 - [verifyingDisplayTypeFilterFunctionality_Laptop_17-38-05] Within getAppliedfilterByTypeAndName method
17:38:15 [TestNG-test-Test-1] INFO  verifyingDisplayTypeFilterFunctionality_Laptop_17-38-05 - [verifyingDisplayTypeFilterFunctionality_Laptop_17-38-05] Within smoothScrollToElement method
17:38:15 [TestNG-test-Test-1] INFO  verifyingDisplayTypeFilterFunctionality_Laptop_17-38-05 - [verifyingDisplayTypeFilterFunctionality_Laptop_17-38-05] Within safeFindElement method
17:38:15 [TestNG-test-Test-1] INFO  verifyingDisplayTypeFilterFunctionality_Laptop_17-38-05 - [verifyingDisplayTypeFilterFunctionality_Laptop_17-38-05]Found the element returning it ,element ->[[ChromeDriver: chrome on windows (ea386382300aa060887ca97604101657)] -> xpath: //span[@class='a-size-base a-color-base puis-bold-weight-text' and text()='Display Type']]
17:38:15 [TestNG-test-Test-1] INFO  verifyingDisplayTypeFilterFunctionality_Laptop_17-38-05 - [verifyingDisplayTypeFilterFunctionality_Laptop_17-38-05] Successfully scrolled to element: By.xpath: //span[@class='a-size-base a-color-base puis-bold-weight-text' and text()='Display Type']
17:38:15 [TestNG-test-Test-1] INFO  verifyingDisplayTypeFilterFunctionality_Laptop_17-38-05 - [verifyingDisplayTypeFilterFunctionality_Laptop_17-38-05] Within getMoreButtonByFilterTypeAndName method
17:38:15 [TestNG-test-Test-1] INFO  verifyingDisplayTypeFilterFunctionality_Laptop_17-38-05 - [verifyingDisplayTypeFilterFunctionality_Laptop_17-38-05] could not find more button
17:38:16 [TestNG-test-Test-1] INFO  verifyingDisplayTypeFilterFunctionality_Laptop_17-38-05 - [verifyingDisplayTypeFilterFunctionality_Laptop_17-38-05] Within getAppliedfilterByTypeAndName method
17:38:16 [TestNG-test-Test-1] INFO  verifyingDisplayTypeFilterFunctionality_Laptop_17-38-05 - [verifyingDisplayTypeFilterFunctionality_Laptop_17-38-05] Within smoothScrollToElement method
17:38:16 [TestNG-test-Test-1] INFO  verifyingDisplayTypeFilterFunctionality_Laptop_17-38-05 - [verifyingDisplayTypeFilterFunctionality_Laptop_17-38-05] Within safeFindElement method
17:38:17 [TestNG-test-Test-1] INFO  verifyingDisplayTypeFilterFunctionality_Laptop_17-38-05 - [verifyingDisplayTypeFilterFunctionality_Laptop_17-38-05]Found the element returning it ,element ->[[ChromeDriver: chrome on windows (ea386382300aa060887ca97604101657)] -> xpath: //span[@class='a-size-base a-color-base puis-bold-weight-text' and text()='Display Type']]
17:38:17 [TestNG-test-Test-1] INFO  verifyingDisplayTypeFilterFunctionality_Laptop_17-38-05 - [verifyingDisplayTypeFilterFunctionality_Laptop_17-38-05] Successfully scrolled to element: By.xpath: //span[@class='a-size-base a-color-base puis-bold-weight-text' and text()='Display Type']
17:38:17 [TestNG-test-Test-1] INFO  verifyingDisplayTypeFilterFunctionality_Laptop_17-38-05 - [verifyingDisplayTypeFilterFunctionality_Laptop_17-38-05] Within getMoreButtonByFilterTypeAndName method
17:38:17 [TestNG-test-Test-1] INFO  verifyingDisplayTypeFilterFunctionality_Laptop_17-38-05 - [verifyingDisplayTypeFilterFunctionality_Laptop_17-38-05] could not find more button
17:38:17 [TestNG-test-Test-1] INFO  verifyingDisplayTypeFilterFunctionality_Laptop_17-38-05 - [verifyingDisplayTypeFilterFunctionality_Laptop_17-38-05] Within getfilterByTypeAndName method
17:38:17 [TestNG-test-Test-1] INFO  verifyingDisplayTypeFilterFunctionality_Laptop_17-38-05 - [verifyingDisplayTypeFilterFunctionality_Laptop_17-38-05] Within smoothScrollToElement method
17:38:17 [TestNG-test-Test-1] INFO  verifyingDisplayTypeFilterFunctionality_Laptop_17-38-05 - [verifyingDisplayTypeFilterFunctionality_Laptop_17-38-05] Within safeFindElement method
17:38:17 [TestNG-test-Test-1] INFO  verifyingDisplayTypeFilterFunctionality_Laptop_17-38-05 - [verifyingDisplayTypeFilterFunctionality_Laptop_17-38-05]Found the element returning it ,element ->[[ChromeDriver: chrome on windows (ea386382300aa060887ca97604101657)] -> xpath: //span[@class='a-size-base a-color-base puis-bold-weight-text' and text()='Display Type']/parent::div/following-sibling::ul//span[@class='a-size-base a-color-base a-text-bold' and text()='AMOLED']]
17:38:17 [TestNG-test-Test-1] INFO  verifyingDisplayTypeFilterFunctionality_Laptop_17-38-05 - [verifyingDisplayTypeFilterFunctionality_Laptop_17-38-05] Successfully scrolled to element: By.xpath: //span[@class='a-size-base a-color-base puis-bold-weight-text' and text()='Display Type']/parent::div/following-sibling::ul//span[@class='a-size-base a-color-base a-text-bold' and text()='AMOLED']
17:38:17 [TestNG-test-Test-1] INFO  verifyingDisplayTypeFilterFunctionality_Laptop_17-38-05 - [verifyingDisplayTypeFilterFunctionality_Laptop_17-38-05] Clicked the element using safe click ,element is [[ChromeDriver: chrome on windows (ea386382300aa060887ca97604101657)] -> xpath: //span[@class='a-size-base a-color-base puis-bold-weight-text' and text()='Display Type']/parent::div/following-sibling::ul//span[@class='a-size-base a-color-base' and text()='AMOLED']]
17:38:17 [TestNG-test-Test-1] INFO  verifyingDisplayTypeFilterFunctionality_Laptop_17-38-05 - [verifyingDisplayTypeFilterFunctionality_Laptop_17-38-05] Within safeFindElements 
17:38:17 [TestNG-test-Test-1] INFO  verifyingDisplayTypeFilterFunctionality_Laptop_17-38-05 - [verifyingDisplayTypeFilterFunctionality_Laptop_17-38-05] Returning the  [[[ChromeDriver: chrome on windows (ea386382300aa060887ca97604101657)] -> xpath: //div[@data-cy='title-recipe']], [[ChromeDriver: chrome on windows (ea386382300aa060887ca97604101657)] -> xpath: //div[@data-cy='title-recipe']], [[ChromeDriver: chrome on windows (ea386382300aa060887ca97604101657)] -> xpath: //div[@data-cy='title-recipe']], [[ChromeDriver: chrome on windows (ea386382300aa060887ca97604101657)] -> xpath: //div[@data-cy='title-recipe']], [[ChromeDriver: chrome on windows (ea386382300aa060887ca97604101657)] -> xpath: //div[@data-cy='title-recipe']], [[ChromeDriver: chrome on windows (ea386382300aa060887ca97604101657)] -> xpath: //div[@data-cy='title-recipe']]] from the safeFindElements method
17:38:17 [TestNG-test-Test-1] INFO  verifyingDisplayTypeFilterFunctionality_Laptop_17-38-05 - [verifyingDisplayTypeFilterFunctionality_Laptop_17-38-05] Execution is Not CRON Job Hence refering to normal keys from UtilData
17:38:17 [TestNG-test-Test-1] INFO  verifyingDisplayTypeFilterFunctionality_Laptop_17-38-05 - [verifyingDisplayTypeFilterFunctionality_Laptop_17-38-05] Within safeFindElements 
17:38:17 [TestNG-test-Test-1] INFO  verifyingDisplayTypeFilterFunctionality_Laptop_17-38-05 - [verifyingDisplayTypeFilterFunctionality_Laptop_17-38-05] Returning the  [[[ChromeDriver: chrome on windows (ea386382300aa060887ca97604101657)] -> xpath: //div[@data-cy='title-recipe']], [[ChromeDriver: chrome on windows (ea386382300aa060887ca97604101657)] -> xpath: //div[@data-cy='title-recipe']], [[ChromeDriver: chrome on windows (ea386382300aa060887ca97604101657)] -> xpath: //div[@data-cy='title-recipe']], [[ChromeDriver: chrome on windows (ea386382300aa060887ca97604101657)] -> xpath: //div[@data-cy='title-recipe']], [[ChromeDriver: chrome on windows (ea386382300aa060887ca97604101657)] -> xpath: //div[@data-cy='title-recipe']], [[ChromeDriver: chrome on windows (ea386382300aa060887ca97604101657)] -> xpath: //div[@data-cy='title-recipe']]] from the safeFindElements method
17:38:17 [TestNG-test-Test-1] INFO  verifyingDisplayTypeFilterFunctionality_Laptop_17-38-05 - [verifyingDisplayTypeFilterFunctionality_Laptop_17-38-05] Within productNameListingPage loop in applyFilterAndValidateProductsWithResult
17:38:17 [TestNG-test-Test-1] INFO  verifyingDisplayTypeFilterFunctionality_Laptop_17-38-05 - [verifyingDisplayTypeFilterFunctionality_Laptop_17-38-05] Within getProductByIndex method
17:38:17 [TestNG-test-Test-1] INFO  verifyingDisplayTypeFilterFunctionality_Laptop_17-38-05 - [verifyingDisplayTypeFilterFunctionality_Laptop_17-38-05] Within safeFindElement method
17:38:18 [TestNG-test-Test-1] INFO  verifyingDisplayTypeFilterFunctionality_Laptop_17-38-05 - [verifyingDisplayTypeFilterFunctionality_Laptop_17-38-05]Found the element returning it ,element ->[[ChromeDriver: chrome on windows (ea386382300aa060887ca97604101657)] -> xpath: (//div[@data-cy='title-recipe'])[1]]
17:38:18 [TestNG-test-Test-1] INFO  verifyingDisplayTypeFilterFunctionality_Laptop_17-38-05 - [verifyingDisplayTypeFilterFunctionality_Laptop_17-38-05] Within getProductByIndex method
17:38:18 [TestNG-test-Test-1] INFO  verifyingDisplayTypeFilterFunctionality_Laptop_17-38-05 - [verifyingDisplayTypeFilterFunctionality_Laptop_17-38-05] Within smoothScrollToElement method
17:38:18 [TestNG-test-Test-1] INFO  verifyingDisplayTypeFilterFunctionality_Laptop_17-38-05 - [verifyingDisplayTypeFilterFunctionality_Laptop_17-38-05] Within safeFindElement method
17:38:18 [TestNG-test-Test-1] INFO  verifyingDisplayTypeFilterFunctionality_Laptop_17-38-05 - [verifyingDisplayTypeFilterFunctionality_Laptop_17-38-05]Found the element returning it ,element ->[[ChromeDriver: chrome on windows (ea386382300aa060887ca97604101657)] -> xpath: (//div[@data-cy='title-recipe'])[1]]
17:38:18 [TestNG-test-Test-1] INFO  verifyingDisplayTypeFilterFunctionality_Laptop_17-38-05 - [verifyingDisplayTypeFilterFunctionality_Laptop_17-38-05] Successfully scrolled to element: By.xpath: (//div[@data-cy='title-recipe'])[1]
17:38:18 [TestNG-test-Test-1] INFO  verifyingDisplayTypeFilterFunctionality_Laptop_17-38-05 - [verifyingDisplayTypeFilterFunctionality_Laptop_17-38-05] Getting product by index in productNameListingPage loop
17:38:18 [TestNG-test-Test-1] INFO  verifyingDisplayTypeFilterFunctionality_Laptop_17-38-05 - [verifyingDisplayTypeFilterFunctionality_Laptop_17-38-05] Opened product in new tab via Ctrl+Click inside productNameListingPage loop
17:38:18 [TestNG-test-Test-1] INFO  verifyingDisplayTypeFilterFunctionality_Laptop_17-38-05 - [verifyingDisplayTypeFilterFunctionality_Laptop_17-38-05] Waiting for new window to open...
17:38:18 [TestNG-test-Test-1] INFO  verifyingDisplayTypeFilterFunctionality_Laptop_17-38-05 - [verifyingDisplayTypeFilterFunctionality_Laptop_17-38-05] Switched to new window -> 398FF838EB555C5874CC79AE0BEB4E34
17:38:18 [TestNG-test-Test-1] INFO  verifyingDisplayTypeFilterFunctionality_Laptop_17-38-05 - [verifyingDisplayTypeFilterFunctionality_Laptop_17-38-05] Swithcing to the new window  within productNameListingPage loop
17:38:18 [TestNG-test-Test-1] INFO  verifyingDisplayTypeFilterFunctionality_Laptop_17-38-05 - [verifyingDisplayTypeFilterFunctionality_Laptop_17-38-05] Clicked product name to open in new tab from productNameListingPage loop
17:38:18 [TestNG-test-Test-1] INFO  verifyingDisplayTypeFilterFunctionality_Laptop_17-38-05 - [verifyingDisplayTypeFilterFunctionality_Laptop_17-38-05] Waiting until element is visible in viewport
17:38:21 [TestNG-test-Test-1] INFO  verifyingDisplayTypeFilterFunctionality_Laptop_17-38-05 - [verifyingDisplayTypeFilterFunctionality_Laptop_17-38-05] Within safeFindElement method
17:38:21 [TestNG-test-Test-1] INFO  verifyingDisplayTypeFilterFunctionality_Laptop_17-38-05 - [verifyingDisplayTypeFilterFunctionality_Laptop_17-38-05]Found the element returning it ,element ->[[ChromeDriver: chrome on windows (ea386382300aa060887ca97604101657)] -> xpath: //span[@id='productTitle']]
17:38:21 [TestNG-test-Test-1] INFO  verifyingDisplayTypeFilterFunctionality_Laptop_17-38-05 - [verifyingDisplayTypeFilterFunctionality_Laptop_17-38-05] Within safeFindElement method
17:38:21 [TestNG-test-Test-1] INFO  verifyingDisplayTypeFilterFunctionality_Laptop_17-38-05 - [verifyingDisplayTypeFilterFunctionality_Laptop_17-38-05]Found the element returning it ,element ->[[ChromeDriver: chrome on windows (ea386382300aa060887ca97604101657)] -> xpath: //div[@class='a-section a-spacing-small a-spacing-top-small']]
17:38:21 [TestNG-test-Test-1] INFO  verifyingDisplayTypeFilterFunctionality_Laptop_17-38-05 - [verifyingDisplayTypeFilterFunctionality_Laptop_17-38-05] Within safeFindElement method
17:38:21 [TestNG-test-Test-1] INFO  verifyingDisplayTypeFilterFunctionality_Laptop_17-38-05 - [verifyingDisplayTypeFilterFunctionality_Laptop_17-38-05]Found the element returning it ,element ->[[ChromeDriver: chrome on windows (ea386382300aa060887ca97604101657)] -> xpath: //div[@id='feature-bullets']]
17:38:21 [TestNG-test-Test-1] INFO  verifyingDisplayTypeFilterFunctionality_Laptop_17-38-05 - [verifyingDisplayTypeFilterFunctionality_Laptop_17-38-05] Within safeFindElement method
17:38:22 [TestNG-test-Test-1] INFO  verifyingDisplayTypeFilterFunctionality_Laptop_17-38-05 - [verifyingDisplayTypeFilterFunctionality_Laptop_17-38-05]Found the element returning it ,element ->[[ChromeDriver: chrome on windows (ea386382300aa060887ca97604101657)] -> xpath: //div[@id='prodDetails']]
17:38:22 [TestNG-test-Test-1] INFO  verifyingDisplayTypeFilterFunctionality_Laptop_17-38-05 - [verifyingDisplayTypeFilterFunctionality_Laptop_17-38-05] Extracting 'name' , 'keyFeatures', 'about' , 'techDetails' within productNameListingPage loop
17:38:22 [TestNG-test-Test-1] INFO  verifyingDisplayTypeFilterFunctionality_Laptop_17-38-05 - [verifyingDisplayTypeFilterFunctionality_Laptop_17-38-05] Waiting until element is visible in viewport
17:38:32 [TestNG-test-Test-1] INFO  verifyingDisplayTypeFilterFunctionality_Laptop_17-38-05 - [verifyingDisplayTypeFilterFunctionality_Laptop_17-38-05] Within smoothScrollToElement method
17:38:32 [TestNG-test-Test-1] INFO  verifyingDisplayTypeFilterFunctionality_Laptop_17-38-05 - [verifyingDisplayTypeFilterFunctionality_Laptop_17-38-05] Within safeFindElement method
17:38:32 [TestNG-test-Test-1] INFO  verifyingDisplayTypeFilterFunctionality_Laptop_17-38-05 - [verifyingDisplayTypeFilterFunctionality_Laptop_17-38-05]Found the element returning it ,element ->[[ChromeDriver: chrome on windows (ea386382300aa060887ca97604101657)] -> xpath: //a[@id='seeMoreDetailsLink']]
17:38:32 [TestNG-test-Test-1] INFO  verifyingDisplayTypeFilterFunctionality_Laptop_17-38-05 - [verifyingDisplayTypeFilterFunctionality_Laptop_17-38-05] Successfully scrolled to element: By.xpath: //a[@id='seeMoreDetailsLink']
17:38:32 [TestNG-test-Test-1] INFO  verifyingDisplayTypeFilterFunctionality_Laptop_17-38-05 - [verifyingDisplayTypeFilterFunctionality_Laptop_17-38-05] Within safeClick method
17:38:32 [TestNG-test-Test-1] INFO  verifyingDisplayTypeFilterFunctionality_Laptop_17-38-05 - [verifyingDisplayTypeFilterFunctionality_Laptop_17-38-05] Clicked the  [[ChromeDriver: chrome on windows (ea386382300aa060887ca97604101657)] -> xpath: //a[@id='seeMoreDetailsLink']]   using safeClick
17:38:32 [TestNG-test-Test-1] INFO  verifyingDisplayTypeFilterFunctionality_Laptop_17-38-05 - [verifyingDisplayTypeFilterFunctionality_Laptop_17-38-05] Within try block for clicking see more deatils within productNameListingPage loop
17:38:32 [TestNG-test-Test-1] INFO  verifyingDisplayTypeFilterFunctionality_Laptop_17-38-05 - [verifyingDisplayTypeFilterFunctionality_Laptop_17-38-05] Within closeCurrentWindowAndSwitchBack method
17:38:32 [TestNG-test-Test-1] INFO  verifyingDisplayTypeFilterFunctionality_Laptop_17-38-05 - [verifyingDisplayTypeFilterFunctionality_Laptop_17-38-05] Total open windows/tabs count -> 2
17:38:32 [TestNG-test-Test-1] INFO  verifyingDisplayTypeFilterFunctionality_Laptop_17-38-05 - [verifyingDisplayTypeFilterFunctionality_Laptop_17-38-05] Original window handle -> CB400AA690C14534422A2BF502040DDC
17:38:32 [TestNG-test-Test-1] INFO  verifyingDisplayTypeFilterFunctionality_Laptop_17-38-05 - [verifyingDisplayTypeFilterFunctionality_Laptop_17-38-05] Found new tab/window handle -> 398FF838EB555C5874CC79AE0BEB4E34 (will be closed)
17:38:32 [TestNG-test-Test-1] INFO  verifyingDisplayTypeFilterFunctionality_Laptop_17-38-05 - [verifyingDisplayTypeFilterFunctionality_Laptop_17-38-05] Successfully switched to new tab/window -> 398FF838EB555C5874CC79AE0BEB4E34
17:38:33 [TestNG-test-Test-1] INFO  verifyingDisplayTypeFilterFunctionality_Laptop_17-38-05 - [verifyingDisplayTypeFilterFunctionality_Laptop_17-38-05] Closed the newly opened tab/window -> 398FF838EB555C5874CC79AE0BEB4E34
17:38:33 [TestNG-test-Test-1] INFO  verifyingDisplayTypeFilterFunctionality_Laptop_17-38-05 - [verifyingDisplayTypeFilterFunctionality_Laptop_17-38-05] Switched back to the original window -> CB400AA690C14534422A2BF502040DDC
17:38:33 [TestNG-test-Test-1] INFO  verifyingDisplayTypeFilterFunctionality_Laptop_17-38-05 - [verifyingDisplayTypeFilterFunctionality_Laptop_17-38-05]  going back to product listing via closeCurrentWindowAndSwitchBack 
17:38:33 [TestNG-test-Test-1] INFO  verifyingDisplayTypeFilterFunctionality_Laptop_17-38-05 - [verifyingDisplayTypeFilterFunctionality_Laptop_17-38-05]  Added 'filter','title','keyFeatures', 'about', 'techDetails' into the Map -> productResult
17:38:33 [TestNG-test-Test-1] INFO  verifyingDisplayTypeFilterFunctionality_Laptop_17-38-05 - [verifyingDisplayTypeFilterFunctionality_Laptop_17-38-05]  Added 'productResult' Map into the 'results' i.e list of maps 
17:38:33 [TestNG-test-Test-1] INFO  verifyingDisplayTypeFilterFunctionality_Laptop_17-38-05 - [verifyingDisplayTypeFilterFunctionality_Laptop_17-38-05]==========================================================================================================
17:38:33 [TestNG-test-Test-1] INFO  verifyingDisplayTypeFilterFunctionality_Laptop_17-38-05 - [verifyingDisplayTypeFilterFunctionality_Laptop_17-38-05] Within safeFindElements 
17:38:33 [TestNG-test-Test-1] INFO  verifyingDisplayTypeFilterFunctionality_Laptop_17-38-05 - [verifyingDisplayTypeFilterFunctionality_Laptop_17-38-05] Returning the  [[[ChromeDriver: chrome on windows (ea386382300aa060887ca97604101657)] -> xpath: //div[@data-cy='title-recipe']], [[ChromeDriver: chrome on windows (ea386382300aa060887ca97604101657)] -> xpath: //div[@data-cy='title-recipe']], [[ChromeDriver: chrome on windows (ea386382300aa060887ca97604101657)] -> xpath: //div[@data-cy='title-recipe']], [[ChromeDriver: chrome on windows (ea386382300aa060887ca97604101657)] -> xpath: //div[@data-cy='title-recipe']], [[ChromeDriver: chrome on windows (ea386382300aa060887ca97604101657)] -> xpath: //div[@data-cy='title-recipe']], [[ChromeDriver: chrome on windows (ea386382300aa060887ca97604101657)] -> xpath: //div[@data-cy='title-recipe']]] from the safeFindElements method
17:38:33 [TestNG-test-Test-1] INFO  verifyingDisplayTypeFilterFunctionality_Laptop_17-38-05 - [verifyingDisplayTypeFilterFunctionality_Laptop_17-38-05] Within productNameListingPage loop in applyFilterAndValidateProductsWithResult
17:38:33 [TestNG-test-Test-1] INFO  verifyingDisplayTypeFilterFunctionality_Laptop_17-38-05 - [verifyingDisplayTypeFilterFunctionality_Laptop_17-38-05] Within getProductByIndex method
17:38:33 [TestNG-test-Test-1] INFO  verifyingDisplayTypeFilterFunctionality_Laptop_17-38-05 - [verifyingDisplayTypeFilterFunctionality_Laptop_17-38-05] Within safeFindElement method
17:38:33 [TestNG-test-Test-1] INFO  verifyingDisplayTypeFilterFunctionality_Laptop_17-38-05 - [verifyingDisplayTypeFilterFunctionality_Laptop_17-38-05]Found the element returning it ,element ->[[ChromeDriver: chrome on windows (ea386382300aa060887ca97604101657)] -> xpath: (//div[@data-cy='title-recipe'])[2]]
17:38:33 [TestNG-test-Test-1] INFO  verifyingDisplayTypeFilterFunctionality_Laptop_17-38-05 - [verifyingDisplayTypeFilterFunctionality_Laptop_17-38-05] Within getProductByIndex method
17:38:33 [TestNG-test-Test-1] INFO  verifyingDisplayTypeFilterFunctionality_Laptop_17-38-05 - [verifyingDisplayTypeFilterFunctionality_Laptop_17-38-05] Within smoothScrollToElement method
17:38:33 [TestNG-test-Test-1] INFO  verifyingDisplayTypeFilterFunctionality_Laptop_17-38-05 - [verifyingDisplayTypeFilterFunctionality_Laptop_17-38-05] Within safeFindElement method
17:38:33 [TestNG-test-Test-1] INFO  verifyingDisplayTypeFilterFunctionality_Laptop_17-38-05 - [verifyingDisplayTypeFilterFunctionality_Laptop_17-38-05]Found the element returning it ,element ->[[ChromeDriver: chrome on windows (ea386382300aa060887ca97604101657)] -> xpath: (//div[@data-cy='title-recipe'])[2]]
17:38:33 [TestNG-test-Test-1] INFO  verifyingDisplayTypeFilterFunctionality_Laptop_17-38-05 - [verifyingDisplayTypeFilterFunctionality_Laptop_17-38-05] Successfully scrolled to element: By.xpath: (//div[@data-cy='title-recipe'])[2]
17:38:33 [TestNG-test-Test-1] INFO  verifyingDisplayTypeFilterFunctionality_Laptop_17-38-05 - [verifyingDisplayTypeFilterFunctionality_Laptop_17-38-05] Getting product by index in productNameListingPage loop
17:38:33 [TestNG-test-Test-1] INFO  verifyingDisplayTypeFilterFunctionality_Laptop_17-38-05 - [verifyingDisplayTypeFilterFunctionality_Laptop_17-38-05] Opened product in new tab via Ctrl+Click inside productNameListingPage loop
17:38:33 [TestNG-test-Test-1] INFO  verifyingDisplayTypeFilterFunctionality_Laptop_17-38-05 - [verifyingDisplayTypeFilterFunctionality_Laptop_17-38-05] Waiting for new window to open...
17:38:33 [TestNG-test-Test-1] INFO  verifyingDisplayTypeFilterFunctionality_Laptop_17-38-05 - [verifyingDisplayTypeFilterFunctionality_Laptop_17-38-05] Switched to new window -> 1660ECE6787A46523D4C7E302134439E
17:38:33 [TestNG-test-Test-1] INFO  verifyingDisplayTypeFilterFunctionality_Laptop_17-38-05 - [verifyingDisplayTypeFilterFunctionality_Laptop_17-38-05] Swithcing to the new window  within productNameListingPage loop
17:38:33 [TestNG-test-Test-1] INFO  verifyingDisplayTypeFilterFunctionality_Laptop_17-38-05 - [verifyingDisplayTypeFilterFunctionality_Laptop_17-38-05] Clicked product name to open in new tab from productNameListingPage loop
17:38:33 [TestNG-test-Test-1] INFO  verifyingDisplayTypeFilterFunctionality_Laptop_17-38-05 - [verifyingDisplayTypeFilterFunctionality_Laptop_17-38-05] Waiting until element is visible in viewport
17:38:36 [TestNG-test-Test-1] WARN  verifyingDisplayTypeFilterFunctionality_Laptop_17-38-05 - [verifyingDisplayTypeFilterFunctionality_Laptop_17-38-05] Product detail page did not load for index 2 filter 'AMOLED'; skipping detail scrape to avoid redundant retries/timeouts
17:38:36 [TestNG-test-Test-1] INFO  verifyingDisplayTypeFilterFunctionality_Laptop_17-38-05 - [verifyingDisplayTypeFilterFunctionality_Laptop_17-38-05] Within closeCurrentWindowAndSwitchBack method
17:38:36 [TestNG-test-Test-1] INFO  verifyingDisplayTypeFilterFunctionality_Laptop_17-38-05 - [verifyingDisplayTypeFilterFunctionality_Laptop_17-38-05] Total open windows/tabs count -> 2
17:38:36 [TestNG-test-Test-1] INFO  verifyingDisplayTypeFilterFunctionality_Laptop_17-38-05 - [verifyingDisplayTypeFilterFunctionality_Laptop_17-38-05] Original window handle -> CB400AA690C14534422A2BF502040DDC
17:38:36 [TestNG-test-Test-1] INFO  verifyingDisplayTypeFilterFunctionality_Laptop_17-38-05 - [verifyingDisplayTypeFilterFunctionality_Laptop_17-38-05] Found new tab/window handle -> 1660ECE6787A46523D4C7E302134439E (will be closed)
17:38:36 [TestNG-test-Test-1] INFO  verifyingDisplayTypeFilterFunctionality_Laptop_17-38-05 - [verifyingDisplayTypeFilterFunctionality_Laptop_17-38-05] Successfully switched to new tab/window -> 1660ECE6787A46523D4C7E302134439E
17:38:36 [TestNG-test-Test-1] INFO  verifyingDisplayTypeFilterFunctionality_Laptop_17-38-05 - [verifyingDisplayTypeFilterFunctionality_Laptop_17-38-05] Closed the newly opened tab/window -> 1660ECE6787A46523D4C7E302134439E
17:38:36 [TestNG-test-Test-1] INFO  verifyingDisplayTypeFilterFunctionality_Laptop_17-38-05 - [verifyingDisplayTypeFilterFunctionality_Laptop_17-38-05] Switched back to the original window -> CB400AA690C14534422A2BF502040DDC
17:38:36 [TestNG-test-Test-1] INFO  verifyingDisplayTypeFilterFunctionality_Laptop_17-38-05 - [verifyingDisplayTypeFilterFunctionality_Laptop_17-38-05]  going back to product listing via closeCurrentWindowAndSwitchBack 
17:38:36 [TestNG-test-Test-1] INFO  verifyingDisplayTypeFilterFunctionality_Laptop_17-38-05 - [verifyingDisplayTypeFilterFunctionality_Laptop_17-38-05]  Added 'filter','title','keyFeatures', 'about', 'techDetails' into the Map -> productResult
17:38:36 [TestNG-test-Test-1] INFO  verifyingDisplayTypeFilterFunctionality_Laptop_17-38-05 - [verifyingDisplayTypeFilterFunctionality_Laptop_17-38-05]  Added 'productResult' Map into the 'results' i.e list of maps 
17:38:36 [TestNG-test-Test-1] INFO  verifyingDisplayTypeFilterFunctionality_Laptop_17-38-05 - [verifyingDisplayTypeFilterFunctionality_Laptop_17-38-05]==========================================================================================================
17:38:36 [TestNG-test-Test-1] INFO  verifyingDisplayTypeFilterFunctionality_Laptop_17-38-05 - [verifyingDisplayTypeFilterFunctionality_Laptop_17-38-05] Within safeClick method
17:38:37 [TestNG-test-Test-1] INFO  verifyingDisplayTypeFilterFunctionality_Laptop_17-38-05 - [verifyingDisplayTypeFilterFunctionality_Laptop_17-38-05] Clicked the  [[ChromeDriver: chrome on windows (ea386382300aa060887ca97604101657)] -> xpath: //span[@class='a-size-base a-color-base' and text()='Clear']]   using safeClick
17:38:37 [TestNG-test-Test-1] INFO  verifyingDisplayTypeFilterFunctionality_Laptop_17-38-05 - [verifyingDisplayTypeFilterFunctionality_Laptop_17-38-05] Clearing the filter value ->AMOLEDwithin productNameListingPage loop
17:38:37 [TestNG-test-Test-1] INFO  verifyingDisplayTypeFilterFunctionality_Laptop_17-38-05 - [verifyingDisplayTypeFilterFunctionality_Laptop_17-38-05]==========================================================================================================
17:38:37 [TestNG-test-Test-1] INFO  verifyingDisplayTypeFilterFunctionality_Laptop_17-38-05 - [verifyingDisplayTypeFilterFunctionality_Laptop_17-38-05]==========================================================================================================
17:38:37 [TestNG-test-Test-1] INFO  verifyingDisplayTypeFilterFunctionality_Laptop_17-38-05 - [verifyingDisplayTypeFilterFunctionality_Laptop_17-38-05] Within filterOptions loop in applyFilterAndValidateProductsWithResult
17:38:37 [TestNG-test-Test-1] INFO  verifyingDisplayTypeFilterFunctionality_Laptop_17-38-05 - [verifyingDisplayTypeFilterFunctionality_Laptop_17-38-05] Within safeFindElements 
17:38:38 [TestNG-test-Test-1] INFO  verifyingDisplayTypeFilterFunctionality_Laptop_17-38-05 - [verifyingDisplayTypeFilterFunctionality_Laptop_17-38-05] Returning the  [[[ChromeDriver: chrome on windows (ea386382300aa060887ca97604101657)] -> xpath: //span[@class='a-size-base a-color-base puis-bold-weight-text' and text()='Display Type']/parent::div/following-sibling::ul//span[@class='a-size-base a-color-base']], [[ChromeDriver: chrome on windows (ea386382300aa060887ca97604101657)] -> xpath: //span[@class='a-size-base a-color-base puis-bold-weight-text' and text()='Display Type']/parent::div/following-sibling::ul//span[@class='a-size-base a-color-base']], [[ChromeDriver: chrome on windows (ea386382300aa060887ca97604101657)] -> xpath: //span[@class='a-size-base a-color-base puis-bold-weight-text' and text()='Display Type']/parent::div/following-sibling::ul//span[@class='a-size-base a-color-base']], [[ChromeDriver: chrome on windows (ea386382300aa060887ca97604101657)] -> xpath: //span[@class='a-size-base a-color-base puis-bold-weight-text' and text()='Display Type']/parent::div/following-sibling::ul//span[@class='a-size-base a-color-base']]] from the safeFindElements method
17:38:38 [TestNG-test-Test-1] INFO  verifyingDisplayTypeFilterFunctionality_Laptop_17-38-05 - [verifyingDisplayTypeFilterFunctionality_Laptop_17-38-05] Trying to read filter option 1 (attempt 1/3)
17:38:38 [TestNG-test-Test-1] INFO  verifyingDisplayTypeFilterFunctionality_Laptop_17-38-05 - [verifyingDisplayTypeFilterFunctionality_Laptop_17-38-05] Successfully read filter option 1 = 'LCD'
17:38:38 [TestNG-test-Test-1] INFO  verifyingDisplayTypeFilterFunctionality_Laptop_17-38-05 - [verifyingDisplayTypeFilterFunctionality_Laptop_17-38-05] Within getfilterByTypeAndName method
17:38:38 [TestNG-test-Test-1] INFO  verifyingDisplayTypeFilterFunctionality_Laptop_17-38-05 - [verifyingDisplayTypeFilterFunctionality_Laptop_17-38-05] Within safeClickBooleanWithScreenShot method
17:38:38 [TestNG-test-Test-1] INFO  verifyingDisplayTypeFilterFunctionality_Laptop_17-38-05 - [verifyingDisplayTypeFilterFunctionality_Laptop_17-38-05] Within getAppliedfilterByTypeAndName method
17:38:38 [TestNG-test-Test-1] INFO  verifyingDisplayTypeFilterFunctionality_Laptop_17-38-05 - [verifyingDisplayTypeFilterFunctionality_Laptop_17-38-05] Within smoothScrollToElement method
17:38:38 [TestNG-test-Test-1] INFO  verifyingDisplayTypeFilterFunctionality_Laptop_17-38-05 - [verifyingDisplayTypeFilterFunctionality_Laptop_17-38-05] Within safeFindElement method
17:38:39 [TestNG-test-Test-1] INFO  verifyingDisplayTypeFilterFunctionality_Laptop_17-38-05 - [verifyingDisplayTypeFilterFunctionality_Laptop_17-38-05]Found the element returning it ,element ->[[ChromeDriver: chrome on windows (ea386382300aa060887ca97604101657)] -> xpath: //span[@class='a-size-base a-color-base puis-bold-weight-text' and text()='Display Type']]
17:38:39 [TestNG-test-Test-1] INFO  verifyingDisplayTypeFilterFunctionality_Laptop_17-38-05 - [verifyingDisplayTypeFilterFunctionality_Laptop_17-38-05] Successfully scrolled to element: By.xpath: //span[@class='a-size-base a-color-base puis-bold-weight-text' and text()='Display Type']
17:38:39 [TestNG-test-Test-1] INFO  verifyingDisplayTypeFilterFunctionality_Laptop_17-38-05 - [verifyingDisplayTypeFilterFunctionality_Laptop_17-38-05] Within getMoreButtonByFilterTypeAndName method
17:38:39 [TestNG-test-Test-1] INFO  verifyingDisplayTypeFilterFunctionality_Laptop_17-38-05 - [verifyingDisplayTypeFilterFunctionality_Laptop_17-38-05] could not find more button
17:38:39 [TestNG-test-Test-1] INFO  verifyingDisplayTypeFilterFunctionality_Laptop_17-38-05 - [verifyingDisplayTypeFilterFunctionality_Laptop_17-38-05] Within getAppliedfilterByTypeAndName method
17:38:39 [TestNG-test-Test-1] INFO  verifyingDisplayTypeFilterFunctionality_Laptop_17-38-05 - [verifyingDisplayTypeFilterFunctionality_Laptop_17-38-05] Within smoothScrollToElement method
17:38:39 [TestNG-test-Test-1] INFO  verifyingDisplayTypeFilterFunctionality_Laptop_17-38-05 - [verifyingDisplayTypeFilterFunctionality_Laptop_17-38-05] Within safeFindElement method
17:38:41 [TestNG-test-Test-1] INFO  verifyingDisplayTypeFilterFunctionality_Laptop_17-38-05 - [verifyingDisplayTypeFilterFunctionality_Laptop_17-38-05]Found the element returning it ,element ->[[ChromeDriver: chrome on windows (ea386382300aa060887ca97604101657)] -> xpath: //span[@class='a-size-base a-color-base puis-bold-weight-text' and text()='Display Type']]
17:38:41 [TestNG-test-Test-1] INFO  verifyingDisplayTypeFilterFunctionality_Laptop_17-38-05 - [verifyingDisplayTypeFilterFunctionality_Laptop_17-38-05] Successfully scrolled to element: By.xpath: //span[@class='a-size-base a-color-base puis-bold-weight-text' and text()='Display Type']
17:38:41 [TestNG-test-Test-1] INFO  verifyingDisplayTypeFilterFunctionality_Laptop_17-38-05 - [verifyingDisplayTypeFilterFunctionality_Laptop_17-38-05] Within getMoreButtonByFilterTypeAndName method
17:38:41 [TestNG-test-Test-1] INFO  verifyingDisplayTypeFilterFunctionality_Laptop_17-38-05 - [verifyingDisplayTypeFilterFunctionality_Laptop_17-38-05] could not find more button
17:38:41 [TestNG-test-Test-1] INFO  verifyingDisplayTypeFilterFunctionality_Laptop_17-38-05 - [verifyingDisplayTypeFilterFunctionality_Laptop_17-38-05] Within getfilterByTypeAndName method
17:38:41 [TestNG-test-Test-1] INFO  verifyingDisplayTypeFilterFunctionality_Laptop_17-38-05 - [verifyingDisplayTypeFilterFunctionality_Laptop_17-38-05] Within smoothScrollToElement method
17:38:41 [TestNG-test-Test-1] INFO  verifyingDisplayTypeFilterFunctionality_Laptop_17-38-05 - [verifyingDisplayTypeFilterFunctionality_Laptop_17-38-05] Within safeFindElement method
17:38:41 [TestNG-test-Test-1] INFO  verifyingDisplayTypeFilterFunctionality_Laptop_17-38-05 - [verifyingDisplayTypeFilterFunctionality_Laptop_17-38-05]Found the element returning it ,element ->[[ChromeDriver: chrome on windows (ea386382300aa060887ca97604101657)] -> xpath: //span[@class='a-size-base a-color-base puis-bold-weight-text' and text()='Display Type']/parent::div/following-sibling::ul//span[@class='a-size-base a-color-base a-text-bold' and text()='LCD']]
17:38:41 [TestNG-test-Test-1] INFO  verifyingDisplayTypeFilterFunctionality_Laptop_17-38-05 - [verifyingDisplayTypeFilterFunctionality_Laptop_17-38-05] Successfully scrolled to element: By.xpath: //span[@class='a-size-base a-color-base puis-bold-weight-text' and text()='Display Type']/parent::div/following-sibling::ul//span[@class='a-size-base a-color-base a-text-bold' and text()='LCD']
17:38:41 [TestNG-test-Test-1] INFO  verifyingDisplayTypeFilterFunctionality_Laptop_17-38-05 - [verifyingDisplayTypeFilterFunctionality_Laptop_17-38-05] Clicked the element using safe click ,element is [[ChromeDriver: chrome on windows (ea386382300aa060887ca97604101657)] -> xpath: //span[@class='a-size-base a-color-base puis-bold-weight-text' and text()='Display Type']/parent::div/following-sibling::ul//span[@class='a-size-base a-color-base' and text()='LCD']]
17:38:41 [TestNG-test-Test-1] INFO  verifyingDisplayTypeFilterFunctionality_Laptop_17-38-05 - [verifyingDisplayTypeFilterFunctionality_Laptop_17-38-05] Within safeFindElements 
17:38:41 [TestNG-test-Test-1] INFO  verifyingDisplayTypeFilterFunctionality_Laptop_17-38-05 - [verifyingDisplayTypeFilterFunctionality_Laptop_17-38-05] Returning the  [[[ChromeDriver: chrome on windows (ea386382300aa060887ca97604101657)] -> xpath: //div[@data-cy='title-recipe']], [[ChromeDriver: chrome on windows (ea386382300aa060887ca97604101657)] -> xpath: //div[@data-cy='title-recipe']], [[ChromeDriver: chrome on windows (ea386382300aa060887ca97604101657)] -> xpath: //div[@data-cy='title-recipe']], [[ChromeDriver: chrome on windows (ea386382300aa060887ca97604101657)] -> xpath: //div[@data-cy='title-recipe']], [[ChromeDriver: chrome on windows (ea386382300aa060887ca97604101657)] -> xpath: //div[@data-cy='title-recipe']], [[ChromeDriver: chrome on windows (ea386382300aa060887ca97604101657)] -> xpath: //div[@data-cy='title-recipe']], [[ChromeDriver: chrome on windows (ea386382300aa060887ca97604101657)] -> xpath: //div[@data-cy='title-recipe']], [[ChromeDriver: chrome on windows (ea386382300aa060887ca97604101657)] -> xpath: //div[@data-cy='title-recipe']], [[ChromeDriver: chrome on windows (ea386382300aa060887ca97604101657)] -> xpath: //div[@data-cy='title-recipe']], [[ChromeDriver: chrome on windows (ea386382300aa060887ca97604101657)] -> xpath: //div[@data-cy='title-recipe']], [[ChromeDriver: chrome on windows (ea386382300aa060887ca97604101657)] -> xpath: //div[@data-cy='title-recipe']], [[ChromeDriver: chrome on windows (ea386382300aa060887ca97604101657)] -> xpath: //div[@data-cy='title-recipe']], [[ChromeDriver: chrome on windows (ea386382300aa060887ca97604101657)] -> xpath: //div[@data-cy='title-recipe']], [[ChromeDriver: chrome on windows (ea386382300aa060887ca97604101657)] -> xpath: //div[@data-cy='title-recipe']], [[ChromeDriver: chrome on windows (ea386382300aa060887ca97604101657)] -> xpath: //div[@data-cy='title-recipe']], [[ChromeDriver: chrome on windows (ea386382300aa060887ca97604101657)] -> xpath: //div[@data-cy='title-recipe']]] from the safeFindElements method
17:38:41 [TestNG-test-Test-1] INFO  verifyingDisplayTypeFilterFunctionality_Laptop_17-38-05 - [verifyingDisplayTypeFilterFunctionality_Laptop_17-38-05] Execution is Not CRON Job Hence refering to normal keys from UtilData
17:38:41 [TestNG-test-Test-1] INFO  verifyingDisplayTypeFilterFunctionality_Laptop_17-38-05 - [verifyingDisplayTypeFilterFunctionality_Laptop_17-38-05] Within safeFindElements 
17:38:41 [TestNG-test-Test-1] INFO  verifyingDisplayTypeFilterFunctionality_Laptop_17-38-05 - [verifyingDisplayTypeFilterFunctionality_Laptop_17-38-05] Returning the  [[[ChromeDriver: chrome on windows (ea386382300aa060887ca97604101657)] -> xpath: //div[@data-cy='title-recipe']], [[ChromeDriver: chrome on windows (ea386382300aa060887ca97604101657)] -> xpath: //div[@data-cy='title-recipe']], [[ChromeDriver: chrome on windows (ea386382300aa060887ca97604101657)] -> xpath: //div[@data-cy='title-recipe']], [[ChromeDriver: chrome on windows (ea386382300aa060887ca97604101657)] -> xpath: //div[@data-cy='title-recipe']], [[ChromeDriver: chrome on windows (ea386382300aa060887ca97604101657)] -> xpath: //div[@data-cy='title-recipe']], [[ChromeDriver: chrome on windows (ea386382300aa060887ca97604101657)] -> xpath: //div[@data-cy='title-recipe']], [[ChromeDriver: chrome on windows (ea386382300aa060887ca97604101657)] -> xpath: //div[@data-cy='title-recipe']], [[ChromeDriver: chrome on windows (ea386382300aa060887ca97604101657)] -> xpath: //div[@data-cy='title-recipe']], [[ChromeDriver: chrome on windows (ea386382300aa060887ca97604101657)] -> xpath: //div[@data-cy='title-recipe']], [[ChromeDriver: chrome on windows (ea386382300aa060887ca97604101657)] -> xpath: //div[@data-cy='title-recipe']], [[ChromeDriver: chrome on windows (ea386382300aa060887ca97604101657)] -> xpath: //div[@data-cy='title-recipe']], [[ChromeDriver: chrome on windows (ea386382300aa060887ca97604101657)] -> xpath: //div[@data-cy='title-recipe']], [[ChromeDriver: chrome on windows (ea386382300aa060887ca97604101657)] -> xpath: //div[@data-cy='title-recipe']], [[ChromeDriver: chrome on windows (ea386382300aa060887ca97604101657)] -> xpath: //div[@data-cy='title-recipe']], [[ChromeDriver: chrome on windows (ea386382300aa060887ca97604101657)] -> xpath: //div[@data-cy='title-recipe']], [[ChromeDriver: chrome on windows (ea386382300aa060887ca97604101657)] -> xpath: //div[@data-cy='title-recipe']]] from the safeFindElements method
17:38:41 [TestNG-test-Test-1] INFO  verifyingDisplayTypeFilterFunctionality_Laptop_17-38-05 - [verifyingDisplayTypeFilterFunctionality_Laptop_17-38-05] Within productNameListingPage loop in applyFilterAndValidateProductsWithResult
17:38:41 [TestNG-test-Test-1] INFO  verifyingDisplayTypeFilterFunctionality_Laptop_17-38-05 - [verifyingDisplayTypeFilterFunctionality_Laptop_17-38-05] Within getProductByIndex method
17:38:41 [TestNG-test-Test-1] INFO  verifyingDisplayTypeFilterFunctionality_Laptop_17-38-05 - [verifyingDisplayTypeFilterFunctionality_Laptop_17-38-05] Within safeFindElement method
17:38:41 [TestNG-test-Test-1] INFO  verifyingDisplayTypeFilterFunctionality_Laptop_17-38-05 - [verifyingDisplayTypeFilterFunctionality_Laptop_17-38-05]Found the element returning it ,element ->[[ChromeDriver: chrome on windows (ea386382300aa060887ca97604101657)] -> xpath: (//div[@data-cy='title-recipe'])[1]]
17:38:41 [TestNG-test-Test-1] INFO  verifyingDisplayTypeFilterFunctionality_Laptop_17-38-05 - [verifyingDisplayTypeFilterFunctionality_Laptop_17-38-05] Within getProductByIndex method
17:38:41 [TestNG-test-Test-1] INFO  verifyingDisplayTypeFilterFunctionality_Laptop_17-38-05 - [verifyingDisplayTypeFilterFunctionality_Laptop_17-38-05] Within smoothScrollToElement method
17:38:41 [TestNG-test-Test-1] INFO  verifyingDisplayTypeFilterFunctionality_Laptop_17-38-05 - [verifyingDisplayTypeFilterFunctionality_Laptop_17-38-05] Within safeFindElement method
17:38:41 [TestNG-test-Test-1] INFO  verifyingDisplayTypeFilterFunctionality_Laptop_17-38-05 - [verifyingDisplayTypeFilterFunctionality_Laptop_17-38-05]Found the element returning it ,element ->[[ChromeDriver: chrome on windows (ea386382300aa060887ca97604101657)] -> xpath: (//div[@data-cy='title-recipe'])[1]]
17:38:41 [TestNG-test-Test-1] INFO  verifyingDisplayTypeFilterFunctionality_Laptop_17-38-05 - [verifyingDisplayTypeFilterFunctionality_Laptop_17-38-05] Successfully scrolled to element: By.xpath: (//div[@data-cy='title-recipe'])[1]
17:38:41 [TestNG-test-Test-1] INFO  verifyingDisplayTypeFilterFunctionality_Laptop_17-38-05 - [verifyingDisplayTypeFilterFunctionality_Laptop_17-38-05] Getting product by index in productNameListingPage loop
17:38:42 [TestNG-test-Test-1] INFO  verifyingDisplayTypeFilterFunctionality_Laptop_17-38-05 - [verifyingDisplayTypeFilterFunctionality_Laptop_17-38-05] Opened product in new tab via Ctrl+Click inside productNameListingPage loop
17:38:42 [TestNG-test-Test-1] INFO  verifyingDisplayTypeFilterFunctionality_Laptop_17-38-05 - [verifyingDisplayTypeFilterFunctionality_Laptop_17-38-05] Waiting for new window to open...
17:38:42 [TestNG-test-Test-1] INFO  verifyingDisplayTypeFilterFunctionality_Laptop_17-38-05 - [verifyingDisplayTypeFilterFunctionality_Laptop_17-38-05] Switched to new window -> D01B7A16444E90AAAD24B9A174AD2E35
17:38:42 [TestNG-test-Test-1] INFO  verifyingDisplayTypeFilterFunctionality_Laptop_17-38-05 - [verifyingDisplayTypeFilterFunctionality_Laptop_17-38-05] Swithcing to the new window  within productNameListingPage loop
17:38:42 [TestNG-test-Test-1] INFO  verifyingDisplayTypeFilterFunctionality_Laptop_17-38-05 - [verifyingDisplayTypeFilterFunctionality_Laptop_17-38-05] Clicked product name to open in new tab from productNameListingPage loop
17:38:42 [TestNG-test-Test-1] INFO  verifyingDisplayTypeFilterFunctionality_Laptop_17-38-05 - [verifyingDisplayTypeFilterFunctionality_Laptop_17-38-05] Waiting until element is visible in viewport
17:38:45 [TestNG-test-Test-1] INFO  verifyingDisplayTypeFilterFunctionality_Laptop_17-38-05 - [verifyingDisplayTypeFilterFunctionality_Laptop_17-38-05] Within safeFindElement method
17:38:45 [TestNG-test-Test-1] INFO  verifyingDisplayTypeFilterFunctionality_Laptop_17-38-05 - [verifyingDisplayTypeFilterFunctionality_Laptop_17-38-05]Found the element returning it ,element ->[[ChromeDriver: chrome on windows (ea386382300aa060887ca97604101657)] -> xpath: //span[@id='productTitle']]
17:38:45 [TestNG-test-Test-1] INFO  verifyingDisplayTypeFilterFunctionality_Laptop_17-38-05 - [verifyingDisplayTypeFilterFunctionality_Laptop_17-38-05] Within safeFindElement method
17:38:46 [TestNG-test-Test-1] INFO  verifyingDisplayTypeFilterFunctionality_Laptop_17-38-05 - [verifyingDisplayTypeFilterFunctionality_Laptop_17-38-05]Found the element returning it ,element ->[[ChromeDriver: chrome on windows (ea386382300aa060887ca97604101657)] -> xpath: //div[@class='a-section a-spacing-small a-spacing-top-small']]
17:38:46 [TestNG-test-Test-1] INFO  verifyingDisplayTypeFilterFunctionality_Laptop_17-38-05 - [verifyingDisplayTypeFilterFunctionality_Laptop_17-38-05] Within safeFindElement method
17:38:46 [TestNG-test-Test-1] INFO  verifyingDisplayTypeFilterFunctionality_Laptop_17-38-05 - [verifyingDisplayTypeFilterFunctionality_Laptop_17-38-05]Found the element returning it ,element ->[[ChromeDriver: chrome on windows (ea386382300aa060887ca97604101657)] -> xpath: //div[@id='feature-bullets']]
17:38:46 [TestNG-test-Test-1] INFO  verifyingDisplayTypeFilterFunctionality_Laptop_17-38-05 - [verifyingDisplayTypeFilterFunctionality_Laptop_17-38-05] Within safeFindElement method
17:38:46 [TestNG-test-Test-1] INFO  verifyingDisplayTypeFilterFunctionality_Laptop_17-38-05 - [verifyingDisplayTypeFilterFunctionality_Laptop_17-38-05]Found the element returning it ,element ->[[ChromeDriver: chrome on windows (ea386382300aa060887ca97604101657)] -> xpath: //div[@id='prodDetails']]
17:38:46 [TestNG-test-Test-1] INFO  verifyingDisplayTypeFilterFunctionality_Laptop_17-38-05 - [verifyingDisplayTypeFilterFunctionality_Laptop_17-38-05] Extracting 'name' , 'keyFeatures', 'about' , 'techDetails' within productNameListingPage loop
17:38:46 [TestNG-test-Test-1] INFO  verifyingDisplayTypeFilterFunctionality_Laptop_17-38-05 - [verifyingDisplayTypeFilterFunctionality_Laptop_17-38-05] Waiting until element is visible in viewport
17:38:56 [TestNG-test-Test-1] INFO  verifyingDisplayTypeFilterFunctionality_Laptop_17-38-05 - [verifyingDisplayTypeFilterFunctionality_Laptop_17-38-05] Within smoothScrollToElement method
17:38:56 [TestNG-test-Test-1] INFO  verifyingDisplayTypeFilterFunctionality_Laptop_17-38-05 - [verifyingDisplayTypeFilterFunctionality_Laptop_17-38-05] Within safeFindElement method
17:38:56 [TestNG-test-Test-1] INFO  verifyingDisplayTypeFilterFunctionality_Laptop_17-38-05 - [verifyingDisplayTypeFilterFunctionality_Laptop_17-38-05]Found the element returning it ,element ->[[ChromeDriver: chrome on windows (ea386382300aa060887ca97604101657)] -> xpath: //a[@id='seeMoreDetailsLink']]
17:38:56 [TestNG-test-Test-1] INFO  verifyingDisplayTypeFilterFunctionality_Laptop_17-38-05 - [verifyingDisplayTypeFilterFunctionality_Laptop_17-38-05] Successfully scrolled to element: By.xpath: //a[@id='seeMoreDetailsLink']
17:38:56 [TestNG-test-Test-1] INFO  verifyingDisplayTypeFilterFunctionality_Laptop_17-38-05 - [verifyingDisplayTypeFilterFunctionality_Laptop_17-38-05] Within safeClick method
17:38:57 [TestNG-test-Test-1] INFO  verifyingDisplayTypeFilterFunctionality_Laptop_17-38-05 - [verifyingDisplayTypeFilterFunctionality_Laptop_17-38-05] Clicked the  [[ChromeDriver: chrome on windows (ea386382300aa060887ca97604101657)] -> xpath: //a[@id='seeMoreDetailsLink']]   using safeClick
17:38:57 [TestNG-test-Test-1] INFO  verifyingDisplayTypeFilterFunctionality_Laptop_17-38-05 - [verifyingDisplayTypeFilterFunctionality_Laptop_17-38-05] Within try block for clicking see more deatils within productNameListingPage loop
17:38:57 [TestNG-test-Test-1] INFO  verifyingDisplayTypeFilterFunctionality_Laptop_17-38-05 - [verifyingDisplayTypeFilterFunctionality_Laptop_17-38-05] Within closeCurrentWindowAndSwitchBack method
17:38:57 [TestNG-test-Test-1] INFO  verifyingDisplayTypeFilterFunctionality_Laptop_17-38-05 - [verifyingDisplayTypeFilterFunctionality_Laptop_17-38-05] Total open windows/tabs count -> 2
17:38:57 [TestNG-test-Test-1] INFO  verifyingDisplayTypeFilterFunctionality_Laptop_17-38-05 - [verifyingDisplayTypeFilterFunctionality_Laptop_17-38-05] Original window handle -> CB400AA690C14534422A2BF502040DDC
17:38:57 [TestNG-test-Test-1] INFO  verifyingDisplayTypeFilterFunctionality_Laptop_17-38-05 - [verifyingDisplayTypeFilterFunctionality_Laptop_17-38-05] Found new tab/window handle -> D01B7A16444E90AAAD24B9A174AD2E35 (will be closed)
17:38:57 [TestNG-test-Test-1] INFO  verifyingDisplayTypeFilterFunctionality_Laptop_17-38-05 - [verifyingDisplayTypeFilterFunctionality_Laptop_17-38-05] Successfully switched to new tab/window -> D01B7A16444E90AAAD24B9A174AD2E35
17:38:57 [TestNG-test-Test-1] INFO  verifyingDisplayTypeFilterFunctionality_Laptop_17-38-05 - [verifyingDisplayTypeFilterFunctionality_Laptop_17-38-05] Closed the newly opened tab/window -> D01B7A16444E90AAAD24B9A174AD2E35
17:38:57 [TestNG-test-Test-1] INFO  verifyingDisplayTypeFilterFunctionality_Laptop_17-38-05 - [verifyingDisplayTypeFilterFunctionality_Laptop_17-38-05] Switched back to the original window -> CB400AA690C14534422A2BF502040DDC
17:38:57 [TestNG-test-Test-1] INFO  verifyingDisplayTypeFilterFunctionality_Laptop_17-38-05 - [verifyingDisplayTypeFilterFunctionality_Laptop_17-38-05]  going back to product listing via closeCurrentWindowAndSwitchBack 
17:38:57 [TestNG-test-Test-1] INFO  verifyingDisplayTypeFilterFunctionality_Laptop_17-38-05 - [verifyingDisplayTypeFilterFunctionality_Laptop_17-38-05]  Added 'filter','title','keyFeatures', 'about', 'techDetails' into the Map -> productResult
17:38:57 [TestNG-test-Test-1] INFO  verifyingDisplayTypeFilterFunctionality_Laptop_17-38-05 - [verifyingDisplayTypeFilterFunctionality_Laptop_17-38-05]  Added 'productResult' Map into the 'results' i.e list of maps 
17:38:57 [TestNG-test-Test-1] INFO  verifyingDisplayTypeFilterFunctionality_Laptop_17-38-05 - [verifyingDisplayTypeFilterFunctionality_Laptop_17-38-05]==========================================================================================================
17:38:57 [TestNG-test-Test-1] INFO  verifyingDisplayTypeFilterFunctionality_Laptop_17-38-05 - [verifyingDisplayTypeFilterFunctionality_Laptop_17-38-05] Within safeFindElements 
17:38:57 [TestNG-test-Test-1] INFO  verifyingDisplayTypeFilterFunctionality_Laptop_17-38-05 - [verifyingDisplayTypeFilterFunctionality_Laptop_17-38-05] Returning the  [[[ChromeDriver: chrome on windows (ea386382300aa060887ca97604101657)] -> xpath: //div[@data-cy='title-recipe']], [[ChromeDriver: chrome on windows (ea386382300aa060887ca97604101657)] -> xpath: //div[@data-cy='title-recipe']], [[ChromeDriver: chrome on windows (ea386382300aa060887ca97604101657)] -> xpath: //div[@data-cy='title-recipe']], [[ChromeDriver: chrome on windows (ea386382300aa060887ca97604101657)] -> xpath: //div[@data-cy='title-recipe']], [[ChromeDriver: chrome on windows (ea386382300aa060887ca97604101657)] -> xpath: //div[@data-cy='title-recipe']], [[ChromeDriver: chrome on windows (ea386382300aa060887ca97604101657)] -> xpath: //div[@data-cy='title-recipe']], [[ChromeDriver: chrome on windows (ea386382300aa060887ca97604101657)] -> xpath: //div[@data-cy='title-recipe']], [[ChromeDriver: chrome on windows (ea386382300aa060887ca97604101657)] -> xpath: //div[@data-cy='title-recipe']], [[ChromeDriver: chrome on windows (ea386382300aa060887ca97604101657)] -> xpath: //div[@data-cy='title-recipe']], [[ChromeDriver: chrome on windows (ea386382300aa060887ca97604101657)] -> xpath: //div[@data-cy='title-recipe']], [[ChromeDriver: chrome on windows (ea386382300aa060887ca97604101657)] -> xpath: //div[@data-cy='title-recipe']], [[ChromeDriver: chrome on windows (ea386382300aa060887ca97604101657)] -> xpath: //div[@data-cy='title-recipe']], [[ChromeDriver: chrome on windows (ea386382300aa060887ca97604101657)] -> xpath: //div[@data-cy='title-recipe']], [[ChromeDriver: chrome on windows (ea386382300aa060887ca97604101657)] -> xpath: //div[@data-cy='title-recipe']], [[ChromeDriver: chrome on windows (ea386382300aa060887ca97604101657)] -> xpath: //div[@data-cy='title-recipe']], [[ChromeDriver: chrome on windows (ea386382300aa060887ca97604101657)] -> xpath: //div[@data-cy='title-recipe']]] from the safeFindElements method
17:38:57 [TestNG-test-Test-1] INFO  verifyingDisplayTypeFilterFunctionality_Laptop_17-38-05 - [verifyingDisplayTypeFilterFunctionality_Laptop_17-38-05] Within productNameListingPage loop in applyFilterAndValidateProductsWithResult
17:38:57 [TestNG-test-Test-1] INFO  verifyingDisplayTypeFilterFunctionality_Laptop_17-38-05 - [verifyingDisplayTypeFilterFunctionality_Laptop_17-38-05] Within getProductByIndex method
17:38:57 [TestNG-test-Test-1] INFO  verifyingDisplayTypeFilterFunctionality_Laptop_17-38-05 - [verifyingDisplayTypeFilterFunctionality_Laptop_17-38-05] Within safeFindElement method
17:38:57 [TestNG-test-Test-1] INFO  verifyingDisplayTypeFilterFunctionality_Laptop_17-38-05 - [verifyingDisplayTypeFilterFunctionality_Laptop_17-38-05]Found the element returning it ,element ->[[ChromeDriver: chrome on windows (ea386382300aa060887ca97604101657)] -> xpath: (//div[@data-cy='title-recipe'])[2]]
17:38:57 [TestNG-test-Test-1] INFO  verifyingDisplayTypeFilterFunctionality_Laptop_17-38-05 - [verifyingDisplayTypeFilterFunctionality_Laptop_17-38-05] Within getProductByIndex method
17:38:57 [TestNG-test-Test-1] INFO  verifyingDisplayTypeFilterFunctionality_Laptop_17-38-05 - [verifyingDisplayTypeFilterFunctionality_Laptop_17-38-05] Within smoothScrollToElement method
17:38:57 [TestNG-test-Test-1] INFO  verifyingDisplayTypeFilterFunctionality_Laptop_17-38-05 - [verifyingDisplayTypeFilterFunctionality_Laptop_17-38-05] Within safeFindElement method
17:38:57 [TestNG-test-Test-1] INFO  verifyingDisplayTypeFilterFunctionality_Laptop_17-38-05 - [verifyingDisplayTypeFilterFunctionality_Laptop_17-38-05]Found the element returning it ,element ->[[ChromeDriver: chrome on windows (ea386382300aa060887ca97604101657)] -> xpath: (//div[@data-cy='title-recipe'])[2]]
17:38:57 [TestNG-test-Test-1] INFO  verifyingDisplayTypeFilterFunctionality_Laptop_17-38-05 - [verifyingDisplayTypeFilterFunctionality_Laptop_17-38-05] Successfully scrolled to element: By.xpath: (//div[@data-cy='title-recipe'])[2]
17:38:57 [TestNG-test-Test-1] INFO  verifyingDisplayTypeFilterFunctionality_Laptop_17-38-05 - [verifyingDisplayTypeFilterFunctionality_Laptop_17-38-05] Getting product by index in productNameListingPage loop
17:38:57 [TestNG-test-Test-1] INFO  verifyingDisplayTypeFilterFunctionality_Laptop_17-38-05 - [verifyingDisplayTypeFilterFunctionality_Laptop_17-38-05] Opened product in new tab via Ctrl+Click inside productNameListingPage loop
17:38:57 [TestNG-test-Test-1] INFO  verifyingDisplayTypeFilterFunctionality_Laptop_17-38-05 - [verifyingDisplayTypeFilterFunctionality_Laptop_17-38-05] Waiting for new window to open...
17:38:57 [TestNG-test-Test-1] INFO  verifyingDisplayTypeFilterFunctionality_Laptop_17-38-05 - [verifyingDisplayTypeFilterFunctionality_Laptop_17-38-05] Switched to new window -> D5A8F92CA339B63B35A8CAC8641B264E
17:38:57 [TestNG-test-Test-1] INFO  verifyingDisplayTypeFilterFunctionality_Laptop_17-38-05 - [verifyingDisplayTypeFilterFunctionality_Laptop_17-38-05] Swithcing to the new window  within productNameListingPage loop
17:38:57 [TestNG-test-Test-1] INFO  verifyingDisplayTypeFilterFunctionality_Laptop_17-38-05 - [verifyingDisplayTypeFilterFunctionality_Laptop_17-38-05] Clicked product name to open in new tab from productNameListingPage loop
17:38:57 [TestNG-test-Test-1] INFO  verifyingDisplayTypeFilterFunctionality_Laptop_17-38-05 - [verifyingDisplayTypeFilterFunctionality_Laptop_17-38-05] Waiting until element is visible in viewport
17:39:00 [TestNG-test-Test-1] WARN  verifyingDisplayTypeFilterFunctionality_Laptop_17-38-05 - [verifyingDisplayTypeFilterFunctionality_Laptop_17-38-05] Product detail page did not load for index 2 filter 'LCD'; skipping detail scrape to avoid redundant retries/timeouts
17:39:00 [TestNG-test-Test-1] INFO  verifyingDisplayTypeFilterFunctionality_Laptop_17-38-05 - [verifyingDisplayTypeFilterFunctionality_Laptop_17-38-05] Within closeCurrentWindowAndSwitchBack method
17:39:00 [TestNG-test-Test-1] INFO  verifyingDisplayTypeFilterFunctionality_Laptop_17-38-05 - [verifyingDisplayTypeFilterFunctionality_Laptop_17-38-05] Total open windows/tabs count -> 2
17:39:00 [TestNG-test-Test-1] INFO  verifyingDisplayTypeFilterFunctionality_Laptop_17-38-05 - [verifyingDisplayTypeFilterFunctionality_Laptop_17-38-05] Original window handle -> CB400AA690C14534422A2BF502040DDC
17:39:00 [TestNG-test-Test-1] INFO  verifyingDisplayTypeFilterFunctionality_Laptop_17-38-05 - [verifyingDisplayTypeFilterFunctionality_Laptop_17-38-05] Found new tab/window handle -> D5A8F92CA339B63B35A8CAC8641B264E (will be closed)
17:39:00 [TestNG-test-Test-1] INFO  verifyingDisplayTypeFilterFunctionality_Laptop_17-38-05 - [verifyingDisplayTypeFilterFunctionality_Laptop_17-38-05] Successfully switched to new tab/window -> D5A8F92CA339B63B35A8CAC8641B264E
17:39:00 [TestNG-test-Test-1] INFO  verifyingDisplayTypeFilterFunctionality_Laptop_17-38-05 - [verifyingDisplayTypeFilterFunctionality_Laptop_17-38-05] Closed the newly opened tab/window -> D5A8F92CA339B63B35A8CAC8641B264E
17:39:00 [TestNG-test-Test-1] INFO  verifyingDisplayTypeFilterFunctionality_Laptop_17-38-05 - [verifyingDisplayTypeFilterFunctionality_Laptop_17-38-05] Switched back to the original window -> CB400AA690C14534422A2BF502040DDC
17:39:00 [TestNG-test-Test-1] INFO  verifyingDisplayTypeFilterFunctionality_Laptop_17-38-05 - [verifyingDisplayTypeFilterFunctionality_Laptop_17-38-05]  going back to product listing via closeCurrentWindowAndSwitchBack 
17:39:00 [TestNG-test-Test-1] INFO  verifyingDisplayTypeFilterFunctionality_Laptop_17-38-05 - [verifyingDisplayTypeFilterFunctionality_Laptop_17-38-05]  Added 'filter','title','keyFeatures', 'about', 'techDetails' into the Map -> productResult
17:39:00 [TestNG-test-Test-1] INFO  verifyingDisplayTypeFilterFunctionality_Laptop_17-38-05 - [verifyingDisplayTypeFilterFunctionality_Laptop_17-38-05]  Added 'productResult' Map into the 'results' i.e list of maps 
17:39:00 [TestNG-test-Test-1] INFO  verifyingDisplayTypeFilterFunctionality_Laptop_17-38-05 - [verifyingDisplayTypeFilterFunctionality_Laptop_17-38-05]==========================================================================================================
17:39:00 [TestNG-test-Test-1] INFO  verifyingDisplayTypeFilterFunctionality_Laptop_17-38-05 - [verifyingDisplayTypeFilterFunctionality_Laptop_17-38-05] Within safeClick method
17:39:01 [TestNG-test-Test-1] INFO  verifyingDisplayTypeFilterFunctionality_Laptop_17-38-05 - [verifyingDisplayTypeFilterFunctionality_Laptop_17-38-05] Clicked the  [[ChromeDriver: chrome on windows (ea386382300aa060887ca97604101657)] -> xpath: //span[@class='a-size-base a-color-base' and text()='Clear']]   using safeClick
17:39:01 [TestNG-test-Test-1] INFO  verifyingDisplayTypeFilterFunctionality_Laptop_17-38-05 - [verifyingDisplayTypeFilterFunctionality_Laptop_17-38-05] Clearing the filter value ->LCDwithin productNameListingPage loop
17:39:01 [TestNG-test-Test-1] INFO  verifyingDisplayTypeFilterFunctionality_Laptop_17-38-05 - [verifyingDisplayTypeFilterFunctionality_Laptop_17-38-05]==========================================================================================================
17:39:01 [TestNG-test-Test-1] INFO  verifyingDisplayTypeFilterFunctionality_Laptop_17-38-05 - [verifyingDisplayTypeFilterFunctionality_Laptop_17-38-05]==========================================================================================================
17:39:01 [TestNG-test-Test-1] INFO  verifyingDisplayTypeFilterFunctionality_Laptop_17-38-05 - [verifyingDisplayTypeFilterFunctionality_Laptop_17-38-05] Within filterOptions loop in applyFilterAndValidateProductsWithResult
17:39:01 [TestNG-test-Test-1] INFO  verifyingDisplayTypeFilterFunctionality_Laptop_17-38-05 - [verifyingDisplayTypeFilterFunctionality_Laptop_17-38-05] Within safeFindElements 
17:39:02 [TestNG-test-Test-1] INFO  verifyingDisplayTypeFilterFunctionality_Laptop_17-38-05 - [verifyingDisplayTypeFilterFunctionality_Laptop_17-38-05] Returning the  [[[ChromeDriver: chrome on windows (ea386382300aa060887ca97604101657)] -> xpath: //span[@class='a-size-base a-color-base puis-bold-weight-text' and text()='Display Type']/parent::div/following-sibling::ul//span[@class='a-size-base a-color-base']], [[ChromeDriver: chrome on windows (ea386382300aa060887ca97604101657)] -> xpath: //span[@class='a-size-base a-color-base puis-bold-weight-text' and text()='Display Type']/parent::div/following-sibling::ul//span[@class='a-size-base a-color-base']], [[ChromeDriver: chrome on windows (ea386382300aa060887ca97604101657)] -> xpath: //span[@class='a-size-base a-color-base puis-bold-weight-text' and text()='Display Type']/parent::div/following-sibling::ul//span[@class='a-size-base a-color-base']], [[ChromeDriver: chrome on windows (ea386382300aa060887ca97604101657)] -> xpath: //span[@class='a-size-base a-color-base puis-bold-weight-text' and text()='Display Type']/parent::div/following-sibling::ul//span[@class='a-size-base a-color-base']]] from the safeFindElements method
17:39:02 [TestNG-test-Test-1] INFO  verifyingDisplayTypeFilterFunctionality_Laptop_17-38-05 - [verifyingDisplayTypeFilterFunctionality_Laptop_17-38-05] Trying to read filter option 2 (attempt 1/3)
17:39:02 [TestNG-test-Test-1] INFO  verifyingDisplayTypeFilterFunctionality_Laptop_17-38-05 - [verifyingDisplayTypeFilterFunctionality_Laptop_17-38-05] Successfully read filter option 2 = 'LED'
17:39:02 [TestNG-test-Test-1] INFO  verifyingDisplayTypeFilterFunctionality_Laptop_17-38-05 - [verifyingDisplayTypeFilterFunctionality_Laptop_17-38-05] Within getfilterByTypeAndName method
17:39:02 [TestNG-test-Test-1] INFO  verifyingDisplayTypeFilterFunctionality_Laptop_17-38-05 - [verifyingDisplayTypeFilterFunctionality_Laptop_17-38-05] Within safeClickBooleanWithScreenShot method
17:39:02 [TestNG-test-Test-1] INFO  verifyingDisplayTypeFilterFunctionality_Laptop_17-38-05 - [verifyingDisplayTypeFilterFunctionality_Laptop_17-38-05] Within getAppliedfilterByTypeAndName method
17:39:02 [TestNG-test-Test-1] INFO  verifyingDisplayTypeFilterFunctionality_Laptop_17-38-05 - [verifyingDisplayTypeFilterFunctionality_Laptop_17-38-05] Within smoothScrollToElement method
17:39:02 [TestNG-test-Test-1] INFO  verifyingDisplayTypeFilterFunctionality_Laptop_17-38-05 - [verifyingDisplayTypeFilterFunctionality_Laptop_17-38-05] Within safeFindElement method
17:39:02 [TestNG-test-Test-1] INFO  verifyingDisplayTypeFilterFunctionality_Laptop_17-38-05 - [verifyingDisplayTypeFilterFunctionality_Laptop_17-38-05]Found the element returning it ,element ->[[ChromeDriver: chrome on windows (ea386382300aa060887ca97604101657)] -> xpath: //span[@class='a-size-base a-color-base puis-bold-weight-text' and text()='Display Type']]
17:39:02 [TestNG-test-Test-1] INFO  verifyingDisplayTypeFilterFunctionality_Laptop_17-38-05 - [verifyingDisplayTypeFilterFunctionality_Laptop_17-38-05] Successfully scrolled to element: By.xpath: //span[@class='a-size-base a-color-base puis-bold-weight-text' and text()='Display Type']
17:39:02 [TestNG-test-Test-1] INFO  verifyingDisplayTypeFilterFunctionality_Laptop_17-38-05 - [verifyingDisplayTypeFilterFunctionality_Laptop_17-38-05] Within getMoreButtonByFilterTypeAndName method
17:39:02 [TestNG-test-Test-1] INFO  verifyingDisplayTypeFilterFunctionality_Laptop_17-38-05 - [verifyingDisplayTypeFilterFunctionality_Laptop_17-38-05] could not find more button
17:39:03 [TestNG-test-Test-1] INFO  verifyingDisplayTypeFilterFunctionality_Laptop_17-38-05 - [verifyingDisplayTypeFilterFunctionality_Laptop_17-38-05] Within getAppliedfilterByTypeAndName method
17:39:03 [TestNG-test-Test-1] INFO  verifyingDisplayTypeFilterFunctionality_Laptop_17-38-05 - [verifyingDisplayTypeFilterFunctionality_Laptop_17-38-05] Within smoothScrollToElement method
17:39:03 [TestNG-test-Test-1] INFO  verifyingDisplayTypeFilterFunctionality_Laptop_17-38-05 - [verifyingDisplayTypeFilterFunctionality_Laptop_17-38-05] Within safeFindElement method
17:39:04 [TestNG-test-Test-1] INFO  verifyingDisplayTypeFilterFunctionality_Laptop_17-38-05 - [verifyingDisplayTypeFilterFunctionality_Laptop_17-38-05]Found the element returning it ,element ->[[ChromeDriver: chrome on windows (ea386382300aa060887ca97604101657)] -> xpath: //span[@class='a-size-base a-color-base puis-bold-weight-text' and text()='Display Type']]
17:39:04 [TestNG-test-Test-1] INFO  verifyingDisplayTypeFilterFunctionality_Laptop_17-38-05 - [verifyingDisplayTypeFilterFunctionality_Laptop_17-38-05] Successfully scrolled to element: By.xpath: //span[@class='a-size-base a-color-base puis-bold-weight-text' and text()='Display Type']
17:39:04 [TestNG-test-Test-1] INFO  verifyingDisplayTypeFilterFunctionality_Laptop_17-38-05 - [verifyingDisplayTypeFilterFunctionality_Laptop_17-38-05] Within getMoreButtonByFilterTypeAndName method
17:39:04 [TestNG-test-Test-1] INFO  verifyingDisplayTypeFilterFunctionality_Laptop_17-38-05 - [verifyingDisplayTypeFilterFunctionality_Laptop_17-38-05] could not find more button
17:39:04 [TestNG-test-Test-1] INFO  verifyingDisplayTypeFilterFunctionality_Laptop_17-38-05 - [verifyingDisplayTypeFilterFunctionality_Laptop_17-38-05] Within getfilterByTypeAndName method
17:39:04 [TestNG-test-Test-1] INFO  verifyingDisplayTypeFilterFunctionality_Laptop_17-38-05 - [verifyingDisplayTypeFilterFunctionality_Laptop_17-38-05] Within smoothScrollToElement method
17:39:04 [TestNG-test-Test-1] INFO  verifyingDisplayTypeFilterFunctionality_Laptop_17-38-05 - [verifyingDisplayTypeFilterFunctionality_Laptop_17-38-05] Within safeFindElement method
17:39:04 [TestNG-test-Test-1] INFO  verifyingDisplayTypeFilterFunctionality_Laptop_17-38-05 - [verifyingDisplayTypeFilterFunctionality_Laptop_17-38-05]Found the element returning it ,element ->[[ChromeDriver: chrome on windows (ea386382300aa060887ca97604101657)] -> xpath: //span[@class='a-size-base a-color-base puis-bold-weight-text' and text()='Display Type']/parent::div/following-sibling::ul//span[@class='a-size-base a-color-base a-text-bold' and text()='LED']]
17:39:04 [TestNG-test-Test-1] INFO  verifyingDisplayTypeFilterFunctionality_Laptop_17-38-05 - [verifyingDisplayTypeFilterFunctionality_Laptop_17-38-05] Successfully scrolled to element: By.xpath: //span[@class='a-size-base a-color-base puis-bold-weight-text' and text()='Display Type']/parent::div/following-sibling::ul//span[@class='a-size-base a-color-base a-text-bold' and text()='LED']
17:39:04 [TestNG-test-Test-1] INFO  verifyingDisplayTypeFilterFunctionality_Laptop_17-38-05 - [verifyingDisplayTypeFilterFunctionality_Laptop_17-38-05] Clicked the element using safe click ,element is [[ChromeDriver: chrome on windows (ea386382300aa060887ca97604101657)] -> xpath: //span[@class='a-size-base a-color-base puis-bold-weight-text' and text()='Display Type']/parent::div/following-sibling::ul//span[@class='a-size-base a-color-base' and text()='LED']]
17:39:04 [TestNG-test-Test-1] INFO  verifyingDisplayTypeFilterFunctionality_Laptop_17-38-05 - [verifyingDisplayTypeFilterFunctionality_Laptop_17-38-05] Within safeFindElements 
17:39:04 [TestNG-test-Test-1] INFO  verifyingDisplayTypeFilterFunctionality_Laptop_17-38-05 - [verifyingDisplayTypeFilterFunctionality_Laptop_17-38-05] Returning the  [[[ChromeDriver: chrome on windows (ea386382300aa060887ca97604101657)] -> xpath: //div[@data-cy='title-recipe']], [[ChromeDriver: chrome on windows (ea386382300aa060887ca97604101657)] -> xpath: //div[@data-cy='title-recipe']], [[ChromeDriver: chrome on windows (ea386382300aa060887ca97604101657)] -> xpath: //div[@data-cy='title-recipe']], [[ChromeDriver: chrome on windows (ea386382300aa060887ca97604101657)] -> xpath: //div[@data-cy='title-recipe']], [[ChromeDriver: chrome on windows (ea386382300aa060887ca97604101657)] -> xpath: //div[@data-cy='title-recipe']], [[ChromeDriver: chrome on windows (ea386382300aa060887ca97604101657)] -> xpath: //div[@data-cy='title-recipe']], [[ChromeDriver: chrome on windows (ea386382300aa060887ca97604101657)] -> xpath: //div[@data-cy='title-recipe']], [[ChromeDriver: chrome on windows (ea386382300aa060887ca97604101657)] -> xpath: //div[@data-cy='title-recipe']], [[ChromeDriver: chrome on windows (ea386382300aa060887ca97604101657)] -> xpath: //div[@data-cy='title-recipe']], [[ChromeDriver: chrome on windows (ea386382300aa060887ca97604101657)] -> xpath: //div[@data-cy='title-recipe']], [[ChromeDriver: chrome on windows (ea386382300aa060887ca97604101657)] -> xpath: //div[@data-cy='title-recipe']], [[ChromeDriver: chrome on windows (ea386382300aa060887ca97604101657)] -> xpath: //div[@data-cy='title-recipe']], [[ChromeDriver: chrome on windows (ea386382300aa060887ca97604101657)] -> xpath: //div[@data-cy='title-recipe']], [[ChromeDriver: chrome on windows (ea386382300aa060887ca97604101657)] -> xpath: //div[@data-cy='title-recipe']], [[ChromeDriver: chrome on windows (ea386382300aa060887ca97604101657)] -> xpath: //div[@data-cy='title-recipe']], [[ChromeDriver: chrome on windows (ea386382300aa060887ca97604101657)] -> xpath: //div[@data-cy='title-recipe']]] from the safeFindElements method
17:39:04 [TestNG-test-Test-1] INFO  verifyingDisplayTypeFilterFunctionality_Laptop_17-38-05 - [verifyingDisplayTypeFilterFunctionality_Laptop_17-38-05] Execution is Not CRON Job Hence refering to normal keys from UtilData
17:39:04 [TestNG-test-Test-1] INFO  verifyingDisplayTypeFilterFunctionality_Laptop_17-38-05 - [verifyingDisplayTypeFilterFunctionality_Laptop_17-38-05] Within safeFindElements 
17:39:04 [TestNG-test-Test-1] INFO  verifyingDisplayTypeFilterFunctionality_Laptop_17-38-05 - [verifyingDisplayTypeFilterFunctionality_Laptop_17-38-05] Returning the  [[[ChromeDriver: chrome on windows (ea386382300aa060887ca97604101657)] -> xpath: //div[@data-cy='title-recipe']], [[ChromeDriver: chrome on windows (ea386382300aa060887ca97604101657)] -> xpath: //div[@data-cy='title-recipe']], [[ChromeDriver: chrome on windows (ea386382300aa060887ca97604101657)] -> xpath: //div[@data-cy='title-recipe']], [[ChromeDriver: chrome on windows (ea386382300aa060887ca97604101657)] -> xpath: //div[@data-cy='title-recipe']], [[ChromeDriver: chrome on windows (ea386382300aa060887ca97604101657)] -> xpath: //div[@data-cy='title-recipe']], [[ChromeDriver: chrome on windows (ea386382300aa060887ca97604101657)] -> xpath: //div[@data-cy='title-recipe']], [[ChromeDriver: chrome on windows (ea386382300aa060887ca97604101657)] -> xpath: //div[@data-cy='title-recipe']], [[ChromeDriver: chrome on windows (ea386382300aa060887ca97604101657)] -> xpath: //div[@data-cy='title-recipe']], [[ChromeDriver: chrome on windows (ea386382300aa060887ca97604101657)] -> xpath: //div[@data-cy='title-recipe']], [[ChromeDriver: chrome on windows (ea386382300aa060887ca97604101657)] -> xpath: //div[@data-cy='title-recipe']], [[ChromeDriver: chrome on windows (ea386382300aa060887ca97604101657)] -> xpath: //div[@data-cy='title-recipe']], [[ChromeDriver: chrome on windows (ea386382300aa060887ca97604101657)] -> xpath: //div[@data-cy='title-recipe']], [[ChromeDriver: chrome on windows (ea386382300aa060887ca97604101657)] -> xpath: //div[@data-cy='title-recipe']], [[ChromeDriver: chrome on windows (ea386382300aa060887ca97604101657)] -> xpath: //div[@data-cy='title-recipe']], [[ChromeDriver: chrome on windows (ea386382300aa060887ca97604101657)] -> xpath: //div[@data-cy='title-recipe']], [[ChromeDriver: chrome on windows (ea386382300aa060887ca97604101657)] -> xpath: //div[@data-cy='title-recipe']]] from the safeFindElements method
17:39:04 [TestNG-test-Test-1] INFO  verifyingDisplayTypeFilterFunctionality_Laptop_17-38-05 - [verifyingDisplayTypeFilterFunctionality_Laptop_17-38-05] Within productNameListingPage loop in applyFilterAndValidateProductsWithResult
17:39:04 [TestNG-test-Test-1] INFO  verifyingDisplayTypeFilterFunctionality_Laptop_17-38-05 - [verifyingDisplayTypeFilterFunctionality_Laptop_17-38-05] Within getProductByIndex method
17:39:04 [TestNG-test-Test-1] INFO  verifyingDisplayTypeFilterFunctionality_Laptop_17-38-05 - [verifyingDisplayTypeFilterFunctionality_Laptop_17-38-05] Within safeFindElement method
17:39:04 [TestNG-test-Test-1] INFO  verifyingDisplayTypeFilterFunctionality_Laptop_17-38-05 - [verifyingDisplayTypeFilterFunctionality_Laptop_17-38-05]Found the element returning it ,element ->[[ChromeDriver: chrome on windows (ea386382300aa060887ca97604101657)] -> xpath: (//div[@data-cy='title-recipe'])[1]]
17:39:04 [TestNG-test-Test-1] INFO  verifyingDisplayTypeFilterFunctionality_Laptop_17-38-05 - [verifyingDisplayTypeFilterFunctionality_Laptop_17-38-05] Within getProductByIndex method
17:39:04 [TestNG-test-Test-1] INFO  verifyingDisplayTypeFilterFunctionality_Laptop_17-38-05 - [verifyingDisplayTypeFilterFunctionality_Laptop_17-38-05] Within smoothScrollToElement method
17:39:04 [TestNG-test-Test-1] INFO  verifyingDisplayTypeFilterFunctionality_Laptop_17-38-05 - [verifyingDisplayTypeFilterFunctionality_Laptop_17-38-05] Within safeFindElement method
17:39:04 [TestNG-test-Test-1] INFO  verifyingDisplayTypeFilterFunctionality_Laptop_17-38-05 - [verifyingDisplayTypeFilterFunctionality_Laptop_17-38-05]Found the element returning it ,element ->[[ChromeDriver: chrome on windows (ea386382300aa060887ca97604101657)] -> xpath: (//div[@data-cy='title-recipe'])[1]]
17:39:04 [TestNG-test-Test-1] INFO  verifyingDisplayTypeFilterFunctionality_Laptop_17-38-05 - [verifyingDisplayTypeFilterFunctionality_Laptop_17-38-05] Successfully scrolled to element: By.xpath: (//div[@data-cy='title-recipe'])[1]
17:39:04 [TestNG-test-Test-1] INFO  verifyingDisplayTypeFilterFunctionality_Laptop_17-38-05 - [verifyingDisplayTypeFilterFunctionality_Laptop_17-38-05] Getting product by index in productNameListingPage loop
17:39:05 [TestNG-test-Test-1] INFO  verifyingDisplayTypeFilterFunctionality_Laptop_17-38-05 - [verifyingDisplayTypeFilterFunctionality_Laptop_17-38-05] Opened product in new tab via Ctrl+Click inside productNameListingPage loop
17:39:05 [TestNG-test-Test-1] INFO  verifyingDisplayTypeFilterFunctionality_Laptop_17-38-05 - [verifyingDisplayTypeFilterFunctionality_Laptop_17-38-05] Waiting for new window to open...
17:39:05 [TestNG-test-Test-1] INFO  verifyingDisplayTypeFilterFunctionality_Laptop_17-38-05 - [verifyingDisplayTypeFilterFunctionality_Laptop_17-38-05] Switched to new window -> FAE7B7A7E7709FA70E6F56EF3273C5BC
17:39:05 [TestNG-test-Test-1] INFO  verifyingDisplayTypeFilterFunctionality_Laptop_17-38-05 - [verifyingDisplayTypeFilterFunctionality_Laptop_17-38-05] Swithcing to the new window  within productNameListingPage loop
17:39:05 [TestNG-test-Test-1] INFO  verifyingDisplayTypeFilterFunctionality_Laptop_17-38-05 - [verifyingDisplayTypeFilterFunctionality_Laptop_17-38-05] Clicked product name to open in new tab from productNameListingPage loop
17:39:05 [TestNG-test-Test-1] INFO  verifyingDisplayTypeFilterFunctionality_Laptop_17-38-05 - [verifyingDisplayTypeFilterFunctionality_Laptop_17-38-05] Waiting until element is visible in viewport
17:39:08 [TestNG-test-Test-1] INFO  verifyingDisplayTypeFilterFunctionality_Laptop_17-38-05 - [verifyingDisplayTypeFilterFunctionality_Laptop_17-38-05] Within safeFindElement method
17:39:08 [TestNG-test-Test-1] INFO  verifyingDisplayTypeFilterFunctionality_Laptop_17-38-05 - [verifyingDisplayTypeFilterFunctionality_Laptop_17-38-05]Found the element returning it ,element ->[[ChromeDriver: chrome on windows (ea386382300aa060887ca97604101657)] -> xpath: //span[@id='productTitle']]
17:39:08 [TestNG-test-Test-1] INFO  verifyingDisplayTypeFilterFunctionality_Laptop_17-38-05 - [verifyingDisplayTypeFilterFunctionality_Laptop_17-38-05] Within safeFindElement method
17:39:08 [TestNG-test-Test-1] INFO  verifyingDisplayTypeFilterFunctionality_Laptop_17-38-05 - [verifyingDisplayTypeFilterFunctionality_Laptop_17-38-05]Found the element returning it ,element ->[[ChromeDriver: chrome on windows (ea386382300aa060887ca97604101657)] -> xpath: //div[@class='a-section a-spacing-small a-spacing-top-small']]
17:39:08 [TestNG-test-Test-1] INFO  verifyingDisplayTypeFilterFunctionality_Laptop_17-38-05 - [verifyingDisplayTypeFilterFunctionality_Laptop_17-38-05] Within safeFindElement method
17:39:08 [TestNG-test-Test-1] INFO  verifyingDisplayTypeFilterFunctionality_Laptop_17-38-05 - [verifyingDisplayTypeFilterFunctionality_Laptop_17-38-05]Found the element returning it ,element ->[[ChromeDriver: chrome on windows (ea386382300aa060887ca97604101657)] -> xpath: //div[@id='feature-bullets']]
17:39:08 [TestNG-test-Test-1] INFO  verifyingDisplayTypeFilterFunctionality_Laptop_17-38-05 - [verifyingDisplayTypeFilterFunctionality_Laptop_17-38-05] Within safeFindElement method
17:39:08 [TestNG-test-Test-1] INFO  verifyingDisplayTypeFilterFunctionality_Laptop_17-38-05 - [verifyingDisplayTypeFilterFunctionality_Laptop_17-38-05]Found the element returning it ,element ->[[ChromeDriver: chrome on windows (ea386382300aa060887ca97604101657)] -> xpath: //div[@id='prodDetails']]
17:39:09 [TestNG-test-Test-1] INFO  verifyingDisplayTypeFilterFunctionality_Laptop_17-38-05 - [verifyingDisplayTypeFilterFunctionality_Laptop_17-38-05] Extracting 'name' , 'keyFeatures', 'about' , 'techDetails' within productNameListingPage loop
17:39:09 [TestNG-test-Test-1] INFO  verifyingDisplayTypeFilterFunctionality_Laptop_17-38-05 - [verifyingDisplayTypeFilterFunctionality_Laptop_17-38-05] Waiting until element is visible in viewport
17:39:19 [TestNG-test-Test-1] INFO  verifyingDisplayTypeFilterFunctionality_Laptop_17-38-05 - [verifyingDisplayTypeFilterFunctionality_Laptop_17-38-05] Within smoothScrollToElement method
17:39:19 [TestNG-test-Test-1] INFO  verifyingDisplayTypeFilterFunctionality_Laptop_17-38-05 - [verifyingDisplayTypeFilterFunctionality_Laptop_17-38-05] Within safeFindElement method
17:39:19 [TestNG-test-Test-1] INFO  verifyingDisplayTypeFilterFunctionality_Laptop_17-38-05 - [verifyingDisplayTypeFilterFunctionality_Laptop_17-38-05]Found the element returning it ,element ->[[ChromeDriver: chrome on windows (ea386382300aa060887ca97604101657)] -> xpath: //a[@id='seeMoreDetailsLink']]
17:39:19 [TestNG-test-Test-1] INFO  verifyingDisplayTypeFilterFunctionality_Laptop_17-38-05 - [verifyingDisplayTypeFilterFunctionality_Laptop_17-38-05] Successfully scrolled to element: By.xpath: //a[@id='seeMoreDetailsLink']
17:39:19 [TestNG-test-Test-1] INFO  verifyingDisplayTypeFilterFunctionality_Laptop_17-38-05 - [verifyingDisplayTypeFilterFunctionality_Laptop_17-38-05] Within safeClick method
17:39:19 [TestNG-test-Test-1] INFO  verifyingDisplayTypeFilterFunctionality_Laptop_17-38-05 - [verifyingDisplayTypeFilterFunctionality_Laptop_17-38-05] Clicked the  [[ChromeDriver: chrome on windows (ea386382300aa060887ca97604101657)] -> xpath: //a[@id='seeMoreDetailsLink']]   using safeClick
17:39:19 [TestNG-test-Test-1] INFO  verifyingDisplayTypeFilterFunctionality_Laptop_17-38-05 - [verifyingDisplayTypeFilterFunctionality_Laptop_17-38-05] Within try block for clicking see more deatils within productNameListingPage loop
17:39:19 [TestNG-test-Test-1] INFO  verifyingDisplayTypeFilterFunctionality_Laptop_17-38-05 - [verifyingDisplayTypeFilterFunctionality_Laptop_17-38-05] Within closeCurrentWindowAndSwitchBack method
17:39:19 [TestNG-test-Test-1] INFO  verifyingDisplayTypeFilterFunctionality_Laptop_17-38-05 - [verifyingDisplayTypeFilterFunctionality_Laptop_17-38-05] Total open windows/tabs count -> 2
17:39:19 [TestNG-test-Test-1] INFO  verifyingDisplayTypeFilterFunctionality_Laptop_17-38-05 - [verifyingDisplayTypeFilterFunctionality_Laptop_17-38-05] Original window handle -> CB400AA690C14534422A2BF502040DDC
17:39:19 [TestNG-test-Test-1] INFO  verifyingDisplayTypeFilterFunctionality_Laptop_17-38-05 - [verifyingDisplayTypeFilterFunctionality_Laptop_17-38-05] Found new tab/window handle -> FAE7B7A7E7709FA70E6F56EF3273C5BC (will be closed)
17:39:19 [TestNG-test-Test-1] INFO  verifyingDisplayTypeFilterFunctionality_Laptop_17-38-05 - [verifyingDisplayTypeFilterFunctionality_Laptop_17-38-05] Successfully switched to new tab/window -> FAE7B7A7E7709FA70E6F56EF3273C5BC
17:39:19 [TestNG-test-Test-1] INFO  verifyingDisplayTypeFilterFunctionality_Laptop_17-38-05 - [verifyingDisplayTypeFilterFunctionality_Laptop_17-38-05] Closed the newly opened tab/window -> FAE7B7A7E7709FA70E6F56EF3273C5BC
17:39:19 [TestNG-test-Test-1] INFO  verifyingDisplayTypeFilterFunctionality_Laptop_17-38-05 - [verifyingDisplayTypeFilterFunctionality_Laptop_17-38-05] Switched back to the original window -> CB400AA690C14534422A2BF502040DDC
17:39:19 [TestNG-test-Test-1] INFO  verifyingDisplayTypeFilterFunctionality_Laptop_17-38-05 - [verifyingDisplayTypeFilterFunctionality_Laptop_17-38-05]  going back to product listing via closeCurrentWindowAndSwitchBack 
17:39:19 [TestNG-test-Test-1] INFO  verifyingDisplayTypeFilterFunctionality_Laptop_17-38-05 - [verifyingDisplayTypeFilterFunctionality_Laptop_17-38-05]  Added 'filter','title','keyFeatures', 'about', 'techDetails' into the Map -> productResult
17:39:19 [TestNG-test-Test-1] INFO  verifyingDisplayTypeFilterFunctionality_Laptop_17-38-05 - [verifyingDisplayTypeFilterFunctionality_Laptop_17-38-05]  Added 'productResult' Map into the 'results' i.e list of maps 
17:39:19 [TestNG-test-Test-1] INFO  verifyingDisplayTypeFilterFunctionality_Laptop_17-38-05 - [verifyingDisplayTypeFilterFunctionality_Laptop_17-38-05]==========================================================================================================
17:39:19 [TestNG-test-Test-1] INFO  verifyingDisplayTypeFilterFunctionality_Laptop_17-38-05 - [verifyingDisplayTypeFilterFunctionality_Laptop_17-38-05] Within safeFindElements 
17:39:19 [TestNG-test-Test-1] INFO  verifyingDisplayTypeFilterFunctionality_Laptop_17-38-05 - [verifyingDisplayTypeFilterFunctionality_Laptop_17-38-05] Returning the  [[[ChromeDriver: chrome on windows (ea386382300aa060887ca97604101657)] -> xpath: //div[@data-cy='title-recipe']], [[ChromeDriver: chrome on windows (ea386382300aa060887ca97604101657)] -> xpath: //div[@data-cy='title-recipe']], [[ChromeDriver: chrome on windows (ea386382300aa060887ca97604101657)] -> xpath: //div[@data-cy='title-recipe']], [[ChromeDriver: chrome on windows (ea386382300aa060887ca97604101657)] -> xpath: //div[@data-cy='title-recipe']], [[ChromeDriver: chrome on windows (ea386382300aa060887ca97604101657)] -> xpath: //div[@data-cy='title-recipe']], [[ChromeDriver: chrome on windows (ea386382300aa060887ca97604101657)] -> xpath: //div[@data-cy='title-recipe']], [[ChromeDriver: chrome on windows (ea386382300aa060887ca97604101657)] -> xpath: //div[@data-cy='title-recipe']], [[ChromeDriver: chrome on windows (ea386382300aa060887ca97604101657)] -> xpath: //div[@data-cy='title-recipe']], [[ChromeDriver: chrome on windows (ea386382300aa060887ca97604101657)] -> xpath: //div[@data-cy='title-recipe']], [[ChromeDriver: chrome on windows (ea386382300aa060887ca97604101657)] -> xpath: //div[@data-cy='title-recipe']], [[ChromeDriver: chrome on windows (ea386382300aa060887ca97604101657)] -> xpath: //div[@data-cy='title-recipe']], [[ChromeDriver: chrome on windows (ea386382300aa060887ca97604101657)] -> xpath: //div[@data-cy='title-recipe']], [[ChromeDriver: chrome on windows (ea386382300aa060887ca97604101657)] -> xpath: //div[@data-cy='title-recipe']], [[ChromeDriver: chrome on windows (ea386382300aa060887ca97604101657)] -> xpath: //div[@data-cy='title-recipe']], [[ChromeDriver: chrome on windows (ea386382300aa060887ca97604101657)] -> xpath: //div[@data-cy='title-recipe']], [[ChromeDriver: chrome on windows (ea386382300aa060887ca97604101657)] -> xpath: //div[@data-cy='title-recipe']]] from the safeFindElements method
17:39:19 [TestNG-test-Test-1] INFO  verifyingDisplayTypeFilterFunctionality_Laptop_17-38-05 - [verifyingDisplayTypeFilterFunctionality_Laptop_17-38-05] Within productNameListingPage loop in applyFilterAndValidateProductsWithResult
17:39:19 [TestNG-test-Test-1] INFO  verifyingDisplayTypeFilterFunctionality_Laptop_17-38-05 - [verifyingDisplayTypeFilterFunctionality_Laptop_17-38-05] Within getProductByIndex method
17:39:19 [TestNG-test-Test-1] INFO  verifyingDisplayTypeFilterFunctionality_Laptop_17-38-05 - [verifyingDisplayTypeFilterFunctionality_Laptop_17-38-05] Within safeFindElement method
17:39:19 [TestNG-test-Test-1] INFO  verifyingDisplayTypeFilterFunctionality_Laptop_17-38-05 - [verifyingDisplayTypeFilterFunctionality_Laptop_17-38-05]Found the element returning it ,element ->[[ChromeDriver: chrome on windows (ea386382300aa060887ca97604101657)] -> xpath: (//div[@data-cy='title-recipe'])[2]]
17:39:19 [TestNG-test-Test-1] INFO  verifyingDisplayTypeFilterFunctionality_Laptop_17-38-05 - [verifyingDisplayTypeFilterFunctionality_Laptop_17-38-05] Within getProductByIndex method
17:39:19 [TestNG-test-Test-1] INFO  verifyingDisplayTypeFilterFunctionality_Laptop_17-38-05 - [verifyingDisplayTypeFilterFunctionality_Laptop_17-38-05] Within smoothScrollToElement method
17:39:19 [TestNG-test-Test-1] INFO  verifyingDisplayTypeFilterFunctionality_Laptop_17-38-05 - [verifyingDisplayTypeFilterFunctionality_Laptop_17-38-05] Within safeFindElement method
17:39:19 [TestNG-test-Test-1] INFO  verifyingDisplayTypeFilterFunctionality_Laptop_17-38-05 - [verifyingDisplayTypeFilterFunctionality_Laptop_17-38-05]Found the element returning it ,element ->[[ChromeDriver: chrome on windows (ea386382300aa060887ca97604101657)] -> xpath: (//div[@data-cy='title-recipe'])[2]]
17:39:19 [TestNG-test-Test-1] INFO  verifyingDisplayTypeFilterFunctionality_Laptop_17-38-05 - [verifyingDisplayTypeFilterFunctionality_Laptop_17-38-05] Successfully scrolled to element: By.xpath: (//div[@data-cy='title-recipe'])[2]
17:39:19 [TestNG-test-Test-1] INFO  verifyingDisplayTypeFilterFunctionality_Laptop_17-38-05 - [verifyingDisplayTypeFilterFunctionality_Laptop_17-38-05] Getting product by index in productNameListingPage loop
17:39:20 [TestNG-test-Test-1] INFO  verifyingDisplayTypeFilterFunctionality_Laptop_17-38-05 - [verifyingDisplayTypeFilterFunctionality_Laptop_17-38-05] Opened product in new tab via Ctrl+Click inside productNameListingPage loop
17:39:20 [TestNG-test-Test-1] INFO  verifyingDisplayTypeFilterFunctionality_Laptop_17-38-05 - [verifyingDisplayTypeFilterFunctionality_Laptop_17-38-05] Waiting for new window to open...
17:39:20 [TestNG-test-Test-1] INFO  verifyingDisplayTypeFilterFunctionality_Laptop_17-38-05 - [verifyingDisplayTypeFilterFunctionality_Laptop_17-38-05] Switched to new window -> C30B75420FEE508AD5E6418EE82A952F
17:39:20 [TestNG-test-Test-1] INFO  verifyingDisplayTypeFilterFunctionality_Laptop_17-38-05 - [verifyingDisplayTypeFilterFunctionality_Laptop_17-38-05] Swithcing to the new window  within productNameListingPage loop
17:39:20 [TestNG-test-Test-1] INFO  verifyingDisplayTypeFilterFunctionality_Laptop_17-38-05 - [verifyingDisplayTypeFilterFunctionality_Laptop_17-38-05] Clicked product name to open in new tab from productNameListingPage loop
17:39:20 [TestNG-test-Test-1] INFO  verifyingDisplayTypeFilterFunctionality_Laptop_17-38-05 - [verifyingDisplayTypeFilterFunctionality_Laptop_17-38-05] Waiting until element is visible in viewport
17:39:24 [TestNG-test-Test-1] WARN  verifyingDisplayTypeFilterFunctionality_Laptop_17-38-05 - [verifyingDisplayTypeFilterFunctionality_Laptop_17-38-05] Product detail page did not load for index 2 filter 'LED'; skipping detail scrape to avoid redundant retries/timeouts
17:39:24 [TestNG-test-Test-1] INFO  verifyingDisplayTypeFilterFunctionality_Laptop_17-38-05 - [verifyingDisplayTypeFilterFunctionality_Laptop_17-38-05] Within closeCurrentWindowAndSwitchBack method
17:39:24 [TestNG-test-Test-1] INFO  verifyingDisplayTypeFilterFunctionality_Laptop_17-38-05 - [verifyingDisplayTypeFilterFunctionality_Laptop_17-38-05] Total open windows/tabs count -> 2
17:39:24 [TestNG-test-Test-1] INFO  verifyingDisplayTypeFilterFunctionality_Laptop_17-38-05 - [verifyingDisplayTypeFilterFunctionality_Laptop_17-38-05] Original window handle -> CB400AA690C14534422A2BF502040DDC
17:39:24 [TestNG-test-Test-1] INFO  verifyingDisplayTypeFilterFunctionality_Laptop_17-38-05 - [verifyingDisplayTypeFilterFunctionality_Laptop_17-38-05] Found new tab/window handle -> C30B75420FEE508AD5E6418EE82A952F (will be closed)
17:39:24 [TestNG-test-Test-1] INFO  verifyingDisplayTypeFilterFunctionality_Laptop_17-38-05 - [verifyingDisplayTypeFilterFunctionality_Laptop_17-38-05] Successfully switched to new tab/window -> C30B75420FEE508AD5E6418EE82A952F
17:39:24 [TestNG-test-Test-1] INFO  verifyingDisplayTypeFilterFunctionality_Laptop_17-38-05 - [verifyingDisplayTypeFilterFunctionality_Laptop_17-38-05] Closed the newly opened tab/window -> C30B75420FEE508AD5E6418EE82A952F
17:39:24 [TestNG-test-Test-1] INFO  verifyingDisplayTypeFilterFunctionality_Laptop_17-38-05 - [verifyingDisplayTypeFilterFunctionality_Laptop_17-38-05] Switched back to the original window -> CB400AA690C14534422A2BF502040DDC
17:39:24 [TestNG-test-Test-1] INFO  verifyingDisplayTypeFilterFunctionality_Laptop_17-38-05 - [verifyingDisplayTypeFilterFunctionality_Laptop_17-38-05]  going back to product listing via closeCurrentWindowAndSwitchBack 
17:39:24 [TestNG-test-Test-1] INFO  verifyingDisplayTypeFilterFunctionality_Laptop_17-38-05 - [verifyingDisplayTypeFilterFunctionality_Laptop_17-38-05]  Added 'filter','title','keyFeatures', 'about', 'techDetails' into the Map -> productResult
17:39:24 [TestNG-test-Test-1] INFO  verifyingDisplayTypeFilterFunctionality_Laptop_17-38-05 - [verifyingDisplayTypeFilterFunctionality_Laptop_17-38-05]  Added 'productResult' Map into the 'results' i.e list of maps 
17:39:24 [TestNG-test-Test-1] INFO  verifyingDisplayTypeFilterFunctionality_Laptop_17-38-05 - [verifyingDisplayTypeFilterFunctionality_Laptop_17-38-05]==========================================================================================================
17:39:24 [TestNG-test-Test-1] INFO  verifyingDisplayTypeFilterFunctionality_Laptop_17-38-05 - [verifyingDisplayTypeFilterFunctionality_Laptop_17-38-05] Within safeClick method
17:39:24 [TestNG-test-Test-1] INFO  verifyingDisplayTypeFilterFunctionality_Laptop_17-38-05 - [verifyingDisplayTypeFilterFunctionality_Laptop_17-38-05] Clicked the  [[ChromeDriver: chrome on windows (ea386382300aa060887ca97604101657)] -> xpath: //span[@class='a-size-base a-color-base' and text()='Clear']]   using safeClick
17:39:24 [TestNG-test-Test-1] INFO  verifyingDisplayTypeFilterFunctionality_Laptop_17-38-05 - [verifyingDisplayTypeFilterFunctionality_Laptop_17-38-05] Clearing the filter value ->LEDwithin productNameListingPage loop
17:39:24 [TestNG-test-Test-1] INFO  verifyingDisplayTypeFilterFunctionality_Laptop_17-38-05 - [verifyingDisplayTypeFilterFunctionality_Laptop_17-38-05]==========================================================================================================
17:39:24 [TestNG-test-Test-1] INFO  verifyingDisplayTypeFilterFunctionality_Laptop_17-38-05 - [verifyingDisplayTypeFilterFunctionality_Laptop_17-38-05]==========================================================================================================
17:39:24 [TestNG-test-Test-1] INFO  verifyingDisplayTypeFilterFunctionality_Laptop_17-38-05 - [verifyingDisplayTypeFilterFunctionality_Laptop_17-38-05] returning the 'results' i.e list of Maps
17:39:24 [TestNG-test-Test-1] INFO  verifyingDisplayTypeFilterFunctionality_Laptop_17-38-05 - [verifyingDisplayTypeFilterFunctionality_Laptop_17-38-05]  Filter 'amoled' matched in at least one section.
17:39:24 [TestNG-test-Test-1] ERROR verifyingDisplayTypeFilterFunctionality_Laptop_17-38-05 - [verifyingDisplayTypeFilterFunctionality_Laptop_17-38-05] Mismatch found for filter 'amoled' on product ''
17:39:24 [TestNG-test-Test-1] ERROR verifyingDisplayTypeFilterFunctionality_Laptop_17-38-05 - [verifyingDisplayTypeFilterFunctionality_Laptop_17-38-05] Mismatch found for filter 'lcd' on product 'lenovo v15 g4 amd ryzen 5 7520u 15.6 inch fhd laptop'
17:39:24 [TestNG-test-Test-1] ERROR verifyingDisplayTypeFilterFunctionality_Laptop_17-38-05 - [verifyingDisplayTypeFilterFunctionality_Laptop_17-38-05] Mismatch found for filter 'lcd' on product ''
17:39:24 [TestNG-test-Test-1] INFO  verifyingDisplayTypeFilterFunctionality_Laptop_17-38-05 - [verifyingDisplayTypeFilterFunctionality_Laptop_17-38-05]  Filter 'led' matched in at least one section.
17:39:24 [TestNG-test-Test-1] ERROR verifyingDisplayTypeFilterFunctionality_Laptop_17-38-05 - [verifyingDisplayTypeFilterFunctionality_Laptop_17-38-05] Mismatch found for filter 'led' on product ''
17:39:24 [TestNG-test-Test-1] INFO  verifyingDisplayTypeFilterFunctionality_Laptop_17-38-05 - [verifyingDisplayTypeFilterFunctionality_Laptop_17-38-05]  Final assertion for display type filter validation...
