20:07:05 [TestNG-test-Test-3] INFO  verifyingFreeDeliveryFilterFunctionality_Tablet_20-07-05 - No existing WebDriver found for current thread. Initializing a new ChromeDriver...
20:07:05 [TestNG-test-Test-3] INFO  verifyingFreeDeliveryFilterFunctionality_Tablet_20-07-05 - WebDriverManager: chromedriver setup OK
20:07:06 [TestNG-test-Test-3] INFO  verifyingFreeDeliveryFilterFunctionality_Tablet_20-07-05 - ChromeDriver initialized successfully for thread: 36
20:07:07 [TestNG-test-Test-3] INFO  verifyingFreeDeliveryFilterFunctionality_Tablet_20-07-05 - [verifyingFreeDeliveryFilterFunctionality_Tablet_20-07-05] Opening amazon Landing page
20:07:07 [TestNG-test-Test-3] INFO  verifyingFreeDeliveryFilterFunctionality_Tablet_20-07-05 - [verifyingFreeDeliveryFilterFunctionality_Tablet_20-07-05] Within safeFindElement method
20:07:12 [TestNG-test-Test-3] INFO  verifyingFreeDeliveryFilterFunctionality_Tablet_20-07-05 - [verifyingFreeDeliveryFilterFunctionality_Tablet_20-07-05]Retrying findElement for: ->By.xpath: //a[@id='nav-logo-sprites']
20:07:12 [TestNG-test-Test-3] INFO  verifyingFreeDeliveryFilterFunctionality_Tablet_20-07-05 - [verifyingFreeDeliveryFilterFunctionality_Tablet_20-07-05]Refrehsing the page , while trying to safely find : ->By.xpath: //a[@id='nav-logo-sprites']
20:07:18 [TestNG-test-Test-3] INFO  verifyingFreeDeliveryFilterFunctionality_Tablet_20-07-05 - [verifyingFreeDeliveryFilterFunctionality_Tablet_20-07-05]Retrying findElement for: ->By.xpath: //a[@id='nav-logo-sprites']
20:07:18 [TestNG-test-Test-3] INFO  verifyingFreeDeliveryFilterFunctionality_Tablet_20-07-05 - [verifyingFreeDeliveryFilterFunctionality_Tablet_20-07-05]Refrehsing the page , while trying to safely find : ->By.xpath: //a[@id='nav-logo-sprites']
20:07:18 [TestNG-test-Test-3] INFO  verifyingFreeDeliveryFilterFunctionality_Tablet_20-07-05 - [verifyingFreeDeliveryFilterFunctionality_Tablet_20-07-05] Skipping action: Element not found after 2   attemps
20:07:21 [TestNG-test-Test-3] INFO  verifyingFreeDeliveryFilterFunctionality_Tablet_20-07-05 - [verifyingFreeDeliveryFilterFunctionality_Tablet_20-07-05] Giving input within the search bar
20:07:21 [TestNG-test-Test-3] INFO  verifyingFreeDeliveryFilterFunctionality_Tablet_20-07-05 - [verifyingFreeDeliveryFilterFunctionality_Tablet_20-07-05] Within safeClick method
20:07:24 [TestNG-test-Test-3] INFO  verifyingFreeDeliveryFilterFunctionality_Tablet_20-07-05 - [verifyingFreeDeliveryFilterFunctionality_Tablet_20-07-05] Clicked the  [[ChromeDriver: chrome on windows (f6813bdb99dd9cdcc3f24bc067075483)] -> xpath: //input[@id='nav-search-submit-button']]   using safeClick
20:07:24 [TestNG-test-Test-3] INFO  verifyingFreeDeliveryFilterFunctionality_Tablet_20-07-05 - [verifyingFreeDeliveryFilterFunctionality_Tablet_20-07-05] Clicking on the submit in the search bar
20:07:24 [TestNG-test-Test-3] INFO  verifyingFreeDeliveryFilterFunctionality_Tablet_20-07-05 - [verifyingFreeDeliveryFilterFunctionality_Tablet_20-07-05] Waiting until element is visible in viewport
20:07:24 [TestNG-test-Test-3] INFO  verifyingFreeDeliveryFilterFunctionality_Tablet_20-07-05 - [verifyingFreeDeliveryFilterFunctionality_Tablet_20-07-05] Within validateDeliveryFilterOptionsWithResult method
20:07:24 [TestNG-test-Test-3] INFO  verifyingFreeDeliveryFilterFunctionality_Tablet_20-07-05 - [verifyingFreeDeliveryFilterFunctionality_Tablet_20-07-05] Within safeClick method
20:07:24 [TestNG-test-Test-3] INFO  verifyingFreeDeliveryFilterFunctionality_Tablet_20-07-05 - [verifyingFreeDeliveryFilterFunctionality_Tablet_20-07-05] Clicked the  [[ChromeDriver: chrome on windows (f6813bdb99dd9cdcc3f24bc067075483)] -> xpath: //span[@class='a-size-base a-color-base puis-bold-weight-text' and text()='Eligible for Free Delivery']/parent::div/following-sibling::ul//span[@class='a-size-base a-color-base' and text()='Free Shipping']]   using safeClick
20:07:24 [TestNG-test-Test-3] INFO  verifyingFreeDeliveryFilterFunctionality_Tablet_20-07-05 - [verifyingFreeDeliveryFilterFunctionality_Tablet_20-07-05] Within getMoreButtonByFilterTypeAndName method
20:07:24 [TestNG-test-Test-3] INFO  verifyingFreeDeliveryFilterFunctionality_Tablet_20-07-05 - [verifyingFreeDeliveryFilterFunctionality_Tablet_20-07-05] Clicked on By.xpath: //span[@class='a-size-base a-color-base puis-bold-weight-text' and text()='Eligible for Free Delivery']/parent::div/following-sibling::ul//span[@class='a-size-base a-color-base' and text()='Free Shipping']
20:07:24 [TestNG-test-Test-3] INFO  verifyingFreeDeliveryFilterFunctionality_Tablet_20-07-05 - [verifyingFreeDeliveryFilterFunctionality_Tablet_20-07-05] Within safeFindElements 
20:07:25 [TestNG-test-Test-3] INFO  verifyingFreeDeliveryFilterFunctionality_Tablet_20-07-05 - [verifyingFreeDeliveryFilterFunctionality_Tablet_20-07-05] Returning the  [[[ChromeDriver: chrome on windows (f6813bdb99dd9cdcc3f24bc067075483)] -> xpath: //div[@class='a-section a-spacing-small a-spacing-top-small']], [[ChromeDriver: chrome on windows (f6813bdb99dd9cdcc3f24bc067075483)] -> xpath: //div[@class='a-section a-spacing-small a-spacing-top-small']], [[ChromeDriver: chrome on windows (f6813bdb99dd9cdcc3f24bc067075483)] -> xpath: //div[@class='a-section a-spacing-small a-spacing-top-small']], [[ChromeDriver: chrome on windows (f6813bdb99dd9cdcc3f24bc067075483)] -> xpath: //div[@class='a-section a-spacing-small a-spacing-top-small']], [[ChromeDriver: chrome on windows (f6813bdb99dd9cdcc3f24bc067075483)] -> xpath: //div[@class='a-section a-spacing-small a-spacing-top-small']], [[ChromeDriver: chrome on windows (f6813bdb99dd9cdcc3f24bc067075483)] -> xpath: //div[@class='a-section a-spacing-small a-spacing-top-small']], [[ChromeDriver: chrome on windows (f6813bdb99dd9cdcc3f24bc067075483)] -> xpath: //div[@class='a-section a-spacing-small a-spacing-top-small']], [[ChromeDriver: chrome on windows (f6813bdb99dd9cdcc3f24bc067075483)] -> xpath: //div[@class='a-section a-spacing-small a-spacing-top-small']], [[ChromeDriver: chrome on windows (f6813bdb99dd9cdcc3f24bc067075483)] -> xpath: //div[@class='a-section a-spacing-small a-spacing-top-small']], [[ChromeDriver: chrome on windows (f6813bdb99dd9cdcc3f24bc067075483)] -> xpath: //div[@class='a-section a-spacing-small a-spacing-top-small']], [[ChromeDriver: chrome on windows (f6813bdb99dd9cdcc3f24bc067075483)] -> xpath: //div[@class='a-section a-spacing-small a-spacing-top-small']], [[ChromeDriver: chrome on windows (f6813bdb99dd9cdcc3f24bc067075483)] -> xpath: //div[@class='a-section a-spacing-small a-spacing-top-small']], [[ChromeDriver: chrome on windows (f6813bdb99dd9cdcc3f24bc067075483)] -> xpath: //div[@class='a-section a-spacing-small a-spacing-top-small']], [[ChromeDriver: chrome on windows (f6813bdb99dd9cdcc3f24bc067075483)] -> xpath: //div[@class='a-section a-spacing-small a-spacing-top-small']], [[ChromeDriver: chrome on windows (f6813bdb99dd9cdcc3f24bc067075483)] -> xpath: //div[@class='a-section a-spacing-small a-spacing-top-small']], [[ChromeDriver: chrome on windows (f6813bdb99dd9cdcc3f24bc067075483)] -> xpath: //div[@class='a-section a-spacing-small a-spacing-top-small']]] from the safeFindElements method
20:07:25 [TestNG-test-Test-3] INFO  verifyingFreeDeliveryFilterFunctionality_Tablet_20-07-05 - [verifyingFreeDeliveryFilterFunctionality_Tablet_20-07-05] Created hashset with required data to assert with Within validateDeliveryFilterOptionsWithResult method
20:07:25 [TestNG-test-Test-3] INFO  verifyingFreeDeliveryFilterFunctionality_Tablet_20-07-05 - [verifyingFreeDeliveryFilterFunctionality_Tablet_20-07-05] this is the set  [Today, FREE delivery, Sun, Mon, Tomorrow, 20, Sep, 21]
20:07:25 [TestNG-test-Test-3] INFO  verifyingFreeDeliveryFilterFunctionality_Tablet_20-07-05 - [verifyingFreeDeliveryFilterFunctionality_Tablet_20-07-05] Within deliveryElements loop iterating over the products  Within validateDeliveryFilterOptionsWithResult method
20:07:25 [TestNG-test-Test-3] INFO  verifyingFreeDeliveryFilterFunctionality_Tablet_20-07-05 - [verifyingFreeDeliveryFilterFunctionality_Tablet_20-07-05] Checking if the allowedDateParts have the assert text — index 0, text: Samsung Galaxy Tab A11+ [Smartchoice], 11-inch (27.82 CM), LCD Display, 6GB RAM, 128GB ROM, Wi-Fi, Quad Speakers, Dolby Atmos, Gray, AI Enabled
4.5
(250)
400+ bought in past month
₹25,999
M.R.P:
₹27,999 (7% off)
Save extra with No Cost EMI
FREE delivery Wed, 23 Sept
Or fastest delivery Today 4 pm - 8 pm
Add to cart
20:07:25 [TestNG-test-Test-3] INFO  verifyingFreeDeliveryFilterFunctionality_Tablet_20-07-05 - [verifyingFreeDeliveryFilterFunctionality_Tablet_20-07-05] Within deliveryElements loop iterating over the products  Within validateDeliveryFilterOptionsWithResult method
20:07:25 [TestNG-test-Test-3] INFO  verifyingFreeDeliveryFilterFunctionality_Tablet_20-07-05 - [verifyingFreeDeliveryFilterFunctionality_Tablet_20-07-05] Checking if the allowedDateParts have the assert text — index 1, text: DOMO Slate SL40 2C Tablet for Students Foundation Exams, 10 Inch Android Tablet, IPS Display, 4G Dual SIM, 4GB RAM, 32GB Storage (Expandable to 1TB), Octa-Core Processor, GPS, WiFi, Bluetooth (Grey)
3.6
(3)
300+ bought in past month
Limited time deal
₹7,990
M.R.P:
₹24,990 (68% off)
You pay ₹7,830.20 with coupon
FREE delivery Wed, 23 Sept
Or fastest delivery Tomorrow, 22 Sept
Add to cart
20:07:25 [TestNG-test-Test-3] INFO  verifyingFreeDeliveryFilterFunctionality_Tablet_20-07-05 - [verifyingFreeDeliveryFilterFunctionality_Tablet_20-07-05] Within deliveryElements loop iterating over the products  Within validateDeliveryFilterOptionsWithResult method
20:07:25 [TestNG-test-Test-3] INFO  verifyingFreeDeliveryFilterFunctionality_Tablet_20-07-05 - [verifyingFreeDeliveryFilterFunctionality_Tablet_20-07-05] Checking if the allowedDateParts have the assert text — index 2, text: OnePlus Pad 2 (12.1 Inch),12GB RAM, 256GB Storage Snapdragon 8 Gen 3,144Hz Refresh Rate, 6 Speakers, 3K 12.1 Display, AI Features, 9610 mAh Battery, Wi-Fi with Cellular Data Sharing [Nimbus Gray]
4.4
(826)
1K+ bought in past month
₹33,999
M.R.P:
₹47,999 (29% off)
Save extra with No Cost EMI
FREE delivery Wed, 23 Sept
Or fastest delivery Today 4 pm - 8 pm
Add to cart
20:07:25 [TestNG-test-Test-3] INFO  verifyingFreeDeliveryFilterFunctionality_Tablet_20-07-05 - [verifyingFreeDeliveryFilterFunctionality_Tablet_20-07-05] Within deliveryElements loop iterating over the products  Within validateDeliveryFilterOptionsWithResult method
20:07:25 [TestNG-test-Test-3] INFO  verifyingFreeDeliveryFilterFunctionality_Tablet_20-07-05 - [verifyingFreeDeliveryFilterFunctionality_Tablet_20-07-05] Checking if the allowedDateParts have the assert text — index 3, text: Redmi Pad 2, 11-inch (27.94 CM), LCD Display - 2.5K Sharp & Clear, 6GB RAM, 128GB ROM, Wi-Fi + Cellular (4G), Quad Speakers, Dolby Atmos, Sky Blue, AI Enabled
4.3
(891)
300+ bought in past month
₹23,944
M.R.P:
₹30,999 (23% off)
Up to 5% back with Amazon Pay ICI...
FREE delivery Wed, 23 Sept
Or fastest delivery Today 4 pm - 8 pm
Add to cart
20:07:25 [TestNG-test-Test-3] INFO  verifyingFreeDeliveryFilterFunctionality_Tablet_20-07-05 - [verifyingFreeDeliveryFilterFunctionality_Tablet_20-07-05] Within deliveryElements loop iterating over the products  Within validateDeliveryFilterOptionsWithResult method
20:07:26 [TestNG-test-Test-3] INFO  verifyingFreeDeliveryFilterFunctionality_Tablet_20-07-05 - [verifyingFreeDeliveryFilterFunctionality_Tablet_20-07-05] Checking if the allowedDateParts have the assert text — index 4, text: DOMO Slate SL39 10.1-Inch 4G Tablet PC, 4GB RAM + 32GB, inbuilt Storage, Dual SIM Slot,1TB Expandable, Octa Core CPU GPS, Bluetooth Grey
5.0
(1)
50+ bought in past month
Limited time deal
₹7,549
M.R.P:
₹24,990 (70% off)
Up to 5% back with Amazon Pay ICI...
FREE delivery Wed, 23 Sept
Or fastest delivery Tomorrow, 22 Sept
Add to cart
20:07:26 [TestNG-test-Test-3] INFO  verifyingFreeDeliveryFilterFunctionality_Tablet_20-07-05 - [verifyingFreeDeliveryFilterFunctionality_Tablet_20-07-05] Within deliveryElements loop iterating over the products  Within validateDeliveryFilterOptionsWithResult method
20:07:26 [TestNG-test-Test-3] INFO  verifyingFreeDeliveryFilterFunctionality_Tablet_20-07-05 - [verifyingFreeDeliveryFilterFunctionality_Tablet_20-07-05] Checking if the allowedDateParts have the assert text — index 5, text: Samsung Galaxy Tab S10 Lite [Smartchoice], 10.9-inch (27.7 CM), LCD Display, 6GB RAM, 128GB ROM, Wi-Fi, Dual Speakers, S Pen, Gray, AI Enabled
4.6
(450)
500+ bought in past month
₹35,749
M.R.P:
₹57,999 (38% off)
Save extra with No Cost EMI
FREE delivery Wed, 23 Sept
Or fastest delivery Today 4 pm - 8 pm
Add to cart
20:07:26 [TestNG-test-Test-3] INFO  verifyingFreeDeliveryFilterFunctionality_Tablet_20-07-05 - [verifyingFreeDeliveryFilterFunctionality_Tablet_20-07-05] Within deliveryElements loop iterating over the products  Within validateDeliveryFilterOptionsWithResult method
20:07:26 [TestNG-test-Test-3] INFO  verifyingFreeDeliveryFilterFunctionality_Tablet_20-07-05 - [verifyingFreeDeliveryFilterFunctionality_Tablet_20-07-05] Checking if the allowedDateParts have the assert text — index 6, text: Lenovo Tab (Smartchoice)| 10.1" Display| 4G (LTE) + Wi-Fi (Calling)| 4 GB RAM + 64 GB ROM (Expandable up to 1 TB)| Metal Body| Dual Speakers with Dolby Atmos| Android 14| Color: Polar Blue
4.0
(273)
100+ bought in past month
₹18,999
M.R.P:
₹21,000 (10% off)
Up to 5% back with Amazon Pay ICI...
FREE delivery Wed, 23 Sept
Or fastest delivery Today 4 pm - 8 pm
Add to cart
20:07:26 [TestNG-test-Test-3] INFO  verifyingFreeDeliveryFilterFunctionality_Tablet_20-07-05 - [verifyingFreeDeliveryFilterFunctionality_Tablet_20-07-05] Within deliveryElements loop iterating over the products  Within validateDeliveryFilterOptionsWithResult method
20:07:26 [TestNG-test-Test-3] INFO  verifyingFreeDeliveryFilterFunctionality_Tablet_20-07-05 - [verifyingFreeDeliveryFilterFunctionality_Tablet_20-07-05] Checking if the allowedDateParts have the assert text — index 7, text: Samsung Galaxy Tab A9 22.10 cm (8.7 inch) Display, RAM 4 GB, ROM 64 GB Expandable, Wi-Fi+4G, Tablet, Gray
4.2
(283)
100+ bought in past month
₹19,700
M.R.P:
₹19,999 (1% off)
Up to 5% back with Amazon Pay ICI...
FREE delivery Wed, 23 Sept
Or fastest delivery Tomorrow 8 am - 12 pm
Add to cart
More Buying Choices
₹19,699(2 new offers)
20:07:26 [TestNG-test-Test-3] INFO  verifyingFreeDeliveryFilterFunctionality_Tablet_20-07-05 - [verifyingFreeDeliveryFilterFunctionality_Tablet_20-07-05] Within deliveryElements loop iterating over the products  Within validateDeliveryFilterOptionsWithResult method
20:07:26 [TestNG-test-Test-3] INFO  verifyingFreeDeliveryFilterFunctionality_Tablet_20-07-05 - [verifyingFreeDeliveryFilterFunctionality_Tablet_20-07-05] Checking if the allowedDateParts have the assert text — index 8, text: DOMO Slate SL39 4G Tablet 10.1 inch Tab, 4G Connectivity, 4GB RAM + 32GB ROM, inbuilt Storage, Bluetooth 1TB Expandable, Dual SIM Slot, Octa Core CPU GPS, Grey
2.7
(5)
100+ bought in past month
₹7,549
M.R.P:
₹24,990 (70% off)
Up to 5% back with Amazon Pay ICI...
FREE delivery Thu, 24 Sept
Or fastest delivery Wed, 23 Sept
Only 1 left in stock.
Add to cart
20:07:26 [TestNG-test-Test-3] INFO  verifyingFreeDeliveryFilterFunctionality_Tablet_20-07-05 - [verifyingFreeDeliveryFilterFunctionality_Tablet_20-07-05] Within deliveryElements loop iterating over the products  Within validateDeliveryFilterOptionsWithResult method
20:07:26 [TestNG-test-Test-3] INFO  verifyingFreeDeliveryFilterFunctionality_Tablet_20-07-05 - [verifyingFreeDeliveryFilterFunctionality_Tablet_20-07-05] Checking if the allowedDateParts have the assert text — index 9, text: Brave Ark (SmartChoice) Android Tablet with Pen + BT-Keyboard| 12.95"(32cm) 2.8K 144Hz Display| Snapdragon 8s Gen 3| AI-Enabled|12GB RAM, 256GB ROM| Segment's Biggest 14550mAh Battery| 8 Speakers|WiFi
4.5
(35)
50+ bought in past month
₹42,999
M.R.P:
₹55,000 (22% off)
Up to 5% back with Amazon Pay ICI...
FREE delivery Wed, 23 Sept
Or fastest delivery Tomorrow 8 am - 12 pm
Add to cart
20:07:26 [TestNG-test-Test-3] INFO  verifyingFreeDeliveryFilterFunctionality_Tablet_20-07-05 - [verifyingFreeDeliveryFilterFunctionality_Tablet_20-07-05] Within deliveryElements loop iterating over the products  Within validateDeliveryFilterOptionsWithResult method
20:07:26 [TestNG-test-Test-3] INFO  verifyingFreeDeliveryFilterFunctionality_Tablet_20-07-05 - [verifyingFreeDeliveryFilterFunctionality_Tablet_20-07-05] Checking if the allowedDateParts have the assert text — index 10, text: Lenovo Original Tab P12 Keyboard Detachable,3-Point Pogo-Pin Connectors Wireless Keyboard with Trackpad/Touchpad Tablet(Ultra-Thin,Productivity Enabling Hot Keys(Suitable for Tab P12,Zg38C05230)),Grey
4.2
(116)
50+ bought in past month
₹7,991
M.R.P:
₹10,000 (20% off)
Up to 5% back with Amazon Pay ICI...
FREE delivery Wed, 23 Sept
Or fastest delivery Tomorrow, 22 Sept
Add to cart
20:07:26 [TestNG-test-Test-3] INFO  verifyingFreeDeliveryFilterFunctionality_Tablet_20-07-05 - [verifyingFreeDeliveryFilterFunctionality_Tablet_20-07-05] Within deliveryElements loop iterating over the products  Within validateDeliveryFilterOptionsWithResult method
20:07:26 [TestNG-test-Test-3] INFO  verifyingFreeDeliveryFilterFunctionality_Tablet_20-07-05 - [verifyingFreeDeliveryFilterFunctionality_Tablet_20-07-05] Checking if the allowedDateParts have the assert text — index 11, text: Lenovo Idea Tab Smartchoice with Pen|Wi-Fi| 11 Inch, 2.5K Display, 500 Nits Brightness| 8GB RAM + 256GB ROM (Expandable Up to 2TB) |Mediatek Dimensity 6300|Android 15|4-Speakers with Dolby Atmos, Grey
4.3
(686)
100+ bought in past month
₹28,999
M.R.P:
₹38,000 (24% off)
Save extra with No Cost EMI
FREE delivery Wed, 23 Sept
Or fastest delivery Today 4 pm - 8 pm
Add to cart
20:07:26 [TestNG-test-Test-3] INFO  verifyingFreeDeliveryFilterFunctionality_Tablet_20-07-05 - [verifyingFreeDeliveryFilterFunctionality_Tablet_20-07-05] Within deliveryElements loop iterating over the products  Within validateDeliveryFilterOptionsWithResult method
20:07:26 [TestNG-test-Test-3] INFO  verifyingFreeDeliveryFilterFunctionality_Tablet_20-07-05 - [verifyingFreeDeliveryFilterFunctionality_Tablet_20-07-05] Checking if the allowedDateParts have the assert text — index 12, text: Apple iPad 11″: A16 chip, 27.69 cm (11″) Model, Liquid Retina Display, 128GB, Wi-Fi 6, 12MP Front/12MP Back Camera, Touch ID, All-Day Battery Life — Yellow
4.6
(1.8K)
300+ bought in past month
₹49,900
Flat INR 4000 Off on SBI Cards
FREE delivery Wed, 23 Sept
Or fastest delivery Today 4 pm - 8 pm
Add to cart
20:07:26 [TestNG-test-Test-3] INFO  verifyingFreeDeliveryFilterFunctionality_Tablet_20-07-05 - [verifyingFreeDeliveryFilterFunctionality_Tablet_20-07-05] Within deliveryElements loop iterating over the products  Within validateDeliveryFilterOptionsWithResult method
20:07:26 [TestNG-test-Test-3] INFO  verifyingFreeDeliveryFilterFunctionality_Tablet_20-07-05 - [verifyingFreeDeliveryFilterFunctionality_Tablet_20-07-05] Checking if the allowedDateParts have the assert text — index 13, text: Redmi Pad 2 Pro, 12.1-inch (30.73 CM), LCD Display - 2.5K Sharp & Clear, 8GB RAM, 128GB ROM, Wi-Fi, Quad Speakers, Dolby Atmos, Graphite Grey, AI Enabled
4.0
(308)
500+ bought in past month
₹28,999
M.R.P:
₹39,999 (28% off)
Up to 5% back with Amazon Pay ICI...
FREE delivery Wed, 23 Sept
Or fastest delivery Today 4 pm - 8 pm
Add to cart
20:07:26 [TestNG-test-Test-3] INFO  verifyingFreeDeliveryFilterFunctionality_Tablet_20-07-05 - [verifyingFreeDeliveryFilterFunctionality_Tablet_20-07-05] Within deliveryElements loop iterating over the products  Within validateDeliveryFilterOptionsWithResult method
20:07:26 [TestNG-test-Test-3] INFO  verifyingFreeDeliveryFilterFunctionality_Tablet_20-07-05 - [verifyingFreeDeliveryFilterFunctionality_Tablet_20-07-05] Checking if the allowedDateParts have the assert text — index 14, text: Lenovo Idea Tab (Smartchoice) with Folio Keyboard + Tab Pen | Wi-Fi + 5G |11" Display, 2.5K Resolution, 90Hz Refresh|8GB RAM, 256GB ROM| MediaTek Dimensity 6300| 7040mAh|4 Speakers| USB-C| Luna Grey
4.3
(60)
400+ bought in past month
₹35,999
M.R.P:
₹52,000 (31% off)
Up to 5% back with Amazon Pay ICI...
FREE delivery Wed, 23 Sept
Or fastest delivery Tomorrow 8 am - 12 pm
Add to cart
20:07:26 [TestNG-test-Test-3] INFO  verifyingFreeDeliveryFilterFunctionality_Tablet_20-07-05 - [verifyingFreeDeliveryFilterFunctionality_Tablet_20-07-05] Within deliveryElements loop iterating over the products  Within validateDeliveryFilterOptionsWithResult method
20:07:26 [TestNG-test-Test-3] INFO  verifyingFreeDeliveryFilterFunctionality_Tablet_20-07-05 - [verifyingFreeDeliveryFilterFunctionality_Tablet_20-07-05] Checking if the allowedDateParts have the assert text — index 15, text: OnePlus,Pad Lite, 11-inch (27.94 CM CM), LCD, 8GB RAM, 128GB ROM, WiFi + LTE, Quad Speakers, 9340mAh Battery, Aero Blue, Not AI Enabled
4.4
(877)
500+ bought in past month
₹26,999
M.R.P:
₹29,999 (10% off)
Up to 5% back with Amazon Pay ICI...
FREE delivery Wed, 23 Sept
Or fastest delivery Today 4 pm - 8 pm
Add to cart
20:07:26 [TestNG-test-Test-3] INFO  verifyingFreeDeliveryFilterFunctionality_Tablet_20-07-05 - [verifyingFreeDeliveryFilterFunctionality_Tablet_20-07-05] Returning the list with boolean values   Within validateDeliveryFilterOptionsWithResult method
20:07:26 [TestNG-test-Test-3] INFO  verifyingFreeDeliveryFilterFunctionality_Tablet_20-07-05 - [verifyingFreeDeliveryFilterFunctionality_Tablet_20-07-05] Asserting delivery filter: isValid=true, index=-1, text=All the things are valid no errors
