14:48:15 [TestNG-test-Test-3] INFO  verifyingDisplaySizeFilterFunctionality_Mobile_14-48-15 - No existing WebDriver found for current thread. Initializing a new ChromeDriver...
14:48:27 [TestNG-test-Test-3] INFO  verifyingDisplaySizeFilterFunctionality_Mobile_14-48-15 - WebDriverManager: chromedriver setup OK
14:49:09 [TestNG-test-Test-3] INFO  verifyingDisplaySizeFilterFunctionality_Mobile_14-48-15 - ChromeDriver initialized successfully for thread: 36
14:49:17 [TestNG-test-Test-3] INFO  verifyingDisplaySizeFilterFunctionality_Mobile_14-48-15 - [verifyingDisplaySizeFilterFunctionality_Mobile_14-48-15] Opening amazon Landing page
14:49:17 [TestNG-test-Test-3] INFO  verifyingDisplaySizeFilterFunctionality_Mobile_14-48-15 - [verifyingDisplaySizeFilterFunctionality_Mobile_14-48-15] Within safeFindElement method
14:49:22 [TestNG-test-Test-3] INFO  verifyingDisplaySizeFilterFunctionality_Mobile_14-48-15 - [verifyingDisplaySizeFilterFunctionality_Mobile_14-48-15]Retrying findElement for: ->By.xpath: //a[@id='nav-logo-sprites']
14:49:28 [TestNG-test-Test-3] INFO  verifyingDisplaySizeFilterFunctionality_Mobile_14-48-15 - [verifyingDisplaySizeFilterFunctionality_Mobile_14-48-15]Refrehsing the page , while trying to safely find : ->By.xpath: //a[@id='nav-logo-sprites']
14:49:28 [TestNG-test-Test-3] INFO  verifyingDisplaySizeFilterFunctionality_Mobile_14-48-15 - [verifyingDisplaySizeFilterFunctionality_Mobile_14-48-15]Found the element returning it ,element ->[[ChromeDriver: chrome on windows (16910463b227a8dd670a8d10a7954f9b)] -> xpath: //a[@id='nav-logo-sprites']]
14:49:30 [TestNG-test-Test-3] INFO  verifyingDisplaySizeFilterFunctionality_Mobile_14-48-15 - [verifyingDisplaySizeFilterFunctionality_Mobile_14-48-15] Giving input within the search bar
14:49:30 [TestNG-test-Test-3] INFO  verifyingDisplaySizeFilterFunctionality_Mobile_14-48-15 - [verifyingDisplaySizeFilterFunctionality_Mobile_14-48-15] Within safeClick method
14:49:43 [TestNG-test-Test-3] INFO  verifyingDisplaySizeFilterFunctionality_Mobile_14-48-15 - [verifyingDisplaySizeFilterFunctionality_Mobile_14-48-15] Clicked the  [[ChromeDriver: chrome on windows (16910463b227a8dd670a8d10a7954f9b)] -> xpath: //input[@id='nav-search-submit-button']]   using safeClick
14:49:43 [TestNG-test-Test-3] INFO  verifyingDisplaySizeFilterFunctionality_Mobile_14-48-15 - [verifyingDisplaySizeFilterFunctionality_Mobile_14-48-15] Clicking on the submit in the search bar
14:49:43 [TestNG-test-Test-3] INFO  verifyingDisplaySizeFilterFunctionality_Mobile_14-48-15 - [verifyingDisplaySizeFilterFunctionality_Mobile_14-48-15] Within filterCheckUnderList method
14:49:43 [TestNG-test-Test-3] INFO  verifyingDisplaySizeFilterFunctionality_Mobile_14-48-15 - [verifyingDisplaySizeFilterFunctionality_Mobile_14-48-15] Found the Filter within the filter check List
14:49:43 [TestNG-test-Test-3] INFO  verifyingDisplaySizeFilterFunctionality_Mobile_14-48-15 - [verifyingDisplaySizeFilterFunctionality_Mobile_14-48-15] Within applyFilterAndValidateProductsWithResult method
14:49:43 [TestNG-test-Test-3] INFO  verifyingDisplaySizeFilterFunctionality_Mobile_14-48-15 - [verifyingDisplaySizeFilterFunctionality_Mobile_14-48-15] Within safeFindElements 
14:49:43 [TestNG-test-Test-3] INFO  verifyingDisplaySizeFilterFunctionality_Mobile_14-48-15 - [verifyingDisplaySizeFilterFunctionality_Mobile_14-48-15] Returning the  [[[ChromeDriver: chrome on windows (16910463b227a8dd670a8d10a7954f9b)] -> xpath: //span[@class='a-size-base a-color-base puis-bold-weight-text' and text()='Screen Size']/parent::div/following-sibling::ul//span[@class='a-size-base a-color-base']], [[ChromeDriver: chrome on windows (16910463b227a8dd670a8d10a7954f9b)] -> xpath: //span[@class='a-size-base a-color-base puis-bold-weight-text' and text()='Screen Size']/parent::div/following-sibling::ul//span[@class='a-size-base a-color-base']], [[ChromeDriver: chrome on windows (16910463b227a8dd670a8d10a7954f9b)] -> xpath: //span[@class='a-size-base a-color-base puis-bold-weight-text' and text()='Screen Size']/parent::div/following-sibling::ul//span[@class='a-size-base a-color-base']]] from the safeFindElements method
14:49:43 [TestNG-test-Test-3] INFO  verifyingDisplaySizeFilterFunctionality_Mobile_14-48-15 - [verifyingDisplaySizeFilterFunctionality_Mobile_14-48-15] Within applyFilterAndValidateProductsWithResult filterOptions size is -> 3
14:49:43 [TestNG-test-Test-3] INFO  verifyingDisplaySizeFilterFunctionality_Mobile_14-48-15 - [verifyingDisplaySizeFilterFunctionality_Mobile_14-48-15] Execution is Not CRON Job Hence refering to normal keys from UtilData
14:49:43 [TestNG-test-Test-3] INFO  verifyingDisplaySizeFilterFunctionality_Mobile_14-48-15 - [verifyingDisplaySizeFilterFunctionality_Mobile_14-48-15] Within filterOptions loop in applyFilterAndValidateProductsWithResult
14:49:43 [TestNG-test-Test-3] INFO  verifyingDisplaySizeFilterFunctionality_Mobile_14-48-15 - [verifyingDisplaySizeFilterFunctionality_Mobile_14-48-15] Within safeFindElements 
14:49:43 [TestNG-test-Test-3] INFO  verifyingDisplaySizeFilterFunctionality_Mobile_14-48-15 - [verifyingDisplaySizeFilterFunctionality_Mobile_14-48-15] Returning the  [[[ChromeDriver: chrome on windows (16910463b227a8dd670a8d10a7954f9b)] -> xpath: //span[@class='a-size-base a-color-base puis-bold-weight-text' and text()='Screen Size']/parent::div/following-sibling::ul//span[@class='a-size-base a-color-base']], [[ChromeDriver: chrome on windows (16910463b227a8dd670a8d10a7954f9b)] -> xpath: //span[@class='a-size-base a-color-base puis-bold-weight-text' and text()='Screen Size']/parent::div/following-sibling::ul//span[@class='a-size-base a-color-base']], [[ChromeDriver: chrome on windows (16910463b227a8dd670a8d10a7954f9b)] -> xpath: //span[@class='a-size-base a-color-base puis-bold-weight-text' and text()='Screen Size']/parent::div/following-sibling::ul//span[@class='a-size-base a-color-base']]] from the safeFindElements method
14:49:43 [TestNG-test-Test-3] INFO  verifyingDisplaySizeFilterFunctionality_Mobile_14-48-15 - [verifyingDisplaySizeFilterFunctionality_Mobile_14-48-15] Trying to read filter option 0 (attempt 1/3)
14:49:43 [TestNG-test-Test-3] INFO  verifyingDisplaySizeFilterFunctionality_Mobile_14-48-15 - [verifyingDisplaySizeFilterFunctionality_Mobile_14-48-15] Successfully read filter option 0 = 'Up to 12.9 cm'
14:49:43 [TestNG-test-Test-3] INFO  verifyingDisplaySizeFilterFunctionality_Mobile_14-48-15 - [verifyingDisplaySizeFilterFunctionality_Mobile_14-48-15] Within getfilterByTypeAndName method
14:49:43 [TestNG-test-Test-3] INFO  verifyingDisplaySizeFilterFunctionality_Mobile_14-48-15 - [verifyingDisplaySizeFilterFunctionality_Mobile_14-48-15] Within safeClickBooleanWithScreenShot method
14:49:43 [TestNG-test-Test-3] INFO  verifyingDisplaySizeFilterFunctionality_Mobile_14-48-15 - [verifyingDisplaySizeFilterFunctionality_Mobile_14-48-15] Within getAppliedfilterByTypeAndName method
14:49:43 [TestNG-test-Test-3] INFO  verifyingDisplaySizeFilterFunctionality_Mobile_14-48-15 - [verifyingDisplaySizeFilterFunctionality_Mobile_14-48-15] Within smoothScrollToElement method
14:49:43 [TestNG-test-Test-3] INFO  verifyingDisplaySizeFilterFunctionality_Mobile_14-48-15 - [verifyingDisplaySizeFilterFunctionality_Mobile_14-48-15] Within safeFindElement method
14:49:43 [TestNG-test-Test-3] INFO  verifyingDisplaySizeFilterFunctionality_Mobile_14-48-15 - [verifyingDisplaySizeFilterFunctionality_Mobile_14-48-15]Found the element returning it ,element ->[[ChromeDriver: chrome on windows (16910463b227a8dd670a8d10a7954f9b)] -> xpath: //span[@class='a-size-base a-color-base puis-bold-weight-text' and text()='Screen Size']]
14:49:43 [TestNG-test-Test-3] INFO  verifyingDisplaySizeFilterFunctionality_Mobile_14-48-15 - [verifyingDisplaySizeFilterFunctionality_Mobile_14-48-15] Successfully scrolled to element: By.xpath: //span[@class='a-size-base a-color-base puis-bold-weight-text' and text()='Screen Size']
14:49:43 [TestNG-test-Test-3] INFO  verifyingDisplaySizeFilterFunctionality_Mobile_14-48-15 - [verifyingDisplaySizeFilterFunctionality_Mobile_14-48-15] Within getMoreButtonByFilterTypeAndName method
14:49:43 [TestNG-test-Test-3] INFO  verifyingDisplaySizeFilterFunctionality_Mobile_14-48-15 - [verifyingDisplaySizeFilterFunctionality_Mobile_14-48-15] could not find more button
14:49:43 [TestNG-test-Test-3] INFO  verifyingDisplaySizeFilterFunctionality_Mobile_14-48-15 - [verifyingDisplaySizeFilterFunctionality_Mobile_14-48-15] Within getAppliedfilterByTypeAndName method
14:49:43 [TestNG-test-Test-3] INFO  verifyingDisplaySizeFilterFunctionality_Mobile_14-48-15 - [verifyingDisplaySizeFilterFunctionality_Mobile_14-48-15] Within smoothScrollToElement method
14:49:43 [TestNG-test-Test-3] INFO  verifyingDisplaySizeFilterFunctionality_Mobile_14-48-15 - [verifyingDisplaySizeFilterFunctionality_Mobile_14-48-15] Within safeFindElement method
14:49:45 [TestNG-test-Test-3] INFO  verifyingDisplaySizeFilterFunctionality_Mobile_14-48-15 - [verifyingDisplaySizeFilterFunctionality_Mobile_14-48-15]Found the element returning it ,element ->[[ChromeDriver: chrome on windows (16910463b227a8dd670a8d10a7954f9b)] -> xpath: //span[@class='a-size-base a-color-base puis-bold-weight-text' and text()='Screen Size']]
14:49:45 [TestNG-test-Test-3] INFO  verifyingDisplaySizeFilterFunctionality_Mobile_14-48-15 - [verifyingDisplaySizeFilterFunctionality_Mobile_14-48-15] Successfully scrolled to element: By.xpath: //span[@class='a-size-base a-color-base puis-bold-weight-text' and text()='Screen Size']
14:49:45 [TestNG-test-Test-3] INFO  verifyingDisplaySizeFilterFunctionality_Mobile_14-48-15 - [verifyingDisplaySizeFilterFunctionality_Mobile_14-48-15] Within getMoreButtonByFilterTypeAndName method
14:49:45 [TestNG-test-Test-3] INFO  verifyingDisplaySizeFilterFunctionality_Mobile_14-48-15 - [verifyingDisplaySizeFilterFunctionality_Mobile_14-48-15] could not find more button
14:49:45 [TestNG-test-Test-3] INFO  verifyingDisplaySizeFilterFunctionality_Mobile_14-48-15 - [verifyingDisplaySizeFilterFunctionality_Mobile_14-48-15] Within getfilterByTypeAndName method
14:49:45 [TestNG-test-Test-3] INFO  verifyingDisplaySizeFilterFunctionality_Mobile_14-48-15 - [verifyingDisplaySizeFilterFunctionality_Mobile_14-48-15] Within smoothScrollToElement method
14:49:45 [TestNG-test-Test-3] INFO  verifyingDisplaySizeFilterFunctionality_Mobile_14-48-15 - [verifyingDisplaySizeFilterFunctionality_Mobile_14-48-15] Within safeFindElement method
14:49:45 [TestNG-test-Test-3] INFO  verifyingDisplaySizeFilterFunctionality_Mobile_14-48-15 - [verifyingDisplaySizeFilterFunctionality_Mobile_14-48-15]Found the element returning it ,element ->[[ChromeDriver: chrome on windows (16910463b227a8dd670a8d10a7954f9b)] -> xpath: //span[@class='a-size-base a-color-base puis-bold-weight-text' and text()='Screen Size']/parent::div/following-sibling::ul//span[@class='a-size-base a-color-base a-text-bold' and text()='Up to 12.9 cm']]
14:49:45 [TestNG-test-Test-3] INFO  verifyingDisplaySizeFilterFunctionality_Mobile_14-48-15 - [verifyingDisplaySizeFilterFunctionality_Mobile_14-48-15] Successfully scrolled to element: By.xpath: //span[@class='a-size-base a-color-base puis-bold-weight-text' and text()='Screen Size']/parent::div/following-sibling::ul//span[@class='a-size-base a-color-base a-text-bold' and text()='Up to 12.9 cm']
14:49:45 [TestNG-test-Test-3] INFO  verifyingDisplaySizeFilterFunctionality_Mobile_14-48-15 - [verifyingDisplaySizeFilterFunctionality_Mobile_14-48-15] Clicked the element using safe click ,element is [[ChromeDriver: chrome on windows (16910463b227a8dd670a8d10a7954f9b)] -> xpath: //span[@class='a-size-base a-color-base puis-bold-weight-text' and text()='Screen Size']/parent::div/following-sibling::ul//span[@class='a-size-base a-color-base' and text()='Up to 12.9 cm']]
14:49:45 [TestNG-test-Test-3] INFO  verifyingDisplaySizeFilterFunctionality_Mobile_14-48-15 - [verifyingDisplaySizeFilterFunctionality_Mobile_14-48-15] Within safeFindElements 
14:49:45 [TestNG-test-Test-3] INFO  verifyingDisplaySizeFilterFunctionality_Mobile_14-48-15 - [verifyingDisplaySizeFilterFunctionality_Mobile_14-48-15] Returning the  [[[ChromeDriver: chrome on windows (16910463b227a8dd670a8d10a7954f9b)] -> xpath: //div[@data-cy='title-recipe']], [[ChromeDriver: chrome on windows (16910463b227a8dd670a8d10a7954f9b)] -> xpath: //div[@data-cy='title-recipe']], [[ChromeDriver: chrome on windows (16910463b227a8dd670a8d10a7954f9b)] -> xpath: //div[@data-cy='title-recipe']], [[ChromeDriver: chrome on windows (16910463b227a8dd670a8d10a7954f9b)] -> xpath: //div[@data-cy='title-recipe']], [[ChromeDriver: chrome on windows (16910463b227a8dd670a8d10a7954f9b)] -> xpath: //div[@data-cy='title-recipe']], [[ChromeDriver: chrome on windows (16910463b227a8dd670a8d10a7954f9b)] -> xpath: //div[@data-cy='title-recipe']], [[ChromeDriver: chrome on windows (16910463b227a8dd670a8d10a7954f9b)] -> xpath: //div[@data-cy='title-recipe']], [[ChromeDriver: chrome on windows (16910463b227a8dd670a8d10a7954f9b)] -> xpath: //div[@data-cy='title-recipe']], [[ChromeDriver: chrome on windows (16910463b227a8dd670a8d10a7954f9b)] -> xpath: //div[@data-cy='title-recipe']], [[ChromeDriver: chrome on windows (16910463b227a8dd670a8d10a7954f9b)] -> xpath: //div[@data-cy='title-recipe']], [[ChromeDriver: chrome on windows (16910463b227a8dd670a8d10a7954f9b)] -> xpath: //div[@data-cy='title-recipe']], [[ChromeDriver: chrome on windows (16910463b227a8dd670a8d10a7954f9b)] -> xpath: //div[@data-cy='title-recipe']], [[ChromeDriver: chrome on windows (16910463b227a8dd670a8d10a7954f9b)] -> xpath: //div[@data-cy='title-recipe']], [[ChromeDriver: chrome on windows (16910463b227a8dd670a8d10a7954f9b)] -> xpath: //div[@data-cy='title-recipe']], [[ChromeDriver: chrome on windows (16910463b227a8dd670a8d10a7954f9b)] -> xpath: //div[@data-cy='title-recipe']], [[ChromeDriver: chrome on windows (16910463b227a8dd670a8d10a7954f9b)] -> xpath: //div[@data-cy='title-recipe']]] from the safeFindElements method
14:49:45 [TestNG-test-Test-3] INFO  verifyingDisplaySizeFilterFunctionality_Mobile_14-48-15 - [verifyingDisplaySizeFilterFunctionality_Mobile_14-48-15] Execution is Not CRON Job Hence refering to normal keys from UtilData
14:49:45 [TestNG-test-Test-3] INFO  verifyingDisplaySizeFilterFunctionality_Mobile_14-48-15 - [verifyingDisplaySizeFilterFunctionality_Mobile_14-48-15] Within safeFindElements 
14:49:45 [TestNG-test-Test-3] INFO  verifyingDisplaySizeFilterFunctionality_Mobile_14-48-15 - [verifyingDisplaySizeFilterFunctionality_Mobile_14-48-15] Returning the  [[[ChromeDriver: chrome on windows (16910463b227a8dd670a8d10a7954f9b)] -> xpath: //div[@data-cy='title-recipe']], [[ChromeDriver: chrome on windows (16910463b227a8dd670a8d10a7954f9b)] -> xpath: //div[@data-cy='title-recipe']], [[ChromeDriver: chrome on windows (16910463b227a8dd670a8d10a7954f9b)] -> xpath: //div[@data-cy='title-recipe']], [[ChromeDriver: chrome on windows (16910463b227a8dd670a8d10a7954f9b)] -> xpath: //div[@data-cy='title-recipe']], [[ChromeDriver: chrome on windows (16910463b227a8dd670a8d10a7954f9b)] -> xpath: //div[@data-cy='title-recipe']], [[ChromeDriver: chrome on windows (16910463b227a8dd670a8d10a7954f9b)] -> xpath: //div[@data-cy='title-recipe']], [[ChromeDriver: chrome on windows (16910463b227a8dd670a8d10a7954f9b)] -> xpath: //div[@data-cy='title-recipe']], [[ChromeDriver: chrome on windows (16910463b227a8dd670a8d10a7954f9b)] -> xpath: //div[@data-cy='title-recipe']], [[ChromeDriver: chrome on windows (16910463b227a8dd670a8d10a7954f9b)] -> xpath: //div[@data-cy='title-recipe']], [[ChromeDriver: chrome on windows (16910463b227a8dd670a8d10a7954f9b)] -> xpath: //div[@data-cy='title-recipe']], [[ChromeDriver: chrome on windows (16910463b227a8dd670a8d10a7954f9b)] -> xpath: //div[@data-cy='title-recipe']], [[ChromeDriver: chrome on windows (16910463b227a8dd670a8d10a7954f9b)] -> xpath: //div[@data-cy='title-recipe']], [[ChromeDriver: chrome on windows (16910463b227a8dd670a8d10a7954f9b)] -> xpath: //div[@data-cy='title-recipe']], [[ChromeDriver: chrome on windows (16910463b227a8dd670a8d10a7954f9b)] -> xpath: //div[@data-cy='title-recipe']], [[ChromeDriver: chrome on windows (16910463b227a8dd670a8d10a7954f9b)] -> xpath: //div[@data-cy='title-recipe']], [[ChromeDriver: chrome on windows (16910463b227a8dd670a8d10a7954f9b)] -> xpath: //div[@data-cy='title-recipe']]] from the safeFindElements method
14:49:45 [TestNG-test-Test-3] INFO  verifyingDisplaySizeFilterFunctionality_Mobile_14-48-15 - [verifyingDisplaySizeFilterFunctionality_Mobile_14-48-15] Within productNameListingPage loop in applyFilterAndValidateProductsWithResult
14:49:45 [TestNG-test-Test-3] INFO  verifyingDisplaySizeFilterFunctionality_Mobile_14-48-15 - [verifyingDisplaySizeFilterFunctionality_Mobile_14-48-15] Within getProductByIndex method
14:49:45 [TestNG-test-Test-3] INFO  verifyingDisplaySizeFilterFunctionality_Mobile_14-48-15 - [verifyingDisplaySizeFilterFunctionality_Mobile_14-48-15] Within safeFindElement method
14:49:46 [TestNG-test-Test-3] INFO  verifyingDisplaySizeFilterFunctionality_Mobile_14-48-15 - [verifyingDisplaySizeFilterFunctionality_Mobile_14-48-15]Found the element returning it ,element ->[[ChromeDriver: chrome on windows (16910463b227a8dd670a8d10a7954f9b)] -> xpath: (//div[@data-cy='title-recipe'])[1]]
14:49:46 [TestNG-test-Test-3] INFO  verifyingDisplaySizeFilterFunctionality_Mobile_14-48-15 - [verifyingDisplaySizeFilterFunctionality_Mobile_14-48-15] Within getProductByIndex method
14:49:46 [TestNG-test-Test-3] INFO  verifyingDisplaySizeFilterFunctionality_Mobile_14-48-15 - [verifyingDisplaySizeFilterFunctionality_Mobile_14-48-15] Within smoothScrollToElement method
14:49:46 [TestNG-test-Test-3] INFO  verifyingDisplaySizeFilterFunctionality_Mobile_14-48-15 - [verifyingDisplaySizeFilterFunctionality_Mobile_14-48-15] Within safeFindElement method
14:49:46 [TestNG-test-Test-3] INFO  verifyingDisplaySizeFilterFunctionality_Mobile_14-48-15 - [verifyingDisplaySizeFilterFunctionality_Mobile_14-48-15]Found the element returning it ,element ->[[ChromeDriver: chrome on windows (16910463b227a8dd670a8d10a7954f9b)] -> xpath: (//div[@data-cy='title-recipe'])[1]]
14:49:46 [TestNG-test-Test-3] INFO  verifyingDisplaySizeFilterFunctionality_Mobile_14-48-15 - [verifyingDisplaySizeFilterFunctionality_Mobile_14-48-15] Successfully scrolled to element: By.xpath: (//div[@data-cy='title-recipe'])[1]
14:49:46 [TestNG-test-Test-3] INFO  verifyingDisplaySizeFilterFunctionality_Mobile_14-48-15 - [verifyingDisplaySizeFilterFunctionality_Mobile_14-48-15] Getting product by index in productNameListingPage loop
14:49:46 [TestNG-test-Test-3] INFO  verifyingDisplaySizeFilterFunctionality_Mobile_14-48-15 - [verifyingDisplaySizeFilterFunctionality_Mobile_14-48-15] Opened product in new tab via Ctrl+Click inside productNameListingPage loop
14:49:46 [TestNG-test-Test-3] INFO  verifyingDisplaySizeFilterFunctionality_Mobile_14-48-15 - [verifyingDisplaySizeFilterFunctionality_Mobile_14-48-15] Waiting for new window to open...
14:49:46 [TestNG-test-Test-3] INFO  verifyingDisplaySizeFilterFunctionality_Mobile_14-48-15 - [verifyingDisplaySizeFilterFunctionality_Mobile_14-48-15] Switched to new window -> 820327BED78628A2D8ABA5E42EB3D600
14:49:46 [TestNG-test-Test-3] INFO  verifyingDisplaySizeFilterFunctionality_Mobile_14-48-15 - [verifyingDisplaySizeFilterFunctionality_Mobile_14-48-15] Swithcing to the new window  within productNameListingPage loop
14:49:46 [TestNG-test-Test-3] INFO  verifyingDisplaySizeFilterFunctionality_Mobile_14-48-15 - [verifyingDisplaySizeFilterFunctionality_Mobile_14-48-15] Clicked product name to open in new tab from productNameListingPage loop
14:49:46 [TestNG-test-Test-3] INFO  verifyingDisplaySizeFilterFunctionality_Mobile_14-48-15 - [verifyingDisplaySizeFilterFunctionality_Mobile_14-48-15] Waiting until element is visible in viewport
14:49:54 [TestNG-test-Test-3] WARN  verifyingDisplaySizeFilterFunctionality_Mobile_14-48-15 - [verifyingDisplaySizeFilterFunctionality_Mobile_14-48-15] Product detail page did not load for index 1 filter 'Up to 12.9 cm'; skipping detail scrape to avoid redundant retries/timeouts
14:49:54 [TestNG-test-Test-3] INFO  verifyingDisplaySizeFilterFunctionality_Mobile_14-48-15 - [verifyingDisplaySizeFilterFunctionality_Mobile_14-48-15] Within closeCurrentWindowAndSwitchBack method
14:49:54 [TestNG-test-Test-3] INFO  verifyingDisplaySizeFilterFunctionality_Mobile_14-48-15 - [verifyingDisplaySizeFilterFunctionality_Mobile_14-48-15] Total open windows/tabs count -> 2
14:49:54 [TestNG-test-Test-3] INFO  verifyingDisplaySizeFilterFunctionality_Mobile_14-48-15 - [verifyingDisplaySizeFilterFunctionality_Mobile_14-48-15] Original window handle -> F707DF70555F142234F82C364E561336
14:49:54 [TestNG-test-Test-3] INFO  verifyingDisplaySizeFilterFunctionality_Mobile_14-48-15 - [verifyingDisplaySizeFilterFunctionality_Mobile_14-48-15] Found new tab/window handle -> 820327BED78628A2D8ABA5E42EB3D600 (will be closed)
14:49:54 [TestNG-test-Test-3] INFO  verifyingDisplaySizeFilterFunctionality_Mobile_14-48-15 - [verifyingDisplaySizeFilterFunctionality_Mobile_14-48-15] Successfully switched to new tab/window -> 820327BED78628A2D8ABA5E42EB3D600
14:49:54 [TestNG-test-Test-3] INFO  verifyingDisplaySizeFilterFunctionality_Mobile_14-48-15 - [verifyingDisplaySizeFilterFunctionality_Mobile_14-48-15] Closed the newly opened tab/window -> 820327BED78628A2D8ABA5E42EB3D600
14:49:54 [TestNG-test-Test-3] INFO  verifyingDisplaySizeFilterFunctionality_Mobile_14-48-15 - [verifyingDisplaySizeFilterFunctionality_Mobile_14-48-15] Switched back to the original window -> F707DF70555F142234F82C364E561336
14:49:54 [TestNG-test-Test-3] INFO  verifyingDisplaySizeFilterFunctionality_Mobile_14-48-15 - [verifyingDisplaySizeFilterFunctionality_Mobile_14-48-15]  going back to product listing via closeCurrentWindowAndSwitchBack 
14:49:54 [TestNG-test-Test-3] INFO  verifyingDisplaySizeFilterFunctionality_Mobile_14-48-15 - [verifyingDisplaySizeFilterFunctionality_Mobile_14-48-15]  Added 'filter','title','keyFeatures', 'about', 'techDetails' into the Map -> productResult
14:49:54 [TestNG-test-Test-3] INFO  verifyingDisplaySizeFilterFunctionality_Mobile_14-48-15 - [verifyingDisplaySizeFilterFunctionality_Mobile_14-48-15]  Added 'productResult' Map into the 'results' i.e list of maps 
14:49:54 [TestNG-test-Test-3] INFO  verifyingDisplaySizeFilterFunctionality_Mobile_14-48-15 - [verifyingDisplaySizeFilterFunctionality_Mobile_14-48-15]==========================================================================================================
14:49:54 [TestNG-test-Test-3] INFO  verifyingDisplaySizeFilterFunctionality_Mobile_14-48-15 - [verifyingDisplaySizeFilterFunctionality_Mobile_14-48-15] Within safeFindElements 
14:49:54 [TestNG-test-Test-3] INFO  verifyingDisplaySizeFilterFunctionality_Mobile_14-48-15 - [verifyingDisplaySizeFilterFunctionality_Mobile_14-48-15] Returning the  [[[ChromeDriver: chrome on windows (16910463b227a8dd670a8d10a7954f9b)] -> xpath: //div[@data-cy='title-recipe']], [[ChromeDriver: chrome on windows (16910463b227a8dd670a8d10a7954f9b)] -> xpath: //div[@data-cy='title-recipe']], [[ChromeDriver: chrome on windows (16910463b227a8dd670a8d10a7954f9b)] -> xpath: //div[@data-cy='title-recipe']], [[ChromeDriver: chrome on windows (16910463b227a8dd670a8d10a7954f9b)] -> xpath: //div[@data-cy='title-recipe']], [[ChromeDriver: chrome on windows (16910463b227a8dd670a8d10a7954f9b)] -> xpath: //div[@data-cy='title-recipe']], [[ChromeDriver: chrome on windows (16910463b227a8dd670a8d10a7954f9b)] -> xpath: //div[@data-cy='title-recipe']], [[ChromeDriver: chrome on windows (16910463b227a8dd670a8d10a7954f9b)] -> xpath: //div[@data-cy='title-recipe']], [[ChromeDriver: chrome on windows (16910463b227a8dd670a8d10a7954f9b)] -> xpath: //div[@data-cy='title-recipe']], [[ChromeDriver: chrome on windows (16910463b227a8dd670a8d10a7954f9b)] -> xpath: //div[@data-cy='title-recipe']], [[ChromeDriver: chrome on windows (16910463b227a8dd670a8d10a7954f9b)] -> xpath: //div[@data-cy='title-recipe']], [[ChromeDriver: chrome on windows (16910463b227a8dd670a8d10a7954f9b)] -> xpath: //div[@data-cy='title-recipe']], [[ChromeDriver: chrome on windows (16910463b227a8dd670a8d10a7954f9b)] -> xpath: //div[@data-cy='title-recipe']], [[ChromeDriver: chrome on windows (16910463b227a8dd670a8d10a7954f9b)] -> xpath: //div[@data-cy='title-recipe']], [[ChromeDriver: chrome on windows (16910463b227a8dd670a8d10a7954f9b)] -> xpath: //div[@data-cy='title-recipe']], [[ChromeDriver: chrome on windows (16910463b227a8dd670a8d10a7954f9b)] -> xpath: //div[@data-cy='title-recipe']], [[ChromeDriver: chrome on windows (16910463b227a8dd670a8d10a7954f9b)] -> xpath: //div[@data-cy='title-recipe']]] from the safeFindElements method
14:49:54 [TestNG-test-Test-3] INFO  verifyingDisplaySizeFilterFunctionality_Mobile_14-48-15 - [verifyingDisplaySizeFilterFunctionality_Mobile_14-48-15] Within productNameListingPage loop in applyFilterAndValidateProductsWithResult
14:49:54 [TestNG-test-Test-3] INFO  verifyingDisplaySizeFilterFunctionality_Mobile_14-48-15 - [verifyingDisplaySizeFilterFunctionality_Mobile_14-48-15] Within getProductByIndex method
14:49:54 [TestNG-test-Test-3] INFO  verifyingDisplaySizeFilterFunctionality_Mobile_14-48-15 - [verifyingDisplaySizeFilterFunctionality_Mobile_14-48-15] Within safeFindElement method
14:49:54 [TestNG-test-Test-3] INFO  verifyingDisplaySizeFilterFunctionality_Mobile_14-48-15 - [verifyingDisplaySizeFilterFunctionality_Mobile_14-48-15]Found the element returning it ,element ->[[ChromeDriver: chrome on windows (16910463b227a8dd670a8d10a7954f9b)] -> xpath: (//div[@data-cy='title-recipe'])[2]]
14:49:54 [TestNG-test-Test-3] INFO  verifyingDisplaySizeFilterFunctionality_Mobile_14-48-15 - [verifyingDisplaySizeFilterFunctionality_Mobile_14-48-15] Within getProductByIndex method
14:49:54 [TestNG-test-Test-3] INFO  verifyingDisplaySizeFilterFunctionality_Mobile_14-48-15 - [verifyingDisplaySizeFilterFunctionality_Mobile_14-48-15] Within smoothScrollToElement method
14:49:54 [TestNG-test-Test-3] INFO  verifyingDisplaySizeFilterFunctionality_Mobile_14-48-15 - [verifyingDisplaySizeFilterFunctionality_Mobile_14-48-15] Within safeFindElement method
14:49:54 [TestNG-test-Test-3] INFO  verifyingDisplaySizeFilterFunctionality_Mobile_14-48-15 - [verifyingDisplaySizeFilterFunctionality_Mobile_14-48-15]Found the element returning it ,element ->[[ChromeDriver: chrome on windows (16910463b227a8dd670a8d10a7954f9b)] -> xpath: (//div[@data-cy='title-recipe'])[2]]
14:49:54 [TestNG-test-Test-3] INFO  verifyingDisplaySizeFilterFunctionality_Mobile_14-48-15 - [verifyingDisplaySizeFilterFunctionality_Mobile_14-48-15] Successfully scrolled to element: By.xpath: (//div[@data-cy='title-recipe'])[2]
14:49:54 [TestNG-test-Test-3] INFO  verifyingDisplaySizeFilterFunctionality_Mobile_14-48-15 - [verifyingDisplaySizeFilterFunctionality_Mobile_14-48-15] Getting product by index in productNameListingPage loop
14:49:54 [TestNG-test-Test-3] INFO  verifyingDisplaySizeFilterFunctionality_Mobile_14-48-15 - [verifyingDisplaySizeFilterFunctionality_Mobile_14-48-15] Opened product in new tab via Ctrl+Click inside productNameListingPage loop
14:49:54 [TestNG-test-Test-3] INFO  verifyingDisplaySizeFilterFunctionality_Mobile_14-48-15 - [verifyingDisplaySizeFilterFunctionality_Mobile_14-48-15] Waiting for new window to open...
14:49:54 [TestNG-test-Test-3] INFO  verifyingDisplaySizeFilterFunctionality_Mobile_14-48-15 - [verifyingDisplaySizeFilterFunctionality_Mobile_14-48-15] Switched to new window -> 08D46AABCEB82D3DCD4424DCAB376981
14:49:54 [TestNG-test-Test-3] INFO  verifyingDisplaySizeFilterFunctionality_Mobile_14-48-15 - [verifyingDisplaySizeFilterFunctionality_Mobile_14-48-15] Swithcing to the new window  within productNameListingPage loop
14:49:54 [TestNG-test-Test-3] INFO  verifyingDisplaySizeFilterFunctionality_Mobile_14-48-15 - [verifyingDisplaySizeFilterFunctionality_Mobile_14-48-15] Clicked product name to open in new tab from productNameListingPage loop
14:49:54 [TestNG-test-Test-3] INFO  verifyingDisplaySizeFilterFunctionality_Mobile_14-48-15 - [verifyingDisplaySizeFilterFunctionality_Mobile_14-48-15] Waiting until element is visible in viewport
14:49:58 [TestNG-test-Test-3] INFO  verifyingDisplaySizeFilterFunctionality_Mobile_14-48-15 - [verifyingDisplaySizeFilterFunctionality_Mobile_14-48-15] Within safeFindElement method
14:49:58 [TestNG-test-Test-3] INFO  verifyingDisplaySizeFilterFunctionality_Mobile_14-48-15 - [verifyingDisplaySizeFilterFunctionality_Mobile_14-48-15]Found the element returning it ,element ->[[ChromeDriver: chrome on windows (16910463b227a8dd670a8d10a7954f9b)] -> xpath: //span[@id='productTitle']]
14:49:58 [TestNG-test-Test-3] INFO  verifyingDisplaySizeFilterFunctionality_Mobile_14-48-15 - [verifyingDisplaySizeFilterFunctionality_Mobile_14-48-15] Within safeFindElement method
14:49:58 [TestNG-test-Test-3] INFO  verifyingDisplaySizeFilterFunctionality_Mobile_14-48-15 - [verifyingDisplaySizeFilterFunctionality_Mobile_14-48-15]Found the element returning it ,element ->[[ChromeDriver: chrome on windows (16910463b227a8dd670a8d10a7954f9b)] -> xpath: //div[@class='a-section a-spacing-small a-spacing-top-small']]
14:49:58 [TestNG-test-Test-3] INFO  verifyingDisplaySizeFilterFunctionality_Mobile_14-48-15 - [verifyingDisplaySizeFilterFunctionality_Mobile_14-48-15] Within safeFindElement method
14:49:58 [TestNG-test-Test-3] INFO  verifyingDisplaySizeFilterFunctionality_Mobile_14-48-15 - [verifyingDisplaySizeFilterFunctionality_Mobile_14-48-15]Found the element returning it ,element ->[[ChromeDriver: chrome on windows (16910463b227a8dd670a8d10a7954f9b)] -> xpath: //div[@id='feature-bullets']]
14:49:58 [TestNG-test-Test-3] INFO  verifyingDisplaySizeFilterFunctionality_Mobile_14-48-15 - [verifyingDisplaySizeFilterFunctionality_Mobile_14-48-15] Within safeFindElement method
14:49:58 [TestNG-test-Test-3] INFO  verifyingDisplaySizeFilterFunctionality_Mobile_14-48-15 - [verifyingDisplaySizeFilterFunctionality_Mobile_14-48-15]Found the element returning it ,element ->[[ChromeDriver: chrome on windows (16910463b227a8dd670a8d10a7954f9b)] -> xpath: //div[@id='prodDetails']]
14:49:58 [TestNG-test-Test-3] INFO  verifyingDisplaySizeFilterFunctionality_Mobile_14-48-15 - [verifyingDisplaySizeFilterFunctionality_Mobile_14-48-15] Extracting 'name' , 'keyFeatures', 'about' , 'techDetails' within productNameListingPage loop
14:49:58 [TestNG-test-Test-3] INFO  verifyingDisplaySizeFilterFunctionality_Mobile_14-48-15 - [verifyingDisplaySizeFilterFunctionality_Mobile_14-48-15] Waiting until element is visible in viewport
14:50:08 [TestNG-test-Test-3] INFO  verifyingDisplaySizeFilterFunctionality_Mobile_14-48-15 - [verifyingDisplaySizeFilterFunctionality_Mobile_14-48-15] Within smoothScrollToElement method
14:50:08 [TestNG-test-Test-3] INFO  verifyingDisplaySizeFilterFunctionality_Mobile_14-48-15 - [verifyingDisplaySizeFilterFunctionality_Mobile_14-48-15] Within safeFindElement method
14:50:08 [TestNG-test-Test-3] INFO  verifyingDisplaySizeFilterFunctionality_Mobile_14-48-15 - [verifyingDisplaySizeFilterFunctionality_Mobile_14-48-15]Found the element returning it ,element ->[[ChromeDriver: chrome on windows (16910463b227a8dd670a8d10a7954f9b)] -> xpath: //a[@id='seeMoreDetailsLink']]
14:50:08 [TestNG-test-Test-3] INFO  verifyingDisplaySizeFilterFunctionality_Mobile_14-48-15 - [verifyingDisplaySizeFilterFunctionality_Mobile_14-48-15] Successfully scrolled to element: By.xpath: //a[@id='seeMoreDetailsLink']
14:50:08 [TestNG-test-Test-3] INFO  verifyingDisplaySizeFilterFunctionality_Mobile_14-48-15 - [verifyingDisplaySizeFilterFunctionality_Mobile_14-48-15] Within safeClick method
14:50:09 [TestNG-test-Test-3] INFO  verifyingDisplaySizeFilterFunctionality_Mobile_14-48-15 - [verifyingDisplaySizeFilterFunctionality_Mobile_14-48-15] Clicked the  [[ChromeDriver: chrome on windows (16910463b227a8dd670a8d10a7954f9b)] -> xpath: //a[@id='seeMoreDetailsLink']]   using safeClick
14:50:09 [TestNG-test-Test-3] INFO  verifyingDisplaySizeFilterFunctionality_Mobile_14-48-15 - [verifyingDisplaySizeFilterFunctionality_Mobile_14-48-15] Within try block for clicking see more deatils within productNameListingPage loop
14:50:09 [TestNG-test-Test-3] INFO  verifyingDisplaySizeFilterFunctionality_Mobile_14-48-15 - [verifyingDisplaySizeFilterFunctionality_Mobile_14-48-15] Within closeCurrentWindowAndSwitchBack method
14:50:09 [TestNG-test-Test-3] INFO  verifyingDisplaySizeFilterFunctionality_Mobile_14-48-15 - [verifyingDisplaySizeFilterFunctionality_Mobile_14-48-15] Total open windows/tabs count -> 2
14:50:09 [TestNG-test-Test-3] INFO  verifyingDisplaySizeFilterFunctionality_Mobile_14-48-15 - [verifyingDisplaySizeFilterFunctionality_Mobile_14-48-15] Original window handle -> F707DF70555F142234F82C364E561336
14:50:09 [TestNG-test-Test-3] INFO  verifyingDisplaySizeFilterFunctionality_Mobile_14-48-15 - [verifyingDisplaySizeFilterFunctionality_Mobile_14-48-15] Found new tab/window handle -> 08D46AABCEB82D3DCD4424DCAB376981 (will be closed)
14:50:09 [TestNG-test-Test-3] INFO  verifyingDisplaySizeFilterFunctionality_Mobile_14-48-15 - [verifyingDisplaySizeFilterFunctionality_Mobile_14-48-15] Successfully switched to new tab/window -> 08D46AABCEB82D3DCD4424DCAB376981
14:50:09 [TestNG-test-Test-3] INFO  verifyingDisplaySizeFilterFunctionality_Mobile_14-48-15 - [verifyingDisplaySizeFilterFunctionality_Mobile_14-48-15] Closed the newly opened tab/window -> 08D46AABCEB82D3DCD4424DCAB376981
14:50:09 [TestNG-test-Test-3] INFO  verifyingDisplaySizeFilterFunctionality_Mobile_14-48-15 - [verifyingDisplaySizeFilterFunctionality_Mobile_14-48-15] Switched back to the original window -> F707DF70555F142234F82C364E561336
14:50:09 [TestNG-test-Test-3] INFO  verifyingDisplaySizeFilterFunctionality_Mobile_14-48-15 - [verifyingDisplaySizeFilterFunctionality_Mobile_14-48-15]  going back to product listing via closeCurrentWindowAndSwitchBack 
14:50:09 [TestNG-test-Test-3] INFO  verifyingDisplaySizeFilterFunctionality_Mobile_14-48-15 - [verifyingDisplaySizeFilterFunctionality_Mobile_14-48-15]  Added 'filter','title','keyFeatures', 'about', 'techDetails' into the Map -> productResult
14:50:09 [TestNG-test-Test-3] INFO  verifyingDisplaySizeFilterFunctionality_Mobile_14-48-15 - [verifyingDisplaySizeFilterFunctionality_Mobile_14-48-15]  Added 'productResult' Map into the 'results' i.e list of maps 
14:50:09 [TestNG-test-Test-3] INFO  verifyingDisplaySizeFilterFunctionality_Mobile_14-48-15 - [verifyingDisplaySizeFilterFunctionality_Mobile_14-48-15]==========================================================================================================
14:50:09 [TestNG-test-Test-3] INFO  verifyingDisplaySizeFilterFunctionality_Mobile_14-48-15 - [verifyingDisplaySizeFilterFunctionality_Mobile_14-48-15] Within safeClick method
14:50:09 [TestNG-test-Test-3] INFO  verifyingDisplaySizeFilterFunctionality_Mobile_14-48-15 - [verifyingDisplaySizeFilterFunctionality_Mobile_14-48-15] Clicked the  [[ChromeDriver: chrome on windows (16910463b227a8dd670a8d10a7954f9b)] -> xpath: //span[@class='a-size-base a-color-base' and text()='Clear']]   using safeClick
14:50:09 [TestNG-test-Test-3] INFO  verifyingDisplaySizeFilterFunctionality_Mobile_14-48-15 - [verifyingDisplaySizeFilterFunctionality_Mobile_14-48-15] Clearing the filter value ->Up to 12.9 cmwithin productNameListingPage loop
14:50:09 [TestNG-test-Test-3] INFO  verifyingDisplaySizeFilterFunctionality_Mobile_14-48-15 - [verifyingDisplaySizeFilterFunctionality_Mobile_14-48-15]==========================================================================================================
14:50:09 [TestNG-test-Test-3] INFO  verifyingDisplaySizeFilterFunctionality_Mobile_14-48-15 - [verifyingDisplaySizeFilterFunctionality_Mobile_14-48-15]==========================================================================================================
14:50:09 [TestNG-test-Test-3] INFO  verifyingDisplaySizeFilterFunctionality_Mobile_14-48-15 - [verifyingDisplaySizeFilterFunctionality_Mobile_14-48-15] Within filterOptions loop in applyFilterAndValidateProductsWithResult
14:50:09 [TestNG-test-Test-3] INFO  verifyingDisplaySizeFilterFunctionality_Mobile_14-48-15 - [verifyingDisplaySizeFilterFunctionality_Mobile_14-48-15] Within safeFindElements 
14:50:10 [TestNG-test-Test-3] INFO  verifyingDisplaySizeFilterFunctionality_Mobile_14-48-15 - [verifyingDisplaySizeFilterFunctionality_Mobile_14-48-15] Returning the  [[[ChromeDriver: chrome on windows (16910463b227a8dd670a8d10a7954f9b)] -> xpath: //span[@class='a-size-base a-color-base puis-bold-weight-text' and text()='Screen Size']/parent::div/following-sibling::ul//span[@class='a-size-base a-color-base']], [[ChromeDriver: chrome on windows (16910463b227a8dd670a8d10a7954f9b)] -> xpath: //span[@class='a-size-base a-color-base puis-bold-weight-text' and text()='Screen Size']/parent::div/following-sibling::ul//span[@class='a-size-base a-color-base']], [[ChromeDriver: chrome on windows (16910463b227a8dd670a8d10a7954f9b)] -> xpath: //span[@class='a-size-base a-color-base puis-bold-weight-text' and text()='Screen Size']/parent::div/following-sibling::ul//span[@class='a-size-base a-color-base']]] from the safeFindElements method
14:50:10 [TestNG-test-Test-3] INFO  verifyingDisplaySizeFilterFunctionality_Mobile_14-48-15 - [verifyingDisplaySizeFilterFunctionality_Mobile_14-48-15] Trying to read filter option 1 (attempt 1/3)
14:50:10 [TestNG-test-Test-3] INFO  verifyingDisplaySizeFilterFunctionality_Mobile_14-48-15 - [verifyingDisplaySizeFilterFunctionality_Mobile_14-48-15] Successfully read filter option 1 = '13 to 14.9 cm'
14:50:10 [TestNG-test-Test-3] INFO  verifyingDisplaySizeFilterFunctionality_Mobile_14-48-15 - [verifyingDisplaySizeFilterFunctionality_Mobile_14-48-15] Within getfilterByTypeAndName method
14:50:10 [TestNG-test-Test-3] INFO  verifyingDisplaySizeFilterFunctionality_Mobile_14-48-15 - [verifyingDisplaySizeFilterFunctionality_Mobile_14-48-15] Within safeClickBooleanWithScreenShot method
14:50:10 [TestNG-test-Test-3] INFO  verifyingDisplaySizeFilterFunctionality_Mobile_14-48-15 - [verifyingDisplaySizeFilterFunctionality_Mobile_14-48-15] Within getAppliedfilterByTypeAndName method
14:50:10 [TestNG-test-Test-3] INFO  verifyingDisplaySizeFilterFunctionality_Mobile_14-48-15 - [verifyingDisplaySizeFilterFunctionality_Mobile_14-48-15] Within smoothScrollToElement method
14:50:10 [TestNG-test-Test-3] INFO  verifyingDisplaySizeFilterFunctionality_Mobile_14-48-15 - [verifyingDisplaySizeFilterFunctionality_Mobile_14-48-15] Within safeFindElement method
14:50:10 [TestNG-test-Test-3] INFO  verifyingDisplaySizeFilterFunctionality_Mobile_14-48-15 - [verifyingDisplaySizeFilterFunctionality_Mobile_14-48-15]Found the element returning it ,element ->[[ChromeDriver: chrome on windows (16910463b227a8dd670a8d10a7954f9b)] -> xpath: //span[@class='a-size-base a-color-base puis-bold-weight-text' and text()='Screen Size']]
14:50:10 [TestNG-test-Test-3] INFO  verifyingDisplaySizeFilterFunctionality_Mobile_14-48-15 - [verifyingDisplaySizeFilterFunctionality_Mobile_14-48-15] Successfully scrolled to element: By.xpath: //span[@class='a-size-base a-color-base puis-bold-weight-text' and text()='Screen Size']
14:50:10 [TestNG-test-Test-3] INFO  verifyingDisplaySizeFilterFunctionality_Mobile_14-48-15 - [verifyingDisplaySizeFilterFunctionality_Mobile_14-48-15] Within getMoreButtonByFilterTypeAndName method
14:50:10 [TestNG-test-Test-3] INFO  verifyingDisplaySizeFilterFunctionality_Mobile_14-48-15 - [verifyingDisplaySizeFilterFunctionality_Mobile_14-48-15] could not find more button
14:50:10 [TestNG-test-Test-3] INFO  verifyingDisplaySizeFilterFunctionality_Mobile_14-48-15 - [verifyingDisplaySizeFilterFunctionality_Mobile_14-48-15] Within getAppliedfilterByTypeAndName method
14:50:10 [TestNG-test-Test-3] INFO  verifyingDisplaySizeFilterFunctionality_Mobile_14-48-15 - [verifyingDisplaySizeFilterFunctionality_Mobile_14-48-15] Within smoothScrollToElement method
14:50:10 [TestNG-test-Test-3] INFO  verifyingDisplaySizeFilterFunctionality_Mobile_14-48-15 - [verifyingDisplaySizeFilterFunctionality_Mobile_14-48-15] Within safeFindElement method
14:50:11 [TestNG-test-Test-3] INFO  verifyingDisplaySizeFilterFunctionality_Mobile_14-48-15 - [verifyingDisplaySizeFilterFunctionality_Mobile_14-48-15]Found the element returning it ,element ->[[ChromeDriver: chrome on windows (16910463b227a8dd670a8d10a7954f9b)] -> xpath: //span[@class='a-size-base a-color-base puis-bold-weight-text' and text()='Screen Size']]
14:50:11 [TestNG-test-Test-3] INFO  verifyingDisplaySizeFilterFunctionality_Mobile_14-48-15 - [verifyingDisplaySizeFilterFunctionality_Mobile_14-48-15] Successfully scrolled to element: By.xpath: //span[@class='a-size-base a-color-base puis-bold-weight-text' and text()='Screen Size']
14:50:11 [TestNG-test-Test-3] INFO  verifyingDisplaySizeFilterFunctionality_Mobile_14-48-15 - [verifyingDisplaySizeFilterFunctionality_Mobile_14-48-15] Within getMoreButtonByFilterTypeAndName method
14:50:11 [TestNG-test-Test-3] INFO  verifyingDisplaySizeFilterFunctionality_Mobile_14-48-15 - [verifyingDisplaySizeFilterFunctionality_Mobile_14-48-15] could not find more button
14:50:11 [TestNG-test-Test-3] INFO  verifyingDisplaySizeFilterFunctionality_Mobile_14-48-15 - [verifyingDisplaySizeFilterFunctionality_Mobile_14-48-15] Within getfilterByTypeAndName method
14:50:11 [TestNG-test-Test-3] INFO  verifyingDisplaySizeFilterFunctionality_Mobile_14-48-15 - [verifyingDisplaySizeFilterFunctionality_Mobile_14-48-15] Within smoothScrollToElement method
14:50:11 [TestNG-test-Test-3] INFO  verifyingDisplaySizeFilterFunctionality_Mobile_14-48-15 - [verifyingDisplaySizeFilterFunctionality_Mobile_14-48-15] Within safeFindElement method
14:50:11 [TestNG-test-Test-3] INFO  verifyingDisplaySizeFilterFunctionality_Mobile_14-48-15 - [verifyingDisplaySizeFilterFunctionality_Mobile_14-48-15]Found the element returning it ,element ->[[ChromeDriver: chrome on windows (16910463b227a8dd670a8d10a7954f9b)] -> xpath: //span[@class='a-size-base a-color-base puis-bold-weight-text' and text()='Screen Size']/parent::div/following-sibling::ul//span[@class='a-size-base a-color-base a-text-bold' and text()='13 to 14.9 cm']]
14:50:11 [TestNG-test-Test-3] INFO  verifyingDisplaySizeFilterFunctionality_Mobile_14-48-15 - [verifyingDisplaySizeFilterFunctionality_Mobile_14-48-15] Successfully scrolled to element: By.xpath: //span[@class='a-size-base a-color-base puis-bold-weight-text' and text()='Screen Size']/parent::div/following-sibling::ul//span[@class='a-size-base a-color-base a-text-bold' and text()='13 to 14.9 cm']
14:50:11 [TestNG-test-Test-3] INFO  verifyingDisplaySizeFilterFunctionality_Mobile_14-48-15 - [verifyingDisplaySizeFilterFunctionality_Mobile_14-48-15] Clicked the element using safe click ,element is [[ChromeDriver: chrome on windows (16910463b227a8dd670a8d10a7954f9b)] -> xpath: //span[@class='a-size-base a-color-base puis-bold-weight-text' and text()='Screen Size']/parent::div/following-sibling::ul//span[@class='a-size-base a-color-base' and text()='13 to 14.9 cm']]
14:50:11 [TestNG-test-Test-3] INFO  verifyingDisplaySizeFilterFunctionality_Mobile_14-48-15 - [verifyingDisplaySizeFilterFunctionality_Mobile_14-48-15] Within safeFindElements 
14:50:11 [TestNG-test-Test-3] INFO  verifyingDisplaySizeFilterFunctionality_Mobile_14-48-15 - [verifyingDisplaySizeFilterFunctionality_Mobile_14-48-15] Returning the  [[[ChromeDriver: chrome on windows (16910463b227a8dd670a8d10a7954f9b)] -> xpath: //div[@data-cy='title-recipe']], [[ChromeDriver: chrome on windows (16910463b227a8dd670a8d10a7954f9b)] -> xpath: //div[@data-cy='title-recipe']], [[ChromeDriver: chrome on windows (16910463b227a8dd670a8d10a7954f9b)] -> xpath: //div[@data-cy='title-recipe']], [[ChromeDriver: chrome on windows (16910463b227a8dd670a8d10a7954f9b)] -> xpath: //div[@data-cy='title-recipe']], [[ChromeDriver: chrome on windows (16910463b227a8dd670a8d10a7954f9b)] -> xpath: //div[@data-cy='title-recipe']], [[ChromeDriver: chrome on windows (16910463b227a8dd670a8d10a7954f9b)] -> xpath: //div[@data-cy='title-recipe']], [[ChromeDriver: chrome on windows (16910463b227a8dd670a8d10a7954f9b)] -> xpath: //div[@data-cy='title-recipe']], [[ChromeDriver: chrome on windows (16910463b227a8dd670a8d10a7954f9b)] -> xpath: //div[@data-cy='title-recipe']]] from the safeFindElements method
14:50:11 [TestNG-test-Test-3] INFO  verifyingDisplaySizeFilterFunctionality_Mobile_14-48-15 - [verifyingDisplaySizeFilterFunctionality_Mobile_14-48-15] Execution is Not CRON Job Hence refering to normal keys from UtilData
14:50:11 [TestNG-test-Test-3] INFO  verifyingDisplaySizeFilterFunctionality_Mobile_14-48-15 - [verifyingDisplaySizeFilterFunctionality_Mobile_14-48-15] Within safeFindElements 
14:50:11 [TestNG-test-Test-3] INFO  verifyingDisplaySizeFilterFunctionality_Mobile_14-48-15 - [verifyingDisplaySizeFilterFunctionality_Mobile_14-48-15] Returning the  [[[ChromeDriver: chrome on windows (16910463b227a8dd670a8d10a7954f9b)] -> xpath: //div[@data-cy='title-recipe']], [[ChromeDriver: chrome on windows (16910463b227a8dd670a8d10a7954f9b)] -> xpath: //div[@data-cy='title-recipe']], [[ChromeDriver: chrome on windows (16910463b227a8dd670a8d10a7954f9b)] -> xpath: //div[@data-cy='title-recipe']], [[ChromeDriver: chrome on windows (16910463b227a8dd670a8d10a7954f9b)] -> xpath: //div[@data-cy='title-recipe']], [[ChromeDriver: chrome on windows (16910463b227a8dd670a8d10a7954f9b)] -> xpath: //div[@data-cy='title-recipe']], [[ChromeDriver: chrome on windows (16910463b227a8dd670a8d10a7954f9b)] -> xpath: //div[@data-cy='title-recipe']], [[ChromeDriver: chrome on windows (16910463b227a8dd670a8d10a7954f9b)] -> xpath: //div[@data-cy='title-recipe']], [[ChromeDriver: chrome on windows (16910463b227a8dd670a8d10a7954f9b)] -> xpath: //div[@data-cy='title-recipe']]] from the safeFindElements method
14:50:11 [TestNG-test-Test-3] INFO  verifyingDisplaySizeFilterFunctionality_Mobile_14-48-15 - [verifyingDisplaySizeFilterFunctionality_Mobile_14-48-15] Within productNameListingPage loop in applyFilterAndValidateProductsWithResult
14:50:11 [TestNG-test-Test-3] INFO  verifyingDisplaySizeFilterFunctionality_Mobile_14-48-15 - [verifyingDisplaySizeFilterFunctionality_Mobile_14-48-15] Within getProductByIndex method
14:50:12 [TestNG-test-Test-3] INFO  verifyingDisplaySizeFilterFunctionality_Mobile_14-48-15 - [verifyingDisplaySizeFilterFunctionality_Mobile_14-48-15] Within safeFindElement method
14:50:12 [TestNG-test-Test-3] INFO  verifyingDisplaySizeFilterFunctionality_Mobile_14-48-15 - [verifyingDisplaySizeFilterFunctionality_Mobile_14-48-15]Found the element returning it ,element ->[[ChromeDriver: chrome on windows (16910463b227a8dd670a8d10a7954f9b)] -> xpath: (//div[@data-cy='title-recipe'])[1]]
14:50:12 [TestNG-test-Test-3] INFO  verifyingDisplaySizeFilterFunctionality_Mobile_14-48-15 - [verifyingDisplaySizeFilterFunctionality_Mobile_14-48-15] Within getProductByIndex method
14:50:12 [TestNG-test-Test-3] INFO  verifyingDisplaySizeFilterFunctionality_Mobile_14-48-15 - [verifyingDisplaySizeFilterFunctionality_Mobile_14-48-15] Within smoothScrollToElement method
14:50:12 [TestNG-test-Test-3] INFO  verifyingDisplaySizeFilterFunctionality_Mobile_14-48-15 - [verifyingDisplaySizeFilterFunctionality_Mobile_14-48-15] Within safeFindElement method
14:50:12 [TestNG-test-Test-3] INFO  verifyingDisplaySizeFilterFunctionality_Mobile_14-48-15 - [verifyingDisplaySizeFilterFunctionality_Mobile_14-48-15]Found the element returning it ,element ->[[ChromeDriver: chrome on windows (16910463b227a8dd670a8d10a7954f9b)] -> xpath: (//div[@data-cy='title-recipe'])[1]]
14:50:12 [TestNG-test-Test-3] INFO  verifyingDisplaySizeFilterFunctionality_Mobile_14-48-15 - [verifyingDisplaySizeFilterFunctionality_Mobile_14-48-15] Successfully scrolled to element: By.xpath: (//div[@data-cy='title-recipe'])[1]
14:50:12 [TestNG-test-Test-3] INFO  verifyingDisplaySizeFilterFunctionality_Mobile_14-48-15 - [verifyingDisplaySizeFilterFunctionality_Mobile_14-48-15] Getting product by index in productNameListingPage loop
14:50:12 [TestNG-test-Test-3] INFO  verifyingDisplaySizeFilterFunctionality_Mobile_14-48-15 - [verifyingDisplaySizeFilterFunctionality_Mobile_14-48-15] Opened product in new tab via Ctrl+Click inside productNameListingPage loop
14:50:12 [TestNG-test-Test-3] INFO  verifyingDisplaySizeFilterFunctionality_Mobile_14-48-15 - [verifyingDisplaySizeFilterFunctionality_Mobile_14-48-15] Waiting for new window to open...
14:50:12 [TestNG-test-Test-3] INFO  verifyingDisplaySizeFilterFunctionality_Mobile_14-48-15 - [verifyingDisplaySizeFilterFunctionality_Mobile_14-48-15] Switched to new window -> 64EDA5482F1577F0740AD2309430ABBD
14:50:12 [TestNG-test-Test-3] INFO  verifyingDisplaySizeFilterFunctionality_Mobile_14-48-15 - [verifyingDisplaySizeFilterFunctionality_Mobile_14-48-15] Swithcing to the new window  within productNameListingPage loop
14:50:12 [TestNG-test-Test-3] INFO  verifyingDisplaySizeFilterFunctionality_Mobile_14-48-15 - [verifyingDisplaySizeFilterFunctionality_Mobile_14-48-15] Clicked product name to open in new tab from productNameListingPage loop
14:50:12 [TestNG-test-Test-3] INFO  verifyingDisplaySizeFilterFunctionality_Mobile_14-48-15 - [verifyingDisplaySizeFilterFunctionality_Mobile_14-48-15] Waiting until element is visible in viewport
14:50:16 [TestNG-test-Test-3] INFO  verifyingDisplaySizeFilterFunctionality_Mobile_14-48-15 - [verifyingDisplaySizeFilterFunctionality_Mobile_14-48-15] Within safeFindElement method
14:50:16 [TestNG-test-Test-3] INFO  verifyingDisplaySizeFilterFunctionality_Mobile_14-48-15 - [verifyingDisplaySizeFilterFunctionality_Mobile_14-48-15]Found the element returning it ,element ->[[ChromeDriver: chrome on windows (16910463b227a8dd670a8d10a7954f9b)] -> xpath: //span[@id='productTitle']]
14:50:16 [TestNG-test-Test-3] INFO  verifyingDisplaySizeFilterFunctionality_Mobile_14-48-15 - [verifyingDisplaySizeFilterFunctionality_Mobile_14-48-15] Within safeFindElement method
14:50:16 [TestNG-test-Test-3] INFO  verifyingDisplaySizeFilterFunctionality_Mobile_14-48-15 - [verifyingDisplaySizeFilterFunctionality_Mobile_14-48-15]Found the element returning it ,element ->[[ChromeDriver: chrome on windows (16910463b227a8dd670a8d10a7954f9b)] -> xpath: //div[@class='a-section a-spacing-small a-spacing-top-small']]
14:50:16 [TestNG-test-Test-3] INFO  verifyingDisplaySizeFilterFunctionality_Mobile_14-48-15 - [verifyingDisplaySizeFilterFunctionality_Mobile_14-48-15] Within safeFindElement method
14:50:16 [TestNG-test-Test-3] INFO  verifyingDisplaySizeFilterFunctionality_Mobile_14-48-15 - [verifyingDisplaySizeFilterFunctionality_Mobile_14-48-15]Found the element returning it ,element ->[[ChromeDriver: chrome on windows (16910463b227a8dd670a8d10a7954f9b)] -> xpath: //div[@id='feature-bullets']]
14:50:16 [TestNG-test-Test-3] INFO  verifyingDisplaySizeFilterFunctionality_Mobile_14-48-15 - [verifyingDisplaySizeFilterFunctionality_Mobile_14-48-15] Within safeFindElement method
14:50:16 [TestNG-test-Test-3] INFO  verifyingDisplaySizeFilterFunctionality_Mobile_14-48-15 - [verifyingDisplaySizeFilterFunctionality_Mobile_14-48-15]Found the element returning it ,element ->[[ChromeDriver: chrome on windows (16910463b227a8dd670a8d10a7954f9b)] -> xpath: //div[@id='prodDetails']]
14:50:17 [TestNG-test-Test-3] INFO  verifyingDisplaySizeFilterFunctionality_Mobile_14-48-15 - [verifyingDisplaySizeFilterFunctionality_Mobile_14-48-15] Extracting 'name' , 'keyFeatures', 'about' , 'techDetails' within productNameListingPage loop
14:50:17 [TestNG-test-Test-3] INFO  verifyingDisplaySizeFilterFunctionality_Mobile_14-48-15 - [verifyingDisplaySizeFilterFunctionality_Mobile_14-48-15] Waiting until element is visible in viewport
14:50:27 [TestNG-test-Test-3] INFO  verifyingDisplaySizeFilterFunctionality_Mobile_14-48-15 - [verifyingDisplaySizeFilterFunctionality_Mobile_14-48-15] Within smoothScrollToElement method
14:50:27 [TestNG-test-Test-3] INFO  verifyingDisplaySizeFilterFunctionality_Mobile_14-48-15 - [verifyingDisplaySizeFilterFunctionality_Mobile_14-48-15] Within safeFindElement method
14:50:27 [TestNG-test-Test-3] INFO  verifyingDisplaySizeFilterFunctionality_Mobile_14-48-15 - [verifyingDisplaySizeFilterFunctionality_Mobile_14-48-15]Found the element returning it ,element ->[[ChromeDriver: chrome on windows (16910463b227a8dd670a8d10a7954f9b)] -> xpath: //a[@id='seeMoreDetailsLink']]
14:50:27 [TestNG-test-Test-3] INFO  verifyingDisplaySizeFilterFunctionality_Mobile_14-48-15 - [verifyingDisplaySizeFilterFunctionality_Mobile_14-48-15] Successfully scrolled to element: By.xpath: //a[@id='seeMoreDetailsLink']
14:50:27 [TestNG-test-Test-3] INFO  verifyingDisplaySizeFilterFunctionality_Mobile_14-48-15 - [verifyingDisplaySizeFilterFunctionality_Mobile_14-48-15] Within safeClick method
14:50:27 [TestNG-test-Test-3] INFO  verifyingDisplaySizeFilterFunctionality_Mobile_14-48-15 - [verifyingDisplaySizeFilterFunctionality_Mobile_14-48-15] Clicked the  [[ChromeDriver: chrome on windows (16910463b227a8dd670a8d10a7954f9b)] -> xpath: //a[@id='seeMoreDetailsLink']]   using safeClick
14:50:27 [TestNG-test-Test-3] INFO  verifyingDisplaySizeFilterFunctionality_Mobile_14-48-15 - [verifyingDisplaySizeFilterFunctionality_Mobile_14-48-15] Within try block for clicking see more deatils within productNameListingPage loop
14:50:27 [TestNG-test-Test-3] INFO  verifyingDisplaySizeFilterFunctionality_Mobile_14-48-15 - [verifyingDisplaySizeFilterFunctionality_Mobile_14-48-15] Within closeCurrentWindowAndSwitchBack method
14:50:27 [TestNG-test-Test-3] INFO  verifyingDisplaySizeFilterFunctionality_Mobile_14-48-15 - [verifyingDisplaySizeFilterFunctionality_Mobile_14-48-15] Total open windows/tabs count -> 2
14:50:27 [TestNG-test-Test-3] INFO  verifyingDisplaySizeFilterFunctionality_Mobile_14-48-15 - [verifyingDisplaySizeFilterFunctionality_Mobile_14-48-15] Original window handle -> F707DF70555F142234F82C364E561336
14:50:27 [TestNG-test-Test-3] INFO  verifyingDisplaySizeFilterFunctionality_Mobile_14-48-15 - [verifyingDisplaySizeFilterFunctionality_Mobile_14-48-15] Found new tab/window handle -> 64EDA5482F1577F0740AD2309430ABBD (will be closed)
14:50:27 [TestNG-test-Test-3] INFO  verifyingDisplaySizeFilterFunctionality_Mobile_14-48-15 - [verifyingDisplaySizeFilterFunctionality_Mobile_14-48-15] Successfully switched to new tab/window -> 64EDA5482F1577F0740AD2309430ABBD
14:50:27 [TestNG-test-Test-3] INFO  verifyingDisplaySizeFilterFunctionality_Mobile_14-48-15 - [verifyingDisplaySizeFilterFunctionality_Mobile_14-48-15] Closed the newly opened tab/window -> 64EDA5482F1577F0740AD2309430ABBD
14:50:27 [TestNG-test-Test-3] INFO  verifyingDisplaySizeFilterFunctionality_Mobile_14-48-15 - [verifyingDisplaySizeFilterFunctionality_Mobile_14-48-15] Switched back to the original window -> F707DF70555F142234F82C364E561336
14:50:27 [TestNG-test-Test-3] INFO  verifyingDisplaySizeFilterFunctionality_Mobile_14-48-15 - [verifyingDisplaySizeFilterFunctionality_Mobile_14-48-15]  going back to product listing via closeCurrentWindowAndSwitchBack 
14:50:27 [TestNG-test-Test-3] INFO  verifyingDisplaySizeFilterFunctionality_Mobile_14-48-15 - [verifyingDisplaySizeFilterFunctionality_Mobile_14-48-15]  Added 'filter','title','keyFeatures', 'about', 'techDetails' into the Map -> productResult
14:50:27 [TestNG-test-Test-3] INFO  verifyingDisplaySizeFilterFunctionality_Mobile_14-48-15 - [verifyingDisplaySizeFilterFunctionality_Mobile_14-48-15]  Added 'productResult' Map into the 'results' i.e list of maps 
14:50:27 [TestNG-test-Test-3] INFO  verifyingDisplaySizeFilterFunctionality_Mobile_14-48-15 - [verifyingDisplaySizeFilterFunctionality_Mobile_14-48-15]==========================================================================================================
14:50:27 [TestNG-test-Test-3] INFO  verifyingDisplaySizeFilterFunctionality_Mobile_14-48-15 - [verifyingDisplaySizeFilterFunctionality_Mobile_14-48-15] Within safeFindElements 
14:50:27 [TestNG-test-Test-3] INFO  verifyingDisplaySizeFilterFunctionality_Mobile_14-48-15 - [verifyingDisplaySizeFilterFunctionality_Mobile_14-48-15] Returning the  [[[ChromeDriver: chrome on windows (16910463b227a8dd670a8d10a7954f9b)] -> xpath: //div[@data-cy='title-recipe']], [[ChromeDriver: chrome on windows (16910463b227a8dd670a8d10a7954f9b)] -> xpath: //div[@data-cy='title-recipe']], [[ChromeDriver: chrome on windows (16910463b227a8dd670a8d10a7954f9b)] -> xpath: //div[@data-cy='title-recipe']], [[ChromeDriver: chrome on windows (16910463b227a8dd670a8d10a7954f9b)] -> xpath: //div[@data-cy='title-recipe']], [[ChromeDriver: chrome on windows (16910463b227a8dd670a8d10a7954f9b)] -> xpath: //div[@data-cy='title-recipe']], [[ChromeDriver: chrome on windows (16910463b227a8dd670a8d10a7954f9b)] -> xpath: //div[@data-cy='title-recipe']], [[ChromeDriver: chrome on windows (16910463b227a8dd670a8d10a7954f9b)] -> xpath: //div[@data-cy='title-recipe']], [[ChromeDriver: chrome on windows (16910463b227a8dd670a8d10a7954f9b)] -> xpath: //div[@data-cy='title-recipe']]] from the safeFindElements method
14:50:27 [TestNG-test-Test-3] INFO  verifyingDisplaySizeFilterFunctionality_Mobile_14-48-15 - [verifyingDisplaySizeFilterFunctionality_Mobile_14-48-15] Within productNameListingPage loop in applyFilterAndValidateProductsWithResult
14:50:27 [TestNG-test-Test-3] INFO  verifyingDisplaySizeFilterFunctionality_Mobile_14-48-15 - [verifyingDisplaySizeFilterFunctionality_Mobile_14-48-15] Within getProductByIndex method
14:50:27 [TestNG-test-Test-3] INFO  verifyingDisplaySizeFilterFunctionality_Mobile_14-48-15 - [verifyingDisplaySizeFilterFunctionality_Mobile_14-48-15] Within safeFindElement method
14:50:27 [TestNG-test-Test-3] INFO  verifyingDisplaySizeFilterFunctionality_Mobile_14-48-15 - [verifyingDisplaySizeFilterFunctionality_Mobile_14-48-15]Found the element returning it ,element ->[[ChromeDriver: chrome on windows (16910463b227a8dd670a8d10a7954f9b)] -> xpath: (//div[@data-cy='title-recipe'])[2]]
14:50:27 [TestNG-test-Test-3] INFO  verifyingDisplaySizeFilterFunctionality_Mobile_14-48-15 - [verifyingDisplaySizeFilterFunctionality_Mobile_14-48-15] Within getProductByIndex method
14:50:27 [TestNG-test-Test-3] INFO  verifyingDisplaySizeFilterFunctionality_Mobile_14-48-15 - [verifyingDisplaySizeFilterFunctionality_Mobile_14-48-15] Within smoothScrollToElement method
14:50:27 [TestNG-test-Test-3] INFO  verifyingDisplaySizeFilterFunctionality_Mobile_14-48-15 - [verifyingDisplaySizeFilterFunctionality_Mobile_14-48-15] Within safeFindElement method
14:50:27 [TestNG-test-Test-3] INFO  verifyingDisplaySizeFilterFunctionality_Mobile_14-48-15 - [verifyingDisplaySizeFilterFunctionality_Mobile_14-48-15]Found the element returning it ,element ->[[ChromeDriver: chrome on windows (16910463b227a8dd670a8d10a7954f9b)] -> xpath: (//div[@data-cy='title-recipe'])[2]]
14:50:27 [TestNG-test-Test-3] INFO  verifyingDisplaySizeFilterFunctionality_Mobile_14-48-15 - [verifyingDisplaySizeFilterFunctionality_Mobile_14-48-15] Successfully scrolled to element: By.xpath: (//div[@data-cy='title-recipe'])[2]
14:50:27 [TestNG-test-Test-3] INFO  verifyingDisplaySizeFilterFunctionality_Mobile_14-48-15 - [verifyingDisplaySizeFilterFunctionality_Mobile_14-48-15] Getting product by index in productNameListingPage loop
14:50:27 [TestNG-test-Test-3] INFO  verifyingDisplaySizeFilterFunctionality_Mobile_14-48-15 - [verifyingDisplaySizeFilterFunctionality_Mobile_14-48-15] Opened product in new tab via Ctrl+Click inside productNameListingPage loop
14:50:27 [TestNG-test-Test-3] INFO  verifyingDisplaySizeFilterFunctionality_Mobile_14-48-15 - [verifyingDisplaySizeFilterFunctionality_Mobile_14-48-15] Waiting for new window to open...
14:50:27 [TestNG-test-Test-3] INFO  verifyingDisplaySizeFilterFunctionality_Mobile_14-48-15 - [verifyingDisplaySizeFilterFunctionality_Mobile_14-48-15] Switched to new window -> 0444854D6971386C7136D8F20B39D6B5
14:50:27 [TestNG-test-Test-3] INFO  verifyingDisplaySizeFilterFunctionality_Mobile_14-48-15 - [verifyingDisplaySizeFilterFunctionality_Mobile_14-48-15] Swithcing to the new window  within productNameListingPage loop
14:50:27 [TestNG-test-Test-3] INFO  verifyingDisplaySizeFilterFunctionality_Mobile_14-48-15 - [verifyingDisplaySizeFilterFunctionality_Mobile_14-48-15] Clicked product name to open in new tab from productNameListingPage loop
14:50:27 [TestNG-test-Test-3] INFO  verifyingDisplaySizeFilterFunctionality_Mobile_14-48-15 - [verifyingDisplaySizeFilterFunctionality_Mobile_14-48-15] Waiting until element is visible in viewport
14:50:30 [TestNG-test-Test-3] WARN  verifyingDisplaySizeFilterFunctionality_Mobile_14-48-15 - [verifyingDisplaySizeFilterFunctionality_Mobile_14-48-15] Product detail page did not load for index 2 filter '13 to 14.9 cm'; skipping detail scrape to avoid redundant retries/timeouts
14:50:30 [TestNG-test-Test-3] INFO  verifyingDisplaySizeFilterFunctionality_Mobile_14-48-15 - [verifyingDisplaySizeFilterFunctionality_Mobile_14-48-15] Within closeCurrentWindowAndSwitchBack method
14:50:30 [TestNG-test-Test-3] INFO  verifyingDisplaySizeFilterFunctionality_Mobile_14-48-15 - [verifyingDisplaySizeFilterFunctionality_Mobile_14-48-15] Total open windows/tabs count -> 2
14:50:30 [TestNG-test-Test-3] INFO  verifyingDisplaySizeFilterFunctionality_Mobile_14-48-15 - [verifyingDisplaySizeFilterFunctionality_Mobile_14-48-15] Original window handle -> F707DF70555F142234F82C364E561336
14:50:30 [TestNG-test-Test-3] INFO  verifyingDisplaySizeFilterFunctionality_Mobile_14-48-15 - [verifyingDisplaySizeFilterFunctionality_Mobile_14-48-15] Found new tab/window handle -> 0444854D6971386C7136D8F20B39D6B5 (will be closed)
14:50:30 [TestNG-test-Test-3] INFO  verifyingDisplaySizeFilterFunctionality_Mobile_14-48-15 - [verifyingDisplaySizeFilterFunctionality_Mobile_14-48-15] Successfully switched to new tab/window -> 0444854D6971386C7136D8F20B39D6B5
14:50:30 [TestNG-test-Test-3] INFO  verifyingDisplaySizeFilterFunctionality_Mobile_14-48-15 - [verifyingDisplaySizeFilterFunctionality_Mobile_14-48-15] Closed the newly opened tab/window -> 0444854D6971386C7136D8F20B39D6B5
14:50:30 [TestNG-test-Test-3] INFO  verifyingDisplaySizeFilterFunctionality_Mobile_14-48-15 - [verifyingDisplaySizeFilterFunctionality_Mobile_14-48-15] Switched back to the original window -> F707DF70555F142234F82C364E561336
14:50:30 [TestNG-test-Test-3] INFO  verifyingDisplaySizeFilterFunctionality_Mobile_14-48-15 - [verifyingDisplaySizeFilterFunctionality_Mobile_14-48-15]  going back to product listing via closeCurrentWindowAndSwitchBack 
14:50:30 [TestNG-test-Test-3] INFO  verifyingDisplaySizeFilterFunctionality_Mobile_14-48-15 - [verifyingDisplaySizeFilterFunctionality_Mobile_14-48-15]  Added 'filter','title','keyFeatures', 'about', 'techDetails' into the Map -> productResult
14:50:30 [TestNG-test-Test-3] INFO  verifyingDisplaySizeFilterFunctionality_Mobile_14-48-15 - [verifyingDisplaySizeFilterFunctionality_Mobile_14-48-15]  Added 'productResult' Map into the 'results' i.e list of maps 
14:50:30 [TestNG-test-Test-3] INFO  verifyingDisplaySizeFilterFunctionality_Mobile_14-48-15 - [verifyingDisplaySizeFilterFunctionality_Mobile_14-48-15]==========================================================================================================
14:50:30 [TestNG-test-Test-3] INFO  verifyingDisplaySizeFilterFunctionality_Mobile_14-48-15 - [verifyingDisplaySizeFilterFunctionality_Mobile_14-48-15] Within safeClick method
14:50:30 [TestNG-test-Test-3] INFO  verifyingDisplaySizeFilterFunctionality_Mobile_14-48-15 - [verifyingDisplaySizeFilterFunctionality_Mobile_14-48-15] Clicked the  [[ChromeDriver: chrome on windows (16910463b227a8dd670a8d10a7954f9b)] -> xpath: //span[@class='a-size-base a-color-base' and text()='Clear']]   using safeClick
14:50:30 [TestNG-test-Test-3] INFO  verifyingDisplaySizeFilterFunctionality_Mobile_14-48-15 - [verifyingDisplaySizeFilterFunctionality_Mobile_14-48-15] Clearing the filter value ->13 to 14.9 cmwithin productNameListingPage loop
14:50:30 [TestNG-test-Test-3] INFO  verifyingDisplaySizeFilterFunctionality_Mobile_14-48-15 - [verifyingDisplaySizeFilterFunctionality_Mobile_14-48-15]==========================================================================================================
14:50:30 [TestNG-test-Test-3] INFO  verifyingDisplaySizeFilterFunctionality_Mobile_14-48-15 - [verifyingDisplaySizeFilterFunctionality_Mobile_14-48-15]==========================================================================================================
14:50:30 [TestNG-test-Test-3] INFO  verifyingDisplaySizeFilterFunctionality_Mobile_14-48-15 - [verifyingDisplaySizeFilterFunctionality_Mobile_14-48-15] Within filterOptions loop in applyFilterAndValidateProductsWithResult
14:50:30 [TestNG-test-Test-3] INFO  verifyingDisplaySizeFilterFunctionality_Mobile_14-48-15 - [verifyingDisplaySizeFilterFunctionality_Mobile_14-48-15] Within safeFindElements 
14:50:31 [TestNG-test-Test-3] INFO  verifyingDisplaySizeFilterFunctionality_Mobile_14-48-15 - [verifyingDisplaySizeFilterFunctionality_Mobile_14-48-15] Returning the  [[[ChromeDriver: chrome on windows (16910463b227a8dd670a8d10a7954f9b)] -> xpath: //span[@class='a-size-base a-color-base puis-bold-weight-text' and text()='Screen Size']/parent::div/following-sibling::ul//span[@class='a-size-base a-color-base']], [[ChromeDriver: chrome on windows (16910463b227a8dd670a8d10a7954f9b)] -> xpath: //span[@class='a-size-base a-color-base puis-bold-weight-text' and text()='Screen Size']/parent::div/following-sibling::ul//span[@class='a-size-base a-color-base']], [[ChromeDriver: chrome on windows (16910463b227a8dd670a8d10a7954f9b)] -> xpath: //span[@class='a-size-base a-color-base puis-bold-weight-text' and text()='Screen Size']/parent::div/following-sibling::ul//span[@class='a-size-base a-color-base']]] from the safeFindElements method
14:50:31 [TestNG-test-Test-3] INFO  verifyingDisplaySizeFilterFunctionality_Mobile_14-48-15 - [verifyingDisplaySizeFilterFunctionality_Mobile_14-48-15] Trying to read filter option 2 (attempt 1/3)
14:50:31 [TestNG-test-Test-3] INFO  verifyingDisplaySizeFilterFunctionality_Mobile_14-48-15 - [verifyingDisplaySizeFilterFunctionality_Mobile_14-48-15] Successfully read filter option 2 = '15 to 17.9 cm'
14:50:31 [TestNG-test-Test-3] INFO  verifyingDisplaySizeFilterFunctionality_Mobile_14-48-15 - [verifyingDisplaySizeFilterFunctionality_Mobile_14-48-15] Within getfilterByTypeAndName method
14:50:31 [TestNG-test-Test-3] INFO  verifyingDisplaySizeFilterFunctionality_Mobile_14-48-15 - [verifyingDisplaySizeFilterFunctionality_Mobile_14-48-15] Within safeClickBooleanWithScreenShot method
14:50:31 [TestNG-test-Test-3] INFO  verifyingDisplaySizeFilterFunctionality_Mobile_14-48-15 - [verifyingDisplaySizeFilterFunctionality_Mobile_14-48-15] Within getAppliedfilterByTypeAndName method
14:50:31 [TestNG-test-Test-3] INFO  verifyingDisplaySizeFilterFunctionality_Mobile_14-48-15 - [verifyingDisplaySizeFilterFunctionality_Mobile_14-48-15] Within smoothScrollToElement method
14:50:31 [TestNG-test-Test-3] INFO  verifyingDisplaySizeFilterFunctionality_Mobile_14-48-15 - [verifyingDisplaySizeFilterFunctionality_Mobile_14-48-15] Within safeFindElement method
14:50:31 [TestNG-test-Test-3] INFO  verifyingDisplaySizeFilterFunctionality_Mobile_14-48-15 - [verifyingDisplaySizeFilterFunctionality_Mobile_14-48-15]Found the element returning it ,element ->[[ChromeDriver: chrome on windows (16910463b227a8dd670a8d10a7954f9b)] -> xpath: //span[@class='a-size-base a-color-base puis-bold-weight-text' and text()='Screen Size']]
14:50:31 [TestNG-test-Test-3] INFO  verifyingDisplaySizeFilterFunctionality_Mobile_14-48-15 - [verifyingDisplaySizeFilterFunctionality_Mobile_14-48-15] Successfully scrolled to element: By.xpath: //span[@class='a-size-base a-color-base puis-bold-weight-text' and text()='Screen Size']
14:50:31 [TestNG-test-Test-3] INFO  verifyingDisplaySizeFilterFunctionality_Mobile_14-48-15 - [verifyingDisplaySizeFilterFunctionality_Mobile_14-48-15] Within getMoreButtonByFilterTypeAndName method
14:50:31 [TestNG-test-Test-3] INFO  verifyingDisplaySizeFilterFunctionality_Mobile_14-48-15 - [verifyingDisplaySizeFilterFunctionality_Mobile_14-48-15] could not find more button
14:50:31 [TestNG-test-Test-3] INFO  verifyingDisplaySizeFilterFunctionality_Mobile_14-48-15 - [verifyingDisplaySizeFilterFunctionality_Mobile_14-48-15] Within getAppliedfilterByTypeAndName method
14:50:31 [TestNG-test-Test-3] INFO  verifyingDisplaySizeFilterFunctionality_Mobile_14-48-15 - [verifyingDisplaySizeFilterFunctionality_Mobile_14-48-15] Within smoothScrollToElement method
14:50:31 [TestNG-test-Test-3] INFO  verifyingDisplaySizeFilterFunctionality_Mobile_14-48-15 - [verifyingDisplaySizeFilterFunctionality_Mobile_14-48-15] Within safeFindElement method
14:50:32 [TestNG-test-Test-3] INFO  verifyingDisplaySizeFilterFunctionality_Mobile_14-48-15 - [verifyingDisplaySizeFilterFunctionality_Mobile_14-48-15]Found the element returning it ,element ->[[ChromeDriver: chrome on windows (16910463b227a8dd670a8d10a7954f9b)] -> xpath: //span[@class='a-size-base a-color-base puis-bold-weight-text' and text()='Screen Size']]
14:50:32 [TestNG-test-Test-3] INFO  verifyingDisplaySizeFilterFunctionality_Mobile_14-48-15 - [verifyingDisplaySizeFilterFunctionality_Mobile_14-48-15] Successfully scrolled to element: By.xpath: //span[@class='a-size-base a-color-base puis-bold-weight-text' and text()='Screen Size']
14:50:32 [TestNG-test-Test-3] INFO  verifyingDisplaySizeFilterFunctionality_Mobile_14-48-15 - [verifyingDisplaySizeFilterFunctionality_Mobile_14-48-15] Within getMoreButtonByFilterTypeAndName method
14:50:32 [TestNG-test-Test-3] INFO  verifyingDisplaySizeFilterFunctionality_Mobile_14-48-15 - [verifyingDisplaySizeFilterFunctionality_Mobile_14-48-15] could not find more button
14:50:32 [TestNG-test-Test-3] INFO  verifyingDisplaySizeFilterFunctionality_Mobile_14-48-15 - [verifyingDisplaySizeFilterFunctionality_Mobile_14-48-15] Within getfilterByTypeAndName method
14:50:32 [TestNG-test-Test-3] INFO  verifyingDisplaySizeFilterFunctionality_Mobile_14-48-15 - [verifyingDisplaySizeFilterFunctionality_Mobile_14-48-15] Within smoothScrollToElement method
14:50:32 [TestNG-test-Test-3] INFO  verifyingDisplaySizeFilterFunctionality_Mobile_14-48-15 - [verifyingDisplaySizeFilterFunctionality_Mobile_14-48-15] Within safeFindElement method
14:50:32 [TestNG-test-Test-3] INFO  verifyingDisplaySizeFilterFunctionality_Mobile_14-48-15 - [verifyingDisplaySizeFilterFunctionality_Mobile_14-48-15]Found the element returning it ,element ->[[ChromeDriver: chrome on windows (16910463b227a8dd670a8d10a7954f9b)] -> xpath: //span[@class='a-size-base a-color-base puis-bold-weight-text' and text()='Screen Size']/parent::div/following-sibling::ul//span[@class='a-size-base a-color-base a-text-bold' and text()='15 to 17.9 cm']]
14:50:32 [TestNG-test-Test-3] INFO  verifyingDisplaySizeFilterFunctionality_Mobile_14-48-15 - [verifyingDisplaySizeFilterFunctionality_Mobile_14-48-15] Successfully scrolled to element: By.xpath: //span[@class='a-size-base a-color-base puis-bold-weight-text' and text()='Screen Size']/parent::div/following-sibling::ul//span[@class='a-size-base a-color-base a-text-bold' and text()='15 to 17.9 cm']
14:50:32 [TestNG-test-Test-3] INFO  verifyingDisplaySizeFilterFunctionality_Mobile_14-48-15 - [verifyingDisplaySizeFilterFunctionality_Mobile_14-48-15] Clicked the element using safe click ,element is [[ChromeDriver: chrome on windows (16910463b227a8dd670a8d10a7954f9b)] -> xpath: //span[@class='a-size-base a-color-base puis-bold-weight-text' and text()='Screen Size']/parent::div/following-sibling::ul//span[@class='a-size-base a-color-base' and text()='15 to 17.9 cm']]
14:50:33 [TestNG-test-Test-3] INFO  verifyingDisplaySizeFilterFunctionality_Mobile_14-48-15 - [verifyingDisplaySizeFilterFunctionality_Mobile_14-48-15] Within safeFindElements 
14:50:33 [TestNG-test-Test-3] INFO  verifyingDisplaySizeFilterFunctionality_Mobile_14-48-15 - [verifyingDisplaySizeFilterFunctionality_Mobile_14-48-15] Returning the  [[[ChromeDriver: chrome on windows (16910463b227a8dd670a8d10a7954f9b)] -> xpath: //div[@data-cy='title-recipe']], [[ChromeDriver: chrome on windows (16910463b227a8dd670a8d10a7954f9b)] -> xpath: //div[@data-cy='title-recipe']], [[ChromeDriver: chrome on windows (16910463b227a8dd670a8d10a7954f9b)] -> xpath: //div[@data-cy='title-recipe']], [[ChromeDriver: chrome on windows (16910463b227a8dd670a8d10a7954f9b)] -> xpath: //div[@data-cy='title-recipe']], [[ChromeDriver: chrome on windows (16910463b227a8dd670a8d10a7954f9b)] -> xpath: //div[@data-cy='title-recipe']], [[ChromeDriver: chrome on windows (16910463b227a8dd670a8d10a7954f9b)] -> xpath: //div[@data-cy='title-recipe']], [[ChromeDriver: chrome on windows (16910463b227a8dd670a8d10a7954f9b)] -> xpath: //div[@data-cy='title-recipe']], [[ChromeDriver: chrome on windows (16910463b227a8dd670a8d10a7954f9b)] -> xpath: //div[@data-cy='title-recipe']], [[ChromeDriver: chrome on windows (16910463b227a8dd670a8d10a7954f9b)] -> xpath: //div[@data-cy='title-recipe']], [[ChromeDriver: chrome on windows (16910463b227a8dd670a8d10a7954f9b)] -> xpath: //div[@data-cy='title-recipe']], [[ChromeDriver: chrome on windows (16910463b227a8dd670a8d10a7954f9b)] -> xpath: //div[@data-cy='title-recipe']], [[ChromeDriver: chrome on windows (16910463b227a8dd670a8d10a7954f9b)] -> xpath: //div[@data-cy='title-recipe']], [[ChromeDriver: chrome on windows (16910463b227a8dd670a8d10a7954f9b)] -> xpath: //div[@data-cy='title-recipe']], [[ChromeDriver: chrome on windows (16910463b227a8dd670a8d10a7954f9b)] -> xpath: //div[@data-cy='title-recipe']], [[ChromeDriver: chrome on windows (16910463b227a8dd670a8d10a7954f9b)] -> xpath: //div[@data-cy='title-recipe']], [[ChromeDriver: chrome on windows (16910463b227a8dd670a8d10a7954f9b)] -> xpath: //div[@data-cy='title-recipe']]] from the safeFindElements method
14:50:33 [TestNG-test-Test-3] INFO  verifyingDisplaySizeFilterFunctionality_Mobile_14-48-15 - [verifyingDisplaySizeFilterFunctionality_Mobile_14-48-15] Execution is Not CRON Job Hence refering to normal keys from UtilData
14:50:33 [TestNG-test-Test-3] INFO  verifyingDisplaySizeFilterFunctionality_Mobile_14-48-15 - [verifyingDisplaySizeFilterFunctionality_Mobile_14-48-15] Within safeFindElements 
14:50:33 [TestNG-test-Test-3] INFO  verifyingDisplaySizeFilterFunctionality_Mobile_14-48-15 - [verifyingDisplaySizeFilterFunctionality_Mobile_14-48-15] Returning the  [[[ChromeDriver: chrome on windows (16910463b227a8dd670a8d10a7954f9b)] -> xpath: //div[@data-cy='title-recipe']], [[ChromeDriver: chrome on windows (16910463b227a8dd670a8d10a7954f9b)] -> xpath: //div[@data-cy='title-recipe']], [[ChromeDriver: chrome on windows (16910463b227a8dd670a8d10a7954f9b)] -> xpath: //div[@data-cy='title-recipe']], [[ChromeDriver: chrome on windows (16910463b227a8dd670a8d10a7954f9b)] -> xpath: //div[@data-cy='title-recipe']], [[ChromeDriver: chrome on windows (16910463b227a8dd670a8d10a7954f9b)] -> xpath: //div[@data-cy='title-recipe']], [[ChromeDriver: chrome on windows (16910463b227a8dd670a8d10a7954f9b)] -> xpath: //div[@data-cy='title-recipe']], [[ChromeDriver: chrome on windows (16910463b227a8dd670a8d10a7954f9b)] -> xpath: //div[@data-cy='title-recipe']], [[ChromeDriver: chrome on windows (16910463b227a8dd670a8d10a7954f9b)] -> xpath: //div[@data-cy='title-recipe']], [[ChromeDriver: chrome on windows (16910463b227a8dd670a8d10a7954f9b)] -> xpath: //div[@data-cy='title-recipe']], [[ChromeDriver: chrome on windows (16910463b227a8dd670a8d10a7954f9b)] -> xpath: //div[@data-cy='title-recipe']], [[ChromeDriver: chrome on windows (16910463b227a8dd670a8d10a7954f9b)] -> xpath: //div[@data-cy='title-recipe']], [[ChromeDriver: chrome on windows (16910463b227a8dd670a8d10a7954f9b)] -> xpath: //div[@data-cy='title-recipe']], [[ChromeDriver: chrome on windows (16910463b227a8dd670a8d10a7954f9b)] -> xpath: //div[@data-cy='title-recipe']], [[ChromeDriver: chrome on windows (16910463b227a8dd670a8d10a7954f9b)] -> xpath: //div[@data-cy='title-recipe']], [[ChromeDriver: chrome on windows (16910463b227a8dd670a8d10a7954f9b)] -> xpath: //div[@data-cy='title-recipe']], [[ChromeDriver: chrome on windows (16910463b227a8dd670a8d10a7954f9b)] -> xpath: //div[@data-cy='title-recipe']]] from the safeFindElements method
14:50:33 [TestNG-test-Test-3] INFO  verifyingDisplaySizeFilterFunctionality_Mobile_14-48-15 - [verifyingDisplaySizeFilterFunctionality_Mobile_14-48-15] Within productNameListingPage loop in applyFilterAndValidateProductsWithResult
14:50:33 [TestNG-test-Test-3] INFO  verifyingDisplaySizeFilterFunctionality_Mobile_14-48-15 - [verifyingDisplaySizeFilterFunctionality_Mobile_14-48-15] Within getProductByIndex method
14:50:33 [TestNG-test-Test-3] INFO  verifyingDisplaySizeFilterFunctionality_Mobile_14-48-15 - [verifyingDisplaySizeFilterFunctionality_Mobile_14-48-15] Within safeFindElement method
14:50:33 [TestNG-test-Test-3] INFO  verifyingDisplaySizeFilterFunctionality_Mobile_14-48-15 - [verifyingDisplaySizeFilterFunctionality_Mobile_14-48-15]Found the element returning it ,element ->[[ChromeDriver: chrome on windows (16910463b227a8dd670a8d10a7954f9b)] -> xpath: (//div[@data-cy='title-recipe'])[1]]
14:50:33 [TestNG-test-Test-3] INFO  verifyingDisplaySizeFilterFunctionality_Mobile_14-48-15 - [verifyingDisplaySizeFilterFunctionality_Mobile_14-48-15] Within getProductByIndex method
14:50:33 [TestNG-test-Test-3] INFO  verifyingDisplaySizeFilterFunctionality_Mobile_14-48-15 - [verifyingDisplaySizeFilterFunctionality_Mobile_14-48-15] Within smoothScrollToElement method
14:50:33 [TestNG-test-Test-3] INFO  verifyingDisplaySizeFilterFunctionality_Mobile_14-48-15 - [verifyingDisplaySizeFilterFunctionality_Mobile_14-48-15] Within safeFindElement method
14:50:33 [TestNG-test-Test-3] INFO  verifyingDisplaySizeFilterFunctionality_Mobile_14-48-15 - [verifyingDisplaySizeFilterFunctionality_Mobile_14-48-15]Found the element returning it ,element ->[[ChromeDriver: chrome on windows (16910463b227a8dd670a8d10a7954f9b)] -> xpath: (//div[@data-cy='title-recipe'])[1]]
14:50:33 [TestNG-test-Test-3] INFO  verifyingDisplaySizeFilterFunctionality_Mobile_14-48-15 - [verifyingDisplaySizeFilterFunctionality_Mobile_14-48-15] Successfully scrolled to element: By.xpath: (//div[@data-cy='title-recipe'])[1]
14:50:33 [TestNG-test-Test-3] INFO  verifyingDisplaySizeFilterFunctionality_Mobile_14-48-15 - [verifyingDisplaySizeFilterFunctionality_Mobile_14-48-15] Getting product by index in productNameListingPage loop
14:50:33 [TestNG-test-Test-3] INFO  verifyingDisplaySizeFilterFunctionality_Mobile_14-48-15 - [verifyingDisplaySizeFilterFunctionality_Mobile_14-48-15] Opened product in new tab via Ctrl+Click inside productNameListingPage loop
14:50:33 [TestNG-test-Test-3] INFO  verifyingDisplaySizeFilterFunctionality_Mobile_14-48-15 - [verifyingDisplaySizeFilterFunctionality_Mobile_14-48-15] Waiting for new window to open...
14:50:33 [TestNG-test-Test-3] INFO  verifyingDisplaySizeFilterFunctionality_Mobile_14-48-15 - [verifyingDisplaySizeFilterFunctionality_Mobile_14-48-15] Switched to new window -> 62C4BB4404EBD3E09B47074D71A0F413
14:50:33 [TestNG-test-Test-3] INFO  verifyingDisplaySizeFilterFunctionality_Mobile_14-48-15 - [verifyingDisplaySizeFilterFunctionality_Mobile_14-48-15] Swithcing to the new window  within productNameListingPage loop
14:50:33 [TestNG-test-Test-3] INFO  verifyingDisplaySizeFilterFunctionality_Mobile_14-48-15 - [verifyingDisplaySizeFilterFunctionality_Mobile_14-48-15] Clicked product name to open in new tab from productNameListingPage loop
14:50:33 [TestNG-test-Test-3] INFO  verifyingDisplaySizeFilterFunctionality_Mobile_14-48-15 - [verifyingDisplaySizeFilterFunctionality_Mobile_14-48-15] Waiting until element is visible in viewport
14:50:36 [TestNG-test-Test-3] WARN  verifyingDisplaySizeFilterFunctionality_Mobile_14-48-15 - [verifyingDisplaySizeFilterFunctionality_Mobile_14-48-15] Product detail page did not load for index 1 filter '15 to 17.9 cm'; skipping detail scrape to avoid redundant retries/timeouts
14:50:36 [TestNG-test-Test-3] INFO  verifyingDisplaySizeFilterFunctionality_Mobile_14-48-15 - [verifyingDisplaySizeFilterFunctionality_Mobile_14-48-15] Within closeCurrentWindowAndSwitchBack method
14:50:36 [TestNG-test-Test-3] INFO  verifyingDisplaySizeFilterFunctionality_Mobile_14-48-15 - [verifyingDisplaySizeFilterFunctionality_Mobile_14-48-15] Total open windows/tabs count -> 2
14:50:36 [TestNG-test-Test-3] INFO  verifyingDisplaySizeFilterFunctionality_Mobile_14-48-15 - [verifyingDisplaySizeFilterFunctionality_Mobile_14-48-15] Original window handle -> F707DF70555F142234F82C364E561336
14:50:36 [TestNG-test-Test-3] INFO  verifyingDisplaySizeFilterFunctionality_Mobile_14-48-15 - [verifyingDisplaySizeFilterFunctionality_Mobile_14-48-15] Found new tab/window handle -> 62C4BB4404EBD3E09B47074D71A0F413 (will be closed)
14:50:36 [TestNG-test-Test-3] INFO  verifyingDisplaySizeFilterFunctionality_Mobile_14-48-15 - [verifyingDisplaySizeFilterFunctionality_Mobile_14-48-15] Successfully switched to new tab/window -> 62C4BB4404EBD3E09B47074D71A0F413
14:50:36 [TestNG-test-Test-3] INFO  verifyingDisplaySizeFilterFunctionality_Mobile_14-48-15 - [verifyingDisplaySizeFilterFunctionality_Mobile_14-48-15] Closed the newly opened tab/window -> 62C4BB4404EBD3E09B47074D71A0F413
14:50:36 [TestNG-test-Test-3] INFO  verifyingDisplaySizeFilterFunctionality_Mobile_14-48-15 - [verifyingDisplaySizeFilterFunctionality_Mobile_14-48-15] Switched back to the original window -> F707DF70555F142234F82C364E561336
14:50:36 [TestNG-test-Test-3] INFO  verifyingDisplaySizeFilterFunctionality_Mobile_14-48-15 - [verifyingDisplaySizeFilterFunctionality_Mobile_14-48-15]  going back to product listing via closeCurrentWindowAndSwitchBack 
14:50:36 [TestNG-test-Test-3] INFO  verifyingDisplaySizeFilterFunctionality_Mobile_14-48-15 - [verifyingDisplaySizeFilterFunctionality_Mobile_14-48-15]  Added 'filter','title','keyFeatures', 'about', 'techDetails' into the Map -> productResult
14:50:36 [TestNG-test-Test-3] INFO  verifyingDisplaySizeFilterFunctionality_Mobile_14-48-15 - [verifyingDisplaySizeFilterFunctionality_Mobile_14-48-15]  Added 'productResult' Map into the 'results' i.e list of maps 
14:50:36 [TestNG-test-Test-3] INFO  verifyingDisplaySizeFilterFunctionality_Mobile_14-48-15 - [verifyingDisplaySizeFilterFunctionality_Mobile_14-48-15]==========================================================================================================
14:50:36 [TestNG-test-Test-3] INFO  verifyingDisplaySizeFilterFunctionality_Mobile_14-48-15 - [verifyingDisplaySizeFilterFunctionality_Mobile_14-48-15] Within safeFindElements 
14:50:36 [TestNG-test-Test-3] INFO  verifyingDisplaySizeFilterFunctionality_Mobile_14-48-15 - [verifyingDisplaySizeFilterFunctionality_Mobile_14-48-15] Returning the  [[[ChromeDriver: chrome on windows (16910463b227a8dd670a8d10a7954f9b)] -> xpath: //div[@data-cy='title-recipe']], [[ChromeDriver: chrome on windows (16910463b227a8dd670a8d10a7954f9b)] -> xpath: //div[@data-cy='title-recipe']], [[ChromeDriver: chrome on windows (16910463b227a8dd670a8d10a7954f9b)] -> xpath: //div[@data-cy='title-recipe']], [[ChromeDriver: chrome on windows (16910463b227a8dd670a8d10a7954f9b)] -> xpath: //div[@data-cy='title-recipe']], [[ChromeDriver: chrome on windows (16910463b227a8dd670a8d10a7954f9b)] -> xpath: //div[@data-cy='title-recipe']], [[ChromeDriver: chrome on windows (16910463b227a8dd670a8d10a7954f9b)] -> xpath: //div[@data-cy='title-recipe']], [[ChromeDriver: chrome on windows (16910463b227a8dd670a8d10a7954f9b)] -> xpath: //div[@data-cy='title-recipe']], [[ChromeDriver: chrome on windows (16910463b227a8dd670a8d10a7954f9b)] -> xpath: //div[@data-cy='title-recipe']], [[ChromeDriver: chrome on windows (16910463b227a8dd670a8d10a7954f9b)] -> xpath: //div[@data-cy='title-recipe']], [[ChromeDriver: chrome on windows (16910463b227a8dd670a8d10a7954f9b)] -> xpath: //div[@data-cy='title-recipe']], [[ChromeDriver: chrome on windows (16910463b227a8dd670a8d10a7954f9b)] -> xpath: //div[@data-cy='title-recipe']], [[ChromeDriver: chrome on windows (16910463b227a8dd670a8d10a7954f9b)] -> xpath: //div[@data-cy='title-recipe']], [[ChromeDriver: chrome on windows (16910463b227a8dd670a8d10a7954f9b)] -> xpath: //div[@data-cy='title-recipe']], [[ChromeDriver: chrome on windows (16910463b227a8dd670a8d10a7954f9b)] -> xpath: //div[@data-cy='title-recipe']], [[ChromeDriver: chrome on windows (16910463b227a8dd670a8d10a7954f9b)] -> xpath: //div[@data-cy='title-recipe']], [[ChromeDriver: chrome on windows (16910463b227a8dd670a8d10a7954f9b)] -> xpath: //div[@data-cy='title-recipe']]] from the safeFindElements method
14:50:36 [TestNG-test-Test-3] INFO  verifyingDisplaySizeFilterFunctionality_Mobile_14-48-15 - [verifyingDisplaySizeFilterFunctionality_Mobile_14-48-15] Within productNameListingPage loop in applyFilterAndValidateProductsWithResult
14:50:36 [TestNG-test-Test-3] INFO  verifyingDisplaySizeFilterFunctionality_Mobile_14-48-15 - [verifyingDisplaySizeFilterFunctionality_Mobile_14-48-15] Within getProductByIndex method
14:50:36 [TestNG-test-Test-3] INFO  verifyingDisplaySizeFilterFunctionality_Mobile_14-48-15 - [verifyingDisplaySizeFilterFunctionality_Mobile_14-48-15] Within safeFindElement method
14:50:36 [TestNG-test-Test-3] INFO  verifyingDisplaySizeFilterFunctionality_Mobile_14-48-15 - [verifyingDisplaySizeFilterFunctionality_Mobile_14-48-15]Found the element returning it ,element ->[[ChromeDriver: chrome on windows (16910463b227a8dd670a8d10a7954f9b)] -> xpath: (//div[@data-cy='title-recipe'])[2]]
14:50:36 [TestNG-test-Test-3] INFO  verifyingDisplaySizeFilterFunctionality_Mobile_14-48-15 - [verifyingDisplaySizeFilterFunctionality_Mobile_14-48-15] Within getProductByIndex method
14:50:36 [TestNG-test-Test-3] INFO  verifyingDisplaySizeFilterFunctionality_Mobile_14-48-15 - [verifyingDisplaySizeFilterFunctionality_Mobile_14-48-15] Within smoothScrollToElement method
14:50:36 [TestNG-test-Test-3] INFO  verifyingDisplaySizeFilterFunctionality_Mobile_14-48-15 - [verifyingDisplaySizeFilterFunctionality_Mobile_14-48-15] Within safeFindElement method
14:50:36 [TestNG-test-Test-3] INFO  verifyingDisplaySizeFilterFunctionality_Mobile_14-48-15 - [verifyingDisplaySizeFilterFunctionality_Mobile_14-48-15]Found the element returning it ,element ->[[ChromeDriver: chrome on windows (16910463b227a8dd670a8d10a7954f9b)] -> xpath: (//div[@data-cy='title-recipe'])[2]]
14:50:36 [TestNG-test-Test-3] INFO  verifyingDisplaySizeFilterFunctionality_Mobile_14-48-15 - [verifyingDisplaySizeFilterFunctionality_Mobile_14-48-15] Successfully scrolled to element: By.xpath: (//div[@data-cy='title-recipe'])[2]
14:50:36 [TestNG-test-Test-3] INFO  verifyingDisplaySizeFilterFunctionality_Mobile_14-48-15 - [verifyingDisplaySizeFilterFunctionality_Mobile_14-48-15] Getting product by index in productNameListingPage loop
14:50:37 [TestNG-test-Test-3] INFO  verifyingDisplaySizeFilterFunctionality_Mobile_14-48-15 - [verifyingDisplaySizeFilterFunctionality_Mobile_14-48-15] Opened product in new tab via Ctrl+Click inside productNameListingPage loop
14:50:37 [TestNG-test-Test-3] INFO  verifyingDisplaySizeFilterFunctionality_Mobile_14-48-15 - [verifyingDisplaySizeFilterFunctionality_Mobile_14-48-15] Waiting for new window to open...
14:50:37 [TestNG-test-Test-3] INFO  verifyingDisplaySizeFilterFunctionality_Mobile_14-48-15 - [verifyingDisplaySizeFilterFunctionality_Mobile_14-48-15] Switched to new window -> FD1E925FBDD3EC715D9D8D03AB3B41C5
14:50:37 [TestNG-test-Test-3] INFO  verifyingDisplaySizeFilterFunctionality_Mobile_14-48-15 - [verifyingDisplaySizeFilterFunctionality_Mobile_14-48-15] Swithcing to the new window  within productNameListingPage loop
14:50:37 [TestNG-test-Test-3] INFO  verifyingDisplaySizeFilterFunctionality_Mobile_14-48-15 - [verifyingDisplaySizeFilterFunctionality_Mobile_14-48-15] Clicked product name to open in new tab from productNameListingPage loop
14:50:37 [TestNG-test-Test-3] INFO  verifyingDisplaySizeFilterFunctionality_Mobile_14-48-15 - [verifyingDisplaySizeFilterFunctionality_Mobile_14-48-15] Waiting until element is visible in viewport
14:50:40 [TestNG-test-Test-3] INFO  verifyingDisplaySizeFilterFunctionality_Mobile_14-48-15 - [verifyingDisplaySizeFilterFunctionality_Mobile_14-48-15] Within safeFindElement method
14:50:40 [TestNG-test-Test-3] INFO  verifyingDisplaySizeFilterFunctionality_Mobile_14-48-15 - [verifyingDisplaySizeFilterFunctionality_Mobile_14-48-15]Found the element returning it ,element ->[[ChromeDriver: chrome on windows (16910463b227a8dd670a8d10a7954f9b)] -> xpath: //span[@id='productTitle']]
14:50:40 [TestNG-test-Test-3] INFO  verifyingDisplaySizeFilterFunctionality_Mobile_14-48-15 - [verifyingDisplaySizeFilterFunctionality_Mobile_14-48-15] Within safeFindElement method
14:50:40 [TestNG-test-Test-3] INFO  verifyingDisplaySizeFilterFunctionality_Mobile_14-48-15 - [verifyingDisplaySizeFilterFunctionality_Mobile_14-48-15]Found the element returning it ,element ->[[ChromeDriver: chrome on windows (16910463b227a8dd670a8d10a7954f9b)] -> xpath: //div[@class='a-section a-spacing-small a-spacing-top-small']]
14:50:41 [TestNG-test-Test-3] INFO  verifyingDisplaySizeFilterFunctionality_Mobile_14-48-15 - [verifyingDisplaySizeFilterFunctionality_Mobile_14-48-15] Within safeFindElement method
14:50:41 [TestNG-test-Test-3] INFO  verifyingDisplaySizeFilterFunctionality_Mobile_14-48-15 - [verifyingDisplaySizeFilterFunctionality_Mobile_14-48-15]Found the element returning it ,element ->[[ChromeDriver: chrome on windows (16910463b227a8dd670a8d10a7954f9b)] -> xpath: //div[@id='feature-bullets']]
14:50:41 [TestNG-test-Test-3] INFO  verifyingDisplaySizeFilterFunctionality_Mobile_14-48-15 - [verifyingDisplaySizeFilterFunctionality_Mobile_14-48-15] Within safeFindElement method
14:50:41 [TestNG-test-Test-3] INFO  verifyingDisplaySizeFilterFunctionality_Mobile_14-48-15 - [verifyingDisplaySizeFilterFunctionality_Mobile_14-48-15]Found the element returning it ,element ->[[ChromeDriver: chrome on windows (16910463b227a8dd670a8d10a7954f9b)] -> xpath: //div[@id='prodDetails']]
14:50:41 [TestNG-test-Test-3] INFO  verifyingDisplaySizeFilterFunctionality_Mobile_14-48-15 - [verifyingDisplaySizeFilterFunctionality_Mobile_14-48-15] Extracting 'name' , 'keyFeatures', 'about' , 'techDetails' within productNameListingPage loop
14:50:41 [TestNG-test-Test-3] INFO  verifyingDisplaySizeFilterFunctionality_Mobile_14-48-15 - [verifyingDisplaySizeFilterFunctionality_Mobile_14-48-15] Waiting until element is visible in viewport
14:50:51 [TestNG-test-Test-3] INFO  verifyingDisplaySizeFilterFunctionality_Mobile_14-48-15 - [verifyingDisplaySizeFilterFunctionality_Mobile_14-48-15] Within smoothScrollToElement method
14:50:51 [TestNG-test-Test-3] INFO  verifyingDisplaySizeFilterFunctionality_Mobile_14-48-15 - [verifyingDisplaySizeFilterFunctionality_Mobile_14-48-15] Within safeFindElement method
14:50:51 [TestNG-test-Test-3] INFO  verifyingDisplaySizeFilterFunctionality_Mobile_14-48-15 - [verifyingDisplaySizeFilterFunctionality_Mobile_14-48-15]Found the element returning it ,element ->[[ChromeDriver: chrome on windows (16910463b227a8dd670a8d10a7954f9b)] -> xpath: //a[@id='seeMoreDetailsLink']]
14:50:51 [TestNG-test-Test-3] INFO  verifyingDisplaySizeFilterFunctionality_Mobile_14-48-15 - [verifyingDisplaySizeFilterFunctionality_Mobile_14-48-15] Successfully scrolled to element: By.xpath: //a[@id='seeMoreDetailsLink']
14:50:51 [TestNG-test-Test-3] INFO  verifyingDisplaySizeFilterFunctionality_Mobile_14-48-15 - [verifyingDisplaySizeFilterFunctionality_Mobile_14-48-15] Within safeClick method
14:50:51 [TestNG-test-Test-3] INFO  verifyingDisplaySizeFilterFunctionality_Mobile_14-48-15 - [verifyingDisplaySizeFilterFunctionality_Mobile_14-48-15] Clicked the  [[ChromeDriver: chrome on windows (16910463b227a8dd670a8d10a7954f9b)] -> xpath: //a[@id='seeMoreDetailsLink']]   using safeClick
14:50:51 [TestNG-test-Test-3] INFO  verifyingDisplaySizeFilterFunctionality_Mobile_14-48-15 - [verifyingDisplaySizeFilterFunctionality_Mobile_14-48-15] Within try block for clicking see more deatils within productNameListingPage loop
14:50:51 [TestNG-test-Test-3] INFO  verifyingDisplaySizeFilterFunctionality_Mobile_14-48-15 - [verifyingDisplaySizeFilterFunctionality_Mobile_14-48-15] Within closeCurrentWindowAndSwitchBack method
14:50:51 [TestNG-test-Test-3] INFO  verifyingDisplaySizeFilterFunctionality_Mobile_14-48-15 - [verifyingDisplaySizeFilterFunctionality_Mobile_14-48-15] Total open windows/tabs count -> 2
14:50:51 [TestNG-test-Test-3] INFO  verifyingDisplaySizeFilterFunctionality_Mobile_14-48-15 - [verifyingDisplaySizeFilterFunctionality_Mobile_14-48-15] Original window handle -> F707DF70555F142234F82C364E561336
14:50:51 [TestNG-test-Test-3] INFO  verifyingDisplaySizeFilterFunctionality_Mobile_14-48-15 - [verifyingDisplaySizeFilterFunctionality_Mobile_14-48-15] Found new tab/window handle -> FD1E925FBDD3EC715D9D8D03AB3B41C5 (will be closed)
14:50:51 [TestNG-test-Test-3] INFO  verifyingDisplaySizeFilterFunctionality_Mobile_14-48-15 - [verifyingDisplaySizeFilterFunctionality_Mobile_14-48-15] Successfully switched to new tab/window -> FD1E925FBDD3EC715D9D8D03AB3B41C5
14:50:51 [TestNG-test-Test-3] INFO  verifyingDisplaySizeFilterFunctionality_Mobile_14-48-15 - [verifyingDisplaySizeFilterFunctionality_Mobile_14-48-15] Closed the newly opened tab/window -> FD1E925FBDD3EC715D9D8D03AB3B41C5
14:50:51 [TestNG-test-Test-3] INFO  verifyingDisplaySizeFilterFunctionality_Mobile_14-48-15 - [verifyingDisplaySizeFilterFunctionality_Mobile_14-48-15] Switched back to the original window -> F707DF70555F142234F82C364E561336
14:50:51 [TestNG-test-Test-3] INFO  verifyingDisplaySizeFilterFunctionality_Mobile_14-48-15 - [verifyingDisplaySizeFilterFunctionality_Mobile_14-48-15]  going back to product listing via closeCurrentWindowAndSwitchBack 
14:50:51 [TestNG-test-Test-3] INFO  verifyingDisplaySizeFilterFunctionality_Mobile_14-48-15 - [verifyingDisplaySizeFilterFunctionality_Mobile_14-48-15]  Added 'filter','title','keyFeatures', 'about', 'techDetails' into the Map -> productResult
14:50:51 [TestNG-test-Test-3] INFO  verifyingDisplaySizeFilterFunctionality_Mobile_14-48-15 - [verifyingDisplaySizeFilterFunctionality_Mobile_14-48-15]  Added 'productResult' Map into the 'results' i.e list of maps 
14:50:51 [TestNG-test-Test-3] INFO  verifyingDisplaySizeFilterFunctionality_Mobile_14-48-15 - [verifyingDisplaySizeFilterFunctionality_Mobile_14-48-15]==========================================================================================================
14:50:51 [TestNG-test-Test-3] INFO  verifyingDisplaySizeFilterFunctionality_Mobile_14-48-15 - [verifyingDisplaySizeFilterFunctionality_Mobile_14-48-15] Within safeClick method
14:50:51 [TestNG-test-Test-3] INFO  verifyingDisplaySizeFilterFunctionality_Mobile_14-48-15 - [verifyingDisplaySizeFilterFunctionality_Mobile_14-48-15] Clicked the  [[ChromeDriver: chrome on windows (16910463b227a8dd670a8d10a7954f9b)] -> xpath: //span[@class='a-size-base a-color-base' and text()='Clear']]   using safeClick
14:50:51 [TestNG-test-Test-3] INFO  verifyingDisplaySizeFilterFunctionality_Mobile_14-48-15 - [verifyingDisplaySizeFilterFunctionality_Mobile_14-48-15] Clearing the filter value ->15 to 17.9 cmwithin productNameListingPage loop
14:50:51 [TestNG-test-Test-3] INFO  verifyingDisplaySizeFilterFunctionality_Mobile_14-48-15 - [verifyingDisplaySizeFilterFunctionality_Mobile_14-48-15]==========================================================================================================
14:50:51 [TestNG-test-Test-3] INFO  verifyingDisplaySizeFilterFunctionality_Mobile_14-48-15 - [verifyingDisplaySizeFilterFunctionality_Mobile_14-48-15]==========================================================================================================
14:50:51 [TestNG-test-Test-3] INFO  verifyingDisplaySizeFilterFunctionality_Mobile_14-48-15 - [verifyingDisplaySizeFilterFunctionality_Mobile_14-48-15] returning the 'results' i.e list of Maps
14:50:51 [TestNG-test-Test-3] ERROR verifyingDisplaySizeFilterFunctionality_Mobile_14-48-15 - [verifyingDisplaySizeFilterFunctionality_Mobile_14-48-15]  Mismatch found for filter 'up to 12.9 cm' on product ''
14:50:51 [TestNG-test-Test-3] ERROR verifyingDisplaySizeFilterFunctionality_Mobile_14-48-15 - [verifyingDisplaySizeFilterFunctionality_Mobile_14-48-15]  Mismatch found for filter 'up to 12.9 cm' on product 'peace mi5 pro android smartphone | 4gb ram + 32gb storage | 4.05-inch qhd display | 8mp rear camera | 5mp front camera | dual sim 4g volte | 2500mah battery | orange'
14:50:51 [TestNG-test-Test-3] ERROR verifyingDisplaySizeFilterFunctionality_Mobile_14-48-15 - [verifyingDisplaySizeFilterFunctionality_Mobile_14-48-15]  Mismatch found for filter '13 to 14.9 cm' on product 'redmi mi 5 (black, 4gb ram, 64gb storage)'
14:50:51 [TestNG-test-Test-3] ERROR verifyingDisplaySizeFilterFunctionality_Mobile_14-48-15 - [verifyingDisplaySizeFilterFunctionality_Mobile_14-48-15]  Mismatch found for filter '13 to 14.9 cm' on product ''
14:50:51 [TestNG-test-Test-3] ERROR verifyingDisplaySizeFilterFunctionality_Mobile_14-48-15 - [verifyingDisplaySizeFilterFunctionality_Mobile_14-48-15]  Mismatch found for filter '15 to 17.9 cm' on product ''
14:50:51 [TestNG-test-Test-3] ERROR verifyingDisplaySizeFilterFunctionality_Mobile_14-48-15 - [verifyingDisplaySizeFilterFunctionality_Mobile_14-48-15]  Mismatch found for filter '15 to 17.9 cm' on product 'iqoo z10 lite 5g (titanium blue 2026, 4gb ram, 64gb storage) | dimensity 6300 5g processor | 50mp sony ai camera | 6000 mah battery | ip64 rated & military grade shock-resistance*'
14:50:51 [TestNG-test-Test-3] INFO  verifyingDisplaySizeFilterFunctionality_Mobile_14-48-15 - [verifyingDisplaySizeFilterFunctionality_Mobile_14-48-15]  Final assertion for display size filter validation starting...
