17:48:19 [TestNG-test-Test-2] INFO  verifyingPriceSilderFunctionality_Tablet_17-48-19 - No existing WebDriver found for current thread. Initializing a new ChromeDriver...
17:48:19 [TestNG-test-Test-2] INFO  verifyingPriceSilderFunctionality_Tablet_17-48-19 - WebDriverManager: chromedriver setup OK
17:48:20 [TestNG-test-Test-2] INFO  verifyingPriceSilderFunctionality_Tablet_17-48-19 - ChromeDriver initialized successfully for thread: 35
17:48:20 [TestNG-test-Test-2] INFO  verifyingPriceSilderFunctionality_Tablet_17-48-19 - [verifyingPriceSilderFunctionality_Tablet_17-48-19] Opening amazon Landing page
17:48:21 [TestNG-test-Test-2] INFO  verifyingPriceSilderFunctionality_Tablet_17-48-19 - [verifyingPriceSilderFunctionality_Tablet_17-48-19] Within safeFindElement method
17:48:23 [TestNG-test-Test-2] INFO  verifyingPriceSilderFunctionality_Tablet_17-48-19 - [verifyingPriceSilderFunctionality_Tablet_17-48-19]Found the element returning it ,element ->[[ChromeDriver: chrome on windows (45423ce6e15efc72cd0fafb8057f9b65)] -> xpath: //a[@id='nav-logo-sprites']]
17:48:24 [TestNG-test-Test-2] INFO  verifyingPriceSilderFunctionality_Tablet_17-48-19 - [verifyingPriceSilderFunctionality_Tablet_17-48-19] Giving input within the search bar
17:48:24 [TestNG-test-Test-2] INFO  verifyingPriceSilderFunctionality_Tablet_17-48-19 - [verifyingPriceSilderFunctionality_Tablet_17-48-19] Within safeClick method
17:48:27 [TestNG-test-Test-2] INFO  verifyingPriceSilderFunctionality_Tablet_17-48-19 - [verifyingPriceSilderFunctionality_Tablet_17-48-19] Clicked the  [[ChromeDriver: chrome on windows (45423ce6e15efc72cd0fafb8057f9b65)] -> xpath: //input[@id='nav-search-submit-button']]   using safeClick
17:48:27 [TestNG-test-Test-2] INFO  verifyingPriceSilderFunctionality_Tablet_17-48-19 - [verifyingPriceSilderFunctionality_Tablet_17-48-19] Clicking on the submit in the search bar
17:48:27 [TestNG-test-Test-2] INFO  verifyingPriceSilderFunctionality_Tablet_17-48-19 - [verifyingPriceSilderFunctionality_Tablet_17-48-19] Within filterCheckUnderList method
17:48:27 [TestNG-test-Test-2] INFO  verifyingPriceSilderFunctionality_Tablet_17-48-19 - [verifyingPriceSilderFunctionality_Tablet_17-48-19] Found the Filter within the filter check List
17:48:27 [TestNG-test-Test-2] INFO  verifyingPriceSilderFunctionality_Tablet_17-48-19 - [verifyingPriceSilderFunctionality_Tablet_17-48-19] Within applyPriceSliderAndValidateWithResult method
17:48:27 [TestNG-test-Test-2] INFO  verifyingPriceSilderFunctionality_Tablet_17-48-19 - [verifyingPriceSilderFunctionality_Tablet_17-48-19] Within smoothScrollToElement method
17:48:27 [TestNG-test-Test-2] INFO  verifyingPriceSilderFunctionality_Tablet_17-48-19 - [verifyingPriceSilderFunctionality_Tablet_17-48-19] Within safeFindElement method
17:48:27 [TestNG-test-Test-2] INFO  verifyingPriceSilderFunctionality_Tablet_17-48-19 - [verifyingPriceSilderFunctionality_Tablet_17-48-19]Found the element returning it ,element ->[[ChromeDriver: chrome on windows (45423ce6e15efc72cd0fafb8057f9b65)] -> id: p_36/range-slider_slider-item_lower-bound-slider]
17:48:28 [TestNG-test-Test-2] INFO  verifyingPriceSilderFunctionality_Tablet_17-48-19 - [verifyingPriceSilderFunctionality_Tablet_17-48-19] Successfully scrolled to element: By.id: p_36/range-slider_slider-item_lower-bound-slider
17:48:28 [TestNG-test-Test-2] INFO  verifyingPriceSilderFunctionality_Tablet_17-48-19 - [verifyingPriceSilderFunctionality_Tablet_17-48-19] Within safeFindElement method
17:48:28 [TestNG-test-Test-2] INFO  verifyingPriceSilderFunctionality_Tablet_17-48-19 - [verifyingPriceSilderFunctionality_Tablet_17-48-19]Found the element returning it ,element ->[[ChromeDriver: chrome on windows (45423ce6e15efc72cd0fafb8057f9b65)] -> id: p_36/range-slider_slider-item_lower-bound-slider]
17:48:28 [TestNG-test-Test-2] INFO  verifyingPriceSilderFunctionality_Tablet_17-48-19 - [verifyingPriceSilderFunctionality_Tablet_17-48-19] in the setSliderValue method with value 61
17:48:28 [TestNG-test-Test-2] INFO  verifyingPriceSilderFunctionality_Tablet_17-48-19 - [verifyingPriceSilderFunctionality_Tablet_17-48-19] Within safeFindElement method
17:48:28 [TestNG-test-Test-2] INFO  verifyingPriceSilderFunctionality_Tablet_17-48-19 - [verifyingPriceSilderFunctionality_Tablet_17-48-19]Found the element returning it ,element ->[[ChromeDriver: chrome on windows (45423ce6e15efc72cd0fafb8057f9b65)] -> id: p_36/range-slider_slider-item_upper-bound-slider]
17:48:28 [TestNG-test-Test-2] INFO  verifyingPriceSilderFunctionality_Tablet_17-48-19 - [verifyingPriceSilderFunctionality_Tablet_17-48-19] in the setSliderValue method with value 81
17:48:28 [TestNG-test-Test-2] INFO  verifyingPriceSilderFunctionality_Tablet_17-48-19 - [verifyingPriceSilderFunctionality_Tablet_17-48-19] Within safeFindElement method
17:48:29 [TestNG-test-Test-2] INFO  verifyingPriceSilderFunctionality_Tablet_17-48-19 - [verifyingPriceSilderFunctionality_Tablet_17-48-19]Found the element returning it ,element ->[[ChromeDriver: chrome on windows (45423ce6e15efc72cd0fafb8057f9b65)] -> xpath: //label[@for='p_36/range-slider_slider-item_upper-bound-slider']]
17:48:29 [TestNG-test-Test-2] INFO  verifyingPriceSilderFunctionality_Tablet_17-48-19 - [verifyingPriceSilderFunctionality_Tablet_17-48-19] Within safeFindElement method
17:48:29 [TestNG-test-Test-2] INFO  verifyingPriceSilderFunctionality_Tablet_17-48-19 - [verifyingPriceSilderFunctionality_Tablet_17-48-19]Found the element returning it ,element ->[[ChromeDriver: chrome on windows (45423ce6e15efc72cd0fafb8057f9b65)] -> xpath: //label[@for='p_36/range-slider_slider-item_lower-bound-slider']]
17:48:29 [TestNG-test-Test-2] INFO  verifyingPriceSilderFunctionality_Tablet_17-48-19 - [verifyingPriceSilderFunctionality_Tablet_17-48-19] Within safeFindElements 
17:48:29 [TestNG-test-Test-2] INFO  verifyingPriceSilderFunctionality_Tablet_17-48-19 - [verifyingPriceSilderFunctionality_Tablet_17-48-19] Returning the  [[[ChromeDriver: chrome on windows (45423ce6e15efc72cd0fafb8057f9b65)] -> xpath: //span[@class='a-price-whole']], [[ChromeDriver: chrome on windows (45423ce6e15efc72cd0fafb8057f9b65)] -> xpath: //span[@class='a-price-whole']], [[ChromeDriver: chrome on windows (45423ce6e15efc72cd0fafb8057f9b65)] -> xpath: //span[@class='a-price-whole']], [[ChromeDriver: chrome on windows (45423ce6e15efc72cd0fafb8057f9b65)] -> xpath: //span[@class='a-price-whole']], [[ChromeDriver: chrome on windows (45423ce6e15efc72cd0fafb8057f9b65)] -> xpath: //span[@class='a-price-whole']], [[ChromeDriver: chrome on windows (45423ce6e15efc72cd0fafb8057f9b65)] -> xpath: //span[@class='a-price-whole']], [[ChromeDriver: chrome on windows (45423ce6e15efc72cd0fafb8057f9b65)] -> xpath: //span[@class='a-price-whole']], [[ChromeDriver: chrome on windows (45423ce6e15efc72cd0fafb8057f9b65)] -> xpath: //span[@class='a-price-whole']], [[ChromeDriver: chrome on windows (45423ce6e15efc72cd0fafb8057f9b65)] -> xpath: //span[@class='a-price-whole']], [[ChromeDriver: chrome on windows (45423ce6e15efc72cd0fafb8057f9b65)] -> xpath: //span[@class='a-price-whole']], [[ChromeDriver: chrome on windows (45423ce6e15efc72cd0fafb8057f9b65)] -> xpath: //span[@class='a-price-whole']], [[ChromeDriver: chrome on windows (45423ce6e15efc72cd0fafb8057f9b65)] -> xpath: //span[@class='a-price-whole']], [[ChromeDriver: chrome on windows (45423ce6e15efc72cd0fafb8057f9b65)] -> xpath: //span[@class='a-price-whole']], [[ChromeDriver: chrome on windows (45423ce6e15efc72cd0fafb8057f9b65)] -> xpath: //span[@class='a-price-whole']], [[ChromeDriver: chrome on windows (45423ce6e15efc72cd0fafb8057f9b65)] -> xpath: //span[@class='a-price-whole']], [[ChromeDriver: chrome on windows (45423ce6e15efc72cd0fafb8057f9b65)] -> xpath: //span[@class='a-price-whole']]] from the safeFindElements method
17:48:29 [TestNG-test-Test-2] INFO  verifyingPriceSilderFunctionality_Tablet_17-48-19 - [verifyingPriceSilderFunctionality_Tablet_17-48-19] Min Price Applied is  ₹18,000   Product Price is 25,999  Max Price Applied is ₹36,100
17:48:29 [TestNG-test-Test-2] INFO  verifyingPriceSilderFunctionality_Tablet_17-48-19 - [verifyingPriceSilderFunctionality_Tablet_17-48-19] Min Price Applied is  ₹18,000   Product Price is 23,944  Max Price Applied is ₹36,100
17:48:29 [TestNG-test-Test-2] INFO  verifyingPriceSilderFunctionality_Tablet_17-48-19 - [verifyingPriceSilderFunctionality_Tablet_17-48-19] Min Price Applied is  ₹18,000   Product Price is 18,999  Max Price Applied is ₹36,100
17:48:29 [TestNG-test-Test-2] INFO  verifyingPriceSilderFunctionality_Tablet_17-48-19 - [verifyingPriceSilderFunctionality_Tablet_17-48-19] Min Price Applied is  ₹18,000   Product Price is 33,999  Max Price Applied is ₹36,100
17:48:29 [TestNG-test-Test-2] INFO  verifyingPriceSilderFunctionality_Tablet_17-48-19 - [verifyingPriceSilderFunctionality_Tablet_17-48-19] Min Price Applied is  ₹18,000   Product Price is 29,999  Max Price Applied is ₹36,100
17:48:29 [TestNG-test-Test-2] INFO  verifyingPriceSilderFunctionality_Tablet_17-48-19 - [verifyingPriceSilderFunctionality_Tablet_17-48-19] Min Price Applied is  ₹18,000   Product Price is 35,749  Max Price Applied is ₹36,100
17:48:29 [TestNG-test-Test-2] INFO  verifyingPriceSilderFunctionality_Tablet_17-48-19 - [verifyingPriceSilderFunctionality_Tablet_17-48-19] Min Price Applied is  ₹18,000   Product Price is 19,700  Max Price Applied is ₹36,100
17:48:29 [TestNG-test-Test-2] INFO  verifyingPriceSilderFunctionality_Tablet_17-48-19 - [verifyingPriceSilderFunctionality_Tablet_17-48-19] Min Price Applied is  ₹18,000   Product Price is 26,999  Max Price Applied is ₹36,100
17:48:29 [TestNG-test-Test-2] INFO  verifyingPriceSilderFunctionality_Tablet_17-48-19 - [verifyingPriceSilderFunctionality_Tablet_17-48-19] Min Price Applied is  ₹18,000   Product Price is 26,999  Max Price Applied is ₹36,100
17:48:29 [TestNG-test-Test-2] INFO  verifyingPriceSilderFunctionality_Tablet_17-48-19 - [verifyingPriceSilderFunctionality_Tablet_17-48-19] Min Price Applied is  ₹18,000   Product Price is 35,999  Max Price Applied is ₹36,100
17:48:29 [TestNG-test-Test-2] INFO  verifyingPriceSilderFunctionality_Tablet_17-48-19 - [verifyingPriceSilderFunctionality_Tablet_17-48-19] Min Price Applied is  ₹18,000   Product Price is 21,999  Max Price Applied is ₹36,100
17:48:29 [TestNG-test-Test-2] INFO  verifyingPriceSilderFunctionality_Tablet_17-48-19 - [verifyingPriceSilderFunctionality_Tablet_17-48-19] Min Price Applied is  ₹18,000   Product Price is 29,999  Max Price Applied is ₹36,100
17:48:29 [TestNG-test-Test-2] INFO  verifyingPriceSilderFunctionality_Tablet_17-48-19 - [verifyingPriceSilderFunctionality_Tablet_17-48-19] Min Price Applied is  ₹18,000   Product Price is 20,990  Max Price Applied is ₹36,100
17:48:29 [TestNG-test-Test-2] INFO  verifyingPriceSilderFunctionality_Tablet_17-48-19 - [verifyingPriceSilderFunctionality_Tablet_17-48-19] Min Price Applied is  ₹18,000   Product Price is 28,999  Max Price Applied is ₹36,100
17:48:29 [TestNG-test-Test-2] INFO  verifyingPriceSilderFunctionality_Tablet_17-48-19 - [verifyingPriceSilderFunctionality_Tablet_17-48-19] Min Price Applied is  ₹18,000   Product Price is 28,499  Max Price Applied is ₹36,100
17:48:29 [TestNG-test-Test-2] INFO  verifyingPriceSilderFunctionality_Tablet_17-48-19 - [verifyingPriceSilderFunctionality_Tablet_17-48-19] Min Price Applied is  ₹18,000   Product Price is 34,110  Max Price Applied is ₹36,100
17:48:29 [TestNG-test-Test-2] INFO  verifyingPriceSilderFunctionality_Tablet_17-48-19 - [verifyingPriceSilderFunctionality_Tablet_17-48-19] Within smoothScrollToElement method
17:48:29 [TestNG-test-Test-2] INFO  verifyingPriceSilderFunctionality_Tablet_17-48-19 - [verifyingPriceSilderFunctionality_Tablet_17-48-19] Within safeFindElement method
17:48:29 [TestNG-test-Test-2] INFO  verifyingPriceSilderFunctionality_Tablet_17-48-19 - [verifyingPriceSilderFunctionality_Tablet_17-48-19]Found the element returning it ,element ->[[ChromeDriver: chrome on windows (45423ce6e15efc72cd0fafb8057f9b65)] -> id: p_36/range-slider_slider-item_lower-bound-slider]
17:48:30 [TestNG-test-Test-2] INFO  verifyingPriceSilderFunctionality_Tablet_17-48-19 - [verifyingPriceSilderFunctionality_Tablet_17-48-19] Successfully scrolled to element: By.id: p_36/range-slider_slider-item_lower-bound-slider
17:48:30 [TestNG-test-Test-2] INFO  verifyingPriceSilderFunctionality_Tablet_17-48-19 - [verifyingPriceSilderFunctionality_Tablet_17-48-19] Price Check <= Max & >= Min  Product Price is ->25999.0
17:48:30 [TestNG-test-Test-2] INFO  verifyingPriceSilderFunctionality_Tablet_17-48-19 - [verifyingPriceSilderFunctionality_Tablet_17-48-19] Min Price Applied is  18000.0   Product Price is 25,999  Max Price Applied is 36100.0
17:48:30 [TestNG-test-Test-2] INFO  verifyingPriceSilderFunctionality_Tablet_17-48-19 - [verifyingPriceSilderFunctionality_Tablet_17-48-19] Price Check <= Max & >= Min  Product Price is ->23944.0
17:48:30 [TestNG-test-Test-2] INFO  verifyingPriceSilderFunctionality_Tablet_17-48-19 - [verifyingPriceSilderFunctionality_Tablet_17-48-19] Min Price Applied is  18000.0   Product Price is 23,944  Max Price Applied is 36100.0
17:48:30 [TestNG-test-Test-2] INFO  verifyingPriceSilderFunctionality_Tablet_17-48-19 - [verifyingPriceSilderFunctionality_Tablet_17-48-19] Price Check <= Max & >= Min  Product Price is ->18999.0
17:48:30 [TestNG-test-Test-2] INFO  verifyingPriceSilderFunctionality_Tablet_17-48-19 - [verifyingPriceSilderFunctionality_Tablet_17-48-19] Min Price Applied is  18000.0   Product Price is 18,999  Max Price Applied is 36100.0
17:48:30 [TestNG-test-Test-2] INFO  verifyingPriceSilderFunctionality_Tablet_17-48-19 - [verifyingPriceSilderFunctionality_Tablet_17-48-19] Price Check <= Max & >= Min  Product Price is ->33999.0
17:48:30 [TestNG-test-Test-2] INFO  verifyingPriceSilderFunctionality_Tablet_17-48-19 - [verifyingPriceSilderFunctionality_Tablet_17-48-19] Min Price Applied is  18000.0   Product Price is 33,999  Max Price Applied is 36100.0
17:48:30 [TestNG-test-Test-2] INFO  verifyingPriceSilderFunctionality_Tablet_17-48-19 - [verifyingPriceSilderFunctionality_Tablet_17-48-19] Price Check <= Max & >= Min  Product Price is ->29999.0
17:48:30 [TestNG-test-Test-2] INFO  verifyingPriceSilderFunctionality_Tablet_17-48-19 - [verifyingPriceSilderFunctionality_Tablet_17-48-19] Min Price Applied is  18000.0   Product Price is 29,999  Max Price Applied is 36100.0
17:48:30 [TestNG-test-Test-2] INFO  verifyingPriceSilderFunctionality_Tablet_17-48-19 - [verifyingPriceSilderFunctionality_Tablet_17-48-19] Price Check <= Max & >= Min  Product Price is ->35749.0
17:48:30 [TestNG-test-Test-2] INFO  verifyingPriceSilderFunctionality_Tablet_17-48-19 - [verifyingPriceSilderFunctionality_Tablet_17-48-19] Min Price Applied is  18000.0   Product Price is 35,749  Max Price Applied is 36100.0
17:48:30 [TestNG-test-Test-2] INFO  verifyingPriceSilderFunctionality_Tablet_17-48-19 - [verifyingPriceSilderFunctionality_Tablet_17-48-19] Price Check <= Max & >= Min  Product Price is ->19700.0
17:48:30 [TestNG-test-Test-2] INFO  verifyingPriceSilderFunctionality_Tablet_17-48-19 - [verifyingPriceSilderFunctionality_Tablet_17-48-19] Min Price Applied is  18000.0   Product Price is 19,700  Max Price Applied is 36100.0
17:48:30 [TestNG-test-Test-2] INFO  verifyingPriceSilderFunctionality_Tablet_17-48-19 - [verifyingPriceSilderFunctionality_Tablet_17-48-19] Price Check <= Max & >= Min  Product Price is ->26999.0
17:48:30 [TestNG-test-Test-2] INFO  verifyingPriceSilderFunctionality_Tablet_17-48-19 - [verifyingPriceSilderFunctionality_Tablet_17-48-19] Min Price Applied is  18000.0   Product Price is 26,999  Max Price Applied is 36100.0
17:48:30 [TestNG-test-Test-2] INFO  verifyingPriceSilderFunctionality_Tablet_17-48-19 - [verifyingPriceSilderFunctionality_Tablet_17-48-19] Price Check <= Max & >= Min  Product Price is ->26999.0
17:48:30 [TestNG-test-Test-2] INFO  verifyingPriceSilderFunctionality_Tablet_17-48-19 - [verifyingPriceSilderFunctionality_Tablet_17-48-19] Min Price Applied is  18000.0   Product Price is 26,999  Max Price Applied is 36100.0
17:48:30 [TestNG-test-Test-2] INFO  verifyingPriceSilderFunctionality_Tablet_17-48-19 - [verifyingPriceSilderFunctionality_Tablet_17-48-19] Price Check <= Max & >= Min  Product Price is ->35999.0
17:48:30 [TestNG-test-Test-2] INFO  verifyingPriceSilderFunctionality_Tablet_17-48-19 - [verifyingPriceSilderFunctionality_Tablet_17-48-19] Min Price Applied is  18000.0   Product Price is 35,999  Max Price Applied is 36100.0
17:48:30 [TestNG-test-Test-2] INFO  verifyingPriceSilderFunctionality_Tablet_17-48-19 - [verifyingPriceSilderFunctionality_Tablet_17-48-19] Price Check <= Max & >= Min  Product Price is ->21999.0
17:48:30 [TestNG-test-Test-2] INFO  verifyingPriceSilderFunctionality_Tablet_17-48-19 - [verifyingPriceSilderFunctionality_Tablet_17-48-19] Min Price Applied is  18000.0   Product Price is 21,999  Max Price Applied is 36100.0
17:48:30 [TestNG-test-Test-2] INFO  verifyingPriceSilderFunctionality_Tablet_17-48-19 - [verifyingPriceSilderFunctionality_Tablet_17-48-19] Price Check <= Max & >= Min  Product Price is ->29999.0
17:48:30 [TestNG-test-Test-2] INFO  verifyingPriceSilderFunctionality_Tablet_17-48-19 - [verifyingPriceSilderFunctionality_Tablet_17-48-19] Min Price Applied is  18000.0   Product Price is 29,999  Max Price Applied is 36100.0
17:48:30 [TestNG-test-Test-2] INFO  verifyingPriceSilderFunctionality_Tablet_17-48-19 - [verifyingPriceSilderFunctionality_Tablet_17-48-19] Price Check <= Max & >= Min  Product Price is ->20990.0
17:48:30 [TestNG-test-Test-2] INFO  verifyingPriceSilderFunctionality_Tablet_17-48-19 - [verifyingPriceSilderFunctionality_Tablet_17-48-19] Min Price Applied is  18000.0   Product Price is 20,990  Max Price Applied is 36100.0
17:48:30 [TestNG-test-Test-2] INFO  verifyingPriceSilderFunctionality_Tablet_17-48-19 - [verifyingPriceSilderFunctionality_Tablet_17-48-19] Price Check <= Max & >= Min  Product Price is ->28999.0
17:48:30 [TestNG-test-Test-2] INFO  verifyingPriceSilderFunctionality_Tablet_17-48-19 - [verifyingPriceSilderFunctionality_Tablet_17-48-19] Min Price Applied is  18000.0   Product Price is 28,999  Max Price Applied is 36100.0
17:48:30 [TestNG-test-Test-2] INFO  verifyingPriceSilderFunctionality_Tablet_17-48-19 - [verifyingPriceSilderFunctionality_Tablet_17-48-19] Price Check <= Max & >= Min  Product Price is ->28499.0
17:48:30 [TestNG-test-Test-2] INFO  verifyingPriceSilderFunctionality_Tablet_17-48-19 - [verifyingPriceSilderFunctionality_Tablet_17-48-19] Min Price Applied is  18000.0   Product Price is 28,499  Max Price Applied is 36100.0
17:48:30 [TestNG-test-Test-2] INFO  verifyingPriceSilderFunctionality_Tablet_17-48-19 - [verifyingPriceSilderFunctionality_Tablet_17-48-19] Price Check <= Max & >= Min  Product Price is ->34110.0
17:48:30 [TestNG-test-Test-2] INFO  verifyingPriceSilderFunctionality_Tablet_17-48-19 - [verifyingPriceSilderFunctionality_Tablet_17-48-19] Min Price Applied is  18000.0   Product Price is 34,110  Max Price Applied is 36100.0
17:48:30 [TestNG-test-Test-2] INFO  verifyingPriceSilderFunctionality_Tablet_17-48-19 - [verifyingPriceSilderFunctionality_Tablet_17-48-19] Adding the data 'min','max','isValid' ,'mismatches' to 'result' Map->81
17:48:30 [TestNG-test-Test-2] INFO  verifyingPriceSilderFunctionality_Tablet_17-48-19 - [verifyingPriceSilderFunctionality_Tablet_17-48-19] Adding the 'results'  Map to the master 'allResults' i.e is List of maps->81
17:48:30 [TestNG-test-Test-2] INFO  verifyingPriceSilderFunctionality_Tablet_17-48-19 - [verifyingPriceSilderFunctionality_Tablet_17-48-19] Within safeFindElement method
17:48:30 [TestNG-test-Test-2] INFO  verifyingPriceSilderFunctionality_Tablet_17-48-19 - [verifyingPriceSilderFunctionality_Tablet_17-48-19]Found the element returning it ,element ->[[ChromeDriver: chrome on windows (45423ce6e15efc72cd0fafb8057f9b65)] -> id: p_36/range-slider_slider-item_lower-bound-slider]
17:48:30 [TestNG-test-Test-2] INFO  verifyingPriceSilderFunctionality_Tablet_17-48-19 - [verifyingPriceSilderFunctionality_Tablet_17-48-19] in the setSliderValue method with value 91
17:48:30 [TestNG-test-Test-2] INFO  verifyingPriceSilderFunctionality_Tablet_17-48-19 - [verifyingPriceSilderFunctionality_Tablet_17-48-19] Within safeFindElement method
17:48:30 [TestNG-test-Test-2] INFO  verifyingPriceSilderFunctionality_Tablet_17-48-19 - [verifyingPriceSilderFunctionality_Tablet_17-48-19]Found the element returning it ,element ->[[ChromeDriver: chrome on windows (45423ce6e15efc72cd0fafb8057f9b65)] -> id: p_36/range-slider_slider-item_upper-bound-slider]
17:48:30 [TestNG-test-Test-2] INFO  verifyingPriceSilderFunctionality_Tablet_17-48-19 - [verifyingPriceSilderFunctionality_Tablet_17-48-19] in the setSliderValue method with value 121
17:48:30 [TestNG-test-Test-2] INFO  verifyingPriceSilderFunctionality_Tablet_17-48-19 - [verifyingPriceSilderFunctionality_Tablet_17-48-19] Within safeFindElement method
17:48:31 [TestNG-test-Test-2] INFO  verifyingPriceSilderFunctionality_Tablet_17-48-19 - [verifyingPriceSilderFunctionality_Tablet_17-48-19]Found the element returning it ,element ->[[ChromeDriver: chrome on windows (45423ce6e15efc72cd0fafb8057f9b65)] -> xpath: //label[@for='p_36/range-slider_slider-item_upper-bound-slider']]
17:48:32 [TestNG-test-Test-2] INFO  verifyingPriceSilderFunctionality_Tablet_17-48-19 - [verifyingPriceSilderFunctionality_Tablet_17-48-19] Within safeFindElement method
17:48:32 [TestNG-test-Test-2] INFO  verifyingPriceSilderFunctionality_Tablet_17-48-19 - [verifyingPriceSilderFunctionality_Tablet_17-48-19]Found the element returning it ,element ->[[ChromeDriver: chrome on windows (45423ce6e15efc72cd0fafb8057f9b65)] -> xpath: //label[@for='p_36/range-slider_slider-item_lower-bound-slider']]
17:48:32 [TestNG-test-Test-2] INFO  verifyingPriceSilderFunctionality_Tablet_17-48-19 - [verifyingPriceSilderFunctionality_Tablet_17-48-19] Within safeFindElements 
17:48:32 [TestNG-test-Test-2] INFO  verifyingPriceSilderFunctionality_Tablet_17-48-19 - [verifyingPriceSilderFunctionality_Tablet_17-48-19] Returning the  [[[ChromeDriver: chrome on windows (45423ce6e15efc72cd0fafb8057f9b65)] -> xpath: //span[@class='a-price-whole']], [[ChromeDriver: chrome on windows (45423ce6e15efc72cd0fafb8057f9b65)] -> xpath: //span[@class='a-price-whole']], [[ChromeDriver: chrome on windows (45423ce6e15efc72cd0fafb8057f9b65)] -> xpath: //span[@class='a-price-whole']], [[ChromeDriver: chrome on windows (45423ce6e15efc72cd0fafb8057f9b65)] -> xpath: //span[@class='a-price-whole']], [[ChromeDriver: chrome on windows (45423ce6e15efc72cd0fafb8057f9b65)] -> xpath: //span[@class='a-price-whole']], [[ChromeDriver: chrome on windows (45423ce6e15efc72cd0fafb8057f9b65)] -> xpath: //span[@class='a-price-whole']], [[ChromeDriver: chrome on windows (45423ce6e15efc72cd0fafb8057f9b65)] -> xpath: //span[@class='a-price-whole']], [[ChromeDriver: chrome on windows (45423ce6e15efc72cd0fafb8057f9b65)] -> xpath: //span[@class='a-price-whole']], [[ChromeDriver: chrome on windows (45423ce6e15efc72cd0fafb8057f9b65)] -> xpath: //span[@class='a-price-whole']], [[ChromeDriver: chrome on windows (45423ce6e15efc72cd0fafb8057f9b65)] -> xpath: //span[@class='a-price-whole']], [[ChromeDriver: chrome on windows (45423ce6e15efc72cd0fafb8057f9b65)] -> xpath: //span[@class='a-price-whole']], [[ChromeDriver: chrome on windows (45423ce6e15efc72cd0fafb8057f9b65)] -> xpath: //span[@class='a-price-whole']], [[ChromeDriver: chrome on windows (45423ce6e15efc72cd0fafb8057f9b65)] -> xpath: //span[@class='a-price-whole']], [[ChromeDriver: chrome on windows (45423ce6e15efc72cd0fafb8057f9b65)] -> xpath: //span[@class='a-price-whole']], [[ChromeDriver: chrome on windows (45423ce6e15efc72cd0fafb8057f9b65)] -> xpath: //span[@class='a-price-whole']], [[ChromeDriver: chrome on windows (45423ce6e15efc72cd0fafb8057f9b65)] -> xpath: //span[@class='a-price-whole']]] from the safeFindElements method
17:48:32 [TestNG-test-Test-2] INFO  verifyingPriceSilderFunctionality_Tablet_17-48-19 - [verifyingPriceSilderFunctionality_Tablet_17-48-19] Min Price Applied is  ₹26,100   Product Price is 26,999  Max Price Applied is ₹97,100
17:48:32 [TestNG-test-Test-2] INFO  verifyingPriceSilderFunctionality_Tablet_17-48-19 - [verifyingPriceSilderFunctionality_Tablet_17-48-19] Min Price Applied is  ₹26,100   Product Price is 33,999  Max Price Applied is ₹97,100
17:48:32 [TestNG-test-Test-2] INFO  verifyingPriceSilderFunctionality_Tablet_17-48-19 - [verifyingPriceSilderFunctionality_Tablet_17-48-19] Min Price Applied is  ₹26,100   Product Price is 26,999  Max Price Applied is ₹97,100
17:48:32 [TestNG-test-Test-2] INFO  verifyingPriceSilderFunctionality_Tablet_17-48-19 - [verifyingPriceSilderFunctionality_Tablet_17-48-19] Min Price Applied is  ₹26,100   Product Price is 35,749  Max Price Applied is ₹97,100
17:48:32 [TestNG-test-Test-2] INFO  verifyingPriceSilderFunctionality_Tablet_17-48-19 - [verifyingPriceSilderFunctionality_Tablet_17-48-19] Min Price Applied is  ₹26,100   Product Price is 29,999  Max Price Applied is ₹97,100
17:48:32 [TestNG-test-Test-2] INFO  verifyingPriceSilderFunctionality_Tablet_17-48-19 - [verifyingPriceSilderFunctionality_Tablet_17-48-19] Min Price Applied is  ₹26,100   Product Price is 28,999  Max Price Applied is ₹97,100
17:48:32 [TestNG-test-Test-2] INFO  verifyingPriceSilderFunctionality_Tablet_17-48-19 - [verifyingPriceSilderFunctionality_Tablet_17-48-19] Min Price Applied is  ₹26,100   Product Price is 35,999  Max Price Applied is ₹97,100
17:48:32 [TestNG-test-Test-2] INFO  verifyingPriceSilderFunctionality_Tablet_17-48-19 - [verifyingPriceSilderFunctionality_Tablet_17-48-19] Min Price Applied is  ₹26,100   Product Price is 28,499  Max Price Applied is ₹97,100
17:48:32 [TestNG-test-Test-2] INFO  verifyingPriceSilderFunctionality_Tablet_17-48-19 - [verifyingPriceSilderFunctionality_Tablet_17-48-19] Min Price Applied is  ₹26,100   Product Price is 42,999  Max Price Applied is ₹97,100
17:48:32 [TestNG-test-Test-2] INFO  verifyingPriceSilderFunctionality_Tablet_17-48-19 - [verifyingPriceSilderFunctionality_Tablet_17-48-19] Min Price Applied is  ₹26,100   Product Price is 36,443  Max Price Applied is ₹97,100
17:48:32 [TestNG-test-Test-2] INFO  verifyingPriceSilderFunctionality_Tablet_17-48-19 - [verifyingPriceSilderFunctionality_Tablet_17-48-19] Min Price Applied is  ₹26,100   Product Price is 79,999  Max Price Applied is ₹97,100
17:48:32 [TestNG-test-Test-2] INFO  verifyingPriceSilderFunctionality_Tablet_17-48-19 - [verifyingPriceSilderFunctionality_Tablet_17-48-19] Min Price Applied is  ₹26,100   Product Price is 49,900  Max Price Applied is ₹97,100
17:48:32 [TestNG-test-Test-2] INFO  verifyingPriceSilderFunctionality_Tablet_17-48-19 - [verifyingPriceSilderFunctionality_Tablet_17-48-19] Min Price Applied is  ₹26,100   Product Price is 29,999  Max Price Applied is ₹97,100
17:48:32 [TestNG-test-Test-2] INFO  verifyingPriceSilderFunctionality_Tablet_17-48-19 - [verifyingPriceSilderFunctionality_Tablet_17-48-19] Min Price Applied is  ₹26,100   Product Price is 43,999  Max Price Applied is ₹97,100
17:48:32 [TestNG-test-Test-2] INFO  verifyingPriceSilderFunctionality_Tablet_17-48-19 - [verifyingPriceSilderFunctionality_Tablet_17-48-19] Min Price Applied is  ₹26,100   Product Price is 41,999  Max Price Applied is ₹97,100
17:48:32 [TestNG-test-Test-2] INFO  verifyingPriceSilderFunctionality_Tablet_17-48-19 - [verifyingPriceSilderFunctionality_Tablet_17-48-19] Min Price Applied is  ₹26,100   Product Price is 29,499  Max Price Applied is ₹97,100
17:48:32 [TestNG-test-Test-2] INFO  verifyingPriceSilderFunctionality_Tablet_17-48-19 - [verifyingPriceSilderFunctionality_Tablet_17-48-19] Within smoothScrollToElement method
17:48:32 [TestNG-test-Test-2] INFO  verifyingPriceSilderFunctionality_Tablet_17-48-19 - [verifyingPriceSilderFunctionality_Tablet_17-48-19] Within safeFindElement method
17:48:32 [TestNG-test-Test-2] INFO  verifyingPriceSilderFunctionality_Tablet_17-48-19 - [verifyingPriceSilderFunctionality_Tablet_17-48-19]Found the element returning it ,element ->[[ChromeDriver: chrome on windows (45423ce6e15efc72cd0fafb8057f9b65)] -> id: p_36/range-slider_slider-item_lower-bound-slider]
17:48:32 [TestNG-test-Test-2] INFO  verifyingPriceSilderFunctionality_Tablet_17-48-19 - [verifyingPriceSilderFunctionality_Tablet_17-48-19] Successfully scrolled to element: By.id: p_36/range-slider_slider-item_lower-bound-slider
17:48:32 [TestNG-test-Test-2] INFO  verifyingPriceSilderFunctionality_Tablet_17-48-19 - [verifyingPriceSilderFunctionality_Tablet_17-48-19] Price Check <= Max & >= Min  Product Price is ->26999.0
17:48:32 [TestNG-test-Test-2] INFO  verifyingPriceSilderFunctionality_Tablet_17-48-19 - [verifyingPriceSilderFunctionality_Tablet_17-48-19] Min Price Applied is  26100.0   Product Price is 26,999  Max Price Applied is 97100.0
17:48:32 [TestNG-test-Test-2] INFO  verifyingPriceSilderFunctionality_Tablet_17-48-19 - [verifyingPriceSilderFunctionality_Tablet_17-48-19] Price Check <= Max & >= Min  Product Price is ->33999.0
17:48:32 [TestNG-test-Test-2] INFO  verifyingPriceSilderFunctionality_Tablet_17-48-19 - [verifyingPriceSilderFunctionality_Tablet_17-48-19] Min Price Applied is  26100.0   Product Price is 33,999  Max Price Applied is 97100.0
17:48:32 [TestNG-test-Test-2] INFO  verifyingPriceSilderFunctionality_Tablet_17-48-19 - [verifyingPriceSilderFunctionality_Tablet_17-48-19] Price Check <= Max & >= Min  Product Price is ->26999.0
17:48:32 [TestNG-test-Test-2] INFO  verifyingPriceSilderFunctionality_Tablet_17-48-19 - [verifyingPriceSilderFunctionality_Tablet_17-48-19] Min Price Applied is  26100.0   Product Price is 26,999  Max Price Applied is 97100.0
17:48:32 [TestNG-test-Test-2] INFO  verifyingPriceSilderFunctionality_Tablet_17-48-19 - [verifyingPriceSilderFunctionality_Tablet_17-48-19] Price Check <= Max & >= Min  Product Price is ->35749.0
17:48:32 [TestNG-test-Test-2] INFO  verifyingPriceSilderFunctionality_Tablet_17-48-19 - [verifyingPriceSilderFunctionality_Tablet_17-48-19] Min Price Applied is  26100.0   Product Price is 35,749  Max Price Applied is 97100.0
17:48:32 [TestNG-test-Test-2] INFO  verifyingPriceSilderFunctionality_Tablet_17-48-19 - [verifyingPriceSilderFunctionality_Tablet_17-48-19] Price Check <= Max & >= Min  Product Price is ->29999.0
17:48:32 [TestNG-test-Test-2] INFO  verifyingPriceSilderFunctionality_Tablet_17-48-19 - [verifyingPriceSilderFunctionality_Tablet_17-48-19] Min Price Applied is  26100.0   Product Price is 29,999  Max Price Applied is 97100.0
17:48:32 [TestNG-test-Test-2] INFO  verifyingPriceSilderFunctionality_Tablet_17-48-19 - [verifyingPriceSilderFunctionality_Tablet_17-48-19] Price Check <= Max & >= Min  Product Price is ->28999.0
17:48:32 [TestNG-test-Test-2] INFO  verifyingPriceSilderFunctionality_Tablet_17-48-19 - [verifyingPriceSilderFunctionality_Tablet_17-48-19] Min Price Applied is  26100.0   Product Price is 28,999  Max Price Applied is 97100.0
17:48:32 [TestNG-test-Test-2] INFO  verifyingPriceSilderFunctionality_Tablet_17-48-19 - [verifyingPriceSilderFunctionality_Tablet_17-48-19] Price Check <= Max & >= Min  Product Price is ->35999.0
17:48:32 [TestNG-test-Test-2] INFO  verifyingPriceSilderFunctionality_Tablet_17-48-19 - [verifyingPriceSilderFunctionality_Tablet_17-48-19] Min Price Applied is  26100.0   Product Price is 35,999  Max Price Applied is 97100.0
17:48:32 [TestNG-test-Test-2] INFO  verifyingPriceSilderFunctionality_Tablet_17-48-19 - [verifyingPriceSilderFunctionality_Tablet_17-48-19] Price Check <= Max & >= Min  Product Price is ->28499.0
17:48:32 [TestNG-test-Test-2] INFO  verifyingPriceSilderFunctionality_Tablet_17-48-19 - [verifyingPriceSilderFunctionality_Tablet_17-48-19] Min Price Applied is  26100.0   Product Price is 28,499  Max Price Applied is 97100.0
17:48:32 [TestNG-test-Test-2] INFO  verifyingPriceSilderFunctionality_Tablet_17-48-19 - [verifyingPriceSilderFunctionality_Tablet_17-48-19] Price Check <= Max & >= Min  Product Price is ->42999.0
17:48:32 [TestNG-test-Test-2] INFO  verifyingPriceSilderFunctionality_Tablet_17-48-19 - [verifyingPriceSilderFunctionality_Tablet_17-48-19] Min Price Applied is  26100.0   Product Price is 42,999  Max Price Applied is 97100.0
17:48:32 [TestNG-test-Test-2] INFO  verifyingPriceSilderFunctionality_Tablet_17-48-19 - [verifyingPriceSilderFunctionality_Tablet_17-48-19] Price Check <= Max & >= Min  Product Price is ->36443.0
17:48:32 [TestNG-test-Test-2] INFO  verifyingPriceSilderFunctionality_Tablet_17-48-19 - [verifyingPriceSilderFunctionality_Tablet_17-48-19] Min Price Applied is  26100.0   Product Price is 36,443  Max Price Applied is 97100.0
17:48:32 [TestNG-test-Test-2] INFO  verifyingPriceSilderFunctionality_Tablet_17-48-19 - [verifyingPriceSilderFunctionality_Tablet_17-48-19] Price Check <= Max & >= Min  Product Price is ->79999.0
17:48:32 [TestNG-test-Test-2] INFO  verifyingPriceSilderFunctionality_Tablet_17-48-19 - [verifyingPriceSilderFunctionality_Tablet_17-48-19] Min Price Applied is  26100.0   Product Price is 79,999  Max Price Applied is 97100.0
17:48:32 [TestNG-test-Test-2] INFO  verifyingPriceSilderFunctionality_Tablet_17-48-19 - [verifyingPriceSilderFunctionality_Tablet_17-48-19] Price Check <= Max & >= Min  Product Price is ->49900.0
17:48:32 [TestNG-test-Test-2] INFO  verifyingPriceSilderFunctionality_Tablet_17-48-19 - [verifyingPriceSilderFunctionality_Tablet_17-48-19] Min Price Applied is  26100.0   Product Price is 49,900  Max Price Applied is 97100.0
17:48:32 [TestNG-test-Test-2] INFO  verifyingPriceSilderFunctionality_Tablet_17-48-19 - [verifyingPriceSilderFunctionality_Tablet_17-48-19] Price Check <= Max & >= Min  Product Price is ->29999.0
17:48:32 [TestNG-test-Test-2] INFO  verifyingPriceSilderFunctionality_Tablet_17-48-19 - [verifyingPriceSilderFunctionality_Tablet_17-48-19] Min Price Applied is  26100.0   Product Price is 29,999  Max Price Applied is 97100.0
17:48:32 [TestNG-test-Test-2] INFO  verifyingPriceSilderFunctionality_Tablet_17-48-19 - [verifyingPriceSilderFunctionality_Tablet_17-48-19] Price Check <= Max & >= Min  Product Price is ->43999.0
17:48:32 [TestNG-test-Test-2] INFO  verifyingPriceSilderFunctionality_Tablet_17-48-19 - [verifyingPriceSilderFunctionality_Tablet_17-48-19] Min Price Applied is  26100.0   Product Price is 43,999  Max Price Applied is 97100.0
17:48:32 [TestNG-test-Test-2] INFO  verifyingPriceSilderFunctionality_Tablet_17-48-19 - [verifyingPriceSilderFunctionality_Tablet_17-48-19] Price Check <= Max & >= Min  Product Price is ->41999.0
17:48:32 [TestNG-test-Test-2] INFO  verifyingPriceSilderFunctionality_Tablet_17-48-19 - [verifyingPriceSilderFunctionality_Tablet_17-48-19] Min Price Applied is  26100.0   Product Price is 41,999  Max Price Applied is 97100.0
17:48:32 [TestNG-test-Test-2] INFO  verifyingPriceSilderFunctionality_Tablet_17-48-19 - [verifyingPriceSilderFunctionality_Tablet_17-48-19] Price Check <= Max & >= Min  Product Price is ->29499.0
17:48:32 [TestNG-test-Test-2] INFO  verifyingPriceSilderFunctionality_Tablet_17-48-19 - [verifyingPriceSilderFunctionality_Tablet_17-48-19] Min Price Applied is  26100.0   Product Price is 29,499  Max Price Applied is 97100.0
17:48:32 [TestNG-test-Test-2] INFO  verifyingPriceSilderFunctionality_Tablet_17-48-19 - [verifyingPriceSilderFunctionality_Tablet_17-48-19] Adding the data 'min','max','isValid' ,'mismatches' to 'result' Map->121
17:48:32 [TestNG-test-Test-2] INFO  verifyingPriceSilderFunctionality_Tablet_17-48-19 - [verifyingPriceSilderFunctionality_Tablet_17-48-19] Adding the 'results'  Map to the master 'allResults' i.e is List of maps->121
17:48:32 [TestNG-test-Test-2] INFO  verifyingPriceSilderFunctionality_Tablet_17-48-19 - [verifyingPriceSilderFunctionality_Tablet_17-48-19] Within safeFindElement method
17:48:32 [TestNG-test-Test-2] INFO  verifyingPriceSilderFunctionality_Tablet_17-48-19 - [verifyingPriceSilderFunctionality_Tablet_17-48-19]Found the element returning it ,element ->[[ChromeDriver: chrome on windows (45423ce6e15efc72cd0fafb8057f9b65)] -> id: p_36/range-slider_slider-item_lower-bound-slider]
17:48:32 [TestNG-test-Test-2] INFO  verifyingPriceSilderFunctionality_Tablet_17-48-19 - [verifyingPriceSilderFunctionality_Tablet_17-48-19] in the setSliderValue method with value 131
17:48:32 [TestNG-test-Test-2] INFO  verifyingPriceSilderFunctionality_Tablet_17-48-19 - [verifyingPriceSilderFunctionality_Tablet_17-48-19] Within safeFindElement method
17:48:32 [TestNG-test-Test-2] INFO  verifyingPriceSilderFunctionality_Tablet_17-48-19 - [verifyingPriceSilderFunctionality_Tablet_17-48-19]Found the element returning it ,element ->[[ChromeDriver: chrome on windows (45423ce6e15efc72cd0fafb8057f9b65)] -> id: p_36/range-slider_slider-item_upper-bound-slider]
17:48:32 [TestNG-test-Test-2] INFO  verifyingPriceSilderFunctionality_Tablet_17-48-19 - [verifyingPriceSilderFunctionality_Tablet_17-48-19] in the setSliderValue method with value 161
17:48:33 [TestNG-test-Test-2] INFO  verifyingPriceSilderFunctionality_Tablet_17-48-19 - [verifyingPriceSilderFunctionality_Tablet_17-48-19] Within safeFindElement method
17:48:34 [TestNG-test-Test-2] INFO  verifyingPriceSilderFunctionality_Tablet_17-48-19 - [verifyingPriceSilderFunctionality_Tablet_17-48-19]Found the element returning it ,element ->[[ChromeDriver: chrome on windows (45423ce6e15efc72cd0fafb8057f9b65)] -> xpath: //label[@for='p_36/range-slider_slider-item_upper-bound-slider']]
17:48:34 [TestNG-test-Test-2] INFO  verifyingPriceSilderFunctionality_Tablet_17-48-19 - [verifyingPriceSilderFunctionality_Tablet_17-48-19] Within safeFindElement method
17:48:34 [TestNG-test-Test-2] INFO  verifyingPriceSilderFunctionality_Tablet_17-48-19 - [verifyingPriceSilderFunctionality_Tablet_17-48-19]Found the element returning it ,element ->[[ChromeDriver: chrome on windows (45423ce6e15efc72cd0fafb8057f9b65)] -> xpath: //label[@for='p_36/range-slider_slider-item_lower-bound-slider']]
17:48:34 [TestNG-test-Test-2] INFO  verifyingPriceSilderFunctionality_Tablet_17-48-19 - [verifyingPriceSilderFunctionality_Tablet_17-48-19] Within safeFindElements 
17:48:34 [TestNG-test-Test-2] INFO  verifyingPriceSilderFunctionality_Tablet_17-48-19 - [verifyingPriceSilderFunctionality_Tablet_17-48-19] Returning the  [[[ChromeDriver: chrome on windows (45423ce6e15efc72cd0fafb8057f9b65)] -> xpath: //span[@class='a-price-whole']], [[ChromeDriver: chrome on windows (45423ce6e15efc72cd0fafb8057f9b65)] -> xpath: //span[@class='a-price-whole']], [[ChromeDriver: chrome on windows (45423ce6e15efc72cd0fafb8057f9b65)] -> xpath: //span[@class='a-price-whole']], [[ChromeDriver: chrome on windows (45423ce6e15efc72cd0fafb8057f9b65)] -> xpath: //span[@class='a-price-whole']], [[ChromeDriver: chrome on windows (45423ce6e15efc72cd0fafb8057f9b65)] -> xpath: //span[@class='a-price-whole']], [[ChromeDriver: chrome on windows (45423ce6e15efc72cd0fafb8057f9b65)] -> xpath: //span[@class='a-price-whole']], [[ChromeDriver: chrome on windows (45423ce6e15efc72cd0fafb8057f9b65)] -> xpath: //span[@class='a-price-whole']], [[ChromeDriver: chrome on windows (45423ce6e15efc72cd0fafb8057f9b65)] -> xpath: //span[@class='a-price-whole']], [[ChromeDriver: chrome on windows (45423ce6e15efc72cd0fafb8057f9b65)] -> xpath: //span[@class='a-price-whole']], [[ChromeDriver: chrome on windows (45423ce6e15efc72cd0fafb8057f9b65)] -> xpath: //span[@class='a-price-whole']], [[ChromeDriver: chrome on windows (45423ce6e15efc72cd0fafb8057f9b65)] -> xpath: //span[@class='a-price-whole']], [[ChromeDriver: chrome on windows (45423ce6e15efc72cd0fafb8057f9b65)] -> xpath: //span[@class='a-price-whole']], [[ChromeDriver: chrome on windows (45423ce6e15efc72cd0fafb8057f9b65)] -> xpath: //span[@class='a-price-whole']], [[ChromeDriver: chrome on windows (45423ce6e15efc72cd0fafb8057f9b65)] -> xpath: //span[@class='a-price-whole']], [[ChromeDriver: chrome on windows (45423ce6e15efc72cd0fafb8057f9b65)] -> xpath: //span[@class='a-price-whole']], [[ChromeDriver: chrome on windows (45423ce6e15efc72cd0fafb8057f9b65)] -> xpath: //span[@class='a-price-whole']]] from the safeFindElements method
17:48:34 [TestNG-test-Test-2] INFO  verifyingPriceSilderFunctionality_Tablet_17-48-19 - [verifyingPriceSilderFunctionality_Tablet_17-48-19] Min Price Applied is  ₹78,400   Product Price is 79,999  Max Price Applied is ₹197,200
17:48:34 [TestNG-test-Test-2] INFO  verifyingPriceSilderFunctionality_Tablet_17-48-19 - [verifyingPriceSilderFunctionality_Tablet_17-48-19] Min Price Applied is  ₹78,400   Product Price is 79,999  Max Price Applied is ₹197,200
17:48:34 [TestNG-test-Test-2] INFO  verifyingPriceSilderFunctionality_Tablet_17-48-19 - [verifyingPriceSilderFunctionality_Tablet_17-48-19] Min Price Applied is  ₹78,400   Product Price is 1,36,900  Max Price Applied is ₹197,200
17:48:34 [TestNG-test-Test-2] INFO  verifyingPriceSilderFunctionality_Tablet_17-48-19 - [verifyingPriceSilderFunctionality_Tablet_17-48-19] Min Price Applied is  ₹78,400   Product Price is 82,990  Max Price Applied is ₹197,200
17:48:34 [TestNG-test-Test-2] INFO  verifyingPriceSilderFunctionality_Tablet_17-48-19 - [verifyingPriceSilderFunctionality_Tablet_17-48-19] Min Price Applied is  ₹78,400   Product Price is 79,990  Max Price Applied is ₹197,200
17:48:34 [TestNG-test-Test-2] INFO  verifyingPriceSilderFunctionality_Tablet_17-48-19 - [verifyingPriceSilderFunctionality_Tablet_17-48-19] Min Price Applied is  ₹78,400   Product Price is 1,01,900  Max Price Applied is ₹197,200
17:48:34 [TestNG-test-Test-2] INFO  verifyingPriceSilderFunctionality_Tablet_17-48-19 - [verifyingPriceSilderFunctionality_Tablet_17-48-19] Min Price Applied is  ₹78,400   Product Price is 1,44,900  Max Price Applied is ₹197,200
17:48:34 [TestNG-test-Test-2] INFO  verifyingPriceSilderFunctionality_Tablet_17-48-19 - [verifyingPriceSilderFunctionality_Tablet_17-48-19] Min Price Applied is  ₹78,400   Product Price is 1,01,900  Max Price Applied is ₹197,200
17:48:34 [TestNG-test-Test-2] INFO  verifyingPriceSilderFunctionality_Tablet_17-48-19 - [verifyingPriceSilderFunctionality_Tablet_17-48-19] Min Price Applied is  ₹78,400   Product Price is 89,900  Max Price Applied is ₹197,200
17:48:34 [TestNG-test-Test-2] INFO  verifyingPriceSilderFunctionality_Tablet_17-48-19 - [verifyingPriceSilderFunctionality_Tablet_17-48-19] Min Price Applied is  ₹78,400   Product Price is 1,09,900  Max Price Applied is ₹197,200
17:48:34 [TestNG-test-Test-2] INFO  verifyingPriceSilderFunctionality_Tablet_17-48-19 - [verifyingPriceSilderFunctionality_Tablet_17-48-19] Min Price Applied is  ₹78,400   Product Price is 89,999  Max Price Applied is ₹197,200
17:48:34 [TestNG-test-Test-2] INFO  verifyingPriceSilderFunctionality_Tablet_17-48-19 - [verifyingPriceSilderFunctionality_Tablet_17-48-19] Min Price Applied is  ₹78,400   Product Price is 1,20,606  Max Price Applied is ₹197,200
17:48:34 [TestNG-test-Test-2] INFO  verifyingPriceSilderFunctionality_Tablet_17-48-19 - [verifyingPriceSilderFunctionality_Tablet_17-48-19] Min Price Applied is  ₹78,400   Product Price is 1,09,900  Max Price Applied is ₹197,200
17:48:34 [TestNG-test-Test-2] INFO  verifyingPriceSilderFunctionality_Tablet_17-48-19 - [verifyingPriceSilderFunctionality_Tablet_17-48-19] Min Price Applied is  ₹78,400   Product Price is 81,900  Max Price Applied is ₹197,200
17:48:34 [TestNG-test-Test-2] INFO  verifyingPriceSilderFunctionality_Tablet_17-48-19 - [verifyingPriceSilderFunctionality_Tablet_17-48-19] Min Price Applied is  ₹78,400   Product Price is 91,107  Max Price Applied is ₹197,200
17:48:34 [TestNG-test-Test-2] INFO  verifyingPriceSilderFunctionality_Tablet_17-48-19 - [verifyingPriceSilderFunctionality_Tablet_17-48-19] Min Price Applied is  ₹78,400   Product Price is 1,03,900  Max Price Applied is ₹197,200
17:48:34 [TestNG-test-Test-2] INFO  verifyingPriceSilderFunctionality_Tablet_17-48-19 - [verifyingPriceSilderFunctionality_Tablet_17-48-19] Within smoothScrollToElement method
17:48:34 [TestNG-test-Test-2] INFO  verifyingPriceSilderFunctionality_Tablet_17-48-19 - [verifyingPriceSilderFunctionality_Tablet_17-48-19] Within safeFindElement method
17:48:34 [TestNG-test-Test-2] INFO  verifyingPriceSilderFunctionality_Tablet_17-48-19 - [verifyingPriceSilderFunctionality_Tablet_17-48-19]Found the element returning it ,element ->[[ChromeDriver: chrome on windows (45423ce6e15efc72cd0fafb8057f9b65)] -> id: p_36/range-slider_slider-item_lower-bound-slider]
17:48:34 [TestNG-test-Test-2] INFO  verifyingPriceSilderFunctionality_Tablet_17-48-19 - [verifyingPriceSilderFunctionality_Tablet_17-48-19] Successfully scrolled to element: By.id: p_36/range-slider_slider-item_lower-bound-slider
17:48:34 [TestNG-test-Test-2] INFO  verifyingPriceSilderFunctionality_Tablet_17-48-19 - [verifyingPriceSilderFunctionality_Tablet_17-48-19] Price Check <= Max & >= Min  Product Price is ->79999.0
17:48:34 [TestNG-test-Test-2] INFO  verifyingPriceSilderFunctionality_Tablet_17-48-19 - [verifyingPriceSilderFunctionality_Tablet_17-48-19] Min Price Applied is  78400.0   Product Price is 79,999  Max Price Applied is 197200.0
17:48:34 [TestNG-test-Test-2] INFO  verifyingPriceSilderFunctionality_Tablet_17-48-19 - [verifyingPriceSilderFunctionality_Tablet_17-48-19] Price Check <= Max & >= Min  Product Price is ->79999.0
17:48:34 [TestNG-test-Test-2] INFO  verifyingPriceSilderFunctionality_Tablet_17-48-19 - [verifyingPriceSilderFunctionality_Tablet_17-48-19] Min Price Applied is  78400.0   Product Price is 79,999  Max Price Applied is 197200.0
17:48:34 [TestNG-test-Test-2] INFO  verifyingPriceSilderFunctionality_Tablet_17-48-19 - [verifyingPriceSilderFunctionality_Tablet_17-48-19] Price Check <= Max & >= Min  Product Price is ->136900.0
17:48:34 [TestNG-test-Test-2] INFO  verifyingPriceSilderFunctionality_Tablet_17-48-19 - [verifyingPriceSilderFunctionality_Tablet_17-48-19] Min Price Applied is  78400.0   Product Price is 1,36,900  Max Price Applied is 197200.0
17:48:34 [TestNG-test-Test-2] INFO  verifyingPriceSilderFunctionality_Tablet_17-48-19 - [verifyingPriceSilderFunctionality_Tablet_17-48-19] Price Check <= Max & >= Min  Product Price is ->82990.0
17:48:34 [TestNG-test-Test-2] INFO  verifyingPriceSilderFunctionality_Tablet_17-48-19 - [verifyingPriceSilderFunctionality_Tablet_17-48-19] Min Price Applied is  78400.0   Product Price is 82,990  Max Price Applied is 197200.0
17:48:34 [TestNG-test-Test-2] INFO  verifyingPriceSilderFunctionality_Tablet_17-48-19 - [verifyingPriceSilderFunctionality_Tablet_17-48-19] Price Check <= Max & >= Min  Product Price is ->79990.0
17:48:34 [TestNG-test-Test-2] INFO  verifyingPriceSilderFunctionality_Tablet_17-48-19 - [verifyingPriceSilderFunctionality_Tablet_17-48-19] Min Price Applied is  78400.0   Product Price is 79,990  Max Price Applied is 197200.0
17:48:34 [TestNG-test-Test-2] INFO  verifyingPriceSilderFunctionality_Tablet_17-48-19 - [verifyingPriceSilderFunctionality_Tablet_17-48-19] Price Check <= Max & >= Min  Product Price is ->101900.0
17:48:34 [TestNG-test-Test-2] INFO  verifyingPriceSilderFunctionality_Tablet_17-48-19 - [verifyingPriceSilderFunctionality_Tablet_17-48-19] Min Price Applied is  78400.0   Product Price is 1,01,900  Max Price Applied is 197200.0
17:48:34 [TestNG-test-Test-2] INFO  verifyingPriceSilderFunctionality_Tablet_17-48-19 - [verifyingPriceSilderFunctionality_Tablet_17-48-19] Price Check <= Max & >= Min  Product Price is ->144900.0
17:48:34 [TestNG-test-Test-2] INFO  verifyingPriceSilderFunctionality_Tablet_17-48-19 - [verifyingPriceSilderFunctionality_Tablet_17-48-19] Min Price Applied is  78400.0   Product Price is 1,44,900  Max Price Applied is 197200.0
17:48:34 [TestNG-test-Test-2] INFO  verifyingPriceSilderFunctionality_Tablet_17-48-19 - [verifyingPriceSilderFunctionality_Tablet_17-48-19] Price Check <= Max & >= Min  Product Price is ->101900.0
17:48:34 [TestNG-test-Test-2] INFO  verifyingPriceSilderFunctionality_Tablet_17-48-19 - [verifyingPriceSilderFunctionality_Tablet_17-48-19] Min Price Applied is  78400.0   Product Price is 1,01,900  Max Price Applied is 197200.0
17:48:34 [TestNG-test-Test-2] INFO  verifyingPriceSilderFunctionality_Tablet_17-48-19 - [verifyingPriceSilderFunctionality_Tablet_17-48-19] Price Check <= Max & >= Min  Product Price is ->89900.0
17:48:34 [TestNG-test-Test-2] INFO  verifyingPriceSilderFunctionality_Tablet_17-48-19 - [verifyingPriceSilderFunctionality_Tablet_17-48-19] Min Price Applied is  78400.0   Product Price is 89,900  Max Price Applied is 197200.0
17:48:34 [TestNG-test-Test-2] INFO  verifyingPriceSilderFunctionality_Tablet_17-48-19 - [verifyingPriceSilderFunctionality_Tablet_17-48-19] Price Check <= Max & >= Min  Product Price is ->109900.0
17:48:34 [TestNG-test-Test-2] INFO  verifyingPriceSilderFunctionality_Tablet_17-48-19 - [verifyingPriceSilderFunctionality_Tablet_17-48-19] Min Price Applied is  78400.0   Product Price is 1,09,900  Max Price Applied is 197200.0
17:48:34 [TestNG-test-Test-2] INFO  verifyingPriceSilderFunctionality_Tablet_17-48-19 - [verifyingPriceSilderFunctionality_Tablet_17-48-19] Price Check <= Max & >= Min  Product Price is ->89999.0
17:48:34 [TestNG-test-Test-2] INFO  verifyingPriceSilderFunctionality_Tablet_17-48-19 - [verifyingPriceSilderFunctionality_Tablet_17-48-19] Min Price Applied is  78400.0   Product Price is 89,999  Max Price Applied is 197200.0
17:48:34 [TestNG-test-Test-2] INFO  verifyingPriceSilderFunctionality_Tablet_17-48-19 - [verifyingPriceSilderFunctionality_Tablet_17-48-19] Price Check <= Max & >= Min  Product Price is ->120606.0
17:48:34 [TestNG-test-Test-2] INFO  verifyingPriceSilderFunctionality_Tablet_17-48-19 - [verifyingPriceSilderFunctionality_Tablet_17-48-19] Min Price Applied is  78400.0   Product Price is 1,20,606  Max Price Applied is 197200.0
17:48:34 [TestNG-test-Test-2] INFO  verifyingPriceSilderFunctionality_Tablet_17-48-19 - [verifyingPriceSilderFunctionality_Tablet_17-48-19] Price Check <= Max & >= Min  Product Price is ->109900.0
17:48:34 [TestNG-test-Test-2] INFO  verifyingPriceSilderFunctionality_Tablet_17-48-19 - [verifyingPriceSilderFunctionality_Tablet_17-48-19] Min Price Applied is  78400.0   Product Price is 1,09,900  Max Price Applied is 197200.0
17:48:34 [TestNG-test-Test-2] INFO  verifyingPriceSilderFunctionality_Tablet_17-48-19 - [verifyingPriceSilderFunctionality_Tablet_17-48-19] Price Check <= Max & >= Min  Product Price is ->81900.0
17:48:34 [TestNG-test-Test-2] INFO  verifyingPriceSilderFunctionality_Tablet_17-48-19 - [verifyingPriceSilderFunctionality_Tablet_17-48-19] Min Price Applied is  78400.0   Product Price is 81,900  Max Price Applied is 197200.0
17:48:34 [TestNG-test-Test-2] INFO  verifyingPriceSilderFunctionality_Tablet_17-48-19 - [verifyingPriceSilderFunctionality_Tablet_17-48-19] Price Check <= Max & >= Min  Product Price is ->91107.0
17:48:34 [TestNG-test-Test-2] INFO  verifyingPriceSilderFunctionality_Tablet_17-48-19 - [verifyingPriceSilderFunctionality_Tablet_17-48-19] Min Price Applied is  78400.0   Product Price is 91,107  Max Price Applied is 197200.0
17:48:34 [TestNG-test-Test-2] INFO  verifyingPriceSilderFunctionality_Tablet_17-48-19 - [verifyingPriceSilderFunctionality_Tablet_17-48-19] Price Check <= Max & >= Min  Product Price is ->103900.0
17:48:34 [TestNG-test-Test-2] INFO  verifyingPriceSilderFunctionality_Tablet_17-48-19 - [verifyingPriceSilderFunctionality_Tablet_17-48-19] Min Price Applied is  78400.0   Product Price is 1,03,900  Max Price Applied is 197200.0
17:48:34 [TestNG-test-Test-2] INFO  verifyingPriceSilderFunctionality_Tablet_17-48-19 - [verifyingPriceSilderFunctionality_Tablet_17-48-19] Adding the data 'min','max','isValid' ,'mismatches' to 'result' Map->161
17:48:34 [TestNG-test-Test-2] INFO  verifyingPriceSilderFunctionality_Tablet_17-48-19 - [verifyingPriceSilderFunctionality_Tablet_17-48-19] Adding the 'results'  Map to the master 'allResults' i.e is List of maps->161
17:48:34 [TestNG-test-Test-2] INFO  verifyingPriceSilderFunctionality_Tablet_17-48-19 - [verifyingPriceSilderFunctionality_Tablet_17-48-19] Returning the data here in the end
17:48:34 [TestNG-test-Test-2] INFO  verifyingPriceSilderFunctionality_Tablet_17-48-19 - [verifyingPriceSilderFunctionality_Tablet_17-48-19]  Price range validated successfully: 61 - 81
17:48:34 [TestNG-test-Test-2] INFO  verifyingPriceSilderFunctionality_Tablet_17-48-19 - [verifyingPriceSilderFunctionality_Tablet_17-48-19] ------------------------------------------------------------
17:48:34 [TestNG-test-Test-2] INFO  verifyingPriceSilderFunctionality_Tablet_17-48-19 - [verifyingPriceSilderFunctionality_Tablet_17-48-19]  Price range validated successfully: 91 - 121
17:48:34 [TestNG-test-Test-2] INFO  verifyingPriceSilderFunctionality_Tablet_17-48-19 - [verifyingPriceSilderFunctionality_Tablet_17-48-19] ------------------------------------------------------------
17:48:34 [TestNG-test-Test-2] INFO  verifyingPriceSilderFunctionality_Tablet_17-48-19 - [verifyingPriceSilderFunctionality_Tablet_17-48-19]  Price range validated successfully: 131 - 161
17:48:34 [TestNG-test-Test-2] INFO  verifyingPriceSilderFunctionality_Tablet_17-48-19 - [verifyingPriceSilderFunctionality_Tablet_17-48-19] ------------------------------------------------------------
17:48:34 [TestNG-test-Test-2] INFO  verifyingPriceSilderFunctionality_Tablet_17-48-19 - [verifyingPriceSilderFunctionality_Tablet_17-48-19]  Asserting all soft assertions now...
