20:54:01 [TestNG-test-Test-3] INFO  verifyingPriceSilderFunctionality_Mobile_20-54-01 - No existing WebDriver found for current thread. Initializing a new ChromeDriver...
20:54:01 [TestNG-test-Test-3] INFO  verifyingPriceSilderFunctionality_Mobile_20-54-01 - WebDriverManager: chromedriver setup OK
20:54:03 [TestNG-test-Test-3] INFO  verifyingPriceSilderFunctionality_Mobile_20-54-01 - ChromeDriver initialized successfully for thread: 36
20:54:04 [TestNG-test-Test-3] INFO  verifyingPriceSilderFunctionality_Mobile_20-54-01 - [verifyingPriceSilderFunctionality_Mobile_20-54-01] Opening amazon Landing page
20:54:05 [TestNG-test-Test-3] INFO  verifyingPriceSilderFunctionality_Mobile_20-54-01 - [verifyingPriceSilderFunctionality_Mobile_20-54-01] Within safeFindElement method
20:54:05 [TestNG-test-Test-3] INFO  verifyingPriceSilderFunctionality_Mobile_20-54-01 - [verifyingPriceSilderFunctionality_Mobile_20-54-01]Found the element returning it ,element ->[[ChromeDriver: chrome on windows (bc90848c19a5575a82735b83659e4b09)] -> xpath: //a[@id='nav-logo-sprites']]
20:54:05 [TestNG-test-Test-3] INFO  verifyingPriceSilderFunctionality_Mobile_20-54-01 - [verifyingPriceSilderFunctionality_Mobile_20-54-01] Giving input within the search bar
20:54:05 [TestNG-test-Test-3] INFO  verifyingPriceSilderFunctionality_Mobile_20-54-01 - [verifyingPriceSilderFunctionality_Mobile_20-54-01] Within safeClick method
20:54:08 [TestNG-test-Test-3] INFO  verifyingPriceSilderFunctionality_Mobile_20-54-01 - [verifyingPriceSilderFunctionality_Mobile_20-54-01] Clicked the  [[ChromeDriver: chrome on windows (bc90848c19a5575a82735b83659e4b09)] -> xpath: //input[@id='nav-search-submit-button']]   using safeClick
20:54:08 [TestNG-test-Test-3] INFO  verifyingPriceSilderFunctionality_Mobile_20-54-01 - [verifyingPriceSilderFunctionality_Mobile_20-54-01] Clicking on the submit in the search bar
20:54:08 [TestNG-test-Test-3] INFO  verifyingPriceSilderFunctionality_Mobile_20-54-01 - [verifyingPriceSilderFunctionality_Mobile_20-54-01] Within filterCheckUnderList method
20:54:08 [TestNG-test-Test-3] INFO  verifyingPriceSilderFunctionality_Mobile_20-54-01 - [verifyingPriceSilderFunctionality_Mobile_20-54-01] Found the Filter within the filter check List
20:54:08 [TestNG-test-Test-3] INFO  verifyingPriceSilderFunctionality_Mobile_20-54-01 - [verifyingPriceSilderFunctionality_Mobile_20-54-01] Within applyPriceSliderAndValidateWithResult method
20:54:08 [TestNG-test-Test-3] INFO  verifyingPriceSilderFunctionality_Mobile_20-54-01 - [verifyingPriceSilderFunctionality_Mobile_20-54-01] Within smoothScrollToElement method
20:54:08 [TestNG-test-Test-3] INFO  verifyingPriceSilderFunctionality_Mobile_20-54-01 - [verifyingPriceSilderFunctionality_Mobile_20-54-01] Within safeFindElement method
20:54:08 [TestNG-test-Test-3] INFO  verifyingPriceSilderFunctionality_Mobile_20-54-01 - [verifyingPriceSilderFunctionality_Mobile_20-54-01]Found the element returning it ,element ->[[ChromeDriver: chrome on windows (bc90848c19a5575a82735b83659e4b09)] -> id: p_36/range-slider_slider-item_lower-bound-slider]
20:54:08 [TestNG-test-Test-3] INFO  verifyingPriceSilderFunctionality_Mobile_20-54-01 - [verifyingPriceSilderFunctionality_Mobile_20-54-01] Successfully scrolled to element: By.id: p_36/range-slider_slider-item_lower-bound-slider
20:54:08 [TestNG-test-Test-3] INFO  verifyingPriceSilderFunctionality_Mobile_20-54-01 - [verifyingPriceSilderFunctionality_Mobile_20-54-01] Within safeFindElement method
20:54:08 [TestNG-test-Test-3] INFO  verifyingPriceSilderFunctionality_Mobile_20-54-01 - [verifyingPriceSilderFunctionality_Mobile_20-54-01]Found the element returning it ,element ->[[ChromeDriver: chrome on windows (bc90848c19a5575a82735b83659e4b09)] -> id: p_36/range-slider_slider-item_lower-bound-slider]
20:54:08 [TestNG-test-Test-3] INFO  verifyingPriceSilderFunctionality_Mobile_20-54-01 - [verifyingPriceSilderFunctionality_Mobile_20-54-01] in the setSliderValue method with value 61
20:54:08 [TestNG-test-Test-3] INFO  verifyingPriceSilderFunctionality_Mobile_20-54-01 - [verifyingPriceSilderFunctionality_Mobile_20-54-01] Within safeFindElement method
20:54:08 [TestNG-test-Test-3] INFO  verifyingPriceSilderFunctionality_Mobile_20-54-01 - [verifyingPriceSilderFunctionality_Mobile_20-54-01]Found the element returning it ,element ->[[ChromeDriver: chrome on windows (bc90848c19a5575a82735b83659e4b09)] -> id: p_36/range-slider_slider-item_upper-bound-slider]
20:54:08 [TestNG-test-Test-3] INFO  verifyingPriceSilderFunctionality_Mobile_20-54-01 - [verifyingPriceSilderFunctionality_Mobile_20-54-01] in the setSliderValue method with value 81
20:54:09 [TestNG-test-Test-3] INFO  verifyingPriceSilderFunctionality_Mobile_20-54-01 - [verifyingPriceSilderFunctionality_Mobile_20-54-01] Within safeFindElement method
20:54:10 [TestNG-test-Test-3] INFO  verifyingPriceSilderFunctionality_Mobile_20-54-01 - [verifyingPriceSilderFunctionality_Mobile_20-54-01]Found the element returning it ,element ->[[ChromeDriver: chrome on windows (bc90848c19a5575a82735b83659e4b09)] -> xpath: //label[@for='p_36/range-slider_slider-item_upper-bound-slider']]
20:54:10 [TestNG-test-Test-3] INFO  verifyingPriceSilderFunctionality_Mobile_20-54-01 - [verifyingPriceSilderFunctionality_Mobile_20-54-01] Within safeFindElement method
20:54:11 [TestNG-test-Test-3] INFO  verifyingPriceSilderFunctionality_Mobile_20-54-01 - [verifyingPriceSilderFunctionality_Mobile_20-54-01]Found the element returning it ,element ->[[ChromeDriver: chrome on windows (bc90848c19a5575a82735b83659e4b09)] -> xpath: //label[@for='p_36/range-slider_slider-item_lower-bound-slider']]
20:54:11 [TestNG-test-Test-3] INFO  verifyingPriceSilderFunctionality_Mobile_20-54-01 - [verifyingPriceSilderFunctionality_Mobile_20-54-01] Within safeFindElements 
20:54:11 [TestNG-test-Test-3] INFO  verifyingPriceSilderFunctionality_Mobile_20-54-01 - [verifyingPriceSilderFunctionality_Mobile_20-54-01] Returning the  [[[ChromeDriver: chrome on windows (bc90848c19a5575a82735b83659e4b09)] -> xpath: //span[@class='a-price-whole']], [[ChromeDriver: chrome on windows (bc90848c19a5575a82735b83659e4b09)] -> xpath: //span[@class='a-price-whole']], [[ChromeDriver: chrome on windows (bc90848c19a5575a82735b83659e4b09)] -> xpath: //span[@class='a-price-whole']], [[ChromeDriver: chrome on windows (bc90848c19a5575a82735b83659e4b09)] -> xpath: //span[@class='a-price-whole']], [[ChromeDriver: chrome on windows (bc90848c19a5575a82735b83659e4b09)] -> xpath: //span[@class='a-price-whole']], [[ChromeDriver: chrome on windows (bc90848c19a5575a82735b83659e4b09)] -> xpath: //span[@class='a-price-whole']], [[ChromeDriver: chrome on windows (bc90848c19a5575a82735b83659e4b09)] -> xpath: //span[@class='a-price-whole']], [[ChromeDriver: chrome on windows (bc90848c19a5575a82735b83659e4b09)] -> xpath: //span[@class='a-price-whole']], [[ChromeDriver: chrome on windows (bc90848c19a5575a82735b83659e4b09)] -> xpath: //span[@class='a-price-whole']], [[ChromeDriver: chrome on windows (bc90848c19a5575a82735b83659e4b09)] -> xpath: //span[@class='a-price-whole']], [[ChromeDriver: chrome on windows (bc90848c19a5575a82735b83659e4b09)] -> xpath: //span[@class='a-price-whole']], [[ChromeDriver: chrome on windows (bc90848c19a5575a82735b83659e4b09)] -> xpath: //span[@class='a-price-whole']], [[ChromeDriver: chrome on windows (bc90848c19a5575a82735b83659e4b09)] -> xpath: //span[@class='a-price-whole']], [[ChromeDriver: chrome on windows (bc90848c19a5575a82735b83659e4b09)] -> xpath: //span[@class='a-price-whole']], [[ChromeDriver: chrome on windows (bc90848c19a5575a82735b83659e4b09)] -> xpath: //span[@class='a-price-whole']], [[ChromeDriver: chrome on windows (bc90848c19a5575a82735b83659e4b09)] -> xpath: //span[@class='a-price-whole']], [[ChromeDriver: chrome on windows (bc90848c19a5575a82735b83659e4b09)] -> xpath: //span[@class='a-price-whole']], [[ChromeDriver: chrome on windows (bc90848c19a5575a82735b83659e4b09)] -> xpath: //span[@class='a-price-whole']], [[ChromeDriver: chrome on windows (bc90848c19a5575a82735b83659e4b09)] -> xpath: //span[@class='a-price-whole']]] from the safeFindElements method
20:54:11 [TestNG-test-Test-3] INFO  verifyingPriceSilderFunctionality_Mobile_20-54-01 - [verifyingPriceSilderFunctionality_Mobile_20-54-01] Min Price Applied is  ₹17,700   Product Price is 19,499  Max Price Applied is ₹35,500
20:54:11 [TestNG-test-Test-3] INFO  verifyingPriceSilderFunctionality_Mobile_20-54-01 - [verifyingPriceSilderFunctionality_Mobile_20-54-01] Min Price Applied is  ₹17,700   Product Price is 18,997  Max Price Applied is ₹35,500
20:54:11 [TestNG-test-Test-3] INFO  verifyingPriceSilderFunctionality_Mobile_20-54-01 - [verifyingPriceSilderFunctionality_Mobile_20-54-01] Min Price Applied is  ₹17,700   Product Price is 24,999  Max Price Applied is ₹35,500
20:54:11 [TestNG-test-Test-3] INFO  verifyingPriceSilderFunctionality_Mobile_20-54-01 - [verifyingPriceSilderFunctionality_Mobile_20-54-01] Min Price Applied is  ₹17,700   Product Price is 21,299  Max Price Applied is ₹35,500
20:54:11 [TestNG-test-Test-3] INFO  verifyingPriceSilderFunctionality_Mobile_20-54-01 - [verifyingPriceSilderFunctionality_Mobile_20-54-01] Min Price Applied is  ₹17,700   Product Price is 21,488  Max Price Applied is ₹35,500
20:54:11 [TestNG-test-Test-3] INFO  verifyingPriceSilderFunctionality_Mobile_20-54-01 - [verifyingPriceSilderFunctionality_Mobile_20-54-01] Min Price Applied is  ₹17,700   Product Price is 30,999  Max Price Applied is ₹35,500
20:54:11 [TestNG-test-Test-3] INFO  verifyingPriceSilderFunctionality_Mobile_20-54-01 - [verifyingPriceSilderFunctionality_Mobile_20-54-01] Min Price Applied is  ₹17,700   Product Price is 23,499  Max Price Applied is ₹35,500
20:54:11 [TestNG-test-Test-3] INFO  verifyingPriceSilderFunctionality_Mobile_20-54-01 - [verifyingPriceSilderFunctionality_Mobile_20-54-01] Min Price Applied is  ₹17,700   Product Price is 19,999  Max Price Applied is ₹35,500
20:54:11 [TestNG-test-Test-3] INFO  verifyingPriceSilderFunctionality_Mobile_20-54-01 - [verifyingPriceSilderFunctionality_Mobile_20-54-01] Min Price Applied is  ₹17,700   Product Price is 21,199  Max Price Applied is ₹35,500
20:54:11 [TestNG-test-Test-3] INFO  verifyingPriceSilderFunctionality_Mobile_20-54-01 - [verifyingPriceSilderFunctionality_Mobile_20-54-01] Min Price Applied is  ₹17,700   Product Price is 21,899  Max Price Applied is ₹35,500
20:54:11 [TestNG-test-Test-3] INFO  verifyingPriceSilderFunctionality_Mobile_20-54-01 - [verifyingPriceSilderFunctionality_Mobile_20-54-01] Min Price Applied is  ₹17,700   Product Price is 19,999  Max Price Applied is ₹35,500
20:54:11 [TestNG-test-Test-3] INFO  verifyingPriceSilderFunctionality_Mobile_20-54-01 - [verifyingPriceSilderFunctionality_Mobile_20-54-01] Min Price Applied is  ₹17,700   Product Price is 18,818  Max Price Applied is ₹35,500
20:54:11 [TestNG-test-Test-3] INFO  verifyingPriceSilderFunctionality_Mobile_20-54-01 - [verifyingPriceSilderFunctionality_Mobile_20-54-01] Min Price Applied is  ₹17,700   Product Price is 20,345  Max Price Applied is ₹35,500
20:54:11 [TestNG-test-Test-3] INFO  verifyingPriceSilderFunctionality_Mobile_20-54-01 - [verifyingPriceSilderFunctionality_Mobile_20-54-01] Min Price Applied is  ₹17,700   Product Price is 25,988  Max Price Applied is ₹35,500
20:54:11 [TestNG-test-Test-3] INFO  verifyingPriceSilderFunctionality_Mobile_20-54-01 - [verifyingPriceSilderFunctionality_Mobile_20-54-01] Min Price Applied is  ₹17,700   Product Price is 22,999  Max Price Applied is ₹35,500
20:54:11 [TestNG-test-Test-3] INFO  verifyingPriceSilderFunctionality_Mobile_20-54-01 - [verifyingPriceSilderFunctionality_Mobile_20-54-01] Min Price Applied is  ₹17,700   Product Price is 33,029  Max Price Applied is ₹35,500
20:54:11 [TestNG-test-Test-3] INFO  verifyingPriceSilderFunctionality_Mobile_20-54-01 - [verifyingPriceSilderFunctionality_Mobile_20-54-01] Min Price Applied is  ₹17,700   Product Price is 33,199  Max Price Applied is ₹35,500
20:54:11 [TestNG-test-Test-3] INFO  verifyingPriceSilderFunctionality_Mobile_20-54-01 - [verifyingPriceSilderFunctionality_Mobile_20-54-01] Min Price Applied is  ₹17,700   Product Price is 28,849  Max Price Applied is ₹35,500
20:54:11 [TestNG-test-Test-3] INFO  verifyingPriceSilderFunctionality_Mobile_20-54-01 - [verifyingPriceSilderFunctionality_Mobile_20-54-01] Min Price Applied is  ₹17,700   Product Price is 26,999  Max Price Applied is ₹35,500
20:54:11 [TestNG-test-Test-3] INFO  verifyingPriceSilderFunctionality_Mobile_20-54-01 - [verifyingPriceSilderFunctionality_Mobile_20-54-01] Within smoothScrollToElement method
20:54:11 [TestNG-test-Test-3] INFO  verifyingPriceSilderFunctionality_Mobile_20-54-01 - [verifyingPriceSilderFunctionality_Mobile_20-54-01] Within safeFindElement method
20:54:11 [TestNG-test-Test-3] INFO  verifyingPriceSilderFunctionality_Mobile_20-54-01 - [verifyingPriceSilderFunctionality_Mobile_20-54-01]Found the element returning it ,element ->[[ChromeDriver: chrome on windows (bc90848c19a5575a82735b83659e4b09)] -> id: p_36/range-slider_slider-item_lower-bound-slider]
20:54:11 [TestNG-test-Test-3] INFO  verifyingPriceSilderFunctionality_Mobile_20-54-01 - [verifyingPriceSilderFunctionality_Mobile_20-54-01] Successfully scrolled to element: By.id: p_36/range-slider_slider-item_lower-bound-slider
20:54:11 [TestNG-test-Test-3] INFO  verifyingPriceSilderFunctionality_Mobile_20-54-01 - [verifyingPriceSilderFunctionality_Mobile_20-54-01] Price Check <= Max & >= Min  Product Price is ->19499.0
20:54:11 [TestNG-test-Test-3] INFO  verifyingPriceSilderFunctionality_Mobile_20-54-01 - [verifyingPriceSilderFunctionality_Mobile_20-54-01] Min Price Applied is  17700.0   Product Price is 19,499  Max Price Applied is 35500.0
20:54:11 [TestNG-test-Test-3] INFO  verifyingPriceSilderFunctionality_Mobile_20-54-01 - [verifyingPriceSilderFunctionality_Mobile_20-54-01] Price Check <= Max & >= Min  Product Price is ->18997.0
20:54:11 [TestNG-test-Test-3] INFO  verifyingPriceSilderFunctionality_Mobile_20-54-01 - [verifyingPriceSilderFunctionality_Mobile_20-54-01] Min Price Applied is  17700.0   Product Price is 18,997  Max Price Applied is 35500.0
20:54:11 [TestNG-test-Test-3] INFO  verifyingPriceSilderFunctionality_Mobile_20-54-01 - [verifyingPriceSilderFunctionality_Mobile_20-54-01] Price Check <= Max & >= Min  Product Price is ->24999.0
20:54:11 [TestNG-test-Test-3] INFO  verifyingPriceSilderFunctionality_Mobile_20-54-01 - [verifyingPriceSilderFunctionality_Mobile_20-54-01] Min Price Applied is  17700.0   Product Price is 24,999  Max Price Applied is 35500.0
20:54:11 [TestNG-test-Test-3] INFO  verifyingPriceSilderFunctionality_Mobile_20-54-01 - [verifyingPriceSilderFunctionality_Mobile_20-54-01] Price Check <= Max & >= Min  Product Price is ->21299.0
20:54:11 [TestNG-test-Test-3] INFO  verifyingPriceSilderFunctionality_Mobile_20-54-01 - [verifyingPriceSilderFunctionality_Mobile_20-54-01] Min Price Applied is  17700.0   Product Price is 21,299  Max Price Applied is 35500.0
20:54:11 [TestNG-test-Test-3] INFO  verifyingPriceSilderFunctionality_Mobile_20-54-01 - [verifyingPriceSilderFunctionality_Mobile_20-54-01] Price Check <= Max & >= Min  Product Price is ->21488.0
20:54:11 [TestNG-test-Test-3] INFO  verifyingPriceSilderFunctionality_Mobile_20-54-01 - [verifyingPriceSilderFunctionality_Mobile_20-54-01] Min Price Applied is  17700.0   Product Price is 21,488  Max Price Applied is 35500.0
20:54:11 [TestNG-test-Test-3] INFO  verifyingPriceSilderFunctionality_Mobile_20-54-01 - [verifyingPriceSilderFunctionality_Mobile_20-54-01] Price Check <= Max & >= Min  Product Price is ->30999.0
20:54:11 [TestNG-test-Test-3] INFO  verifyingPriceSilderFunctionality_Mobile_20-54-01 - [verifyingPriceSilderFunctionality_Mobile_20-54-01] Min Price Applied is  17700.0   Product Price is 30,999  Max Price Applied is 35500.0
20:54:11 [TestNG-test-Test-3] INFO  verifyingPriceSilderFunctionality_Mobile_20-54-01 - [verifyingPriceSilderFunctionality_Mobile_20-54-01] Price Check <= Max & >= Min  Product Price is ->23499.0
20:54:11 [TestNG-test-Test-3] INFO  verifyingPriceSilderFunctionality_Mobile_20-54-01 - [verifyingPriceSilderFunctionality_Mobile_20-54-01] Min Price Applied is  17700.0   Product Price is 23,499  Max Price Applied is 35500.0
20:54:11 [TestNG-test-Test-3] INFO  verifyingPriceSilderFunctionality_Mobile_20-54-01 - [verifyingPriceSilderFunctionality_Mobile_20-54-01] Price Check <= Max & >= Min  Product Price is ->19999.0
20:54:11 [TestNG-test-Test-3] INFO  verifyingPriceSilderFunctionality_Mobile_20-54-01 - [verifyingPriceSilderFunctionality_Mobile_20-54-01] Min Price Applied is  17700.0   Product Price is 19,999  Max Price Applied is 35500.0
20:54:11 [TestNG-test-Test-3] INFO  verifyingPriceSilderFunctionality_Mobile_20-54-01 - [verifyingPriceSilderFunctionality_Mobile_20-54-01] Price Check <= Max & >= Min  Product Price is ->21199.0
20:54:11 [TestNG-test-Test-3] INFO  verifyingPriceSilderFunctionality_Mobile_20-54-01 - [verifyingPriceSilderFunctionality_Mobile_20-54-01] Min Price Applied is  17700.0   Product Price is 21,199  Max Price Applied is 35500.0
20:54:11 [TestNG-test-Test-3] INFO  verifyingPriceSilderFunctionality_Mobile_20-54-01 - [verifyingPriceSilderFunctionality_Mobile_20-54-01] Price Check <= Max & >= Min  Product Price is ->21899.0
20:54:11 [TestNG-test-Test-3] INFO  verifyingPriceSilderFunctionality_Mobile_20-54-01 - [verifyingPriceSilderFunctionality_Mobile_20-54-01] Min Price Applied is  17700.0   Product Price is 21,899  Max Price Applied is 35500.0
20:54:11 [TestNG-test-Test-3] INFO  verifyingPriceSilderFunctionality_Mobile_20-54-01 - [verifyingPriceSilderFunctionality_Mobile_20-54-01] Price Check <= Max & >= Min  Product Price is ->19999.0
20:54:11 [TestNG-test-Test-3] INFO  verifyingPriceSilderFunctionality_Mobile_20-54-01 - [verifyingPriceSilderFunctionality_Mobile_20-54-01] Min Price Applied is  17700.0   Product Price is 19,999  Max Price Applied is 35500.0
20:54:11 [TestNG-test-Test-3] INFO  verifyingPriceSilderFunctionality_Mobile_20-54-01 - [verifyingPriceSilderFunctionality_Mobile_20-54-01] Price Check <= Max & >= Min  Product Price is ->18818.0
20:54:11 [TestNG-test-Test-3] INFO  verifyingPriceSilderFunctionality_Mobile_20-54-01 - [verifyingPriceSilderFunctionality_Mobile_20-54-01] Min Price Applied is  17700.0   Product Price is 18,818  Max Price Applied is 35500.0
20:54:11 [TestNG-test-Test-3] INFO  verifyingPriceSilderFunctionality_Mobile_20-54-01 - [verifyingPriceSilderFunctionality_Mobile_20-54-01] Price Check <= Max & >= Min  Product Price is ->20345.0
20:54:11 [TestNG-test-Test-3] INFO  verifyingPriceSilderFunctionality_Mobile_20-54-01 - [verifyingPriceSilderFunctionality_Mobile_20-54-01] Min Price Applied is  17700.0   Product Price is 20,345  Max Price Applied is 35500.0
20:54:11 [TestNG-test-Test-3] INFO  verifyingPriceSilderFunctionality_Mobile_20-54-01 - [verifyingPriceSilderFunctionality_Mobile_20-54-01] Price Check <= Max & >= Min  Product Price is ->25988.0
20:54:11 [TestNG-test-Test-3] INFO  verifyingPriceSilderFunctionality_Mobile_20-54-01 - [verifyingPriceSilderFunctionality_Mobile_20-54-01] Min Price Applied is  17700.0   Product Price is 25,988  Max Price Applied is 35500.0
20:54:11 [TestNG-test-Test-3] INFO  verifyingPriceSilderFunctionality_Mobile_20-54-01 - [verifyingPriceSilderFunctionality_Mobile_20-54-01] Price Check <= Max & >= Min  Product Price is ->22999.0
20:54:11 [TestNG-test-Test-3] INFO  verifyingPriceSilderFunctionality_Mobile_20-54-01 - [verifyingPriceSilderFunctionality_Mobile_20-54-01] Min Price Applied is  17700.0   Product Price is 22,999  Max Price Applied is 35500.0
20:54:11 [TestNG-test-Test-3] INFO  verifyingPriceSilderFunctionality_Mobile_20-54-01 - [verifyingPriceSilderFunctionality_Mobile_20-54-01] Price Check <= Max & >= Min  Product Price is ->33029.0
20:54:11 [TestNG-test-Test-3] INFO  verifyingPriceSilderFunctionality_Mobile_20-54-01 - [verifyingPriceSilderFunctionality_Mobile_20-54-01] Min Price Applied is  17700.0   Product Price is 33,029  Max Price Applied is 35500.0
20:54:11 [TestNG-test-Test-3] INFO  verifyingPriceSilderFunctionality_Mobile_20-54-01 - [verifyingPriceSilderFunctionality_Mobile_20-54-01] Price Check <= Max & >= Min  Product Price is ->33199.0
20:54:11 [TestNG-test-Test-3] INFO  verifyingPriceSilderFunctionality_Mobile_20-54-01 - [verifyingPriceSilderFunctionality_Mobile_20-54-01] Min Price Applied is  17700.0   Product Price is 33,199  Max Price Applied is 35500.0
20:54:11 [TestNG-test-Test-3] INFO  verifyingPriceSilderFunctionality_Mobile_20-54-01 - [verifyingPriceSilderFunctionality_Mobile_20-54-01] Price Check <= Max & >= Min  Product Price is ->28849.0
20:54:11 [TestNG-test-Test-3] INFO  verifyingPriceSilderFunctionality_Mobile_20-54-01 - [verifyingPriceSilderFunctionality_Mobile_20-54-01] Min Price Applied is  17700.0   Product Price is 28,849  Max Price Applied is 35500.0
20:54:11 [TestNG-test-Test-3] INFO  verifyingPriceSilderFunctionality_Mobile_20-54-01 - [verifyingPriceSilderFunctionality_Mobile_20-54-01] Price Check <= Max & >= Min  Product Price is ->26999.0
20:54:11 [TestNG-test-Test-3] INFO  verifyingPriceSilderFunctionality_Mobile_20-54-01 - [verifyingPriceSilderFunctionality_Mobile_20-54-01] Min Price Applied is  17700.0   Product Price is 26,999  Max Price Applied is 35500.0
20:54:11 [TestNG-test-Test-3] INFO  verifyingPriceSilderFunctionality_Mobile_20-54-01 - [verifyingPriceSilderFunctionality_Mobile_20-54-01] Adding the data 'min','max','isValid' ,'mismatches' to 'result' Map->81
20:54:11 [TestNG-test-Test-3] INFO  verifyingPriceSilderFunctionality_Mobile_20-54-01 - [verifyingPriceSilderFunctionality_Mobile_20-54-01] Adding the 'results'  Map to the master 'allResults' i.e is List of maps->81
20:54:11 [TestNG-test-Test-3] INFO  verifyingPriceSilderFunctionality_Mobile_20-54-01 - [verifyingPriceSilderFunctionality_Mobile_20-54-01] Within safeFindElement method
20:54:11 [TestNG-test-Test-3] INFO  verifyingPriceSilderFunctionality_Mobile_20-54-01 - [verifyingPriceSilderFunctionality_Mobile_20-54-01]Found the element returning it ,element ->[[ChromeDriver: chrome on windows (bc90848c19a5575a82735b83659e4b09)] -> id: p_36/range-slider_slider-item_lower-bound-slider]
20:54:11 [TestNG-test-Test-3] INFO  verifyingPriceSilderFunctionality_Mobile_20-54-01 - [verifyingPriceSilderFunctionality_Mobile_20-54-01] in the setSliderValue method with value 91
20:54:11 [TestNG-test-Test-3] INFO  verifyingPriceSilderFunctionality_Mobile_20-54-01 - [verifyingPriceSilderFunctionality_Mobile_20-54-01] Within safeFindElement method
20:54:11 [TestNG-test-Test-3] INFO  verifyingPriceSilderFunctionality_Mobile_20-54-01 - [verifyingPriceSilderFunctionality_Mobile_20-54-01]Found the element returning it ,element ->[[ChromeDriver: chrome on windows (bc90848c19a5575a82735b83659e4b09)] -> id: p_36/range-slider_slider-item_upper-bound-slider]
20:54:11 [TestNG-test-Test-3] INFO  verifyingPriceSilderFunctionality_Mobile_20-54-01 - [verifyingPriceSilderFunctionality_Mobile_20-54-01] in the setSliderValue method with value 121
20:54:11 [TestNG-test-Test-3] INFO  verifyingPriceSilderFunctionality_Mobile_20-54-01 - [verifyingPriceSilderFunctionality_Mobile_20-54-01] Within safeFindElement method
20:54:13 [TestNG-test-Test-3] INFO  verifyingPriceSilderFunctionality_Mobile_20-54-01 - [verifyingPriceSilderFunctionality_Mobile_20-54-01]Found the element returning it ,element ->[[ChromeDriver: chrome on windows (bc90848c19a5575a82735b83659e4b09)] -> xpath: //label[@for='p_36/range-slider_slider-item_upper-bound-slider']]
20:54:13 [TestNG-test-Test-3] INFO  verifyingPriceSilderFunctionality_Mobile_20-54-01 - [verifyingPriceSilderFunctionality_Mobile_20-54-01] Within safeFindElement method
20:54:14 [TestNG-test-Test-3] INFO  verifyingPriceSilderFunctionality_Mobile_20-54-01 - [verifyingPriceSilderFunctionality_Mobile_20-54-01]Found the element returning it ,element ->[[ChromeDriver: chrome on windows (bc90848c19a5575a82735b83659e4b09)] -> xpath: //label[@for='p_36/range-slider_slider-item_lower-bound-slider']]
20:54:14 [TestNG-test-Test-3] INFO  verifyingPriceSilderFunctionality_Mobile_20-54-01 - [verifyingPriceSilderFunctionality_Mobile_20-54-01] Within safeFindElements 
20:54:14 [TestNG-test-Test-3] INFO  verifyingPriceSilderFunctionality_Mobile_20-54-01 - [verifyingPriceSilderFunctionality_Mobile_20-54-01] Returning the  [[[ChromeDriver: chrome on windows (bc90848c19a5575a82735b83659e4b09)] -> xpath: //span[@class='a-price-whole']], [[ChromeDriver: chrome on windows (bc90848c19a5575a82735b83659e4b09)] -> xpath: //span[@class='a-price-whole']], [[ChromeDriver: chrome on windows (bc90848c19a5575a82735b83659e4b09)] -> xpath: //span[@class='a-price-whole']], [[ChromeDriver: chrome on windows (bc90848c19a5575a82735b83659e4b09)] -> xpath: //span[@class='a-price-whole']], [[ChromeDriver: chrome on windows (bc90848c19a5575a82735b83659e4b09)] -> xpath: //span[@class='a-price-whole']], [[ChromeDriver: chrome on windows (bc90848c19a5575a82735b83659e4b09)] -> xpath: //span[@class='a-price-whole']], [[ChromeDriver: chrome on windows (bc90848c19a5575a82735b83659e4b09)] -> xpath: //span[@class='a-price-whole']], [[ChromeDriver: chrome on windows (bc90848c19a5575a82735b83659e4b09)] -> xpath: //span[@class='a-price-whole']], [[ChromeDriver: chrome on windows (bc90848c19a5575a82735b83659e4b09)] -> xpath: //span[@class='a-price-whole']], [[ChromeDriver: chrome on windows (bc90848c19a5575a82735b83659e4b09)] -> xpath: //span[@class='a-price-whole']], [[ChromeDriver: chrome on windows (bc90848c19a5575a82735b83659e4b09)] -> xpath: //span[@class='a-price-whole']], [[ChromeDriver: chrome on windows (bc90848c19a5575a82735b83659e4b09)] -> xpath: //span[@class='a-price-whole']], [[ChromeDriver: chrome on windows (bc90848c19a5575a82735b83659e4b09)] -> xpath: //span[@class='a-price-whole']], [[ChromeDriver: chrome on windows (bc90848c19a5575a82735b83659e4b09)] -> xpath: //span[@class='a-price-whole']], [[ChromeDriver: chrome on windows (bc90848c19a5575a82735b83659e4b09)] -> xpath: //span[@class='a-price-whole']], [[ChromeDriver: chrome on windows (bc90848c19a5575a82735b83659e4b09)] -> xpath: //span[@class='a-price-whole']], [[ChromeDriver: chrome on windows (bc90848c19a5575a82735b83659e4b09)] -> xpath: //span[@class='a-price-whole']], [[ChromeDriver: chrome on windows (bc90848c19a5575a82735b83659e4b09)] -> xpath: //span[@class='a-price-whole']]] from the safeFindElements method
20:54:14 [TestNG-test-Test-3] INFO  verifyingPriceSilderFunctionality_Mobile_20-54-01 - [verifyingPriceSilderFunctionality_Mobile_20-54-01] Min Price Applied is  ₹25,700   Product Price is 26,999  Max Price Applied is ₹95,900
20:54:14 [TestNG-test-Test-3] INFO  verifyingPriceSilderFunctionality_Mobile_20-54-01 - [verifyingPriceSilderFunctionality_Mobile_20-54-01] Min Price Applied is  ₹25,700   Product Price is 40,999  Max Price Applied is ₹95,900
20:54:14 [TestNG-test-Test-3] INFO  verifyingPriceSilderFunctionality_Mobile_20-54-01 - [verifyingPriceSilderFunctionality_Mobile_20-54-01] Min Price Applied is  ₹25,700   Product Price is 30,999  Max Price Applied is ₹95,900
20:54:14 [TestNG-test-Test-3] INFO  verifyingPriceSilderFunctionality_Mobile_20-54-01 - [verifyingPriceSilderFunctionality_Mobile_20-54-01] Min Price Applied is  ₹25,700   Product Price is 28,849  Max Price Applied is ₹95,900
20:54:14 [TestNG-test-Test-3] INFO  verifyingPriceSilderFunctionality_Mobile_20-54-01 - [verifyingPriceSilderFunctionality_Mobile_20-54-01] Min Price Applied is  ₹25,700   Product Price is 26,499  Max Price Applied is ₹95,900
20:54:14 [TestNG-test-Test-3] INFO  verifyingPriceSilderFunctionality_Mobile_20-54-01 - [verifyingPriceSilderFunctionality_Mobile_20-54-01] Min Price Applied is  ₹25,700   Product Price is 59,999  Max Price Applied is ₹95,900
20:54:14 [TestNG-test-Test-3] INFO  verifyingPriceSilderFunctionality_Mobile_20-54-01 - [verifyingPriceSilderFunctionality_Mobile_20-54-01] Min Price Applied is  ₹25,700   Product Price is 25,988  Max Price Applied is ₹95,900
20:54:14 [TestNG-test-Test-3] INFO  verifyingPriceSilderFunctionality_Mobile_20-54-01 - [verifyingPriceSilderFunctionality_Mobile_20-54-01] Min Price Applied is  ₹25,700   Product Price is 41,999  Max Price Applied is ₹95,900
20:54:14 [TestNG-test-Test-3] INFO  verifyingPriceSilderFunctionality_Mobile_20-54-01 - [verifyingPriceSilderFunctionality_Mobile_20-54-01] Min Price Applied is  ₹25,700   Product Price is 33,029  Max Price Applied is ₹95,900
20:54:14 [TestNG-test-Test-3] INFO  verifyingPriceSilderFunctionality_Mobile_20-54-01 - [verifyingPriceSilderFunctionality_Mobile_20-54-01] Min Price Applied is  ₹25,700   Product Price is 33,199  Max Price Applied is ₹95,900
20:54:14 [TestNG-test-Test-3] INFO  verifyingPriceSilderFunctionality_Mobile_20-54-01 - [verifyingPriceSilderFunctionality_Mobile_20-54-01] Min Price Applied is  ₹25,700   Product Price is 26,999  Max Price Applied is ₹95,900
20:54:14 [TestNG-test-Test-3] INFO  verifyingPriceSilderFunctionality_Mobile_20-54-01 - [verifyingPriceSilderFunctionality_Mobile_20-54-01] Min Price Applied is  ₹25,700   Product Price is 28,999  Max Price Applied is ₹95,900
20:54:14 [TestNG-test-Test-3] INFO  verifyingPriceSilderFunctionality_Mobile_20-54-01 - [verifyingPriceSilderFunctionality_Mobile_20-54-01] Min Price Applied is  ₹25,700   Product Price is 52,999  Max Price Applied is ₹95,900
20:54:14 [TestNG-test-Test-3] INFO  verifyingPriceSilderFunctionality_Mobile_20-54-01 - [verifyingPriceSilderFunctionality_Mobile_20-54-01] Min Price Applied is  ₹25,700   Product Price is 29,499  Max Price Applied is ₹95,900
20:54:14 [TestNG-test-Test-3] INFO  verifyingPriceSilderFunctionality_Mobile_20-54-01 - [verifyingPriceSilderFunctionality_Mobile_20-54-01] Min Price Applied is  ₹25,700   Product Price is 29,899  Max Price Applied is ₹95,900
20:54:14 [TestNG-test-Test-3] INFO  verifyingPriceSilderFunctionality_Mobile_20-54-01 - [verifyingPriceSilderFunctionality_Mobile_20-54-01] Min Price Applied is  ₹25,700   Product Price is 59,999  Max Price Applied is ₹95,900
20:54:14 [TestNG-test-Test-3] INFO  verifyingPriceSilderFunctionality_Mobile_20-54-01 - [verifyingPriceSilderFunctionality_Mobile_20-54-01] Min Price Applied is  ₹25,700   Product Price is 46,999  Max Price Applied is ₹95,900
20:54:14 [TestNG-test-Test-3] INFO  verifyingPriceSilderFunctionality_Mobile_20-54-01 - [verifyingPriceSilderFunctionality_Mobile_20-54-01] Min Price Applied is  ₹25,700   Product Price is 25,999  Max Price Applied is ₹95,900
20:54:14 [TestNG-test-Test-3] INFO  verifyingPriceSilderFunctionality_Mobile_20-54-01 - [verifyingPriceSilderFunctionality_Mobile_20-54-01] Within smoothScrollToElement method
20:54:14 [TestNG-test-Test-3] INFO  verifyingPriceSilderFunctionality_Mobile_20-54-01 - [verifyingPriceSilderFunctionality_Mobile_20-54-01] Within safeFindElement method
20:54:14 [TestNG-test-Test-3] INFO  verifyingPriceSilderFunctionality_Mobile_20-54-01 - [verifyingPriceSilderFunctionality_Mobile_20-54-01]Found the element returning it ,element ->[[ChromeDriver: chrome on windows (bc90848c19a5575a82735b83659e4b09)] -> id: p_36/range-slider_slider-item_lower-bound-slider]
20:54:14 [TestNG-test-Test-3] INFO  verifyingPriceSilderFunctionality_Mobile_20-54-01 - [verifyingPriceSilderFunctionality_Mobile_20-54-01] Successfully scrolled to element: By.id: p_36/range-slider_slider-item_lower-bound-slider
20:54:15 [TestNG-test-Test-3] INFO  verifyingPriceSilderFunctionality_Mobile_20-54-01 - [verifyingPriceSilderFunctionality_Mobile_20-54-01] Price Check <= Max & >= Min  Product Price is ->26999.0
20:54:15 [TestNG-test-Test-3] INFO  verifyingPriceSilderFunctionality_Mobile_20-54-01 - [verifyingPriceSilderFunctionality_Mobile_20-54-01] Min Price Applied is  25700.0   Product Price is 26,999  Max Price Applied is 95900.0
20:54:15 [TestNG-test-Test-3] INFO  verifyingPriceSilderFunctionality_Mobile_20-54-01 - [verifyingPriceSilderFunctionality_Mobile_20-54-01] Price Check <= Max & >= Min  Product Price is ->40999.0
20:54:15 [TestNG-test-Test-3] INFO  verifyingPriceSilderFunctionality_Mobile_20-54-01 - [verifyingPriceSilderFunctionality_Mobile_20-54-01] Min Price Applied is  25700.0   Product Price is 40,999  Max Price Applied is 95900.0
20:54:15 [TestNG-test-Test-3] INFO  verifyingPriceSilderFunctionality_Mobile_20-54-01 - [verifyingPriceSilderFunctionality_Mobile_20-54-01] Price Check <= Max & >= Min  Product Price is ->30999.0
20:54:15 [TestNG-test-Test-3] INFO  verifyingPriceSilderFunctionality_Mobile_20-54-01 - [verifyingPriceSilderFunctionality_Mobile_20-54-01] Min Price Applied is  25700.0   Product Price is 30,999  Max Price Applied is 95900.0
20:54:15 [TestNG-test-Test-3] INFO  verifyingPriceSilderFunctionality_Mobile_20-54-01 - [verifyingPriceSilderFunctionality_Mobile_20-54-01] Price Check <= Max & >= Min  Product Price is ->28849.0
20:54:15 [TestNG-test-Test-3] INFO  verifyingPriceSilderFunctionality_Mobile_20-54-01 - [verifyingPriceSilderFunctionality_Mobile_20-54-01] Min Price Applied is  25700.0   Product Price is 28,849  Max Price Applied is 95900.0
20:54:15 [TestNG-test-Test-3] INFO  verifyingPriceSilderFunctionality_Mobile_20-54-01 - [verifyingPriceSilderFunctionality_Mobile_20-54-01] Price Check <= Max & >= Min  Product Price is ->26499.0
20:54:15 [TestNG-test-Test-3] INFO  verifyingPriceSilderFunctionality_Mobile_20-54-01 - [verifyingPriceSilderFunctionality_Mobile_20-54-01] Min Price Applied is  25700.0   Product Price is 26,499  Max Price Applied is 95900.0
20:54:15 [TestNG-test-Test-3] INFO  verifyingPriceSilderFunctionality_Mobile_20-54-01 - [verifyingPriceSilderFunctionality_Mobile_20-54-01] Price Check <= Max & >= Min  Product Price is ->59999.0
20:54:15 [TestNG-test-Test-3] INFO  verifyingPriceSilderFunctionality_Mobile_20-54-01 - [verifyingPriceSilderFunctionality_Mobile_20-54-01] Min Price Applied is  25700.0   Product Price is 59,999  Max Price Applied is 95900.0
20:54:15 [TestNG-test-Test-3] INFO  verifyingPriceSilderFunctionality_Mobile_20-54-01 - [verifyingPriceSilderFunctionality_Mobile_20-54-01] Price Check <= Max & >= Min  Product Price is ->25988.0
20:54:15 [TestNG-test-Test-3] INFO  verifyingPriceSilderFunctionality_Mobile_20-54-01 - [verifyingPriceSilderFunctionality_Mobile_20-54-01] Min Price Applied is  25700.0   Product Price is 25,988  Max Price Applied is 95900.0
20:54:15 [TestNG-test-Test-3] INFO  verifyingPriceSilderFunctionality_Mobile_20-54-01 - [verifyingPriceSilderFunctionality_Mobile_20-54-01] Price Check <= Max & >= Min  Product Price is ->41999.0
20:54:15 [TestNG-test-Test-3] INFO  verifyingPriceSilderFunctionality_Mobile_20-54-01 - [verifyingPriceSilderFunctionality_Mobile_20-54-01] Min Price Applied is  25700.0   Product Price is 41,999  Max Price Applied is 95900.0
20:54:15 [TestNG-test-Test-3] INFO  verifyingPriceSilderFunctionality_Mobile_20-54-01 - [verifyingPriceSilderFunctionality_Mobile_20-54-01] Price Check <= Max & >= Min  Product Price is ->33029.0
20:54:15 [TestNG-test-Test-3] INFO  verifyingPriceSilderFunctionality_Mobile_20-54-01 - [verifyingPriceSilderFunctionality_Mobile_20-54-01] Min Price Applied is  25700.0   Product Price is 33,029  Max Price Applied is 95900.0
20:54:15 [TestNG-test-Test-3] INFO  verifyingPriceSilderFunctionality_Mobile_20-54-01 - [verifyingPriceSilderFunctionality_Mobile_20-54-01] Price Check <= Max & >= Min  Product Price is ->33199.0
20:54:15 [TestNG-test-Test-3] INFO  verifyingPriceSilderFunctionality_Mobile_20-54-01 - [verifyingPriceSilderFunctionality_Mobile_20-54-01] Min Price Applied is  25700.0   Product Price is 33,199  Max Price Applied is 95900.0
20:54:15 [TestNG-test-Test-3] INFO  verifyingPriceSilderFunctionality_Mobile_20-54-01 - [verifyingPriceSilderFunctionality_Mobile_20-54-01] Price Check <= Max & >= Min  Product Price is ->26999.0
20:54:15 [TestNG-test-Test-3] INFO  verifyingPriceSilderFunctionality_Mobile_20-54-01 - [verifyingPriceSilderFunctionality_Mobile_20-54-01] Min Price Applied is  25700.0   Product Price is 26,999  Max Price Applied is 95900.0
20:54:15 [TestNG-test-Test-3] INFO  verifyingPriceSilderFunctionality_Mobile_20-54-01 - [verifyingPriceSilderFunctionality_Mobile_20-54-01] Price Check <= Max & >= Min  Product Price is ->28999.0
20:54:15 [TestNG-test-Test-3] INFO  verifyingPriceSilderFunctionality_Mobile_20-54-01 - [verifyingPriceSilderFunctionality_Mobile_20-54-01] Min Price Applied is  25700.0   Product Price is 28,999  Max Price Applied is 95900.0
20:54:15 [TestNG-test-Test-3] INFO  verifyingPriceSilderFunctionality_Mobile_20-54-01 - [verifyingPriceSilderFunctionality_Mobile_20-54-01] Price Check <= Max & >= Min  Product Price is ->52999.0
20:54:15 [TestNG-test-Test-3] INFO  verifyingPriceSilderFunctionality_Mobile_20-54-01 - [verifyingPriceSilderFunctionality_Mobile_20-54-01] Min Price Applied is  25700.0   Product Price is 52,999  Max Price Applied is 95900.0
20:54:15 [TestNG-test-Test-3] INFO  verifyingPriceSilderFunctionality_Mobile_20-54-01 - [verifyingPriceSilderFunctionality_Mobile_20-54-01] Price Check <= Max & >= Min  Product Price is ->29499.0
20:54:15 [TestNG-test-Test-3] INFO  verifyingPriceSilderFunctionality_Mobile_20-54-01 - [verifyingPriceSilderFunctionality_Mobile_20-54-01] Min Price Applied is  25700.0   Product Price is 29,499  Max Price Applied is 95900.0
20:54:15 [TestNG-test-Test-3] INFO  verifyingPriceSilderFunctionality_Mobile_20-54-01 - [verifyingPriceSilderFunctionality_Mobile_20-54-01] Price Check <= Max & >= Min  Product Price is ->29899.0
20:54:15 [TestNG-test-Test-3] INFO  verifyingPriceSilderFunctionality_Mobile_20-54-01 - [verifyingPriceSilderFunctionality_Mobile_20-54-01] Min Price Applied is  25700.0   Product Price is 29,899  Max Price Applied is 95900.0
20:54:15 [TestNG-test-Test-3] INFO  verifyingPriceSilderFunctionality_Mobile_20-54-01 - [verifyingPriceSilderFunctionality_Mobile_20-54-01] Price Check <= Max & >= Min  Product Price is ->59999.0
20:54:15 [TestNG-test-Test-3] INFO  verifyingPriceSilderFunctionality_Mobile_20-54-01 - [verifyingPriceSilderFunctionality_Mobile_20-54-01] Min Price Applied is  25700.0   Product Price is 59,999  Max Price Applied is 95900.0
20:54:15 [TestNG-test-Test-3] INFO  verifyingPriceSilderFunctionality_Mobile_20-54-01 - [verifyingPriceSilderFunctionality_Mobile_20-54-01] Price Check <= Max & >= Min  Product Price is ->46999.0
20:54:15 [TestNG-test-Test-3] INFO  verifyingPriceSilderFunctionality_Mobile_20-54-01 - [verifyingPriceSilderFunctionality_Mobile_20-54-01] Min Price Applied is  25700.0   Product Price is 46,999  Max Price Applied is 95900.0
20:54:15 [TestNG-test-Test-3] INFO  verifyingPriceSilderFunctionality_Mobile_20-54-01 - [verifyingPriceSilderFunctionality_Mobile_20-54-01] Price Check <= Max & >= Min  Product Price is ->25999.0
20:54:15 [TestNG-test-Test-3] INFO  verifyingPriceSilderFunctionality_Mobile_20-54-01 - [verifyingPriceSilderFunctionality_Mobile_20-54-01] Min Price Applied is  25700.0   Product Price is 25,999  Max Price Applied is 95900.0
20:54:15 [TestNG-test-Test-3] INFO  verifyingPriceSilderFunctionality_Mobile_20-54-01 - [verifyingPriceSilderFunctionality_Mobile_20-54-01] Adding the data 'min','max','isValid' ,'mismatches' to 'result' Map->121
20:54:15 [TestNG-test-Test-3] INFO  verifyingPriceSilderFunctionality_Mobile_20-54-01 - [verifyingPriceSilderFunctionality_Mobile_20-54-01] Adding the 'results'  Map to the master 'allResults' i.e is List of maps->121
20:54:15 [TestNG-test-Test-3] INFO  verifyingPriceSilderFunctionality_Mobile_20-54-01 - [verifyingPriceSilderFunctionality_Mobile_20-54-01] Within safeFindElement method
20:54:15 [TestNG-test-Test-3] INFO  verifyingPriceSilderFunctionality_Mobile_20-54-01 - [verifyingPriceSilderFunctionality_Mobile_20-54-01]Found the element returning it ,element ->[[ChromeDriver: chrome on windows (bc90848c19a5575a82735b83659e4b09)] -> id: p_36/range-slider_slider-item_lower-bound-slider]
20:54:15 [TestNG-test-Test-3] INFO  verifyingPriceSilderFunctionality_Mobile_20-54-01 - [verifyingPriceSilderFunctionality_Mobile_20-54-01] in the setSliderValue method with value 131
20:54:15 [TestNG-test-Test-3] INFO  verifyingPriceSilderFunctionality_Mobile_20-54-01 - [verifyingPriceSilderFunctionality_Mobile_20-54-01] Within safeFindElement method
20:54:15 [TestNG-test-Test-3] INFO  verifyingPriceSilderFunctionality_Mobile_20-54-01 - [verifyingPriceSilderFunctionality_Mobile_20-54-01]Found the element returning it ,element ->[[ChromeDriver: chrome on windows (bc90848c19a5575a82735b83659e4b09)] -> id: p_36/range-slider_slider-item_upper-bound-slider]
20:54:15 [TestNG-test-Test-3] INFO  verifyingPriceSilderFunctionality_Mobile_20-54-01 - [verifyingPriceSilderFunctionality_Mobile_20-54-01] in the setSliderValue method with value 161
20:54:15 [TestNG-test-Test-3] INFO  verifyingPriceSilderFunctionality_Mobile_20-54-01 - [verifyingPriceSilderFunctionality_Mobile_20-54-01] Within safeFindElement method
20:54:17 [TestNG-test-Test-3] INFO  verifyingPriceSilderFunctionality_Mobile_20-54-01 - [verifyingPriceSilderFunctionality_Mobile_20-54-01]Found the element returning it ,element ->[[ChromeDriver: chrome on windows (bc90848c19a5575a82735b83659e4b09)] -> xpath: //label[@for='p_36/range-slider_slider-item_upper-bound-slider']]
20:54:17 [TestNG-test-Test-3] INFO  verifyingPriceSilderFunctionality_Mobile_20-54-01 - [verifyingPriceSilderFunctionality_Mobile_20-54-01] Within safeFindElement method
20:54:17 [TestNG-test-Test-3] INFO  verifyingPriceSilderFunctionality_Mobile_20-54-01 - [verifyingPriceSilderFunctionality_Mobile_20-54-01]Found the element returning it ,element ->[[ChromeDriver: chrome on windows (bc90848c19a5575a82735b83659e4b09)] -> xpath: //label[@for='p_36/range-slider_slider-item_lower-bound-slider']]
20:54:17 [TestNG-test-Test-3] INFO  verifyingPriceSilderFunctionality_Mobile_20-54-01 - [verifyingPriceSilderFunctionality_Mobile_20-54-01] Within safeFindElements 
20:54:17 [TestNG-test-Test-3] INFO  verifyingPriceSilderFunctionality_Mobile_20-54-01 - [verifyingPriceSilderFunctionality_Mobile_20-54-01] Returning the  [[[ChromeDriver: chrome on windows (bc90848c19a5575a82735b83659e4b09)] -> xpath: //span[@class='a-price-whole']], [[ChromeDriver: chrome on windows (bc90848c19a5575a82735b83659e4b09)] -> xpath: //span[@class='a-price-whole']], [[ChromeDriver: chrome on windows (bc90848c19a5575a82735b83659e4b09)] -> xpath: //span[@class='a-price-whole']], [[ChromeDriver: chrome on windows (bc90848c19a5575a82735b83659e4b09)] -> xpath: //span[@class='a-price-whole']], [[ChromeDriver: chrome on windows (bc90848c19a5575a82735b83659e4b09)] -> xpath: //span[@class='a-price-whole']], [[ChromeDriver: chrome on windows (bc90848c19a5575a82735b83659e4b09)] -> xpath: //span[@class='a-price-whole']], [[ChromeDriver: chrome on windows (bc90848c19a5575a82735b83659e4b09)] -> xpath: //span[@class='a-price-whole']], [[ChromeDriver: chrome on windows (bc90848c19a5575a82735b83659e4b09)] -> xpath: //span[@class='a-price-whole']], [[ChromeDriver: chrome on windows (bc90848c19a5575a82735b83659e4b09)] -> xpath: //span[@class='a-price-whole']], [[ChromeDriver: chrome on windows (bc90848c19a5575a82735b83659e4b09)] -> xpath: //span[@class='a-price-whole']], [[ChromeDriver: chrome on windows (bc90848c19a5575a82735b83659e4b09)] -> xpath: //span[@class='a-price-whole']], [[ChromeDriver: chrome on windows (bc90848c19a5575a82735b83659e4b09)] -> xpath: //span[@class='a-price-whole']], [[ChromeDriver: chrome on windows (bc90848c19a5575a82735b83659e4b09)] -> xpath: //span[@class='a-price-whole']], [[ChromeDriver: chrome on windows (bc90848c19a5575a82735b83659e4b09)] -> xpath: //span[@class='a-price-whole']], [[ChromeDriver: chrome on windows (bc90848c19a5575a82735b83659e4b09)] -> xpath: //span[@class='a-price-whole']], [[ChromeDriver: chrome on windows (bc90848c19a5575a82735b83659e4b09)] -> xpath: //span[@class='a-price-whole']], [[ChromeDriver: chrome on windows (bc90848c19a5575a82735b83659e4b09)] -> xpath: //span[@class='a-price-whole']], [[ChromeDriver: chrome on windows (bc90848c19a5575a82735b83659e4b09)] -> xpath: //span[@class='a-price-whole']]] from the safeFindElements method
20:54:17 [TestNG-test-Test-3] INFO  verifyingPriceSilderFunctionality_Mobile_20-54-01 - [verifyingPriceSilderFunctionality_Mobile_20-54-01] Min Price Applied is  ₹77,400   Product Price is 99,999  Max Price Applied is ₹194,800
20:54:17 [TestNG-test-Test-3] INFO  verifyingPriceSilderFunctionality_Mobile_20-54-01 - [verifyingPriceSilderFunctionality_Mobile_20-54-01] Min Price Applied is  ₹77,400   Product Price is 85,999  Max Price Applied is ₹194,800
20:54:17 [TestNG-test-Test-3] INFO  verifyingPriceSilderFunctionality_Mobile_20-54-01 - [verifyingPriceSilderFunctionality_Mobile_20-54-01] Min Price Applied is  ₹77,400   Product Price is 79,900  Max Price Applied is ₹194,800
20:54:17 [TestNG-test-Test-3] INFO  verifyingPriceSilderFunctionality_Mobile_20-54-01 - [verifyingPriceSilderFunctionality_Mobile_20-54-01] Min Price Applied is  ₹77,400   Product Price is 86,900  Max Price Applied is ₹194,800
20:54:17 [TestNG-test-Test-3] INFO  verifyingPriceSilderFunctionality_Mobile_20-54-01 - [verifyingPriceSilderFunctionality_Mobile_20-54-01] Min Price Applied is  ₹77,400   Product Price is 79,900  Max Price Applied is ₹194,800
20:54:17 [TestNG-test-Test-3] INFO  verifyingPriceSilderFunctionality_Mobile_20-54-01 - [verifyingPriceSilderFunctionality_Mobile_20-54-01] Min Price Applied is  ₹77,400   Product Price is 89,549  Max Price Applied is ₹194,800
20:54:17 [TestNG-test-Test-3] INFO  verifyingPriceSilderFunctionality_Mobile_20-54-01 - [verifyingPriceSilderFunctionality_Mobile_20-54-01] Min Price Applied is  ₹77,400   Product Price is 99,999  Max Price Applied is ₹194,800
20:54:17 [TestNG-test-Test-3] INFO  verifyingPriceSilderFunctionality_Mobile_20-54-01 - [verifyingPriceSilderFunctionality_Mobile_20-54-01] Min Price Applied is  ₹77,400   Product Price is 94,999  Max Price Applied is ₹194,800
20:54:17 [TestNG-test-Test-3] INFO  verifyingPriceSilderFunctionality_Mobile_20-54-01 - [verifyingPriceSilderFunctionality_Mobile_20-54-01] Min Price Applied is  ₹77,400   Product Price is 99,999  Max Price Applied is ₹194,800
20:54:17 [TestNG-test-Test-3] INFO  verifyingPriceSilderFunctionality_Mobile_20-54-01 - [verifyingPriceSilderFunctionality_Mobile_20-54-01] Min Price Applied is  ₹77,400   Product Price is 79,999  Max Price Applied is ₹194,800
20:54:17 [TestNG-test-Test-3] INFO  verifyingPriceSilderFunctionality_Mobile_20-54-01 - [verifyingPriceSilderFunctionality_Mobile_20-54-01] Min Price Applied is  ₹77,400   Product Price is 1,04,999  Max Price Applied is ₹194,800
20:54:17 [TestNG-test-Test-3] INFO  verifyingPriceSilderFunctionality_Mobile_20-54-01 - [verifyingPriceSilderFunctionality_Mobile_20-54-01] Min Price Applied is  ₹77,400   Product Price is 94,999  Max Price Applied is ₹194,800
20:54:17 [TestNG-test-Test-3] INFO  verifyingPriceSilderFunctionality_Mobile_20-54-01 - [verifyingPriceSilderFunctionality_Mobile_20-54-01] Min Price Applied is  ₹77,400   Product Price is 93,599  Max Price Applied is ₹194,800
20:54:17 [TestNG-test-Test-3] INFO  verifyingPriceSilderFunctionality_Mobile_20-54-01 - [verifyingPriceSilderFunctionality_Mobile_20-54-01] Min Price Applied is  ₹77,400   Product Price is 89,999  Max Price Applied is ₹194,800
20:54:17 [TestNG-test-Test-3] INFO  verifyingPriceSilderFunctionality_Mobile_20-54-01 - [verifyingPriceSilderFunctionality_Mobile_20-54-01] Min Price Applied is  ₹77,400   Product Price is 81,999  Max Price Applied is ₹194,800
20:54:17 [TestNG-test-Test-3] INFO  verifyingPriceSilderFunctionality_Mobile_20-54-01 - [verifyingPriceSilderFunctionality_Mobile_20-54-01] Min Price Applied is  ₹77,400   Product Price is 82,490  Max Price Applied is ₹194,800
20:54:17 [TestNG-test-Test-3] INFO  verifyingPriceSilderFunctionality_Mobile_20-54-01 - [verifyingPriceSilderFunctionality_Mobile_20-54-01] Min Price Applied is  ₹77,400   Product Price is 82,490  Max Price Applied is ₹194,800
20:54:17 [TestNG-test-Test-3] INFO  verifyingPriceSilderFunctionality_Mobile_20-54-01 - [verifyingPriceSilderFunctionality_Mobile_20-54-01] Min Price Applied is  ₹77,400   Product Price is 84,000  Max Price Applied is ₹194,800
20:54:17 [TestNG-test-Test-3] INFO  verifyingPriceSilderFunctionality_Mobile_20-54-01 - [verifyingPriceSilderFunctionality_Mobile_20-54-01] Within smoothScrollToElement method
20:54:17 [TestNG-test-Test-3] INFO  verifyingPriceSilderFunctionality_Mobile_20-54-01 - [verifyingPriceSilderFunctionality_Mobile_20-54-01] Within safeFindElement method
20:54:17 [TestNG-test-Test-3] INFO  verifyingPriceSilderFunctionality_Mobile_20-54-01 - [verifyingPriceSilderFunctionality_Mobile_20-54-01]Found the element returning it ,element ->[[ChromeDriver: chrome on windows (bc90848c19a5575a82735b83659e4b09)] -> id: p_36/range-slider_slider-item_lower-bound-slider]
20:54:17 [TestNG-test-Test-3] INFO  verifyingPriceSilderFunctionality_Mobile_20-54-01 - [verifyingPriceSilderFunctionality_Mobile_20-54-01] Successfully scrolled to element: By.id: p_36/range-slider_slider-item_lower-bound-slider
20:54:17 [TestNG-test-Test-3] INFO  verifyingPriceSilderFunctionality_Mobile_20-54-01 - [verifyingPriceSilderFunctionality_Mobile_20-54-01] Price Check <= Max & >= Min  Product Price is ->99999.0
20:54:17 [TestNG-test-Test-3] INFO  verifyingPriceSilderFunctionality_Mobile_20-54-01 - [verifyingPriceSilderFunctionality_Mobile_20-54-01] Min Price Applied is  77400.0   Product Price is 99,999  Max Price Applied is 194800.0
20:54:17 [TestNG-test-Test-3] INFO  verifyingPriceSilderFunctionality_Mobile_20-54-01 - [verifyingPriceSilderFunctionality_Mobile_20-54-01] Price Check <= Max & >= Min  Product Price is ->85999.0
20:54:17 [TestNG-test-Test-3] INFO  verifyingPriceSilderFunctionality_Mobile_20-54-01 - [verifyingPriceSilderFunctionality_Mobile_20-54-01] Min Price Applied is  77400.0   Product Price is 85,999  Max Price Applied is 194800.0
20:54:17 [TestNG-test-Test-3] INFO  verifyingPriceSilderFunctionality_Mobile_20-54-01 - [verifyingPriceSilderFunctionality_Mobile_20-54-01] Price Check <= Max & >= Min  Product Price is ->79900.0
20:54:17 [TestNG-test-Test-3] INFO  verifyingPriceSilderFunctionality_Mobile_20-54-01 - [verifyingPriceSilderFunctionality_Mobile_20-54-01] Min Price Applied is  77400.0   Product Price is 79,900  Max Price Applied is 194800.0
20:54:17 [TestNG-test-Test-3] INFO  verifyingPriceSilderFunctionality_Mobile_20-54-01 - [verifyingPriceSilderFunctionality_Mobile_20-54-01] Price Check <= Max & >= Min  Product Price is ->86900.0
20:54:17 [TestNG-test-Test-3] INFO  verifyingPriceSilderFunctionality_Mobile_20-54-01 - [verifyingPriceSilderFunctionality_Mobile_20-54-01] Min Price Applied is  77400.0   Product Price is 86,900  Max Price Applied is 194800.0
20:54:17 [TestNG-test-Test-3] INFO  verifyingPriceSilderFunctionality_Mobile_20-54-01 - [verifyingPriceSilderFunctionality_Mobile_20-54-01] Price Check <= Max & >= Min  Product Price is ->79900.0
20:54:17 [TestNG-test-Test-3] INFO  verifyingPriceSilderFunctionality_Mobile_20-54-01 - [verifyingPriceSilderFunctionality_Mobile_20-54-01] Min Price Applied is  77400.0   Product Price is 79,900  Max Price Applied is 194800.0
20:54:17 [TestNG-test-Test-3] INFO  verifyingPriceSilderFunctionality_Mobile_20-54-01 - [verifyingPriceSilderFunctionality_Mobile_20-54-01] Price Check <= Max & >= Min  Product Price is ->89549.0
20:54:17 [TestNG-test-Test-3] INFO  verifyingPriceSilderFunctionality_Mobile_20-54-01 - [verifyingPriceSilderFunctionality_Mobile_20-54-01] Min Price Applied is  77400.0   Product Price is 89,549  Max Price Applied is 194800.0
20:54:17 [TestNG-test-Test-3] INFO  verifyingPriceSilderFunctionality_Mobile_20-54-01 - [verifyingPriceSilderFunctionality_Mobile_20-54-01] Price Check <= Max & >= Min  Product Price is ->99999.0
20:54:17 [TestNG-test-Test-3] INFO  verifyingPriceSilderFunctionality_Mobile_20-54-01 - [verifyingPriceSilderFunctionality_Mobile_20-54-01] Min Price Applied is  77400.0   Product Price is 99,999  Max Price Applied is 194800.0
20:54:17 [TestNG-test-Test-3] INFO  verifyingPriceSilderFunctionality_Mobile_20-54-01 - [verifyingPriceSilderFunctionality_Mobile_20-54-01] Price Check <= Max & >= Min  Product Price is ->94999.0
20:54:17 [TestNG-test-Test-3] INFO  verifyingPriceSilderFunctionality_Mobile_20-54-01 - [verifyingPriceSilderFunctionality_Mobile_20-54-01] Min Price Applied is  77400.0   Product Price is 94,999  Max Price Applied is 194800.0
20:54:17 [TestNG-test-Test-3] INFO  verifyingPriceSilderFunctionality_Mobile_20-54-01 - [verifyingPriceSilderFunctionality_Mobile_20-54-01] Price Check <= Max & >= Min  Product Price is ->99999.0
20:54:17 [TestNG-test-Test-3] INFO  verifyingPriceSilderFunctionality_Mobile_20-54-01 - [verifyingPriceSilderFunctionality_Mobile_20-54-01] Min Price Applied is  77400.0   Product Price is 99,999  Max Price Applied is 194800.0
20:54:17 [TestNG-test-Test-3] INFO  verifyingPriceSilderFunctionality_Mobile_20-54-01 - [verifyingPriceSilderFunctionality_Mobile_20-54-01] Price Check <= Max & >= Min  Product Price is ->79999.0
20:54:17 [TestNG-test-Test-3] INFO  verifyingPriceSilderFunctionality_Mobile_20-54-01 - [verifyingPriceSilderFunctionality_Mobile_20-54-01] Min Price Applied is  77400.0   Product Price is 79,999  Max Price Applied is 194800.0
20:54:17 [TestNG-test-Test-3] INFO  verifyingPriceSilderFunctionality_Mobile_20-54-01 - [verifyingPriceSilderFunctionality_Mobile_20-54-01] Price Check <= Max & >= Min  Product Price is ->104999.0
20:54:17 [TestNG-test-Test-3] INFO  verifyingPriceSilderFunctionality_Mobile_20-54-01 - [verifyingPriceSilderFunctionality_Mobile_20-54-01] Min Price Applied is  77400.0   Product Price is 1,04,999  Max Price Applied is 194800.0
20:54:17 [TestNG-test-Test-3] INFO  verifyingPriceSilderFunctionality_Mobile_20-54-01 - [verifyingPriceSilderFunctionality_Mobile_20-54-01] Price Check <= Max & >= Min  Product Price is ->94999.0
20:54:17 [TestNG-test-Test-3] INFO  verifyingPriceSilderFunctionality_Mobile_20-54-01 - [verifyingPriceSilderFunctionality_Mobile_20-54-01] Min Price Applied is  77400.0   Product Price is 94,999  Max Price Applied is 194800.0
20:54:17 [TestNG-test-Test-3] INFO  verifyingPriceSilderFunctionality_Mobile_20-54-01 - [verifyingPriceSilderFunctionality_Mobile_20-54-01] Price Check <= Max & >= Min  Product Price is ->93599.0
20:54:17 [TestNG-test-Test-3] INFO  verifyingPriceSilderFunctionality_Mobile_20-54-01 - [verifyingPriceSilderFunctionality_Mobile_20-54-01] Min Price Applied is  77400.0   Product Price is 93,599  Max Price Applied is 194800.0
20:54:17 [TestNG-test-Test-3] INFO  verifyingPriceSilderFunctionality_Mobile_20-54-01 - [verifyingPriceSilderFunctionality_Mobile_20-54-01] Price Check <= Max & >= Min  Product Price is ->89999.0
20:54:17 [TestNG-test-Test-3] INFO  verifyingPriceSilderFunctionality_Mobile_20-54-01 - [verifyingPriceSilderFunctionality_Mobile_20-54-01] Min Price Applied is  77400.0   Product Price is 89,999  Max Price Applied is 194800.0
20:54:17 [TestNG-test-Test-3] INFO  verifyingPriceSilderFunctionality_Mobile_20-54-01 - [verifyingPriceSilderFunctionality_Mobile_20-54-01] Price Check <= Max & >= Min  Product Price is ->81999.0
20:54:17 [TestNG-test-Test-3] INFO  verifyingPriceSilderFunctionality_Mobile_20-54-01 - [verifyingPriceSilderFunctionality_Mobile_20-54-01] Min Price Applied is  77400.0   Product Price is 81,999  Max Price Applied is 194800.0
20:54:17 [TestNG-test-Test-3] INFO  verifyingPriceSilderFunctionality_Mobile_20-54-01 - [verifyingPriceSilderFunctionality_Mobile_20-54-01] Price Check <= Max & >= Min  Product Price is ->82490.0
20:54:17 [TestNG-test-Test-3] INFO  verifyingPriceSilderFunctionality_Mobile_20-54-01 - [verifyingPriceSilderFunctionality_Mobile_20-54-01] Min Price Applied is  77400.0   Product Price is 82,490  Max Price Applied is 194800.0
20:54:17 [TestNG-test-Test-3] INFO  verifyingPriceSilderFunctionality_Mobile_20-54-01 - [verifyingPriceSilderFunctionality_Mobile_20-54-01] Price Check <= Max & >= Min  Product Price is ->82490.0
20:54:17 [TestNG-test-Test-3] INFO  verifyingPriceSilderFunctionality_Mobile_20-54-01 - [verifyingPriceSilderFunctionality_Mobile_20-54-01] Min Price Applied is  77400.0   Product Price is 82,490  Max Price Applied is 194800.0
20:54:17 [TestNG-test-Test-3] INFO  verifyingPriceSilderFunctionality_Mobile_20-54-01 - [verifyingPriceSilderFunctionality_Mobile_20-54-01] Price Check <= Max & >= Min  Product Price is ->84000.0
20:54:17 [TestNG-test-Test-3] INFO  verifyingPriceSilderFunctionality_Mobile_20-54-01 - [verifyingPriceSilderFunctionality_Mobile_20-54-01] Min Price Applied is  77400.0   Product Price is 84,000  Max Price Applied is 194800.0
20:54:17 [TestNG-test-Test-3] INFO  verifyingPriceSilderFunctionality_Mobile_20-54-01 - [verifyingPriceSilderFunctionality_Mobile_20-54-01] Adding the data 'min','max','isValid' ,'mismatches' to 'result' Map->161
20:54:17 [TestNG-test-Test-3] INFO  verifyingPriceSilderFunctionality_Mobile_20-54-01 - [verifyingPriceSilderFunctionality_Mobile_20-54-01] Adding the 'results'  Map to the master 'allResults' i.e is List of maps->161
20:54:17 [TestNG-test-Test-3] INFO  verifyingPriceSilderFunctionality_Mobile_20-54-01 - [verifyingPriceSilderFunctionality_Mobile_20-54-01] Returning the data here in the end
20:54:17 [TestNG-test-Test-3] INFO  verifyingPriceSilderFunctionality_Mobile_20-54-01 - [verifyingPriceSilderFunctionality_Mobile_20-54-01]  Price range validated successfully: 61 - 81
20:54:17 [TestNG-test-Test-3] INFO  verifyingPriceSilderFunctionality_Mobile_20-54-01 - [verifyingPriceSilderFunctionality_Mobile_20-54-01] ------------------------------------------------------------
20:54:17 [TestNG-test-Test-3] INFO  verifyingPriceSilderFunctionality_Mobile_20-54-01 - [verifyingPriceSilderFunctionality_Mobile_20-54-01]  Price range validated successfully: 91 - 121
20:54:17 [TestNG-test-Test-3] INFO  verifyingPriceSilderFunctionality_Mobile_20-54-01 - [verifyingPriceSilderFunctionality_Mobile_20-54-01] ------------------------------------------------------------
20:54:17 [TestNG-test-Test-3] INFO  verifyingPriceSilderFunctionality_Mobile_20-54-01 - [verifyingPriceSilderFunctionality_Mobile_20-54-01]  Price range validated successfully: 131 - 161
20:54:17 [TestNG-test-Test-3] INFO  verifyingPriceSilderFunctionality_Mobile_20-54-01 - [verifyingPriceSilderFunctionality_Mobile_20-54-01] ------------------------------------------------------------
20:54:17 [TestNG-test-Test-3] INFO  verifyingPriceSilderFunctionality_Mobile_20-54-01 - [verifyingPriceSilderFunctionality_Mobile_20-54-01]  Asserting all soft assertions now...
