19:27:19 [TestNG-test-Test-3] INFO  verifyingGetItByTodayFilterFunctionality_Tablet_19-27-19 - No existing WebDriver found for current thread. Initializing a new ChromeDriver...
19:27:19 [TestNG-test-Test-3] INFO  verifyingGetItByTodayFilterFunctionality_Tablet_19-27-19 - WebDriverManager: chromedriver setup OK
19:27:20 [TestNG-test-Test-3] INFO  verifyingGetItByTodayFilterFunctionality_Tablet_19-27-19 - ChromeDriver initialized successfully for thread: 36
19:27:22 [TestNG-test-Test-3] INFO  verifyingGetItByTodayFilterFunctionality_Tablet_19-27-19 - [verifyingGetItByTodayFilterFunctionality_Tablet_19-27-19] Opening amazon Landing page
19:27:23 [TestNG-test-Test-3] INFO  verifyingGetItByTodayFilterFunctionality_Tablet_19-27-19 - [verifyingGetItByTodayFilterFunctionality_Tablet_19-27-19] Within safeFindElement method
19:27:23 [TestNG-test-Test-3] INFO  verifyingGetItByTodayFilterFunctionality_Tablet_19-27-19 - [verifyingGetItByTodayFilterFunctionality_Tablet_19-27-19]Found the element returning it ,element ->[[ChromeDriver: chrome on windows (b7482ce6e2932ddd9cc34393671359ed)] -> xpath: //a[@id='nav-logo-sprites']]
19:27:23 [TestNG-test-Test-3] INFO  verifyingGetItByTodayFilterFunctionality_Tablet_19-27-19 - [verifyingGetItByTodayFilterFunctionality_Tablet_19-27-19] Giving input within the search bar
19:27:23 [TestNG-test-Test-3] INFO  verifyingGetItByTodayFilterFunctionality_Tablet_19-27-19 - [verifyingGetItByTodayFilterFunctionality_Tablet_19-27-19] Within safeClick method
19:27:25 [TestNG-test-Test-3] INFO  verifyingGetItByTodayFilterFunctionality_Tablet_19-27-19 - [verifyingGetItByTodayFilterFunctionality_Tablet_19-27-19] Clicked the  [[ChromeDriver: chrome on windows (b7482ce6e2932ddd9cc34393671359ed)] -> xpath: //input[@id='nav-search-submit-button']]   using safeClick
19:27:25 [TestNG-test-Test-3] INFO  verifyingGetItByTodayFilterFunctionality_Tablet_19-27-19 - [verifyingGetItByTodayFilterFunctionality_Tablet_19-27-19] Clicking on the submit in the search bar
19:27:26 [TestNG-test-Test-3] INFO  verifyingGetItByTodayFilterFunctionality_Tablet_19-27-19 - [verifyingGetItByTodayFilterFunctionality_Tablet_19-27-19] Waiting until element is visible in viewport
19:27:26 [TestNG-test-Test-3] INFO  verifyingGetItByTodayFilterFunctionality_Tablet_19-27-19 - [verifyingGetItByTodayFilterFunctionality_Tablet_19-27-19] Within validateDeliveryFilterOptionsWithResult method
19:27:26 [TestNG-test-Test-3] INFO  verifyingGetItByTodayFilterFunctionality_Tablet_19-27-19 - [verifyingGetItByTodayFilterFunctionality_Tablet_19-27-19] Within safeClick method
19:27:26 [TestNG-test-Test-3] INFO  verifyingGetItByTodayFilterFunctionality_Tablet_19-27-19 - [verifyingGetItByTodayFilterFunctionality_Tablet_19-27-19] Clicked the  [[ChromeDriver: chrome on windows (b7482ce6e2932ddd9cc34393671359ed)] -> xpath: //span[@class='a-size-base a-color-base puis-bold-weight-text' and text()='Delivery Day']/parent::div/following-sibling::ul//span[@class='a-size-base a-color-base' and text()='Get It Today']]   using safeClick
19:27:26 [TestNG-test-Test-3] INFO  verifyingGetItByTodayFilterFunctionality_Tablet_19-27-19 - [verifyingGetItByTodayFilterFunctionality_Tablet_19-27-19] Within getMoreButtonByFilterTypeAndName method
19:27:26 [TestNG-test-Test-3] INFO  verifyingGetItByTodayFilterFunctionality_Tablet_19-27-19 - [verifyingGetItByTodayFilterFunctionality_Tablet_19-27-19] Clicked on By.xpath: //span[@class='a-size-base a-color-base puis-bold-weight-text' and text()='Delivery Day']/parent::div/following-sibling::ul//span[@class='a-size-base a-color-base' and text()='Get It Today']
19:27:26 [TestNG-test-Test-3] INFO  verifyingGetItByTodayFilterFunctionality_Tablet_19-27-19 - [verifyingGetItByTodayFilterFunctionality_Tablet_19-27-19] Within safeFindElements 
19:27:27 [TestNG-test-Test-3] INFO  verifyingGetItByTodayFilterFunctionality_Tablet_19-27-19 - [verifyingGetItByTodayFilterFunctionality_Tablet_19-27-19] Returning the  [[[ChromeDriver: chrome on windows (b7482ce6e2932ddd9cc34393671359ed)] -> xpath: //div[@class='a-section a-spacing-small a-spacing-top-small']], [[ChromeDriver: chrome on windows (b7482ce6e2932ddd9cc34393671359ed)] -> xpath: //div[@class='a-section a-spacing-small a-spacing-top-small']], [[ChromeDriver: chrome on windows (b7482ce6e2932ddd9cc34393671359ed)] -> xpath: //div[@class='a-section a-spacing-small a-spacing-top-small']], [[ChromeDriver: chrome on windows (b7482ce6e2932ddd9cc34393671359ed)] -> xpath: //div[@class='a-section a-spacing-small a-spacing-top-small']], [[ChromeDriver: chrome on windows (b7482ce6e2932ddd9cc34393671359ed)] -> xpath: //div[@class='a-section a-spacing-small a-spacing-top-small']], [[ChromeDriver: chrome on windows (b7482ce6e2932ddd9cc34393671359ed)] -> xpath: //div[@class='a-section a-spacing-small a-spacing-top-small']], [[ChromeDriver: chrome on windows (b7482ce6e2932ddd9cc34393671359ed)] -> xpath: //div[@class='a-section a-spacing-small a-spacing-top-small']], [[ChromeDriver: chrome on windows (b7482ce6e2932ddd9cc34393671359ed)] -> xpath: //div[@class='a-section a-spacing-small a-spacing-top-small']], [[ChromeDriver: chrome on windows (b7482ce6e2932ddd9cc34393671359ed)] -> xpath: //div[@class='a-section a-spacing-small a-spacing-top-small']], [[ChromeDriver: chrome on windows (b7482ce6e2932ddd9cc34393671359ed)] -> xpath: //div[@class='a-section a-spacing-small a-spacing-top-small']], [[ChromeDriver: chrome on windows (b7482ce6e2932ddd9cc34393671359ed)] -> xpath: //div[@class='a-section a-spacing-small a-spacing-top-small']], [[ChromeDriver: chrome on windows (b7482ce6e2932ddd9cc34393671359ed)] -> xpath: //div[@class='a-section a-spacing-small a-spacing-top-small']], [[ChromeDriver: chrome on windows (b7482ce6e2932ddd9cc34393671359ed)] -> xpath: //div[@class='a-section a-spacing-small a-spacing-top-small']], [[ChromeDriver: chrome on windows (b7482ce6e2932ddd9cc34393671359ed)] -> xpath: //div[@class='a-section a-spacing-small a-spacing-top-small']], [[ChromeDriver: chrome on windows (b7482ce6e2932ddd9cc34393671359ed)] -> xpath: //div[@class='a-section a-spacing-small a-spacing-top-small']], [[ChromeDriver: chrome on windows (b7482ce6e2932ddd9cc34393671359ed)] -> xpath: //div[@class='a-section a-spacing-small a-spacing-top-small']]] from the safeFindElements method
19:27:27 [TestNG-test-Test-3] INFO  verifyingGetItByTodayFilterFunctionality_Tablet_19-27-19 - [verifyingGetItByTodayFilterFunctionality_Tablet_19-27-19] Created hashset with required data to assert with Within validateDeliveryFilterOptions method
19:27:27 [TestNG-test-Test-3] INFO  verifyingGetItByTodayFilterFunctionality_Tablet_19-27-19 - [verifyingGetItByTodayFilterFunctionality_Tablet_19-27-19] this is the set  [Jul, Today, 04, 05, FREE delivery, Sat, Sun, Tomorrow]
19:27:27 [TestNG-test-Test-3] INFO  verifyingGetItByTodayFilterFunctionality_Tablet_19-27-19 - [verifyingGetItByTodayFilterFunctionality_Tablet_19-27-19] Within deliveryElements loop iterating over the products  Within validateDeliveryFilterOptions method
19:27:27 [TestNG-test-Test-3] INFO  verifyingGetItByTodayFilterFunctionality_Tablet_19-27-19 - [verifyingGetItByTodayFilterFunctionality_Tablet_19-27-19] Assert text not found wihtin AllowedDateParts
19:27:27 [TestNG-test-Test-3] INFO  verifyingGetItByTodayFilterFunctionality_Tablet_19-27-19 - [verifyingGetItByTodayFilterFunctionality_Tablet_19-27-19] Asserting delivery filter: isValid=false, index=0, text=OnePlus Pad Lite with Biggest Battery in Segment 9340 mAh, 11"(27.94 cm) Display with 500 nits Brightness & 11 Hrs of Video Playback, 6GB RAM 128GB Storage, WiFi, Aero Blue
4.4
(827)
1K+ bought in past month
Prime Day Deal
₹17,499
M.R.P.:
₹19,999 (13% off)
Up to 5% back with Amazon Pay ICI...
See options
