07:05:04 [TestNG-test-Test-1] INFO  verifyingDisplayTypeFilterFunctionality_Mobile_07-05-04 - No existing WebDriver found for current thread. Initializing a new ChromeDriver...
07:05:04 [TestNG-test-Test-1] INFO  verifyingDisplayTypeFilterFunctionality_Mobile_07-05-04 - WebDriverManager: chromedriver setup OK
07:05:06 [TestNG-test-Test-1] INFO  verifyingDisplayTypeFilterFunctionality_Mobile_07-05-04 - ChromeDriver initialized successfully for thread: 34
07:05:07 [TestNG-test-Test-1] INFO  verifyingDisplayTypeFilterFunctionality_Mobile_07-05-04 - [verifyingDisplayTypeFilterFunctionality_Mobile_07-05-04] Opening amazon Landing page
07:05:07 [TestNG-test-Test-1] INFO  verifyingDisplayTypeFilterFunctionality_Mobile_07-05-04 - [verifyingDisplayTypeFilterFunctionality_Mobile_07-05-04] Within safeFindElement method
07:05:07 [TestNG-test-Test-1] INFO  verifyingDisplayTypeFilterFunctionality_Mobile_07-05-04 - [verifyingDisplayTypeFilterFunctionality_Mobile_07-05-04]Found the element returning it ,element ->[[ChromeDriver: chrome on windows (334c224878ca8d82f706666102eca05d)] -> xpath: //a[@id='nav-logo-sprites']]
07:05:08 [TestNG-test-Test-1] INFO  verifyingDisplayTypeFilterFunctionality_Mobile_07-05-04 - [verifyingDisplayTypeFilterFunctionality_Mobile_07-05-04] Giving input within the search bar
07:05:08 [TestNG-test-Test-1] INFO  verifyingDisplayTypeFilterFunctionality_Mobile_07-05-04 - [verifyingDisplayTypeFilterFunctionality_Mobile_07-05-04] Within safeClick method
07:05:10 [TestNG-test-Test-1] INFO  verifyingDisplayTypeFilterFunctionality_Mobile_07-05-04 - [verifyingDisplayTypeFilterFunctionality_Mobile_07-05-04] Clicked the  [[ChromeDriver: chrome on windows (334c224878ca8d82f706666102eca05d)] -> xpath: //input[@id='nav-search-submit-button']]   using safeClick
07:05:10 [TestNG-test-Test-1] INFO  verifyingDisplayTypeFilterFunctionality_Mobile_07-05-04 - [verifyingDisplayTypeFilterFunctionality_Mobile_07-05-04] Clicking on the submit in the search bar
07:05:11 [TestNG-test-Test-1] INFO  verifyingDisplayTypeFilterFunctionality_Mobile_07-05-04 - [verifyingDisplayTypeFilterFunctionality_Mobile_07-05-04] Within filterCheckUnderList method
07:05:11 [TestNG-test-Test-1] INFO  verifyingDisplayTypeFilterFunctionality_Mobile_07-05-04 - [verifyingDisplayTypeFilterFunctionality_Mobile_07-05-04] Found the Filter within the filter check List
07:05:11 [TestNG-test-Test-1] INFO  verifyingDisplayTypeFilterFunctionality_Mobile_07-05-04 - [verifyingDisplayTypeFilterFunctionality_Mobile_07-05-04] Within applyFilterAndValidateProductsWithResult method
07:05:11 [TestNG-test-Test-1] INFO  verifyingDisplayTypeFilterFunctionality_Mobile_07-05-04 - [verifyingDisplayTypeFilterFunctionality_Mobile_07-05-04] Within safeFindElements 
07:05:11 [TestNG-test-Test-1] INFO  verifyingDisplayTypeFilterFunctionality_Mobile_07-05-04 - [verifyingDisplayTypeFilterFunctionality_Mobile_07-05-04] Returning the  [[[ChromeDriver: chrome on windows (334c224878ca8d82f706666102eca05d)] -> xpath: //span[@class='a-size-base a-color-base puis-bold-weight-text' and text()='Display Type']/parent::div/following-sibling::ul//span[@class='a-size-base a-color-base']], [[ChromeDriver: chrome on windows (334c224878ca8d82f706666102eca05d)] -> xpath: //span[@class='a-size-base a-color-base puis-bold-weight-text' and text()='Display Type']/parent::div/following-sibling::ul//span[@class='a-size-base a-color-base']], [[ChromeDriver: chrome on windows (334c224878ca8d82f706666102eca05d)] -> xpath: //span[@class='a-size-base a-color-base puis-bold-weight-text' and text()='Display Type']/parent::div/following-sibling::ul//span[@class='a-size-base a-color-base']]] from the safeFindElements method
07:05:11 [TestNG-test-Test-1] INFO  verifyingDisplayTypeFilterFunctionality_Mobile_07-05-04 - [verifyingDisplayTypeFilterFunctionality_Mobile_07-05-04] Within applyFilterAndValidateProductsWithResult filterOptions size is -> 3
07:05:11 [TestNG-test-Test-1] INFO  verifyingDisplayTypeFilterFunctionality_Mobile_07-05-04 - [verifyingDisplayTypeFilterFunctionality_Mobile_07-05-04] Execution is Not CRON Job Hence refering to normal keys from UtilData
07:05:11 [TestNG-test-Test-1] INFO  verifyingDisplayTypeFilterFunctionality_Mobile_07-05-04 - [verifyingDisplayTypeFilterFunctionality_Mobile_07-05-04] Within filterOptions loop in applyFilterAndValidateProductsWithResult
07:05:11 [TestNG-test-Test-1] INFO  verifyingDisplayTypeFilterFunctionality_Mobile_07-05-04 - [verifyingDisplayTypeFilterFunctionality_Mobile_07-05-04] Within safeFindElements 
07:05:11 [TestNG-test-Test-1] INFO  verifyingDisplayTypeFilterFunctionality_Mobile_07-05-04 - [verifyingDisplayTypeFilterFunctionality_Mobile_07-05-04] Returning the  [[[ChromeDriver: chrome on windows (334c224878ca8d82f706666102eca05d)] -> xpath: //span[@class='a-size-base a-color-base puis-bold-weight-text' and text()='Display Type']/parent::div/following-sibling::ul//span[@class='a-size-base a-color-base']], [[ChromeDriver: chrome on windows (334c224878ca8d82f706666102eca05d)] -> xpath: //span[@class='a-size-base a-color-base puis-bold-weight-text' and text()='Display Type']/parent::div/following-sibling::ul//span[@class='a-size-base a-color-base']], [[ChromeDriver: chrome on windows (334c224878ca8d82f706666102eca05d)] -> xpath: //span[@class='a-size-base a-color-base puis-bold-weight-text' and text()='Display Type']/parent::div/following-sibling::ul//span[@class='a-size-base a-color-base']]] from the safeFindElements method
07:05:11 [TestNG-test-Test-1] INFO  verifyingDisplayTypeFilterFunctionality_Mobile_07-05-04 - [verifyingDisplayTypeFilterFunctionality_Mobile_07-05-04] Trying to read filter option 0 (attempt 1/3)
07:05:11 [TestNG-test-Test-1] INFO  verifyingDisplayTypeFilterFunctionality_Mobile_07-05-04 - [verifyingDisplayTypeFilterFunctionality_Mobile_07-05-04] Successfully read filter option 0 = 'AMOLED'
07:05:11 [TestNG-test-Test-1] INFO  verifyingDisplayTypeFilterFunctionality_Mobile_07-05-04 - [verifyingDisplayTypeFilterFunctionality_Mobile_07-05-04] Within getfilterByTypeAndName method
07:05:11 [TestNG-test-Test-1] INFO  verifyingDisplayTypeFilterFunctionality_Mobile_07-05-04 - [verifyingDisplayTypeFilterFunctionality_Mobile_07-05-04] Within safeClickBooleanWithScreenShot method
07:05:11 [TestNG-test-Test-1] INFO  verifyingDisplayTypeFilterFunctionality_Mobile_07-05-04 - [verifyingDisplayTypeFilterFunctionality_Mobile_07-05-04] Within getAppliedfilterByTypeAndName method
07:05:11 [TestNG-test-Test-1] INFO  verifyingDisplayTypeFilterFunctionality_Mobile_07-05-04 - [verifyingDisplayTypeFilterFunctionality_Mobile_07-05-04] Within smoothScrollToElement method
07:05:11 [TestNG-test-Test-1] INFO  verifyingDisplayTypeFilterFunctionality_Mobile_07-05-04 - [verifyingDisplayTypeFilterFunctionality_Mobile_07-05-04] Within safeFindElement method
07:05:11 [TestNG-test-Test-1] INFO  verifyingDisplayTypeFilterFunctionality_Mobile_07-05-04 - [verifyingDisplayTypeFilterFunctionality_Mobile_07-05-04]Found the element returning it ,element ->[[ChromeDriver: chrome on windows (334c224878ca8d82f706666102eca05d)] -> xpath: //span[@class='a-size-base a-color-base puis-bold-weight-text' and text()='Display Type']]
07:05:11 [TestNG-test-Test-1] INFO  verifyingDisplayTypeFilterFunctionality_Mobile_07-05-04 - [verifyingDisplayTypeFilterFunctionality_Mobile_07-05-04] Successfully scrolled to element: By.xpath: //span[@class='a-size-base a-color-base puis-bold-weight-text' and text()='Display Type']
07:05:11 [TestNG-test-Test-1] INFO  verifyingDisplayTypeFilterFunctionality_Mobile_07-05-04 - [verifyingDisplayTypeFilterFunctionality_Mobile_07-05-04] Within getMoreButtonByFilterTypeAndName method
07:05:11 [TestNG-test-Test-1] INFO  verifyingDisplayTypeFilterFunctionality_Mobile_07-05-04 - [verifyingDisplayTypeFilterFunctionality_Mobile_07-05-04] could not find more button
07:05:11 [TestNG-test-Test-1] INFO  verifyingDisplayTypeFilterFunctionality_Mobile_07-05-04 - [verifyingDisplayTypeFilterFunctionality_Mobile_07-05-04] Within getAppliedfilterByTypeAndName method
07:05:11 [TestNG-test-Test-1] INFO  verifyingDisplayTypeFilterFunctionality_Mobile_07-05-04 - [verifyingDisplayTypeFilterFunctionality_Mobile_07-05-04] Within smoothScrollToElement method
07:05:11 [TestNG-test-Test-1] INFO  verifyingDisplayTypeFilterFunctionality_Mobile_07-05-04 - [verifyingDisplayTypeFilterFunctionality_Mobile_07-05-04] Within safeFindElement method
07:05:13 [TestNG-test-Test-1] INFO  verifyingDisplayTypeFilterFunctionality_Mobile_07-05-04 - [verifyingDisplayTypeFilterFunctionality_Mobile_07-05-04]Found the element returning it ,element ->[[ChromeDriver: chrome on windows (334c224878ca8d82f706666102eca05d)] -> xpath: //span[@class='a-size-base a-color-base puis-bold-weight-text' and text()='Display Type']]
07:05:13 [TestNG-test-Test-1] INFO  verifyingDisplayTypeFilterFunctionality_Mobile_07-05-04 - [verifyingDisplayTypeFilterFunctionality_Mobile_07-05-04] Successfully scrolled to element: By.xpath: //span[@class='a-size-base a-color-base puis-bold-weight-text' and text()='Display Type']
07:05:13 [TestNG-test-Test-1] INFO  verifyingDisplayTypeFilterFunctionality_Mobile_07-05-04 - [verifyingDisplayTypeFilterFunctionality_Mobile_07-05-04] Within getMoreButtonByFilterTypeAndName method
07:05:13 [TestNG-test-Test-1] INFO  verifyingDisplayTypeFilterFunctionality_Mobile_07-05-04 - [verifyingDisplayTypeFilterFunctionality_Mobile_07-05-04] could not find more button
07:05:13 [TestNG-test-Test-1] INFO  verifyingDisplayTypeFilterFunctionality_Mobile_07-05-04 - [verifyingDisplayTypeFilterFunctionality_Mobile_07-05-04] Within getfilterByTypeAndName method
07:05:13 [TestNG-test-Test-1] INFO  verifyingDisplayTypeFilterFunctionality_Mobile_07-05-04 - [verifyingDisplayTypeFilterFunctionality_Mobile_07-05-04] Within smoothScrollToElement method
07:05:13 [TestNG-test-Test-1] INFO  verifyingDisplayTypeFilterFunctionality_Mobile_07-05-04 - [verifyingDisplayTypeFilterFunctionality_Mobile_07-05-04] Within safeFindElement method
07:05:13 [TestNG-test-Test-1] INFO  verifyingDisplayTypeFilterFunctionality_Mobile_07-05-04 - [verifyingDisplayTypeFilterFunctionality_Mobile_07-05-04]Found the element returning it ,element ->[[ChromeDriver: chrome on windows (334c224878ca8d82f706666102eca05d)] -> xpath: //span[@class='a-size-base a-color-base puis-bold-weight-text' and text()='Display Type']/parent::div/following-sibling::ul//span[@class='a-size-base a-color-base a-text-bold' and text()='AMOLED']]
07:05:13 [TestNG-test-Test-1] INFO  verifyingDisplayTypeFilterFunctionality_Mobile_07-05-04 - [verifyingDisplayTypeFilterFunctionality_Mobile_07-05-04] Successfully scrolled to element: By.xpath: //span[@class='a-size-base a-color-base puis-bold-weight-text' and text()='Display Type']/parent::div/following-sibling::ul//span[@class='a-size-base a-color-base a-text-bold' and text()='AMOLED']
07:05:13 [TestNG-test-Test-1] INFO  verifyingDisplayTypeFilterFunctionality_Mobile_07-05-04 - [verifyingDisplayTypeFilterFunctionality_Mobile_07-05-04] Clicked the element using safe click ,element is [[ChromeDriver: chrome on windows (334c224878ca8d82f706666102eca05d)] -> xpath: //span[@class='a-size-base a-color-base puis-bold-weight-text' and text()='Display Type']/parent::div/following-sibling::ul//span[@class='a-size-base a-color-base' and text()='AMOLED']]
07:05:14 [TestNG-test-Test-1] INFO  verifyingDisplayTypeFilterFunctionality_Mobile_07-05-04 - [verifyingDisplayTypeFilterFunctionality_Mobile_07-05-04] Within safeFindElements 
07:05:14 [TestNG-test-Test-1] INFO  verifyingDisplayTypeFilterFunctionality_Mobile_07-05-04 - [verifyingDisplayTypeFilterFunctionality_Mobile_07-05-04] Returning the  [[[ChromeDriver: chrome on windows (334c224878ca8d82f706666102eca05d)] -> xpath: //div[@data-cy='title-recipe']], [[ChromeDriver: chrome on windows (334c224878ca8d82f706666102eca05d)] -> xpath: //div[@data-cy='title-recipe']], [[ChromeDriver: chrome on windows (334c224878ca8d82f706666102eca05d)] -> xpath: //div[@data-cy='title-recipe']], [[ChromeDriver: chrome on windows (334c224878ca8d82f706666102eca05d)] -> xpath: //div[@data-cy='title-recipe']], [[ChromeDriver: chrome on windows (334c224878ca8d82f706666102eca05d)] -> xpath: //div[@data-cy='title-recipe']], [[ChromeDriver: chrome on windows (334c224878ca8d82f706666102eca05d)] -> xpath: //div[@data-cy='title-recipe']], [[ChromeDriver: chrome on windows (334c224878ca8d82f706666102eca05d)] -> xpath: //div[@data-cy='title-recipe']], [[ChromeDriver: chrome on windows (334c224878ca8d82f706666102eca05d)] -> xpath: //div[@data-cy='title-recipe']], [[ChromeDriver: chrome on windows (334c224878ca8d82f706666102eca05d)] -> xpath: //div[@data-cy='title-recipe']], [[ChromeDriver: chrome on windows (334c224878ca8d82f706666102eca05d)] -> xpath: //div[@data-cy='title-recipe']], [[ChromeDriver: chrome on windows (334c224878ca8d82f706666102eca05d)] -> xpath: //div[@data-cy='title-recipe']], [[ChromeDriver: chrome on windows (334c224878ca8d82f706666102eca05d)] -> xpath: //div[@data-cy='title-recipe']], [[ChromeDriver: chrome on windows (334c224878ca8d82f706666102eca05d)] -> xpath: //div[@data-cy='title-recipe']], [[ChromeDriver: chrome on windows (334c224878ca8d82f706666102eca05d)] -> xpath: //div[@data-cy='title-recipe']], [[ChromeDriver: chrome on windows (334c224878ca8d82f706666102eca05d)] -> xpath: //div[@data-cy='title-recipe']], [[ChromeDriver: chrome on windows (334c224878ca8d82f706666102eca05d)] -> xpath: //div[@data-cy='title-recipe']]] from the safeFindElements method
07:05:14 [TestNG-test-Test-1] INFO  verifyingDisplayTypeFilterFunctionality_Mobile_07-05-04 - [verifyingDisplayTypeFilterFunctionality_Mobile_07-05-04] Execution is Not CRON Job Hence refering to normal keys from UtilData
07:05:14 [TestNG-test-Test-1] INFO  verifyingDisplayTypeFilterFunctionality_Mobile_07-05-04 - [verifyingDisplayTypeFilterFunctionality_Mobile_07-05-04] Within safeFindElements 
07:05:14 [TestNG-test-Test-1] INFO  verifyingDisplayTypeFilterFunctionality_Mobile_07-05-04 - [verifyingDisplayTypeFilterFunctionality_Mobile_07-05-04] Returning the  [[[ChromeDriver: chrome on windows (334c224878ca8d82f706666102eca05d)] -> xpath: //div[@data-cy='title-recipe']], [[ChromeDriver: chrome on windows (334c224878ca8d82f706666102eca05d)] -> xpath: //div[@data-cy='title-recipe']], [[ChromeDriver: chrome on windows (334c224878ca8d82f706666102eca05d)] -> xpath: //div[@data-cy='title-recipe']], [[ChromeDriver: chrome on windows (334c224878ca8d82f706666102eca05d)] -> xpath: //div[@data-cy='title-recipe']], [[ChromeDriver: chrome on windows (334c224878ca8d82f706666102eca05d)] -> xpath: //div[@data-cy='title-recipe']], [[ChromeDriver: chrome on windows (334c224878ca8d82f706666102eca05d)] -> xpath: //div[@data-cy='title-recipe']], [[ChromeDriver: chrome on windows (334c224878ca8d82f706666102eca05d)] -> xpath: //div[@data-cy='title-recipe']], [[ChromeDriver: chrome on windows (334c224878ca8d82f706666102eca05d)] -> xpath: //div[@data-cy='title-recipe']], [[ChromeDriver: chrome on windows (334c224878ca8d82f706666102eca05d)] -> xpath: //div[@data-cy='title-recipe']], [[ChromeDriver: chrome on windows (334c224878ca8d82f706666102eca05d)] -> xpath: //div[@data-cy='title-recipe']], [[ChromeDriver: chrome on windows (334c224878ca8d82f706666102eca05d)] -> xpath: //div[@data-cy='title-recipe']], [[ChromeDriver: chrome on windows (334c224878ca8d82f706666102eca05d)] -> xpath: //div[@data-cy='title-recipe']], [[ChromeDriver: chrome on windows (334c224878ca8d82f706666102eca05d)] -> xpath: //div[@data-cy='title-recipe']], [[ChromeDriver: chrome on windows (334c224878ca8d82f706666102eca05d)] -> xpath: //div[@data-cy='title-recipe']], [[ChromeDriver: chrome on windows (334c224878ca8d82f706666102eca05d)] -> xpath: //div[@data-cy='title-recipe']], [[ChromeDriver: chrome on windows (334c224878ca8d82f706666102eca05d)] -> xpath: //div[@data-cy='title-recipe']]] from the safeFindElements method
07:05:14 [TestNG-test-Test-1] INFO  verifyingDisplayTypeFilterFunctionality_Mobile_07-05-04 - [verifyingDisplayTypeFilterFunctionality_Mobile_07-05-04] Within productNameListingPage loop in applyFilterAndValidateProductsWithResult
07:05:14 [TestNG-test-Test-1] INFO  verifyingDisplayTypeFilterFunctionality_Mobile_07-05-04 - [verifyingDisplayTypeFilterFunctionality_Mobile_07-05-04] Within getProductByIndex method
07:05:14 [TestNG-test-Test-1] INFO  verifyingDisplayTypeFilterFunctionality_Mobile_07-05-04 - [verifyingDisplayTypeFilterFunctionality_Mobile_07-05-04] Within safeFindElement method
07:05:14 [TestNG-test-Test-1] INFO  verifyingDisplayTypeFilterFunctionality_Mobile_07-05-04 - [verifyingDisplayTypeFilterFunctionality_Mobile_07-05-04]Found the element returning it ,element ->[[ChromeDriver: chrome on windows (334c224878ca8d82f706666102eca05d)] -> xpath: (//div[@data-cy='title-recipe'])[1]]
07:05:14 [TestNG-test-Test-1] INFO  verifyingDisplayTypeFilterFunctionality_Mobile_07-05-04 - [verifyingDisplayTypeFilterFunctionality_Mobile_07-05-04] Within getProductByIndex method
07:05:14 [TestNG-test-Test-1] INFO  verifyingDisplayTypeFilterFunctionality_Mobile_07-05-04 - [verifyingDisplayTypeFilterFunctionality_Mobile_07-05-04] Within smoothScrollToElement method
07:05:14 [TestNG-test-Test-1] INFO  verifyingDisplayTypeFilterFunctionality_Mobile_07-05-04 - [verifyingDisplayTypeFilterFunctionality_Mobile_07-05-04] Within safeFindElement method
07:05:14 [TestNG-test-Test-1] INFO  verifyingDisplayTypeFilterFunctionality_Mobile_07-05-04 - [verifyingDisplayTypeFilterFunctionality_Mobile_07-05-04]Found the element returning it ,element ->[[ChromeDriver: chrome on windows (334c224878ca8d82f706666102eca05d)] -> xpath: (//div[@data-cy='title-recipe'])[1]]
07:05:14 [TestNG-test-Test-1] INFO  verifyingDisplayTypeFilterFunctionality_Mobile_07-05-04 - [verifyingDisplayTypeFilterFunctionality_Mobile_07-05-04] Successfully scrolled to element: By.xpath: (//div[@data-cy='title-recipe'])[1]
07:05:14 [TestNG-test-Test-1] INFO  verifyingDisplayTypeFilterFunctionality_Mobile_07-05-04 - [verifyingDisplayTypeFilterFunctionality_Mobile_07-05-04] Getting product by index in productNameListingPage loop
07:05:14 [TestNG-test-Test-1] INFO  verifyingDisplayTypeFilterFunctionality_Mobile_07-05-04 - [verifyingDisplayTypeFilterFunctionality_Mobile_07-05-04] Opened product in new tab via Ctrl+Click inside productNameListingPage loop
07:05:14 [TestNG-test-Test-1] INFO  verifyingDisplayTypeFilterFunctionality_Mobile_07-05-04 - [verifyingDisplayTypeFilterFunctionality_Mobile_07-05-04] Waiting for new window to open...
07:05:14 [TestNG-test-Test-1] INFO  verifyingDisplayTypeFilterFunctionality_Mobile_07-05-04 - [verifyingDisplayTypeFilterFunctionality_Mobile_07-05-04] Switched to new window -> 87104825491EE4B80D4C9615D2457365
07:05:14 [TestNG-test-Test-1] INFO  verifyingDisplayTypeFilterFunctionality_Mobile_07-05-04 - [verifyingDisplayTypeFilterFunctionality_Mobile_07-05-04] Swithcing to the new window  within productNameListingPage loop
07:05:14 [TestNG-test-Test-1] INFO  verifyingDisplayTypeFilterFunctionality_Mobile_07-05-04 - [verifyingDisplayTypeFilterFunctionality_Mobile_07-05-04] Clicked product name to open in new tab from productNameListingPage loop
07:05:14 [TestNG-test-Test-1] INFO  verifyingDisplayTypeFilterFunctionality_Mobile_07-05-04 - [verifyingDisplayTypeFilterFunctionality_Mobile_07-05-04] Waiting until element is visible in viewport
07:05:19 [TestNG-test-Test-1] WARN  verifyingDisplayTypeFilterFunctionality_Mobile_07-05-04 - [verifyingDisplayTypeFilterFunctionality_Mobile_07-05-04] Product detail page did not load for index 1 filter 'AMOLED'; skipping detail scrape to avoid redundant retries/timeouts
07:05:19 [TestNG-test-Test-1] INFO  verifyingDisplayTypeFilterFunctionality_Mobile_07-05-04 - [verifyingDisplayTypeFilterFunctionality_Mobile_07-05-04] Within closeCurrentWindowAndSwitchBack method
07:05:19 [TestNG-test-Test-1] INFO  verifyingDisplayTypeFilterFunctionality_Mobile_07-05-04 - [verifyingDisplayTypeFilterFunctionality_Mobile_07-05-04] Total open windows/tabs count -> 2
07:05:19 [TestNG-test-Test-1] INFO  verifyingDisplayTypeFilterFunctionality_Mobile_07-05-04 - [verifyingDisplayTypeFilterFunctionality_Mobile_07-05-04] Original window handle -> BD567E0F40BB4153B27EE298BF16C36B
07:05:19 [TestNG-test-Test-1] INFO  verifyingDisplayTypeFilterFunctionality_Mobile_07-05-04 - [verifyingDisplayTypeFilterFunctionality_Mobile_07-05-04] Found new tab/window handle -> 87104825491EE4B80D4C9615D2457365 (will be closed)
07:05:20 [TestNG-test-Test-1] INFO  verifyingDisplayTypeFilterFunctionality_Mobile_07-05-04 - [verifyingDisplayTypeFilterFunctionality_Mobile_07-05-04] Successfully switched to new tab/window -> 87104825491EE4B80D4C9615D2457365
07:05:20 [TestNG-test-Test-1] INFO  verifyingDisplayTypeFilterFunctionality_Mobile_07-05-04 - [verifyingDisplayTypeFilterFunctionality_Mobile_07-05-04] Closed the newly opened tab/window -> 87104825491EE4B80D4C9615D2457365
07:05:20 [TestNG-test-Test-1] INFO  verifyingDisplayTypeFilterFunctionality_Mobile_07-05-04 - [verifyingDisplayTypeFilterFunctionality_Mobile_07-05-04] Switched back to the original window -> BD567E0F40BB4153B27EE298BF16C36B
07:05:20 [TestNG-test-Test-1] INFO  verifyingDisplayTypeFilterFunctionality_Mobile_07-05-04 - [verifyingDisplayTypeFilterFunctionality_Mobile_07-05-04]  going back to product listing via closeCurrentWindowAndSwitchBack 
07:05:20 [TestNG-test-Test-1] INFO  verifyingDisplayTypeFilterFunctionality_Mobile_07-05-04 - [verifyingDisplayTypeFilterFunctionality_Mobile_07-05-04]  Added 'filter','title','keyFeatures', 'about', 'techDetails' into the Map -> productResult
07:05:20 [TestNG-test-Test-1] INFO  verifyingDisplayTypeFilterFunctionality_Mobile_07-05-04 - [verifyingDisplayTypeFilterFunctionality_Mobile_07-05-04]  Added 'productResult' Map into the 'results' i.e list of maps 
07:05:20 [TestNG-test-Test-1] INFO  verifyingDisplayTypeFilterFunctionality_Mobile_07-05-04 - [verifyingDisplayTypeFilterFunctionality_Mobile_07-05-04]==========================================================================================================
07:05:20 [TestNG-test-Test-1] INFO  verifyingDisplayTypeFilterFunctionality_Mobile_07-05-04 - [verifyingDisplayTypeFilterFunctionality_Mobile_07-05-04] Within safeFindElements 
07:05:20 [TestNG-test-Test-1] INFO  verifyingDisplayTypeFilterFunctionality_Mobile_07-05-04 - [verifyingDisplayTypeFilterFunctionality_Mobile_07-05-04] Returning the  [[[ChromeDriver: chrome on windows (334c224878ca8d82f706666102eca05d)] -> xpath: //div[@data-cy='title-recipe']], [[ChromeDriver: chrome on windows (334c224878ca8d82f706666102eca05d)] -> xpath: //div[@data-cy='title-recipe']], [[ChromeDriver: chrome on windows (334c224878ca8d82f706666102eca05d)] -> xpath: //div[@data-cy='title-recipe']], [[ChromeDriver: chrome on windows (334c224878ca8d82f706666102eca05d)] -> xpath: //div[@data-cy='title-recipe']], [[ChromeDriver: chrome on windows (334c224878ca8d82f706666102eca05d)] -> xpath: //div[@data-cy='title-recipe']], [[ChromeDriver: chrome on windows (334c224878ca8d82f706666102eca05d)] -> xpath: //div[@data-cy='title-recipe']], [[ChromeDriver: chrome on windows (334c224878ca8d82f706666102eca05d)] -> xpath: //div[@data-cy='title-recipe']], [[ChromeDriver: chrome on windows (334c224878ca8d82f706666102eca05d)] -> xpath: //div[@data-cy='title-recipe']], [[ChromeDriver: chrome on windows (334c224878ca8d82f706666102eca05d)] -> xpath: //div[@data-cy='title-recipe']], [[ChromeDriver: chrome on windows (334c224878ca8d82f706666102eca05d)] -> xpath: //div[@data-cy='title-recipe']], [[ChromeDriver: chrome on windows (334c224878ca8d82f706666102eca05d)] -> xpath: //div[@data-cy='title-recipe']], [[ChromeDriver: chrome on windows (334c224878ca8d82f706666102eca05d)] -> xpath: //div[@data-cy='title-recipe']], [[ChromeDriver: chrome on windows (334c224878ca8d82f706666102eca05d)] -> xpath: //div[@data-cy='title-recipe']], [[ChromeDriver: chrome on windows (334c224878ca8d82f706666102eca05d)] -> xpath: //div[@data-cy='title-recipe']], [[ChromeDriver: chrome on windows (334c224878ca8d82f706666102eca05d)] -> xpath: //div[@data-cy='title-recipe']], [[ChromeDriver: chrome on windows (334c224878ca8d82f706666102eca05d)] -> xpath: //div[@data-cy='title-recipe']]] from the safeFindElements method
07:05:20 [TestNG-test-Test-1] INFO  verifyingDisplayTypeFilterFunctionality_Mobile_07-05-04 - [verifyingDisplayTypeFilterFunctionality_Mobile_07-05-04] Within productNameListingPage loop in applyFilterAndValidateProductsWithResult
07:05:20 [TestNG-test-Test-1] INFO  verifyingDisplayTypeFilterFunctionality_Mobile_07-05-04 - [verifyingDisplayTypeFilterFunctionality_Mobile_07-05-04] Within getProductByIndex method
07:05:20 [TestNG-test-Test-1] INFO  verifyingDisplayTypeFilterFunctionality_Mobile_07-05-04 - [verifyingDisplayTypeFilterFunctionality_Mobile_07-05-04] Within safeFindElement method
07:05:20 [TestNG-test-Test-1] INFO  verifyingDisplayTypeFilterFunctionality_Mobile_07-05-04 - [verifyingDisplayTypeFilterFunctionality_Mobile_07-05-04]Found the element returning it ,element ->[[ChromeDriver: chrome on windows (334c224878ca8d82f706666102eca05d)] -> xpath: (//div[@data-cy='title-recipe'])[2]]
07:05:20 [TestNG-test-Test-1] INFO  verifyingDisplayTypeFilterFunctionality_Mobile_07-05-04 - [verifyingDisplayTypeFilterFunctionality_Mobile_07-05-04] Within getProductByIndex method
07:05:20 [TestNG-test-Test-1] INFO  verifyingDisplayTypeFilterFunctionality_Mobile_07-05-04 - [verifyingDisplayTypeFilterFunctionality_Mobile_07-05-04] Within smoothScrollToElement method
07:05:20 [TestNG-test-Test-1] INFO  verifyingDisplayTypeFilterFunctionality_Mobile_07-05-04 - [verifyingDisplayTypeFilterFunctionality_Mobile_07-05-04] Within safeFindElement method
07:05:20 [TestNG-test-Test-1] INFO  verifyingDisplayTypeFilterFunctionality_Mobile_07-05-04 - [verifyingDisplayTypeFilterFunctionality_Mobile_07-05-04]Found the element returning it ,element ->[[ChromeDriver: chrome on windows (334c224878ca8d82f706666102eca05d)] -> xpath: (//div[@data-cy='title-recipe'])[2]]
07:05:20 [TestNG-test-Test-1] INFO  verifyingDisplayTypeFilterFunctionality_Mobile_07-05-04 - [verifyingDisplayTypeFilterFunctionality_Mobile_07-05-04] Successfully scrolled to element: By.xpath: (//div[@data-cy='title-recipe'])[2]
07:05:20 [TestNG-test-Test-1] INFO  verifyingDisplayTypeFilterFunctionality_Mobile_07-05-04 - [verifyingDisplayTypeFilterFunctionality_Mobile_07-05-04] Getting product by index in productNameListingPage loop
07:05:20 [TestNG-test-Test-1] INFO  verifyingDisplayTypeFilterFunctionality_Mobile_07-05-04 - [verifyingDisplayTypeFilterFunctionality_Mobile_07-05-04] Opened product in new tab via Ctrl+Click inside productNameListingPage loop
07:05:20 [TestNG-test-Test-1] INFO  verifyingDisplayTypeFilterFunctionality_Mobile_07-05-04 - [verifyingDisplayTypeFilterFunctionality_Mobile_07-05-04] Waiting for new window to open...
07:05:20 [TestNG-test-Test-1] INFO  verifyingDisplayTypeFilterFunctionality_Mobile_07-05-04 - [verifyingDisplayTypeFilterFunctionality_Mobile_07-05-04] Switched to new window -> CB86B20D68EAE73725CA906AEA6070CA
07:05:20 [TestNG-test-Test-1] INFO  verifyingDisplayTypeFilterFunctionality_Mobile_07-05-04 - [verifyingDisplayTypeFilterFunctionality_Mobile_07-05-04] Swithcing to the new window  within productNameListingPage loop
07:05:20 [TestNG-test-Test-1] INFO  verifyingDisplayTypeFilterFunctionality_Mobile_07-05-04 - [verifyingDisplayTypeFilterFunctionality_Mobile_07-05-04] Clicked product name to open in new tab from productNameListingPage loop
07:05:20 [TestNG-test-Test-1] INFO  verifyingDisplayTypeFilterFunctionality_Mobile_07-05-04 - [verifyingDisplayTypeFilterFunctionality_Mobile_07-05-04] Waiting until element is visible in viewport
07:05:24 [TestNG-test-Test-1] WARN  verifyingDisplayTypeFilterFunctionality_Mobile_07-05-04 - [verifyingDisplayTypeFilterFunctionality_Mobile_07-05-04] Product detail page did not load for index 2 filter 'AMOLED'; skipping detail scrape to avoid redundant retries/timeouts
07:05:24 [TestNG-test-Test-1] INFO  verifyingDisplayTypeFilterFunctionality_Mobile_07-05-04 - [verifyingDisplayTypeFilterFunctionality_Mobile_07-05-04] Within closeCurrentWindowAndSwitchBack method
07:05:24 [TestNG-test-Test-1] INFO  verifyingDisplayTypeFilterFunctionality_Mobile_07-05-04 - [verifyingDisplayTypeFilterFunctionality_Mobile_07-05-04] Total open windows/tabs count -> 2
07:05:24 [TestNG-test-Test-1] INFO  verifyingDisplayTypeFilterFunctionality_Mobile_07-05-04 - [verifyingDisplayTypeFilterFunctionality_Mobile_07-05-04] Original window handle -> BD567E0F40BB4153B27EE298BF16C36B
07:05:24 [TestNG-test-Test-1] INFO  verifyingDisplayTypeFilterFunctionality_Mobile_07-05-04 - [verifyingDisplayTypeFilterFunctionality_Mobile_07-05-04] Found new tab/window handle -> CB86B20D68EAE73725CA906AEA6070CA (will be closed)
07:05:24 [TestNG-test-Test-1] INFO  verifyingDisplayTypeFilterFunctionality_Mobile_07-05-04 - [verifyingDisplayTypeFilterFunctionality_Mobile_07-05-04] Successfully switched to new tab/window -> CB86B20D68EAE73725CA906AEA6070CA
07:05:24 [TestNG-test-Test-1] INFO  verifyingDisplayTypeFilterFunctionality_Mobile_07-05-04 - [verifyingDisplayTypeFilterFunctionality_Mobile_07-05-04] Closed the newly opened tab/window -> CB86B20D68EAE73725CA906AEA6070CA
07:05:24 [TestNG-test-Test-1] INFO  verifyingDisplayTypeFilterFunctionality_Mobile_07-05-04 - [verifyingDisplayTypeFilterFunctionality_Mobile_07-05-04] Switched back to the original window -> BD567E0F40BB4153B27EE298BF16C36B
07:05:24 [TestNG-test-Test-1] INFO  verifyingDisplayTypeFilterFunctionality_Mobile_07-05-04 - [verifyingDisplayTypeFilterFunctionality_Mobile_07-05-04]  going back to product listing via closeCurrentWindowAndSwitchBack 
07:05:24 [TestNG-test-Test-1] INFO  verifyingDisplayTypeFilterFunctionality_Mobile_07-05-04 - [verifyingDisplayTypeFilterFunctionality_Mobile_07-05-04]  Added 'filter','title','keyFeatures', 'about', 'techDetails' into the Map -> productResult
07:05:24 [TestNG-test-Test-1] INFO  verifyingDisplayTypeFilterFunctionality_Mobile_07-05-04 - [verifyingDisplayTypeFilterFunctionality_Mobile_07-05-04]  Added 'productResult' Map into the 'results' i.e list of maps 
07:05:24 [TestNG-test-Test-1] INFO  verifyingDisplayTypeFilterFunctionality_Mobile_07-05-04 - [verifyingDisplayTypeFilterFunctionality_Mobile_07-05-04]==========================================================================================================
07:05:24 [TestNG-test-Test-1] INFO  verifyingDisplayTypeFilterFunctionality_Mobile_07-05-04 - [verifyingDisplayTypeFilterFunctionality_Mobile_07-05-04] Within safeClick method
07:05:24 [TestNG-test-Test-1] INFO  verifyingDisplayTypeFilterFunctionality_Mobile_07-05-04 - [verifyingDisplayTypeFilterFunctionality_Mobile_07-05-04] Clicked the  [[ChromeDriver: chrome on windows (334c224878ca8d82f706666102eca05d)] -> xpath: //span[@class='a-size-base a-color-base' and text()='Clear']]   using safeClick
07:05:24 [TestNG-test-Test-1] INFO  verifyingDisplayTypeFilterFunctionality_Mobile_07-05-04 - [verifyingDisplayTypeFilterFunctionality_Mobile_07-05-04] Clearing the filter value ->AMOLEDwithin productNameListingPage loop
07:05:24 [TestNG-test-Test-1] INFO  verifyingDisplayTypeFilterFunctionality_Mobile_07-05-04 - [verifyingDisplayTypeFilterFunctionality_Mobile_07-05-04]==========================================================================================================
07:05:24 [TestNG-test-Test-1] INFO  verifyingDisplayTypeFilterFunctionality_Mobile_07-05-04 - [verifyingDisplayTypeFilterFunctionality_Mobile_07-05-04]==========================================================================================================
07:05:24 [TestNG-test-Test-1] INFO  verifyingDisplayTypeFilterFunctionality_Mobile_07-05-04 - [verifyingDisplayTypeFilterFunctionality_Mobile_07-05-04] Within filterOptions loop in applyFilterAndValidateProductsWithResult
07:05:24 [TestNG-test-Test-1] INFO  verifyingDisplayTypeFilterFunctionality_Mobile_07-05-04 - [verifyingDisplayTypeFilterFunctionality_Mobile_07-05-04] Within safeFindElements 
07:05:25 [TestNG-test-Test-1] INFO  verifyingDisplayTypeFilterFunctionality_Mobile_07-05-04 - [verifyingDisplayTypeFilterFunctionality_Mobile_07-05-04] Returning the  [[[ChromeDriver: chrome on windows (334c224878ca8d82f706666102eca05d)] -> xpath: //span[@class='a-size-base a-color-base puis-bold-weight-text' and text()='Display Type']/parent::div/following-sibling::ul//span[@class='a-size-base a-color-base']], [[ChromeDriver: chrome on windows (334c224878ca8d82f706666102eca05d)] -> xpath: //span[@class='a-size-base a-color-base puis-bold-weight-text' and text()='Display Type']/parent::div/following-sibling::ul//span[@class='a-size-base a-color-base']], [[ChromeDriver: chrome on windows (334c224878ca8d82f706666102eca05d)] -> xpath: //span[@class='a-size-base a-color-base puis-bold-weight-text' and text()='Display Type']/parent::div/following-sibling::ul//span[@class='a-size-base a-color-base']]] from the safeFindElements method
07:05:25 [TestNG-test-Test-1] INFO  verifyingDisplayTypeFilterFunctionality_Mobile_07-05-04 - [verifyingDisplayTypeFilterFunctionality_Mobile_07-05-04] Trying to read filter option 1 (attempt 1/3)
07:05:25 [TestNG-test-Test-1] INFO  verifyingDisplayTypeFilterFunctionality_Mobile_07-05-04 - [verifyingDisplayTypeFilterFunctionality_Mobile_07-05-04] Successfully read filter option 1 = 'LCD'
07:05:25 [TestNG-test-Test-1] INFO  verifyingDisplayTypeFilterFunctionality_Mobile_07-05-04 - [verifyingDisplayTypeFilterFunctionality_Mobile_07-05-04] Within getfilterByTypeAndName method
07:05:25 [TestNG-test-Test-1] INFO  verifyingDisplayTypeFilterFunctionality_Mobile_07-05-04 - [verifyingDisplayTypeFilterFunctionality_Mobile_07-05-04] Within safeClickBooleanWithScreenShot method
07:05:25 [TestNG-test-Test-1] INFO  verifyingDisplayTypeFilterFunctionality_Mobile_07-05-04 - [verifyingDisplayTypeFilterFunctionality_Mobile_07-05-04] Within getAppliedfilterByTypeAndName method
07:05:25 [TestNG-test-Test-1] INFO  verifyingDisplayTypeFilterFunctionality_Mobile_07-05-04 - [verifyingDisplayTypeFilterFunctionality_Mobile_07-05-04] Within smoothScrollToElement method
07:05:25 [TestNG-test-Test-1] INFO  verifyingDisplayTypeFilterFunctionality_Mobile_07-05-04 - [verifyingDisplayTypeFilterFunctionality_Mobile_07-05-04] Within safeFindElement method
07:05:26 [TestNG-test-Test-1] INFO  verifyingDisplayTypeFilterFunctionality_Mobile_07-05-04 - [verifyingDisplayTypeFilterFunctionality_Mobile_07-05-04]Found the element returning it ,element ->[[ChromeDriver: chrome on windows (334c224878ca8d82f706666102eca05d)] -> xpath: //span[@class='a-size-base a-color-base puis-bold-weight-text' and text()='Display Type']]
07:05:26 [TestNG-test-Test-1] INFO  verifyingDisplayTypeFilterFunctionality_Mobile_07-05-04 - [verifyingDisplayTypeFilterFunctionality_Mobile_07-05-04] Successfully scrolled to element: By.xpath: //span[@class='a-size-base a-color-base puis-bold-weight-text' and text()='Display Type']
07:05:26 [TestNG-test-Test-1] INFO  verifyingDisplayTypeFilterFunctionality_Mobile_07-05-04 - [verifyingDisplayTypeFilterFunctionality_Mobile_07-05-04] Within getMoreButtonByFilterTypeAndName method
07:05:26 [TestNG-test-Test-1] INFO  verifyingDisplayTypeFilterFunctionality_Mobile_07-05-04 - [verifyingDisplayTypeFilterFunctionality_Mobile_07-05-04] could not find more button
07:05:26 [TestNG-test-Test-1] INFO  verifyingDisplayTypeFilterFunctionality_Mobile_07-05-04 - [verifyingDisplayTypeFilterFunctionality_Mobile_07-05-04] Within getAppliedfilterByTypeAndName method
07:05:26 [TestNG-test-Test-1] INFO  verifyingDisplayTypeFilterFunctionality_Mobile_07-05-04 - [verifyingDisplayTypeFilterFunctionality_Mobile_07-05-04] Within smoothScrollToElement method
07:05:26 [TestNG-test-Test-1] INFO  verifyingDisplayTypeFilterFunctionality_Mobile_07-05-04 - [verifyingDisplayTypeFilterFunctionality_Mobile_07-05-04] Within safeFindElement method
07:05:28 [TestNG-test-Test-1] INFO  verifyingDisplayTypeFilterFunctionality_Mobile_07-05-04 - [verifyingDisplayTypeFilterFunctionality_Mobile_07-05-04]Found the element returning it ,element ->[[ChromeDriver: chrome on windows (334c224878ca8d82f706666102eca05d)] -> xpath: //span[@class='a-size-base a-color-base puis-bold-weight-text' and text()='Display Type']]
07:05:28 [TestNG-test-Test-1] INFO  verifyingDisplayTypeFilterFunctionality_Mobile_07-05-04 - [verifyingDisplayTypeFilterFunctionality_Mobile_07-05-04] Successfully scrolled to element: By.xpath: //span[@class='a-size-base a-color-base puis-bold-weight-text' and text()='Display Type']
07:05:28 [TestNG-test-Test-1] INFO  verifyingDisplayTypeFilterFunctionality_Mobile_07-05-04 - [verifyingDisplayTypeFilterFunctionality_Mobile_07-05-04] Within getMoreButtonByFilterTypeAndName method
07:05:28 [TestNG-test-Test-1] INFO  verifyingDisplayTypeFilterFunctionality_Mobile_07-05-04 - [verifyingDisplayTypeFilterFunctionality_Mobile_07-05-04] could not find more button
07:05:28 [TestNG-test-Test-1] INFO  verifyingDisplayTypeFilterFunctionality_Mobile_07-05-04 - [verifyingDisplayTypeFilterFunctionality_Mobile_07-05-04] Within getfilterByTypeAndName method
07:05:28 [TestNG-test-Test-1] INFO  verifyingDisplayTypeFilterFunctionality_Mobile_07-05-04 - [verifyingDisplayTypeFilterFunctionality_Mobile_07-05-04] Within smoothScrollToElement method
07:05:28 [TestNG-test-Test-1] INFO  verifyingDisplayTypeFilterFunctionality_Mobile_07-05-04 - [verifyingDisplayTypeFilterFunctionality_Mobile_07-05-04] Within safeFindElement method
07:05:28 [TestNG-test-Test-1] INFO  verifyingDisplayTypeFilterFunctionality_Mobile_07-05-04 - [verifyingDisplayTypeFilterFunctionality_Mobile_07-05-04]Found the element returning it ,element ->[[ChromeDriver: chrome on windows (334c224878ca8d82f706666102eca05d)] -> xpath: //span[@class='a-size-base a-color-base puis-bold-weight-text' and text()='Display Type']/parent::div/following-sibling::ul//span[@class='a-size-base a-color-base a-text-bold' and text()='LCD']]
07:05:28 [TestNG-test-Test-1] INFO  verifyingDisplayTypeFilterFunctionality_Mobile_07-05-04 - [verifyingDisplayTypeFilterFunctionality_Mobile_07-05-04] Successfully scrolled to element: By.xpath: //span[@class='a-size-base a-color-base puis-bold-weight-text' and text()='Display Type']/parent::div/following-sibling::ul//span[@class='a-size-base a-color-base a-text-bold' and text()='LCD']
07:05:28 [TestNG-test-Test-1] INFO  verifyingDisplayTypeFilterFunctionality_Mobile_07-05-04 - [verifyingDisplayTypeFilterFunctionality_Mobile_07-05-04] Clicked the element using safe click ,element is [[ChromeDriver: chrome on windows (334c224878ca8d82f706666102eca05d)] -> xpath: //span[@class='a-size-base a-color-base puis-bold-weight-text' and text()='Display Type']/parent::div/following-sibling::ul//span[@class='a-size-base a-color-base' and text()='LCD']]
07:05:29 [TestNG-test-Test-1] INFO  verifyingDisplayTypeFilterFunctionality_Mobile_07-05-04 - [verifyingDisplayTypeFilterFunctionality_Mobile_07-05-04] Within safeFindElements 
07:05:29 [TestNG-test-Test-1] INFO  verifyingDisplayTypeFilterFunctionality_Mobile_07-05-04 - [verifyingDisplayTypeFilterFunctionality_Mobile_07-05-04] Returning the  [[[ChromeDriver: chrome on windows (334c224878ca8d82f706666102eca05d)] -> xpath: //div[@data-cy='title-recipe']], [[ChromeDriver: chrome on windows (334c224878ca8d82f706666102eca05d)] -> xpath: //div[@data-cy='title-recipe']], [[ChromeDriver: chrome on windows (334c224878ca8d82f706666102eca05d)] -> xpath: //div[@data-cy='title-recipe']], [[ChromeDriver: chrome on windows (334c224878ca8d82f706666102eca05d)] -> xpath: //div[@data-cy='title-recipe']], [[ChromeDriver: chrome on windows (334c224878ca8d82f706666102eca05d)] -> xpath: //div[@data-cy='title-recipe']], [[ChromeDriver: chrome on windows (334c224878ca8d82f706666102eca05d)] -> xpath: //div[@data-cy='title-recipe']], [[ChromeDriver: chrome on windows (334c224878ca8d82f706666102eca05d)] -> xpath: //div[@data-cy='title-recipe']], [[ChromeDriver: chrome on windows (334c224878ca8d82f706666102eca05d)] -> xpath: //div[@data-cy='title-recipe']], [[ChromeDriver: chrome on windows (334c224878ca8d82f706666102eca05d)] -> xpath: //div[@data-cy='title-recipe']], [[ChromeDriver: chrome on windows (334c224878ca8d82f706666102eca05d)] -> xpath: //div[@data-cy='title-recipe']], [[ChromeDriver: chrome on windows (334c224878ca8d82f706666102eca05d)] -> xpath: //div[@data-cy='title-recipe']], [[ChromeDriver: chrome on windows (334c224878ca8d82f706666102eca05d)] -> xpath: //div[@data-cy='title-recipe']], [[ChromeDriver: chrome on windows (334c224878ca8d82f706666102eca05d)] -> xpath: //div[@data-cy='title-recipe']], [[ChromeDriver: chrome on windows (334c224878ca8d82f706666102eca05d)] -> xpath: //div[@data-cy='title-recipe']], [[ChromeDriver: chrome on windows (334c224878ca8d82f706666102eca05d)] -> xpath: //div[@data-cy='title-recipe']], [[ChromeDriver: chrome on windows (334c224878ca8d82f706666102eca05d)] -> xpath: //div[@data-cy='title-recipe']]] from the safeFindElements method
07:05:29 [TestNG-test-Test-1] INFO  verifyingDisplayTypeFilterFunctionality_Mobile_07-05-04 - [verifyingDisplayTypeFilterFunctionality_Mobile_07-05-04] Execution is Not CRON Job Hence refering to normal keys from UtilData
07:05:29 [TestNG-test-Test-1] INFO  verifyingDisplayTypeFilterFunctionality_Mobile_07-05-04 - [verifyingDisplayTypeFilterFunctionality_Mobile_07-05-04] Within safeFindElements 
07:05:29 [TestNG-test-Test-1] INFO  verifyingDisplayTypeFilterFunctionality_Mobile_07-05-04 - [verifyingDisplayTypeFilterFunctionality_Mobile_07-05-04] Returning the  [[[ChromeDriver: chrome on windows (334c224878ca8d82f706666102eca05d)] -> xpath: //div[@data-cy='title-recipe']], [[ChromeDriver: chrome on windows (334c224878ca8d82f706666102eca05d)] -> xpath: //div[@data-cy='title-recipe']], [[ChromeDriver: chrome on windows (334c224878ca8d82f706666102eca05d)] -> xpath: //div[@data-cy='title-recipe']], [[ChromeDriver: chrome on windows (334c224878ca8d82f706666102eca05d)] -> xpath: //div[@data-cy='title-recipe']], [[ChromeDriver: chrome on windows (334c224878ca8d82f706666102eca05d)] -> xpath: //div[@data-cy='title-recipe']], [[ChromeDriver: chrome on windows (334c224878ca8d82f706666102eca05d)] -> xpath: //div[@data-cy='title-recipe']], [[ChromeDriver: chrome on windows (334c224878ca8d82f706666102eca05d)] -> xpath: //div[@data-cy='title-recipe']], [[ChromeDriver: chrome on windows (334c224878ca8d82f706666102eca05d)] -> xpath: //div[@data-cy='title-recipe']], [[ChromeDriver: chrome on windows (334c224878ca8d82f706666102eca05d)] -> xpath: //div[@data-cy='title-recipe']], [[ChromeDriver: chrome on windows (334c224878ca8d82f706666102eca05d)] -> xpath: //div[@data-cy='title-recipe']], [[ChromeDriver: chrome on windows (334c224878ca8d82f706666102eca05d)] -> xpath: //div[@data-cy='title-recipe']], [[ChromeDriver: chrome on windows (334c224878ca8d82f706666102eca05d)] -> xpath: //div[@data-cy='title-recipe']], [[ChromeDriver: chrome on windows (334c224878ca8d82f706666102eca05d)] -> xpath: //div[@data-cy='title-recipe']], [[ChromeDriver: chrome on windows (334c224878ca8d82f706666102eca05d)] -> xpath: //div[@data-cy='title-recipe']], [[ChromeDriver: chrome on windows (334c224878ca8d82f706666102eca05d)] -> xpath: //div[@data-cy='title-recipe']], [[ChromeDriver: chrome on windows (334c224878ca8d82f706666102eca05d)] -> xpath: //div[@data-cy='title-recipe']]] from the safeFindElements method
07:05:29 [TestNG-test-Test-1] INFO  verifyingDisplayTypeFilterFunctionality_Mobile_07-05-04 - [verifyingDisplayTypeFilterFunctionality_Mobile_07-05-04] Within productNameListingPage loop in applyFilterAndValidateProductsWithResult
07:05:29 [TestNG-test-Test-1] INFO  verifyingDisplayTypeFilterFunctionality_Mobile_07-05-04 - [verifyingDisplayTypeFilterFunctionality_Mobile_07-05-04] Within getProductByIndex method
07:05:29 [TestNG-test-Test-1] INFO  verifyingDisplayTypeFilterFunctionality_Mobile_07-05-04 - [verifyingDisplayTypeFilterFunctionality_Mobile_07-05-04] Within safeFindElement method
07:05:29 [TestNG-test-Test-1] INFO  verifyingDisplayTypeFilterFunctionality_Mobile_07-05-04 - [verifyingDisplayTypeFilterFunctionality_Mobile_07-05-04]Found the element returning it ,element ->[[ChromeDriver: chrome on windows (334c224878ca8d82f706666102eca05d)] -> xpath: (//div[@data-cy='title-recipe'])[1]]
07:05:29 [TestNG-test-Test-1] INFO  verifyingDisplayTypeFilterFunctionality_Mobile_07-05-04 - [verifyingDisplayTypeFilterFunctionality_Mobile_07-05-04] Within getProductByIndex method
07:05:29 [TestNG-test-Test-1] INFO  verifyingDisplayTypeFilterFunctionality_Mobile_07-05-04 - [verifyingDisplayTypeFilterFunctionality_Mobile_07-05-04] Within smoothScrollToElement method
07:05:29 [TestNG-test-Test-1] INFO  verifyingDisplayTypeFilterFunctionality_Mobile_07-05-04 - [verifyingDisplayTypeFilterFunctionality_Mobile_07-05-04] Within safeFindElement method
07:05:29 [TestNG-test-Test-1] INFO  verifyingDisplayTypeFilterFunctionality_Mobile_07-05-04 - [verifyingDisplayTypeFilterFunctionality_Mobile_07-05-04]Found the element returning it ,element ->[[ChromeDriver: chrome on windows (334c224878ca8d82f706666102eca05d)] -> xpath: (//div[@data-cy='title-recipe'])[1]]
07:05:29 [TestNG-test-Test-1] INFO  verifyingDisplayTypeFilterFunctionality_Mobile_07-05-04 - [verifyingDisplayTypeFilterFunctionality_Mobile_07-05-04] Successfully scrolled to element: By.xpath: (//div[@data-cy='title-recipe'])[1]
07:05:29 [TestNG-test-Test-1] INFO  verifyingDisplayTypeFilterFunctionality_Mobile_07-05-04 - [verifyingDisplayTypeFilterFunctionality_Mobile_07-05-04] Getting product by index in productNameListingPage loop
07:05:29 [TestNG-test-Test-1] INFO  verifyingDisplayTypeFilterFunctionality_Mobile_07-05-04 - [verifyingDisplayTypeFilterFunctionality_Mobile_07-05-04] Opened product in new tab via Ctrl+Click inside productNameListingPage loop
07:05:29 [TestNG-test-Test-1] INFO  verifyingDisplayTypeFilterFunctionality_Mobile_07-05-04 - [verifyingDisplayTypeFilterFunctionality_Mobile_07-05-04] Waiting for new window to open...
07:05:29 [TestNG-test-Test-1] INFO  verifyingDisplayTypeFilterFunctionality_Mobile_07-05-04 - [verifyingDisplayTypeFilterFunctionality_Mobile_07-05-04] Switched to new window -> 8C6EE18381521CA9B80E8875537DFA28
07:05:29 [TestNG-test-Test-1] INFO  verifyingDisplayTypeFilterFunctionality_Mobile_07-05-04 - [verifyingDisplayTypeFilterFunctionality_Mobile_07-05-04] Swithcing to the new window  within productNameListingPage loop
07:05:29 [TestNG-test-Test-1] INFO  verifyingDisplayTypeFilterFunctionality_Mobile_07-05-04 - [verifyingDisplayTypeFilterFunctionality_Mobile_07-05-04] Clicked product name to open in new tab from productNameListingPage loop
07:05:29 [TestNG-test-Test-1] INFO  verifyingDisplayTypeFilterFunctionality_Mobile_07-05-04 - [verifyingDisplayTypeFilterFunctionality_Mobile_07-05-04] Waiting until element is visible in viewport
07:05:33 [TestNG-test-Test-1] WARN  verifyingDisplayTypeFilterFunctionality_Mobile_07-05-04 - [verifyingDisplayTypeFilterFunctionality_Mobile_07-05-04] Product detail page did not load for index 1 filter 'LCD'; skipping detail scrape to avoid redundant retries/timeouts
07:05:33 [TestNG-test-Test-1] INFO  verifyingDisplayTypeFilterFunctionality_Mobile_07-05-04 - [verifyingDisplayTypeFilterFunctionality_Mobile_07-05-04] Within closeCurrentWindowAndSwitchBack method
07:05:33 [TestNG-test-Test-1] INFO  verifyingDisplayTypeFilterFunctionality_Mobile_07-05-04 - [verifyingDisplayTypeFilterFunctionality_Mobile_07-05-04] Total open windows/tabs count -> 2
07:05:33 [TestNG-test-Test-1] INFO  verifyingDisplayTypeFilterFunctionality_Mobile_07-05-04 - [verifyingDisplayTypeFilterFunctionality_Mobile_07-05-04] Original window handle -> BD567E0F40BB4153B27EE298BF16C36B
07:05:33 [TestNG-test-Test-1] INFO  verifyingDisplayTypeFilterFunctionality_Mobile_07-05-04 - [verifyingDisplayTypeFilterFunctionality_Mobile_07-05-04] Found new tab/window handle -> 8C6EE18381521CA9B80E8875537DFA28 (will be closed)
07:05:33 [TestNG-test-Test-1] INFO  verifyingDisplayTypeFilterFunctionality_Mobile_07-05-04 - [verifyingDisplayTypeFilterFunctionality_Mobile_07-05-04] Successfully switched to new tab/window -> 8C6EE18381521CA9B80E8875537DFA28
07:05:33 [TestNG-test-Test-1] INFO  verifyingDisplayTypeFilterFunctionality_Mobile_07-05-04 - [verifyingDisplayTypeFilterFunctionality_Mobile_07-05-04] Closed the newly opened tab/window -> 8C6EE18381521CA9B80E8875537DFA28
07:05:33 [TestNG-test-Test-1] INFO  verifyingDisplayTypeFilterFunctionality_Mobile_07-05-04 - [verifyingDisplayTypeFilterFunctionality_Mobile_07-05-04] Switched back to the original window -> BD567E0F40BB4153B27EE298BF16C36B
07:05:33 [TestNG-test-Test-1] INFO  verifyingDisplayTypeFilterFunctionality_Mobile_07-05-04 - [verifyingDisplayTypeFilterFunctionality_Mobile_07-05-04]  going back to product listing via closeCurrentWindowAndSwitchBack 
07:05:33 [TestNG-test-Test-1] INFO  verifyingDisplayTypeFilterFunctionality_Mobile_07-05-04 - [verifyingDisplayTypeFilterFunctionality_Mobile_07-05-04]  Added 'filter','title','keyFeatures', 'about', 'techDetails' into the Map -> productResult
07:05:33 [TestNG-test-Test-1] INFO  verifyingDisplayTypeFilterFunctionality_Mobile_07-05-04 - [verifyingDisplayTypeFilterFunctionality_Mobile_07-05-04]  Added 'productResult' Map into the 'results' i.e list of maps 
07:05:33 [TestNG-test-Test-1] INFO  verifyingDisplayTypeFilterFunctionality_Mobile_07-05-04 - [verifyingDisplayTypeFilterFunctionality_Mobile_07-05-04]==========================================================================================================
07:05:33 [TestNG-test-Test-1] INFO  verifyingDisplayTypeFilterFunctionality_Mobile_07-05-04 - [verifyingDisplayTypeFilterFunctionality_Mobile_07-05-04] Within safeFindElements 
07:05:33 [TestNG-test-Test-1] INFO  verifyingDisplayTypeFilterFunctionality_Mobile_07-05-04 - [verifyingDisplayTypeFilterFunctionality_Mobile_07-05-04] Returning the  [[[ChromeDriver: chrome on windows (334c224878ca8d82f706666102eca05d)] -> xpath: //div[@data-cy='title-recipe']], [[ChromeDriver: chrome on windows (334c224878ca8d82f706666102eca05d)] -> xpath: //div[@data-cy='title-recipe']], [[ChromeDriver: chrome on windows (334c224878ca8d82f706666102eca05d)] -> xpath: //div[@data-cy='title-recipe']], [[ChromeDriver: chrome on windows (334c224878ca8d82f706666102eca05d)] -> xpath: //div[@data-cy='title-recipe']], [[ChromeDriver: chrome on windows (334c224878ca8d82f706666102eca05d)] -> xpath: //div[@data-cy='title-recipe']], [[ChromeDriver: chrome on windows (334c224878ca8d82f706666102eca05d)] -> xpath: //div[@data-cy='title-recipe']], [[ChromeDriver: chrome on windows (334c224878ca8d82f706666102eca05d)] -> xpath: //div[@data-cy='title-recipe']], [[ChromeDriver: chrome on windows (334c224878ca8d82f706666102eca05d)] -> xpath: //div[@data-cy='title-recipe']], [[ChromeDriver: chrome on windows (334c224878ca8d82f706666102eca05d)] -> xpath: //div[@data-cy='title-recipe']], [[ChromeDriver: chrome on windows (334c224878ca8d82f706666102eca05d)] -> xpath: //div[@data-cy='title-recipe']], [[ChromeDriver: chrome on windows (334c224878ca8d82f706666102eca05d)] -> xpath: //div[@data-cy='title-recipe']], [[ChromeDriver: chrome on windows (334c224878ca8d82f706666102eca05d)] -> xpath: //div[@data-cy='title-recipe']], [[ChromeDriver: chrome on windows (334c224878ca8d82f706666102eca05d)] -> xpath: //div[@data-cy='title-recipe']], [[ChromeDriver: chrome on windows (334c224878ca8d82f706666102eca05d)] -> xpath: //div[@data-cy='title-recipe']], [[ChromeDriver: chrome on windows (334c224878ca8d82f706666102eca05d)] -> xpath: //div[@data-cy='title-recipe']], [[ChromeDriver: chrome on windows (334c224878ca8d82f706666102eca05d)] -> xpath: //div[@data-cy='title-recipe']]] from the safeFindElements method
07:05:33 [TestNG-test-Test-1] INFO  verifyingDisplayTypeFilterFunctionality_Mobile_07-05-04 - [verifyingDisplayTypeFilterFunctionality_Mobile_07-05-04] Within productNameListingPage loop in applyFilterAndValidateProductsWithResult
07:05:33 [TestNG-test-Test-1] INFO  verifyingDisplayTypeFilterFunctionality_Mobile_07-05-04 - [verifyingDisplayTypeFilterFunctionality_Mobile_07-05-04] Within getProductByIndex method
07:05:33 [TestNG-test-Test-1] INFO  verifyingDisplayTypeFilterFunctionality_Mobile_07-05-04 - [verifyingDisplayTypeFilterFunctionality_Mobile_07-05-04] Within safeFindElement method
07:05:33 [TestNG-test-Test-1] INFO  verifyingDisplayTypeFilterFunctionality_Mobile_07-05-04 - [verifyingDisplayTypeFilterFunctionality_Mobile_07-05-04]Found the element returning it ,element ->[[ChromeDriver: chrome on windows (334c224878ca8d82f706666102eca05d)] -> xpath: (//div[@data-cy='title-recipe'])[2]]
07:05:33 [TestNG-test-Test-1] INFO  verifyingDisplayTypeFilterFunctionality_Mobile_07-05-04 - [verifyingDisplayTypeFilterFunctionality_Mobile_07-05-04] Within getProductByIndex method
07:05:33 [TestNG-test-Test-1] INFO  verifyingDisplayTypeFilterFunctionality_Mobile_07-05-04 - [verifyingDisplayTypeFilterFunctionality_Mobile_07-05-04] Within smoothScrollToElement method
07:05:33 [TestNG-test-Test-1] INFO  verifyingDisplayTypeFilterFunctionality_Mobile_07-05-04 - [verifyingDisplayTypeFilterFunctionality_Mobile_07-05-04] Within safeFindElement method
07:05:33 [TestNG-test-Test-1] INFO  verifyingDisplayTypeFilterFunctionality_Mobile_07-05-04 - [verifyingDisplayTypeFilterFunctionality_Mobile_07-05-04]Found the element returning it ,element ->[[ChromeDriver: chrome on windows (334c224878ca8d82f706666102eca05d)] -> xpath: (//div[@data-cy='title-recipe'])[2]]
07:05:33 [TestNG-test-Test-1] INFO  verifyingDisplayTypeFilterFunctionality_Mobile_07-05-04 - [verifyingDisplayTypeFilterFunctionality_Mobile_07-05-04] Successfully scrolled to element: By.xpath: (//div[@data-cy='title-recipe'])[2]
07:05:33 [TestNG-test-Test-1] INFO  verifyingDisplayTypeFilterFunctionality_Mobile_07-05-04 - [verifyingDisplayTypeFilterFunctionality_Mobile_07-05-04] Getting product by index in productNameListingPage loop
07:05:33 [TestNG-test-Test-1] INFO  verifyingDisplayTypeFilterFunctionality_Mobile_07-05-04 - [verifyingDisplayTypeFilterFunctionality_Mobile_07-05-04] Opened product in new tab via Ctrl+Click inside productNameListingPage loop
07:05:33 [TestNG-test-Test-1] INFO  verifyingDisplayTypeFilterFunctionality_Mobile_07-05-04 - [verifyingDisplayTypeFilterFunctionality_Mobile_07-05-04] Waiting for new window to open...
07:05:33 [TestNG-test-Test-1] INFO  verifyingDisplayTypeFilterFunctionality_Mobile_07-05-04 - [verifyingDisplayTypeFilterFunctionality_Mobile_07-05-04] Switched to new window -> 2E6004CA643EF72BF8B0DF80BC07E20B
07:05:33 [TestNG-test-Test-1] INFO  verifyingDisplayTypeFilterFunctionality_Mobile_07-05-04 - [verifyingDisplayTypeFilterFunctionality_Mobile_07-05-04] Swithcing to the new window  within productNameListingPage loop
07:05:33 [TestNG-test-Test-1] INFO  verifyingDisplayTypeFilterFunctionality_Mobile_07-05-04 - [verifyingDisplayTypeFilterFunctionality_Mobile_07-05-04] Clicked product name to open in new tab from productNameListingPage loop
07:05:33 [TestNG-test-Test-1] INFO  verifyingDisplayTypeFilterFunctionality_Mobile_07-05-04 - [verifyingDisplayTypeFilterFunctionality_Mobile_07-05-04] Waiting until element is visible in viewport
07:05:37 [TestNG-test-Test-1] INFO  verifyingDisplayTypeFilterFunctionality_Mobile_07-05-04 - [verifyingDisplayTypeFilterFunctionality_Mobile_07-05-04] Within safeFindElement method
07:05:37 [TestNG-test-Test-1] INFO  verifyingDisplayTypeFilterFunctionality_Mobile_07-05-04 - [verifyingDisplayTypeFilterFunctionality_Mobile_07-05-04]Found the element returning it ,element ->[[ChromeDriver: chrome on windows (334c224878ca8d82f706666102eca05d)] -> xpath: //span[@id='productTitle']]
07:05:37 [TestNG-test-Test-1] INFO  verifyingDisplayTypeFilterFunctionality_Mobile_07-05-04 - [verifyingDisplayTypeFilterFunctionality_Mobile_07-05-04] Within safeFindElement method
07:05:37 [TestNG-test-Test-1] INFO  verifyingDisplayTypeFilterFunctionality_Mobile_07-05-04 - [verifyingDisplayTypeFilterFunctionality_Mobile_07-05-04]Found the element returning it ,element ->[[ChromeDriver: chrome on windows (334c224878ca8d82f706666102eca05d)] -> xpath: //div[@class='a-section a-spacing-small a-spacing-top-small']]
07:05:37 [TestNG-test-Test-1] INFO  verifyingDisplayTypeFilterFunctionality_Mobile_07-05-04 - [verifyingDisplayTypeFilterFunctionality_Mobile_07-05-04] Within safeFindElement method
07:05:38 [TestNG-test-Test-1] INFO  verifyingDisplayTypeFilterFunctionality_Mobile_07-05-04 - [verifyingDisplayTypeFilterFunctionality_Mobile_07-05-04]Found the element returning it ,element ->[[ChromeDriver: chrome on windows (334c224878ca8d82f706666102eca05d)] -> xpath: //div[@id='feature-bullets']]
07:05:38 [TestNG-test-Test-1] INFO  verifyingDisplayTypeFilterFunctionality_Mobile_07-05-04 - [verifyingDisplayTypeFilterFunctionality_Mobile_07-05-04] Within safeFindElement method
07:05:38 [TestNG-test-Test-1] INFO  verifyingDisplayTypeFilterFunctionality_Mobile_07-05-04 - [verifyingDisplayTypeFilterFunctionality_Mobile_07-05-04]Found the element returning it ,element ->[[ChromeDriver: chrome on windows (334c224878ca8d82f706666102eca05d)] -> xpath: //div[@id='prodDetails']]
07:05:38 [TestNG-test-Test-1] INFO  verifyingDisplayTypeFilterFunctionality_Mobile_07-05-04 - [verifyingDisplayTypeFilterFunctionality_Mobile_07-05-04] Extracting 'name' , 'keyFeatures', 'about' , 'techDetails' within productNameListingPage loop
07:05:38 [TestNG-test-Test-1] INFO  verifyingDisplayTypeFilterFunctionality_Mobile_07-05-04 - [verifyingDisplayTypeFilterFunctionality_Mobile_07-05-04] Waiting until element is visible in viewport
07:05:49 [TestNG-test-Test-1] INFO  verifyingDisplayTypeFilterFunctionality_Mobile_07-05-04 - [verifyingDisplayTypeFilterFunctionality_Mobile_07-05-04] Within smoothScrollToElement method
07:05:49 [TestNG-test-Test-1] INFO  verifyingDisplayTypeFilterFunctionality_Mobile_07-05-04 - [verifyingDisplayTypeFilterFunctionality_Mobile_07-05-04] Within safeFindElement method
07:05:50 [TestNG-test-Test-1] INFO  verifyingDisplayTypeFilterFunctionality_Mobile_07-05-04 - [verifyingDisplayTypeFilterFunctionality_Mobile_07-05-04]Found the element returning it ,element ->[[ChromeDriver: chrome on windows (334c224878ca8d82f706666102eca05d)] -> xpath: //a[@id='seeMoreDetailsLink']]
07:05:50 [TestNG-test-Test-1] INFO  verifyingDisplayTypeFilterFunctionality_Mobile_07-05-04 - [verifyingDisplayTypeFilterFunctionality_Mobile_07-05-04] Successfully scrolled to element: By.xpath: //a[@id='seeMoreDetailsLink']
07:05:50 [TestNG-test-Test-1] INFO  verifyingDisplayTypeFilterFunctionality_Mobile_07-05-04 - [verifyingDisplayTypeFilterFunctionality_Mobile_07-05-04] Within safeClick method
07:05:50 [TestNG-test-Test-1] INFO  verifyingDisplayTypeFilterFunctionality_Mobile_07-05-04 - [verifyingDisplayTypeFilterFunctionality_Mobile_07-05-04] Clicked the  [[ChromeDriver: chrome on windows (334c224878ca8d82f706666102eca05d)] -> xpath: //a[@id='seeMoreDetailsLink']]   using safeClick
07:05:50 [TestNG-test-Test-1] INFO  verifyingDisplayTypeFilterFunctionality_Mobile_07-05-04 - [verifyingDisplayTypeFilterFunctionality_Mobile_07-05-04] Within try block for clicking see more deatils within productNameListingPage loop
07:05:50 [TestNG-test-Test-1] INFO  verifyingDisplayTypeFilterFunctionality_Mobile_07-05-04 - [verifyingDisplayTypeFilterFunctionality_Mobile_07-05-04] Within closeCurrentWindowAndSwitchBack method
07:05:50 [TestNG-test-Test-1] INFO  verifyingDisplayTypeFilterFunctionality_Mobile_07-05-04 - [verifyingDisplayTypeFilterFunctionality_Mobile_07-05-04] Total open windows/tabs count -> 2
07:05:50 [TestNG-test-Test-1] INFO  verifyingDisplayTypeFilterFunctionality_Mobile_07-05-04 - [verifyingDisplayTypeFilterFunctionality_Mobile_07-05-04] Original window handle -> BD567E0F40BB4153B27EE298BF16C36B
07:05:50 [TestNG-test-Test-1] INFO  verifyingDisplayTypeFilterFunctionality_Mobile_07-05-04 - [verifyingDisplayTypeFilterFunctionality_Mobile_07-05-04] Found new tab/window handle -> 2E6004CA643EF72BF8B0DF80BC07E20B (will be closed)
07:05:50 [TestNG-test-Test-1] INFO  verifyingDisplayTypeFilterFunctionality_Mobile_07-05-04 - [verifyingDisplayTypeFilterFunctionality_Mobile_07-05-04] Successfully switched to new tab/window -> 2E6004CA643EF72BF8B0DF80BC07E20B
07:05:51 [TestNG-test-Test-1] INFO  verifyingDisplayTypeFilterFunctionality_Mobile_07-05-04 - [verifyingDisplayTypeFilterFunctionality_Mobile_07-05-04] Closed the newly opened tab/window -> 2E6004CA643EF72BF8B0DF80BC07E20B
07:05:51 [TestNG-test-Test-1] INFO  verifyingDisplayTypeFilterFunctionality_Mobile_07-05-04 - [verifyingDisplayTypeFilterFunctionality_Mobile_07-05-04] Switched back to the original window -> BD567E0F40BB4153B27EE298BF16C36B
07:05:51 [TestNG-test-Test-1] INFO  verifyingDisplayTypeFilterFunctionality_Mobile_07-05-04 - [verifyingDisplayTypeFilterFunctionality_Mobile_07-05-04]  going back to product listing via closeCurrentWindowAndSwitchBack 
07:05:51 [TestNG-test-Test-1] INFO  verifyingDisplayTypeFilterFunctionality_Mobile_07-05-04 - [verifyingDisplayTypeFilterFunctionality_Mobile_07-05-04]  Added 'filter','title','keyFeatures', 'about', 'techDetails' into the Map -> productResult
07:05:51 [TestNG-test-Test-1] INFO  verifyingDisplayTypeFilterFunctionality_Mobile_07-05-04 - [verifyingDisplayTypeFilterFunctionality_Mobile_07-05-04]  Added 'productResult' Map into the 'results' i.e list of maps 
07:05:51 [TestNG-test-Test-1] INFO  verifyingDisplayTypeFilterFunctionality_Mobile_07-05-04 - [verifyingDisplayTypeFilterFunctionality_Mobile_07-05-04]==========================================================================================================
07:05:51 [TestNG-test-Test-1] INFO  verifyingDisplayTypeFilterFunctionality_Mobile_07-05-04 - [verifyingDisplayTypeFilterFunctionality_Mobile_07-05-04] Within safeClick method
07:05:52 [TestNG-test-Test-1] INFO  verifyingDisplayTypeFilterFunctionality_Mobile_07-05-04 - [verifyingDisplayTypeFilterFunctionality_Mobile_07-05-04] Clicked the  [[ChromeDriver: chrome on windows (334c224878ca8d82f706666102eca05d)] -> xpath: //span[@class='a-size-base a-color-base' and text()='Clear']]   using safeClick
07:05:52 [TestNG-test-Test-1] INFO  verifyingDisplayTypeFilterFunctionality_Mobile_07-05-04 - [verifyingDisplayTypeFilterFunctionality_Mobile_07-05-04] Clearing the filter value ->LCDwithin productNameListingPage loop
07:05:52 [TestNG-test-Test-1] INFO  verifyingDisplayTypeFilterFunctionality_Mobile_07-05-04 - [verifyingDisplayTypeFilterFunctionality_Mobile_07-05-04]==========================================================================================================
07:05:52 [TestNG-test-Test-1] INFO  verifyingDisplayTypeFilterFunctionality_Mobile_07-05-04 - [verifyingDisplayTypeFilterFunctionality_Mobile_07-05-04]==========================================================================================================
07:05:52 [TestNG-test-Test-1] INFO  verifyingDisplayTypeFilterFunctionality_Mobile_07-05-04 - [verifyingDisplayTypeFilterFunctionality_Mobile_07-05-04] Within filterOptions loop in applyFilterAndValidateProductsWithResult
07:05:52 [TestNG-test-Test-1] INFO  verifyingDisplayTypeFilterFunctionality_Mobile_07-05-04 - [verifyingDisplayTypeFilterFunctionality_Mobile_07-05-04] Within safeFindElements 
07:05:53 [TestNG-test-Test-1] INFO  verifyingDisplayTypeFilterFunctionality_Mobile_07-05-04 - [verifyingDisplayTypeFilterFunctionality_Mobile_07-05-04] Returning the  [[[ChromeDriver: chrome on windows (334c224878ca8d82f706666102eca05d)] -> xpath: //span[@class='a-size-base a-color-base puis-bold-weight-text' and text()='Display Type']/parent::div/following-sibling::ul//span[@class='a-size-base a-color-base']], [[ChromeDriver: chrome on windows (334c224878ca8d82f706666102eca05d)] -> xpath: //span[@class='a-size-base a-color-base puis-bold-weight-text' and text()='Display Type']/parent::div/following-sibling::ul//span[@class='a-size-base a-color-base']], [[ChromeDriver: chrome on windows (334c224878ca8d82f706666102eca05d)] -> xpath: //span[@class='a-size-base a-color-base puis-bold-weight-text' and text()='Display Type']/parent::div/following-sibling::ul//span[@class='a-size-base a-color-base']]] from the safeFindElements method
07:05:53 [TestNG-test-Test-1] INFO  verifyingDisplayTypeFilterFunctionality_Mobile_07-05-04 - [verifyingDisplayTypeFilterFunctionality_Mobile_07-05-04] Trying to read filter option 2 (attempt 1/3)
07:05:53 [TestNG-test-Test-1] INFO  verifyingDisplayTypeFilterFunctionality_Mobile_07-05-04 - [verifyingDisplayTypeFilterFunctionality_Mobile_07-05-04] Successfully read filter option 2 = 'OLED'
07:05:53 [TestNG-test-Test-1] INFO  verifyingDisplayTypeFilterFunctionality_Mobile_07-05-04 - [verifyingDisplayTypeFilterFunctionality_Mobile_07-05-04] Within getfilterByTypeAndName method
07:05:53 [TestNG-test-Test-1] INFO  verifyingDisplayTypeFilterFunctionality_Mobile_07-05-04 - [verifyingDisplayTypeFilterFunctionality_Mobile_07-05-04] Within safeClickBooleanWithScreenShot method
07:05:53 [TestNG-test-Test-1] INFO  verifyingDisplayTypeFilterFunctionality_Mobile_07-05-04 - [verifyingDisplayTypeFilterFunctionality_Mobile_07-05-04] Within getAppliedfilterByTypeAndName method
07:05:53 [TestNG-test-Test-1] INFO  verifyingDisplayTypeFilterFunctionality_Mobile_07-05-04 - [verifyingDisplayTypeFilterFunctionality_Mobile_07-05-04] Within smoothScrollToElement method
07:05:53 [TestNG-test-Test-1] INFO  verifyingDisplayTypeFilterFunctionality_Mobile_07-05-04 - [verifyingDisplayTypeFilterFunctionality_Mobile_07-05-04] Within safeFindElement method
07:05:54 [TestNG-test-Test-1] INFO  verifyingDisplayTypeFilterFunctionality_Mobile_07-05-04 - [verifyingDisplayTypeFilterFunctionality_Mobile_07-05-04]Found the element returning it ,element ->[[ChromeDriver: chrome on windows (334c224878ca8d82f706666102eca05d)] -> xpath: //span[@class='a-size-base a-color-base puis-bold-weight-text' and text()='Display Type']]
07:05:55 [TestNG-test-Test-1] INFO  verifyingDisplayTypeFilterFunctionality_Mobile_07-05-04 - [verifyingDisplayTypeFilterFunctionality_Mobile_07-05-04] Successfully scrolled to element: By.xpath: //span[@class='a-size-base a-color-base puis-bold-weight-text' and text()='Display Type']
07:05:55 [TestNG-test-Test-1] INFO  verifyingDisplayTypeFilterFunctionality_Mobile_07-05-04 - [verifyingDisplayTypeFilterFunctionality_Mobile_07-05-04] Within getMoreButtonByFilterTypeAndName method
07:05:55 [TestNG-test-Test-1] INFO  verifyingDisplayTypeFilterFunctionality_Mobile_07-05-04 - [verifyingDisplayTypeFilterFunctionality_Mobile_07-05-04] could not find more button
07:05:55 [TestNG-test-Test-1] INFO  verifyingDisplayTypeFilterFunctionality_Mobile_07-05-04 - [verifyingDisplayTypeFilterFunctionality_Mobile_07-05-04] Within getAppliedfilterByTypeAndName method
07:05:55 [TestNG-test-Test-1] INFO  verifyingDisplayTypeFilterFunctionality_Mobile_07-05-04 - [verifyingDisplayTypeFilterFunctionality_Mobile_07-05-04] Within smoothScrollToElement method
07:05:55 [TestNG-test-Test-1] INFO  verifyingDisplayTypeFilterFunctionality_Mobile_07-05-04 - [verifyingDisplayTypeFilterFunctionality_Mobile_07-05-04] Within safeFindElement method
07:05:57 [TestNG-test-Test-1] INFO  verifyingDisplayTypeFilterFunctionality_Mobile_07-05-04 - [verifyingDisplayTypeFilterFunctionality_Mobile_07-05-04]Found the element returning it ,element ->[[ChromeDriver: chrome on windows (334c224878ca8d82f706666102eca05d)] -> xpath: //span[@class='a-size-base a-color-base puis-bold-weight-text' and text()='Display Type']]
07:05:57 [TestNG-test-Test-1] INFO  verifyingDisplayTypeFilterFunctionality_Mobile_07-05-04 - [verifyingDisplayTypeFilterFunctionality_Mobile_07-05-04] Successfully scrolled to element: By.xpath: //span[@class='a-size-base a-color-base puis-bold-weight-text' and text()='Display Type']
07:05:57 [TestNG-test-Test-1] INFO  verifyingDisplayTypeFilterFunctionality_Mobile_07-05-04 - [verifyingDisplayTypeFilterFunctionality_Mobile_07-05-04] Within getMoreButtonByFilterTypeAndName method
07:05:57 [TestNG-test-Test-1] INFO  verifyingDisplayTypeFilterFunctionality_Mobile_07-05-04 - [verifyingDisplayTypeFilterFunctionality_Mobile_07-05-04] could not find more button
07:05:57 [TestNG-test-Test-1] INFO  verifyingDisplayTypeFilterFunctionality_Mobile_07-05-04 - [verifyingDisplayTypeFilterFunctionality_Mobile_07-05-04] Within getfilterByTypeAndName method
07:05:57 [TestNG-test-Test-1] INFO  verifyingDisplayTypeFilterFunctionality_Mobile_07-05-04 - [verifyingDisplayTypeFilterFunctionality_Mobile_07-05-04] Within smoothScrollToElement method
07:05:57 [TestNG-test-Test-1] INFO  verifyingDisplayTypeFilterFunctionality_Mobile_07-05-04 - [verifyingDisplayTypeFilterFunctionality_Mobile_07-05-04] Within safeFindElement method
07:05:57 [TestNG-test-Test-1] INFO  verifyingDisplayTypeFilterFunctionality_Mobile_07-05-04 - [verifyingDisplayTypeFilterFunctionality_Mobile_07-05-04]Found the element returning it ,element ->[[ChromeDriver: chrome on windows (334c224878ca8d82f706666102eca05d)] -> xpath: //span[@class='a-size-base a-color-base puis-bold-weight-text' and text()='Display Type']/parent::div/following-sibling::ul//span[@class='a-size-base a-color-base a-text-bold' and text()='OLED']]
07:05:57 [TestNG-test-Test-1] INFO  verifyingDisplayTypeFilterFunctionality_Mobile_07-05-04 - [verifyingDisplayTypeFilterFunctionality_Mobile_07-05-04] Successfully scrolled to element: By.xpath: //span[@class='a-size-base a-color-base puis-bold-weight-text' and text()='Display Type']/parent::div/following-sibling::ul//span[@class='a-size-base a-color-base a-text-bold' and text()='OLED']
07:05:57 [TestNG-test-Test-1] INFO  verifyingDisplayTypeFilterFunctionality_Mobile_07-05-04 - [verifyingDisplayTypeFilterFunctionality_Mobile_07-05-04] Clicked the element using safe click ,element is [[ChromeDriver: chrome on windows (334c224878ca8d82f706666102eca05d)] -> xpath: //span[@class='a-size-base a-color-base puis-bold-weight-text' and text()='Display Type']/parent::div/following-sibling::ul//span[@class='a-size-base a-color-base' and text()='OLED']]
07:05:57 [TestNG-test-Test-1] INFO  verifyingDisplayTypeFilterFunctionality_Mobile_07-05-04 - [verifyingDisplayTypeFilterFunctionality_Mobile_07-05-04] Within safeFindElements 
07:05:57 [TestNG-test-Test-1] INFO  verifyingDisplayTypeFilterFunctionality_Mobile_07-05-04 - [verifyingDisplayTypeFilterFunctionality_Mobile_07-05-04] Returning the  [[[ChromeDriver: chrome on windows (334c224878ca8d82f706666102eca05d)] -> xpath: //div[@data-cy='title-recipe']], [[ChromeDriver: chrome on windows (334c224878ca8d82f706666102eca05d)] -> xpath: //div[@data-cy='title-recipe']], [[ChromeDriver: chrome on windows (334c224878ca8d82f706666102eca05d)] -> xpath: //div[@data-cy='title-recipe']], [[ChromeDriver: chrome on windows (334c224878ca8d82f706666102eca05d)] -> xpath: //div[@data-cy='title-recipe']], [[ChromeDriver: chrome on windows (334c224878ca8d82f706666102eca05d)] -> xpath: //div[@data-cy='title-recipe']], [[ChromeDriver: chrome on windows (334c224878ca8d82f706666102eca05d)] -> xpath: //div[@data-cy='title-recipe']], [[ChromeDriver: chrome on windows (334c224878ca8d82f706666102eca05d)] -> xpath: //div[@data-cy='title-recipe']], [[ChromeDriver: chrome on windows (334c224878ca8d82f706666102eca05d)] -> xpath: //div[@data-cy='title-recipe']], [[ChromeDriver: chrome on windows (334c224878ca8d82f706666102eca05d)] -> xpath: //div[@data-cy='title-recipe']], [[ChromeDriver: chrome on windows (334c224878ca8d82f706666102eca05d)] -> xpath: //div[@data-cy='title-recipe']], [[ChromeDriver: chrome on windows (334c224878ca8d82f706666102eca05d)] -> xpath: //div[@data-cy='title-recipe']], [[ChromeDriver: chrome on windows (334c224878ca8d82f706666102eca05d)] -> xpath: //div[@data-cy='title-recipe']], [[ChromeDriver: chrome on windows (334c224878ca8d82f706666102eca05d)] -> xpath: //div[@data-cy='title-recipe']], [[ChromeDriver: chrome on windows (334c224878ca8d82f706666102eca05d)] -> xpath: //div[@data-cy='title-recipe']], [[ChromeDriver: chrome on windows (334c224878ca8d82f706666102eca05d)] -> xpath: //div[@data-cy='title-recipe']], [[ChromeDriver: chrome on windows (334c224878ca8d82f706666102eca05d)] -> xpath: //div[@data-cy='title-recipe']]] from the safeFindElements method
07:05:57 [TestNG-test-Test-1] INFO  verifyingDisplayTypeFilterFunctionality_Mobile_07-05-04 - [verifyingDisplayTypeFilterFunctionality_Mobile_07-05-04] Execution is Not CRON Job Hence refering to normal keys from UtilData
07:05:57 [TestNG-test-Test-1] INFO  verifyingDisplayTypeFilterFunctionality_Mobile_07-05-04 - [verifyingDisplayTypeFilterFunctionality_Mobile_07-05-04] Within safeFindElements 
07:05:57 [TestNG-test-Test-1] INFO  verifyingDisplayTypeFilterFunctionality_Mobile_07-05-04 - [verifyingDisplayTypeFilterFunctionality_Mobile_07-05-04] Returning the  [[[ChromeDriver: chrome on windows (334c224878ca8d82f706666102eca05d)] -> xpath: //div[@data-cy='title-recipe']], [[ChromeDriver: chrome on windows (334c224878ca8d82f706666102eca05d)] -> xpath: //div[@data-cy='title-recipe']], [[ChromeDriver: chrome on windows (334c224878ca8d82f706666102eca05d)] -> xpath: //div[@data-cy='title-recipe']], [[ChromeDriver: chrome on windows (334c224878ca8d82f706666102eca05d)] -> xpath: //div[@data-cy='title-recipe']], [[ChromeDriver: chrome on windows (334c224878ca8d82f706666102eca05d)] -> xpath: //div[@data-cy='title-recipe']], [[ChromeDriver: chrome on windows (334c224878ca8d82f706666102eca05d)] -> xpath: //div[@data-cy='title-recipe']], [[ChromeDriver: chrome on windows (334c224878ca8d82f706666102eca05d)] -> xpath: //div[@data-cy='title-recipe']], [[ChromeDriver: chrome on windows (334c224878ca8d82f706666102eca05d)] -> xpath: //div[@data-cy='title-recipe']], [[ChromeDriver: chrome on windows (334c224878ca8d82f706666102eca05d)] -> xpath: //div[@data-cy='title-recipe']], [[ChromeDriver: chrome on windows (334c224878ca8d82f706666102eca05d)] -> xpath: //div[@data-cy='title-recipe']], [[ChromeDriver: chrome on windows (334c224878ca8d82f706666102eca05d)] -> xpath: //div[@data-cy='title-recipe']], [[ChromeDriver: chrome on windows (334c224878ca8d82f706666102eca05d)] -> xpath: //div[@data-cy='title-recipe']], [[ChromeDriver: chrome on windows (334c224878ca8d82f706666102eca05d)] -> xpath: //div[@data-cy='title-recipe']], [[ChromeDriver: chrome on windows (334c224878ca8d82f706666102eca05d)] -> xpath: //div[@data-cy='title-recipe']], [[ChromeDriver: chrome on windows (334c224878ca8d82f706666102eca05d)] -> xpath: //div[@data-cy='title-recipe']], [[ChromeDriver: chrome on windows (334c224878ca8d82f706666102eca05d)] -> xpath: //div[@data-cy='title-recipe']]] from the safeFindElements method
07:05:57 [TestNG-test-Test-1] INFO  verifyingDisplayTypeFilterFunctionality_Mobile_07-05-04 - [verifyingDisplayTypeFilterFunctionality_Mobile_07-05-04] Within productNameListingPage loop in applyFilterAndValidateProductsWithResult
07:05:57 [TestNG-test-Test-1] INFO  verifyingDisplayTypeFilterFunctionality_Mobile_07-05-04 - [verifyingDisplayTypeFilterFunctionality_Mobile_07-05-04] Within getProductByIndex method
07:05:57 [TestNG-test-Test-1] INFO  verifyingDisplayTypeFilterFunctionality_Mobile_07-05-04 - [verifyingDisplayTypeFilterFunctionality_Mobile_07-05-04] Within safeFindElement method
07:05:58 [TestNG-test-Test-1] INFO  verifyingDisplayTypeFilterFunctionality_Mobile_07-05-04 - [verifyingDisplayTypeFilterFunctionality_Mobile_07-05-04]Found the element returning it ,element ->[[ChromeDriver: chrome on windows (334c224878ca8d82f706666102eca05d)] -> xpath: (//div[@data-cy='title-recipe'])[1]]
07:05:58 [TestNG-test-Test-1] INFO  verifyingDisplayTypeFilterFunctionality_Mobile_07-05-04 - [verifyingDisplayTypeFilterFunctionality_Mobile_07-05-04] Within getProductByIndex method
07:05:58 [TestNG-test-Test-1] INFO  verifyingDisplayTypeFilterFunctionality_Mobile_07-05-04 - [verifyingDisplayTypeFilterFunctionality_Mobile_07-05-04] Within smoothScrollToElement method
07:05:58 [TestNG-test-Test-1] INFO  verifyingDisplayTypeFilterFunctionality_Mobile_07-05-04 - [verifyingDisplayTypeFilterFunctionality_Mobile_07-05-04] Within safeFindElement method
07:05:58 [TestNG-test-Test-1] INFO  verifyingDisplayTypeFilterFunctionality_Mobile_07-05-04 - [verifyingDisplayTypeFilterFunctionality_Mobile_07-05-04]Found the element returning it ,element ->[[ChromeDriver: chrome on windows (334c224878ca8d82f706666102eca05d)] -> xpath: (//div[@data-cy='title-recipe'])[1]]
07:05:58 [TestNG-test-Test-1] INFO  verifyingDisplayTypeFilterFunctionality_Mobile_07-05-04 - [verifyingDisplayTypeFilterFunctionality_Mobile_07-05-04] Successfully scrolled to element: By.xpath: (//div[@data-cy='title-recipe'])[1]
07:05:58 [TestNG-test-Test-1] INFO  verifyingDisplayTypeFilterFunctionality_Mobile_07-05-04 - [verifyingDisplayTypeFilterFunctionality_Mobile_07-05-04] Getting product by index in productNameListingPage loop
07:05:58 [TestNG-test-Test-1] INFO  verifyingDisplayTypeFilterFunctionality_Mobile_07-05-04 - [verifyingDisplayTypeFilterFunctionality_Mobile_07-05-04] Opened product in new tab via Ctrl+Click inside productNameListingPage loop
07:05:58 [TestNG-test-Test-1] INFO  verifyingDisplayTypeFilterFunctionality_Mobile_07-05-04 - [verifyingDisplayTypeFilterFunctionality_Mobile_07-05-04] Waiting for new window to open...
07:05:58 [TestNG-test-Test-1] INFO  verifyingDisplayTypeFilterFunctionality_Mobile_07-05-04 - [verifyingDisplayTypeFilterFunctionality_Mobile_07-05-04] Switched to new window -> D640FC62A1621215A31D02B2FE6B22BA
07:05:58 [TestNG-test-Test-1] INFO  verifyingDisplayTypeFilterFunctionality_Mobile_07-05-04 - [verifyingDisplayTypeFilterFunctionality_Mobile_07-05-04] Swithcing to the new window  within productNameListingPage loop
07:05:58 [TestNG-test-Test-1] INFO  verifyingDisplayTypeFilterFunctionality_Mobile_07-05-04 - [verifyingDisplayTypeFilterFunctionality_Mobile_07-05-04] Clicked product name to open in new tab from productNameListingPage loop
07:05:58 [TestNG-test-Test-1] INFO  verifyingDisplayTypeFilterFunctionality_Mobile_07-05-04 - [verifyingDisplayTypeFilterFunctionality_Mobile_07-05-04] Waiting until element is visible in viewport
07:06:02 [TestNG-test-Test-1] INFO  verifyingDisplayTypeFilterFunctionality_Mobile_07-05-04 - [verifyingDisplayTypeFilterFunctionality_Mobile_07-05-04] Within safeFindElement method
07:06:02 [TestNG-test-Test-1] INFO  verifyingDisplayTypeFilterFunctionality_Mobile_07-05-04 - [verifyingDisplayTypeFilterFunctionality_Mobile_07-05-04]Found the element returning it ,element ->[[ChromeDriver: chrome on windows (334c224878ca8d82f706666102eca05d)] -> xpath: //span[@id='productTitle']]
07:06:02 [TestNG-test-Test-1] INFO  verifyingDisplayTypeFilterFunctionality_Mobile_07-05-04 - [verifyingDisplayTypeFilterFunctionality_Mobile_07-05-04] Within safeFindElement method
07:06:02 [TestNG-test-Test-1] INFO  verifyingDisplayTypeFilterFunctionality_Mobile_07-05-04 - [verifyingDisplayTypeFilterFunctionality_Mobile_07-05-04]Found the element returning it ,element ->[[ChromeDriver: chrome on windows (334c224878ca8d82f706666102eca05d)] -> xpath: //div[@class='a-section a-spacing-small a-spacing-top-small']]
07:06:02 [TestNG-test-Test-1] INFO  verifyingDisplayTypeFilterFunctionality_Mobile_07-05-04 - [verifyingDisplayTypeFilterFunctionality_Mobile_07-05-04] Within safeFindElement method
07:06:02 [TestNG-test-Test-1] INFO  verifyingDisplayTypeFilterFunctionality_Mobile_07-05-04 - [verifyingDisplayTypeFilterFunctionality_Mobile_07-05-04]Found the element returning it ,element ->[[ChromeDriver: chrome on windows (334c224878ca8d82f706666102eca05d)] -> xpath: //div[@id='feature-bullets']]
07:06:02 [TestNG-test-Test-1] INFO  verifyingDisplayTypeFilterFunctionality_Mobile_07-05-04 - [verifyingDisplayTypeFilterFunctionality_Mobile_07-05-04] Within safeFindElement method
07:06:03 [TestNG-test-Test-1] INFO  verifyingDisplayTypeFilterFunctionality_Mobile_07-05-04 - [verifyingDisplayTypeFilterFunctionality_Mobile_07-05-04]Found the element returning it ,element ->[[ChromeDriver: chrome on windows (334c224878ca8d82f706666102eca05d)] -> xpath: //div[@id='prodDetails']]
07:06:03 [TestNG-test-Test-1] INFO  verifyingDisplayTypeFilterFunctionality_Mobile_07-05-04 - [verifyingDisplayTypeFilterFunctionality_Mobile_07-05-04] Extracting 'name' , 'keyFeatures', 'about' , 'techDetails' within productNameListingPage loop
07:06:03 [TestNG-test-Test-1] INFO  verifyingDisplayTypeFilterFunctionality_Mobile_07-05-04 - [verifyingDisplayTypeFilterFunctionality_Mobile_07-05-04] Waiting until element is visible in viewport
07:06:13 [TestNG-test-Test-1] INFO  verifyingDisplayTypeFilterFunctionality_Mobile_07-05-04 - [verifyingDisplayTypeFilterFunctionality_Mobile_07-05-04] Within smoothScrollToElement method
07:06:13 [TestNG-test-Test-1] INFO  verifyingDisplayTypeFilterFunctionality_Mobile_07-05-04 - [verifyingDisplayTypeFilterFunctionality_Mobile_07-05-04] Within safeFindElement method
07:06:13 [TestNG-test-Test-1] INFO  verifyingDisplayTypeFilterFunctionality_Mobile_07-05-04 - [verifyingDisplayTypeFilterFunctionality_Mobile_07-05-04]Found the element returning it ,element ->[[ChromeDriver: chrome on windows (334c224878ca8d82f706666102eca05d)] -> xpath: //a[@id='seeMoreDetailsLink']]
07:06:13 [TestNG-test-Test-1] INFO  verifyingDisplayTypeFilterFunctionality_Mobile_07-05-04 - [verifyingDisplayTypeFilterFunctionality_Mobile_07-05-04] Successfully scrolled to element: By.xpath: //a[@id='seeMoreDetailsLink']
07:06:13 [TestNG-test-Test-1] INFO  verifyingDisplayTypeFilterFunctionality_Mobile_07-05-04 - [verifyingDisplayTypeFilterFunctionality_Mobile_07-05-04] Within safeClick method
07:06:14 [TestNG-test-Test-1] INFO  verifyingDisplayTypeFilterFunctionality_Mobile_07-05-04 - [verifyingDisplayTypeFilterFunctionality_Mobile_07-05-04] Clicked the  [[ChromeDriver: chrome on windows (334c224878ca8d82f706666102eca05d)] -> xpath: //a[@id='seeMoreDetailsLink']]   using safeClick
07:06:14 [TestNG-test-Test-1] INFO  verifyingDisplayTypeFilterFunctionality_Mobile_07-05-04 - [verifyingDisplayTypeFilterFunctionality_Mobile_07-05-04] Within try block for clicking see more deatils within productNameListingPage loop
07:06:14 [TestNG-test-Test-1] INFO  verifyingDisplayTypeFilterFunctionality_Mobile_07-05-04 - [verifyingDisplayTypeFilterFunctionality_Mobile_07-05-04] Within closeCurrentWindowAndSwitchBack method
07:06:14 [TestNG-test-Test-1] INFO  verifyingDisplayTypeFilterFunctionality_Mobile_07-05-04 - [verifyingDisplayTypeFilterFunctionality_Mobile_07-05-04] Total open windows/tabs count -> 2
07:06:14 [TestNG-test-Test-1] INFO  verifyingDisplayTypeFilterFunctionality_Mobile_07-05-04 - [verifyingDisplayTypeFilterFunctionality_Mobile_07-05-04] Original window handle -> BD567E0F40BB4153B27EE298BF16C36B
07:06:14 [TestNG-test-Test-1] INFO  verifyingDisplayTypeFilterFunctionality_Mobile_07-05-04 - [verifyingDisplayTypeFilterFunctionality_Mobile_07-05-04] Found new tab/window handle -> D640FC62A1621215A31D02B2FE6B22BA (will be closed)
07:06:14 [TestNG-test-Test-1] INFO  verifyingDisplayTypeFilterFunctionality_Mobile_07-05-04 - [verifyingDisplayTypeFilterFunctionality_Mobile_07-05-04] Successfully switched to new tab/window -> D640FC62A1621215A31D02B2FE6B22BA
07:06:14 [TestNG-test-Test-1] INFO  verifyingDisplayTypeFilterFunctionality_Mobile_07-05-04 - [verifyingDisplayTypeFilterFunctionality_Mobile_07-05-04] Closed the newly opened tab/window -> D640FC62A1621215A31D02B2FE6B22BA
07:06:14 [TestNG-test-Test-1] INFO  verifyingDisplayTypeFilterFunctionality_Mobile_07-05-04 - [verifyingDisplayTypeFilterFunctionality_Mobile_07-05-04] Switched back to the original window -> BD567E0F40BB4153B27EE298BF16C36B
07:06:14 [TestNG-test-Test-1] INFO  verifyingDisplayTypeFilterFunctionality_Mobile_07-05-04 - [verifyingDisplayTypeFilterFunctionality_Mobile_07-05-04]  going back to product listing via closeCurrentWindowAndSwitchBack 
07:06:14 [TestNG-test-Test-1] INFO  verifyingDisplayTypeFilterFunctionality_Mobile_07-05-04 - [verifyingDisplayTypeFilterFunctionality_Mobile_07-05-04]  Added 'filter','title','keyFeatures', 'about', 'techDetails' into the Map -> productResult
07:06:14 [TestNG-test-Test-1] INFO  verifyingDisplayTypeFilterFunctionality_Mobile_07-05-04 - [verifyingDisplayTypeFilterFunctionality_Mobile_07-05-04]  Added 'productResult' Map into the 'results' i.e list of maps 
07:06:14 [TestNG-test-Test-1] INFO  verifyingDisplayTypeFilterFunctionality_Mobile_07-05-04 - [verifyingDisplayTypeFilterFunctionality_Mobile_07-05-04]==========================================================================================================
07:06:14 [TestNG-test-Test-1] INFO  verifyingDisplayTypeFilterFunctionality_Mobile_07-05-04 - [verifyingDisplayTypeFilterFunctionality_Mobile_07-05-04] Within safeFindElements 
07:06:14 [TestNG-test-Test-1] INFO  verifyingDisplayTypeFilterFunctionality_Mobile_07-05-04 - [verifyingDisplayTypeFilterFunctionality_Mobile_07-05-04] Returning the  [[[ChromeDriver: chrome on windows (334c224878ca8d82f706666102eca05d)] -> xpath: //div[@data-cy='title-recipe']], [[ChromeDriver: chrome on windows (334c224878ca8d82f706666102eca05d)] -> xpath: //div[@data-cy='title-recipe']], [[ChromeDriver: chrome on windows (334c224878ca8d82f706666102eca05d)] -> xpath: //div[@data-cy='title-recipe']], [[ChromeDriver: chrome on windows (334c224878ca8d82f706666102eca05d)] -> xpath: //div[@data-cy='title-recipe']], [[ChromeDriver: chrome on windows (334c224878ca8d82f706666102eca05d)] -> xpath: //div[@data-cy='title-recipe']], [[ChromeDriver: chrome on windows (334c224878ca8d82f706666102eca05d)] -> xpath: //div[@data-cy='title-recipe']], [[ChromeDriver: chrome on windows (334c224878ca8d82f706666102eca05d)] -> xpath: //div[@data-cy='title-recipe']], [[ChromeDriver: chrome on windows (334c224878ca8d82f706666102eca05d)] -> xpath: //div[@data-cy='title-recipe']], [[ChromeDriver: chrome on windows (334c224878ca8d82f706666102eca05d)] -> xpath: //div[@data-cy='title-recipe']], [[ChromeDriver: chrome on windows (334c224878ca8d82f706666102eca05d)] -> xpath: //div[@data-cy='title-recipe']], [[ChromeDriver: chrome on windows (334c224878ca8d82f706666102eca05d)] -> xpath: //div[@data-cy='title-recipe']], [[ChromeDriver: chrome on windows (334c224878ca8d82f706666102eca05d)] -> xpath: //div[@data-cy='title-recipe']], [[ChromeDriver: chrome on windows (334c224878ca8d82f706666102eca05d)] -> xpath: //div[@data-cy='title-recipe']], [[ChromeDriver: chrome on windows (334c224878ca8d82f706666102eca05d)] -> xpath: //div[@data-cy='title-recipe']], [[ChromeDriver: chrome on windows (334c224878ca8d82f706666102eca05d)] -> xpath: //div[@data-cy='title-recipe']], [[ChromeDriver: chrome on windows (334c224878ca8d82f706666102eca05d)] -> xpath: //div[@data-cy='title-recipe']]] from the safeFindElements method
07:06:14 [TestNG-test-Test-1] INFO  verifyingDisplayTypeFilterFunctionality_Mobile_07-05-04 - [verifyingDisplayTypeFilterFunctionality_Mobile_07-05-04] Within productNameListingPage loop in applyFilterAndValidateProductsWithResult
07:06:14 [TestNG-test-Test-1] INFO  verifyingDisplayTypeFilterFunctionality_Mobile_07-05-04 - [verifyingDisplayTypeFilterFunctionality_Mobile_07-05-04] Within getProductByIndex method
07:06:14 [TestNG-test-Test-1] INFO  verifyingDisplayTypeFilterFunctionality_Mobile_07-05-04 - [verifyingDisplayTypeFilterFunctionality_Mobile_07-05-04] Within safeFindElement method
07:06:14 [TestNG-test-Test-1] INFO  verifyingDisplayTypeFilterFunctionality_Mobile_07-05-04 - [verifyingDisplayTypeFilterFunctionality_Mobile_07-05-04]Found the element returning it ,element ->[[ChromeDriver: chrome on windows (334c224878ca8d82f706666102eca05d)] -> xpath: (//div[@data-cy='title-recipe'])[2]]
07:06:14 [TestNG-test-Test-1] INFO  verifyingDisplayTypeFilterFunctionality_Mobile_07-05-04 - [verifyingDisplayTypeFilterFunctionality_Mobile_07-05-04] Within getProductByIndex method
07:06:14 [TestNG-test-Test-1] INFO  verifyingDisplayTypeFilterFunctionality_Mobile_07-05-04 - [verifyingDisplayTypeFilterFunctionality_Mobile_07-05-04] Within smoothScrollToElement method
07:06:14 [TestNG-test-Test-1] INFO  verifyingDisplayTypeFilterFunctionality_Mobile_07-05-04 - [verifyingDisplayTypeFilterFunctionality_Mobile_07-05-04] Within safeFindElement method
07:06:14 [TestNG-test-Test-1] INFO  verifyingDisplayTypeFilterFunctionality_Mobile_07-05-04 - [verifyingDisplayTypeFilterFunctionality_Mobile_07-05-04]Found the element returning it ,element ->[[ChromeDriver: chrome on windows (334c224878ca8d82f706666102eca05d)] -> xpath: (//div[@data-cy='title-recipe'])[2]]
07:06:14 [TestNG-test-Test-1] INFO  verifyingDisplayTypeFilterFunctionality_Mobile_07-05-04 - [verifyingDisplayTypeFilterFunctionality_Mobile_07-05-04] Successfully scrolled to element: By.xpath: (//div[@data-cy='title-recipe'])[2]
07:06:14 [TestNG-test-Test-1] INFO  verifyingDisplayTypeFilterFunctionality_Mobile_07-05-04 - [verifyingDisplayTypeFilterFunctionality_Mobile_07-05-04] Getting product by index in productNameListingPage loop
07:06:15 [TestNG-test-Test-1] INFO  verifyingDisplayTypeFilterFunctionality_Mobile_07-05-04 - [verifyingDisplayTypeFilterFunctionality_Mobile_07-05-04] Opened product in new tab via Ctrl+Click inside productNameListingPage loop
07:06:15 [TestNG-test-Test-1] INFO  verifyingDisplayTypeFilterFunctionality_Mobile_07-05-04 - [verifyingDisplayTypeFilterFunctionality_Mobile_07-05-04] Waiting for new window to open...
07:06:15 [TestNG-test-Test-1] INFO  verifyingDisplayTypeFilterFunctionality_Mobile_07-05-04 - [verifyingDisplayTypeFilterFunctionality_Mobile_07-05-04] Switched to new window -> 68D36F54D441F392B133BCF7F82D44D2
07:06:15 [TestNG-test-Test-1] INFO  verifyingDisplayTypeFilterFunctionality_Mobile_07-05-04 - [verifyingDisplayTypeFilterFunctionality_Mobile_07-05-04] Swithcing to the new window  within productNameListingPage loop
07:06:15 [TestNG-test-Test-1] INFO  verifyingDisplayTypeFilterFunctionality_Mobile_07-05-04 - [verifyingDisplayTypeFilterFunctionality_Mobile_07-05-04] Clicked product name to open in new tab from productNameListingPage loop
07:06:15 [TestNG-test-Test-1] INFO  verifyingDisplayTypeFilterFunctionality_Mobile_07-05-04 - [verifyingDisplayTypeFilterFunctionality_Mobile_07-05-04] Waiting until element is visible in viewport
07:06:18 [TestNG-test-Test-1] WARN  verifyingDisplayTypeFilterFunctionality_Mobile_07-05-04 - [verifyingDisplayTypeFilterFunctionality_Mobile_07-05-04] Product detail page did not load for index 2 filter 'OLED'; skipping detail scrape to avoid redundant retries/timeouts
07:06:18 [TestNG-test-Test-1] INFO  verifyingDisplayTypeFilterFunctionality_Mobile_07-05-04 - [verifyingDisplayTypeFilterFunctionality_Mobile_07-05-04] Within closeCurrentWindowAndSwitchBack method
07:06:18 [TestNG-test-Test-1] INFO  verifyingDisplayTypeFilterFunctionality_Mobile_07-05-04 - [verifyingDisplayTypeFilterFunctionality_Mobile_07-05-04] Total open windows/tabs count -> 2
07:06:18 [TestNG-test-Test-1] INFO  verifyingDisplayTypeFilterFunctionality_Mobile_07-05-04 - [verifyingDisplayTypeFilterFunctionality_Mobile_07-05-04] Original window handle -> BD567E0F40BB4153B27EE298BF16C36B
07:06:18 [TestNG-test-Test-1] INFO  verifyingDisplayTypeFilterFunctionality_Mobile_07-05-04 - [verifyingDisplayTypeFilterFunctionality_Mobile_07-05-04] Found new tab/window handle -> 68D36F54D441F392B133BCF7F82D44D2 (will be closed)
07:06:18 [TestNG-test-Test-1] INFO  verifyingDisplayTypeFilterFunctionality_Mobile_07-05-04 - [verifyingDisplayTypeFilterFunctionality_Mobile_07-05-04] Successfully switched to new tab/window -> 68D36F54D441F392B133BCF7F82D44D2
07:06:18 [TestNG-test-Test-1] INFO  verifyingDisplayTypeFilterFunctionality_Mobile_07-05-04 - [verifyingDisplayTypeFilterFunctionality_Mobile_07-05-04] Closed the newly opened tab/window -> 68D36F54D441F392B133BCF7F82D44D2
07:06:18 [TestNG-test-Test-1] INFO  verifyingDisplayTypeFilterFunctionality_Mobile_07-05-04 - [verifyingDisplayTypeFilterFunctionality_Mobile_07-05-04] Switched back to the original window -> BD567E0F40BB4153B27EE298BF16C36B
07:06:18 [TestNG-test-Test-1] INFO  verifyingDisplayTypeFilterFunctionality_Mobile_07-05-04 - [verifyingDisplayTypeFilterFunctionality_Mobile_07-05-04]  going back to product listing via closeCurrentWindowAndSwitchBack 
07:06:18 [TestNG-test-Test-1] INFO  verifyingDisplayTypeFilterFunctionality_Mobile_07-05-04 - [verifyingDisplayTypeFilterFunctionality_Mobile_07-05-04]  Added 'filter','title','keyFeatures', 'about', 'techDetails' into the Map -> productResult
07:06:18 [TestNG-test-Test-1] INFO  verifyingDisplayTypeFilterFunctionality_Mobile_07-05-04 - [verifyingDisplayTypeFilterFunctionality_Mobile_07-05-04]  Added 'productResult' Map into the 'results' i.e list of maps 
07:06:18 [TestNG-test-Test-1] INFO  verifyingDisplayTypeFilterFunctionality_Mobile_07-05-04 - [verifyingDisplayTypeFilterFunctionality_Mobile_07-05-04]==========================================================================================================
07:06:18 [TestNG-test-Test-1] INFO  verifyingDisplayTypeFilterFunctionality_Mobile_07-05-04 - [verifyingDisplayTypeFilterFunctionality_Mobile_07-05-04] Within safeClick method
07:06:19 [TestNG-test-Test-1] INFO  verifyingDisplayTypeFilterFunctionality_Mobile_07-05-04 - [verifyingDisplayTypeFilterFunctionality_Mobile_07-05-04] Clicked the  [[ChromeDriver: chrome on windows (334c224878ca8d82f706666102eca05d)] -> xpath: //span[@class='a-size-base a-color-base' and text()='Clear']]   using safeClick
07:06:19 [TestNG-test-Test-1] INFO  verifyingDisplayTypeFilterFunctionality_Mobile_07-05-04 - [verifyingDisplayTypeFilterFunctionality_Mobile_07-05-04] Clearing the filter value ->OLEDwithin productNameListingPage loop
07:06:19 [TestNG-test-Test-1] INFO  verifyingDisplayTypeFilterFunctionality_Mobile_07-05-04 - [verifyingDisplayTypeFilterFunctionality_Mobile_07-05-04]==========================================================================================================
07:06:19 [TestNG-test-Test-1] INFO  verifyingDisplayTypeFilterFunctionality_Mobile_07-05-04 - [verifyingDisplayTypeFilterFunctionality_Mobile_07-05-04]==========================================================================================================
07:06:19 [TestNG-test-Test-1] INFO  verifyingDisplayTypeFilterFunctionality_Mobile_07-05-04 - [verifyingDisplayTypeFilterFunctionality_Mobile_07-05-04] returning the 'results' i.e list of Maps
07:06:19 [TestNG-test-Test-1] ERROR verifyingDisplayTypeFilterFunctionality_Mobile_07-05-04 - [verifyingDisplayTypeFilterFunctionality_Mobile_07-05-04] Mismatch found for filter 'amoled' on product ''
07:06:19 [TestNG-test-Test-1] ERROR verifyingDisplayTypeFilterFunctionality_Mobile_07-05-04 - [verifyingDisplayTypeFilterFunctionality_Mobile_07-05-04] Mismatch found for filter 'amoled' on product ''
07:06:19 [TestNG-test-Test-1] ERROR verifyingDisplayTypeFilterFunctionality_Mobile_07-05-04 - [verifyingDisplayTypeFilterFunctionality_Mobile_07-05-04] Mismatch found for filter 'lcd' on product ''
07:06:19 [TestNG-test-Test-1] ERROR verifyingDisplayTypeFilterFunctionality_Mobile_07-05-04 - [verifyingDisplayTypeFilterFunctionality_Mobile_07-05-04] Mismatch found for filter 'lcd' on product 'iqoo z10 lite 5g (titanium blue 2026, 4gb ram, 64gb storage) | dimensity 6300 5g processor | 50mp sony ai camera | 6000 mah battery | ip64 rated & military grade shock-resistance*'
07:06:19 [TestNG-test-Test-1] INFO  verifyingDisplayTypeFilterFunctionality_Mobile_07-05-04 - [verifyingDisplayTypeFilterFunctionality_Mobile_07-05-04]  Filter 'oled' matched in at least one section.
07:06:19 [TestNG-test-Test-1] ERROR verifyingDisplayTypeFilterFunctionality_Mobile_07-05-04 - [verifyingDisplayTypeFilterFunctionality_Mobile_07-05-04] Mismatch found for filter 'oled' on product ''
07:06:19 [TestNG-test-Test-1] INFO  verifyingDisplayTypeFilterFunctionality_Mobile_07-05-04 - [verifyingDisplayTypeFilterFunctionality_Mobile_07-05-04]  Final assertion for display type filter validation...
