21:06:45 [TestNG-test-Test-1] INFO  verifyingGetItIn2DaysFilterFunctionality_Mobile_21-06-45 - No existing WebDriver found for current thread. Initializing a new ChromeDriver...
21:06:45 [TestNG-test-Test-1] INFO  verifyingGetItIn2DaysFilterFunctionality_Mobile_21-06-45 - WebDriverManager: chromedriver setup OK
21:06:47 [TestNG-test-Test-1] INFO  verifyingGetItIn2DaysFilterFunctionality_Mobile_21-06-45 - ChromeDriver initialized successfully for thread: 34
21:06:52 [TestNG-test-Test-1] INFO  verifyingGetItIn2DaysFilterFunctionality_Mobile_21-06-45 - [verifyingGetItIn2DaysFilterFunctionality_Mobile_21-06-45] Opening amazon Landing page
21:06:52 [TestNG-test-Test-1] INFO  verifyingGetItIn2DaysFilterFunctionality_Mobile_21-06-45 - [verifyingGetItIn2DaysFilterFunctionality_Mobile_21-06-45] Within safeFindElement method
21:06:53 [TestNG-test-Test-1] INFO  verifyingGetItIn2DaysFilterFunctionality_Mobile_21-06-45 - [verifyingGetItIn2DaysFilterFunctionality_Mobile_21-06-45]Found the element returning it ,element ->[[ChromeDriver: chrome on windows (ba5228503da9285be9ace6f73ba91835)] -> xpath: //a[@id='nav-logo-sprites']]
21:06:53 [TestNG-test-Test-1] INFO  verifyingGetItIn2DaysFilterFunctionality_Mobile_21-06-45 - [verifyingGetItIn2DaysFilterFunctionality_Mobile_21-06-45] Giving input within the search bar
21:06:53 [TestNG-test-Test-1] INFO  verifyingGetItIn2DaysFilterFunctionality_Mobile_21-06-45 - [verifyingGetItIn2DaysFilterFunctionality_Mobile_21-06-45] Within safeClick method
21:07:06 [TestNG-test-Test-1] INFO  verifyingGetItIn2DaysFilterFunctionality_Mobile_21-06-45 - [verifyingGetItIn2DaysFilterFunctionality_Mobile_21-06-45] Clicked the  [[ChromeDriver: chrome on windows (ba5228503da9285be9ace6f73ba91835)] -> xpath: //input[@id='nav-search-submit-button']]   using safeClick
21:07:06 [TestNG-test-Test-1] INFO  verifyingGetItIn2DaysFilterFunctionality_Mobile_21-06-45 - [verifyingGetItIn2DaysFilterFunctionality_Mobile_21-06-45] Clicking on the submit in the search bar
21:07:07 [TestNG-test-Test-1] INFO  verifyingGetItIn2DaysFilterFunctionality_Mobile_21-06-45 - [verifyingGetItIn2DaysFilterFunctionality_Mobile_21-06-45] Waiting until element is visible in viewport
21:07:07 [TestNG-test-Test-1] INFO  verifyingGetItIn2DaysFilterFunctionality_Mobile_21-06-45 - [verifyingGetItIn2DaysFilterFunctionality_Mobile_21-06-45] Within validateDeliveryFilterOptionsWithResult method
21:07:07 [TestNG-test-Test-1] INFO  verifyingGetItIn2DaysFilterFunctionality_Mobile_21-06-45 - [verifyingGetItIn2DaysFilterFunctionality_Mobile_21-06-45] Within safeClick method
21:07:07 [TestNG-test-Test-1] INFO  verifyingGetItIn2DaysFilterFunctionality_Mobile_21-06-45 - [verifyingGetItIn2DaysFilterFunctionality_Mobile_21-06-45] Clicked the  [[ChromeDriver: chrome on windows (ba5228503da9285be9ace6f73ba91835)] -> xpath: //span[@class='a-size-base a-color-base puis-bold-weight-text' and text()='Delivery Day']/parent::div/following-sibling::ul//span[@class='a-size-base a-color-base' and text()='Get It in 2 Days']]   using safeClick
21:07:07 [TestNG-test-Test-1] INFO  verifyingGetItIn2DaysFilterFunctionality_Mobile_21-06-45 - [verifyingGetItIn2DaysFilterFunctionality_Mobile_21-06-45] Within getMoreButtonByFilterTypeAndName method
21:07:07 [TestNG-test-Test-1] INFO  verifyingGetItIn2DaysFilterFunctionality_Mobile_21-06-45 - [verifyingGetItIn2DaysFilterFunctionality_Mobile_21-06-45] Clicked on By.xpath: //span[@class='a-size-base a-color-base puis-bold-weight-text' and text()='Delivery Day']/parent::div/following-sibling::ul//span[@class='a-size-base a-color-base' and text()='Get It in 2 Days']
21:07:07 [TestNG-test-Test-1] INFO  verifyingGetItIn2DaysFilterFunctionality_Mobile_21-06-45 - [verifyingGetItIn2DaysFilterFunctionality_Mobile_21-06-45] Within safeFindElements 
21:07:08 [TestNG-test-Test-1] INFO  verifyingGetItIn2DaysFilterFunctionality_Mobile_21-06-45 - [verifyingGetItIn2DaysFilterFunctionality_Mobile_21-06-45] Returning the  [[[ChromeDriver: chrome on windows (ba5228503da9285be9ace6f73ba91835)] -> xpath: //div[@class='a-section a-spacing-small a-spacing-top-small']], [[ChromeDriver: chrome on windows (ba5228503da9285be9ace6f73ba91835)] -> xpath: //div[@class='a-section a-spacing-small a-spacing-top-small']], [[ChromeDriver: chrome on windows (ba5228503da9285be9ace6f73ba91835)] -> xpath: //div[@class='a-section a-spacing-small a-spacing-top-small']], [[ChromeDriver: chrome on windows (ba5228503da9285be9ace6f73ba91835)] -> xpath: //div[@class='a-section a-spacing-small a-spacing-top-small']], [[ChromeDriver: chrome on windows (ba5228503da9285be9ace6f73ba91835)] -> xpath: //div[@class='a-section a-spacing-small a-spacing-top-small']], [[ChromeDriver: chrome on windows (ba5228503da9285be9ace6f73ba91835)] -> xpath: //div[@class='a-section a-spacing-small a-spacing-top-small']], [[ChromeDriver: chrome on windows (ba5228503da9285be9ace6f73ba91835)] -> xpath: //div[@class='a-section a-spacing-small a-spacing-top-small']], [[ChromeDriver: chrome on windows (ba5228503da9285be9ace6f73ba91835)] -> xpath: //div[@class='a-section a-spacing-small a-spacing-top-small']]] from the safeFindElements method
21:07:08 [TestNG-test-Test-1] INFO  verifyingGetItIn2DaysFilterFunctionality_Mobile_21-06-45 - [verifyingGetItIn2DaysFilterFunctionality_Mobile_21-06-45] Created hashset with required data to assert with Within validateDeliveryFilterOptionsWithResult method
21:07:08 [TestNG-test-Test-1] INFO  verifyingGetItIn2DaysFilterFunctionality_Mobile_21-06-45 - [verifyingGetItIn2DaysFilterFunctionality_Mobile_21-06-45] this is the set  [Today, 25, 26, FREE delivery, Sat, Fri, Tomorrow, Sep]
21:07:08 [TestNG-test-Test-1] INFO  verifyingGetItIn2DaysFilterFunctionality_Mobile_21-06-45 - [verifyingGetItIn2DaysFilterFunctionality_Mobile_21-06-45] Within deliveryElements loop iterating over the products  Within validateDeliveryFilterOptionsWithResult method
21:07:08 [TestNG-test-Test-1] INFO  verifyingGetItIn2DaysFilterFunctionality_Mobile_21-06-45 - [verifyingGetItIn2DaysFilterFunctionality_Mobile_21-06-45] Checking if the allowedDateParts have the assert text — index 0, text: Samsung Galaxy M07 Mobile (Black, 4GB RAM, 64GB Storage) | MediaTek Helio G99 | AnTuTu 624K | IP54| 50MP Camera | 7.6mm Slim | 5000mAh Battery | 25W Fast Charging | 6 Gen OS Upgrades | Without Charger
4.2
(2.5K)
5K+ bought in past month
₹11,999
Up to 5% back with Amazon Pay ICICI card
FREE delivery Mon, 28 Sept
Or fastest delivery Today 4 pm - 8 pm
Add to cart
21:07:08 [TestNG-test-Test-1] INFO  verifyingGetItIn2DaysFilterFunctionality_Mobile_21-06-45 - [verifyingGetItIn2DaysFilterFunctionality_Mobile_21-06-45] Within deliveryElements loop iterating over the products  Within validateDeliveryFilterOptionsWithResult method
21:07:08 [TestNG-test-Test-1] INFO  verifyingGetItIn2DaysFilterFunctionality_Mobile_21-06-45 - [verifyingGetItIn2DaysFilterFunctionality_Mobile_21-06-45] Checking if the allowedDateParts have the assert text — index 1, text: OnePlus 13s | Snapdragon® 8 Elite | Smarter with OnePlus AI | Lifetime Display Warranty | 12GB+512GB | Green Silk
4.6
(561)
200+ bought in past month
₹59,999
M.R.P:
₹62,999 (5% off)
Save extra with No Cost EMI
FREE delivery Mon, 28 Sept
Or fastest delivery Today 4 pm - 8 pm
Add to cart
21:07:08 [TestNG-test-Test-1] INFO  verifyingGetItIn2DaysFilterFunctionality_Mobile_21-06-45 - [verifyingGetItIn2DaysFilterFunctionality_Mobile_21-06-45] Within deliveryElements loop iterating over the products  Within validateDeliveryFilterOptionsWithResult method
21:07:08 [TestNG-test-Test-1] INFO  verifyingGetItIn2DaysFilterFunctionality_Mobile_21-06-45 - [verifyingGetItIn2DaysFilterFunctionality_Mobile_21-06-45] Checking if the allowedDateParts have the assert text — index 2, text: iQOO Z10 Lite 5G (Titanium Blue 2026, 4GB RAM, 64GB Storage) | Dimensity 6300 5G Processor | 50MP Sony AI Camera | 6000 mAh Battery | IP64 Rated & Military Grade Shock-Resistance*
4.1
(432)
1K+ bought in past month
Sale Price Live
₹16,997
M.R.P:
₹27,999 (39% off)
FREE delivery Mon, 28 Sept
Or fastest delivery Today 4 pm - 8 pm
Add to cart
21:07:08 [TestNG-test-Test-1] INFO  verifyingGetItIn2DaysFilterFunctionality_Mobile_21-06-45 - [verifyingGetItIn2DaysFilterFunctionality_Mobile_21-06-45] Within deliveryElements loop iterating over the products  Within validateDeliveryFilterOptionsWithResult method
21:07:08 [TestNG-test-Test-1] INFO  verifyingGetItIn2DaysFilterFunctionality_Mobile_21-06-45 - [verifyingGetItIn2DaysFilterFunctionality_Mobile_21-06-45] Checking if the allowedDateParts have the assert text — index 3, text: OnePlus Nord CE6 Lite | 8GB+128GB | Vivid Mint | Segment's Fastest Dimensity 7400 Apex Processor | 7000mAh Battery | Segment's Highest 144Hz Refresh Rate | 50MP Main Camera, 4K Video Recording
4.4
(864)
500+ bought in past month
₹30,999
M.R.P:
₹33,999 (9% off)
Up to 5% back with Amazon Pay ICICI card
FREE delivery Mon, 28 Sept
Or fastest delivery Today 4 pm - 8 pm
Add to cart
21:07:08 [TestNG-test-Test-1] INFO  verifyingGetItIn2DaysFilterFunctionality_Mobile_21-06-45 - [verifyingGetItIn2DaysFilterFunctionality_Mobile_21-06-45] Within deliveryElements loop iterating over the products  Within validateDeliveryFilterOptionsWithResult method
21:07:09 [TestNG-test-Test-1] INFO  verifyingGetItIn2DaysFilterFunctionality_Mobile_21-06-45 - [verifyingGetItIn2DaysFilterFunctionality_Mobile_21-06-45] Checking if the allowedDateParts have the assert text — index 4, text: Redmi 15C 5G Prime Edition Dusk Purple 6GB + 128GB | Massive 6000mAh Battery | Segment's Largest 17.53cm Display Up to 120Hz | MediaTek Dimensity 6300 | 33W Fast Charging | 50MP AI Dual Camera
4.1
(587)
1K+ bought in past month
Sale Price Live
₹19,499
M.R.P:
₹31,999 (39% off)
Up to 5% back with Amazon Pay ICICI card
FREE delivery Mon, 28 Sept
Or fastest delivery Today 4 pm - 8 pm
Add to cart
21:07:09 [TestNG-test-Test-1] INFO  verifyingGetItIn2DaysFilterFunctionality_Mobile_21-06-45 - [verifyingGetItIn2DaysFilterFunctionality_Mobile_21-06-45] Within deliveryElements loop iterating over the products  Within validateDeliveryFilterOptionsWithResult method
21:07:09 [TestNG-test-Test-1] INFO  verifyingGetItIn2DaysFilterFunctionality_Mobile_21-06-45 - [verifyingGetItIn2DaysFilterFunctionality_Mobile_21-06-45] Checking if the allowedDateParts have the assert text — index 5, text: OnePlus N6 Lite | 4GB+64GB | Neo Green | Massive 7000mAh Long-Lasting Battery | 120Hz Ultra Smooth Display | 36 Months Fast & Smooth | Military-Grade Durability
Limited time deal
₹16,999
M.R.P:
₹24,999 (32% off)
Up to 5% back with Amazon Pay ICI...
FREE delivery Mon, 28 Sept
Or fastest delivery Today 4 pm - 8 pm
Add to cart
21:07:09 [TestNG-test-Test-1] INFO  verifyingGetItIn2DaysFilterFunctionality_Mobile_21-06-45 - [verifyingGetItIn2DaysFilterFunctionality_Mobile_21-06-45] Within deliveryElements loop iterating over the products  Within validateDeliveryFilterOptionsWithResult method
21:07:09 [TestNG-test-Test-1] INFO  verifyingGetItIn2DaysFilterFunctionality_Mobile_21-06-45 - [verifyingGetItIn2DaysFilterFunctionality_Mobile_21-06-45] Checking if the allowedDateParts have the assert text — index 6, text: OnePlus N6 | 4GB+128GB | Midnight Green | Segment's Biggest 8000mAh Battery | Segment's Fastest 45W Charging | 48-Month Smoothness | Smooth 120Hz Display | 50MP Camera | Military-Grade Durability
3.6
(494)
1K+ bought in past month
₹24,999
M.R.P:
₹30,999 (19% off)
Up to 5% back with Amazon Pay ICI...
FREE delivery Mon, 28 Sept
Or fastest delivery Today 4 pm - 8 pm
Add to cart
21:07:09 [TestNG-test-Test-1] INFO  verifyingGetItIn2DaysFilterFunctionality_Mobile_21-06-45 - [verifyingGetItIn2DaysFilterFunctionality_Mobile_21-06-45] Within deliveryElements loop iterating over the products  Within validateDeliveryFilterOptionsWithResult method
21:07:09 [TestNG-test-Test-1] INFO  verifyingGetItIn2DaysFilterFunctionality_Mobile_21-06-45 - [verifyingGetItIn2DaysFilterFunctionality_Mobile_21-06-45] Checking if the allowedDateParts have the assert text — index 7, text: Samsung Galaxy A56 5G Mobile (Awesome Olive, 8GB, 256GB) | Segment Most Complete Triple Camera | 50MP | AI Editing | 4nm Processor | sAMOLED | 5000mAh | Gorilla Glass Victus+| Knox Security
4.4
(679)
500+ bought in past month
₹40,999
M.R.P:
₹48,999 (16% off)
Save extra with No Cost EMI
FREE delivery Mon, 28 Sept
Or fastest delivery Today 4 pm - 8 pm
Add to cart
21:07:09 [TestNG-test-Test-1] INFO  verifyingGetItIn2DaysFilterFunctionality_Mobile_21-06-45 - [verifyingGetItIn2DaysFilterFunctionality_Mobile_21-06-45] Returning the list with boolean values   Within validateDeliveryFilterOptionsWithResult method
21:07:09 [TestNG-test-Test-1] INFO  verifyingGetItIn2DaysFilterFunctionality_Mobile_21-06-45 - [verifyingGetItIn2DaysFilterFunctionality_Mobile_21-06-45] Asserting delivery filter: isValid=true, index=-1, text=All the things are valid no errors
