19:56:29 [TestNG-test-Test-3] INFO  verifyingTheBrandsFilterFunctionality_Tablet_19-56-29 - No existing WebDriver found for current thread. Initializing a new ChromeDriver...
19:56:29 [TestNG-test-Test-3] INFO  verifyingTheBrandsFilterFunctionality_Tablet_19-56-29 - WebDriverManager: chromedriver setup OK
19:56:30 [TestNG-test-Test-3] INFO  verifyingTheBrandsFilterFunctionality_Tablet_19-56-29 - ChromeDriver initialized successfully for thread: 36
19:56:34 [TestNG-test-Test-3] INFO  verifyingTheBrandsFilterFunctionality_Tablet_19-56-29 - [verifyingTheBrandsFilterFunctionality_Tablet_19-56-29] Opening amazon Landing page
19:56:34 [TestNG-test-Test-3] INFO  verifyingTheBrandsFilterFunctionality_Tablet_19-56-29 - [verifyingTheBrandsFilterFunctionality_Tablet_19-56-29] Within safeFindElement method
19:56:34 [TestNG-test-Test-3] INFO  verifyingTheBrandsFilterFunctionality_Tablet_19-56-29 - [verifyingTheBrandsFilterFunctionality_Tablet_19-56-29]Found the element returning it ,element ->[[ChromeDriver: chrome on windows (a3e556dcdde86bfced332291ef976989)] -> xpath: //a[@id='nav-logo-sprites']]
19:56:36 [TestNG-test-Test-3] INFO  verifyingTheBrandsFilterFunctionality_Tablet_19-56-29 - [verifyingTheBrandsFilterFunctionality_Tablet_19-56-29] Giving input within the search bar
19:56:36 [TestNG-test-Test-3] INFO  verifyingTheBrandsFilterFunctionality_Tablet_19-56-29 - [verifyingTheBrandsFilterFunctionality_Tablet_19-56-29] Within safeClick method
19:56:39 [TestNG-test-Test-3] INFO  verifyingTheBrandsFilterFunctionality_Tablet_19-56-29 - [verifyingTheBrandsFilterFunctionality_Tablet_19-56-29] Clicked the  [[ChromeDriver: chrome on windows (a3e556dcdde86bfced332291ef976989)] -> xpath: //input[@id='nav-search-submit-button']]   using safeClick
19:56:39 [TestNG-test-Test-3] INFO  verifyingTheBrandsFilterFunctionality_Tablet_19-56-29 - [verifyingTheBrandsFilterFunctionality_Tablet_19-56-29] Clicking on the submit in the search bar
19:56:39 [TestNG-test-Test-3] INFO  verifyingTheBrandsFilterFunctionality_Tablet_19-56-29 - [verifyingTheBrandsFilterFunctionality_Tablet_19-56-29] Within filterCheckUnderList method
19:56:39 [TestNG-test-Test-3] INFO  verifyingTheBrandsFilterFunctionality_Tablet_19-56-29 - [verifyingTheBrandsFilterFunctionality_Tablet_19-56-29] Found the Filter within the filter check List
19:56:39 [TestNG-test-Test-3] INFO  verifyingTheBrandsFilterFunctionality_Tablet_19-56-29 - [verifyingTheBrandsFilterFunctionality_Tablet_19-56-29] Within safeFindElements 
19:56:44 [TestNG-test-Test-3] INFO  verifyingTheBrandsFilterFunctionality_Tablet_19-56-29 - [verifyingTheBrandsFilterFunctionality_Tablet_19-56-29] Retrying findElements for:By.xpath: //span[@class='a-size-base a-color-base puis-bold-weight-text' and text()='Brands']/parent::div/following-sibling::div[@class='a-section a-spacing-medium sf-navigation-searchable-content']//span[@class='a-size-base a-color-base']
19:56:46 [TestNG-test-Test-3] INFO  verifyingTheBrandsFilterFunctionality_Tablet_19-56-29 - [verifyingTheBrandsFilterFunctionality_Tablet_19-56-29] Refreshing the page while trying to find :By.xpath: //span[@class='a-size-base a-color-base puis-bold-weight-text' and text()='Brands']/parent::div/following-sibling::div[@class='a-section a-spacing-medium sf-navigation-searchable-content']//span[@class='a-size-base a-color-base']
19:56:46 [TestNG-test-Test-3] INFO  verifyingTheBrandsFilterFunctionality_Tablet_19-56-29 - [verifyingTheBrandsFilterFunctionality_Tablet_19-56-29] Skipping action Elements not found after1  Attempts
19:56:51 [TestNG-test-Test-3] INFO  verifyingTheBrandsFilterFunctionality_Tablet_19-56-29 - [verifyingTheBrandsFilterFunctionality_Tablet_19-56-29] Retrying findElements for:By.xpath: //span[@class='a-size-base a-color-base puis-bold-weight-text' and text()='Brands']/parent::div/following-sibling::div[@class='a-section a-spacing-medium sf-navigation-searchable-content']//span[@class='a-size-base a-color-base']
19:56:53 [TestNG-test-Test-3] INFO  verifyingTheBrandsFilterFunctionality_Tablet_19-56-29 - [verifyingTheBrandsFilterFunctionality_Tablet_19-56-29] Refreshing the page while trying to find :By.xpath: //span[@class='a-size-base a-color-base puis-bold-weight-text' and text()='Brands']/parent::div/following-sibling::div[@class='a-section a-spacing-medium sf-navigation-searchable-content']//span[@class='a-size-base a-color-base']
19:56:53 [TestNG-test-Test-3] INFO  verifyingTheBrandsFilterFunctionality_Tablet_19-56-29 - [verifyingTheBrandsFilterFunctionality_Tablet_19-56-29] Skipping action Elements not found after2  Attempts
19:56:53 [TestNG-test-Test-3] INFO  verifyingTheBrandsFilterFunctionality_Tablet_19-56-29 - [verifyingTheBrandsFilterFunctionality_Tablet_19-56-29] Within applyFilterAndValidateBrandsFilterWithResult method
19:56:53 [TestNG-test-Test-3] INFO  verifyingTheBrandsFilterFunctionality_Tablet_19-56-29 - [verifyingTheBrandsFilterFunctionality_Tablet_19-56-29] Scrolling to the 'More' Button under brands filter section
19:56:53 [TestNG-test-Test-3] INFO  verifyingTheBrandsFilterFunctionality_Tablet_19-56-29 - [verifyingTheBrandsFilterFunctionality_Tablet_19-56-29] Within safeFindElement method
19:56:53 [TestNG-test-Test-3] INFO  verifyingTheBrandsFilterFunctionality_Tablet_19-56-29 - [verifyingTheBrandsFilterFunctionality_Tablet_19-56-29]Found the element returning it ,element ->[[ChromeDriver: chrome on windows (a3e556dcdde86bfced332291ef976989)] -> xpath: //a[@aria-label='See more, Brands']]
19:56:53 [TestNG-test-Test-3] INFO  verifyingTheBrandsFilterFunctionality_Tablet_19-56-29 - [verifyingTheBrandsFilterFunctionality_Tablet_19-56-29] Within smoothScrollToElement method
19:56:53 [TestNG-test-Test-3] INFO  verifyingTheBrandsFilterFunctionality_Tablet_19-56-29 - [verifyingTheBrandsFilterFunctionality_Tablet_19-56-29] Within safeFindElement method
19:56:53 [TestNG-test-Test-3] INFO  verifyingTheBrandsFilterFunctionality_Tablet_19-56-29 - [verifyingTheBrandsFilterFunctionality_Tablet_19-56-29]Found the element returning it ,element ->[[ChromeDriver: chrome on windows (a3e556dcdde86bfced332291ef976989)] -> xpath: //a[@aria-label='See more, Brands']]
19:56:53 [TestNG-test-Test-3] INFO  verifyingTheBrandsFilterFunctionality_Tablet_19-56-29 - [verifyingTheBrandsFilterFunctionality_Tablet_19-56-29] Successfully scrolled to element: By.xpath: //a[@aria-label='See more, Brands']
19:56:53 [TestNG-test-Test-3] INFO  verifyingTheBrandsFilterFunctionality_Tablet_19-56-29 - [verifyingTheBrandsFilterFunctionality_Tablet_19-56-29] Within safeClick method
19:56:54 [TestNG-test-Test-3] INFO  verifyingTheBrandsFilterFunctionality_Tablet_19-56-29 - [verifyingTheBrandsFilterFunctionality_Tablet_19-56-29] Clicked the  [[ChromeDriver: chrome on windows (a3e556dcdde86bfced332291ef976989)] -> xpath: //a[@aria-label='See more, Brands']]   using safeClick
19:56:54 [TestNG-test-Test-3] INFO  verifyingTheBrandsFilterFunctionality_Tablet_19-56-29 - [verifyingTheBrandsFilterFunctionality_Tablet_19-56-29] Clicked the 'More' Button under brands filter section
19:56:54 [TestNG-test-Test-3] INFO  verifyingTheBrandsFilterFunctionality_Tablet_19-56-29 - [verifyingTheBrandsFilterFunctionality_Tablet_19-56-29] Within safeFindElements 
19:56:54 [TestNG-test-Test-3] INFO  verifyingTheBrandsFilterFunctionality_Tablet_19-56-29 - [verifyingTheBrandsFilterFunctionality_Tablet_19-56-29] Returning the  [[[ChromeDriver: chrome on windows (a3e556dcdde86bfced332291ef976989)] -> xpath: //ul[@id='filter-p_123']//span[@class='a-size-base a-color-base']], [[ChromeDriver: chrome on windows (a3e556dcdde86bfced332291ef976989)] -> xpath: //ul[@id='filter-p_123']//span[@class='a-size-base a-color-base']], [[ChromeDriver: chrome on windows (a3e556dcdde86bfced332291ef976989)] -> xpath: //ul[@id='filter-p_123']//span[@class='a-size-base a-color-base']], [[ChromeDriver: chrome on windows (a3e556dcdde86bfced332291ef976989)] -> xpath: //ul[@id='filter-p_123']//span[@class='a-size-base a-color-base']], [[ChromeDriver: chrome on windows (a3e556dcdde86bfced332291ef976989)] -> xpath: //ul[@id='filter-p_123']//span[@class='a-size-base a-color-base']], [[ChromeDriver: chrome on windows (a3e556dcdde86bfced332291ef976989)] -> xpath: //ul[@id='filter-p_123']//span[@class='a-size-base a-color-base']], [[ChromeDriver: chrome on windows (a3e556dcdde86bfced332291ef976989)] -> xpath: //ul[@id='filter-p_123']//span[@class='a-size-base a-color-base']], [[ChromeDriver: chrome on windows (a3e556dcdde86bfced332291ef976989)] -> xpath: //ul[@id='filter-p_123']//span[@class='a-size-base a-color-base']], [[ChromeDriver: chrome on windows (a3e556dcdde86bfced332291ef976989)] -> xpath: //ul[@id='filter-p_123']//span[@class='a-size-base a-color-base']]] from the safeFindElements method
19:56:54 [TestNG-test-Test-3] INFO  verifyingTheBrandsFilterFunctionality_Tablet_19-56-29 - [verifyingTheBrandsFilterFunctionality_Tablet_19-56-29] Within the filterOptions loop 
19:56:54 [TestNG-test-Test-3] INFO  verifyingTheBrandsFilterFunctionality_Tablet_19-56-29 - [verifyingTheBrandsFilterFunctionality_Tablet_19-56-29] Within safeFindElements 
19:56:54 [TestNG-test-Test-3] INFO  verifyingTheBrandsFilterFunctionality_Tablet_19-56-29 - [verifyingTheBrandsFilterFunctionality_Tablet_19-56-29] Returning the  [[[ChromeDriver: chrome on windows (a3e556dcdde86bfced332291ef976989)] -> xpath: //ul[@id='filter-p_123']//span[@class='a-size-base a-color-base']], [[ChromeDriver: chrome on windows (a3e556dcdde86bfced332291ef976989)] -> xpath: //ul[@id='filter-p_123']//span[@class='a-size-base a-color-base']], [[ChromeDriver: chrome on windows (a3e556dcdde86bfced332291ef976989)] -> xpath: //ul[@id='filter-p_123']//span[@class='a-size-base a-color-base']], [[ChromeDriver: chrome on windows (a3e556dcdde86bfced332291ef976989)] -> xpath: //ul[@id='filter-p_123']//span[@class='a-size-base a-color-base']], [[ChromeDriver: chrome on windows (a3e556dcdde86bfced332291ef976989)] -> xpath: //ul[@id='filter-p_123']//span[@class='a-size-base a-color-base']], [[ChromeDriver: chrome on windows (a3e556dcdde86bfced332291ef976989)] -> xpath: //ul[@id='filter-p_123']//span[@class='a-size-base a-color-base']], [[ChromeDriver: chrome on windows (a3e556dcdde86bfced332291ef976989)] -> xpath: //ul[@id='filter-p_123']//span[@class='a-size-base a-color-base']], [[ChromeDriver: chrome on windows (a3e556dcdde86bfced332291ef976989)] -> xpath: //ul[@id='filter-p_123']//span[@class='a-size-base a-color-base']], [[ChromeDriver: chrome on windows (a3e556dcdde86bfced332291ef976989)] -> xpath: //ul[@id='filter-p_123']//span[@class='a-size-base a-color-base']]] from the safeFindElements method
19:56:54 [TestNG-test-Test-3] INFO  verifyingTheBrandsFilterFunctionality_Tablet_19-56-29 - [verifyingTheBrandsFilterFunctionality_Tablet_19-56-29] Within safeFindElement method
19:56:54 [TestNG-test-Test-3] INFO  verifyingTheBrandsFilterFunctionality_Tablet_19-56-29 - [verifyingTheBrandsFilterFunctionality_Tablet_19-56-29]Found the element returning it ,element ->[[ChromeDriver: chrome on windows (a3e556dcdde86bfced332291ef976989)] -> xpath: //a[@aria-label='See more, Brands']]
19:56:54 [TestNG-test-Test-3] INFO  verifyingTheBrandsFilterFunctionality_Tablet_19-56-29 - [verifyingTheBrandsFilterFunctionality_Tablet_19-56-29] Within smoothScrollToElement method
19:56:54 [TestNG-test-Test-3] INFO  verifyingTheBrandsFilterFunctionality_Tablet_19-56-29 - [verifyingTheBrandsFilterFunctionality_Tablet_19-56-29] Within safeFindElement method
19:56:54 [TestNG-test-Test-3] INFO  verifyingTheBrandsFilterFunctionality_Tablet_19-56-29 - [verifyingTheBrandsFilterFunctionality_Tablet_19-56-29]Found the element returning it ,element ->[[ChromeDriver: chrome on windows (a3e556dcdde86bfced332291ef976989)] -> xpath: //a[@aria-label='See more, Brands']]
19:56:54 [TestNG-test-Test-3] INFO  verifyingTheBrandsFilterFunctionality_Tablet_19-56-29 - [verifyingTheBrandsFilterFunctionality_Tablet_19-56-29] Successfully scrolled to element: By.xpath: //a[@aria-label='See more, Brands']
19:56:54 [TestNG-test-Test-3] INFO  verifyingTheBrandsFilterFunctionality_Tablet_19-56-29 - [verifyingTheBrandsFilterFunctionality_Tablet_19-56-29] Within safeClick method
19:56:54 [TestNG-test-Test-3] INFO  verifyingTheBrandsFilterFunctionality_Tablet_19-56-29 - [verifyingTheBrandsFilterFunctionality_Tablet_19-56-29] Clicked the  [[ChromeDriver: chrome on windows (a3e556dcdde86bfced332291ef976989)] -> xpath: //a[@aria-label='See more, Brands']]   using safeClick
19:56:54 [TestNG-test-Test-3] INFO  verifyingTheBrandsFilterFunctionality_Tablet_19-56-29 - [verifyingTheBrandsFilterFunctionality_Tablet_19-56-29] Within safeFindElements 
19:56:54 [TestNG-test-Test-3] INFO  verifyingTheBrandsFilterFunctionality_Tablet_19-56-29 - [verifyingTheBrandsFilterFunctionality_Tablet_19-56-29] Returning the  [[[ChromeDriver: chrome on windows (a3e556dcdde86bfced332291ef976989)] -> xpath: //ul[@id='filter-p_123']//span[@class='a-size-base a-color-base']], [[ChromeDriver: chrome on windows (a3e556dcdde86bfced332291ef976989)] -> xpath: //ul[@id='filter-p_123']//span[@class='a-size-base a-color-base']], [[ChromeDriver: chrome on windows (a3e556dcdde86bfced332291ef976989)] -> xpath: //ul[@id='filter-p_123']//span[@class='a-size-base a-color-base']], [[ChromeDriver: chrome on windows (a3e556dcdde86bfced332291ef976989)] -> xpath: //ul[@id='filter-p_123']//span[@class='a-size-base a-color-base']], [[ChromeDriver: chrome on windows (a3e556dcdde86bfced332291ef976989)] -> xpath: //ul[@id='filter-p_123']//span[@class='a-size-base a-color-base']], [[ChromeDriver: chrome on windows (a3e556dcdde86bfced332291ef976989)] -> xpath: //ul[@id='filter-p_123']//span[@class='a-size-base a-color-base']], [[ChromeDriver: chrome on windows (a3e556dcdde86bfced332291ef976989)] -> xpath: //ul[@id='filter-p_123']//span[@class='a-size-base a-color-base']], [[ChromeDriver: chrome on windows (a3e556dcdde86bfced332291ef976989)] -> xpath: //ul[@id='filter-p_123']//span[@class='a-size-base a-color-base']], [[ChromeDriver: chrome on windows (a3e556dcdde86bfced332291ef976989)] -> xpath: //ul[@id='filter-p_123']//span[@class='a-size-base a-color-base']]] from the safeFindElements method
19:56:54 [TestNG-test-Test-3] INFO  verifyingTheBrandsFilterFunctionality_Tablet_19-56-29 - [verifyingTheBrandsFilterFunctionality_Tablet_19-56-29] Within getfilterByTypeAndName method
19:56:54 [TestNG-test-Test-3] INFO  verifyingTheBrandsFilterFunctionality_Tablet_19-56-29 - [verifyingTheBrandsFilterFunctionality_Tablet_19-56-29] Within safeClickBooleanWithScreenShot method
19:56:54 [TestNG-test-Test-3] INFO  verifyingTheBrandsFilterFunctionality_Tablet_19-56-29 - [verifyingTheBrandsFilterFunctionality_Tablet_19-56-29] Within getAppliedfilterByTypeAndName method
19:56:54 [TestNG-test-Test-3] INFO  verifyingTheBrandsFilterFunctionality_Tablet_19-56-29 - [verifyingTheBrandsFilterFunctionality_Tablet_19-56-29] Within smoothScrollToElement method
19:56:54 [TestNG-test-Test-3] INFO  verifyingTheBrandsFilterFunctionality_Tablet_19-56-29 - [verifyingTheBrandsFilterFunctionality_Tablet_19-56-29] Within safeFindElement method
19:56:54 [TestNG-test-Test-3] INFO  verifyingTheBrandsFilterFunctionality_Tablet_19-56-29 - [verifyingTheBrandsFilterFunctionality_Tablet_19-56-29]Found the element returning it ,element ->[[ChromeDriver: chrome on windows (a3e556dcdde86bfced332291ef976989)] -> xpath: //span[@class='a-size-base a-color-base puis-bold-weight-text' and text()='Brands']]
19:56:54 [TestNG-test-Test-3] INFO  verifyingTheBrandsFilterFunctionality_Tablet_19-56-29 - [verifyingTheBrandsFilterFunctionality_Tablet_19-56-29] Successfully scrolled to element: By.xpath: //span[@class='a-size-base a-color-base puis-bold-weight-text' and text()='Brands']
19:56:54 [TestNG-test-Test-3] INFO  verifyingTheBrandsFilterFunctionality_Tablet_19-56-29 - [verifyingTheBrandsFilterFunctionality_Tablet_19-56-29] Within getMoreButtonByFilterTypeAndName method
19:56:54 [TestNG-test-Test-3] INFO  verifyingTheBrandsFilterFunctionality_Tablet_19-56-29 - [verifyingTheBrandsFilterFunctionality_Tablet_19-56-29] could not find more button
19:56:54 [TestNG-test-Test-3] INFO  verifyingTheBrandsFilterFunctionality_Tablet_19-56-29 - [verifyingTheBrandsFilterFunctionality_Tablet_19-56-29] Within getAppliedfilterByTypeAndName method
19:56:54 [TestNG-test-Test-3] INFO  verifyingTheBrandsFilterFunctionality_Tablet_19-56-29 - [verifyingTheBrandsFilterFunctionality_Tablet_19-56-29] Within smoothScrollToElement method
19:56:54 [TestNG-test-Test-3] INFO  verifyingTheBrandsFilterFunctionality_Tablet_19-56-29 - [verifyingTheBrandsFilterFunctionality_Tablet_19-56-29] Within safeFindElement method
19:56:56 [TestNG-test-Test-3] INFO  verifyingTheBrandsFilterFunctionality_Tablet_19-56-29 - [verifyingTheBrandsFilterFunctionality_Tablet_19-56-29]Found the element returning it ,element ->[[ChromeDriver: chrome on windows (a3e556dcdde86bfced332291ef976989)] -> xpath: //span[@class='a-size-base a-color-base puis-bold-weight-text' and text()='Brands']]
19:56:56 [TestNG-test-Test-3] INFO  verifyingTheBrandsFilterFunctionality_Tablet_19-56-29 - [verifyingTheBrandsFilterFunctionality_Tablet_19-56-29] Successfully scrolled to element: By.xpath: //span[@class='a-size-base a-color-base puis-bold-weight-text' and text()='Brands']
19:56:56 [TestNG-test-Test-3] INFO  verifyingTheBrandsFilterFunctionality_Tablet_19-56-29 - [verifyingTheBrandsFilterFunctionality_Tablet_19-56-29] Within getMoreButtonByFilterTypeAndName method
19:56:56 [TestNG-test-Test-3] INFO  verifyingTheBrandsFilterFunctionality_Tablet_19-56-29 - [verifyingTheBrandsFilterFunctionality_Tablet_19-56-29] could not find more button
19:56:56 [TestNG-test-Test-3] INFO  verifyingTheBrandsFilterFunctionality_Tablet_19-56-29 - [verifyingTheBrandsFilterFunctionality_Tablet_19-56-29] Within getfilterByTypeAndName method
19:56:56 [TestNG-test-Test-3] INFO  verifyingTheBrandsFilterFunctionality_Tablet_19-56-29 - [verifyingTheBrandsFilterFunctionality_Tablet_19-56-29] Within smoothScrollToElement method
19:56:56 [TestNG-test-Test-3] INFO  verifyingTheBrandsFilterFunctionality_Tablet_19-56-29 - [verifyingTheBrandsFilterFunctionality_Tablet_19-56-29] Within safeFindElement method
19:57:01 [TestNG-test-Test-3] INFO  verifyingTheBrandsFilterFunctionality_Tablet_19-56-29 - [verifyingTheBrandsFilterFunctionality_Tablet_19-56-29]Retrying findElement for: ->By.xpath: //ul[@id='filter-p_123']//span[@class='a-size-base a-color-base' and text()='Samsung']
19:57:02 [TestNG-test-Test-3] INFO  verifyingTheBrandsFilterFunctionality_Tablet_19-56-29 - [verifyingTheBrandsFilterFunctionality_Tablet_19-56-29]Refrehsing the page , while trying to safely find : ->By.xpath: //ul[@id='filter-p_123']//span[@class='a-size-base a-color-base' and text()='Samsung']
19:57:07 [TestNG-test-Test-3] INFO  verifyingTheBrandsFilterFunctionality_Tablet_19-56-29 - [verifyingTheBrandsFilterFunctionality_Tablet_19-56-29]Retrying findElement for: ->By.xpath: //ul[@id='filter-p_123']//span[@class='a-size-base a-color-base' and text()='Samsung']
19:57:08 [TestNG-test-Test-3] INFO  verifyingTheBrandsFilterFunctionality_Tablet_19-56-29 - [verifyingTheBrandsFilterFunctionality_Tablet_19-56-29]Refrehsing the page , while trying to safely find : ->By.xpath: //ul[@id='filter-p_123']//span[@class='a-size-base a-color-base' and text()='Samsung']
19:57:08 [TestNG-test-Test-3] INFO  verifyingTheBrandsFilterFunctionality_Tablet_19-56-29 - [verifyingTheBrandsFilterFunctionality_Tablet_19-56-29] Skipping action: Element not found after 2   attemps
19:57:08 [TestNG-test-Test-3] WARN  verifyingTheBrandsFilterFunctionality_Tablet_19-56-29 - [verifyingTheBrandsFilterFunctionality_Tablet_19-56-29] Element not found for locator: By.xpath: //ul[@id='filter-p_123']//span[@class='a-size-base a-color-base' and text()='Samsung']
19:57:08 [TestNG-test-Test-3] INFO  verifyingTheBrandsFilterFunctionality_Tablet_19-56-29 - [verifyingTheBrandsFilterFunctionality_Tablet_19-56-29] Clicked the element using safe click ,element is [[ChromeDriver: chrome on windows (a3e556dcdde86bfced332291ef976989)] -> xpath: //ul[@id='filter-p_123']//span[@class='a-size-base a-color-base' and text()='Samsung']]
19:57:08 [TestNG-test-Test-3] INFO  verifyingTheBrandsFilterFunctionality_Tablet_19-56-29 - [verifyingTheBrandsFilterFunctionality_Tablet_19-56-29] Clicked on SamsungWithin the filterOptions loop
19:57:08 [TestNG-test-Test-3] INFO  verifyingTheBrandsFilterFunctionality_Tablet_19-56-29 - [verifyingTheBrandsFilterFunctionality_Tablet_19-56-29] Within safeFindElements 
19:57:08 [TestNG-test-Test-3] INFO  verifyingTheBrandsFilterFunctionality_Tablet_19-56-29 - [verifyingTheBrandsFilterFunctionality_Tablet_19-56-29] Returning the  [[[ChromeDriver: chrome on windows (a3e556dcdde86bfced332291ef976989)] -> xpath: //div[@data-cy='title-recipe']], [[ChromeDriver: chrome on windows (a3e556dcdde86bfced332291ef976989)] -> xpath: //div[@data-cy='title-recipe']], [[ChromeDriver: chrome on windows (a3e556dcdde86bfced332291ef976989)] -> xpath: //div[@data-cy='title-recipe']], [[ChromeDriver: chrome on windows (a3e556dcdde86bfced332291ef976989)] -> xpath: //div[@data-cy='title-recipe']], [[ChromeDriver: chrome on windows (a3e556dcdde86bfced332291ef976989)] -> xpath: //div[@data-cy='title-recipe']], [[ChromeDriver: chrome on windows (a3e556dcdde86bfced332291ef976989)] -> xpath: //div[@data-cy='title-recipe']], [[ChromeDriver: chrome on windows (a3e556dcdde86bfced332291ef976989)] -> xpath: //div[@data-cy='title-recipe']], [[ChromeDriver: chrome on windows (a3e556dcdde86bfced332291ef976989)] -> xpath: //div[@data-cy='title-recipe']], [[ChromeDriver: chrome on windows (a3e556dcdde86bfced332291ef976989)] -> xpath: //div[@data-cy='title-recipe']], [[ChromeDriver: chrome on windows (a3e556dcdde86bfced332291ef976989)] -> xpath: //div[@data-cy='title-recipe']], [[ChromeDriver: chrome on windows (a3e556dcdde86bfced332291ef976989)] -> xpath: //div[@data-cy='title-recipe']], [[ChromeDriver: chrome on windows (a3e556dcdde86bfced332291ef976989)] -> xpath: //div[@data-cy='title-recipe']], [[ChromeDriver: chrome on windows (a3e556dcdde86bfced332291ef976989)] -> xpath: //div[@data-cy='title-recipe']], [[ChromeDriver: chrome on windows (a3e556dcdde86bfced332291ef976989)] -> xpath: //div[@data-cy='title-recipe']], [[ChromeDriver: chrome on windows (a3e556dcdde86bfced332291ef976989)] -> xpath: //div[@data-cy='title-recipe']], [[ChromeDriver: chrome on windows (a3e556dcdde86bfced332291ef976989)] -> xpath: //div[@data-cy='title-recipe']]] from the safeFindElements method
19:57:08 [TestNG-test-Test-3] INFO  verifyingTheBrandsFilterFunctionality_Tablet_19-56-29 - [verifyingTheBrandsFilterFunctionality_Tablet_19-56-29] Within productNameListingPage loop with product index 0and filter name Samsung
19:57:08 [TestNG-test-Test-3] INFO  verifyingTheBrandsFilterFunctionality_Tablet_19-56-29 - [verifyingTheBrandsFilterFunctionality_Tablet_19-56-29] Within productNameListingPage loop with product index 1and filter name Samsung
19:57:08 [TestNG-test-Test-3] INFO  verifyingTheBrandsFilterFunctionality_Tablet_19-56-29 - [verifyingTheBrandsFilterFunctionality_Tablet_19-56-29] Within productNameListingPage loop with product index 2and filter name Samsung
19:57:08 [TestNG-test-Test-3] INFO  verifyingTheBrandsFilterFunctionality_Tablet_19-56-29 - [verifyingTheBrandsFilterFunctionality_Tablet_19-56-29] Within productNameListingPage loop with product index 3and filter name Samsung
19:57:08 [TestNG-test-Test-3] INFO  verifyingTheBrandsFilterFunctionality_Tablet_19-56-29 - [verifyingTheBrandsFilterFunctionality_Tablet_19-56-29] Within productNameListingPage loop with product index 4and filter name Samsung
19:57:08 [TestNG-test-Test-3] INFO  verifyingTheBrandsFilterFunctionality_Tablet_19-56-29 - [verifyingTheBrandsFilterFunctionality_Tablet_19-56-29] Within productNameListingPage loop with product index 5and filter name Samsung
19:57:08 [TestNG-test-Test-3] INFO  verifyingTheBrandsFilterFunctionality_Tablet_19-56-29 - [verifyingTheBrandsFilterFunctionality_Tablet_19-56-29] Within productNameListingPage loop with product index 6and filter name Samsung
19:57:08 [TestNG-test-Test-3] INFO  verifyingTheBrandsFilterFunctionality_Tablet_19-56-29 - [verifyingTheBrandsFilterFunctionality_Tablet_19-56-29] Within productNameListingPage loop with product index 7and filter name Samsung
19:57:09 [TestNG-test-Test-3] INFO  verifyingTheBrandsFilterFunctionality_Tablet_19-56-29 - [verifyingTheBrandsFilterFunctionality_Tablet_19-56-29] Within productNameListingPage loop with product index 8and filter name Samsung
19:57:09 [TestNG-test-Test-3] INFO  verifyingTheBrandsFilterFunctionality_Tablet_19-56-29 - [verifyingTheBrandsFilterFunctionality_Tablet_19-56-29] Within productNameListingPage loop with product index 9and filter name Samsung
19:57:09 [TestNG-test-Test-3] INFO  verifyingTheBrandsFilterFunctionality_Tablet_19-56-29 - [verifyingTheBrandsFilterFunctionality_Tablet_19-56-29] Within productNameListingPage loop with product index 10and filter name Samsung
19:57:09 [TestNG-test-Test-3] INFO  verifyingTheBrandsFilterFunctionality_Tablet_19-56-29 - [verifyingTheBrandsFilterFunctionality_Tablet_19-56-29] Within productNameListingPage loop with product index 11and filter name Samsung
19:57:09 [TestNG-test-Test-3] INFO  verifyingTheBrandsFilterFunctionality_Tablet_19-56-29 - [verifyingTheBrandsFilterFunctionality_Tablet_19-56-29] Within productNameListingPage loop with product index 12and filter name Samsung
19:57:09 [TestNG-test-Test-3] INFO  verifyingTheBrandsFilterFunctionality_Tablet_19-56-29 - [verifyingTheBrandsFilterFunctionality_Tablet_19-56-29] Within productNameListingPage loop with product index 13and filter name Samsung
19:57:09 [TestNG-test-Test-3] INFO  verifyingTheBrandsFilterFunctionality_Tablet_19-56-29 - [verifyingTheBrandsFilterFunctionality_Tablet_19-56-29] Within productNameListingPage loop with product index 14and filter name Samsung
19:57:09 [TestNG-test-Test-3] INFO  verifyingTheBrandsFilterFunctionality_Tablet_19-56-29 - [verifyingTheBrandsFilterFunctionality_Tablet_19-56-29] Within productNameListingPage loop with product index 15and filter name Samsung
19:57:09 [TestNG-test-Test-3] INFO  verifyingTheBrandsFilterFunctionality_Tablet_19-56-29 - [verifyingTheBrandsFilterFunctionality_Tablet_19-56-29] Creating 'result' Map for storing ,'brand','isValid','mismatches list' with map size ->3
19:57:09 [TestNG-test-Test-3] INFO  verifyingTheBrandsFilterFunctionality_Tablet_19-56-29 - [verifyingTheBrandsFilterFunctionality_Tablet_19-56-29] Adding 'result' with the data into 'allResults' i.e list of Map3
19:57:09 [TestNG-test-Test-3] INFO  verifyingTheBrandsFilterFunctionality_Tablet_19-56-29 - [verifyingTheBrandsFilterFunctionality_Tablet_19-56-29] Waiting until element is visible in viewport
19:57:09 [TestNG-test-Test-3] INFO  verifyingTheBrandsFilterFunctionality_Tablet_19-56-29 - [verifyingTheBrandsFilterFunctionality_Tablet_19-56-29] Within safeClick method
19:57:09 [TestNG-test-Test-3] INFO  verifyingTheBrandsFilterFunctionality_Tablet_19-56-29 - [verifyingTheBrandsFilterFunctionality_Tablet_19-56-29] Clicked the  [[ChromeDriver: chrome on windows (a3e556dcdde86bfced332291ef976989)] -> xpath: //span[@class='a-size-base a-color-base' and text()='Clear']]   using safeClick
19:57:09 [TestNG-test-Test-3] INFO  verifyingTheBrandsFilterFunctionality_Tablet_19-56-29 - [verifyingTheBrandsFilterFunctionality_Tablet_19-56-29] Clicked clear button for the filter ->Samsung
19:57:09 [TestNG-test-Test-3] INFO  verifyingTheBrandsFilterFunctionality_Tablet_19-56-29 - [verifyingTheBrandsFilterFunctionality_Tablet_19-56-29] Within the filterOptions loop 
19:57:09 [TestNG-test-Test-3] INFO  verifyingTheBrandsFilterFunctionality_Tablet_19-56-29 - [verifyingTheBrandsFilterFunctionality_Tablet_19-56-29] Within safeFindElements 
19:57:10 [TestNG-test-Test-3] INFO  verifyingTheBrandsFilterFunctionality_Tablet_19-56-29 - [verifyingTheBrandsFilterFunctionality_Tablet_19-56-29] Returning the  [[[ChromeDriver: chrome on windows (a3e556dcdde86bfced332291ef976989)] -> xpath: //ul[@id='filter-p_123']//span[@class='a-size-base a-color-base']], [[ChromeDriver: chrome on windows (a3e556dcdde86bfced332291ef976989)] -> xpath: //ul[@id='filter-p_123']//span[@class='a-size-base a-color-base']], [[ChromeDriver: chrome on windows (a3e556dcdde86bfced332291ef976989)] -> xpath: //ul[@id='filter-p_123']//span[@class='a-size-base a-color-base']], [[ChromeDriver: chrome on windows (a3e556dcdde86bfced332291ef976989)] -> xpath: //ul[@id='filter-p_123']//span[@class='a-size-base a-color-base']], [[ChromeDriver: chrome on windows (a3e556dcdde86bfced332291ef976989)] -> xpath: //ul[@id='filter-p_123']//span[@class='a-size-base a-color-base']], [[ChromeDriver: chrome on windows (a3e556dcdde86bfced332291ef976989)] -> xpath: //ul[@id='filter-p_123']//span[@class='a-size-base a-color-base']], [[ChromeDriver: chrome on windows (a3e556dcdde86bfced332291ef976989)] -> xpath: //ul[@id='filter-p_123']//span[@class='a-size-base a-color-base']], [[ChromeDriver: chrome on windows (a3e556dcdde86bfced332291ef976989)] -> xpath: //ul[@id='filter-p_123']//span[@class='a-size-base a-color-base']], [[ChromeDriver: chrome on windows (a3e556dcdde86bfced332291ef976989)] -> xpath: //ul[@id='filter-p_123']//span[@class='a-size-base a-color-base']]] from the safeFindElements method
19:57:10 [TestNG-test-Test-3] INFO  verifyingTheBrandsFilterFunctionality_Tablet_19-56-29 - [verifyingTheBrandsFilterFunctionality_Tablet_19-56-29] Within safeFindElement method
19:57:10 [TestNG-test-Test-3] INFO  verifyingTheBrandsFilterFunctionality_Tablet_19-56-29 - [verifyingTheBrandsFilterFunctionality_Tablet_19-56-29]Found the element returning it ,element ->[[ChromeDriver: chrome on windows (a3e556dcdde86bfced332291ef976989)] -> xpath: //a[@aria-label='See more, Brands']]
19:57:10 [TestNG-test-Test-3] INFO  verifyingTheBrandsFilterFunctionality_Tablet_19-56-29 - [verifyingTheBrandsFilterFunctionality_Tablet_19-56-29] Within smoothScrollToElement method
19:57:10 [TestNG-test-Test-3] INFO  verifyingTheBrandsFilterFunctionality_Tablet_19-56-29 - [verifyingTheBrandsFilterFunctionality_Tablet_19-56-29] Within safeFindElement method
19:57:10 [TestNG-test-Test-3] INFO  verifyingTheBrandsFilterFunctionality_Tablet_19-56-29 - [verifyingTheBrandsFilterFunctionality_Tablet_19-56-29]Found the element returning it ,element ->[[ChromeDriver: chrome on windows (a3e556dcdde86bfced332291ef976989)] -> xpath: //a[@aria-label='See more, Brands']]
19:57:10 [TestNG-test-Test-3] INFO  verifyingTheBrandsFilterFunctionality_Tablet_19-56-29 - [verifyingTheBrandsFilterFunctionality_Tablet_19-56-29] Successfully scrolled to element: By.xpath: //a[@aria-label='See more, Brands']
19:57:10 [TestNG-test-Test-3] INFO  verifyingTheBrandsFilterFunctionality_Tablet_19-56-29 - [verifyingTheBrandsFilterFunctionality_Tablet_19-56-29] Within safeClick method
19:57:10 [TestNG-test-Test-3] INFO  verifyingTheBrandsFilterFunctionality_Tablet_19-56-29 - [verifyingTheBrandsFilterFunctionality_Tablet_19-56-29] Clicked the  [[ChromeDriver: chrome on windows (a3e556dcdde86bfced332291ef976989)] -> xpath: //a[@aria-label='See more, Brands']]   using safeClick
19:57:10 [TestNG-test-Test-3] INFO  verifyingTheBrandsFilterFunctionality_Tablet_19-56-29 - [verifyingTheBrandsFilterFunctionality_Tablet_19-56-29] Within safeFindElements 
19:57:10 [TestNG-test-Test-3] INFO  verifyingTheBrandsFilterFunctionality_Tablet_19-56-29 - [verifyingTheBrandsFilterFunctionality_Tablet_19-56-29] Returning the  [[[ChromeDriver: chrome on windows (a3e556dcdde86bfced332291ef976989)] -> xpath: //ul[@id='filter-p_123']//span[@class='a-size-base a-color-base']], [[ChromeDriver: chrome on windows (a3e556dcdde86bfced332291ef976989)] -> xpath: //ul[@id='filter-p_123']//span[@class='a-size-base a-color-base']], [[ChromeDriver: chrome on windows (a3e556dcdde86bfced332291ef976989)] -> xpath: //ul[@id='filter-p_123']//span[@class='a-size-base a-color-base']], [[ChromeDriver: chrome on windows (a3e556dcdde86bfced332291ef976989)] -> xpath: //ul[@id='filter-p_123']//span[@class='a-size-base a-color-base']], [[ChromeDriver: chrome on windows (a3e556dcdde86bfced332291ef976989)] -> xpath: //ul[@id='filter-p_123']//span[@class='a-size-base a-color-base']], [[ChromeDriver: chrome on windows (a3e556dcdde86bfced332291ef976989)] -> xpath: //ul[@id='filter-p_123']//span[@class='a-size-base a-color-base']], [[ChromeDriver: chrome on windows (a3e556dcdde86bfced332291ef976989)] -> xpath: //ul[@id='filter-p_123']//span[@class='a-size-base a-color-base']], [[ChromeDriver: chrome on windows (a3e556dcdde86bfced332291ef976989)] -> xpath: //ul[@id='filter-p_123']//span[@class='a-size-base a-color-base']], [[ChromeDriver: chrome on windows (a3e556dcdde86bfced332291ef976989)] -> xpath: //ul[@id='filter-p_123']//span[@class='a-size-base a-color-base']]] from the safeFindElements method
19:57:10 [TestNG-test-Test-3] INFO  verifyingTheBrandsFilterFunctionality_Tablet_19-56-29 - [verifyingTheBrandsFilterFunctionality_Tablet_19-56-29] Within getfilterByTypeAndName method
19:57:10 [TestNG-test-Test-3] INFO  verifyingTheBrandsFilterFunctionality_Tablet_19-56-29 - [verifyingTheBrandsFilterFunctionality_Tablet_19-56-29] Within safeClickBooleanWithScreenShot method
19:57:10 [TestNG-test-Test-3] INFO  verifyingTheBrandsFilterFunctionality_Tablet_19-56-29 - [verifyingTheBrandsFilterFunctionality_Tablet_19-56-29] Within getAppliedfilterByTypeAndName method
19:57:10 [TestNG-test-Test-3] INFO  verifyingTheBrandsFilterFunctionality_Tablet_19-56-29 - [verifyingTheBrandsFilterFunctionality_Tablet_19-56-29] Within smoothScrollToElement method
19:57:10 [TestNG-test-Test-3] INFO  verifyingTheBrandsFilterFunctionality_Tablet_19-56-29 - [verifyingTheBrandsFilterFunctionality_Tablet_19-56-29] Within safeFindElement method
19:57:10 [TestNG-test-Test-3] INFO  verifyingTheBrandsFilterFunctionality_Tablet_19-56-29 - [verifyingTheBrandsFilterFunctionality_Tablet_19-56-29]Found the element returning it ,element ->[[ChromeDriver: chrome on windows (a3e556dcdde86bfced332291ef976989)] -> xpath: //span[@class='a-size-base a-color-base puis-bold-weight-text' and text()='Brands']]
19:57:10 [TestNG-test-Test-3] INFO  verifyingTheBrandsFilterFunctionality_Tablet_19-56-29 - [verifyingTheBrandsFilterFunctionality_Tablet_19-56-29] Successfully scrolled to element: By.xpath: //span[@class='a-size-base a-color-base puis-bold-weight-text' and text()='Brands']
19:57:10 [TestNG-test-Test-3] INFO  verifyingTheBrandsFilterFunctionality_Tablet_19-56-29 - [verifyingTheBrandsFilterFunctionality_Tablet_19-56-29] Within getMoreButtonByFilterTypeAndName method
19:57:10 [TestNG-test-Test-3] INFO  verifyingTheBrandsFilterFunctionality_Tablet_19-56-29 - [verifyingTheBrandsFilterFunctionality_Tablet_19-56-29] could not find more button
19:57:11 [TestNG-test-Test-3] INFO  verifyingTheBrandsFilterFunctionality_Tablet_19-56-29 - [verifyingTheBrandsFilterFunctionality_Tablet_19-56-29] Within getAppliedfilterByTypeAndName method
19:57:11 [TestNG-test-Test-3] INFO  verifyingTheBrandsFilterFunctionality_Tablet_19-56-29 - [verifyingTheBrandsFilterFunctionality_Tablet_19-56-29] Within smoothScrollToElement method
19:57:11 [TestNG-test-Test-3] INFO  verifyingTheBrandsFilterFunctionality_Tablet_19-56-29 - [verifyingTheBrandsFilterFunctionality_Tablet_19-56-29] Within safeFindElement method
19:57:12 [TestNG-test-Test-3] INFO  verifyingTheBrandsFilterFunctionality_Tablet_19-56-29 - [verifyingTheBrandsFilterFunctionality_Tablet_19-56-29]Found the element returning it ,element ->[[ChromeDriver: chrome on windows (a3e556dcdde86bfced332291ef976989)] -> xpath: //span[@class='a-size-base a-color-base puis-bold-weight-text' and text()='Brands']]
19:57:12 [TestNG-test-Test-3] INFO  verifyingTheBrandsFilterFunctionality_Tablet_19-56-29 - [verifyingTheBrandsFilterFunctionality_Tablet_19-56-29] Successfully scrolled to element: By.xpath: //span[@class='a-size-base a-color-base puis-bold-weight-text' and text()='Brands']
19:57:12 [TestNG-test-Test-3] INFO  verifyingTheBrandsFilterFunctionality_Tablet_19-56-29 - [verifyingTheBrandsFilterFunctionality_Tablet_19-56-29] Within getMoreButtonByFilterTypeAndName method
19:57:12 [TestNG-test-Test-3] INFO  verifyingTheBrandsFilterFunctionality_Tablet_19-56-29 - [verifyingTheBrandsFilterFunctionality_Tablet_19-56-29] could not find more button
19:57:12 [TestNG-test-Test-3] INFO  verifyingTheBrandsFilterFunctionality_Tablet_19-56-29 - [verifyingTheBrandsFilterFunctionality_Tablet_19-56-29] Within getfilterByTypeAndName method
19:57:12 [TestNG-test-Test-3] INFO  verifyingTheBrandsFilterFunctionality_Tablet_19-56-29 - [verifyingTheBrandsFilterFunctionality_Tablet_19-56-29] Within smoothScrollToElement method
19:57:12 [TestNG-test-Test-3] INFO  verifyingTheBrandsFilterFunctionality_Tablet_19-56-29 - [verifyingTheBrandsFilterFunctionality_Tablet_19-56-29] Within safeFindElement method
19:57:17 [TestNG-test-Test-3] INFO  verifyingTheBrandsFilterFunctionality_Tablet_19-56-29 - [verifyingTheBrandsFilterFunctionality_Tablet_19-56-29]Retrying findElement for: ->By.xpath: //ul[@id='filter-p_123']//span[@class='a-size-base a-color-base' and text()='XIAOMI']
19:57:18 [TestNG-test-Test-3] INFO  verifyingTheBrandsFilterFunctionality_Tablet_19-56-29 - [verifyingTheBrandsFilterFunctionality_Tablet_19-56-29]Refrehsing the page , while trying to safely find : ->By.xpath: //ul[@id='filter-p_123']//span[@class='a-size-base a-color-base' and text()='XIAOMI']
19:57:24 [TestNG-test-Test-3] INFO  verifyingTheBrandsFilterFunctionality_Tablet_19-56-29 - [verifyingTheBrandsFilterFunctionality_Tablet_19-56-29]Retrying findElement for: ->By.xpath: //ul[@id='filter-p_123']//span[@class='a-size-base a-color-base' and text()='XIAOMI']
19:57:25 [TestNG-test-Test-3] INFO  verifyingTheBrandsFilterFunctionality_Tablet_19-56-29 - [verifyingTheBrandsFilterFunctionality_Tablet_19-56-29]Refrehsing the page , while trying to safely find : ->By.xpath: //ul[@id='filter-p_123']//span[@class='a-size-base a-color-base' and text()='XIAOMI']
19:57:25 [TestNG-test-Test-3] INFO  verifyingTheBrandsFilterFunctionality_Tablet_19-56-29 - [verifyingTheBrandsFilterFunctionality_Tablet_19-56-29] Skipping action: Element not found after 2   attemps
19:57:25 [TestNG-test-Test-3] WARN  verifyingTheBrandsFilterFunctionality_Tablet_19-56-29 - [verifyingTheBrandsFilterFunctionality_Tablet_19-56-29] Element not found for locator: By.xpath: //ul[@id='filter-p_123']//span[@class='a-size-base a-color-base' and text()='XIAOMI']
19:57:25 [TestNG-test-Test-3] INFO  verifyingTheBrandsFilterFunctionality_Tablet_19-56-29 - [verifyingTheBrandsFilterFunctionality_Tablet_19-56-29] Clicked the element using safe click ,element is [[ChromeDriver: chrome on windows (a3e556dcdde86bfced332291ef976989)] -> xpath: //ul[@id='filter-p_123']//span[@class='a-size-base a-color-base' and text()='XIAOMI']]
19:57:25 [TestNG-test-Test-3] INFO  verifyingTheBrandsFilterFunctionality_Tablet_19-56-29 - [verifyingTheBrandsFilterFunctionality_Tablet_19-56-29] Clicked on XIAOMIWithin the filterOptions loop
19:57:25 [TestNG-test-Test-3] INFO  verifyingTheBrandsFilterFunctionality_Tablet_19-56-29 - [verifyingTheBrandsFilterFunctionality_Tablet_19-56-29] Within safeFindElements 
19:57:25 [TestNG-test-Test-3] INFO  verifyingTheBrandsFilterFunctionality_Tablet_19-56-29 - [verifyingTheBrandsFilterFunctionality_Tablet_19-56-29] Returning the  [[[ChromeDriver: chrome on windows (a3e556dcdde86bfced332291ef976989)] -> xpath: //div[@data-cy='title-recipe']], [[ChromeDriver: chrome on windows (a3e556dcdde86bfced332291ef976989)] -> xpath: //div[@data-cy='title-recipe']], [[ChromeDriver: chrome on windows (a3e556dcdde86bfced332291ef976989)] -> xpath: //div[@data-cy='title-recipe']], [[ChromeDriver: chrome on windows (a3e556dcdde86bfced332291ef976989)] -> xpath: //div[@data-cy='title-recipe']], [[ChromeDriver: chrome on windows (a3e556dcdde86bfced332291ef976989)] -> xpath: //div[@data-cy='title-recipe']], [[ChromeDriver: chrome on windows (a3e556dcdde86bfced332291ef976989)] -> xpath: //div[@data-cy='title-recipe']], [[ChromeDriver: chrome on windows (a3e556dcdde86bfced332291ef976989)] -> xpath: //div[@data-cy='title-recipe']], [[ChromeDriver: chrome on windows (a3e556dcdde86bfced332291ef976989)] -> xpath: //div[@data-cy='title-recipe']], [[ChromeDriver: chrome on windows (a3e556dcdde86bfced332291ef976989)] -> xpath: //div[@data-cy='title-recipe']], [[ChromeDriver: chrome on windows (a3e556dcdde86bfced332291ef976989)] -> xpath: //div[@data-cy='title-recipe']], [[ChromeDriver: chrome on windows (a3e556dcdde86bfced332291ef976989)] -> xpath: //div[@data-cy='title-recipe']], [[ChromeDriver: chrome on windows (a3e556dcdde86bfced332291ef976989)] -> xpath: //div[@data-cy='title-recipe']], [[ChromeDriver: chrome on windows (a3e556dcdde86bfced332291ef976989)] -> xpath: //div[@data-cy='title-recipe']], [[ChromeDriver: chrome on windows (a3e556dcdde86bfced332291ef976989)] -> xpath: //div[@data-cy='title-recipe']], [[ChromeDriver: chrome on windows (a3e556dcdde86bfced332291ef976989)] -> xpath: //div[@data-cy='title-recipe']], [[ChromeDriver: chrome on windows (a3e556dcdde86bfced332291ef976989)] -> xpath: //div[@data-cy='title-recipe']]] from the safeFindElements method
19:57:25 [TestNG-test-Test-3] INFO  verifyingTheBrandsFilterFunctionality_Tablet_19-56-29 - [verifyingTheBrandsFilterFunctionality_Tablet_19-56-29] Within productNameListingPage loop with product index 0and filter name XIAOMI
19:57:25 [TestNG-test-Test-3] INFO  verifyingTheBrandsFilterFunctionality_Tablet_19-56-29 - [verifyingTheBrandsFilterFunctionality_Tablet_19-56-29] Within productNameListingPage loop with product index 1and filter name XIAOMI
19:57:25 [TestNG-test-Test-3] INFO  verifyingTheBrandsFilterFunctionality_Tablet_19-56-29 - [verifyingTheBrandsFilterFunctionality_Tablet_19-56-29] Within productNameListingPage loop with product index 2and filter name XIAOMI
19:57:25 [TestNG-test-Test-3] INFO  verifyingTheBrandsFilterFunctionality_Tablet_19-56-29 - [verifyingTheBrandsFilterFunctionality_Tablet_19-56-29] Within productNameListingPage loop with product index 3and filter name XIAOMI
19:57:25 [TestNG-test-Test-3] INFO  verifyingTheBrandsFilterFunctionality_Tablet_19-56-29 - [verifyingTheBrandsFilterFunctionality_Tablet_19-56-29] Within productNameListingPage loop with product index 4and filter name XIAOMI
19:57:25 [TestNG-test-Test-3] INFO  verifyingTheBrandsFilterFunctionality_Tablet_19-56-29 - [verifyingTheBrandsFilterFunctionality_Tablet_19-56-29] Within productNameListingPage loop with product index 5and filter name XIAOMI
19:57:25 [TestNG-test-Test-3] INFO  verifyingTheBrandsFilterFunctionality_Tablet_19-56-29 - [verifyingTheBrandsFilterFunctionality_Tablet_19-56-29] Within productNameListingPage loop with product index 6and filter name XIAOMI
19:57:25 [TestNG-test-Test-3] INFO  verifyingTheBrandsFilterFunctionality_Tablet_19-56-29 - [verifyingTheBrandsFilterFunctionality_Tablet_19-56-29] Within productNameListingPage loop with product index 7and filter name XIAOMI
19:57:25 [TestNG-test-Test-3] INFO  verifyingTheBrandsFilterFunctionality_Tablet_19-56-29 - [verifyingTheBrandsFilterFunctionality_Tablet_19-56-29] Within productNameListingPage loop with product index 8and filter name XIAOMI
19:57:25 [TestNG-test-Test-3] INFO  verifyingTheBrandsFilterFunctionality_Tablet_19-56-29 - [verifyingTheBrandsFilterFunctionality_Tablet_19-56-29] Within productNameListingPage loop with product index 9and filter name XIAOMI
19:57:25 [TestNG-test-Test-3] INFO  verifyingTheBrandsFilterFunctionality_Tablet_19-56-29 - [verifyingTheBrandsFilterFunctionality_Tablet_19-56-29] Within productNameListingPage loop with product index 10and filter name XIAOMI
19:57:25 [TestNG-test-Test-3] INFO  verifyingTheBrandsFilterFunctionality_Tablet_19-56-29 - [verifyingTheBrandsFilterFunctionality_Tablet_19-56-29] Within productNameListingPage loop with product index 11and filter name XIAOMI
19:57:25 [TestNG-test-Test-3] INFO  verifyingTheBrandsFilterFunctionality_Tablet_19-56-29 - [verifyingTheBrandsFilterFunctionality_Tablet_19-56-29] Within productNameListingPage loop with product index 12and filter name XIAOMI
19:57:25 [TestNG-test-Test-3] INFO  verifyingTheBrandsFilterFunctionality_Tablet_19-56-29 - [verifyingTheBrandsFilterFunctionality_Tablet_19-56-29] Within productNameListingPage loop with product index 13and filter name XIAOMI
19:57:25 [TestNG-test-Test-3] INFO  verifyingTheBrandsFilterFunctionality_Tablet_19-56-29 - [verifyingTheBrandsFilterFunctionality_Tablet_19-56-29] Within productNameListingPage loop with product index 14and filter name XIAOMI
19:57:25 [TestNG-test-Test-3] INFO  verifyingTheBrandsFilterFunctionality_Tablet_19-56-29 - [verifyingTheBrandsFilterFunctionality_Tablet_19-56-29] Within productNameListingPage loop with product index 15and filter name XIAOMI
19:57:25 [TestNG-test-Test-3] INFO  verifyingTheBrandsFilterFunctionality_Tablet_19-56-29 - [verifyingTheBrandsFilterFunctionality_Tablet_19-56-29] Creating 'result' Map for storing ,'brand','isValid','mismatches list' with map size ->3
19:57:25 [TestNG-test-Test-3] INFO  verifyingTheBrandsFilterFunctionality_Tablet_19-56-29 - [verifyingTheBrandsFilterFunctionality_Tablet_19-56-29] Adding 'result' with the data into 'allResults' i.e list of Map3
19:57:25 [TestNG-test-Test-3] INFO  verifyingTheBrandsFilterFunctionality_Tablet_19-56-29 - [verifyingTheBrandsFilterFunctionality_Tablet_19-56-29] Waiting until element is visible in viewport
19:57:25 [TestNG-test-Test-3] INFO  verifyingTheBrandsFilterFunctionality_Tablet_19-56-29 - [verifyingTheBrandsFilterFunctionality_Tablet_19-56-29] Within safeClick method
19:57:26 [TestNG-test-Test-3] INFO  verifyingTheBrandsFilterFunctionality_Tablet_19-56-29 - [verifyingTheBrandsFilterFunctionality_Tablet_19-56-29] Clicked the  [[ChromeDriver: chrome on windows (a3e556dcdde86bfced332291ef976989)] -> xpath: //span[@class='a-size-base a-color-base' and text()='Clear']]   using safeClick
19:57:26 [TestNG-test-Test-3] INFO  verifyingTheBrandsFilterFunctionality_Tablet_19-56-29 - [verifyingTheBrandsFilterFunctionality_Tablet_19-56-29] Clicked clear button for the filter ->XIAOMI
19:57:26 [TestNG-test-Test-3] INFO  verifyingTheBrandsFilterFunctionality_Tablet_19-56-29 - [verifyingTheBrandsFilterFunctionality_Tablet_19-56-29] Returning the allResults List of Maps containing the data
19:57:26 [TestNG-test-Test-3] INFO  verifyingTheBrandsFilterFunctionality_Tablet_19-56-29 - [verifyingTheBrandsFilterFunctionality_Tablet_19-56-29] All product titles matched for brand: 'Samsung'
19:57:26 [TestNG-test-Test-3] ERROR verifyingTheBrandsFilterFunctionality_Tablet_19-56-29 - [verifyingTheBrandsFilterFunctionality_Tablet_19-56-29] Brand validation failed for 'XIAOMI'. 1 mismatches found.
19:57:26 [TestNG-test-Test-3] ERROR verifyingTheBrandsFilterFunctionality_Tablet_19-56-29 - [verifyingTheBrandsFilterFunctionality_Tablet_19-56-29]  Mismatch for 'XIAOMI': â�Œ Index: 15, Brand: XIAOMI, Title: 'Redmi Pad 2 Cover'
19:57:26 [TestNG-test-Test-3] INFO  verifyingTheBrandsFilterFunctionality_Tablet_19-56-29 - [verifyingTheBrandsFilterFunctionality_Tablet_19-56-29]  Asserting all soft assertions now...
