22:19:05 [TestNG-test-Test-1] INFO  verifyingGetItByTomorrowFilterFunctionality_Tablet_22-19-05 - No existing WebDriver found for current thread. Initializing a new ChromeDriver...
22:19:05 [TestNG-test-Test-1] INFO  verifyingGetItByTomorrowFilterFunctionality_Tablet_22-19-05 - WebDriverManager: chromedriver setup OK
22:19:10 [TestNG-test-Test-1] INFO  verifyingGetItByTomorrowFilterFunctionality_Tablet_22-19-05 - ChromeDriver initialized successfully for thread: 34
22:19:10 [TestNG-test-Test-1] INFO  verifyingGetItByTomorrowFilterFunctionality_Tablet_22-19-05 - [verifyingGetItByTomorrowFilterFunctionality_Tablet_22-19-05] Opening amazon Landing page
22:19:10 [TestNG-test-Test-1] INFO  verifyingGetItByTomorrowFilterFunctionality_Tablet_22-19-05 - [verifyingGetItByTomorrowFilterFunctionality_Tablet_22-19-05] Within safeFindElement method
22:19:12 [TestNG-test-Test-1] INFO  verifyingGetItByTomorrowFilterFunctionality_Tablet_22-19-05 - [verifyingGetItByTomorrowFilterFunctionality_Tablet_22-19-05]Found the element returning it ,element ->[[ChromeDriver: chrome on windows (94297f0435be9f161ae03fe1459ec176)] -> xpath: //a[@id='nav-logo-sprites']]
22:19:13 [TestNG-test-Test-1] INFO  verifyingGetItByTomorrowFilterFunctionality_Tablet_22-19-05 - [verifyingGetItByTomorrowFilterFunctionality_Tablet_22-19-05] Giving input within the search bar
22:19:13 [TestNG-test-Test-1] INFO  verifyingGetItByTomorrowFilterFunctionality_Tablet_22-19-05 - [verifyingGetItByTomorrowFilterFunctionality_Tablet_22-19-05] Within safeClick method
22:19:18 [TestNG-test-Test-1] INFO  verifyingGetItByTomorrowFilterFunctionality_Tablet_22-19-05 - [verifyingGetItByTomorrowFilterFunctionality_Tablet_22-19-05] Clicked the  [[ChromeDriver: chrome on windows (94297f0435be9f161ae03fe1459ec176)] -> xpath: //input[@id='nav-search-submit-button']]   using safeClick
22:19:18 [TestNG-test-Test-1] INFO  verifyingGetItByTomorrowFilterFunctionality_Tablet_22-19-05 - [verifyingGetItByTomorrowFilterFunctionality_Tablet_22-19-05] Clicking on the submit in the search bar
22:19:20 [TestNG-test-Test-1] INFO  verifyingGetItByTomorrowFilterFunctionality_Tablet_22-19-05 - [verifyingGetItByTomorrowFilterFunctionality_Tablet_22-19-05] Waiting until element is visible in viewport
22:19:21 [TestNG-test-Test-1] INFO  verifyingGetItByTomorrowFilterFunctionality_Tablet_22-19-05 - [verifyingGetItByTomorrowFilterFunctionality_Tablet_22-19-05] Within validateDeliveryFilterOptionsWithResult method
22:19:21 [TestNG-test-Test-1] INFO  verifyingGetItByTomorrowFilterFunctionality_Tablet_22-19-05 - [verifyingGetItByTomorrowFilterFunctionality_Tablet_22-19-05] Within safeClick method
22:19:21 [TestNG-test-Test-1] INFO  verifyingGetItByTomorrowFilterFunctionality_Tablet_22-19-05 - [verifyingGetItByTomorrowFilterFunctionality_Tablet_22-19-05] Clicked the  [[ChromeDriver: chrome on windows (94297f0435be9f161ae03fe1459ec176)] -> xpath: //span[@class='a-size-base a-color-base puis-bold-weight-text' and text()='Delivery Day']/parent::div/following-sibling::ul//span[@class='a-size-base a-color-base' and text()='Get It by Tomorrow']]   using safeClick
22:19:21 [TestNG-test-Test-1] INFO  verifyingGetItByTomorrowFilterFunctionality_Tablet_22-19-05 - [verifyingGetItByTomorrowFilterFunctionality_Tablet_22-19-05] Within getMoreButtonByFilterTypeAndName method
22:19:22 [TestNG-test-Test-1] INFO  verifyingGetItByTomorrowFilterFunctionality_Tablet_22-19-05 - [verifyingGetItByTomorrowFilterFunctionality_Tablet_22-19-05] Clicked on By.xpath: //span[@class='a-size-base a-color-base puis-bold-weight-text' and text()='Delivery Day']/parent::div/following-sibling::ul//span[@class='a-size-base a-color-base' and text()='Get It by Tomorrow']
22:19:22 [TestNG-test-Test-1] INFO  verifyingGetItByTomorrowFilterFunctionality_Tablet_22-19-05 - [verifyingGetItByTomorrowFilterFunctionality_Tablet_22-19-05] Within safeFindElements 
22:19:22 [TestNG-test-Test-1] INFO  verifyingGetItByTomorrowFilterFunctionality_Tablet_22-19-05 - [verifyingGetItByTomorrowFilterFunctionality_Tablet_22-19-05] Returning the  [[[ChromeDriver: chrome on windows (94297f0435be9f161ae03fe1459ec176)] -> xpath: //div[@class='a-section a-spacing-small a-spacing-top-small']], [[ChromeDriver: chrome on windows (94297f0435be9f161ae03fe1459ec176)] -> xpath: //div[@class='a-section a-spacing-small a-spacing-top-small']], [[ChromeDriver: chrome on windows (94297f0435be9f161ae03fe1459ec176)] -> xpath: //div[@class='a-section a-spacing-small a-spacing-top-small']], [[ChromeDriver: chrome on windows (94297f0435be9f161ae03fe1459ec176)] -> xpath: //div[@class='a-section a-spacing-small a-spacing-top-small']], [[ChromeDriver: chrome on windows (94297f0435be9f161ae03fe1459ec176)] -> xpath: //div[@class='a-section a-spacing-small a-spacing-top-small']], [[ChromeDriver: chrome on windows (94297f0435be9f161ae03fe1459ec176)] -> xpath: //div[@class='a-section a-spacing-small a-spacing-top-small']], [[ChromeDriver: chrome on windows (94297f0435be9f161ae03fe1459ec176)] -> xpath: //div[@class='a-section a-spacing-small a-spacing-top-small']]] from the safeFindElements method
22:19:22 [TestNG-test-Test-1] INFO  verifyingGetItByTomorrowFilterFunctionality_Tablet_22-19-05 - [verifyingGetItByTomorrowFilterFunctionality_Tablet_22-19-05] Created hashset with required data to assert with Within validateDeliveryFilterOptionsWithResult method
22:19:22 [TestNG-test-Test-1] INFO  verifyingGetItByTomorrowFilterFunctionality_Tablet_22-19-05 - [verifyingGetItByTomorrowFilterFunctionality_Tablet_22-19-05] this is the set  [Thu, 01, Oct, 02, Today, FREE delivery, Fri, Tomorrow]
22:19:22 [TestNG-test-Test-1] INFO  verifyingGetItByTomorrowFilterFunctionality_Tablet_22-19-05 - [verifyingGetItByTomorrowFilterFunctionality_Tablet_22-19-05] Within deliveryElements loop iterating over the products  Within validateDeliveryFilterOptionsWithResult method
22:19:23 [TestNG-test-Test-1] INFO  verifyingGetItByTomorrowFilterFunctionality_Tablet_22-19-05 - [verifyingGetItByTomorrowFilterFunctionality_Tablet_22-19-05] Checking if the allowedDateParts have the assert text — index 0, text: Lenovo Tab (Smartchoice) | 10.1 Inch Display| Wi-Fi Only| 4 GB RAM + 64 GB ROM (Expandable up to 1 TB)| Metal Body| Dual Speakers with Dolby Atmos| Android 14| Color: Polar Blue
4.2
(648)
400+ bought in past month
₹16,148
M.R.P:
₹18,000 (10% off)
Up to 5% back with Amazon Pay ICI...
FREE delivery Sun, 4 Oct
Or fastest delivery Today 8 am - 12 pm
Add to cart
22:19:23 [TestNG-test-Test-1] INFO  verifyingGetItByTomorrowFilterFunctionality_Tablet_22-19-05 - [verifyingGetItByTomorrowFilterFunctionality_Tablet_22-19-05] Within deliveryElements loop iterating over the products  Within validateDeliveryFilterOptionsWithResult method
22:19:23 [TestNG-test-Test-1] INFO  verifyingGetItByTomorrowFilterFunctionality_Tablet_22-19-05 - [verifyingGetItByTomorrowFilterFunctionality_Tablet_22-19-05] Checking if the allowedDateParts have the assert text — index 1, text: Lenovo {Smartchoice} Idea Tab Pro with Pen Plus|12.7" 3K Display|144 Hz Refresh|8 GB RAM, 128 GB ROM|AI-Enabled| MediaTek Dimensity 8300| Quad JBL Speakers| 10200 mAh Battery with 45 W Charger|WiFi 6e
4.3
(436)
1K+ bought in past month
₹28,861
M.R.P:
₹43,999 (34% off)
Save extra with No Cost EMI
FREE delivery Sun, 4 Oct
Or fastest delivery Today 8 am - 12 pm
Add to cart
More Buying Choices
₹28,800(2 new offers)
22:19:23 [TestNG-test-Test-1] INFO  verifyingGetItByTomorrowFilterFunctionality_Tablet_22-19-05 - [verifyingGetItByTomorrowFilterFunctionality_Tablet_22-19-05] Within deliveryElements loop iterating over the products  Within validateDeliveryFilterOptionsWithResult method
22:19:23 [TestNG-test-Test-1] INFO  verifyingGetItByTomorrowFilterFunctionality_Tablet_22-19-05 - [verifyingGetItByTomorrowFilterFunctionality_Tablet_22-19-05] Checking if the allowedDateParts have the assert text — index 2, text: Samsung Galaxy Tab A11+ [Smartchoice], 11-inch (27.82 CM), LCD Display, 6GB RAM, 128GB ROM, Wi-Fi, Quad Speakers, Dolby Atmos, Gray, AI Enabled
4.4
(253)
300+ bought in past month
Limited time deal
₹25,999
M.R.P:
₹27,999 (7% off)
Save extra with No Cost EMI
FREE delivery Sun, 4 Oct
Or fastest delivery Today 8 am - 12 pm
Add to cart
22:19:23 [TestNG-test-Test-1] INFO  verifyingGetItByTomorrowFilterFunctionality_Tablet_22-19-05 - [verifyingGetItByTomorrowFilterFunctionality_Tablet_22-19-05] Within deliveryElements loop iterating over the products  Within validateDeliveryFilterOptionsWithResult method
22:19:23 [TestNG-test-Test-1] INFO  verifyingGetItByTomorrowFilterFunctionality_Tablet_22-19-05 - [verifyingGetItByTomorrowFilterFunctionality_Tablet_22-19-05] Checking if the allowedDateParts have the assert text — index 3, text: Lenovo Idea Tab (Smartchoice) with Folio Keyboard + Tab Pen | Wi-Fi + 5G |11" Display, 2.5K Resolution, 90Hz Refresh|8GB RAM, 256GB ROM| MediaTek Dimensity 6300| 7040mAh|4 Speakers| USB-C| Luna Grey
4.3
(73)
400+ bought in past month
₹35,998
M.R.P:
₹52,000 (31% off)
Up to 5% back with Amazon Pay ICI...
FREE delivery Sun, 4 Oct
Or fastest delivery Today 8 am - 12 pm
Add to cart
22:19:23 [TestNG-test-Test-1] INFO  verifyingGetItByTomorrowFilterFunctionality_Tablet_22-19-05 - [verifyingGetItByTomorrowFilterFunctionality_Tablet_22-19-05] Within deliveryElements loop iterating over the products  Within validateDeliveryFilterOptionsWithResult method
22:19:23 [TestNG-test-Test-1] INFO  verifyingGetItByTomorrowFilterFunctionality_Tablet_22-19-05 - [verifyingGetItByTomorrowFilterFunctionality_Tablet_22-19-05] Checking if the allowedDateParts have the assert text — index 4, text: Redmi Pad 2, 11-inch (27.94 CM), LCD Display - 2.5K Sharp & Clear, 8GB RAM, 256GB ROM, Wi-Fi + Cellular (4G), Quad Speakers, Dolby Atmos, Graphite Grey, AI Enabled
4.3
(914)
500+ bought in past month
₹25,999
M.R.P:
₹27,999 (7% off)
Up to 5% back with Amazon Pay ICI...
FREE delivery Sun, 4 Oct
Or fastest delivery Today 8 am - 12 pm
Add to cart
22:19:23 [TestNG-test-Test-1] INFO  verifyingGetItByTomorrowFilterFunctionality_Tablet_22-19-05 - [verifyingGetItByTomorrowFilterFunctionality_Tablet_22-19-05] Within deliveryElements loop iterating over the products  Within validateDeliveryFilterOptionsWithResult method
22:19:24 [TestNG-test-Test-1] INFO  verifyingGetItByTomorrowFilterFunctionality_Tablet_22-19-05 - [verifyingGetItByTomorrowFilterFunctionality_Tablet_22-19-05] Checking if the allowedDateParts have the assert text — index 5, text: Lenovo Idea Tab Smartchoice |11-inch 2.5K Clear Display, 90Hz Refresh Rate, 8GB RAM, 256GB ROM| MediaTek Dimensity 6300| 7040mAh Battery|4 Speakers| USB-C |Wi-Fi |AI-Enabled, Dolby Atmos, Luna Grey
4.4
(386)
200+ bought in past month
₹26,999
Save extra with No Cost EMI
FREE delivery Sun, 4 Oct
Or fastest delivery Today 8 am - 12 pm
Add to cart
22:19:24 [TestNG-test-Test-1] INFO  verifyingGetItByTomorrowFilterFunctionality_Tablet_22-19-05 - [verifyingGetItByTomorrowFilterFunctionality_Tablet_22-19-05] Within deliveryElements loop iterating over the products  Within validateDeliveryFilterOptionsWithResult method
22:19:24 [TestNG-test-Test-1] INFO  verifyingGetItByTomorrowFilterFunctionality_Tablet_22-19-05 - [verifyingGetItByTomorrowFilterFunctionality_Tablet_22-19-05] Checking if the allowedDateParts have the assert text — index 6, text: Samsung Galaxy Tab S10 Lite [Smartchoice], 10.9-inch (27.7 CM), LCD Display, 6GB RAM, 128GB ROM, Wi-Fi+5G, Dual Speakers, S Pen, Silver, AI Enabled
4.4
(271)
200+ bought in past month
₹41,999
Up to 5% back with Amazon Pay ICI...
FREE delivery Sun, 4 Oct
Or fastest delivery Today 8 am - 12 pm
Add to cart
22:19:24 [TestNG-test-Test-1] INFO  verifyingGetItByTomorrowFilterFunctionality_Tablet_22-19-05 - [verifyingGetItByTomorrowFilterFunctionality_Tablet_22-19-05] Returning the list with boolean values   Within validateDeliveryFilterOptionsWithResult method
22:19:24 [TestNG-test-Test-1] INFO  verifyingGetItByTomorrowFilterFunctionality_Tablet_22-19-05 - [verifyingGetItByTomorrowFilterFunctionality_Tablet_22-19-05] Asserting delivery filter: isValid=true, index=-1, text=All the things are valid no errors
