18:31:18 [TestNG-test-Test-3] INFO  verifyingGetItByTomorrowFilterFunctionality_Mobile_18-31-18 - No existing WebDriver found for current thread. Initializing a new ChromeDriver...
18:31:18 [TestNG-test-Test-3] INFO  verifyingGetItByTomorrowFilterFunctionality_Mobile_18-31-18 - WebDriverManager: chromedriver setup OK
18:31:20 [TestNG-test-Test-3] INFO  verifyingGetItByTomorrowFilterFunctionality_Mobile_18-31-18 - ChromeDriver initialized successfully for thread: 36
18:31:24 [TestNG-test-Test-3] INFO  verifyingGetItByTomorrowFilterFunctionality_Mobile_18-31-18 - [verifyingGetItByTomorrowFilterFunctionality_Mobile_18-31-18] Opening amazon Landing page
18:31:24 [TestNG-test-Test-3] INFO  verifyingGetItByTomorrowFilterFunctionality_Mobile_18-31-18 - [verifyingGetItByTomorrowFilterFunctionality_Mobile_18-31-18] Within safeFindElement method
18:31:25 [TestNG-test-Test-3] INFO  verifyingGetItByTomorrowFilterFunctionality_Mobile_18-31-18 - [verifyingGetItByTomorrowFilterFunctionality_Mobile_18-31-18]Found the element returning it ,element ->[[ChromeDriver: chrome on windows (e2831ea3b7c9a4b5f16c6e175b07d863)] -> xpath: //a[@id='nav-logo-sprites']]
18:31:25 [TestNG-test-Test-3] INFO  verifyingGetItByTomorrowFilterFunctionality_Mobile_18-31-18 - [verifyingGetItByTomorrowFilterFunctionality_Mobile_18-31-18] Giving input within the search bar
18:31:25 [TestNG-test-Test-3] INFO  verifyingGetItByTomorrowFilterFunctionality_Mobile_18-31-18 - [verifyingGetItByTomorrowFilterFunctionality_Mobile_18-31-18] Within safeClick method
18:31:28 [TestNG-test-Test-3] INFO  verifyingGetItByTomorrowFilterFunctionality_Mobile_18-31-18 - [verifyingGetItByTomorrowFilterFunctionality_Mobile_18-31-18] Clicked the  [[ChromeDriver: chrome on windows (e2831ea3b7c9a4b5f16c6e175b07d863)] -> xpath: //input[@id='nav-search-submit-button']]   using safeClick
18:31:28 [TestNG-test-Test-3] INFO  verifyingGetItByTomorrowFilterFunctionality_Mobile_18-31-18 - [verifyingGetItByTomorrowFilterFunctionality_Mobile_18-31-18] Clicking on the submit in the search bar
18:31:29 [TestNG-test-Test-3] INFO  verifyingGetItByTomorrowFilterFunctionality_Mobile_18-31-18 - [verifyingGetItByTomorrowFilterFunctionality_Mobile_18-31-18] Waiting until element is visible in viewport
18:31:29 [TestNG-test-Test-3] INFO  verifyingGetItByTomorrowFilterFunctionality_Mobile_18-31-18 - [verifyingGetItByTomorrowFilterFunctionality_Mobile_18-31-18] Within validateDeliveryFilterOptionsWithResult method
18:31:29 [TestNG-test-Test-3] INFO  verifyingGetItByTomorrowFilterFunctionality_Mobile_18-31-18 - [verifyingGetItByTomorrowFilterFunctionality_Mobile_18-31-18] Within safeClick method
18:31:29 [TestNG-test-Test-3] INFO  verifyingGetItByTomorrowFilterFunctionality_Mobile_18-31-18 - [verifyingGetItByTomorrowFilterFunctionality_Mobile_18-31-18] Clicked the  [[ChromeDriver: chrome on windows (e2831ea3b7c9a4b5f16c6e175b07d863)] -> xpath: //span[@class='a-size-base a-color-base puis-bold-weight-text' and text()='Delivery Day']/parent::div/following-sibling::ul//span[@class='a-size-base a-color-base' and text()='Get It by Tomorrow']]   using safeClick
18:31:29 [TestNG-test-Test-3] INFO  verifyingGetItByTomorrowFilterFunctionality_Mobile_18-31-18 - [verifyingGetItByTomorrowFilterFunctionality_Mobile_18-31-18] Within getMoreButtonByFilterTypeAndName method
18:31:29 [TestNG-test-Test-3] INFO  verifyingGetItByTomorrowFilterFunctionality_Mobile_18-31-18 - [verifyingGetItByTomorrowFilterFunctionality_Mobile_18-31-18] Clicked on By.xpath: //span[@class='a-size-base a-color-base puis-bold-weight-text' and text()='Delivery Day']/parent::div/following-sibling::ul//span[@class='a-size-base a-color-base' and text()='Get It by Tomorrow']
18:31:29 [TestNG-test-Test-3] INFO  verifyingGetItByTomorrowFilterFunctionality_Mobile_18-31-18 - [verifyingGetItByTomorrowFilterFunctionality_Mobile_18-31-18] Within safeFindElements 
18:31:30 [TestNG-test-Test-3] INFO  verifyingGetItByTomorrowFilterFunctionality_Mobile_18-31-18 - [verifyingGetItByTomorrowFilterFunctionality_Mobile_18-31-18] Returning the  [[[ChromeDriver: chrome on windows (e2831ea3b7c9a4b5f16c6e175b07d863)] -> xpath: //div[@class='a-section a-spacing-small a-spacing-top-small']], [[ChromeDriver: chrome on windows (e2831ea3b7c9a4b5f16c6e175b07d863)] -> xpath: //div[@class='a-section a-spacing-small a-spacing-top-small']], [[ChromeDriver: chrome on windows (e2831ea3b7c9a4b5f16c6e175b07d863)] -> xpath: //div[@class='a-section a-spacing-small a-spacing-top-small']], [[ChromeDriver: chrome on windows (e2831ea3b7c9a4b5f16c6e175b07d863)] -> xpath: //div[@class='a-section a-spacing-small a-spacing-top-small']], [[ChromeDriver: chrome on windows (e2831ea3b7c9a4b5f16c6e175b07d863)] -> xpath: //div[@class='a-section a-spacing-small a-spacing-top-small']], [[ChromeDriver: chrome on windows (e2831ea3b7c9a4b5f16c6e175b07d863)] -> xpath: //div[@class='a-section a-spacing-small a-spacing-top-small']], [[ChromeDriver: chrome on windows (e2831ea3b7c9a4b5f16c6e175b07d863)] -> xpath: //div[@class='a-section a-spacing-small a-spacing-top-small']], [[ChromeDriver: chrome on windows (e2831ea3b7c9a4b5f16c6e175b07d863)] -> xpath: //div[@class='a-section a-spacing-small a-spacing-top-small']], [[ChromeDriver: chrome on windows (e2831ea3b7c9a4b5f16c6e175b07d863)] -> xpath: //div[@class='a-section a-spacing-small a-spacing-top-small']], [[ChromeDriver: chrome on windows (e2831ea3b7c9a4b5f16c6e175b07d863)] -> xpath: //div[@class='a-section a-spacing-small a-spacing-top-small']], [[ChromeDriver: chrome on windows (e2831ea3b7c9a4b5f16c6e175b07d863)] -> xpath: //div[@class='a-section a-spacing-small a-spacing-top-small']], [[ChromeDriver: chrome on windows (e2831ea3b7c9a4b5f16c6e175b07d863)] -> xpath: //div[@class='a-section a-spacing-small a-spacing-top-small']], [[ChromeDriver: chrome on windows (e2831ea3b7c9a4b5f16c6e175b07d863)] -> xpath: //div[@class='a-section a-spacing-small a-spacing-top-small']], [[ChromeDriver: chrome on windows (e2831ea3b7c9a4b5f16c6e175b07d863)] -> xpath: //div[@class='a-section a-spacing-small a-spacing-top-small']], [[ChromeDriver: chrome on windows (e2831ea3b7c9a4b5f16c6e175b07d863)] -> xpath: //div[@class='a-section a-spacing-small a-spacing-top-small']], [[ChromeDriver: chrome on windows (e2831ea3b7c9a4b5f16c6e175b07d863)] -> xpath: //div[@class='a-section a-spacing-small a-spacing-top-small']]] from the safeFindElements method
18:31:30 [TestNG-test-Test-3] INFO  verifyingGetItByTomorrowFilterFunctionality_Mobile_18-31-18 - [verifyingGetItByTomorrowFilterFunctionality_Mobile_18-31-18] Created hashset with required data to assert with Within validateDeliveryFilterOptions method
18:31:30 [TestNG-test-Test-3] INFO  verifyingGetItByTomorrowFilterFunctionality_Mobile_18-31-18 - [verifyingGetItByTomorrowFilterFunctionality_Mobile_18-31-18] this is the set  [Aug, Today, 15, 16, FREE delivery, Sat, Sun, Tomorrow]
18:31:30 [TestNG-test-Test-3] INFO  verifyingGetItByTomorrowFilterFunctionality_Mobile_18-31-18 - [verifyingGetItByTomorrowFilterFunctionality_Mobile_18-31-18] Within deliveryElements loop iterating over the products  Within validateDeliveryFilterOptions method
18:31:30 [TestNG-test-Test-3] INFO  verifyingGetItByTomorrowFilterFunctionality_Mobile_18-31-18 - [verifyingGetItByTomorrowFilterFunctionality_Mobile_18-31-18] Checking if the allowedDateParts have the assert text   Within validateDeliveryFilterOptions method
18:31:30 [TestNG-test-Test-3] INFO  verifyingGetItByTomorrowFilterFunctionality_Mobile_18-31-18 - [verifyingGetItByTomorrowFilterFunctionality_Mobile_18-31-18] Within deliveryElements loop iterating over the products  Within validateDeliveryFilterOptions method
18:31:31 [TestNG-test-Test-3] INFO  verifyingGetItByTomorrowFilterFunctionality_Mobile_18-31-18 - [verifyingGetItByTomorrowFilterFunctionality_Mobile_18-31-18] Checking if the allowedDateParts have the assert text   Within validateDeliveryFilterOptions method
18:31:31 [TestNG-test-Test-3] INFO  verifyingGetItByTomorrowFilterFunctionality_Mobile_18-31-18 - [verifyingGetItByTomorrowFilterFunctionality_Mobile_18-31-18] Within deliveryElements loop iterating over the products  Within validateDeliveryFilterOptions method
18:31:31 [TestNG-test-Test-3] INFO  verifyingGetItByTomorrowFilterFunctionality_Mobile_18-31-18 - [verifyingGetItByTomorrowFilterFunctionality_Mobile_18-31-18] Checking if the allowedDateParts have the assert text   Within validateDeliveryFilterOptions method
18:31:31 [TestNG-test-Test-3] INFO  verifyingGetItByTomorrowFilterFunctionality_Mobile_18-31-18 - [verifyingGetItByTomorrowFilterFunctionality_Mobile_18-31-18] Within deliveryElements loop iterating over the products  Within validateDeliveryFilterOptions method
18:31:31 [TestNG-test-Test-3] INFO  verifyingGetItByTomorrowFilterFunctionality_Mobile_18-31-18 - [verifyingGetItByTomorrowFilterFunctionality_Mobile_18-31-18] Checking if the allowedDateParts have the assert text   Within validateDeliveryFilterOptions method
18:31:31 [TestNG-test-Test-3] INFO  verifyingGetItByTomorrowFilterFunctionality_Mobile_18-31-18 - [verifyingGetItByTomorrowFilterFunctionality_Mobile_18-31-18] Within deliveryElements loop iterating over the products  Within validateDeliveryFilterOptions method
18:31:31 [TestNG-test-Test-3] INFO  verifyingGetItByTomorrowFilterFunctionality_Mobile_18-31-18 - [verifyingGetItByTomorrowFilterFunctionality_Mobile_18-31-18] Checking if the allowedDateParts have the assert text   Within validateDeliveryFilterOptions method
18:31:31 [TestNG-test-Test-3] INFO  verifyingGetItByTomorrowFilterFunctionality_Mobile_18-31-18 - [verifyingGetItByTomorrowFilterFunctionality_Mobile_18-31-18] Within deliveryElements loop iterating over the products  Within validateDeliveryFilterOptions method
18:31:31 [TestNG-test-Test-3] INFO  verifyingGetItByTomorrowFilterFunctionality_Mobile_18-31-18 - [verifyingGetItByTomorrowFilterFunctionality_Mobile_18-31-18] Checking if the allowedDateParts have the assert text   Within validateDeliveryFilterOptions method
18:31:31 [TestNG-test-Test-3] INFO  verifyingGetItByTomorrowFilterFunctionality_Mobile_18-31-18 - [verifyingGetItByTomorrowFilterFunctionality_Mobile_18-31-18] Within deliveryElements loop iterating over the products  Within validateDeliveryFilterOptions method
18:31:31 [TestNG-test-Test-3] INFO  verifyingGetItByTomorrowFilterFunctionality_Mobile_18-31-18 - [verifyingGetItByTomorrowFilterFunctionality_Mobile_18-31-18] Checking if the allowedDateParts have the assert text   Within validateDeliveryFilterOptions method
18:31:31 [TestNG-test-Test-3] INFO  verifyingGetItByTomorrowFilterFunctionality_Mobile_18-31-18 - [verifyingGetItByTomorrowFilterFunctionality_Mobile_18-31-18] Within deliveryElements loop iterating over the products  Within validateDeliveryFilterOptions method
18:31:31 [TestNG-test-Test-3] INFO  verifyingGetItByTomorrowFilterFunctionality_Mobile_18-31-18 - [verifyingGetItByTomorrowFilterFunctionality_Mobile_18-31-18] Checking if the allowedDateParts have the assert text   Within validateDeliveryFilterOptions method
18:31:31 [TestNG-test-Test-3] INFO  verifyingGetItByTomorrowFilterFunctionality_Mobile_18-31-18 - [verifyingGetItByTomorrowFilterFunctionality_Mobile_18-31-18] Within deliveryElements loop iterating over the products  Within validateDeliveryFilterOptions method
18:31:31 [TestNG-test-Test-3] INFO  verifyingGetItByTomorrowFilterFunctionality_Mobile_18-31-18 - [verifyingGetItByTomorrowFilterFunctionality_Mobile_18-31-18] Checking if the allowedDateParts have the assert text   Within validateDeliveryFilterOptions method
18:31:31 [TestNG-test-Test-3] INFO  verifyingGetItByTomorrowFilterFunctionality_Mobile_18-31-18 - [verifyingGetItByTomorrowFilterFunctionality_Mobile_18-31-18] Within deliveryElements loop iterating over the products  Within validateDeliveryFilterOptions method
18:31:31 [TestNG-test-Test-3] INFO  verifyingGetItByTomorrowFilterFunctionality_Mobile_18-31-18 - [verifyingGetItByTomorrowFilterFunctionality_Mobile_18-31-18] Checking if the allowedDateParts have the assert text   Within validateDeliveryFilterOptions method
18:31:31 [TestNG-test-Test-3] INFO  verifyingGetItByTomorrowFilterFunctionality_Mobile_18-31-18 - [verifyingGetItByTomorrowFilterFunctionality_Mobile_18-31-18] Within deliveryElements loop iterating over the products  Within validateDeliveryFilterOptions method
18:31:31 [TestNG-test-Test-3] INFO  verifyingGetItByTomorrowFilterFunctionality_Mobile_18-31-18 - [verifyingGetItByTomorrowFilterFunctionality_Mobile_18-31-18] Checking if the allowedDateParts have the assert text   Within validateDeliveryFilterOptions method
18:31:31 [TestNG-test-Test-3] INFO  verifyingGetItByTomorrowFilterFunctionality_Mobile_18-31-18 - [verifyingGetItByTomorrowFilterFunctionality_Mobile_18-31-18] Within deliveryElements loop iterating over the products  Within validateDeliveryFilterOptions method
18:31:31 [TestNG-test-Test-3] INFO  verifyingGetItByTomorrowFilterFunctionality_Mobile_18-31-18 - [verifyingGetItByTomorrowFilterFunctionality_Mobile_18-31-18] Checking if the allowedDateParts have the assert text   Within validateDeliveryFilterOptions method
18:31:31 [TestNG-test-Test-3] INFO  verifyingGetItByTomorrowFilterFunctionality_Mobile_18-31-18 - [verifyingGetItByTomorrowFilterFunctionality_Mobile_18-31-18] Within deliveryElements loop iterating over the products  Within validateDeliveryFilterOptions method
18:31:31 [TestNG-test-Test-3] INFO  verifyingGetItByTomorrowFilterFunctionality_Mobile_18-31-18 - [verifyingGetItByTomorrowFilterFunctionality_Mobile_18-31-18] Checking if the allowedDateParts have the assert text   Within validateDeliveryFilterOptions method
18:31:31 [TestNG-test-Test-3] INFO  verifyingGetItByTomorrowFilterFunctionality_Mobile_18-31-18 - [verifyingGetItByTomorrowFilterFunctionality_Mobile_18-31-18] Within deliveryElements loop iterating over the products  Within validateDeliveryFilterOptions method
18:31:31 [TestNG-test-Test-3] INFO  verifyingGetItByTomorrowFilterFunctionality_Mobile_18-31-18 - [verifyingGetItByTomorrowFilterFunctionality_Mobile_18-31-18] Checking if the allowedDateParts have the assert text   Within validateDeliveryFilterOptions method
18:31:31 [TestNG-test-Test-3] INFO  verifyingGetItByTomorrowFilterFunctionality_Mobile_18-31-18 - [verifyingGetItByTomorrowFilterFunctionality_Mobile_18-31-18] Within deliveryElements loop iterating over the products  Within validateDeliveryFilterOptions method
18:31:31 [TestNG-test-Test-3] INFO  verifyingGetItByTomorrowFilterFunctionality_Mobile_18-31-18 - [verifyingGetItByTomorrowFilterFunctionality_Mobile_18-31-18] Checking if the allowedDateParts have the assert text   Within validateDeliveryFilterOptions method
18:31:31 [TestNG-test-Test-3] INFO  verifyingGetItByTomorrowFilterFunctionality_Mobile_18-31-18 - [verifyingGetItByTomorrowFilterFunctionality_Mobile_18-31-18] Within deliveryElements loop iterating over the products  Within validateDeliveryFilterOptions method
18:31:31 [TestNG-test-Test-3] INFO  verifyingGetItByTomorrowFilterFunctionality_Mobile_18-31-18 - [verifyingGetItByTomorrowFilterFunctionality_Mobile_18-31-18] Checking if the allowedDateParts have the assert text   Within validateDeliveryFilterOptions method
18:31:31 [TestNG-test-Test-3] INFO  verifyingGetItByTomorrowFilterFunctionality_Mobile_18-31-18 - [verifyingGetItByTomorrowFilterFunctionality_Mobile_18-31-18] Returning the list with boolean values   Within validateDeliveryFilterOptions method
18:31:31 [TestNG-test-Test-3] INFO  verifyingGetItByTomorrowFilterFunctionality_Mobile_18-31-18 - [verifyingGetItByTomorrowFilterFunctionality_Mobile_18-31-18] Asserting delivery filter: isValid=true, index=-1, text=All the things are valid no errors
