19:54:17 [TestNG-test-Test-3] INFO  verifyingGetItIn2DaysFilterFunctionality_Laptop_19-54-17 - No existing WebDriver found for current thread. Initializing a new ChromeDriver...
19:54:17 [TestNG-test-Test-3] INFO  verifyingGetItIn2DaysFilterFunctionality_Laptop_19-54-17 - WebDriverManager: chromedriver setup OK
19:54:19 [TestNG-test-Test-3] INFO  verifyingGetItIn2DaysFilterFunctionality_Laptop_19-54-17 - ChromeDriver initialized successfully for thread: 36
19:54:20 [TestNG-test-Test-3] INFO  verifyingGetItIn2DaysFilterFunctionality_Laptop_19-54-17 - [verifyingGetItIn2DaysFilterFunctionality_Laptop_19-54-17] Opening amazon Landing page
19:54:20 [TestNG-test-Test-3] INFO  verifyingGetItIn2DaysFilterFunctionality_Laptop_19-54-17 - [verifyingGetItIn2DaysFilterFunctionality_Laptop_19-54-17] Within safeFindElement method
19:54:23 [TestNG-test-Test-3] INFO  verifyingGetItIn2DaysFilterFunctionality_Laptop_19-54-17 - [verifyingGetItIn2DaysFilterFunctionality_Laptop_19-54-17]Found the element returning it ,element ->[[ChromeDriver: chrome on windows (93195361ea423f1a99addae0e2594665)] -> xpath: //a[@id='nav-logo-sprites']]
19:54:24 [TestNG-test-Test-3] INFO  verifyingGetItIn2DaysFilterFunctionality_Laptop_19-54-17 - [verifyingGetItIn2DaysFilterFunctionality_Laptop_19-54-17] Giving input within the search bar
19:54:24 [TestNG-test-Test-3] INFO  verifyingGetItIn2DaysFilterFunctionality_Laptop_19-54-17 - [verifyingGetItIn2DaysFilterFunctionality_Laptop_19-54-17] Within safeClick method
19:54:27 [TestNG-test-Test-3] INFO  verifyingGetItIn2DaysFilterFunctionality_Laptop_19-54-17 - [verifyingGetItIn2DaysFilterFunctionality_Laptop_19-54-17] Clicked the  [[ChromeDriver: chrome on windows (93195361ea423f1a99addae0e2594665)] -> xpath: //input[@id='nav-search-submit-button']]   using safeClick
19:54:27 [TestNG-test-Test-3] INFO  verifyingGetItIn2DaysFilterFunctionality_Laptop_19-54-17 - [verifyingGetItIn2DaysFilterFunctionality_Laptop_19-54-17] Clicking on the submit in the search bar
19:54:28 [TestNG-test-Test-3] INFO  verifyingGetItIn2DaysFilterFunctionality_Laptop_19-54-17 - [verifyingGetItIn2DaysFilterFunctionality_Laptop_19-54-17] Waiting until element is visible in viewport
19:54:28 [TestNG-test-Test-3] INFO  verifyingGetItIn2DaysFilterFunctionality_Laptop_19-54-17 - [verifyingGetItIn2DaysFilterFunctionality_Laptop_19-54-17] Within validateDeliveryFilterOptionsWithResult method
19:54:28 [TestNG-test-Test-3] INFO  verifyingGetItIn2DaysFilterFunctionality_Laptop_19-54-17 - [verifyingGetItIn2DaysFilterFunctionality_Laptop_19-54-17] Within safeClick method
19:54:28 [TestNG-test-Test-3] INFO  verifyingGetItIn2DaysFilterFunctionality_Laptop_19-54-17 - [verifyingGetItIn2DaysFilterFunctionality_Laptop_19-54-17] Clicked the  [[ChromeDriver: chrome on windows (93195361ea423f1a99addae0e2594665)] -> xpath: //span[@class='a-size-base a-color-base puis-bold-weight-text' and text()='Delivery Day']/parent::div/following-sibling::ul//span[@class='a-size-base a-color-base' and text()='Get It in 2 Days']]   using safeClick
19:54:28 [TestNG-test-Test-3] INFO  verifyingGetItIn2DaysFilterFunctionality_Laptop_19-54-17 - [verifyingGetItIn2DaysFilterFunctionality_Laptop_19-54-17] Within getMoreButtonByFilterTypeAndName method
19:54:28 [TestNG-test-Test-3] INFO  verifyingGetItIn2DaysFilterFunctionality_Laptop_19-54-17 - [verifyingGetItIn2DaysFilterFunctionality_Laptop_19-54-17] Clicked on By.xpath: //span[@class='a-size-base a-color-base puis-bold-weight-text' and text()='Delivery Day']/parent::div/following-sibling::ul//span[@class='a-size-base a-color-base' and text()='Get It in 2 Days']
19:54:28 [TestNG-test-Test-3] INFO  verifyingGetItIn2DaysFilterFunctionality_Laptop_19-54-17 - [verifyingGetItIn2DaysFilterFunctionality_Laptop_19-54-17] Within safeFindElements 
19:54:30 [TestNG-test-Test-3] INFO  verifyingGetItIn2DaysFilterFunctionality_Laptop_19-54-17 - [verifyingGetItIn2DaysFilterFunctionality_Laptop_19-54-17] Returning the  [[[ChromeDriver: chrome on windows (93195361ea423f1a99addae0e2594665)] -> xpath: //div[@class='a-section a-spacing-small a-spacing-top-small']], [[ChromeDriver: chrome on windows (93195361ea423f1a99addae0e2594665)] -> xpath: //div[@class='a-section a-spacing-small a-spacing-top-small']], [[ChromeDriver: chrome on windows (93195361ea423f1a99addae0e2594665)] -> xpath: //div[@class='a-section a-spacing-small a-spacing-top-small']], [[ChromeDriver: chrome on windows (93195361ea423f1a99addae0e2594665)] -> xpath: //div[@class='a-section a-spacing-small a-spacing-top-small']], [[ChromeDriver: chrome on windows (93195361ea423f1a99addae0e2594665)] -> xpath: //div[@class='a-section a-spacing-small a-spacing-top-small']], [[ChromeDriver: chrome on windows (93195361ea423f1a99addae0e2594665)] -> xpath: //div[@class='a-section a-spacing-small a-spacing-top-small']], [[ChromeDriver: chrome on windows (93195361ea423f1a99addae0e2594665)] -> xpath: //div[@class='a-section a-spacing-small a-spacing-top-small']], [[ChromeDriver: chrome on windows (93195361ea423f1a99addae0e2594665)] -> xpath: //div[@class='a-section a-spacing-small a-spacing-top-small']], [[ChromeDriver: chrome on windows (93195361ea423f1a99addae0e2594665)] -> xpath: //div[@class='a-section a-spacing-small a-spacing-top-small']], [[ChromeDriver: chrome on windows (93195361ea423f1a99addae0e2594665)] -> xpath: //div[@class='a-section a-spacing-small a-spacing-top-small']], [[ChromeDriver: chrome on windows (93195361ea423f1a99addae0e2594665)] -> xpath: //div[@class='a-section a-spacing-small a-spacing-top-small']], [[ChromeDriver: chrome on windows (93195361ea423f1a99addae0e2594665)] -> xpath: //div[@class='a-section a-spacing-small a-spacing-top-small']], [[ChromeDriver: chrome on windows (93195361ea423f1a99addae0e2594665)] -> xpath: //div[@class='a-section a-spacing-small a-spacing-top-small']], [[ChromeDriver: chrome on windows (93195361ea423f1a99addae0e2594665)] -> xpath: //div[@class='a-section a-spacing-small a-spacing-top-small']], [[ChromeDriver: chrome on windows (93195361ea423f1a99addae0e2594665)] -> xpath: //div[@class='a-section a-spacing-small a-spacing-top-small']], [[ChromeDriver: chrome on windows (93195361ea423f1a99addae0e2594665)] -> xpath: //div[@class='a-section a-spacing-small a-spacing-top-small']]] from the safeFindElements method
19:54:30 [TestNG-test-Test-3] INFO  verifyingGetItIn2DaysFilterFunctionality_Laptop_19-54-17 - [verifyingGetItIn2DaysFilterFunctionality_Laptop_19-54-17] Created hashset with required data to assert with Within validateDeliveryFilterOptionsWithResult method
19:54:30 [TestNG-test-Test-3] INFO  verifyingGetItIn2DaysFilterFunctionality_Laptop_19-54-17 - [verifyingGetItIn2DaysFilterFunctionality_Laptop_19-54-17] this is the set  [Today, FREE delivery, Sat, 19, Sun, Tomorrow, 20, Sep]
19:54:30 [TestNG-test-Test-3] INFO  verifyingGetItIn2DaysFilterFunctionality_Laptop_19-54-17 - [verifyingGetItIn2DaysFilterFunctionality_Laptop_19-54-17] Within deliveryElements loop iterating over the products  Within validateDeliveryFilterOptionsWithResult method
19:54:30 [TestNG-test-Test-3] INFO  verifyingGetItIn2DaysFilterFunctionality_Laptop_19-54-17 - [verifyingGetItIn2DaysFilterFunctionality_Laptop_19-54-17] Checking if the allowedDateParts have the assert text — index 0, text: Acer Smartchoice Aspire One, AMD Ryzen 5-40, 8GB LPDDR5 RAM/ 256GB SSD, 14.0"/35.56cm WXGA Display, Win 11 Home, Pure Silver, 1.48KG, A114-43, Thin and Light Laptop
4.1
(11)
100+ bought in past month
₹42,999
M.R.P:
₹84,999 (49% off)
Up to 5% back with Amazon Pay ICI...
FREE delivery Wed, 23 Sept
Or fastest delivery Today 8 am - 12 pm
Service: Device Setup
Add to cart
19:54:30 [TestNG-test-Test-3] INFO  verifyingGetItIn2DaysFilterFunctionality_Laptop_19-54-17 - [verifyingGetItIn2DaysFilterFunctionality_Laptop_19-54-17] Within deliveryElements loop iterating over the products  Within validateDeliveryFilterOptionsWithResult method
19:54:30 [TestNG-test-Test-3] INFO  verifyingGetItIn2DaysFilterFunctionality_Laptop_19-54-17 - [verifyingGetItIn2DaysFilterFunctionality_Laptop_19-54-17] Checking if the allowedDateParts have the assert text — index 1, text: EBook 11.6" HD Laptop | Best Student & Office Work Laptop | Celeron N4020 | 4GB DDR4 | 128GB eMMC + M.2 SSD Expandable Slot | Win 11 Home |31Wh Battery | UHD Graphics 600 | Black
3.3
(199)
500+ bought in past month
₹12,990
M.R.P:
₹25,000 (48% off)
Up to 5% back with Amazon Pay ICI...
FREE delivery Wed, 23 Sept
Or fastest delivery Today 8 am - 12 pm
Add to cart
19:54:30 [TestNG-test-Test-3] INFO  verifyingGetItIn2DaysFilterFunctionality_Laptop_19-54-17 - [verifyingGetItIn2DaysFilterFunctionality_Laptop_19-54-17] Within deliveryElements loop iterating over the products  Within validateDeliveryFilterOptionsWithResult method
19:54:30 [TestNG-test-Test-3] INFO  verifyingGetItIn2DaysFilterFunctionality_Laptop_19-54-17 - [verifyingGetItIn2DaysFilterFunctionality_Laptop_19-54-17] Checking if the allowedDateParts have the assert text — index 2, text: Dell 15 (Previously Inspiron) Laptop, 14th Gen Intel Core i3/Core 3 100U Processor, 16GB DDR4, 512 SSD, Intel UHD Graphics, 15.6" FHD 120Hz IPS AG 250 nit Display, Win 11 + Office 2024, Black, 1.63Kg
4.0
(1.1K)
200+ bought in past month
₹60,490
M.R.P:
₹72,781 (17% off)
Up to 5% back with Amazon Pay ICI...
FREE delivery Wed, 23 Sept
Or fastest delivery Tomorrow, 21 Sept
Service: Device Setup
Add to cart
19:54:30 [TestNG-test-Test-3] INFO  verifyingGetItIn2DaysFilterFunctionality_Laptop_19-54-17 - [verifyingGetItIn2DaysFilterFunctionality_Laptop_19-54-17] Within deliveryElements loop iterating over the products  Within validateDeliveryFilterOptionsWithResult method
19:54:30 [TestNG-test-Test-3] INFO  verifyingGetItIn2DaysFilterFunctionality_Laptop_19-54-17 - [verifyingGetItIn2DaysFilterFunctionality_Laptop_19-54-17] Checking if the allowedDateParts have the assert text — index 3, text: Dell 15 (Previously Inspiron) Laptop, 14th Gen Intel Core i3/Core 3 100U Processor, 8GB DDR4, 512 SSD, 15.6" FHD 120Hz IPS AG 250 nit Display, Win 11 + Office H&S 2024, Carbon Black, 1.63Kg
4.0
(368)
100+ bought in past month
₹56,490
M.R.P:
₹62,598 (10% off)
Up to 5% back with Amazon Pay ICI...
FREE delivery Wed, 23 Sept
Or fastest delivery Tomorrow, 21 Sept
Service: Device Setup
Add to cart
19:54:30 [TestNG-test-Test-3] INFO  verifyingGetItIn2DaysFilterFunctionality_Laptop_19-54-17 - [verifyingGetItIn2DaysFilterFunctionality_Laptop_19-54-17] Within deliveryElements loop iterating over the products  Within validateDeliveryFilterOptionsWithResult method
19:54:30 [TestNG-test-Test-3] INFO  verifyingGetItIn2DaysFilterFunctionality_Laptop_19-54-17 - [verifyingGetItIn2DaysFilterFunctionality_Laptop_19-54-17] Checking if the allowedDateParts have the assert text — index 4, text: Dell 15 SmartChoice (Previously Inspiron), Intel 13th Gen Core i5-1334U, 16GB, 1TB SSD, FHD,15.6"/39.62cm, Win 11, MSO'24, Silver, 1.62kg, [Dell 15], 12 Month McAfee, Backlit KB, Thin & Light Laptop
4.0
(285)
200+ bought in past month
₹73,990
M.R.P:
₹99,478 (26% off)
Save extra with No Cost EMI
FREE delivery Wed, 23 Sept
Or fastest delivery Tomorrow, 21 Sept
Service: Device Setup
Add to cart
19:54:30 [TestNG-test-Test-3] INFO  verifyingGetItIn2DaysFilterFunctionality_Laptop_19-54-17 - [verifyingGetItIn2DaysFilterFunctionality_Laptop_19-54-17] Within deliveryElements loop iterating over the products  Within validateDeliveryFilterOptionsWithResult method
19:54:30 [TestNG-test-Test-3] INFO  verifyingGetItIn2DaysFilterFunctionality_Laptop_19-54-17 - [verifyingGetItIn2DaysFilterFunctionality_Laptop_19-54-17] Checking if the allowedDateParts have the assert text — index 5, text: HP Omen, AMD Ryzen AI 7 350, 8GB RTX 5050, 24GB DDR5(Upgradeable) 1TB SSD, 165Hz, 2k WUXGA, 3ms, 400 nits, 16'(40.6cm) Win11, M365* Office24, Black, 2.44kg, ap0165AX, RGB, AI Gaming Laptop
4.4
(31)
₹1,62,490
M.R.P:
₹3,62,996 (55% off)
Up to 5% back with Amazon Pay ICI...
FREE delivery Wed, 23 Sept
Or fastest delivery Tomorrow, 21 Sept
Only 1 left in stock.
Add to cart
19:54:30 [TestNG-test-Test-3] INFO  verifyingGetItIn2DaysFilterFunctionality_Laptop_19-54-17 - [verifyingGetItIn2DaysFilterFunctionality_Laptop_19-54-17] Within deliveryElements loop iterating over the products  Within validateDeliveryFilterOptionsWithResult method
19:54:31 [TestNG-test-Test-3] INFO  verifyingGetItIn2DaysFilterFunctionality_Laptop_19-54-17 - [verifyingGetItIn2DaysFilterFunctionality_Laptop_19-54-17] Checking if the allowedDateParts have the assert text — index 6, text: JioBook 11 with Lifetime Office | Android 4G Laptop Mediatek 8788 (JioOS) | Octa-core | 4GB RAM | 64 eMMC Storage | Thin and Light Laptop (11.6 inch, 990 Grams) | Dual Band WiFi + SIM | Blue
2.8
(630)
500+ bought in past month
₹10,990
M.R.P:
₹25,000 (56% off)
Up to 5% back with Amazon Pay ICI...
FREE delivery Wed, 23 Sept
Or fastest delivery Today 8 am - 12 pm
Service: Device Setup
Add to cart
19:54:31 [TestNG-test-Test-3] INFO  verifyingGetItIn2DaysFilterFunctionality_Laptop_19-54-17 - [verifyingGetItIn2DaysFilterFunctionality_Laptop_19-54-17] Within deliveryElements loop iterating over the products  Within validateDeliveryFilterOptionsWithResult method
19:54:31 [TestNG-test-Test-3] INFO  verifyingGetItIn2DaysFilterFunctionality_Laptop_19-54-17 - [verifyingGetItIn2DaysFilterFunctionality_Laptop_19-54-17] Checking if the allowedDateParts have the assert text — index 7, text: Lenovo IdeaPad Slim 3 AMD Ryzen 5 40 15.6" (39.6cm) FHD Thin and Light Laptop (16GB RAM/512GB SSD/Backlit Keyboard/Windows 11/Microsoft 365 Basic + Office 2024/Grey/1.6Kg), 82XQ01HQIN
4.5
(8)
₹72,290
Up to 5% back with Amazon Pay ICI...
FREE delivery Wed, 23 Sept
Or fastest delivery Tomorrow 8 am - 12 pm
Service: Device Setup
Add to cart
19:54:31 [TestNG-test-Test-3] INFO  verifyingGetItIn2DaysFilterFunctionality_Laptop_19-54-17 - [verifyingGetItIn2DaysFilterFunctionality_Laptop_19-54-17] Within deliveryElements loop iterating over the products  Within validateDeliveryFilterOptionsWithResult method
19:54:31 [TestNG-test-Test-3] INFO  verifyingGetItIn2DaysFilterFunctionality_Laptop_19-54-17 - [verifyingGetItIn2DaysFilterFunctionality_Laptop_19-54-17] Checking if the allowedDateParts have the assert text — index 8, text: ASUS Chromebook CX1405 (2026), Smartchoice,Intel N50 Processor, Intel UHD iGPU, 8GB RAM, 128GB SSD, FHD, 14" (35.5 cm), Chrome OS, Pure Grey, 1.39 Kg, CX1405CTA-S60622, 42WHrs, Thin & Light Laptop
3.8
(29)
50+ bought in past month
₹32,990
M.R.P:
₹51,990 (37% off)
Up to 5% back with Amazon Pay ICI...
FREE delivery Wed, 23 Sept
Or fastest delivery Today 8 am - 12 pm
Service: Device Setup
Add to cart
19:54:31 [TestNG-test-Test-3] INFO  verifyingGetItIn2DaysFilterFunctionality_Laptop_19-54-17 - [verifyingGetItIn2DaysFilterFunctionality_Laptop_19-54-17] Within deliveryElements loop iterating over the products  Within validateDeliveryFilterOptionsWithResult method
19:54:31 [TestNG-test-Test-3] INFO  verifyingGetItIn2DaysFilterFunctionality_Laptop_19-54-17 - [verifyingGetItIn2DaysFilterFunctionality_Laptop_19-54-17] Checking if the allowedDateParts have the assert text — index 9, text: Acer Smartchoice Aspire One, Intel Core Celeron N4500, 8GB LPDDR4 RAM/ 256GB SSD, 14.0"/35.56cm WXGA Display, Intel UHD Graphics, Win 11 Home, Pure Silver, 1.3 Kg, A114-45, Thin and Light Laptop
1.7
(8)
50+ bought in past month
₹35,990
M.R.P:
₹70,999 (49% off)
Up to 5% back with Amazon Pay ICI...
FREE delivery Wed, 23 Sept
Or fastest delivery Today 8 am - 12 pm
Service: Device Setup
Add to cart
19:54:31 [TestNG-test-Test-3] INFO  verifyingGetItIn2DaysFilterFunctionality_Laptop_19-54-17 - [verifyingGetItIn2DaysFilterFunctionality_Laptop_19-54-17] Within deliveryElements loop iterating over the products  Within validateDeliveryFilterOptionsWithResult method
19:54:31 [TestNG-test-Test-3] INFO  verifyingGetItIn2DaysFilterFunctionality_Laptop_19-54-17 - [verifyingGetItIn2DaysFilterFunctionality_Laptop_19-54-17] Checking if the allowedDateParts have the assert text — index 10, text: Acer Chromebook, MediaTek Kompanio 540 Octa-Core Processor, 4GB RAM, 64GB eMMC, Full HD, 11.6"/27.94cm Display, Chrome OS, Black, 1.2 KG, C725, Arm Mali G57 Graphics, WiFi 6E Laptop
4.2
(13)
200+ bought in past month
₹19,990
M.R.P:
₹36,999 (46% off)
Up to 5% back with Amazon Pay ICI...
FREE delivery Wed, 23 Sept
Or fastest delivery Today 8 am - 12 pm
Service: Device Setup
Add to cart
19:54:31 [TestNG-test-Test-3] INFO  verifyingGetItIn2DaysFilterFunctionality_Laptop_19-54-17 - [verifyingGetItIn2DaysFilterFunctionality_Laptop_19-54-17] Within deliveryElements loop iterating over the products  Within validateDeliveryFilterOptionsWithResult method
19:54:31 [TestNG-test-Test-3] INFO  verifyingGetItIn2DaysFilterFunctionality_Laptop_19-54-17 - [verifyingGetItIn2DaysFilterFunctionality_Laptop_19-54-17] Checking if the allowedDateParts have the assert text — index 11, text: HP Chromebook 14, MediaTek Kompanio 540 (4GB LPDDR5, 128GB UFS) HD, Anti-Glare, Micro-Edge, 14''/35.6cm, ChromeOS, 100 GB Google One(1yr), Modern Gray,1.35kg, nm0004MU, HD Camera w/Shutter Laptop
2.2
(5)
100+ bought in past month
₹25,990
M.R.P:
₹58,733 (56% off)
Up to 5% back with Amazon Pay ICI...
FREE delivery Wed, 23 Sept
Or fastest delivery Today 8 am - 12 pm
Service: Device Setup
Add to cart
19:54:31 [TestNG-test-Test-3] INFO  verifyingGetItIn2DaysFilterFunctionality_Laptop_19-54-17 - [verifyingGetItIn2DaysFilterFunctionality_Laptop_19-54-17] Within deliveryElements loop iterating over the products  Within validateDeliveryFilterOptionsWithResult method
19:54:31 [TestNG-test-Test-3] INFO  verifyingGetItIn2DaysFilterFunctionality_Laptop_19-54-17 - [verifyingGetItIn2DaysFilterFunctionality_Laptop_19-54-17] Checking if the allowedDateParts have the assert text — index 12, text: ASUS Vivobook S14, Intel Core Ultra 5 225H, Intel iGPU,16GB RAM,512GB SSD, FHD+,14",60Hz,Windows 11,M365 Basic (1Year)*,Office Home 2024,Cool Silver,1.4 Kg, S3407CA-LY060WS, Metallic Design Laptop
4.1
(28)
100+ bought in past month
Limited time deal
₹93,990
M.R.P:
₹99,990 (6% off)
Flat INR 3000 Off on SBI BankCards
FREE delivery Wed, 23 Sept
Or fastest delivery Today 8 am - 12 pm
Service: Device Setup
Add to cart
19:54:31 [TestNG-test-Test-3] INFO  verifyingGetItIn2DaysFilterFunctionality_Laptop_19-54-17 - [verifyingGetItIn2DaysFilterFunctionality_Laptop_19-54-17] Within deliveryElements loop iterating over the products  Within validateDeliveryFilterOptionsWithResult method
19:54:31 [TestNG-test-Test-3] INFO  verifyingGetItIn2DaysFilterFunctionality_Laptop_19-54-17 - [verifyingGetItIn2DaysFilterFunctionality_Laptop_19-54-17] Checking if the allowedDateParts have the assert text — index 13, text: HP 14 Smartchoice, Intel Core Ultra 5 125H 12 TOPS, 24GB DDR5 (Upgradeable) 1TB SSD, Anti-Glare, FHD, 14''/35.6cm,Win11, M365*Office24, Silver, 1.4kg, ep1180tu, FHD Camera w/Shutter, Backlit AI Laptop
3.7
(27)
100+ bought in past month
₹89,999
M.R.P:
₹1,39,201 (35% off)
Save extra with No Cost EMI
FREE delivery Wed, 23 Sept
Or fastest delivery Today 8 am - 12 pm
Service: Device Setup
Add to cart
19:54:31 [TestNG-test-Test-3] INFO  verifyingGetItIn2DaysFilterFunctionality_Laptop_19-54-17 - [verifyingGetItIn2DaysFilterFunctionality_Laptop_19-54-17] Within deliveryElements loop iterating over the products  Within validateDeliveryFilterOptionsWithResult method
19:54:31 [TestNG-test-Test-3] INFO  verifyingGetItIn2DaysFilterFunctionality_Laptop_19-54-17 - [verifyingGetItIn2DaysFilterFunctionality_Laptop_19-54-17] Checking if the allowedDateParts have the assert text — index 14, text: ASUS Gaming V16 (2025),Intel Core 5 210H (i5-14th Gen),RTX 4050-6GB,16GB RAM,512GB SSD,Windows 11,16"(40 cm),144Hz,M365 Basic (1Y),Office Home 2024,Matte Black,1.95 Kg,V3607VU-RP550WS,Gaming Laptop
4.0
(77)
₹1,19,990
M.R.P:
₹1,59,990 (25% off)
Up to 5% back with Amazon Pay ICI...
FREE delivery Wed, 23 Sept
Or fastest delivery Tomorrow, 21 Sept
Only 2 left in stock.
Add to cart
19:54:31 [TestNG-test-Test-3] INFO  verifyingGetItIn2DaysFilterFunctionality_Laptop_19-54-17 - [verifyingGetItIn2DaysFilterFunctionality_Laptop_19-54-17] Within deliveryElements loop iterating over the products  Within validateDeliveryFilterOptionsWithResult method
19:54:31 [TestNG-test-Test-3] INFO  verifyingGetItIn2DaysFilterFunctionality_Laptop_19-54-17 - [verifyingGetItIn2DaysFilterFunctionality_Laptop_19-54-17] Checking if the allowedDateParts have the assert text — index 15, text: Acer Chromebook, Intel Celeron- N4500 Processor, 4GB LPDDR4 RAM, 32GB eMMC, 29.46cm /11.6" inch HD Display, Chrome OS, Intel UHD Graphics,WiFi 5, Black, 1.2 KG, CO731, Thin & Light Laptop
2.8
(5)
50+ bought in past month
₹15,990
M.R.P:
₹34,999 (54% off)
Up to 5% back with Amazon Pay ICI...
FREE delivery Wed, 23 Sept
Or fastest delivery Today 8 am - 12 pm
Service: Device Setup
Add to cart
19:54:31 [TestNG-test-Test-3] INFO  verifyingGetItIn2DaysFilterFunctionality_Laptop_19-54-17 - [verifyingGetItIn2DaysFilterFunctionality_Laptop_19-54-17] Returning the list with boolean values   Within validateDeliveryFilterOptionsWithResult method
19:54:31 [TestNG-test-Test-3] INFO  verifyingGetItIn2DaysFilterFunctionality_Laptop_19-54-17 - [verifyingGetItIn2DaysFilterFunctionality_Laptop_19-54-17] Asserting delivery filter: isValid=true, index=-1, text=All the things are valid no errors
