13:56:11 [TestNG-test-Test-1] INFO  verifyingPriceSilderFunctionality_Mobile_13-56-11 - No existing WebDriver found for current thread. Initializing a new ChromeDriver...
13:56:11 [TestNG-test-Test-1] INFO  verifyingPriceSilderFunctionality_Mobile_13-56-11 - Loaded config from classpath: configs/UtilData.properties
13:56:15 [TestNG-test-Test-1] INFO  verifyingPriceSilderFunctionality_Mobile_13-56-11 - WebDriverManager: chromedriver setup OK
13:56:21 [TestNG-test-Test-1] INFO  verifyingPriceSilderFunctionality_Mobile_13-56-11 - ChromeDriver initialized successfully for thread: 31
13:56:21 [TestNG-test-Test-1] INFO  verifyingPriceSilderFunctionality_Mobile_13-56-11 - [verifyingPriceSilderFunctionality_Mobile_13-56-11] Opening amazon Landing page
13:56:21 [TestNG-test-Test-1] INFO  verifyingPriceSilderFunctionality_Mobile_13-56-11 - [verifyingPriceSilderFunctionality_Mobile_13-56-11] Within safeFindElement method
13:56:23 [TestNG-test-Test-1] INFO  verifyingPriceSilderFunctionality_Mobile_13-56-11 - [verifyingPriceSilderFunctionality_Mobile_13-56-11]Found the element returning it ,element ->[[ChromeDriver: chrome on windows (fa00cd006f65babef422f697a176ebd8)] -> xpath: //a[@id='nav-logo-sprites']]
13:56:24 [TestNG-test-Test-1] INFO  verifyingPriceSilderFunctionality_Mobile_13-56-11 - [verifyingPriceSilderFunctionality_Mobile_13-56-11] Giving input within the search bar
13:56:24 [TestNG-test-Test-1] INFO  verifyingPriceSilderFunctionality_Mobile_13-56-11 - [verifyingPriceSilderFunctionality_Mobile_13-56-11] Within safeClick method
13:56:26 [TestNG-test-Test-1] INFO  verifyingPriceSilderFunctionality_Mobile_13-56-11 - [verifyingPriceSilderFunctionality_Mobile_13-56-11] Clicked the  [[ChromeDriver: chrome on windows (fa00cd006f65babef422f697a176ebd8)] -> xpath: //input[@id='nav-search-submit-button']]   using safeClick
13:56:26 [TestNG-test-Test-1] INFO  verifyingPriceSilderFunctionality_Mobile_13-56-11 - [verifyingPriceSilderFunctionality_Mobile_13-56-11] Clicking on the submit in the search bar
13:56:27 [TestNG-test-Test-1] INFO  verifyingPriceSilderFunctionality_Mobile_13-56-11 - [verifyingPriceSilderFunctionality_Mobile_13-56-11] Within filterCheckUnderList method
13:56:27 [TestNG-test-Test-1] INFO  verifyingPriceSilderFunctionality_Mobile_13-56-11 - [verifyingPriceSilderFunctionality_Mobile_13-56-11] Found the Filter within the filter check List
13:56:27 [TestNG-test-Test-1] INFO  verifyingPriceSilderFunctionality_Mobile_13-56-11 - [verifyingPriceSilderFunctionality_Mobile_13-56-11] Within applyPriceSliderAndValidateWithResult method
13:56:27 [TestNG-test-Test-1] INFO  verifyingPriceSilderFunctionality_Mobile_13-56-11 - [verifyingPriceSilderFunctionality_Mobile_13-56-11] Within smoothScrollToElement method
13:56:27 [TestNG-test-Test-1] INFO  verifyingPriceSilderFunctionality_Mobile_13-56-11 - [verifyingPriceSilderFunctionality_Mobile_13-56-11] Within safeFindElement method
13:56:27 [TestNG-test-Test-1] INFO  verifyingPriceSilderFunctionality_Mobile_13-56-11 - [verifyingPriceSilderFunctionality_Mobile_13-56-11]Found the element returning it ,element ->[[ChromeDriver: chrome on windows (fa00cd006f65babef422f697a176ebd8)] -> id: p_36/range-slider_slider-item_lower-bound-slider]
13:56:27 [TestNG-test-Test-1] INFO  verifyingPriceSilderFunctionality_Mobile_13-56-11 - [verifyingPriceSilderFunctionality_Mobile_13-56-11] Successfully scrolled to element: By.id: p_36/range-slider_slider-item_lower-bound-slider
13:56:27 [TestNG-test-Test-1] INFO  verifyingPriceSilderFunctionality_Mobile_13-56-11 - [verifyingPriceSilderFunctionality_Mobile_13-56-11] Within safeFindElement method
13:56:27 [TestNG-test-Test-1] INFO  verifyingPriceSilderFunctionality_Mobile_13-56-11 - [verifyingPriceSilderFunctionality_Mobile_13-56-11]Found the element returning it ,element ->[[ChromeDriver: chrome on windows (fa00cd006f65babef422f697a176ebd8)] -> id: p_36/range-slider_slider-item_lower-bound-slider]
13:56:27 [TestNG-test-Test-1] INFO  verifyingPriceSilderFunctionality_Mobile_13-56-11 - [verifyingPriceSilderFunctionality_Mobile_13-56-11] Within safeFindElement method
13:56:27 [TestNG-test-Test-1] INFO  verifyingPriceSilderFunctionality_Mobile_13-56-11 - [verifyingPriceSilderFunctionality_Mobile_13-56-11]Found the element returning it ,element ->[[ChromeDriver: chrome on windows (fa00cd006f65babef422f697a176ebd8)] -> id: p_36/range-slider_slider-item_upper-bound-slider]
13:56:27 [TestNG-test-Test-1] INFO  verifyingPriceSilderFunctionality_Mobile_13-56-11 - [verifyingPriceSilderFunctionality_Mobile_13-56-11] Within safeFindElements 
13:56:27 [TestNG-test-Test-1] INFO  verifyingPriceSilderFunctionality_Mobile_13-56-11 - [verifyingPriceSilderFunctionality_Mobile_13-56-11] Returning the  [[[ChromeDriver: chrome on windows (fa00cd006f65babef422f697a176ebd8)] -> xpath: //span[@class='a-price-whole']], [[ChromeDriver: chrome on windows (fa00cd006f65babef422f697a176ebd8)] -> xpath: //span[@class='a-price-whole']], [[ChromeDriver: chrome on windows (fa00cd006f65babef422f697a176ebd8)] -> xpath: //span[@class='a-price-whole']], [[ChromeDriver: chrome on windows (fa00cd006f65babef422f697a176ebd8)] -> xpath: //span[@class='a-price-whole']], [[ChromeDriver: chrome on windows (fa00cd006f65babef422f697a176ebd8)] -> xpath: //span[@class='a-price-whole']], [[ChromeDriver: chrome on windows (fa00cd006f65babef422f697a176ebd8)] -> xpath: //span[@class='a-price-whole']], [[ChromeDriver: chrome on windows (fa00cd006f65babef422f697a176ebd8)] -> xpath: //span[@class='a-price-whole']], [[ChromeDriver: chrome on windows (fa00cd006f65babef422f697a176ebd8)] -> xpath: //span[@class='a-price-whole']], [[ChromeDriver: chrome on windows (fa00cd006f65babef422f697a176ebd8)] -> xpath: //span[@class='a-price-whole']], [[ChromeDriver: chrome on windows (fa00cd006f65babef422f697a176ebd8)] -> xpath: //span[@class='a-price-whole']], [[ChromeDriver: chrome on windows (fa00cd006f65babef422f697a176ebd8)] -> xpath: //span[@class='a-price-whole']], [[ChromeDriver: chrome on windows (fa00cd006f65babef422f697a176ebd8)] -> xpath: //span[@class='a-price-whole']], [[ChromeDriver: chrome on windows (fa00cd006f65babef422f697a176ebd8)] -> xpath: //span[@class='a-price-whole']], [[ChromeDriver: chrome on windows (fa00cd006f65babef422f697a176ebd8)] -> xpath: //span[@class='a-price-whole']], [[ChromeDriver: chrome on windows (fa00cd006f65babef422f697a176ebd8)] -> xpath: //span[@class='a-price-whole']], [[ChromeDriver: chrome on windows (fa00cd006f65babef422f697a176ebd8)] -> xpath: //span[@class='a-price-whole']], [[ChromeDriver: chrome on windows (fa00cd006f65babef422f697a176ebd8)] -> xpath: //span[@class='a-price-whole']], [[ChromeDriver: chrome on windows (fa00cd006f65babef422f697a176ebd8)] -> xpath: //span[@class='a-price-whole']], [[ChromeDriver: chrome on windows (fa00cd006f65babef422f697a176ebd8)] -> xpath: //span[@class='a-price-whole']], [[ChromeDriver: chrome on windows (fa00cd006f65babef422f697a176ebd8)] -> xpath: //span[@class='a-price-whole']], [[ChromeDriver: chrome on windows (fa00cd006f65babef422f697a176ebd8)] -> xpath: //span[@class='a-price-whole']], [[ChromeDriver: chrome on windows (fa00cd006f65babef422f697a176ebd8)] -> xpath: //span[@class='a-price-whole']], [[ChromeDriver: chrome on windows (fa00cd006f65babef422f697a176ebd8)] -> xpath: //span[@class='a-price-whole']]] from the safeFindElements method
13:56:27 [TestNG-test-Test-1] INFO  verifyingPriceSilderFunctionality_Mobile_13-56-11 - [verifyingPriceSilderFunctionality_Mobile_13-56-11] Within safeFindElement method
13:56:27 [TestNG-test-Test-1] INFO  verifyingPriceSilderFunctionality_Mobile_13-56-11 - [verifyingPriceSilderFunctionality_Mobile_13-56-11]Found the element returning it ,element ->[[ChromeDriver: chrome on windows (fa00cd006f65babef422f697a176ebd8)] -> id: p_36/range-slider_slider-item_lower-bound-slider]
13:56:27 [TestNG-test-Test-1] INFO  verifyingPriceSilderFunctionality_Mobile_13-56-11 - [verifyingPriceSilderFunctionality_Mobile_13-56-11] in the setSliderValue method with value 61
13:56:27 [TestNG-test-Test-1] INFO  verifyingPriceSilderFunctionality_Mobile_13-56-11 - [verifyingPriceSilderFunctionality_Mobile_13-56-11] Within safeFindElement method
13:56:27 [TestNG-test-Test-1] INFO  verifyingPriceSilderFunctionality_Mobile_13-56-11 - [verifyingPriceSilderFunctionality_Mobile_13-56-11]Found the element returning it ,element ->[[ChromeDriver: chrome on windows (fa00cd006f65babef422f697a176ebd8)] -> id: p_36/range-slider_slider-item_upper-bound-slider]
13:56:27 [TestNG-test-Test-1] INFO  verifyingPriceSilderFunctionality_Mobile_13-56-11 - [verifyingPriceSilderFunctionality_Mobile_13-56-11] in the setSliderValue method with value 81
13:56:27 [TestNG-test-Test-1] INFO  verifyingPriceSilderFunctionality_Mobile_13-56-11 - [verifyingPriceSilderFunctionality_Mobile_13-56-11] Within safeFindElement method
13:56:27 [TestNG-test-Test-1] INFO  verifyingPriceSilderFunctionality_Mobile_13-56-11 - [verifyingPriceSilderFunctionality_Mobile_13-56-11]Found the element returning it ,element ->[[ChromeDriver: chrome on windows (fa00cd006f65babef422f697a176ebd8)] -> xpath: //label[@for='p_36/range-slider_slider-item_upper-bound-slider']]
13:56:27 [TestNG-test-Test-1] INFO  verifyingPriceSilderFunctionality_Mobile_13-56-11 - [verifyingPriceSilderFunctionality_Mobile_13-56-11] Within safeFindElement method
13:56:27 [TestNG-test-Test-1] INFO  verifyingPriceSilderFunctionality_Mobile_13-56-11 - [verifyingPriceSilderFunctionality_Mobile_13-56-11]Found the element returning it ,element ->[[ChromeDriver: chrome on windows (fa00cd006f65babef422f697a176ebd8)] -> xpath: //label[@for='p_36/range-slider_slider-item_lower-bound-slider']]
13:56:29 [TestNG-test-Test-1] INFO  verifyingPriceSilderFunctionality_Mobile_13-56-11 - [verifyingPriceSilderFunctionality_Mobile_13-56-11] Within safeFindElements 
13:56:29 [TestNG-test-Test-1] INFO  verifyingPriceSilderFunctionality_Mobile_13-56-11 - [verifyingPriceSilderFunctionality_Mobile_13-56-11] Returning the  [[[ChromeDriver: chrome on windows (fa00cd006f65babef422f697a176ebd8)] -> xpath: //span[@class='a-price-whole']], [[ChromeDriver: chrome on windows (fa00cd006f65babef422f697a176ebd8)] -> xpath: //span[@class='a-price-whole']], [[ChromeDriver: chrome on windows (fa00cd006f65babef422f697a176ebd8)] -> xpath: //span[@class='a-price-whole']], [[ChromeDriver: chrome on windows (fa00cd006f65babef422f697a176ebd8)] -> xpath: //span[@class='a-price-whole']], [[ChromeDriver: chrome on windows (fa00cd006f65babef422f697a176ebd8)] -> xpath: //span[@class='a-price-whole']], [[ChromeDriver: chrome on windows (fa00cd006f65babef422f697a176ebd8)] -> xpath: //span[@class='a-price-whole']], [[ChromeDriver: chrome on windows (fa00cd006f65babef422f697a176ebd8)] -> xpath: //span[@class='a-price-whole']], [[ChromeDriver: chrome on windows (fa00cd006f65babef422f697a176ebd8)] -> xpath: //span[@class='a-price-whole']], [[ChromeDriver: chrome on windows (fa00cd006f65babef422f697a176ebd8)] -> xpath: //span[@class='a-price-whole']], [[ChromeDriver: chrome on windows (fa00cd006f65babef422f697a176ebd8)] -> xpath: //span[@class='a-price-whole']], [[ChromeDriver: chrome on windows (fa00cd006f65babef422f697a176ebd8)] -> xpath: //span[@class='a-price-whole']], [[ChromeDriver: chrome on windows (fa00cd006f65babef422f697a176ebd8)] -> xpath: //span[@class='a-price-whole']], [[ChromeDriver: chrome on windows (fa00cd006f65babef422f697a176ebd8)] -> xpath: //span[@class='a-price-whole']], [[ChromeDriver: chrome on windows (fa00cd006f65babef422f697a176ebd8)] -> xpath: //span[@class='a-price-whole']], [[ChromeDriver: chrome on windows (fa00cd006f65babef422f697a176ebd8)] -> xpath: //span[@class='a-price-whole']], [[ChromeDriver: chrome on windows (fa00cd006f65babef422f697a176ebd8)] -> xpath: //span[@class='a-price-whole']], [[ChromeDriver: chrome on windows (fa00cd006f65babef422f697a176ebd8)] -> xpath: //span[@class='a-price-whole']]] from the safeFindElements method
13:56:29 [TestNG-test-Test-1] INFO  verifyingPriceSilderFunctionality_Mobile_13-56-11 - [verifyingPriceSilderFunctionality_Mobile_13-56-11] Min Price Applied is  ₹6,500   Product Price is 11,999  Max Price Applied is ₹12,900
13:56:29 [TestNG-test-Test-1] INFO  verifyingPriceSilderFunctionality_Mobile_13-56-11 - [verifyingPriceSilderFunctionality_Mobile_13-56-11] Min Price Applied is  ₹6,500   Product Price is 8,599  Max Price Applied is ₹12,900
13:56:29 [TestNG-test-Test-1] INFO  verifyingPriceSilderFunctionality_Mobile_13-56-11 - [verifyingPriceSilderFunctionality_Mobile_13-56-11] Min Price Applied is  ₹6,500   Product Price is 8,299  Max Price Applied is ₹12,900
13:56:29 [TestNG-test-Test-1] INFO  verifyingPriceSilderFunctionality_Mobile_13-56-11 - [verifyingPriceSilderFunctionality_Mobile_13-56-11] Min Price Applied is  ₹6,500   Product Price is 6,999  Max Price Applied is ₹12,900
13:56:29 [TestNG-test-Test-1] INFO  verifyingPriceSilderFunctionality_Mobile_13-56-11 - [verifyingPriceSilderFunctionality_Mobile_13-56-11] Min Price Applied is  ₹6,500   Product Price is 8,599  Max Price Applied is ₹12,900
13:56:29 [TestNG-test-Test-1] INFO  verifyingPriceSilderFunctionality_Mobile_13-56-11 - [verifyingPriceSilderFunctionality_Mobile_13-56-11] Min Price Applied is  ₹6,500   Product Price is 11,900  Max Price Applied is ₹12,900
13:56:29 [TestNG-test-Test-1] INFO  verifyingPriceSilderFunctionality_Mobile_13-56-11 - [verifyingPriceSilderFunctionality_Mobile_13-56-11] Min Price Applied is  ₹6,500   Product Price is 11,986  Max Price Applied is ₹12,900
13:56:29 [TestNG-test-Test-1] INFO  verifyingPriceSilderFunctionality_Mobile_13-56-11 - [verifyingPriceSilderFunctionality_Mobile_13-56-11] Min Price Applied is  ₹6,500   Product Price is 12,599  Max Price Applied is ₹12,900
13:56:29 [TestNG-test-Test-1] INFO  verifyingPriceSilderFunctionality_Mobile_13-56-11 - [verifyingPriceSilderFunctionality_Mobile_13-56-11] Min Price Applied is  ₹6,500   Product Price is 12,899  Max Price Applied is ₹12,900
13:56:29 [TestNG-test-Test-1] INFO  verifyingPriceSilderFunctionality_Mobile_13-56-11 - [verifyingPriceSilderFunctionality_Mobile_13-56-11] Min Price Applied is  ₹6,500   Product Price is 10,947  Max Price Applied is ₹12,900
13:56:29 [TestNG-test-Test-1] INFO  verifyingPriceSilderFunctionality_Mobile_13-56-11 - [verifyingPriceSilderFunctionality_Mobile_13-56-11] Min Price Applied is  ₹6,500   Product Price is 9,999  Max Price Applied is ₹12,900
13:56:29 [TestNG-test-Test-1] INFO  verifyingPriceSilderFunctionality_Mobile_13-56-11 - [verifyingPriceSilderFunctionality_Mobile_13-56-11] Min Price Applied is  ₹6,500   Product Price is 12,724  Max Price Applied is ₹12,900
13:56:29 [TestNG-test-Test-1] INFO  verifyingPriceSilderFunctionality_Mobile_13-56-11 - [verifyingPriceSilderFunctionality_Mobile_13-56-11] Min Price Applied is  ₹6,500   Product Price is 8,988  Max Price Applied is ₹12,900
13:56:29 [TestNG-test-Test-1] INFO  verifyingPriceSilderFunctionality_Mobile_13-56-11 - [verifyingPriceSilderFunctionality_Mobile_13-56-11] Min Price Applied is  ₹6,500   Product Price is 9,299  Max Price Applied is ₹12,900
13:56:29 [TestNG-test-Test-1] INFO  verifyingPriceSilderFunctionality_Mobile_13-56-11 - [verifyingPriceSilderFunctionality_Mobile_13-56-11] Min Price Applied is  ₹6,500   Product Price is 8,988  Max Price Applied is ₹12,900
13:56:29 [TestNG-test-Test-1] INFO  verifyingPriceSilderFunctionality_Mobile_13-56-11 - [verifyingPriceSilderFunctionality_Mobile_13-56-11] Min Price Applied is  ₹6,500   Product Price is 9,999  Max Price Applied is ₹12,900
13:56:29 [TestNG-test-Test-1] INFO  verifyingPriceSilderFunctionality_Mobile_13-56-11 - [verifyingPriceSilderFunctionality_Mobile_13-56-11] Min Price Applied is  ₹6,500   Product Price is 10,399  Max Price Applied is ₹12,900
13:56:29 [TestNG-test-Test-1] INFO  verifyingPriceSilderFunctionality_Mobile_13-56-11 - [verifyingPriceSilderFunctionality_Mobile_13-56-11] Within smoothScrollToElement method
13:56:29 [TestNG-test-Test-1] INFO  verifyingPriceSilderFunctionality_Mobile_13-56-11 - [verifyingPriceSilderFunctionality_Mobile_13-56-11] Within safeFindElement method
13:56:29 [TestNG-test-Test-1] INFO  verifyingPriceSilderFunctionality_Mobile_13-56-11 - [verifyingPriceSilderFunctionality_Mobile_13-56-11]Found the element returning it ,element ->[[ChromeDriver: chrome on windows (fa00cd006f65babef422f697a176ebd8)] -> id: p_36/range-slider_slider-item_lower-bound-slider]
13:56:29 [TestNG-test-Test-1] INFO  verifyingPriceSilderFunctionality_Mobile_13-56-11 - [verifyingPriceSilderFunctionality_Mobile_13-56-11] Successfully scrolled to element: By.id: p_36/range-slider_slider-item_lower-bound-slider
13:56:29 [TestNG-test-Test-1] INFO  verifyingPriceSilderFunctionality_Mobile_13-56-11 - [verifyingPriceSilderFunctionality_Mobile_13-56-11] Price Check <= Max & >= Min  Product Price is ->11999
13:56:29 [TestNG-test-Test-1] INFO  verifyingPriceSilderFunctionality_Mobile_13-56-11 - [verifyingPriceSilderFunctionality_Mobile_13-56-11] Min Price Applied is  6500   Product Price is 11,999  Max Price Applied is 12900
13:56:29 [TestNG-test-Test-1] INFO  verifyingPriceSilderFunctionality_Mobile_13-56-11 - [verifyingPriceSilderFunctionality_Mobile_13-56-11] Price Check <= Max & >= Min  Product Price is ->8599
13:56:29 [TestNG-test-Test-1] INFO  verifyingPriceSilderFunctionality_Mobile_13-56-11 - [verifyingPriceSilderFunctionality_Mobile_13-56-11] Min Price Applied is  6500   Product Price is 8,599  Max Price Applied is 12900
13:56:29 [TestNG-test-Test-1] INFO  verifyingPriceSilderFunctionality_Mobile_13-56-11 - [verifyingPriceSilderFunctionality_Mobile_13-56-11] Price Check <= Max & >= Min  Product Price is ->8299
13:56:29 [TestNG-test-Test-1] INFO  verifyingPriceSilderFunctionality_Mobile_13-56-11 - [verifyingPriceSilderFunctionality_Mobile_13-56-11] Min Price Applied is  6500   Product Price is 8,299  Max Price Applied is 12900
13:56:29 [TestNG-test-Test-1] INFO  verifyingPriceSilderFunctionality_Mobile_13-56-11 - [verifyingPriceSilderFunctionality_Mobile_13-56-11] Price Check <= Max & >= Min  Product Price is ->6999
13:56:29 [TestNG-test-Test-1] INFO  verifyingPriceSilderFunctionality_Mobile_13-56-11 - [verifyingPriceSilderFunctionality_Mobile_13-56-11] Min Price Applied is  6500   Product Price is 6,999  Max Price Applied is 12900
13:56:29 [TestNG-test-Test-1] INFO  verifyingPriceSilderFunctionality_Mobile_13-56-11 - [verifyingPriceSilderFunctionality_Mobile_13-56-11] Price Check <= Max & >= Min  Product Price is ->8599
13:56:29 [TestNG-test-Test-1] INFO  verifyingPriceSilderFunctionality_Mobile_13-56-11 - [verifyingPriceSilderFunctionality_Mobile_13-56-11] Min Price Applied is  6500   Product Price is 8,599  Max Price Applied is 12900
13:56:29 [TestNG-test-Test-1] INFO  verifyingPriceSilderFunctionality_Mobile_13-56-11 - [verifyingPriceSilderFunctionality_Mobile_13-56-11] Price Check <= Max & >= Min  Product Price is ->11900
13:56:29 [TestNG-test-Test-1] INFO  verifyingPriceSilderFunctionality_Mobile_13-56-11 - [verifyingPriceSilderFunctionality_Mobile_13-56-11] Min Price Applied is  6500   Product Price is 11,900  Max Price Applied is 12900
13:56:29 [TestNG-test-Test-1] INFO  verifyingPriceSilderFunctionality_Mobile_13-56-11 - [verifyingPriceSilderFunctionality_Mobile_13-56-11] Price Check <= Max & >= Min  Product Price is ->11986
13:56:29 [TestNG-test-Test-1] INFO  verifyingPriceSilderFunctionality_Mobile_13-56-11 - [verifyingPriceSilderFunctionality_Mobile_13-56-11] Min Price Applied is  6500   Product Price is 11,986  Max Price Applied is 12900
13:56:29 [TestNG-test-Test-1] INFO  verifyingPriceSilderFunctionality_Mobile_13-56-11 - [verifyingPriceSilderFunctionality_Mobile_13-56-11] Price Check <= Max & >= Min  Product Price is ->12599
13:56:29 [TestNG-test-Test-1] INFO  verifyingPriceSilderFunctionality_Mobile_13-56-11 - [verifyingPriceSilderFunctionality_Mobile_13-56-11] Min Price Applied is  6500   Product Price is 12,599  Max Price Applied is 12900
13:56:29 [TestNG-test-Test-1] INFO  verifyingPriceSilderFunctionality_Mobile_13-56-11 - [verifyingPriceSilderFunctionality_Mobile_13-56-11] Price Check <= Max & >= Min  Product Price is ->12899
13:56:29 [TestNG-test-Test-1] INFO  verifyingPriceSilderFunctionality_Mobile_13-56-11 - [verifyingPriceSilderFunctionality_Mobile_13-56-11] Min Price Applied is  6500   Product Price is 12,899  Max Price Applied is 12900
13:56:29 [TestNG-test-Test-1] INFO  verifyingPriceSilderFunctionality_Mobile_13-56-11 - [verifyingPriceSilderFunctionality_Mobile_13-56-11] Price Check <= Max & >= Min  Product Price is ->10947
13:56:29 [TestNG-test-Test-1] INFO  verifyingPriceSilderFunctionality_Mobile_13-56-11 - [verifyingPriceSilderFunctionality_Mobile_13-56-11] Min Price Applied is  6500   Product Price is 10,947  Max Price Applied is 12900
13:56:29 [TestNG-test-Test-1] INFO  verifyingPriceSilderFunctionality_Mobile_13-56-11 - [verifyingPriceSilderFunctionality_Mobile_13-56-11] Price Check <= Max & >= Min  Product Price is ->9999
13:56:29 [TestNG-test-Test-1] INFO  verifyingPriceSilderFunctionality_Mobile_13-56-11 - [verifyingPriceSilderFunctionality_Mobile_13-56-11] Min Price Applied is  6500   Product Price is 9,999  Max Price Applied is 12900
13:56:29 [TestNG-test-Test-1] INFO  verifyingPriceSilderFunctionality_Mobile_13-56-11 - [verifyingPriceSilderFunctionality_Mobile_13-56-11] Price Check <= Max & >= Min  Product Price is ->12724
13:56:29 [TestNG-test-Test-1] INFO  verifyingPriceSilderFunctionality_Mobile_13-56-11 - [verifyingPriceSilderFunctionality_Mobile_13-56-11] Min Price Applied is  6500   Product Price is 12,724  Max Price Applied is 12900
13:56:29 [TestNG-test-Test-1] INFO  verifyingPriceSilderFunctionality_Mobile_13-56-11 - [verifyingPriceSilderFunctionality_Mobile_13-56-11] Price Check <= Max & >= Min  Product Price is ->8988
13:56:29 [TestNG-test-Test-1] INFO  verifyingPriceSilderFunctionality_Mobile_13-56-11 - [verifyingPriceSilderFunctionality_Mobile_13-56-11] Min Price Applied is  6500   Product Price is 8,988  Max Price Applied is 12900
13:56:29 [TestNG-test-Test-1] INFO  verifyingPriceSilderFunctionality_Mobile_13-56-11 - [verifyingPriceSilderFunctionality_Mobile_13-56-11] Price Check <= Max & >= Min  Product Price is ->9299
13:56:29 [TestNG-test-Test-1] INFO  verifyingPriceSilderFunctionality_Mobile_13-56-11 - [verifyingPriceSilderFunctionality_Mobile_13-56-11] Min Price Applied is  6500   Product Price is 9,299  Max Price Applied is 12900
13:56:29 [TestNG-test-Test-1] INFO  verifyingPriceSilderFunctionality_Mobile_13-56-11 - [verifyingPriceSilderFunctionality_Mobile_13-56-11] Price Check <= Max & >= Min  Product Price is ->8988
13:56:29 [TestNG-test-Test-1] INFO  verifyingPriceSilderFunctionality_Mobile_13-56-11 - [verifyingPriceSilderFunctionality_Mobile_13-56-11] Min Price Applied is  6500   Product Price is 8,988  Max Price Applied is 12900
13:56:29 [TestNG-test-Test-1] INFO  verifyingPriceSilderFunctionality_Mobile_13-56-11 - [verifyingPriceSilderFunctionality_Mobile_13-56-11] Price Check <= Max & >= Min  Product Price is ->9999
13:56:29 [TestNG-test-Test-1] INFO  verifyingPriceSilderFunctionality_Mobile_13-56-11 - [verifyingPriceSilderFunctionality_Mobile_13-56-11] Min Price Applied is  6500   Product Price is 9,999  Max Price Applied is 12900
13:56:29 [TestNG-test-Test-1] INFO  verifyingPriceSilderFunctionality_Mobile_13-56-11 - [verifyingPriceSilderFunctionality_Mobile_13-56-11] Price Check <= Max & >= Min  Product Price is ->10399
13:56:29 [TestNG-test-Test-1] INFO  verifyingPriceSilderFunctionality_Mobile_13-56-11 - [verifyingPriceSilderFunctionality_Mobile_13-56-11] Min Price Applied is  6500   Product Price is 10,399  Max Price Applied is 12900
13:56:29 [TestNG-test-Test-1] INFO  verifyingPriceSilderFunctionality_Mobile_13-56-11 - [verifyingPriceSilderFunctionality_Mobile_13-56-11] Adding the data 'min','max','isValid' ,'mismatches' to 'result' Map->81
13:56:29 [TestNG-test-Test-1] INFO  verifyingPriceSilderFunctionality_Mobile_13-56-11 - [verifyingPriceSilderFunctionality_Mobile_13-56-11] Adding the 'results'  Map to the master 'allResults' i.e is List of maps->81
13:56:29 [TestNG-test-Test-1] INFO  verifyingPriceSilderFunctionality_Mobile_13-56-11 - [verifyingPriceSilderFunctionality_Mobile_13-56-11] Within safeFindElements 
13:56:29 [TestNG-test-Test-1] INFO  verifyingPriceSilderFunctionality_Mobile_13-56-11 - [verifyingPriceSilderFunctionality_Mobile_13-56-11] Returning the  [[[ChromeDriver: chrome on windows (fa00cd006f65babef422f697a176ebd8)] -> xpath: //span[@class='a-price-whole']], [[ChromeDriver: chrome on windows (fa00cd006f65babef422f697a176ebd8)] -> xpath: //span[@class='a-price-whole']], [[ChromeDriver: chrome on windows (fa00cd006f65babef422f697a176ebd8)] -> xpath: //span[@class='a-price-whole']], [[ChromeDriver: chrome on windows (fa00cd006f65babef422f697a176ebd8)] -> xpath: //span[@class='a-price-whole']], [[ChromeDriver: chrome on windows (fa00cd006f65babef422f697a176ebd8)] -> xpath: //span[@class='a-price-whole']], [[ChromeDriver: chrome on windows (fa00cd006f65babef422f697a176ebd8)] -> xpath: //span[@class='a-price-whole']], [[ChromeDriver: chrome on windows (fa00cd006f65babef422f697a176ebd8)] -> xpath: //span[@class='a-price-whole']], [[ChromeDriver: chrome on windows (fa00cd006f65babef422f697a176ebd8)] -> xpath: //span[@class='a-price-whole']], [[ChromeDriver: chrome on windows (fa00cd006f65babef422f697a176ebd8)] -> xpath: //span[@class='a-price-whole']], [[ChromeDriver: chrome on windows (fa00cd006f65babef422f697a176ebd8)] -> xpath: //span[@class='a-price-whole']], [[ChromeDriver: chrome on windows (fa00cd006f65babef422f697a176ebd8)] -> xpath: //span[@class='a-price-whole']], [[ChromeDriver: chrome on windows (fa00cd006f65babef422f697a176ebd8)] -> xpath: //span[@class='a-price-whole']], [[ChromeDriver: chrome on windows (fa00cd006f65babef422f697a176ebd8)] -> xpath: //span[@class='a-price-whole']], [[ChromeDriver: chrome on windows (fa00cd006f65babef422f697a176ebd8)] -> xpath: //span[@class='a-price-whole']], [[ChromeDriver: chrome on windows (fa00cd006f65babef422f697a176ebd8)] -> xpath: //span[@class='a-price-whole']], [[ChromeDriver: chrome on windows (fa00cd006f65babef422f697a176ebd8)] -> xpath: //span[@class='a-price-whole']], [[ChromeDriver: chrome on windows (fa00cd006f65babef422f697a176ebd8)] -> xpath: //span[@class='a-price-whole']]] from the safeFindElements method
13:56:29 [TestNG-test-Test-1] INFO  verifyingPriceSilderFunctionality_Mobile_13-56-11 - [verifyingPriceSilderFunctionality_Mobile_13-56-11] Within safeFindElement method
13:56:29 [TestNG-test-Test-1] INFO  verifyingPriceSilderFunctionality_Mobile_13-56-11 - [verifyingPriceSilderFunctionality_Mobile_13-56-11]Found the element returning it ,element ->[[ChromeDriver: chrome on windows (fa00cd006f65babef422f697a176ebd8)] -> id: p_36/range-slider_slider-item_lower-bound-slider]
13:56:29 [TestNG-test-Test-1] INFO  verifyingPriceSilderFunctionality_Mobile_13-56-11 - [verifyingPriceSilderFunctionality_Mobile_13-56-11] in the setSliderValue method with value 91
13:56:29 [TestNG-test-Test-1] INFO  verifyingPriceSilderFunctionality_Mobile_13-56-11 - [verifyingPriceSilderFunctionality_Mobile_13-56-11] Within safeFindElement method
13:56:29 [TestNG-test-Test-1] INFO  verifyingPriceSilderFunctionality_Mobile_13-56-11 - [verifyingPriceSilderFunctionality_Mobile_13-56-11]Found the element returning it ,element ->[[ChromeDriver: chrome on windows (fa00cd006f65babef422f697a176ebd8)] -> id: p_36/range-slider_slider-item_upper-bound-slider]
13:56:29 [TestNG-test-Test-1] INFO  verifyingPriceSilderFunctionality_Mobile_13-56-11 - [verifyingPriceSilderFunctionality_Mobile_13-56-11] in the setSliderValue method with value 121
13:56:29 [TestNG-test-Test-1] INFO  verifyingPriceSilderFunctionality_Mobile_13-56-11 - [verifyingPriceSilderFunctionality_Mobile_13-56-11] Within safeFindElement method
13:56:29 [TestNG-test-Test-1] INFO  verifyingPriceSilderFunctionality_Mobile_13-56-11 - [verifyingPriceSilderFunctionality_Mobile_13-56-11]Found the element returning it ,element ->[[ChromeDriver: chrome on windows (fa00cd006f65babef422f697a176ebd8)] -> xpath: //label[@for='p_36/range-slider_slider-item_upper-bound-slider']]
13:56:29 [TestNG-test-Test-1] INFO  verifyingPriceSilderFunctionality_Mobile_13-56-11 - [verifyingPriceSilderFunctionality_Mobile_13-56-11] Within safeFindElement method
13:56:29 [TestNG-test-Test-1] INFO  verifyingPriceSilderFunctionality_Mobile_13-56-11 - [verifyingPriceSilderFunctionality_Mobile_13-56-11]Found the element returning it ,element ->[[ChromeDriver: chrome on windows (fa00cd006f65babef422f697a176ebd8)] -> xpath: //label[@for='p_36/range-slider_slider-item_lower-bound-slider']]
13:56:30 [TestNG-test-Test-1] INFO  verifyingPriceSilderFunctionality_Mobile_13-56-11 - [verifyingPriceSilderFunctionality_Mobile_13-56-11] Within safeFindElements 
13:56:30 [TestNG-test-Test-1] INFO  verifyingPriceSilderFunctionality_Mobile_13-56-11 - [verifyingPriceSilderFunctionality_Mobile_13-56-11] Returning the  [[[ChromeDriver: chrome on windows (fa00cd006f65babef422f697a176ebd8)] -> xpath: //span[@class='a-price-whole']], [[ChromeDriver: chrome on windows (fa00cd006f65babef422f697a176ebd8)] -> xpath: //span[@class='a-price-whole']], [[ChromeDriver: chrome on windows (fa00cd006f65babef422f697a176ebd8)] -> xpath: //span[@class='a-price-whole']], [[ChromeDriver: chrome on windows (fa00cd006f65babef422f697a176ebd8)] -> xpath: //span[@class='a-price-whole']], [[ChromeDriver: chrome on windows (fa00cd006f65babef422f697a176ebd8)] -> xpath: //span[@class='a-price-whole']], [[ChromeDriver: chrome on windows (fa00cd006f65babef422f697a176ebd8)] -> xpath: //span[@class='a-price-whole']], [[ChromeDriver: chrome on windows (fa00cd006f65babef422f697a176ebd8)] -> xpath: //span[@class='a-price-whole']], [[ChromeDriver: chrome on windows (fa00cd006f65babef422f697a176ebd8)] -> xpath: //span[@class='a-price-whole']], [[ChromeDriver: chrome on windows (fa00cd006f65babef422f697a176ebd8)] -> xpath: //span[@class='a-price-whole']], [[ChromeDriver: chrome on windows (fa00cd006f65babef422f697a176ebd8)] -> xpath: //span[@class='a-price-whole']], [[ChromeDriver: chrome on windows (fa00cd006f65babef422f697a176ebd8)] -> xpath: //span[@class='a-price-whole']], [[ChromeDriver: chrome on windows (fa00cd006f65babef422f697a176ebd8)] -> xpath: //span[@class='a-price-whole']], [[ChromeDriver: chrome on windows (fa00cd006f65babef422f697a176ebd8)] -> xpath: //span[@class='a-price-whole']], [[ChromeDriver: chrome on windows (fa00cd006f65babef422f697a176ebd8)] -> xpath: //span[@class='a-price-whole']], [[ChromeDriver: chrome on windows (fa00cd006f65babef422f697a176ebd8)] -> xpath: //span[@class='a-price-whole']], [[ChromeDriver: chrome on windows (fa00cd006f65babef422f697a176ebd8)] -> xpath: //span[@class='a-price-whole']], [[ChromeDriver: chrome on windows (fa00cd006f65babef422f697a176ebd8)] -> xpath: //span[@class='a-price-whole']]] from the safeFindElements method
13:56:30 [TestNG-test-Test-1] INFO  verifyingPriceSilderFunctionality_Mobile_13-56-11 - [verifyingPriceSilderFunctionality_Mobile_13-56-11] Min Price Applied is  ₹9,400   Product Price is 11,999  Max Price Applied is ₹34,900
13:56:30 [TestNG-test-Test-1] INFO  verifyingPriceSilderFunctionality_Mobile_13-56-11 - [verifyingPriceSilderFunctionality_Mobile_13-56-11] Min Price Applied is  ₹9,400   Product Price is 8,599  Max Price Applied is ₹34,900
13:56:30 [TestNG-test-Test-1] INFO  verifyingPriceSilderFunctionality_Mobile_13-56-11 - [verifyingPriceSilderFunctionality_Mobile_13-56-11] Min Price Applied is  ₹9,400   Product Price is 8,299  Max Price Applied is ₹34,900
13:56:30 [TestNG-test-Test-1] INFO  verifyingPriceSilderFunctionality_Mobile_13-56-11 - [verifyingPriceSilderFunctionality_Mobile_13-56-11] Min Price Applied is  ₹9,400   Product Price is 6,999  Max Price Applied is ₹34,900
13:56:30 [TestNG-test-Test-1] INFO  verifyingPriceSilderFunctionality_Mobile_13-56-11 - [verifyingPriceSilderFunctionality_Mobile_13-56-11] Min Price Applied is  ₹9,400   Product Price is 8,599  Max Price Applied is ₹34,900
13:56:30 [TestNG-test-Test-1] INFO  verifyingPriceSilderFunctionality_Mobile_13-56-11 - [verifyingPriceSilderFunctionality_Mobile_13-56-11] Min Price Applied is  ₹9,400   Product Price is 11,900  Max Price Applied is ₹34,900
13:56:30 [TestNG-test-Test-1] INFO  verifyingPriceSilderFunctionality_Mobile_13-56-11 - [verifyingPriceSilderFunctionality_Mobile_13-56-11] Min Price Applied is  ₹9,400   Product Price is 11,986  Max Price Applied is ₹34,900
13:56:30 [TestNG-test-Test-1] INFO  verifyingPriceSilderFunctionality_Mobile_13-56-11 - [verifyingPriceSilderFunctionality_Mobile_13-56-11] Min Price Applied is  ₹9,400   Product Price is 12,599  Max Price Applied is ₹34,900
13:56:30 [TestNG-test-Test-1] INFO  verifyingPriceSilderFunctionality_Mobile_13-56-11 - [verifyingPriceSilderFunctionality_Mobile_13-56-11] Min Price Applied is  ₹9,400   Product Price is 12,899  Max Price Applied is ₹34,900
13:56:30 [TestNG-test-Test-1] INFO  verifyingPriceSilderFunctionality_Mobile_13-56-11 - [verifyingPriceSilderFunctionality_Mobile_13-56-11] Min Price Applied is  ₹9,400   Product Price is 10,947  Max Price Applied is ₹34,900
13:56:30 [TestNG-test-Test-1] INFO  verifyingPriceSilderFunctionality_Mobile_13-56-11 - [verifyingPriceSilderFunctionality_Mobile_13-56-11] Min Price Applied is  ₹9,400   Product Price is 9,999  Max Price Applied is ₹34,900
13:56:30 [TestNG-test-Test-1] INFO  verifyingPriceSilderFunctionality_Mobile_13-56-11 - [verifyingPriceSilderFunctionality_Mobile_13-56-11] Min Price Applied is  ₹9,400   Product Price is 12,724  Max Price Applied is ₹34,900
13:56:30 [TestNG-test-Test-1] INFO  verifyingPriceSilderFunctionality_Mobile_13-56-11 - [verifyingPriceSilderFunctionality_Mobile_13-56-11] Min Price Applied is  ₹9,400   Product Price is 8,988  Max Price Applied is ₹34,900
13:56:30 [TestNG-test-Test-1] INFO  verifyingPriceSilderFunctionality_Mobile_13-56-11 - [verifyingPriceSilderFunctionality_Mobile_13-56-11] Min Price Applied is  ₹9,400   Product Price is 9,299  Max Price Applied is ₹34,900
13:56:30 [TestNG-test-Test-1] INFO  verifyingPriceSilderFunctionality_Mobile_13-56-11 - [verifyingPriceSilderFunctionality_Mobile_13-56-11] Min Price Applied is  ₹9,400   Product Price is 8,988  Max Price Applied is ₹34,900
13:56:30 [TestNG-test-Test-1] INFO  verifyingPriceSilderFunctionality_Mobile_13-56-11 - [verifyingPriceSilderFunctionality_Mobile_13-56-11] Min Price Applied is  ₹9,400   Product Price is 9,999  Max Price Applied is ₹34,900
13:56:30 [TestNG-test-Test-1] INFO  verifyingPriceSilderFunctionality_Mobile_13-56-11 - [verifyingPriceSilderFunctionality_Mobile_13-56-11] Min Price Applied is  ₹9,400   Product Price is 10,399  Max Price Applied is ₹34,900
13:56:30 [TestNG-test-Test-1] INFO  verifyingPriceSilderFunctionality_Mobile_13-56-11 - [verifyingPriceSilderFunctionality_Mobile_13-56-11] Within smoothScrollToElement method
13:56:30 [TestNG-test-Test-1] INFO  verifyingPriceSilderFunctionality_Mobile_13-56-11 - [verifyingPriceSilderFunctionality_Mobile_13-56-11] Within safeFindElement method
13:56:30 [TestNG-test-Test-1] INFO  verifyingPriceSilderFunctionality_Mobile_13-56-11 - [verifyingPriceSilderFunctionality_Mobile_13-56-11]Found the element returning it ,element ->[[ChromeDriver: chrome on windows (fa00cd006f65babef422f697a176ebd8)] -> id: p_36/range-slider_slider-item_lower-bound-slider]
13:56:30 [TestNG-test-Test-1] INFO  verifyingPriceSilderFunctionality_Mobile_13-56-11 - [verifyingPriceSilderFunctionality_Mobile_13-56-11] Successfully scrolled to element: By.id: p_36/range-slider_slider-item_lower-bound-slider
13:56:30 [TestNG-test-Test-1] INFO  verifyingPriceSilderFunctionality_Mobile_13-56-11 - [verifyingPriceSilderFunctionality_Mobile_13-56-11] Price Check <= Max & >= Min  Product Price is ->11999
13:56:30 [TestNG-test-Test-1] INFO  verifyingPriceSilderFunctionality_Mobile_13-56-11 - [verifyingPriceSilderFunctionality_Mobile_13-56-11] Min Price Applied is  9400   Product Price is 11,999  Max Price Applied is 34900
13:56:30 [TestNG-test-Test-1] INFO  verifyingPriceSilderFunctionality_Mobile_13-56-11 - [verifyingPriceSilderFunctionality_Mobile_13-56-11] Product Price Not Under the Range of Min & Max
13:56:30 [TestNG-test-Test-1] INFO  verifyingPriceSilderFunctionality_Mobile_13-56-11 - [verifyingPriceSilderFunctionality_Mobile_13-56-11] Min Price Applied is  9400   Product Price is 8,599  Max Price Applied is 34900
13:56:30 [TestNG-test-Test-1] INFO  verifyingPriceSilderFunctionality_Mobile_13-56-11 - [verifyingPriceSilderFunctionality_Mobile_13-56-11] Product Price Not Under the Range of Min & Max
13:56:30 [TestNG-test-Test-1] INFO  verifyingPriceSilderFunctionality_Mobile_13-56-11 - [verifyingPriceSilderFunctionality_Mobile_13-56-11] Min Price Applied is  9400   Product Price is 8,299  Max Price Applied is 34900
13:56:30 [TestNG-test-Test-1] INFO  verifyingPriceSilderFunctionality_Mobile_13-56-11 - [verifyingPriceSilderFunctionality_Mobile_13-56-11] Product Price Not Under the Range of Min & Max
13:56:30 [TestNG-test-Test-1] INFO  verifyingPriceSilderFunctionality_Mobile_13-56-11 - [verifyingPriceSilderFunctionality_Mobile_13-56-11] Min Price Applied is  9400   Product Price is 6,999  Max Price Applied is 34900
13:56:30 [TestNG-test-Test-1] INFO  verifyingPriceSilderFunctionality_Mobile_13-56-11 - [verifyingPriceSilderFunctionality_Mobile_13-56-11] Product Price Not Under the Range of Min & Max
13:56:30 [TestNG-test-Test-1] INFO  verifyingPriceSilderFunctionality_Mobile_13-56-11 - [verifyingPriceSilderFunctionality_Mobile_13-56-11] Min Price Applied is  9400   Product Price is 8,599  Max Price Applied is 34900
13:56:30 [TestNG-test-Test-1] INFO  verifyingPriceSilderFunctionality_Mobile_13-56-11 - [verifyingPriceSilderFunctionality_Mobile_13-56-11] Price Check <= Max & >= Min  Product Price is ->11900
13:56:30 [TestNG-test-Test-1] INFO  verifyingPriceSilderFunctionality_Mobile_13-56-11 - [verifyingPriceSilderFunctionality_Mobile_13-56-11] Min Price Applied is  9400   Product Price is 11,900  Max Price Applied is 34900
13:56:30 [TestNG-test-Test-1] INFO  verifyingPriceSilderFunctionality_Mobile_13-56-11 - [verifyingPriceSilderFunctionality_Mobile_13-56-11] Price Check <= Max & >= Min  Product Price is ->11986
13:56:30 [TestNG-test-Test-1] INFO  verifyingPriceSilderFunctionality_Mobile_13-56-11 - [verifyingPriceSilderFunctionality_Mobile_13-56-11] Min Price Applied is  9400   Product Price is 11,986  Max Price Applied is 34900
13:56:30 [TestNG-test-Test-1] INFO  verifyingPriceSilderFunctionality_Mobile_13-56-11 - [verifyingPriceSilderFunctionality_Mobile_13-56-11] Price Check <= Max & >= Min  Product Price is ->12599
13:56:30 [TestNG-test-Test-1] INFO  verifyingPriceSilderFunctionality_Mobile_13-56-11 - [verifyingPriceSilderFunctionality_Mobile_13-56-11] Min Price Applied is  9400   Product Price is 12,599  Max Price Applied is 34900
13:56:30 [TestNG-test-Test-1] INFO  verifyingPriceSilderFunctionality_Mobile_13-56-11 - [verifyingPriceSilderFunctionality_Mobile_13-56-11] Price Check <= Max & >= Min  Product Price is ->12899
13:56:30 [TestNG-test-Test-1] INFO  verifyingPriceSilderFunctionality_Mobile_13-56-11 - [verifyingPriceSilderFunctionality_Mobile_13-56-11] Min Price Applied is  9400   Product Price is 12,899  Max Price Applied is 34900
13:56:30 [TestNG-test-Test-1] INFO  verifyingPriceSilderFunctionality_Mobile_13-56-11 - [verifyingPriceSilderFunctionality_Mobile_13-56-11] Price Check <= Max & >= Min  Product Price is ->10947
13:56:30 [TestNG-test-Test-1] INFO  verifyingPriceSilderFunctionality_Mobile_13-56-11 - [verifyingPriceSilderFunctionality_Mobile_13-56-11] Min Price Applied is  9400   Product Price is 10,947  Max Price Applied is 34900
13:56:30 [TestNG-test-Test-1] INFO  verifyingPriceSilderFunctionality_Mobile_13-56-11 - [verifyingPriceSilderFunctionality_Mobile_13-56-11] Price Check <= Max & >= Min  Product Price is ->9999
13:56:30 [TestNG-test-Test-1] INFO  verifyingPriceSilderFunctionality_Mobile_13-56-11 - [verifyingPriceSilderFunctionality_Mobile_13-56-11] Min Price Applied is  9400   Product Price is 9,999  Max Price Applied is 34900
13:56:30 [TestNG-test-Test-1] INFO  verifyingPriceSilderFunctionality_Mobile_13-56-11 - [verifyingPriceSilderFunctionality_Mobile_13-56-11] Price Check <= Max & >= Min  Product Price is ->12724
13:56:30 [TestNG-test-Test-1] INFO  verifyingPriceSilderFunctionality_Mobile_13-56-11 - [verifyingPriceSilderFunctionality_Mobile_13-56-11] Min Price Applied is  9400   Product Price is 12,724  Max Price Applied is 34900
13:56:30 [TestNG-test-Test-1] INFO  verifyingPriceSilderFunctionality_Mobile_13-56-11 - [verifyingPriceSilderFunctionality_Mobile_13-56-11] Product Price Not Under the Range of Min & Max
13:56:30 [TestNG-test-Test-1] INFO  verifyingPriceSilderFunctionality_Mobile_13-56-11 - [verifyingPriceSilderFunctionality_Mobile_13-56-11] Min Price Applied is  9400   Product Price is 8,988  Max Price Applied is 34900
13:56:30 [TestNG-test-Test-1] INFO  verifyingPriceSilderFunctionality_Mobile_13-56-11 - [verifyingPriceSilderFunctionality_Mobile_13-56-11] Product Price Not Under the Range of Min & Max
13:56:30 [TestNG-test-Test-1] INFO  verifyingPriceSilderFunctionality_Mobile_13-56-11 - [verifyingPriceSilderFunctionality_Mobile_13-56-11] Min Price Applied is  9400   Product Price is 9,299  Max Price Applied is 34900
13:56:30 [TestNG-test-Test-1] INFO  verifyingPriceSilderFunctionality_Mobile_13-56-11 - [verifyingPriceSilderFunctionality_Mobile_13-56-11] Product Price Not Under the Range of Min & Max
13:56:30 [TestNG-test-Test-1] INFO  verifyingPriceSilderFunctionality_Mobile_13-56-11 - [verifyingPriceSilderFunctionality_Mobile_13-56-11] Min Price Applied is  9400   Product Price is 8,988  Max Price Applied is 34900
13:56:30 [TestNG-test-Test-1] INFO  verifyingPriceSilderFunctionality_Mobile_13-56-11 - [verifyingPriceSilderFunctionality_Mobile_13-56-11] Price Check <= Max & >= Min  Product Price is ->9999
13:56:30 [TestNG-test-Test-1] INFO  verifyingPriceSilderFunctionality_Mobile_13-56-11 - [verifyingPriceSilderFunctionality_Mobile_13-56-11] Min Price Applied is  9400   Product Price is 9,999  Max Price Applied is 34900
13:56:30 [TestNG-test-Test-1] INFO  verifyingPriceSilderFunctionality_Mobile_13-56-11 - [verifyingPriceSilderFunctionality_Mobile_13-56-11] Price Check <= Max & >= Min  Product Price is ->10399
13:56:30 [TestNG-test-Test-1] INFO  verifyingPriceSilderFunctionality_Mobile_13-56-11 - [verifyingPriceSilderFunctionality_Mobile_13-56-11] Min Price Applied is  9400   Product Price is 10,399  Max Price Applied is 34900
13:56:30 [TestNG-test-Test-1] INFO  verifyingPriceSilderFunctionality_Mobile_13-56-11 - [verifyingPriceSilderFunctionality_Mobile_13-56-11] Adding the data 'min','max','isValid' ,'mismatches' to 'result' Map->121
13:56:30 [TestNG-test-Test-1] INFO  verifyingPriceSilderFunctionality_Mobile_13-56-11 - [verifyingPriceSilderFunctionality_Mobile_13-56-11] Adding the 'results'  Map to the master 'allResults' i.e is List of maps->121
13:56:30 [TestNG-test-Test-1] INFO  verifyingPriceSilderFunctionality_Mobile_13-56-11 - [verifyingPriceSilderFunctionality_Mobile_13-56-11] Within safeFindElements 
13:56:30 [TestNG-test-Test-1] INFO  verifyingPriceSilderFunctionality_Mobile_13-56-11 - [verifyingPriceSilderFunctionality_Mobile_13-56-11] Returning the  [[[ChromeDriver: chrome on windows (fa00cd006f65babef422f697a176ebd8)] -> xpath: //span[@class='a-price-whole']], [[ChromeDriver: chrome on windows (fa00cd006f65babef422f697a176ebd8)] -> xpath: //span[@class='a-price-whole']], [[ChromeDriver: chrome on windows (fa00cd006f65babef422f697a176ebd8)] -> xpath: //span[@class='a-price-whole']]] from the safeFindElements method
13:56:30 [TestNG-test-Test-1] INFO  verifyingPriceSilderFunctionality_Mobile_13-56-11 - [verifyingPriceSilderFunctionality_Mobile_13-56-11] Within safeFindElement method
13:56:32 [TestNG-test-Test-1] INFO  verifyingPriceSilderFunctionality_Mobile_13-56-11 - [verifyingPriceSilderFunctionality_Mobile_13-56-11]Found the element returning it ,element ->[[ChromeDriver: chrome on windows (fa00cd006f65babef422f697a176ebd8)] -> id: p_36/range-slider_slider-item_lower-bound-slider]
13:56:32 [TestNG-test-Test-1] INFO  verifyingPriceSilderFunctionality_Mobile_13-56-11 - [verifyingPriceSilderFunctionality_Mobile_13-56-11] in the setSliderValue method with value 131
13:56:32 [TestNG-test-Test-1] INFO  verifyingPriceSilderFunctionality_Mobile_13-56-11 - [verifyingPriceSilderFunctionality_Mobile_13-56-11] Within safeFindElement method
13:56:32 [TestNG-test-Test-1] INFO  verifyingPriceSilderFunctionality_Mobile_13-56-11 - [verifyingPriceSilderFunctionality_Mobile_13-56-11]Found the element returning it ,element ->[[ChromeDriver: chrome on windows (fa00cd006f65babef422f697a176ebd8)] -> id: p_36/range-slider_slider-item_upper-bound-slider]
13:56:32 [TestNG-test-Test-1] INFO  verifyingPriceSilderFunctionality_Mobile_13-56-11 - [verifyingPriceSilderFunctionality_Mobile_13-56-11] in the setSliderValue method with value 161
13:56:32 [TestNG-test-Test-1] INFO  verifyingPriceSilderFunctionality_Mobile_13-56-11 - [verifyingPriceSilderFunctionality_Mobile_13-56-11] Within safeFindElement method
13:56:32 [TestNG-test-Test-1] INFO  verifyingPriceSilderFunctionality_Mobile_13-56-11 - [verifyingPriceSilderFunctionality_Mobile_13-56-11]Found the element returning it ,element ->[[ChromeDriver: chrome on windows (fa00cd006f65babef422f697a176ebd8)] -> xpath: //label[@for='p_36/range-slider_slider-item_upper-bound-slider']]
13:56:32 [TestNG-test-Test-1] INFO  verifyingPriceSilderFunctionality_Mobile_13-56-11 - [verifyingPriceSilderFunctionality_Mobile_13-56-11] Within safeFindElement method
13:56:32 [TestNG-test-Test-1] INFO  verifyingPriceSilderFunctionality_Mobile_13-56-11 - [verifyingPriceSilderFunctionality_Mobile_13-56-11]Found the element returning it ,element ->[[ChromeDriver: chrome on windows (fa00cd006f65babef422f697a176ebd8)] -> xpath: //label[@for='p_36/range-slider_slider-item_lower-bound-slider']]
13:56:32 [TestNG-test-Test-1] INFO  verifyingPriceSilderFunctionality_Mobile_13-56-11 - [verifyingPriceSilderFunctionality_Mobile_13-56-11] Within safeFindElements 
13:56:32 [TestNG-test-Test-1] INFO  verifyingPriceSilderFunctionality_Mobile_13-56-11 - [verifyingPriceSilderFunctionality_Mobile_13-56-11] Returning the  [[[ChromeDriver: chrome on windows (fa00cd006f65babef422f697a176ebd8)] -> xpath: //span[@class='a-price-whole']], [[ChromeDriver: chrome on windows (fa00cd006f65babef422f697a176ebd8)] -> xpath: //span[@class='a-price-whole']], [[ChromeDriver: chrome on windows (fa00cd006f65babef422f697a176ebd8)] -> xpath: //span[@class='a-price-whole']], [[ChromeDriver: chrome on windows (fa00cd006f65babef422f697a176ebd8)] -> xpath: //span[@class='a-price-whole']], [[ChromeDriver: chrome on windows (fa00cd006f65babef422f697a176ebd8)] -> xpath: //span[@class='a-price-whole']], [[ChromeDriver: chrome on windows (fa00cd006f65babef422f697a176ebd8)] -> xpath: //span[@class='a-price-whole']], [[ChromeDriver: chrome on windows (fa00cd006f65babef422f697a176ebd8)] -> xpath: //span[@class='a-price-whole']], [[ChromeDriver: chrome on windows (fa00cd006f65babef422f697a176ebd8)] -> xpath: //span[@class='a-price-whole']], [[ChromeDriver: chrome on windows (fa00cd006f65babef422f697a176ebd8)] -> xpath: //span[@class='a-price-whole']], [[ChromeDriver: chrome on windows (fa00cd006f65babef422f697a176ebd8)] -> xpath: //span[@class='a-price-whole']], [[ChromeDriver: chrome on windows (fa00cd006f65babef422f697a176ebd8)] -> xpath: //span[@class='a-price-whole']], [[ChromeDriver: chrome on windows (fa00cd006f65babef422f697a176ebd8)] -> xpath: //span[@class='a-price-whole']], [[ChromeDriver: chrome on windows (fa00cd006f65babef422f697a176ebd8)] -> xpath: //span[@class='a-price-whole']], [[ChromeDriver: chrome on windows (fa00cd006f65babef422f697a176ebd8)] -> xpath: //span[@class='a-price-whole']], [[ChromeDriver: chrome on windows (fa00cd006f65babef422f697a176ebd8)] -> xpath: //span[@class='a-price-whole']], [[ChromeDriver: chrome on windows (fa00cd006f65babef422f697a176ebd8)] -> xpath: //span[@class='a-price-whole']], [[ChromeDriver: chrome on windows (fa00cd006f65babef422f697a176ebd8)] -> xpath: //span[@class='a-price-whole']]] from the safeFindElements method
13:56:32 [TestNG-test-Test-1] INFO  verifyingPriceSilderFunctionality_Mobile_13-56-11 - [verifyingPriceSilderFunctionality_Mobile_13-56-11] Min Price Applied is  ₹28,200   Product Price is 11,999  Max Price Applied is ₹70,800
13:56:32 [TestNG-test-Test-1] INFO  verifyingPriceSilderFunctionality_Mobile_13-56-11 - [verifyingPriceSilderFunctionality_Mobile_13-56-11] Min Price Applied is  ₹28,200   Product Price is 16,999  Max Price Applied is ₹70,800
13:56:32 [TestNG-test-Test-1] INFO  verifyingPriceSilderFunctionality_Mobile_13-56-11 - [verifyingPriceSilderFunctionality_Mobile_13-56-11] Min Price Applied is  ₹28,200   Product Price is 14,999  Max Price Applied is ₹70,800
13:56:32 [TestNG-test-Test-1] INFO  verifyingPriceSilderFunctionality_Mobile_13-56-11 - [verifyingPriceSilderFunctionality_Mobile_13-56-11] Min Price Applied is  ₹28,200   Product Price is 20,999  Max Price Applied is ₹70,800
13:56:32 [TestNG-test-Test-1] INFO  verifyingPriceSilderFunctionality_Mobile_13-56-11 - [verifyingPriceSilderFunctionality_Mobile_13-56-11] Min Price Applied is  ₹28,200   Product Price is 18,999  Max Price Applied is ₹70,800
13:56:32 [TestNG-test-Test-1] INFO  verifyingPriceSilderFunctionality_Mobile_13-56-11 - [verifyingPriceSilderFunctionality_Mobile_13-56-11] Min Price Applied is  ₹28,200   Product Price is 23,499  Max Price Applied is ₹70,800
13:56:32 [TestNG-test-Test-1] INFO  verifyingPriceSilderFunctionality_Mobile_13-56-11 - [verifyingPriceSilderFunctionality_Mobile_13-56-11] Min Price Applied is  ₹28,200   Product Price is 16,249  Max Price Applied is ₹70,800
13:56:32 [TestNG-test-Test-1] INFO  verifyingPriceSilderFunctionality_Mobile_13-56-11 - [verifyingPriceSilderFunctionality_Mobile_13-56-11] Min Price Applied is  ₹28,200   Product Price is 19,499  Max Price Applied is ₹70,800
13:56:32 [TestNG-test-Test-1] INFO  verifyingPriceSilderFunctionality_Mobile_13-56-11 - [verifyingPriceSilderFunctionality_Mobile_13-56-11] Min Price Applied is  ₹28,200   Product Price is 12,599  Max Price Applied is ₹70,800
13:56:32 [TestNG-test-Test-1] INFO  verifyingPriceSilderFunctionality_Mobile_13-56-11 - [verifyingPriceSilderFunctionality_Mobile_13-56-11] Min Price Applied is  ₹28,200   Product Price is 15,999  Max Price Applied is ₹70,800
13:56:32 [TestNG-test-Test-1] INFO  verifyingPriceSilderFunctionality_Mobile_13-56-11 - [verifyingPriceSilderFunctionality_Mobile_13-56-11] Min Price Applied is  ₹28,200   Product Price is 9,999  Max Price Applied is ₹70,800
13:56:32 [TestNG-test-Test-1] INFO  verifyingPriceSilderFunctionality_Mobile_13-56-11 - [verifyingPriceSilderFunctionality_Mobile_13-56-11] Min Price Applied is  ₹28,200   Product Price is 30,999  Max Price Applied is ₹70,800
13:56:32 [TestNG-test-Test-1] INFO  verifyingPriceSilderFunctionality_Mobile_13-56-11 - [verifyingPriceSilderFunctionality_Mobile_13-56-11] Min Price Applied is  ₹28,200   Product Price is 11,900  Max Price Applied is ₹70,800
13:56:32 [TestNG-test-Test-1] INFO  verifyingPriceSilderFunctionality_Mobile_13-56-11 - [verifyingPriceSilderFunctionality_Mobile_13-56-11] Min Price Applied is  ₹28,200   Product Price is 11,986  Max Price Applied is ₹70,800
13:56:32 [TestNG-test-Test-1] INFO  verifyingPriceSilderFunctionality_Mobile_13-56-11 - [verifyingPriceSilderFunctionality_Mobile_13-56-11] Min Price Applied is  ₹28,200   Product Price is 12,899  Max Price Applied is ₹70,800
13:56:32 [TestNG-test-Test-1] INFO  verifyingPriceSilderFunctionality_Mobile_13-56-11 - [verifyingPriceSilderFunctionality_Mobile_13-56-11] Min Price Applied is  ₹28,200   Product Price is 25,199  Max Price Applied is ₹70,800
13:56:32 [TestNG-test-Test-1] INFO  verifyingPriceSilderFunctionality_Mobile_13-56-11 - [verifyingPriceSilderFunctionality_Mobile_13-56-11] Min Price Applied is  ₹28,200   Product Price is 20,999  Max Price Applied is ₹70,800
13:56:32 [TestNG-test-Test-1] INFO  verifyingPriceSilderFunctionality_Mobile_13-56-11 - [verifyingPriceSilderFunctionality_Mobile_13-56-11] Within smoothScrollToElement method
13:56:32 [TestNG-test-Test-1] INFO  verifyingPriceSilderFunctionality_Mobile_13-56-11 - [verifyingPriceSilderFunctionality_Mobile_13-56-11] Within safeFindElement method
13:56:33 [TestNG-test-Test-1] INFO  verifyingPriceSilderFunctionality_Mobile_13-56-11 - [verifyingPriceSilderFunctionality_Mobile_13-56-11]Found the element returning it ,element ->[[ChromeDriver: chrome on windows (fa00cd006f65babef422f697a176ebd8)] -> id: p_36/range-slider_slider-item_lower-bound-slider]
13:56:33 [TestNG-test-Test-1] INFO  verifyingPriceSilderFunctionality_Mobile_13-56-11 - [verifyingPriceSilderFunctionality_Mobile_13-56-11] Successfully scrolled to element: By.id: p_36/range-slider_slider-item_lower-bound-slider
13:56:34 [TestNG-test-Test-1] INFO  verifyingPriceSilderFunctionality_Mobile_13-56-11 - [verifyingPriceSilderFunctionality_Mobile_13-56-11] Product Price Not Under the Range of Min & Max
13:56:34 [TestNG-test-Test-1] INFO  verifyingPriceSilderFunctionality_Mobile_13-56-11 - [verifyingPriceSilderFunctionality_Mobile_13-56-11] Min Price Applied is  28200   Product Price is 11,999  Max Price Applied is 70800
13:56:34 [TestNG-test-Test-1] INFO  verifyingPriceSilderFunctionality_Mobile_13-56-11 - [verifyingPriceSilderFunctionality_Mobile_13-56-11] Product Price Not Under the Range of Min & Max
13:56:34 [TestNG-test-Test-1] INFO  verifyingPriceSilderFunctionality_Mobile_13-56-11 - [verifyingPriceSilderFunctionality_Mobile_13-56-11] Min Price Applied is  28200   Product Price is 16,999  Max Price Applied is 70800
13:56:34 [TestNG-test-Test-1] INFO  verifyingPriceSilderFunctionality_Mobile_13-56-11 - [verifyingPriceSilderFunctionality_Mobile_13-56-11] Product Price Not Under the Range of Min & Max
13:56:34 [TestNG-test-Test-1] INFO  verifyingPriceSilderFunctionality_Mobile_13-56-11 - [verifyingPriceSilderFunctionality_Mobile_13-56-11] Min Price Applied is  28200   Product Price is 14,999  Max Price Applied is 70800
13:56:34 [TestNG-test-Test-1] INFO  verifyingPriceSilderFunctionality_Mobile_13-56-11 - [verifyingPriceSilderFunctionality_Mobile_13-56-11] Product Price Not Under the Range of Min & Max
13:56:34 [TestNG-test-Test-1] INFO  verifyingPriceSilderFunctionality_Mobile_13-56-11 - [verifyingPriceSilderFunctionality_Mobile_13-56-11] Min Price Applied is  28200   Product Price is 20,999  Max Price Applied is 70800
13:56:34 [TestNG-test-Test-1] INFO  verifyingPriceSilderFunctionality_Mobile_13-56-11 - [verifyingPriceSilderFunctionality_Mobile_13-56-11] Product Price Not Under the Range of Min & Max
13:56:34 [TestNG-test-Test-1] INFO  verifyingPriceSilderFunctionality_Mobile_13-56-11 - [verifyingPriceSilderFunctionality_Mobile_13-56-11] Min Price Applied is  28200   Product Price is 18,999  Max Price Applied is 70800
13:56:34 [TestNG-test-Test-1] INFO  verifyingPriceSilderFunctionality_Mobile_13-56-11 - [verifyingPriceSilderFunctionality_Mobile_13-56-11] Product Price Not Under the Range of Min & Max
13:56:34 [TestNG-test-Test-1] INFO  verifyingPriceSilderFunctionality_Mobile_13-56-11 - [verifyingPriceSilderFunctionality_Mobile_13-56-11] Min Price Applied is  28200   Product Price is 23,499  Max Price Applied is 70800
13:56:34 [TestNG-test-Test-1] INFO  verifyingPriceSilderFunctionality_Mobile_13-56-11 - [verifyingPriceSilderFunctionality_Mobile_13-56-11] Product Price Not Under the Range of Min & Max
13:56:34 [TestNG-test-Test-1] INFO  verifyingPriceSilderFunctionality_Mobile_13-56-11 - [verifyingPriceSilderFunctionality_Mobile_13-56-11] Min Price Applied is  28200   Product Price is 16,249  Max Price Applied is 70800
13:56:34 [TestNG-test-Test-1] INFO  verifyingPriceSilderFunctionality_Mobile_13-56-11 - [verifyingPriceSilderFunctionality_Mobile_13-56-11] Product Price Not Under the Range of Min & Max
13:56:34 [TestNG-test-Test-1] INFO  verifyingPriceSilderFunctionality_Mobile_13-56-11 - [verifyingPriceSilderFunctionality_Mobile_13-56-11] Min Price Applied is  28200   Product Price is 19,499  Max Price Applied is 70800
13:56:34 [TestNG-test-Test-1] INFO  verifyingPriceSilderFunctionality_Mobile_13-56-11 - [verifyingPriceSilderFunctionality_Mobile_13-56-11] Product Price Not Under the Range of Min & Max
13:56:34 [TestNG-test-Test-1] INFO  verifyingPriceSilderFunctionality_Mobile_13-56-11 - [verifyingPriceSilderFunctionality_Mobile_13-56-11] Min Price Applied is  28200   Product Price is 12,599  Max Price Applied is 70800
13:56:34 [TestNG-test-Test-1] INFO  verifyingPriceSilderFunctionality_Mobile_13-56-11 - [verifyingPriceSilderFunctionality_Mobile_13-56-11] Product Price Not Under the Range of Min & Max
13:56:34 [TestNG-test-Test-1] INFO  verifyingPriceSilderFunctionality_Mobile_13-56-11 - [verifyingPriceSilderFunctionality_Mobile_13-56-11] Min Price Applied is  28200   Product Price is 15,999  Max Price Applied is 70800
13:56:34 [TestNG-test-Test-1] INFO  verifyingPriceSilderFunctionality_Mobile_13-56-11 - [verifyingPriceSilderFunctionality_Mobile_13-56-11] Product Price Not Under the Range of Min & Max
13:56:34 [TestNG-test-Test-1] INFO  verifyingPriceSilderFunctionality_Mobile_13-56-11 - [verifyingPriceSilderFunctionality_Mobile_13-56-11] Min Price Applied is  28200   Product Price is 9,999  Max Price Applied is 70800
13:56:34 [TestNG-test-Test-1] INFO  verifyingPriceSilderFunctionality_Mobile_13-56-11 - [verifyingPriceSilderFunctionality_Mobile_13-56-11] Price Check <= Max & >= Min  Product Price is ->30999
13:56:34 [TestNG-test-Test-1] INFO  verifyingPriceSilderFunctionality_Mobile_13-56-11 - [verifyingPriceSilderFunctionality_Mobile_13-56-11] Min Price Applied is  28200   Product Price is 30,999  Max Price Applied is 70800
13:56:34 [TestNG-test-Test-1] INFO  verifyingPriceSilderFunctionality_Mobile_13-56-11 - [verifyingPriceSilderFunctionality_Mobile_13-56-11] Product Price Not Under the Range of Min & Max
13:56:34 [TestNG-test-Test-1] INFO  verifyingPriceSilderFunctionality_Mobile_13-56-11 - [verifyingPriceSilderFunctionality_Mobile_13-56-11] Min Price Applied is  28200   Product Price is 11,900  Max Price Applied is 70800
13:56:34 [TestNG-test-Test-1] INFO  verifyingPriceSilderFunctionality_Mobile_13-56-11 - [verifyingPriceSilderFunctionality_Mobile_13-56-11] Product Price Not Under the Range of Min & Max
13:56:34 [TestNG-test-Test-1] INFO  verifyingPriceSilderFunctionality_Mobile_13-56-11 - [verifyingPriceSilderFunctionality_Mobile_13-56-11] Min Price Applied is  28200   Product Price is 11,986  Max Price Applied is 70800
13:56:34 [TestNG-test-Test-1] INFO  verifyingPriceSilderFunctionality_Mobile_13-56-11 - [verifyingPriceSilderFunctionality_Mobile_13-56-11] Product Price Not Under the Range of Min & Max
13:56:34 [TestNG-test-Test-1] INFO  verifyingPriceSilderFunctionality_Mobile_13-56-11 - [verifyingPriceSilderFunctionality_Mobile_13-56-11] Min Price Applied is  28200   Product Price is 12,899  Max Price Applied is 70800
13:56:34 [TestNG-test-Test-1] INFO  verifyingPriceSilderFunctionality_Mobile_13-56-11 - [verifyingPriceSilderFunctionality_Mobile_13-56-11] Product Price Not Under the Range of Min & Max
13:56:34 [TestNG-test-Test-1] INFO  verifyingPriceSilderFunctionality_Mobile_13-56-11 - [verifyingPriceSilderFunctionality_Mobile_13-56-11] Min Price Applied is  28200   Product Price is 25,199  Max Price Applied is 70800
13:56:34 [TestNG-test-Test-1] INFO  verifyingPriceSilderFunctionality_Mobile_13-56-11 - [verifyingPriceSilderFunctionality_Mobile_13-56-11] Product Price Not Under the Range of Min & Max
13:56:34 [TestNG-test-Test-1] INFO  verifyingPriceSilderFunctionality_Mobile_13-56-11 - [verifyingPriceSilderFunctionality_Mobile_13-56-11] Min Price Applied is  28200   Product Price is 20,999  Max Price Applied is 70800
13:56:34 [TestNG-test-Test-1] INFO  verifyingPriceSilderFunctionality_Mobile_13-56-11 - [verifyingPriceSilderFunctionality_Mobile_13-56-11] Adding the data 'min','max','isValid' ,'mismatches' to 'result' Map->161
13:56:34 [TestNG-test-Test-1] INFO  verifyingPriceSilderFunctionality_Mobile_13-56-11 - [verifyingPriceSilderFunctionality_Mobile_13-56-11] Adding the 'results'  Map to the master 'allResults' i.e is List of maps->161
13:56:34 [TestNG-test-Test-1] INFO  verifyingPriceSilderFunctionality_Mobile_13-56-11 - [verifyingPriceSilderFunctionality_Mobile_13-56-11] Returning the data here in the end
13:56:34 [TestNG-test-Test-1] INFO  verifyingPriceSilderFunctionality_Mobile_13-56-11 - [verifyingPriceSilderFunctionality_Mobile_13-56-11]  Price range validated successfully: 61 - 81
13:56:34 [TestNG-test-Test-1] INFO  verifyingPriceSilderFunctionality_Mobile_13-56-11 - [verifyingPriceSilderFunctionality_Mobile_13-56-11] ------------------------------------------------------------
13:56:34 [TestNG-test-Test-1] ERROR verifyingPriceSilderFunctionality_Mobile_13-56-11 - [verifyingPriceSilderFunctionality_Mobile_13-56-11]  Validation failed for price range: 91 - 121
13:56:34 [TestNG-test-Test-1] ERROR verifyingPriceSilderFunctionality_Mobile_13-56-11 - [verifyingPriceSilderFunctionality_Mobile_13-56-11]  Price out of range: ProductIndex=1, AppliedMin=9400, AppliedMax=34900, ActualPrice=8599
13:56:34 [TestNG-test-Test-1] ERROR verifyingPriceSilderFunctionality_Mobile_13-56-11 - [verifyingPriceSilderFunctionality_Mobile_13-56-11]  Price out of range: ProductIndex=2, AppliedMin=9400, AppliedMax=34900, ActualPrice=8299
13:56:34 [TestNG-test-Test-1] ERROR verifyingPriceSilderFunctionality_Mobile_13-56-11 - [verifyingPriceSilderFunctionality_Mobile_13-56-11]  Price out of range: ProductIndex=3, AppliedMin=9400, AppliedMax=34900, ActualPrice=6999
13:56:34 [TestNG-test-Test-1] ERROR verifyingPriceSilderFunctionality_Mobile_13-56-11 - [verifyingPriceSilderFunctionality_Mobile_13-56-11]  Price out of range: ProductIndex=4, AppliedMin=9400, AppliedMax=34900, ActualPrice=8599
13:56:34 [TestNG-test-Test-1] ERROR verifyingPriceSilderFunctionality_Mobile_13-56-11 - [verifyingPriceSilderFunctionality_Mobile_13-56-11]  Price out of range: ProductIndex=12, AppliedMin=9400, AppliedMax=34900, ActualPrice=8988
13:56:34 [TestNG-test-Test-1] ERROR verifyingPriceSilderFunctionality_Mobile_13-56-11 - [verifyingPriceSilderFunctionality_Mobile_13-56-11]  Price out of range: ProductIndex=13, AppliedMin=9400, AppliedMax=34900, ActualPrice=9299
13:56:34 [TestNG-test-Test-1] ERROR verifyingPriceSilderFunctionality_Mobile_13-56-11 - [verifyingPriceSilderFunctionality_Mobile_13-56-11]  Price out of range: ProductIndex=14, AppliedMin=9400, AppliedMax=34900, ActualPrice=8988
13:56:34 [TestNG-test-Test-1] INFO  verifyingPriceSilderFunctionality_Mobile_13-56-11 - [verifyingPriceSilderFunctionality_Mobile_13-56-11] ------------------------------------------------------------
13:56:34 [TestNG-test-Test-1] ERROR verifyingPriceSilderFunctionality_Mobile_13-56-11 - [verifyingPriceSilderFunctionality_Mobile_13-56-11]  Validation failed for price range: 131 - 161
13:56:34 [TestNG-test-Test-1] ERROR verifyingPriceSilderFunctionality_Mobile_13-56-11 - [verifyingPriceSilderFunctionality_Mobile_13-56-11]  Price out of range: ProductIndex=0, AppliedMin=28200, AppliedMax=70800, ActualPrice=11999
13:56:34 [TestNG-test-Test-1] ERROR verifyingPriceSilderFunctionality_Mobile_13-56-11 - [verifyingPriceSilderFunctionality_Mobile_13-56-11]  Price out of range: ProductIndex=1, AppliedMin=28200, AppliedMax=70800, ActualPrice=16999
13:56:34 [TestNG-test-Test-1] ERROR verifyingPriceSilderFunctionality_Mobile_13-56-11 - [verifyingPriceSilderFunctionality_Mobile_13-56-11]  Price out of range: ProductIndex=2, AppliedMin=28200, AppliedMax=70800, ActualPrice=14999
13:56:34 [TestNG-test-Test-1] ERROR verifyingPriceSilderFunctionality_Mobile_13-56-11 - [verifyingPriceSilderFunctionality_Mobile_13-56-11]  Price out of range: ProductIndex=3, AppliedMin=28200, AppliedMax=70800, ActualPrice=20999
13:56:34 [TestNG-test-Test-1] ERROR verifyingPriceSilderFunctionality_Mobile_13-56-11 - [verifyingPriceSilderFunctionality_Mobile_13-56-11]  Price out of range: ProductIndex=4, AppliedMin=28200, AppliedMax=70800, ActualPrice=18999
13:56:34 [TestNG-test-Test-1] ERROR verifyingPriceSilderFunctionality_Mobile_13-56-11 - [verifyingPriceSilderFunctionality_Mobile_13-56-11]  Price out of range: ProductIndex=5, AppliedMin=28200, AppliedMax=70800, ActualPrice=23499
13:56:34 [TestNG-test-Test-1] ERROR verifyingPriceSilderFunctionality_Mobile_13-56-11 - [verifyingPriceSilderFunctionality_Mobile_13-56-11]  Price out of range: ProductIndex=6, AppliedMin=28200, AppliedMax=70800, ActualPrice=16249
13:56:34 [TestNG-test-Test-1] ERROR verifyingPriceSilderFunctionality_Mobile_13-56-11 - [verifyingPriceSilderFunctionality_Mobile_13-56-11]  Price out of range: ProductIndex=7, AppliedMin=28200, AppliedMax=70800, ActualPrice=19499
13:56:34 [TestNG-test-Test-1] ERROR verifyingPriceSilderFunctionality_Mobile_13-56-11 - [verifyingPriceSilderFunctionality_Mobile_13-56-11]  Price out of range: ProductIndex=8, AppliedMin=28200, AppliedMax=70800, ActualPrice=12599
13:56:34 [TestNG-test-Test-1] ERROR verifyingPriceSilderFunctionality_Mobile_13-56-11 - [verifyingPriceSilderFunctionality_Mobile_13-56-11]  Price out of range: ProductIndex=9, AppliedMin=28200, AppliedMax=70800, ActualPrice=15999
13:56:34 [TestNG-test-Test-1] ERROR verifyingPriceSilderFunctionality_Mobile_13-56-11 - [verifyingPriceSilderFunctionality_Mobile_13-56-11]  Price out of range: ProductIndex=10, AppliedMin=28200, AppliedMax=70800, ActualPrice=9999
13:56:34 [TestNG-test-Test-1] ERROR verifyingPriceSilderFunctionality_Mobile_13-56-11 - [verifyingPriceSilderFunctionality_Mobile_13-56-11]  Price out of range: ProductIndex=12, AppliedMin=28200, AppliedMax=70800, ActualPrice=11900
13:56:34 [TestNG-test-Test-1] ERROR verifyingPriceSilderFunctionality_Mobile_13-56-11 - [verifyingPriceSilderFunctionality_Mobile_13-56-11]  Price out of range: ProductIndex=13, AppliedMin=28200, AppliedMax=70800, ActualPrice=11986
13:56:34 [TestNG-test-Test-1] ERROR verifyingPriceSilderFunctionality_Mobile_13-56-11 - [verifyingPriceSilderFunctionality_Mobile_13-56-11]  Price out of range: ProductIndex=14, AppliedMin=28200, AppliedMax=70800, ActualPrice=12899
13:56:34 [TestNG-test-Test-1] ERROR verifyingPriceSilderFunctionality_Mobile_13-56-11 - [verifyingPriceSilderFunctionality_Mobile_13-56-11]  Price out of range: ProductIndex=15, AppliedMin=28200, AppliedMax=70800, ActualPrice=25199
13:56:34 [TestNG-test-Test-1] ERROR verifyingPriceSilderFunctionality_Mobile_13-56-11 - [verifyingPriceSilderFunctionality_Mobile_13-56-11]  Price out of range: ProductIndex=16, AppliedMin=28200, AppliedMax=70800, ActualPrice=20999
13:56:34 [TestNG-test-Test-1] INFO  verifyingPriceSilderFunctionality_Mobile_13-56-11 - [verifyingPriceSilderFunctionality_Mobile_13-56-11] ------------------------------------------------------------
13:56:34 [TestNG-test-Test-1] INFO  verifyingPriceSilderFunctionality_Mobile_13-56-11 - [verifyingPriceSilderFunctionality_Mobile_13-56-11]  Asserting all soft assertions now...
