21:50:46 [TestNG-test-Test-1] INFO  verifyingGetItByTomorrowFilterFunctionality_Mobile_21-50-46 - No existing WebDriver found for current thread. Initializing a new ChromeDriver...
21:50:46 [TestNG-test-Test-1] INFO  verifyingGetItByTomorrowFilterFunctionality_Mobile_21-50-46 - WebDriverManager: chromedriver setup OK
21:50:47 [TestNG-test-Test-1] INFO  verifyingGetItByTomorrowFilterFunctionality_Mobile_21-50-46 - ChromeDriver initialized successfully for thread: 34
21:50:47 [TestNG-test-Test-1] INFO  verifyingGetItByTomorrowFilterFunctionality_Mobile_21-50-46 - [verifyingGetItByTomorrowFilterFunctionality_Mobile_21-50-46] Opening amazon Landing page
21:50:47 [TestNG-test-Test-1] INFO  verifyingGetItByTomorrowFilterFunctionality_Mobile_21-50-46 - [verifyingGetItByTomorrowFilterFunctionality_Mobile_21-50-46] Within safeFindElement method
21:50:49 [TestNG-test-Test-1] INFO  verifyingGetItByTomorrowFilterFunctionality_Mobile_21-50-46 - [verifyingGetItByTomorrowFilterFunctionality_Mobile_21-50-46]Found the element returning it ,element ->[[ChromeDriver: chrome on windows (a96b38eb48071f94e59428ee186aa467)] -> xpath: //a[@id='nav-logo-sprites']]
21:50:51 [TestNG-test-Test-1] INFO  verifyingGetItByTomorrowFilterFunctionality_Mobile_21-50-46 - [verifyingGetItByTomorrowFilterFunctionality_Mobile_21-50-46] Giving input within the search bar
21:50:51 [TestNG-test-Test-1] INFO  verifyingGetItByTomorrowFilterFunctionality_Mobile_21-50-46 - [verifyingGetItByTomorrowFilterFunctionality_Mobile_21-50-46] Within safeClick method
21:50:54 [TestNG-test-Test-1] INFO  verifyingGetItByTomorrowFilterFunctionality_Mobile_21-50-46 - [verifyingGetItByTomorrowFilterFunctionality_Mobile_21-50-46] Clicked the  [[ChromeDriver: chrome on windows (a96b38eb48071f94e59428ee186aa467)] -> xpath: //input[@id='nav-search-submit-button']]   using safeClick
21:50:54 [TestNG-test-Test-1] INFO  verifyingGetItByTomorrowFilterFunctionality_Mobile_21-50-46 - [verifyingGetItByTomorrowFilterFunctionality_Mobile_21-50-46] Clicking on the submit in the search bar
21:50:55 [TestNG-test-Test-1] INFO  verifyingGetItByTomorrowFilterFunctionality_Mobile_21-50-46 - [verifyingGetItByTomorrowFilterFunctionality_Mobile_21-50-46] Waiting until element is visible in viewport
21:50:55 [TestNG-test-Test-1] INFO  verifyingGetItByTomorrowFilterFunctionality_Mobile_21-50-46 - [verifyingGetItByTomorrowFilterFunctionality_Mobile_21-50-46] Within validateDeliveryFilterOptionsWithResult method
21:50:55 [TestNG-test-Test-1] INFO  verifyingGetItByTomorrowFilterFunctionality_Mobile_21-50-46 - [verifyingGetItByTomorrowFilterFunctionality_Mobile_21-50-46] Within safeClick method
21:50:56 [TestNG-test-Test-1] INFO  verifyingGetItByTomorrowFilterFunctionality_Mobile_21-50-46 - [verifyingGetItByTomorrowFilterFunctionality_Mobile_21-50-46] Clicked the  [[ChromeDriver: chrome on windows (a96b38eb48071f94e59428ee186aa467)] -> xpath: //span[@class='a-size-base a-color-base puis-bold-weight-text' and text()='Delivery Day']/parent::div/following-sibling::ul//span[@class='a-size-base a-color-base' and text()='Get It by Tomorrow']]   using safeClick
21:50:56 [TestNG-test-Test-1] INFO  verifyingGetItByTomorrowFilterFunctionality_Mobile_21-50-46 - [verifyingGetItByTomorrowFilterFunctionality_Mobile_21-50-46] Within getMoreButtonByFilterTypeAndName method
21:50:56 [TestNG-test-Test-1] INFO  verifyingGetItByTomorrowFilterFunctionality_Mobile_21-50-46 - [verifyingGetItByTomorrowFilterFunctionality_Mobile_21-50-46] Clicked on By.xpath: //span[@class='a-size-base a-color-base puis-bold-weight-text' and text()='Delivery Day']/parent::div/following-sibling::ul//span[@class='a-size-base a-color-base' and text()='Get It by Tomorrow']
21:50:56 [TestNG-test-Test-1] INFO  verifyingGetItByTomorrowFilterFunctionality_Mobile_21-50-46 - [verifyingGetItByTomorrowFilterFunctionality_Mobile_21-50-46] Within safeFindElements 
21:50:56 [TestNG-test-Test-1] INFO  verifyingGetItByTomorrowFilterFunctionality_Mobile_21-50-46 - [verifyingGetItByTomorrowFilterFunctionality_Mobile_21-50-46] Returning the  [[[ChromeDriver: chrome on windows (a96b38eb48071f94e59428ee186aa467)] -> xpath: //div[@class='a-section a-spacing-small a-spacing-top-small']], [[ChromeDriver: chrome on windows (a96b38eb48071f94e59428ee186aa467)] -> xpath: //div[@class='a-section a-spacing-small a-spacing-top-small']], [[ChromeDriver: chrome on windows (a96b38eb48071f94e59428ee186aa467)] -> xpath: //div[@class='a-section a-spacing-small a-spacing-top-small']], [[ChromeDriver: chrome on windows (a96b38eb48071f94e59428ee186aa467)] -> xpath: //div[@class='a-section a-spacing-small a-spacing-top-small']]] from the safeFindElements method
21:50:56 [TestNG-test-Test-1] INFO  verifyingGetItByTomorrowFilterFunctionality_Mobile_21-50-46 - [verifyingGetItByTomorrowFilterFunctionality_Mobile_21-50-46] Created hashset with required data to assert with Within validateDeliveryFilterOptionsWithResult method
21:50:56 [TestNG-test-Test-1] INFO  verifyingGetItByTomorrowFilterFunctionality_Mobile_21-50-46 - [verifyingGetItByTomorrowFilterFunctionality_Mobile_21-50-46] this is the set  [Today, Tue, FREE delivery, 29, Wed, 30, Tomorrow, Sep]
21:50:56 [TestNG-test-Test-1] INFO  verifyingGetItByTomorrowFilterFunctionality_Mobile_21-50-46 - [verifyingGetItByTomorrowFilterFunctionality_Mobile_21-50-46] Within deliveryElements loop iterating over the products  Within validateDeliveryFilterOptionsWithResult method
21:50:56 [TestNG-test-Test-1] INFO  verifyingGetItByTomorrowFilterFunctionality_Mobile_21-50-46 - [verifyingGetItByTomorrowFilterFunctionality_Mobile_21-50-46] Checking if the allowedDateParts have the assert text — index 0, text: OnePlus 13s | Snapdragon® 8 Elite | Smarter with OnePlus AI | Lifetime Display Warranty | 12GB+512GB | Green Silk
4.6
(572)
200+ bought in past month
₹59,999
M.R.P:
₹62,999 (5% off)
Save extra with No Cost EMI
FREE delivery Fri, 2 Oct
Or fastest delivery Today 4 pm - 8 pm
Add to cart
21:50:56 [TestNG-test-Test-1] INFO  verifyingGetItByTomorrowFilterFunctionality_Mobile_21-50-46 - [verifyingGetItByTomorrowFilterFunctionality_Mobile_21-50-46] Within deliveryElements loop iterating over the products  Within validateDeliveryFilterOptionsWithResult method
21:50:56 [TestNG-test-Test-1] INFO  verifyingGetItByTomorrowFilterFunctionality_Mobile_21-50-46 - [verifyingGetItByTomorrowFilterFunctionality_Mobile_21-50-46] Checking if the allowedDateParts have the assert text — index 1, text: OnePlus N6 Lite | 4GB+64GB | Neo Green | Massive 7000mAh Long-Lasting Battery | 120Hz Ultra Smooth Display | 36 Months Fast & Smooth | Military-Grade Durability
500+ bought in past month
Ends in 20:24:03
₹16,999
M.R.P:
₹24,999 (32% off)
Up to 5% back with Amazon Pay ICICI card
FREE delivery Fri, 2 Oct
Or fastest delivery Today 4 pm - 8 pm
Add to cart
21:50:56 [TestNG-test-Test-1] INFO  verifyingGetItByTomorrowFilterFunctionality_Mobile_21-50-46 - [verifyingGetItByTomorrowFilterFunctionality_Mobile_21-50-46] Within deliveryElements loop iterating over the products  Within validateDeliveryFilterOptionsWithResult method
21:50:56 [TestNG-test-Test-1] INFO  verifyingGetItByTomorrowFilterFunctionality_Mobile_21-50-46 - [verifyingGetItByTomorrowFilterFunctionality_Mobile_21-50-46] Checking if the allowedDateParts have the assert text — index 2, text: OnePlus N6 | 4GB+128GB | Midnight Green | Segment's Biggest 8000mAh Battery | Segment's Fastest 45W Charging | 48-Month Smoothness | Smooth 120Hz Display | 50MP Camera | Military-Grade Durability
3.6
(525)
1K+ bought in past month
₹24,999
M.R.P:
₹30,999 (19% off)
Up to 5% back with Amazon Pay ICICI card
FREE delivery Fri, 2 Oct
Or fastest delivery Today 4 pm - 8 pm
Add to cart
21:50:56 [TestNG-test-Test-1] INFO  verifyingGetItByTomorrowFilterFunctionality_Mobile_21-50-46 - [verifyingGetItByTomorrowFilterFunctionality_Mobile_21-50-46] Within deliveryElements loop iterating over the products  Within validateDeliveryFilterOptionsWithResult method
21:50:56 [TestNG-test-Test-1] INFO  verifyingGetItByTomorrowFilterFunctionality_Mobile_21-50-46 - [verifyingGetItByTomorrowFilterFunctionality_Mobile_21-50-46] Checking if the allowedDateParts have the assert text — index 3, text: OnePlus Nord CE6 Lite | 8GB+128GB | Vivid Mint | Segment's Fastest Dimensity 7400 Apex Processor | 7000mAh Battery | Segment's Highest 144Hz Refresh Rate | 50MP Main Camera, 4K Video Recording
4.4
(894)
500+ bought in past month
₹30,999
M.R.P:
₹33,999 (9% off)
Up to 5% back with Amazon Pay ICICI card
FREE delivery Fri, 2 Oct
Or fastest delivery Today 4 pm - 8 pm
Add to cart
21:50:56 [TestNG-test-Test-1] INFO  verifyingGetItByTomorrowFilterFunctionality_Mobile_21-50-46 - [verifyingGetItByTomorrowFilterFunctionality_Mobile_21-50-46] Returning the list with boolean values   Within validateDeliveryFilterOptionsWithResult method
21:50:56 [TestNG-test-Test-1] INFO  verifyingGetItByTomorrowFilterFunctionality_Mobile_21-50-46 - [verifyingGetItByTomorrowFilterFunctionality_Mobile_21-50-46] Asserting delivery filter: isValid=true, index=-1, text=All the things are valid no errors
