23:25:25 [TestNG-test-Test-3] INFO  verifyingPriceSilderFunctionality_23-25-25 - No existing WebDriver found for current thread. Initializing a new ChromeDriver...
23:25:25 [TestNG-test-Test-3] INFO  verifyingPriceSilderFunctionality_23-25-25 - WebDriverManager: chromedriver setup OK
23:25:26 [TestNG-test-Test-3] INFO  verifyingPriceSilderFunctionality_23-25-25 - ChromeDriver initialized successfully for thread: 36
23:25:28 [TestNG-test-Test-3] INFO  verifyingPriceSilderFunctionality_23-25-25 - [verifyingPriceSilderFunctionality_23-25-25] Opening amazon Landing page
23:25:28 [TestNG-test-Test-3] INFO  verifyingPriceSilderFunctionality_23-25-25 - [verifyingPriceSilderFunctionality_23-25-25] Within safeFindElement method
23:25:28 [TestNG-test-Test-3] INFO  verifyingPriceSilderFunctionality_23-25-25 - [verifyingPriceSilderFunctionality_23-25-25]Found the element returning it ,element ->[[ChromeDriver: chrome on windows (080da00746f243e71013c5e193d3499d)] -> xpath: //a[@id='nav-logo-sprites']]
23:25:28 [TestNG-test-Test-3] INFO  verifyingPriceSilderFunctionality_23-25-25 - [verifyingPriceSilderFunctionality_23-25-25] Giving input within the search bar
23:25:28 [TestNG-test-Test-3] INFO  verifyingPriceSilderFunctionality_23-25-25 - [verifyingPriceSilderFunctionality_23-25-25] Within safeClick method
23:25:28 [TestNG-test-Test-3] INFO  verifyingPriceSilderFunctionality_23-25-25 - [verifyingPriceSilderFunctionality_23-25-25] Clicked the  [[ChromeDriver: chrome on windows (080da00746f243e71013c5e193d3499d)] -> xpath: //input[@id='nav-search-submit-button']]   using safeClick
23:25:28 [TestNG-test-Test-3] INFO  verifyingPriceSilderFunctionality_23-25-25 - [verifyingPriceSilderFunctionality_23-25-25] Clicking on the submit in the search bar
23:25:31 [TestNG-test-Test-3] INFO  verifyingPriceSilderFunctionality_23-25-25 - [verifyingPriceSilderFunctionality_23-25-25] Within filterCheckUnderList method
23:25:31 [TestNG-test-Test-3] INFO  verifyingPriceSilderFunctionality_23-25-25 - [verifyingPriceSilderFunctionality_23-25-25] Found the Filter within the filter check List
23:25:31 [TestNG-test-Test-3] INFO  verifyingPriceSilderFunctionality_23-25-25 - [verifyingPriceSilderFunctionality_23-25-25] Within applyPriceSliderAndValidateWithResult method
23:25:31 [TestNG-test-Test-3] INFO  verifyingPriceSilderFunctionality_23-25-25 - [verifyingPriceSilderFunctionality_23-25-25] Within smoothScrollToElement method
23:25:31 [TestNG-test-Test-3] INFO  verifyingPriceSilderFunctionality_23-25-25 - [verifyingPriceSilderFunctionality_23-25-25] Within safeFindElement method
23:25:31 [TestNG-test-Test-3] INFO  verifyingPriceSilderFunctionality_23-25-25 - [verifyingPriceSilderFunctionality_23-25-25]Found the element returning it ,element ->[[ChromeDriver: chrome on windows (080da00746f243e71013c5e193d3499d)] -> id: p_36/range-slider_slider-item_lower-bound-slider]
23:25:31 [TestNG-test-Test-3] INFO  verifyingPriceSilderFunctionality_23-25-25 - [verifyingPriceSilderFunctionality_23-25-25] Successfully scrolled to element: By.id: p_36/range-slider_slider-item_lower-bound-slider
23:25:31 [TestNG-test-Test-3] INFO  verifyingPriceSilderFunctionality_23-25-25 - [verifyingPriceSilderFunctionality_23-25-25] Within safeFindElement method
23:25:31 [TestNG-test-Test-3] INFO  verifyingPriceSilderFunctionality_23-25-25 - [verifyingPriceSilderFunctionality_23-25-25]Found the element returning it ,element ->[[ChromeDriver: chrome on windows (080da00746f243e71013c5e193d3499d)] -> id: p_36/range-slider_slider-item_lower-bound-slider]
23:25:31 [TestNG-test-Test-3] INFO  verifyingPriceSilderFunctionality_23-25-25 - [verifyingPriceSilderFunctionality_23-25-25] Within safeFindElement method
23:25:31 [TestNG-test-Test-3] INFO  verifyingPriceSilderFunctionality_23-25-25 - [verifyingPriceSilderFunctionality_23-25-25]Found the element returning it ,element ->[[ChromeDriver: chrome on windows (080da00746f243e71013c5e193d3499d)] -> id: p_36/range-slider_slider-item_upper-bound-slider]
23:25:31 [TestNG-test-Test-3] INFO  verifyingPriceSilderFunctionality_23-25-25 - [verifyingPriceSilderFunctionality_23-25-25] in the setSliderValue method with value 61
23:25:31 [TestNG-test-Test-3] INFO  verifyingPriceSilderFunctionality_23-25-25 - [verifyingPriceSilderFunctionality_23-25-25] in the setSliderValue method with value 81
23:25:31 [TestNG-test-Test-3] INFO  verifyingPriceSilderFunctionality_23-25-25 - [verifyingPriceSilderFunctionality_23-25-25] Within safeFindElement method
23:25:31 [TestNG-test-Test-3] INFO  verifyingPriceSilderFunctionality_23-25-25 - [verifyingPriceSilderFunctionality_23-25-25]Found the element returning it ,element ->[[ChromeDriver: chrome on windows (080da00746f243e71013c5e193d3499d)] -> xpath: //label[@for='p_36/range-slider_slider-item_upper-bound-slider']]
23:25:31 [TestNG-test-Test-3] INFO  verifyingPriceSilderFunctionality_23-25-25 - [verifyingPriceSilderFunctionality_23-25-25] Within safeFindElement method
23:25:31 [TestNG-test-Test-3] INFO  verifyingPriceSilderFunctionality_23-25-25 - [verifyingPriceSilderFunctionality_23-25-25]Found the element returning it ,element ->[[ChromeDriver: chrome on windows (080da00746f243e71013c5e193d3499d)] -> xpath: //label[@for='p_36/range-slider_slider-item_lower-bound-slider']]
23:25:31 [TestNG-test-Test-3] INFO  verifyingPriceSilderFunctionality_23-25-25 - [verifyingPriceSilderFunctionality_23-25-25] Within smoothScrollToElement method
23:25:31 [TestNG-test-Test-3] INFO  verifyingPriceSilderFunctionality_23-25-25 - [verifyingPriceSilderFunctionality_23-25-25] Within safeFindElement method
23:25:33 [TestNG-test-Test-3] INFO  verifyingPriceSilderFunctionality_23-25-25 - [verifyingPriceSilderFunctionality_23-25-25]Found the element returning it ,element ->[[ChromeDriver: chrome on windows (080da00746f243e71013c5e193d3499d)] -> id: p_36/range-slider_slider-item_lower-bound-slider]
23:25:33 [TestNG-test-Test-3] INFO  verifyingPriceSilderFunctionality_23-25-25 - [verifyingPriceSilderFunctionality_23-25-25] Successfully scrolled to element: By.id: p_36/range-slider_slider-item_lower-bound-slider
23:25:33 [TestNG-test-Test-3] INFO  verifyingPriceSilderFunctionality_23-25-25 - [verifyingPriceSilderFunctionality_23-25-25] Adding the data 'min','max','isValid' ,'mismatches' to 'result' Map->81
23:25:33 [TestNG-test-Test-3] INFO  verifyingPriceSilderFunctionality_23-25-25 - [verifyingPriceSilderFunctionality_23-25-25] Adding the 'results'  Map to the master 'allResults' i.e is List of maps->81
23:25:33 [TestNG-test-Test-3] INFO  verifyingPriceSilderFunctionality_23-25-25 - [verifyingPriceSilderFunctionality_23-25-25] in the setSliderValue method with value 91
23:25:33 [TestNG-test-Test-3] INFO  verifyingPriceSilderFunctionality_23-25-25 - [verifyingPriceSilderFunctionality_23-25-25] in the setSliderValue method with value 121
23:25:33 [TestNG-test-Test-3] INFO  verifyingPriceSilderFunctionality_23-25-25 - [verifyingPriceSilderFunctionality_23-25-25] Within safeFindElement method
23:25:33 [TestNG-test-Test-3] INFO  verifyingPriceSilderFunctionality_23-25-25 - [verifyingPriceSilderFunctionality_23-25-25]Found the element returning it ,element ->[[ChromeDriver: chrome on windows (080da00746f243e71013c5e193d3499d)] -> xpath: //label[@for='p_36/range-slider_slider-item_upper-bound-slider']]
23:25:33 [TestNG-test-Test-3] INFO  verifyingPriceSilderFunctionality_23-25-25 - [verifyingPriceSilderFunctionality_23-25-25] Within safeFindElement method
23:25:33 [TestNG-test-Test-3] INFO  verifyingPriceSilderFunctionality_23-25-25 - [verifyingPriceSilderFunctionality_23-25-25]Found the element returning it ,element ->[[ChromeDriver: chrome on windows (080da00746f243e71013c5e193d3499d)] -> xpath: //label[@for='p_36/range-slider_slider-item_lower-bound-slider']]
23:25:34 [TestNG-test-Test-3] INFO  verifyingPriceSilderFunctionality_23-25-25 - [verifyingPriceSilderFunctionality_23-25-25] Within smoothScrollToElement method
23:25:34 [TestNG-test-Test-3] INFO  verifyingPriceSilderFunctionality_23-25-25 - [verifyingPriceSilderFunctionality_23-25-25] Within safeFindElement method
23:25:35 [TestNG-test-Test-3] INFO  verifyingPriceSilderFunctionality_23-25-25 - [verifyingPriceSilderFunctionality_23-25-25]Found the element returning it ,element ->[[ChromeDriver: chrome on windows (080da00746f243e71013c5e193d3499d)] -> id: p_36/range-slider_slider-item_lower-bound-slider]
23:25:35 [TestNG-test-Test-3] INFO  verifyingPriceSilderFunctionality_23-25-25 - [verifyingPriceSilderFunctionality_23-25-25] Successfully scrolled to element: By.id: p_36/range-slider_slider-item_lower-bound-slider
23:25:35 [TestNG-test-Test-3] INFO  verifyingPriceSilderFunctionality_23-25-25 - [verifyingPriceSilderFunctionality_23-25-25] Adding the data 'min','max','isValid' ,'mismatches' to 'result' Map->121
23:25:35 [TestNG-test-Test-3] INFO  verifyingPriceSilderFunctionality_23-25-25 - [verifyingPriceSilderFunctionality_23-25-25] Adding the 'results'  Map to the master 'allResults' i.e is List of maps->121
23:25:35 [TestNG-test-Test-3] INFO  verifyingPriceSilderFunctionality_23-25-25 - [verifyingPriceSilderFunctionality_23-25-25] in the setSliderValue method with value 131
23:25:35 [TestNG-test-Test-3] INFO  verifyingPriceSilderFunctionality_23-25-25 - [verifyingPriceSilderFunctionality_23-25-25] in the setSliderValue method with value 161
23:25:35 [TestNG-test-Test-3] INFO  verifyingPriceSilderFunctionality_23-25-25 - [verifyingPriceSilderFunctionality_23-25-25] Within safeFindElement method
23:25:35 [TestNG-test-Test-3] INFO  verifyingPriceSilderFunctionality_23-25-25 - [verifyingPriceSilderFunctionality_23-25-25]Found the element returning it ,element ->[[ChromeDriver: chrome on windows (080da00746f243e71013c5e193d3499d)] -> xpath: //label[@for='p_36/range-slider_slider-item_upper-bound-slider']]
23:25:35 [TestNG-test-Test-3] INFO  verifyingPriceSilderFunctionality_23-25-25 - [verifyingPriceSilderFunctionality_23-25-25] Within safeFindElement method
23:25:35 [TestNG-test-Test-3] INFO  verifyingPriceSilderFunctionality_23-25-25 - [verifyingPriceSilderFunctionality_23-25-25]Found the element returning it ,element ->[[ChromeDriver: chrome on windows (080da00746f243e71013c5e193d3499d)] -> xpath: //label[@for='p_36/range-slider_slider-item_lower-bound-slider']]
23:25:36 [TestNG-test-Test-3] INFO  verifyingPriceSilderFunctionality_23-25-25 - [verifyingPriceSilderFunctionality_23-25-25] Within smoothScrollToElement method
23:25:36 [TestNG-test-Test-3] INFO  verifyingPriceSilderFunctionality_23-25-25 - [verifyingPriceSilderFunctionality_23-25-25] Within safeFindElement method
23:25:37 [TestNG-test-Test-3] INFO  verifyingPriceSilderFunctionality_23-25-25 - [verifyingPriceSilderFunctionality_23-25-25]Found the element returning it ,element ->[[ChromeDriver: chrome on windows (080da00746f243e71013c5e193d3499d)] -> id: p_36/range-slider_slider-item_lower-bound-slider]
23:25:37 [TestNG-test-Test-3] INFO  verifyingPriceSilderFunctionality_23-25-25 - [verifyingPriceSilderFunctionality_23-25-25] Successfully scrolled to element: By.id: p_36/range-slider_slider-item_lower-bound-slider
23:25:37 [TestNG-test-Test-3] INFO  verifyingPriceSilderFunctionality_23-25-25 - [verifyingPriceSilderFunctionality_23-25-25] Adding the data 'min','max','isValid' ,'mismatches' to 'result' Map->161
23:25:37 [TestNG-test-Test-3] INFO  verifyingPriceSilderFunctionality_23-25-25 - [verifyingPriceSilderFunctionality_23-25-25] Adding the 'results'  Map to the master 'allResults' i.e is List of maps->161
23:25:37 [TestNG-test-Test-3] INFO  verifyingPriceSilderFunctionality_23-25-25 - [verifyingPriceSilderFunctionality_23-25-25] Returning the data here in the end
23:25:37 [TestNG-test-Test-3] INFO  verifyingPriceSilderFunctionality_23-25-25 - [verifyingPriceSilderFunctionality_23-25-25]  Price range validated successfully: 61 - 81
23:25:37 [TestNG-test-Test-3] INFO  verifyingPriceSilderFunctionality_23-25-25 - [verifyingPriceSilderFunctionality_23-25-25] ------------------------------------------------------------
23:25:37 [TestNG-test-Test-3] INFO  verifyingPriceSilderFunctionality_23-25-25 - [verifyingPriceSilderFunctionality_23-25-25]  Price range validated successfully: 91 - 121
23:25:37 [TestNG-test-Test-3] INFO  verifyingPriceSilderFunctionality_23-25-25 - [verifyingPriceSilderFunctionality_23-25-25] ------------------------------------------------------------
23:25:37 [TestNG-test-Test-3] INFO  verifyingPriceSilderFunctionality_23-25-25 - [verifyingPriceSilderFunctionality_23-25-25]  Price range validated successfully: 131 - 161
23:25:37 [TestNG-test-Test-3] INFO  verifyingPriceSilderFunctionality_23-25-25 - [verifyingPriceSilderFunctionality_23-25-25] ------------------------------------------------------------
23:25:37 [TestNG-test-Test-3] INFO  verifyingPriceSilderFunctionality_23-25-25 - [verifyingPriceSilderFunctionality_23-25-25]  Asserting all soft assertions now...
