20:01:31 [TestNG-test-Test-3] INFO  verifyingTheBrandsFilterFunctionality_Laptop_20-01-31 - No existing WebDriver found for current thread. Initializing a new ChromeDriver...
20:01:31 [TestNG-test-Test-3] INFO  verifyingTheBrandsFilterFunctionality_Laptop_20-01-31 - WebDriverManager: chromedriver setup OK
20:01:32 [TestNG-test-Test-3] INFO  verifyingTheBrandsFilterFunctionality_Laptop_20-01-31 - ChromeDriver initialized successfully for thread: 36
20:01:32 [TestNG-test-Test-3] INFO  verifyingTheBrandsFilterFunctionality_Laptop_20-01-31 - [verifyingTheBrandsFilterFunctionality_Laptop_20-01-31] Opening amazon Landing page
20:01:32 [TestNG-test-Test-3] INFO  verifyingTheBrandsFilterFunctionality_Laptop_20-01-31 - [verifyingTheBrandsFilterFunctionality_Laptop_20-01-31] Within safeFindElement method
20:01:38 [TestNG-test-Test-3] INFO  verifyingTheBrandsFilterFunctionality_Laptop_20-01-31 - [verifyingTheBrandsFilterFunctionality_Laptop_20-01-31]Retrying findElement for: ->By.xpath: //a[@id='nav-logo-sprites']
20:01:38 [TestNG-test-Test-3] INFO  verifyingTheBrandsFilterFunctionality_Laptop_20-01-31 - [verifyingTheBrandsFilterFunctionality_Laptop_20-01-31]Refrehsing the page , while trying to safely find : ->By.xpath: //a[@id='nav-logo-sprites']
20:01:43 [TestNG-test-Test-3] INFO  verifyingTheBrandsFilterFunctionality_Laptop_20-01-31 - [verifyingTheBrandsFilterFunctionality_Laptop_20-01-31]Retrying findElement for: ->By.xpath: //a[@id='nav-logo-sprites']
20:01:43 [TestNG-test-Test-3] INFO  verifyingTheBrandsFilterFunctionality_Laptop_20-01-31 - [verifyingTheBrandsFilterFunctionality_Laptop_20-01-31]Refrehsing the page , while trying to safely find : ->By.xpath: //a[@id='nav-logo-sprites']
20:01:43 [TestNG-test-Test-3] INFO  verifyingTheBrandsFilterFunctionality_Laptop_20-01-31 - [verifyingTheBrandsFilterFunctionality_Laptop_20-01-31] Skipping action: Element not found after 2   attemps
20:01:48 [TestNG-test-Test-3] INFO  verifyingTheBrandsFilterFunctionality_Laptop_20-01-31 - [verifyingTheBrandsFilterFunctionality_Laptop_20-01-31] Giving input within the search bar
20:01:48 [TestNG-test-Test-3] INFO  verifyingTheBrandsFilterFunctionality_Laptop_20-01-31 - [verifyingTheBrandsFilterFunctionality_Laptop_20-01-31] Within safeClick method
20:01:50 [TestNG-test-Test-3] INFO  verifyingTheBrandsFilterFunctionality_Laptop_20-01-31 - [verifyingTheBrandsFilterFunctionality_Laptop_20-01-31] Clicked the  [[ChromeDriver: chrome on windows (c1b772bc80a2c647b4de85f160029552)] -> xpath: //input[@id='nav-search-submit-button']]   using safeClick
20:01:50 [TestNG-test-Test-3] INFO  verifyingTheBrandsFilterFunctionality_Laptop_20-01-31 - [verifyingTheBrandsFilterFunctionality_Laptop_20-01-31] Clicking on the submit in the search bar
20:01:50 [TestNG-test-Test-3] INFO  verifyingTheBrandsFilterFunctionality_Laptop_20-01-31 - [verifyingTheBrandsFilterFunctionality_Laptop_20-01-31] Within filterCheckUnderList method
20:01:50 [TestNG-test-Test-3] INFO  verifyingTheBrandsFilterFunctionality_Laptop_20-01-31 - [verifyingTheBrandsFilterFunctionality_Laptop_20-01-31] Found the Filter within the filter check List
20:01:50 [TestNG-test-Test-3] INFO  verifyingTheBrandsFilterFunctionality_Laptop_20-01-31 - [verifyingTheBrandsFilterFunctionality_Laptop_20-01-31] Within safeFindElements 
20:01:55 [TestNG-test-Test-3] INFO  verifyingTheBrandsFilterFunctionality_Laptop_20-01-31 - [verifyingTheBrandsFilterFunctionality_Laptop_20-01-31] Retrying findElements for:By.xpath: //span[@class='a-size-base a-color-base puis-bold-weight-text' and text()='Brands']/parent::div/following-sibling::div[@class='a-section a-spacing-medium sf-navigation-searchable-content']//span[@class='a-size-base a-color-base']
20:01:57 [TestNG-test-Test-3] INFO  verifyingTheBrandsFilterFunctionality_Laptop_20-01-31 - [verifyingTheBrandsFilterFunctionality_Laptop_20-01-31] Refreshing the page while trying to find :By.xpath: //span[@class='a-size-base a-color-base puis-bold-weight-text' and text()='Brands']/parent::div/following-sibling::div[@class='a-section a-spacing-medium sf-navigation-searchable-content']//span[@class='a-size-base a-color-base']
20:01:57 [TestNG-test-Test-3] INFO  verifyingTheBrandsFilterFunctionality_Laptop_20-01-31 - [verifyingTheBrandsFilterFunctionality_Laptop_20-01-31] Skipping action Elements not found after1  Attempts
20:02:02 [TestNG-test-Test-3] INFO  verifyingTheBrandsFilterFunctionality_Laptop_20-01-31 - [verifyingTheBrandsFilterFunctionality_Laptop_20-01-31] Retrying findElements for:By.xpath: //span[@class='a-size-base a-color-base puis-bold-weight-text' and text()='Brands']/parent::div/following-sibling::div[@class='a-section a-spacing-medium sf-navigation-searchable-content']//span[@class='a-size-base a-color-base']
20:02:03 [TestNG-test-Test-3] INFO  verifyingTheBrandsFilterFunctionality_Laptop_20-01-31 - [verifyingTheBrandsFilterFunctionality_Laptop_20-01-31] Refreshing the page while trying to find :By.xpath: //span[@class='a-size-base a-color-base puis-bold-weight-text' and text()='Brands']/parent::div/following-sibling::div[@class='a-section a-spacing-medium sf-navigation-searchable-content']//span[@class='a-size-base a-color-base']
20:02:03 [TestNG-test-Test-3] INFO  verifyingTheBrandsFilterFunctionality_Laptop_20-01-31 - [verifyingTheBrandsFilterFunctionality_Laptop_20-01-31] Skipping action Elements not found after2  Attempts
20:02:03 [TestNG-test-Test-3] INFO  verifyingTheBrandsFilterFunctionality_Laptop_20-01-31 - [verifyingTheBrandsFilterFunctionality_Laptop_20-01-31] Within applyFilterAndValidateBrandsFilterWithResult method
20:02:03 [TestNG-test-Test-3] INFO  verifyingTheBrandsFilterFunctionality_Laptop_20-01-31 - [verifyingTheBrandsFilterFunctionality_Laptop_20-01-31] Scrolling to the 'More' Button under brands filter section
20:02:03 [TestNG-test-Test-3] INFO  verifyingTheBrandsFilterFunctionality_Laptop_20-01-31 - [verifyingTheBrandsFilterFunctionality_Laptop_20-01-31] Within safeFindElement method
20:02:03 [TestNG-test-Test-3] INFO  verifyingTheBrandsFilterFunctionality_Laptop_20-01-31 - [verifyingTheBrandsFilterFunctionality_Laptop_20-01-31]Found the element returning it ,element ->[[ChromeDriver: chrome on windows (c1b772bc80a2c647b4de85f160029552)] -> xpath: //a[@aria-label='See more, Brands']]
20:02:03 [TestNG-test-Test-3] INFO  verifyingTheBrandsFilterFunctionality_Laptop_20-01-31 - [verifyingTheBrandsFilterFunctionality_Laptop_20-01-31] Within smoothScrollToElement method
20:02:03 [TestNG-test-Test-3] INFO  verifyingTheBrandsFilterFunctionality_Laptop_20-01-31 - [verifyingTheBrandsFilterFunctionality_Laptop_20-01-31] Within safeFindElement method
20:02:04 [TestNG-test-Test-3] INFO  verifyingTheBrandsFilterFunctionality_Laptop_20-01-31 - [verifyingTheBrandsFilterFunctionality_Laptop_20-01-31]Found the element returning it ,element ->[[ChromeDriver: chrome on windows (c1b772bc80a2c647b4de85f160029552)] -> xpath: //a[@aria-label='See more, Brands']]
20:02:04 [TestNG-test-Test-3] INFO  verifyingTheBrandsFilterFunctionality_Laptop_20-01-31 - [verifyingTheBrandsFilterFunctionality_Laptop_20-01-31] Successfully scrolled to element: By.xpath: //a[@aria-label='See more, Brands']
20:02:04 [TestNG-test-Test-3] INFO  verifyingTheBrandsFilterFunctionality_Laptop_20-01-31 - [verifyingTheBrandsFilterFunctionality_Laptop_20-01-31] Within safeClick method
20:02:04 [TestNG-test-Test-3] INFO  verifyingTheBrandsFilterFunctionality_Laptop_20-01-31 - [verifyingTheBrandsFilterFunctionality_Laptop_20-01-31] Clicked the  [[ChromeDriver: chrome on windows (c1b772bc80a2c647b4de85f160029552)] -> xpath: //a[@aria-label='See more, Brands']]   using safeClick
20:02:04 [TestNG-test-Test-3] INFO  verifyingTheBrandsFilterFunctionality_Laptop_20-01-31 - [verifyingTheBrandsFilterFunctionality_Laptop_20-01-31] Clicked the 'More' Button under brands filter section
20:02:04 [TestNG-test-Test-3] INFO  verifyingTheBrandsFilterFunctionality_Laptop_20-01-31 - [verifyingTheBrandsFilterFunctionality_Laptop_20-01-31] Within safeFindElements 
20:02:04 [TestNG-test-Test-3] INFO  verifyingTheBrandsFilterFunctionality_Laptop_20-01-31 - [verifyingTheBrandsFilterFunctionality_Laptop_20-01-31] Returning the  [[[ChromeDriver: chrome on windows (c1b772bc80a2c647b4de85f160029552)] -> xpath: //ul[@id='filter-p_123']//span[@class='a-size-base a-color-base']], [[ChromeDriver: chrome on windows (c1b772bc80a2c647b4de85f160029552)] -> xpath: //ul[@id='filter-p_123']//span[@class='a-size-base a-color-base']], [[ChromeDriver: chrome on windows (c1b772bc80a2c647b4de85f160029552)] -> xpath: //ul[@id='filter-p_123']//span[@class='a-size-base a-color-base']], [[ChromeDriver: chrome on windows (c1b772bc80a2c647b4de85f160029552)] -> xpath: //ul[@id='filter-p_123']//span[@class='a-size-base a-color-base']], [[ChromeDriver: chrome on windows (c1b772bc80a2c647b4de85f160029552)] -> xpath: //ul[@id='filter-p_123']//span[@class='a-size-base a-color-base']], [[ChromeDriver: chrome on windows (c1b772bc80a2c647b4de85f160029552)] -> xpath: //ul[@id='filter-p_123']//span[@class='a-size-base a-color-base']], [[ChromeDriver: chrome on windows (c1b772bc80a2c647b4de85f160029552)] -> xpath: //ul[@id='filter-p_123']//span[@class='a-size-base a-color-base']], [[ChromeDriver: chrome on windows (c1b772bc80a2c647b4de85f160029552)] -> xpath: //ul[@id='filter-p_123']//span[@class='a-size-base a-color-base']], [[ChromeDriver: chrome on windows (c1b772bc80a2c647b4de85f160029552)] -> xpath: //ul[@id='filter-p_123']//span[@class='a-size-base a-color-base']], [[ChromeDriver: chrome on windows (c1b772bc80a2c647b4de85f160029552)] -> xpath: //ul[@id='filter-p_123']//span[@class='a-size-base a-color-base']], [[ChromeDriver: chrome on windows (c1b772bc80a2c647b4de85f160029552)] -> xpath: //ul[@id='filter-p_123']//span[@class='a-size-base a-color-base']]] from the safeFindElements method
20:02:04 [TestNG-test-Test-3] INFO  verifyingTheBrandsFilterFunctionality_Laptop_20-01-31 - [verifyingTheBrandsFilterFunctionality_Laptop_20-01-31] Within the filterOptions loop 
20:02:04 [TestNG-test-Test-3] INFO  verifyingTheBrandsFilterFunctionality_Laptop_20-01-31 - [verifyingTheBrandsFilterFunctionality_Laptop_20-01-31] Within safeFindElements 
20:02:04 [TestNG-test-Test-3] INFO  verifyingTheBrandsFilterFunctionality_Laptop_20-01-31 - [verifyingTheBrandsFilterFunctionality_Laptop_20-01-31] Returning the  [[[ChromeDriver: chrome on windows (c1b772bc80a2c647b4de85f160029552)] -> xpath: //ul[@id='filter-p_123']//span[@class='a-size-base a-color-base']], [[ChromeDriver: chrome on windows (c1b772bc80a2c647b4de85f160029552)] -> xpath: //ul[@id='filter-p_123']//span[@class='a-size-base a-color-base']], [[ChromeDriver: chrome on windows (c1b772bc80a2c647b4de85f160029552)] -> xpath: //ul[@id='filter-p_123']//span[@class='a-size-base a-color-base']], [[ChromeDriver: chrome on windows (c1b772bc80a2c647b4de85f160029552)] -> xpath: //ul[@id='filter-p_123']//span[@class='a-size-base a-color-base']], [[ChromeDriver: chrome on windows (c1b772bc80a2c647b4de85f160029552)] -> xpath: //ul[@id='filter-p_123']//span[@class='a-size-base a-color-base']], [[ChromeDriver: chrome on windows (c1b772bc80a2c647b4de85f160029552)] -> xpath: //ul[@id='filter-p_123']//span[@class='a-size-base a-color-base']], [[ChromeDriver: chrome on windows (c1b772bc80a2c647b4de85f160029552)] -> xpath: //ul[@id='filter-p_123']//span[@class='a-size-base a-color-base']], [[ChromeDriver: chrome on windows (c1b772bc80a2c647b4de85f160029552)] -> xpath: //ul[@id='filter-p_123']//span[@class='a-size-base a-color-base']], [[ChromeDriver: chrome on windows (c1b772bc80a2c647b4de85f160029552)] -> xpath: //ul[@id='filter-p_123']//span[@class='a-size-base a-color-base']], [[ChromeDriver: chrome on windows (c1b772bc80a2c647b4de85f160029552)] -> xpath: //ul[@id='filter-p_123']//span[@class='a-size-base a-color-base']], [[ChromeDriver: chrome on windows (c1b772bc80a2c647b4de85f160029552)] -> xpath: //ul[@id='filter-p_123']//span[@class='a-size-base a-color-base']]] from the safeFindElements method
20:02:04 [TestNG-test-Test-3] INFO  verifyingTheBrandsFilterFunctionality_Laptop_20-01-31 - [verifyingTheBrandsFilterFunctionality_Laptop_20-01-31] Within safeFindElement method
20:02:04 [TestNG-test-Test-3] INFO  verifyingTheBrandsFilterFunctionality_Laptop_20-01-31 - [verifyingTheBrandsFilterFunctionality_Laptop_20-01-31]Found the element returning it ,element ->[[ChromeDriver: chrome on windows (c1b772bc80a2c647b4de85f160029552)] -> xpath: //a[@aria-label='See more, Brands']]
20:02:04 [TestNG-test-Test-3] INFO  verifyingTheBrandsFilterFunctionality_Laptop_20-01-31 - [verifyingTheBrandsFilterFunctionality_Laptop_20-01-31] Within smoothScrollToElement method
20:02:04 [TestNG-test-Test-3] INFO  verifyingTheBrandsFilterFunctionality_Laptop_20-01-31 - [verifyingTheBrandsFilterFunctionality_Laptop_20-01-31] Within safeFindElement method
20:02:04 [TestNG-test-Test-3] INFO  verifyingTheBrandsFilterFunctionality_Laptop_20-01-31 - [verifyingTheBrandsFilterFunctionality_Laptop_20-01-31]Found the element returning it ,element ->[[ChromeDriver: chrome on windows (c1b772bc80a2c647b4de85f160029552)] -> xpath: //a[@aria-label='See more, Brands']]
20:02:04 [TestNG-test-Test-3] INFO  verifyingTheBrandsFilterFunctionality_Laptop_20-01-31 - [verifyingTheBrandsFilterFunctionality_Laptop_20-01-31] Successfully scrolled to element: By.xpath: //a[@aria-label='See more, Brands']
20:02:04 [TestNG-test-Test-3] INFO  verifyingTheBrandsFilterFunctionality_Laptop_20-01-31 - [verifyingTheBrandsFilterFunctionality_Laptop_20-01-31] Within safeClick method
20:02:04 [TestNG-test-Test-3] INFO  verifyingTheBrandsFilterFunctionality_Laptop_20-01-31 - [verifyingTheBrandsFilterFunctionality_Laptop_20-01-31] Clicked the  [[ChromeDriver: chrome on windows (c1b772bc80a2c647b4de85f160029552)] -> xpath: //a[@aria-label='See more, Brands']]   using safeClick
20:02:04 [TestNG-test-Test-3] INFO  verifyingTheBrandsFilterFunctionality_Laptop_20-01-31 - [verifyingTheBrandsFilterFunctionality_Laptop_20-01-31] Within safeFindElements 
20:02:04 [TestNG-test-Test-3] INFO  verifyingTheBrandsFilterFunctionality_Laptop_20-01-31 - [verifyingTheBrandsFilterFunctionality_Laptop_20-01-31] Returning the  [[[ChromeDriver: chrome on windows (c1b772bc80a2c647b4de85f160029552)] -> xpath: //ul[@id='filter-p_123']//span[@class='a-size-base a-color-base']], [[ChromeDriver: chrome on windows (c1b772bc80a2c647b4de85f160029552)] -> xpath: //ul[@id='filter-p_123']//span[@class='a-size-base a-color-base']], [[ChromeDriver: chrome on windows (c1b772bc80a2c647b4de85f160029552)] -> xpath: //ul[@id='filter-p_123']//span[@class='a-size-base a-color-base']], [[ChromeDriver: chrome on windows (c1b772bc80a2c647b4de85f160029552)] -> xpath: //ul[@id='filter-p_123']//span[@class='a-size-base a-color-base']], [[ChromeDriver: chrome on windows (c1b772bc80a2c647b4de85f160029552)] -> xpath: //ul[@id='filter-p_123']//span[@class='a-size-base a-color-base']], [[ChromeDriver: chrome on windows (c1b772bc80a2c647b4de85f160029552)] -> xpath: //ul[@id='filter-p_123']//span[@class='a-size-base a-color-base']], [[ChromeDriver: chrome on windows (c1b772bc80a2c647b4de85f160029552)] -> xpath: //ul[@id='filter-p_123']//span[@class='a-size-base a-color-base']], [[ChromeDriver: chrome on windows (c1b772bc80a2c647b4de85f160029552)] -> xpath: //ul[@id='filter-p_123']//span[@class='a-size-base a-color-base']], [[ChromeDriver: chrome on windows (c1b772bc80a2c647b4de85f160029552)] -> xpath: //ul[@id='filter-p_123']//span[@class='a-size-base a-color-base']], [[ChromeDriver: chrome on windows (c1b772bc80a2c647b4de85f160029552)] -> xpath: //ul[@id='filter-p_123']//span[@class='a-size-base a-color-base']], [[ChromeDriver: chrome on windows (c1b772bc80a2c647b4de85f160029552)] -> xpath: //ul[@id='filter-p_123']//span[@class='a-size-base a-color-base']]] from the safeFindElements method
20:02:04 [TestNG-test-Test-3] INFO  verifyingTheBrandsFilterFunctionality_Laptop_20-01-31 - [verifyingTheBrandsFilterFunctionality_Laptop_20-01-31] Within getfilterByTypeAndName method
20:02:04 [TestNG-test-Test-3] INFO  verifyingTheBrandsFilterFunctionality_Laptop_20-01-31 - [verifyingTheBrandsFilterFunctionality_Laptop_20-01-31] Within safeClickBooleanWithScreenShot method
20:02:04 [TestNG-test-Test-3] INFO  verifyingTheBrandsFilterFunctionality_Laptop_20-01-31 - [verifyingTheBrandsFilterFunctionality_Laptop_20-01-31] Within getAppliedfilterByTypeAndName method
20:02:04 [TestNG-test-Test-3] INFO  verifyingTheBrandsFilterFunctionality_Laptop_20-01-31 - [verifyingTheBrandsFilterFunctionality_Laptop_20-01-31] Within smoothScrollToElement method
20:02:04 [TestNG-test-Test-3] INFO  verifyingTheBrandsFilterFunctionality_Laptop_20-01-31 - [verifyingTheBrandsFilterFunctionality_Laptop_20-01-31] Within safeFindElement method
20:02:04 [TestNG-test-Test-3] INFO  verifyingTheBrandsFilterFunctionality_Laptop_20-01-31 - [verifyingTheBrandsFilterFunctionality_Laptop_20-01-31]Found the element returning it ,element ->[[ChromeDriver: chrome on windows (c1b772bc80a2c647b4de85f160029552)] -> xpath: //span[@class='a-size-base a-color-base puis-bold-weight-text' and text()='Brands']]
20:02:04 [TestNG-test-Test-3] INFO  verifyingTheBrandsFilterFunctionality_Laptop_20-01-31 - [verifyingTheBrandsFilterFunctionality_Laptop_20-01-31] Successfully scrolled to element: By.xpath: //span[@class='a-size-base a-color-base puis-bold-weight-text' and text()='Brands']
20:02:04 [TestNG-test-Test-3] INFO  verifyingTheBrandsFilterFunctionality_Laptop_20-01-31 - [verifyingTheBrandsFilterFunctionality_Laptop_20-01-31] Within getMoreButtonByFilterTypeAndName method
20:02:04 [TestNG-test-Test-3] INFO  verifyingTheBrandsFilterFunctionality_Laptop_20-01-31 - [verifyingTheBrandsFilterFunctionality_Laptop_20-01-31] could not find more button
20:02:04 [TestNG-test-Test-3] INFO  verifyingTheBrandsFilterFunctionality_Laptop_20-01-31 - [verifyingTheBrandsFilterFunctionality_Laptop_20-01-31] Within getAppliedfilterByTypeAndName method
20:02:04 [TestNG-test-Test-3] INFO  verifyingTheBrandsFilterFunctionality_Laptop_20-01-31 - [verifyingTheBrandsFilterFunctionality_Laptop_20-01-31] Within smoothScrollToElement method
20:02:04 [TestNG-test-Test-3] INFO  verifyingTheBrandsFilterFunctionality_Laptop_20-01-31 - [verifyingTheBrandsFilterFunctionality_Laptop_20-01-31] Within safeFindElement method
20:02:05 [TestNG-test-Test-3] INFO  verifyingTheBrandsFilterFunctionality_Laptop_20-01-31 - [verifyingTheBrandsFilterFunctionality_Laptop_20-01-31]Found the element returning it ,element ->[[ChromeDriver: chrome on windows (c1b772bc80a2c647b4de85f160029552)] -> xpath: //span[@class='a-size-base a-color-base puis-bold-weight-text' and text()='Brands']]
20:02:05 [TestNG-test-Test-3] INFO  verifyingTheBrandsFilterFunctionality_Laptop_20-01-31 - [verifyingTheBrandsFilterFunctionality_Laptop_20-01-31] Successfully scrolled to element: By.xpath: //span[@class='a-size-base a-color-base puis-bold-weight-text' and text()='Brands']
20:02:05 [TestNG-test-Test-3] INFO  verifyingTheBrandsFilterFunctionality_Laptop_20-01-31 - [verifyingTheBrandsFilterFunctionality_Laptop_20-01-31] Within getMoreButtonByFilterTypeAndName method
20:02:05 [TestNG-test-Test-3] INFO  verifyingTheBrandsFilterFunctionality_Laptop_20-01-31 - [verifyingTheBrandsFilterFunctionality_Laptop_20-01-31] could not find more button
20:02:05 [TestNG-test-Test-3] INFO  verifyingTheBrandsFilterFunctionality_Laptop_20-01-31 - [verifyingTheBrandsFilterFunctionality_Laptop_20-01-31] Within getfilterByTypeAndName method
20:02:05 [TestNG-test-Test-3] INFO  verifyingTheBrandsFilterFunctionality_Laptop_20-01-31 - [verifyingTheBrandsFilterFunctionality_Laptop_20-01-31] Within smoothScrollToElement method
20:02:05 [TestNG-test-Test-3] INFO  verifyingTheBrandsFilterFunctionality_Laptop_20-01-31 - [verifyingTheBrandsFilterFunctionality_Laptop_20-01-31] Within safeFindElement method
20:02:11 [TestNG-test-Test-3] INFO  verifyingTheBrandsFilterFunctionality_Laptop_20-01-31 - [verifyingTheBrandsFilterFunctionality_Laptop_20-01-31]Retrying findElement for: ->By.xpath: //ul[@id='filter-p_123']//span[@class='a-size-base a-color-base' and text()='ASUS']
20:02:12 [TestNG-test-Test-3] INFO  verifyingTheBrandsFilterFunctionality_Laptop_20-01-31 - [verifyingTheBrandsFilterFunctionality_Laptop_20-01-31]Refrehsing the page , while trying to safely find : ->By.xpath: //ul[@id='filter-p_123']//span[@class='a-size-base a-color-base' and text()='ASUS']
20:02:17 [TestNG-test-Test-3] INFO  verifyingTheBrandsFilterFunctionality_Laptop_20-01-31 - [verifyingTheBrandsFilterFunctionality_Laptop_20-01-31]Retrying findElement for: ->By.xpath: //ul[@id='filter-p_123']//span[@class='a-size-base a-color-base' and text()='ASUS']
20:02:19 [TestNG-test-Test-3] INFO  verifyingTheBrandsFilterFunctionality_Laptop_20-01-31 - [verifyingTheBrandsFilterFunctionality_Laptop_20-01-31]Refrehsing the page , while trying to safely find : ->By.xpath: //ul[@id='filter-p_123']//span[@class='a-size-base a-color-base' and text()='ASUS']
20:02:19 [TestNG-test-Test-3] INFO  verifyingTheBrandsFilterFunctionality_Laptop_20-01-31 - [verifyingTheBrandsFilterFunctionality_Laptop_20-01-31] Skipping action: Element not found after 2   attemps
20:02:19 [TestNG-test-Test-3] WARN  verifyingTheBrandsFilterFunctionality_Laptop_20-01-31 - [verifyingTheBrandsFilterFunctionality_Laptop_20-01-31] Element not found for locator: By.xpath: //ul[@id='filter-p_123']//span[@class='a-size-base a-color-base' and text()='ASUS']
20:02:19 [TestNG-test-Test-3] INFO  verifyingTheBrandsFilterFunctionality_Laptop_20-01-31 - [verifyingTheBrandsFilterFunctionality_Laptop_20-01-31] Clicked the element using safe click ,element is [[ChromeDriver: chrome on windows (c1b772bc80a2c647b4de85f160029552)] -> xpath: //ul[@id='filter-p_123']//span[@class='a-size-base a-color-base' and text()='ASUS']]
20:02:19 [TestNG-test-Test-3] INFO  verifyingTheBrandsFilterFunctionality_Laptop_20-01-31 - [verifyingTheBrandsFilterFunctionality_Laptop_20-01-31] Clicked on ASUSWithin the filterOptions loop
20:02:19 [TestNG-test-Test-3] INFO  verifyingTheBrandsFilterFunctionality_Laptop_20-01-31 - [verifyingTheBrandsFilterFunctionality_Laptop_20-01-31] Within safeFindElements 
20:02:19 [TestNG-test-Test-3] INFO  verifyingTheBrandsFilterFunctionality_Laptop_20-01-31 - [verifyingTheBrandsFilterFunctionality_Laptop_20-01-31] Returning the  [[[ChromeDriver: chrome on windows (c1b772bc80a2c647b4de85f160029552)] -> xpath: //div[@data-cy='title-recipe']], [[ChromeDriver: chrome on windows (c1b772bc80a2c647b4de85f160029552)] -> xpath: //div[@data-cy='title-recipe']], [[ChromeDriver: chrome on windows (c1b772bc80a2c647b4de85f160029552)] -> xpath: //div[@data-cy='title-recipe']], [[ChromeDriver: chrome on windows (c1b772bc80a2c647b4de85f160029552)] -> xpath: //div[@data-cy='title-recipe']], [[ChromeDriver: chrome on windows (c1b772bc80a2c647b4de85f160029552)] -> xpath: //div[@data-cy='title-recipe']], [[ChromeDriver: chrome on windows (c1b772bc80a2c647b4de85f160029552)] -> xpath: //div[@data-cy='title-recipe']], [[ChromeDriver: chrome on windows (c1b772bc80a2c647b4de85f160029552)] -> xpath: //div[@data-cy='title-recipe']], [[ChromeDriver: chrome on windows (c1b772bc80a2c647b4de85f160029552)] -> xpath: //div[@data-cy='title-recipe']], [[ChromeDriver: chrome on windows (c1b772bc80a2c647b4de85f160029552)] -> xpath: //div[@data-cy='title-recipe']], [[ChromeDriver: chrome on windows (c1b772bc80a2c647b4de85f160029552)] -> xpath: //div[@data-cy='title-recipe']], [[ChromeDriver: chrome on windows (c1b772bc80a2c647b4de85f160029552)] -> xpath: //div[@data-cy='title-recipe']], [[ChromeDriver: chrome on windows (c1b772bc80a2c647b4de85f160029552)] -> xpath: //div[@data-cy='title-recipe']], [[ChromeDriver: chrome on windows (c1b772bc80a2c647b4de85f160029552)] -> xpath: //div[@data-cy='title-recipe']], [[ChromeDriver: chrome on windows (c1b772bc80a2c647b4de85f160029552)] -> xpath: //div[@data-cy='title-recipe']], [[ChromeDriver: chrome on windows (c1b772bc80a2c647b4de85f160029552)] -> xpath: //div[@data-cy='title-recipe']], [[ChromeDriver: chrome on windows (c1b772bc80a2c647b4de85f160029552)] -> xpath: //div[@data-cy='title-recipe']]] from the safeFindElements method
20:02:19 [TestNG-test-Test-3] INFO  verifyingTheBrandsFilterFunctionality_Laptop_20-01-31 - [verifyingTheBrandsFilterFunctionality_Laptop_20-01-31] Within productNameListingPage loop with product index 0and filter name ASUS
20:02:19 [TestNG-test-Test-3] INFO  verifyingTheBrandsFilterFunctionality_Laptop_20-01-31 - [verifyingTheBrandsFilterFunctionality_Laptop_20-01-31] Within productNameListingPage loop with product index 1and filter name ASUS
20:02:19 [TestNG-test-Test-3] INFO  verifyingTheBrandsFilterFunctionality_Laptop_20-01-31 - [verifyingTheBrandsFilterFunctionality_Laptop_20-01-31] Within productNameListingPage loop with product index 2and filter name ASUS
20:02:19 [TestNG-test-Test-3] INFO  verifyingTheBrandsFilterFunctionality_Laptop_20-01-31 - [verifyingTheBrandsFilterFunctionality_Laptop_20-01-31] Within productNameListingPage loop with product index 3and filter name ASUS
20:02:19 [TestNG-test-Test-3] INFO  verifyingTheBrandsFilterFunctionality_Laptop_20-01-31 - [verifyingTheBrandsFilterFunctionality_Laptop_20-01-31] Within productNameListingPage loop with product index 4and filter name ASUS
20:02:19 [TestNG-test-Test-3] INFO  verifyingTheBrandsFilterFunctionality_Laptop_20-01-31 - [verifyingTheBrandsFilterFunctionality_Laptop_20-01-31] Within productNameListingPage loop with product index 5and filter name ASUS
20:02:19 [TestNG-test-Test-3] INFO  verifyingTheBrandsFilterFunctionality_Laptop_20-01-31 - [verifyingTheBrandsFilterFunctionality_Laptop_20-01-31] Within productNameListingPage loop with product index 6and filter name ASUS
20:02:19 [TestNG-test-Test-3] INFO  verifyingTheBrandsFilterFunctionality_Laptop_20-01-31 - [verifyingTheBrandsFilterFunctionality_Laptop_20-01-31] Within productNameListingPage loop with product index 7and filter name ASUS
20:02:19 [TestNG-test-Test-3] INFO  verifyingTheBrandsFilterFunctionality_Laptop_20-01-31 - [verifyingTheBrandsFilterFunctionality_Laptop_20-01-31] Within productNameListingPage loop with product index 8and filter name ASUS
20:02:19 [TestNG-test-Test-3] INFO  verifyingTheBrandsFilterFunctionality_Laptop_20-01-31 - [verifyingTheBrandsFilterFunctionality_Laptop_20-01-31] Within productNameListingPage loop with product index 9and filter name ASUS
20:02:19 [TestNG-test-Test-3] INFO  verifyingTheBrandsFilterFunctionality_Laptop_20-01-31 - [verifyingTheBrandsFilterFunctionality_Laptop_20-01-31] Within productNameListingPage loop with product index 10and filter name ASUS
20:02:19 [TestNG-test-Test-3] INFO  verifyingTheBrandsFilterFunctionality_Laptop_20-01-31 - [verifyingTheBrandsFilterFunctionality_Laptop_20-01-31] Within productNameListingPage loop with product index 11and filter name ASUS
20:02:19 [TestNG-test-Test-3] INFO  verifyingTheBrandsFilterFunctionality_Laptop_20-01-31 - [verifyingTheBrandsFilterFunctionality_Laptop_20-01-31] Within productNameListingPage loop with product index 12and filter name ASUS
20:02:19 [TestNG-test-Test-3] INFO  verifyingTheBrandsFilterFunctionality_Laptop_20-01-31 - [verifyingTheBrandsFilterFunctionality_Laptop_20-01-31] Within productNameListingPage loop with product index 13and filter name ASUS
20:02:19 [TestNG-test-Test-3] INFO  verifyingTheBrandsFilterFunctionality_Laptop_20-01-31 - [verifyingTheBrandsFilterFunctionality_Laptop_20-01-31] Within productNameListingPage loop with product index 14and filter name ASUS
20:02:19 [TestNG-test-Test-3] INFO  verifyingTheBrandsFilterFunctionality_Laptop_20-01-31 - [verifyingTheBrandsFilterFunctionality_Laptop_20-01-31] Within productNameListingPage loop with product index 15and filter name ASUS
20:02:19 [TestNG-test-Test-3] INFO  verifyingTheBrandsFilterFunctionality_Laptop_20-01-31 - [verifyingTheBrandsFilterFunctionality_Laptop_20-01-31] Creating 'result' Map for storing ,'brand','isValid','mismatches list' with map size ->3
20:02:19 [TestNG-test-Test-3] INFO  verifyingTheBrandsFilterFunctionality_Laptop_20-01-31 - [verifyingTheBrandsFilterFunctionality_Laptop_20-01-31] Adding 'result' with the data into 'allResults' i.e list of Map3
20:02:19 [TestNG-test-Test-3] INFO  verifyingTheBrandsFilterFunctionality_Laptop_20-01-31 - [verifyingTheBrandsFilterFunctionality_Laptop_20-01-31] Waiting until element is visible in viewport
20:02:19 [TestNG-test-Test-3] INFO  verifyingTheBrandsFilterFunctionality_Laptop_20-01-31 - [verifyingTheBrandsFilterFunctionality_Laptop_20-01-31] Within safeClick method
20:02:19 [TestNG-test-Test-3] INFO  verifyingTheBrandsFilterFunctionality_Laptop_20-01-31 - [verifyingTheBrandsFilterFunctionality_Laptop_20-01-31] Clicked the  [[ChromeDriver: chrome on windows (c1b772bc80a2c647b4de85f160029552)] -> xpath: //span[@class='a-size-base a-color-base' and text()='Clear']]   using safeClick
20:02:19 [TestNG-test-Test-3] INFO  verifyingTheBrandsFilterFunctionality_Laptop_20-01-31 - [verifyingTheBrandsFilterFunctionality_Laptop_20-01-31] Clicked clear button for the filter ->ASUS
20:02:19 [TestNG-test-Test-3] INFO  verifyingTheBrandsFilterFunctionality_Laptop_20-01-31 - [verifyingTheBrandsFilterFunctionality_Laptop_20-01-31] Within the filterOptions loop 
20:02:19 [TestNG-test-Test-3] INFO  verifyingTheBrandsFilterFunctionality_Laptop_20-01-31 - [verifyingTheBrandsFilterFunctionality_Laptop_20-01-31] Within safeFindElements 
20:02:20 [TestNG-test-Test-3] INFO  verifyingTheBrandsFilterFunctionality_Laptop_20-01-31 - [verifyingTheBrandsFilterFunctionality_Laptop_20-01-31] Returning the  [[[ChromeDriver: chrome on windows (c1b772bc80a2c647b4de85f160029552)] -> xpath: //ul[@id='filter-p_123']//span[@class='a-size-base a-color-base']], [[ChromeDriver: chrome on windows (c1b772bc80a2c647b4de85f160029552)] -> xpath: //ul[@id='filter-p_123']//span[@class='a-size-base a-color-base']], [[ChromeDriver: chrome on windows (c1b772bc80a2c647b4de85f160029552)] -> xpath: //ul[@id='filter-p_123']//span[@class='a-size-base a-color-base']], [[ChromeDriver: chrome on windows (c1b772bc80a2c647b4de85f160029552)] -> xpath: //ul[@id='filter-p_123']//span[@class='a-size-base a-color-base']], [[ChromeDriver: chrome on windows (c1b772bc80a2c647b4de85f160029552)] -> xpath: //ul[@id='filter-p_123']//span[@class='a-size-base a-color-base']], [[ChromeDriver: chrome on windows (c1b772bc80a2c647b4de85f160029552)] -> xpath: //ul[@id='filter-p_123']//span[@class='a-size-base a-color-base']], [[ChromeDriver: chrome on windows (c1b772bc80a2c647b4de85f160029552)] -> xpath: //ul[@id='filter-p_123']//span[@class='a-size-base a-color-base']], [[ChromeDriver: chrome on windows (c1b772bc80a2c647b4de85f160029552)] -> xpath: //ul[@id='filter-p_123']//span[@class='a-size-base a-color-base']], [[ChromeDriver: chrome on windows (c1b772bc80a2c647b4de85f160029552)] -> xpath: //ul[@id='filter-p_123']//span[@class='a-size-base a-color-base']], [[ChromeDriver: chrome on windows (c1b772bc80a2c647b4de85f160029552)] -> xpath: //ul[@id='filter-p_123']//span[@class='a-size-base a-color-base']], [[ChromeDriver: chrome on windows (c1b772bc80a2c647b4de85f160029552)] -> xpath: //ul[@id='filter-p_123']//span[@class='a-size-base a-color-base']]] from the safeFindElements method
20:02:20 [TestNG-test-Test-3] INFO  verifyingTheBrandsFilterFunctionality_Laptop_20-01-31 - [verifyingTheBrandsFilterFunctionality_Laptop_20-01-31] Within safeFindElement method
20:02:20 [TestNG-test-Test-3] INFO  verifyingTheBrandsFilterFunctionality_Laptop_20-01-31 - [verifyingTheBrandsFilterFunctionality_Laptop_20-01-31]Found the element returning it ,element ->[[ChromeDriver: chrome on windows (c1b772bc80a2c647b4de85f160029552)] -> xpath: //a[@aria-label='See more, Brands']]
20:02:20 [TestNG-test-Test-3] INFO  verifyingTheBrandsFilterFunctionality_Laptop_20-01-31 - [verifyingTheBrandsFilterFunctionality_Laptop_20-01-31] Within smoothScrollToElement method
20:02:20 [TestNG-test-Test-3] INFO  verifyingTheBrandsFilterFunctionality_Laptop_20-01-31 - [verifyingTheBrandsFilterFunctionality_Laptop_20-01-31] Within safeFindElement method
20:02:20 [TestNG-test-Test-3] INFO  verifyingTheBrandsFilterFunctionality_Laptop_20-01-31 - [verifyingTheBrandsFilterFunctionality_Laptop_20-01-31]Found the element returning it ,element ->[[ChromeDriver: chrome on windows (c1b772bc80a2c647b4de85f160029552)] -> xpath: //a[@aria-label='See more, Brands']]
20:02:20 [TestNG-test-Test-3] INFO  verifyingTheBrandsFilterFunctionality_Laptop_20-01-31 - [verifyingTheBrandsFilterFunctionality_Laptop_20-01-31] Successfully scrolled to element: By.xpath: //a[@aria-label='See more, Brands']
20:02:20 [TestNG-test-Test-3] INFO  verifyingTheBrandsFilterFunctionality_Laptop_20-01-31 - [verifyingTheBrandsFilterFunctionality_Laptop_20-01-31] Within safeClick method
20:02:20 [TestNG-test-Test-3] INFO  verifyingTheBrandsFilterFunctionality_Laptop_20-01-31 - [verifyingTheBrandsFilterFunctionality_Laptop_20-01-31] Clicked the  [[ChromeDriver: chrome on windows (c1b772bc80a2c647b4de85f160029552)] -> xpath: //a[@aria-label='See more, Brands']]   using safeClick
20:02:20 [TestNG-test-Test-3] INFO  verifyingTheBrandsFilterFunctionality_Laptop_20-01-31 - [verifyingTheBrandsFilterFunctionality_Laptop_20-01-31] Within safeFindElements 
20:02:20 [TestNG-test-Test-3] INFO  verifyingTheBrandsFilterFunctionality_Laptop_20-01-31 - [verifyingTheBrandsFilterFunctionality_Laptop_20-01-31] Returning the  [[[ChromeDriver: chrome on windows (c1b772bc80a2c647b4de85f160029552)] -> xpath: //ul[@id='filter-p_123']//span[@class='a-size-base a-color-base']], [[ChromeDriver: chrome on windows (c1b772bc80a2c647b4de85f160029552)] -> xpath: //ul[@id='filter-p_123']//span[@class='a-size-base a-color-base']], [[ChromeDriver: chrome on windows (c1b772bc80a2c647b4de85f160029552)] -> xpath: //ul[@id='filter-p_123']//span[@class='a-size-base a-color-base']], [[ChromeDriver: chrome on windows (c1b772bc80a2c647b4de85f160029552)] -> xpath: //ul[@id='filter-p_123']//span[@class='a-size-base a-color-base']], [[ChromeDriver: chrome on windows (c1b772bc80a2c647b4de85f160029552)] -> xpath: //ul[@id='filter-p_123']//span[@class='a-size-base a-color-base']], [[ChromeDriver: chrome on windows (c1b772bc80a2c647b4de85f160029552)] -> xpath: //ul[@id='filter-p_123']//span[@class='a-size-base a-color-base']], [[ChromeDriver: chrome on windows (c1b772bc80a2c647b4de85f160029552)] -> xpath: //ul[@id='filter-p_123']//span[@class='a-size-base a-color-base']], [[ChromeDriver: chrome on windows (c1b772bc80a2c647b4de85f160029552)] -> xpath: //ul[@id='filter-p_123']//span[@class='a-size-base a-color-base']], [[ChromeDriver: chrome on windows (c1b772bc80a2c647b4de85f160029552)] -> xpath: //ul[@id='filter-p_123']//span[@class='a-size-base a-color-base']], [[ChromeDriver: chrome on windows (c1b772bc80a2c647b4de85f160029552)] -> xpath: //ul[@id='filter-p_123']//span[@class='a-size-base a-color-base']], [[ChromeDriver: chrome on windows (c1b772bc80a2c647b4de85f160029552)] -> xpath: //ul[@id='filter-p_123']//span[@class='a-size-base a-color-base']]] from the safeFindElements method
20:02:20 [TestNG-test-Test-3] INFO  verifyingTheBrandsFilterFunctionality_Laptop_20-01-31 - [verifyingTheBrandsFilterFunctionality_Laptop_20-01-31] Within getfilterByTypeAndName method
20:02:20 [TestNG-test-Test-3] INFO  verifyingTheBrandsFilterFunctionality_Laptop_20-01-31 - [verifyingTheBrandsFilterFunctionality_Laptop_20-01-31] Within safeClickBooleanWithScreenShot method
20:02:20 [TestNG-test-Test-3] INFO  verifyingTheBrandsFilterFunctionality_Laptop_20-01-31 - [verifyingTheBrandsFilterFunctionality_Laptop_20-01-31] Within getAppliedfilterByTypeAndName method
20:02:20 [TestNG-test-Test-3] INFO  verifyingTheBrandsFilterFunctionality_Laptop_20-01-31 - [verifyingTheBrandsFilterFunctionality_Laptop_20-01-31] Within smoothScrollToElement method
20:02:20 [TestNG-test-Test-3] INFO  verifyingTheBrandsFilterFunctionality_Laptop_20-01-31 - [verifyingTheBrandsFilterFunctionality_Laptop_20-01-31] Within safeFindElement method
20:02:21 [TestNG-test-Test-3] INFO  verifyingTheBrandsFilterFunctionality_Laptop_20-01-31 - [verifyingTheBrandsFilterFunctionality_Laptop_20-01-31]Found the element returning it ,element ->[[ChromeDriver: chrome on windows (c1b772bc80a2c647b4de85f160029552)] -> xpath: //span[@class='a-size-base a-color-base puis-bold-weight-text' and text()='Brands']]
20:02:21 [TestNG-test-Test-3] INFO  verifyingTheBrandsFilterFunctionality_Laptop_20-01-31 - [verifyingTheBrandsFilterFunctionality_Laptop_20-01-31] Successfully scrolled to element: By.xpath: //span[@class='a-size-base a-color-base puis-bold-weight-text' and text()='Brands']
20:02:21 [TestNG-test-Test-3] INFO  verifyingTheBrandsFilterFunctionality_Laptop_20-01-31 - [verifyingTheBrandsFilterFunctionality_Laptop_20-01-31] Within getMoreButtonByFilterTypeAndName method
20:02:21 [TestNG-test-Test-3] INFO  verifyingTheBrandsFilterFunctionality_Laptop_20-01-31 - [verifyingTheBrandsFilterFunctionality_Laptop_20-01-31] could not find more button
20:02:21 [TestNG-test-Test-3] INFO  verifyingTheBrandsFilterFunctionality_Laptop_20-01-31 - [verifyingTheBrandsFilterFunctionality_Laptop_20-01-31] Within getAppliedfilterByTypeAndName method
20:02:21 [TestNG-test-Test-3] INFO  verifyingTheBrandsFilterFunctionality_Laptop_20-01-31 - [verifyingTheBrandsFilterFunctionality_Laptop_20-01-31] Within smoothScrollToElement method
20:02:21 [TestNG-test-Test-3] INFO  verifyingTheBrandsFilterFunctionality_Laptop_20-01-31 - [verifyingTheBrandsFilterFunctionality_Laptop_20-01-31] Within safeFindElement method
20:02:22 [TestNG-test-Test-3] INFO  verifyingTheBrandsFilterFunctionality_Laptop_20-01-31 - [verifyingTheBrandsFilterFunctionality_Laptop_20-01-31]Found the element returning it ,element ->[[ChromeDriver: chrome on windows (c1b772bc80a2c647b4de85f160029552)] -> xpath: //span[@class='a-size-base a-color-base puis-bold-weight-text' and text()='Brands']]
20:02:22 [TestNG-test-Test-3] INFO  verifyingTheBrandsFilterFunctionality_Laptop_20-01-31 - [verifyingTheBrandsFilterFunctionality_Laptop_20-01-31] Successfully scrolled to element: By.xpath: //span[@class='a-size-base a-color-base puis-bold-weight-text' and text()='Brands']
20:02:22 [TestNG-test-Test-3] INFO  verifyingTheBrandsFilterFunctionality_Laptop_20-01-31 - [verifyingTheBrandsFilterFunctionality_Laptop_20-01-31] Within getMoreButtonByFilterTypeAndName method
20:02:22 [TestNG-test-Test-3] INFO  verifyingTheBrandsFilterFunctionality_Laptop_20-01-31 - [verifyingTheBrandsFilterFunctionality_Laptop_20-01-31] could not find more button
20:02:22 [TestNG-test-Test-3] INFO  verifyingTheBrandsFilterFunctionality_Laptop_20-01-31 - [verifyingTheBrandsFilterFunctionality_Laptop_20-01-31] Within getfilterByTypeAndName method
20:02:22 [TestNG-test-Test-3] INFO  verifyingTheBrandsFilterFunctionality_Laptop_20-01-31 - [verifyingTheBrandsFilterFunctionality_Laptop_20-01-31] Within smoothScrollToElement method
20:02:22 [TestNG-test-Test-3] INFO  verifyingTheBrandsFilterFunctionality_Laptop_20-01-31 - [verifyingTheBrandsFilterFunctionality_Laptop_20-01-31] Within safeFindElement method
20:02:27 [TestNG-test-Test-3] INFO  verifyingTheBrandsFilterFunctionality_Laptop_20-01-31 - [verifyingTheBrandsFilterFunctionality_Laptop_20-01-31]Retrying findElement for: ->By.xpath: //ul[@id='filter-p_123']//span[@class='a-size-base a-color-base' and text()='Acer']
20:02:28 [TestNG-test-Test-3] INFO  verifyingTheBrandsFilterFunctionality_Laptop_20-01-31 - [verifyingTheBrandsFilterFunctionality_Laptop_20-01-31]Refrehsing the page , while trying to safely find : ->By.xpath: //ul[@id='filter-p_123']//span[@class='a-size-base a-color-base' and text()='Acer']
20:02:34 [TestNG-test-Test-3] INFO  verifyingTheBrandsFilterFunctionality_Laptop_20-01-31 - [verifyingTheBrandsFilterFunctionality_Laptop_20-01-31]Retrying findElement for: ->By.xpath: //ul[@id='filter-p_123']//span[@class='a-size-base a-color-base' and text()='Acer']
20:02:35 [TestNG-test-Test-3] INFO  verifyingTheBrandsFilterFunctionality_Laptop_20-01-31 - [verifyingTheBrandsFilterFunctionality_Laptop_20-01-31]Refrehsing the page , while trying to safely find : ->By.xpath: //ul[@id='filter-p_123']//span[@class='a-size-base a-color-base' and text()='Acer']
20:02:35 [TestNG-test-Test-3] INFO  verifyingTheBrandsFilterFunctionality_Laptop_20-01-31 - [verifyingTheBrandsFilterFunctionality_Laptop_20-01-31] Skipping action: Element not found after 2   attemps
20:02:35 [TestNG-test-Test-3] WARN  verifyingTheBrandsFilterFunctionality_Laptop_20-01-31 - [verifyingTheBrandsFilterFunctionality_Laptop_20-01-31] Element not found for locator: By.xpath: //ul[@id='filter-p_123']//span[@class='a-size-base a-color-base' and text()='Acer']
20:02:35 [TestNG-test-Test-3] INFO  verifyingTheBrandsFilterFunctionality_Laptop_20-01-31 - [verifyingTheBrandsFilterFunctionality_Laptop_20-01-31] Clicked the element using safe click ,element is [[ChromeDriver: chrome on windows (c1b772bc80a2c647b4de85f160029552)] -> xpath: //ul[@id='filter-p_123']//span[@class='a-size-base a-color-base' and text()='Acer']]
20:02:35 [TestNG-test-Test-3] INFO  verifyingTheBrandsFilterFunctionality_Laptop_20-01-31 - [verifyingTheBrandsFilterFunctionality_Laptop_20-01-31] Clicked on AcerWithin the filterOptions loop
20:02:35 [TestNG-test-Test-3] INFO  verifyingTheBrandsFilterFunctionality_Laptop_20-01-31 - [verifyingTheBrandsFilterFunctionality_Laptop_20-01-31] Within safeFindElements 
20:02:35 [TestNG-test-Test-3] INFO  verifyingTheBrandsFilterFunctionality_Laptop_20-01-31 - [verifyingTheBrandsFilterFunctionality_Laptop_20-01-31] Returning the  [[[ChromeDriver: chrome on windows (c1b772bc80a2c647b4de85f160029552)] -> xpath: //div[@data-cy='title-recipe']], [[ChromeDriver: chrome on windows (c1b772bc80a2c647b4de85f160029552)] -> xpath: //div[@data-cy='title-recipe']], [[ChromeDriver: chrome on windows (c1b772bc80a2c647b4de85f160029552)] -> xpath: //div[@data-cy='title-recipe']], [[ChromeDriver: chrome on windows (c1b772bc80a2c647b4de85f160029552)] -> xpath: //div[@data-cy='title-recipe']], [[ChromeDriver: chrome on windows (c1b772bc80a2c647b4de85f160029552)] -> xpath: //div[@data-cy='title-recipe']], [[ChromeDriver: chrome on windows (c1b772bc80a2c647b4de85f160029552)] -> xpath: //div[@data-cy='title-recipe']], [[ChromeDriver: chrome on windows (c1b772bc80a2c647b4de85f160029552)] -> xpath: //div[@data-cy='title-recipe']], [[ChromeDriver: chrome on windows (c1b772bc80a2c647b4de85f160029552)] -> xpath: //div[@data-cy='title-recipe']], [[ChromeDriver: chrome on windows (c1b772bc80a2c647b4de85f160029552)] -> xpath: //div[@data-cy='title-recipe']], [[ChromeDriver: chrome on windows (c1b772bc80a2c647b4de85f160029552)] -> xpath: //div[@data-cy='title-recipe']], [[ChromeDriver: chrome on windows (c1b772bc80a2c647b4de85f160029552)] -> xpath: //div[@data-cy='title-recipe']], [[ChromeDriver: chrome on windows (c1b772bc80a2c647b4de85f160029552)] -> xpath: //div[@data-cy='title-recipe']], [[ChromeDriver: chrome on windows (c1b772bc80a2c647b4de85f160029552)] -> xpath: //div[@data-cy='title-recipe']], [[ChromeDriver: chrome on windows (c1b772bc80a2c647b4de85f160029552)] -> xpath: //div[@data-cy='title-recipe']], [[ChromeDriver: chrome on windows (c1b772bc80a2c647b4de85f160029552)] -> xpath: //div[@data-cy='title-recipe']], [[ChromeDriver: chrome on windows (c1b772bc80a2c647b4de85f160029552)] -> xpath: //div[@data-cy='title-recipe']]] from the safeFindElements method
20:02:35 [TestNG-test-Test-3] INFO  verifyingTheBrandsFilterFunctionality_Laptop_20-01-31 - [verifyingTheBrandsFilterFunctionality_Laptop_20-01-31] Within productNameListingPage loop with product index 0and filter name Acer
20:02:35 [TestNG-test-Test-3] INFO  verifyingTheBrandsFilterFunctionality_Laptop_20-01-31 - [verifyingTheBrandsFilterFunctionality_Laptop_20-01-31] Within productNameListingPage loop with product index 1and filter name Acer
20:02:35 [TestNG-test-Test-3] INFO  verifyingTheBrandsFilterFunctionality_Laptop_20-01-31 - [verifyingTheBrandsFilterFunctionality_Laptop_20-01-31] Within productNameListingPage loop with product index 2and filter name Acer
20:02:35 [TestNG-test-Test-3] INFO  verifyingTheBrandsFilterFunctionality_Laptop_20-01-31 - [verifyingTheBrandsFilterFunctionality_Laptop_20-01-31] Within productNameListingPage loop with product index 3and filter name Acer
20:02:35 [TestNG-test-Test-3] INFO  verifyingTheBrandsFilterFunctionality_Laptop_20-01-31 - [verifyingTheBrandsFilterFunctionality_Laptop_20-01-31] Within productNameListingPage loop with product index 4and filter name Acer
20:02:35 [TestNG-test-Test-3] INFO  verifyingTheBrandsFilterFunctionality_Laptop_20-01-31 - [verifyingTheBrandsFilterFunctionality_Laptop_20-01-31] Within productNameListingPage loop with product index 5and filter name Acer
20:02:35 [TestNG-test-Test-3] INFO  verifyingTheBrandsFilterFunctionality_Laptop_20-01-31 - [verifyingTheBrandsFilterFunctionality_Laptop_20-01-31] Within productNameListingPage loop with product index 6and filter name Acer
20:02:35 [TestNG-test-Test-3] INFO  verifyingTheBrandsFilterFunctionality_Laptop_20-01-31 - [verifyingTheBrandsFilterFunctionality_Laptop_20-01-31] Within productNameListingPage loop with product index 7and filter name Acer
20:02:35 [TestNG-test-Test-3] INFO  verifyingTheBrandsFilterFunctionality_Laptop_20-01-31 - [verifyingTheBrandsFilterFunctionality_Laptop_20-01-31] Within productNameListingPage loop with product index 8and filter name Acer
20:02:35 [TestNG-test-Test-3] INFO  verifyingTheBrandsFilterFunctionality_Laptop_20-01-31 - [verifyingTheBrandsFilterFunctionality_Laptop_20-01-31] Within productNameListingPage loop with product index 9and filter name Acer
20:02:35 [TestNG-test-Test-3] INFO  verifyingTheBrandsFilterFunctionality_Laptop_20-01-31 - [verifyingTheBrandsFilterFunctionality_Laptop_20-01-31] Within productNameListingPage loop with product index 10and filter name Acer
20:02:35 [TestNG-test-Test-3] INFO  verifyingTheBrandsFilterFunctionality_Laptop_20-01-31 - [verifyingTheBrandsFilterFunctionality_Laptop_20-01-31] Within productNameListingPage loop with product index 11and filter name Acer
20:02:35 [TestNG-test-Test-3] INFO  verifyingTheBrandsFilterFunctionality_Laptop_20-01-31 - [verifyingTheBrandsFilterFunctionality_Laptop_20-01-31] Within productNameListingPage loop with product index 12and filter name Acer
20:02:35 [TestNG-test-Test-3] INFO  verifyingTheBrandsFilterFunctionality_Laptop_20-01-31 - [verifyingTheBrandsFilterFunctionality_Laptop_20-01-31] Within productNameListingPage loop with product index 13and filter name Acer
20:02:35 [TestNG-test-Test-3] INFO  verifyingTheBrandsFilterFunctionality_Laptop_20-01-31 - [verifyingTheBrandsFilterFunctionality_Laptop_20-01-31] Within productNameListingPage loop with product index 14and filter name Acer
20:02:35 [TestNG-test-Test-3] INFO  verifyingTheBrandsFilterFunctionality_Laptop_20-01-31 - [verifyingTheBrandsFilterFunctionality_Laptop_20-01-31] Within productNameListingPage loop with product index 15and filter name Acer
20:02:35 [TestNG-test-Test-3] INFO  verifyingTheBrandsFilterFunctionality_Laptop_20-01-31 - [verifyingTheBrandsFilterFunctionality_Laptop_20-01-31] Creating 'result' Map for storing ,'brand','isValid','mismatches list' with map size ->3
20:02:35 [TestNG-test-Test-3] INFO  verifyingTheBrandsFilterFunctionality_Laptop_20-01-31 - [verifyingTheBrandsFilterFunctionality_Laptop_20-01-31] Adding 'result' with the data into 'allResults' i.e list of Map3
20:02:35 [TestNG-test-Test-3] INFO  verifyingTheBrandsFilterFunctionality_Laptop_20-01-31 - [verifyingTheBrandsFilterFunctionality_Laptop_20-01-31] Waiting until element is visible in viewport
20:02:35 [TestNG-test-Test-3] INFO  verifyingTheBrandsFilterFunctionality_Laptop_20-01-31 - [verifyingTheBrandsFilterFunctionality_Laptop_20-01-31] Within safeClick method
20:02:35 [TestNG-test-Test-3] INFO  verifyingTheBrandsFilterFunctionality_Laptop_20-01-31 - [verifyingTheBrandsFilterFunctionality_Laptop_20-01-31] Clicked the  [[ChromeDriver: chrome on windows (c1b772bc80a2c647b4de85f160029552)] -> xpath: //span[@class='a-size-base a-color-base' and text()='Clear']]   using safeClick
20:02:35 [TestNG-test-Test-3] INFO  verifyingTheBrandsFilterFunctionality_Laptop_20-01-31 - [verifyingTheBrandsFilterFunctionality_Laptop_20-01-31] Clicked clear button for the filter ->Acer
20:02:35 [TestNG-test-Test-3] INFO  verifyingTheBrandsFilterFunctionality_Laptop_20-01-31 - [verifyingTheBrandsFilterFunctionality_Laptop_20-01-31] Returning the allResults List of Maps containing the data
20:02:35 [TestNG-test-Test-3] INFO  verifyingTheBrandsFilterFunctionality_Laptop_20-01-31 - [verifyingTheBrandsFilterFunctionality_Laptop_20-01-31] All product titles matched for brand: 'ASUS'
20:02:35 [TestNG-test-Test-3] ERROR verifyingTheBrandsFilterFunctionality_Laptop_20-01-31 - [verifyingTheBrandsFilterFunctionality_Laptop_20-01-31] Brand validation failed for 'Acer'. 1 mismatches found.
20:02:35 [TestNG-test-Test-3] ERROR verifyingTheBrandsFilterFunctionality_Laptop_20-01-31 - [verifyingTheBrandsFilterFunctionality_Laptop_20-01-31]  Mismatch for 'Acer': â�Œ Index: 12, Brand: Acer, Title: 'Aspire Lite 13th Gen Intel Core i5-1334U, Office 2024 + M365 Basic, 16 GB RAM/512GB SSD, Full HD, 15.6"/39.62 cm, Win 11 Home, Backlit KB, Steel Gray, 1.59 KG, AL15-53, Metal Body, Thin & Light Laptop'
20:02:35 [TestNG-test-Test-3] INFO  verifyingTheBrandsFilterFunctionality_Laptop_20-01-31 - [verifyingTheBrandsFilterFunctionality_Laptop_20-01-31]  Asserting all soft assertions now...
