18:57:07 [TestNG-test-Test-3] INFO  verifyingGetItByTomorrowFilterFunctionality_Laptop_18-57-07 - No existing WebDriver found for current thread. Initializing a new ChromeDriver...
18:57:07 [TestNG-test-Test-3] INFO  verifyingGetItByTomorrowFilterFunctionality_Laptop_18-57-07 - WebDriverManager: chromedriver setup OK
18:57:09 [TestNG-test-Test-3] INFO  verifyingGetItByTomorrowFilterFunctionality_Laptop_18-57-07 - ChromeDriver initialized successfully for thread: 36
18:57:13 [TestNG-test-Test-3] INFO  verifyingGetItByTomorrowFilterFunctionality_Laptop_18-57-07 - [verifyingGetItByTomorrowFilterFunctionality_Laptop_18-57-07] Opening amazon Landing page
18:57:13 [TestNG-test-Test-3] INFO  verifyingGetItByTomorrowFilterFunctionality_Laptop_18-57-07 - [verifyingGetItByTomorrowFilterFunctionality_Laptop_18-57-07] Within safeFindElement method
18:57:13 [TestNG-test-Test-3] INFO  verifyingGetItByTomorrowFilterFunctionality_Laptop_18-57-07 - [verifyingGetItByTomorrowFilterFunctionality_Laptop_18-57-07]Found the element returning it ,element ->[[ChromeDriver: chrome on windows (37efc7dd0932b697902f206ba8aa23f6)] -> xpath: //a[@id='nav-logo-sprites']]
18:57:14 [TestNG-test-Test-3] INFO  verifyingGetItByTomorrowFilterFunctionality_Laptop_18-57-07 - [verifyingGetItByTomorrowFilterFunctionality_Laptop_18-57-07] Giving input within the search bar
18:57:14 [TestNG-test-Test-3] INFO  verifyingGetItByTomorrowFilterFunctionality_Laptop_18-57-07 - [verifyingGetItByTomorrowFilterFunctionality_Laptop_18-57-07] Within safeClick method
18:57:16 [TestNG-test-Test-3] INFO  verifyingGetItByTomorrowFilterFunctionality_Laptop_18-57-07 - [verifyingGetItByTomorrowFilterFunctionality_Laptop_18-57-07] Clicked the  [[ChromeDriver: chrome on windows (37efc7dd0932b697902f206ba8aa23f6)] -> xpath: //input[@id='nav-search-submit-button']]   using safeClick
18:57:16 [TestNG-test-Test-3] INFO  verifyingGetItByTomorrowFilterFunctionality_Laptop_18-57-07 - [verifyingGetItByTomorrowFilterFunctionality_Laptop_18-57-07] Clicking on the submit in the search bar
18:57:16 [TestNG-test-Test-3] INFO  verifyingGetItByTomorrowFilterFunctionality_Laptop_18-57-07 - [verifyingGetItByTomorrowFilterFunctionality_Laptop_18-57-07] Waiting until element is visible in viewport
18:57:16 [TestNG-test-Test-3] INFO  verifyingGetItByTomorrowFilterFunctionality_Laptop_18-57-07 - [verifyingGetItByTomorrowFilterFunctionality_Laptop_18-57-07] Within validateDeliveryFilterOptionsWithResult method
18:57:16 [TestNG-test-Test-3] INFO  verifyingGetItByTomorrowFilterFunctionality_Laptop_18-57-07 - [verifyingGetItByTomorrowFilterFunctionality_Laptop_18-57-07] Within safeClick method
18:57:17 [TestNG-test-Test-3] INFO  verifyingGetItByTomorrowFilterFunctionality_Laptop_18-57-07 - [verifyingGetItByTomorrowFilterFunctionality_Laptop_18-57-07] Clicked the  [[ChromeDriver: chrome on windows (37efc7dd0932b697902f206ba8aa23f6)] -> xpath: //span[@class='a-size-base a-color-base puis-bold-weight-text' and text()='Delivery Day']/parent::div/following-sibling::ul//span[@class='a-size-base a-color-base' and text()='Get It by Tomorrow']]   using safeClick
18:57:17 [TestNG-test-Test-3] INFO  verifyingGetItByTomorrowFilterFunctionality_Laptop_18-57-07 - [verifyingGetItByTomorrowFilterFunctionality_Laptop_18-57-07] Within getMoreButtonByFilterTypeAndName method
18:57:17 [TestNG-test-Test-3] INFO  verifyingGetItByTomorrowFilterFunctionality_Laptop_18-57-07 - [verifyingGetItByTomorrowFilterFunctionality_Laptop_18-57-07] Clicked on By.xpath: //span[@class='a-size-base a-color-base puis-bold-weight-text' and text()='Delivery Day']/parent::div/following-sibling::ul//span[@class='a-size-base a-color-base' and text()='Get It by Tomorrow']
18:57:17 [TestNG-test-Test-3] INFO  verifyingGetItByTomorrowFilterFunctionality_Laptop_18-57-07 - [verifyingGetItByTomorrowFilterFunctionality_Laptop_18-57-07] Within safeFindElements 
18:57:17 [TestNG-test-Test-3] INFO  verifyingGetItByTomorrowFilterFunctionality_Laptop_18-57-07 - [verifyingGetItByTomorrowFilterFunctionality_Laptop_18-57-07] Returning the  [[[ChromeDriver: chrome on windows (37efc7dd0932b697902f206ba8aa23f6)] -> xpath: //div[@class='a-section a-spacing-small a-spacing-top-small']], [[ChromeDriver: chrome on windows (37efc7dd0932b697902f206ba8aa23f6)] -> xpath: //div[@class='a-section a-spacing-small a-spacing-top-small']], [[ChromeDriver: chrome on windows (37efc7dd0932b697902f206ba8aa23f6)] -> xpath: //div[@class='a-section a-spacing-small a-spacing-top-small']], [[ChromeDriver: chrome on windows (37efc7dd0932b697902f206ba8aa23f6)] -> xpath: //div[@class='a-section a-spacing-small a-spacing-top-small']]] from the safeFindElements method
18:57:17 [TestNG-test-Test-3] INFO  verifyingGetItByTomorrowFilterFunctionality_Laptop_18-57-07 - [verifyingGetItByTomorrowFilterFunctionality_Laptop_18-57-07] Created hashset with required data to assert with Within validateDeliveryFilterOptions method
18:57:17 [TestNG-test-Test-3] INFO  verifyingGetItByTomorrowFilterFunctionality_Laptop_18-57-07 - [verifyingGetItByTomorrowFilterFunctionality_Laptop_18-57-07] this is the set  [22, Aug, Today, FREE delivery, Sat, Fri, Tomorrow, 21]
18:57:17 [TestNG-test-Test-3] INFO  verifyingGetItByTomorrowFilterFunctionality_Laptop_18-57-07 - [verifyingGetItByTomorrowFilterFunctionality_Laptop_18-57-07] Within deliveryElements loop iterating over the products  Within validateDeliveryFilterOptions method
18:57:17 [TestNG-test-Test-3] INFO  verifyingGetItByTomorrowFilterFunctionality_Laptop_18-57-07 - [verifyingGetItByTomorrowFilterFunctionality_Laptop_18-57-07] Checking if the allowedDateParts have the assert text   Within validateDeliveryFilterOptions method
18:57:17 [TestNG-test-Test-3] INFO  verifyingGetItByTomorrowFilterFunctionality_Laptop_18-57-07 - [verifyingGetItByTomorrowFilterFunctionality_Laptop_18-57-07] Within deliveryElements loop iterating over the products  Within validateDeliveryFilterOptions method
18:57:18 [TestNG-test-Test-3] INFO  verifyingGetItByTomorrowFilterFunctionality_Laptop_18-57-07 - [verifyingGetItByTomorrowFilterFunctionality_Laptop_18-57-07] Checking if the allowedDateParts have the assert text   Within validateDeliveryFilterOptions method
18:57:18 [TestNG-test-Test-3] INFO  verifyingGetItByTomorrowFilterFunctionality_Laptop_18-57-07 - [verifyingGetItByTomorrowFilterFunctionality_Laptop_18-57-07] Within deliveryElements loop iterating over the products  Within validateDeliveryFilterOptions method
18:57:18 [TestNG-test-Test-3] INFO  verifyingGetItByTomorrowFilterFunctionality_Laptop_18-57-07 - [verifyingGetItByTomorrowFilterFunctionality_Laptop_18-57-07] Checking if the allowedDateParts have the assert text   Within validateDeliveryFilterOptions method
18:57:18 [TestNG-test-Test-3] INFO  verifyingGetItByTomorrowFilterFunctionality_Laptop_18-57-07 - [verifyingGetItByTomorrowFilterFunctionality_Laptop_18-57-07] Within deliveryElements loop iterating over the products  Within validateDeliveryFilterOptions method
18:57:18 [TestNG-test-Test-3] INFO  verifyingGetItByTomorrowFilterFunctionality_Laptop_18-57-07 - [verifyingGetItByTomorrowFilterFunctionality_Laptop_18-57-07] Checking if the allowedDateParts have the assert text   Within validateDeliveryFilterOptions method
18:57:18 [TestNG-test-Test-3] INFO  verifyingGetItByTomorrowFilterFunctionality_Laptop_18-57-07 - [verifyingGetItByTomorrowFilterFunctionality_Laptop_18-57-07] Returning the list with boolean values   Within validateDeliveryFilterOptions method
18:57:18 [TestNG-test-Test-3] INFO  verifyingGetItByTomorrowFilterFunctionality_Laptop_18-57-07 - [verifyingGetItByTomorrowFilterFunctionality_Laptop_18-57-07] Asserting delivery filter: isValid=true, index=-1, text=All the things are valid no errors
