20:50:26 [TestNG-test-Test-3] INFO  verifyingPriceSilderFunctionality_20-50-26 - No existing WebDriver found for current thread. Initializing a new ChromeDriver...
20:50:26 [TestNG-test-Test-3] INFO  verifyingPriceSilderFunctionality_20-50-26 - WebDriverManager: chromedriver setup OK
20:50:27 [TestNG-test-Test-3] INFO  verifyingPriceSilderFunctionality_20-50-26 - ChromeDriver initialized successfully for thread: 36
20:50:31 [TestNG-test-Test-3] INFO  verifyingPriceSilderFunctionality_20-50-26 - [verifyingPriceSilderFunctionality_20-50-26] Opening amazon Landing page
20:50:32 [TestNG-test-Test-3] INFO  verifyingPriceSilderFunctionality_20-50-26 - [verifyingPriceSilderFunctionality_20-50-26] Within safeFindElement method
20:50:32 [TestNG-test-Test-3] INFO  verifyingPriceSilderFunctionality_20-50-26 - [verifyingPriceSilderFunctionality_20-50-26]Found the element returning it ,element ->[[ChromeDriver: chrome on windows (ca573ff1a4b0fff161c7c0900b363522)] -> xpath: //a[@id='nav-logo-sprites']]
20:50:33 [TestNG-test-Test-3] INFO  verifyingPriceSilderFunctionality_20-50-26 - [verifyingPriceSilderFunctionality_20-50-26] Giving input within the search bar
20:50:33 [TestNG-test-Test-3] INFO  verifyingPriceSilderFunctionality_20-50-26 - [verifyingPriceSilderFunctionality_20-50-26] Within safeClick method
20:50:36 [TestNG-test-Test-3] INFO  verifyingPriceSilderFunctionality_20-50-26 - [verifyingPriceSilderFunctionality_20-50-26] Clicked the  [[ChromeDriver: chrome on windows (ca573ff1a4b0fff161c7c0900b363522)] -> xpath: //input[@id='nav-search-submit-button']]   using safeClick
20:50:36 [TestNG-test-Test-3] INFO  verifyingPriceSilderFunctionality_20-50-26 - [verifyingPriceSilderFunctionality_20-50-26] Clicking on the submit in the search bar
20:50:36 [TestNG-test-Test-3] INFO  verifyingPriceSilderFunctionality_20-50-26 - [verifyingPriceSilderFunctionality_20-50-26] Within filterCheckUnderList method
20:50:36 [TestNG-test-Test-3] INFO  verifyingPriceSilderFunctionality_20-50-26 - [verifyingPriceSilderFunctionality_20-50-26] Found the Filter within the filter check List
20:50:36 [TestNG-test-Test-3] INFO  verifyingPriceSilderFunctionality_20-50-26 - [verifyingPriceSilderFunctionality_20-50-26] Within applyPriceSliderAndValidateWithResult method
20:50:36 [TestNG-test-Test-3] INFO  verifyingPriceSilderFunctionality_20-50-26 - [verifyingPriceSilderFunctionality_20-50-26] Within smoothScrollToElement method
20:50:36 [TestNG-test-Test-3] INFO  verifyingPriceSilderFunctionality_20-50-26 - [verifyingPriceSilderFunctionality_20-50-26] Within safeFindElement method
20:50:36 [TestNG-test-Test-3] INFO  verifyingPriceSilderFunctionality_20-50-26 - [verifyingPriceSilderFunctionality_20-50-26]Found the element returning it ,element ->[[ChromeDriver: chrome on windows (ca573ff1a4b0fff161c7c0900b363522)] -> id: p_36/range-slider_slider-item_lower-bound-slider]
20:50:36 [TestNG-test-Test-3] INFO  verifyingPriceSilderFunctionality_20-50-26 - [verifyingPriceSilderFunctionality_20-50-26] Successfully scrolled to element: By.id: p_36/range-slider_slider-item_lower-bound-slider
20:50:36 [TestNG-test-Test-3] INFO  verifyingPriceSilderFunctionality_20-50-26 - [verifyingPriceSilderFunctionality_20-50-26] Within safeFindElement method
20:50:36 [TestNG-test-Test-3] INFO  verifyingPriceSilderFunctionality_20-50-26 - [verifyingPriceSilderFunctionality_20-50-26]Found the element returning it ,element ->[[ChromeDriver: chrome on windows (ca573ff1a4b0fff161c7c0900b363522)] -> id: p_36/range-slider_slider-item_lower-bound-slider]
20:50:36 [TestNG-test-Test-3] INFO  verifyingPriceSilderFunctionality_20-50-26 - [verifyingPriceSilderFunctionality_20-50-26] Within safeFindElement method
20:50:36 [TestNG-test-Test-3] INFO  verifyingPriceSilderFunctionality_20-50-26 - [verifyingPriceSilderFunctionality_20-50-26]Found the element returning it ,element ->[[ChromeDriver: chrome on windows (ca573ff1a4b0fff161c7c0900b363522)] -> id: p_36/range-slider_slider-item_upper-bound-slider]
20:50:36 [TestNG-test-Test-3] INFO  verifyingPriceSilderFunctionality_20-50-26 - [verifyingPriceSilderFunctionality_20-50-26] in the setSliderValue method with value 61
20:50:36 [TestNG-test-Test-3] INFO  verifyingPriceSilderFunctionality_20-50-26 - [verifyingPriceSilderFunctionality_20-50-26] in the setSliderValue method with value 81
20:50:36 [TestNG-test-Test-3] INFO  verifyingPriceSilderFunctionality_20-50-26 - [verifyingPriceSilderFunctionality_20-50-26] Within safeFindElement method
20:50:36 [TestNG-test-Test-3] INFO  verifyingPriceSilderFunctionality_20-50-26 - [verifyingPriceSilderFunctionality_20-50-26]Found the element returning it ,element ->[[ChromeDriver: chrome on windows (ca573ff1a4b0fff161c7c0900b363522)] -> xpath: //label[@for='p_36/range-slider_slider-item_upper-bound-slider']]
20:50:36 [TestNG-test-Test-3] INFO  verifyingPriceSilderFunctionality_20-50-26 - [verifyingPriceSilderFunctionality_20-50-26] Within safeFindElement method
20:50:36 [TestNG-test-Test-3] INFO  verifyingPriceSilderFunctionality_20-50-26 - [verifyingPriceSilderFunctionality_20-50-26]Found the element returning it ,element ->[[ChromeDriver: chrome on windows (ca573ff1a4b0fff161c7c0900b363522)] -> xpath: //label[@for='p_36/range-slider_slider-item_lower-bound-slider']]
20:50:37 [TestNG-test-Test-3] INFO  verifyingPriceSilderFunctionality_20-50-26 - [verifyingPriceSilderFunctionality_20-50-26] Within smoothScrollToElement method
20:50:37 [TestNG-test-Test-3] INFO  verifyingPriceSilderFunctionality_20-50-26 - [verifyingPriceSilderFunctionality_20-50-26] Within safeFindElement method
20:50:38 [TestNG-test-Test-3] INFO  verifyingPriceSilderFunctionality_20-50-26 - [verifyingPriceSilderFunctionality_20-50-26]Found the element returning it ,element ->[[ChromeDriver: chrome on windows (ca573ff1a4b0fff161c7c0900b363522)] -> id: p_36/range-slider_slider-item_lower-bound-slider]
20:50:38 [TestNG-test-Test-3] INFO  verifyingPriceSilderFunctionality_20-50-26 - [verifyingPriceSilderFunctionality_20-50-26] Successfully scrolled to element: By.id: p_36/range-slider_slider-item_lower-bound-slider
20:50:38 [TestNG-test-Test-3] INFO  verifyingPriceSilderFunctionality_20-50-26 - [verifyingPriceSilderFunctionality_20-50-26] Adding the data 'min','max','isValid' ,'mismatches' to 'result' Map->81
20:50:38 [TestNG-test-Test-3] INFO  verifyingPriceSilderFunctionality_20-50-26 - [verifyingPriceSilderFunctionality_20-50-26] Adding the 'results'  Map to the master 'allResults' i.e is List of maps->81
20:50:38 [TestNG-test-Test-3] INFO  verifyingPriceSilderFunctionality_20-50-26 - [verifyingPriceSilderFunctionality_20-50-26] in the setSliderValue method with value 91
20:50:38 [TestNG-test-Test-3] INFO  verifyingPriceSilderFunctionality_20-50-26 - [verifyingPriceSilderFunctionality_20-50-26] in the setSliderValue method with value 121
20:50:38 [TestNG-test-Test-3] INFO  verifyingPriceSilderFunctionality_20-50-26 - [verifyingPriceSilderFunctionality_20-50-26] Within safeFindElement method
20:50:38 [TestNG-test-Test-3] INFO  verifyingPriceSilderFunctionality_20-50-26 - [verifyingPriceSilderFunctionality_20-50-26]Found the element returning it ,element ->[[ChromeDriver: chrome on windows (ca573ff1a4b0fff161c7c0900b363522)] -> xpath: //label[@for='p_36/range-slider_slider-item_upper-bound-slider']]
20:50:38 [TestNG-test-Test-3] INFO  verifyingPriceSilderFunctionality_20-50-26 - [verifyingPriceSilderFunctionality_20-50-26] Within safeFindElement method
20:50:38 [TestNG-test-Test-3] INFO  verifyingPriceSilderFunctionality_20-50-26 - [verifyingPriceSilderFunctionality_20-50-26]Found the element returning it ,element ->[[ChromeDriver: chrome on windows (ca573ff1a4b0fff161c7c0900b363522)] -> xpath: //label[@for='p_36/range-slider_slider-item_lower-bound-slider']]
20:50:39 [TestNG-test-Test-3] INFO  verifyingPriceSilderFunctionality_20-50-26 - [verifyingPriceSilderFunctionality_20-50-26] Within smoothScrollToElement method
20:50:39 [TestNG-test-Test-3] INFO  verifyingPriceSilderFunctionality_20-50-26 - [verifyingPriceSilderFunctionality_20-50-26] Within safeFindElement method
20:50:40 [TestNG-test-Test-3] INFO  verifyingPriceSilderFunctionality_20-50-26 - [verifyingPriceSilderFunctionality_20-50-26]Found the element returning it ,element ->[[ChromeDriver: chrome on windows (ca573ff1a4b0fff161c7c0900b363522)] -> id: p_36/range-slider_slider-item_lower-bound-slider]
20:50:40 [TestNG-test-Test-3] INFO  verifyingPriceSilderFunctionality_20-50-26 - [verifyingPriceSilderFunctionality_20-50-26] Successfully scrolled to element: By.id: p_36/range-slider_slider-item_lower-bound-slider
20:50:40 [TestNG-test-Test-3] INFO  verifyingPriceSilderFunctionality_20-50-26 - [verifyingPriceSilderFunctionality_20-50-26] Adding the data 'min','max','isValid' ,'mismatches' to 'result' Map->121
20:50:40 [TestNG-test-Test-3] INFO  verifyingPriceSilderFunctionality_20-50-26 - [verifyingPriceSilderFunctionality_20-50-26] Adding the 'results'  Map to the master 'allResults' i.e is List of maps->121
20:50:40 [TestNG-test-Test-3] INFO  verifyingPriceSilderFunctionality_20-50-26 - [verifyingPriceSilderFunctionality_20-50-26] in the setSliderValue method with value 131
20:50:40 [TestNG-test-Test-3] INFO  verifyingPriceSilderFunctionality_20-50-26 - [verifyingPriceSilderFunctionality_20-50-26] in the setSliderValue method with value 161
20:50:40 [TestNG-test-Test-3] INFO  verifyingPriceSilderFunctionality_20-50-26 - [verifyingPriceSilderFunctionality_20-50-26] Within safeFindElement method
20:50:40 [TestNG-test-Test-3] INFO  verifyingPriceSilderFunctionality_20-50-26 - [verifyingPriceSilderFunctionality_20-50-26]Found the element returning it ,element ->[[ChromeDriver: chrome on windows (ca573ff1a4b0fff161c7c0900b363522)] -> xpath: //label[@for='p_36/range-slider_slider-item_upper-bound-slider']]
20:50:40 [TestNG-test-Test-3] INFO  verifyingPriceSilderFunctionality_20-50-26 - [verifyingPriceSilderFunctionality_20-50-26] Within safeFindElement method
20:50:41 [TestNG-test-Test-3] INFO  verifyingPriceSilderFunctionality_20-50-26 - [verifyingPriceSilderFunctionality_20-50-26]Found the element returning it ,element ->[[ChromeDriver: chrome on windows (ca573ff1a4b0fff161c7c0900b363522)] -> xpath: //label[@for='p_36/range-slider_slider-item_lower-bound-slider']]
20:50:41 [TestNG-test-Test-3] INFO  verifyingPriceSilderFunctionality_20-50-26 - [verifyingPriceSilderFunctionality_20-50-26] Within smoothScrollToElement method
20:50:41 [TestNG-test-Test-3] INFO  verifyingPriceSilderFunctionality_20-50-26 - [verifyingPriceSilderFunctionality_20-50-26] Within safeFindElement method
20:50:42 [TestNG-test-Test-3] INFO  verifyingPriceSilderFunctionality_20-50-26 - [verifyingPriceSilderFunctionality_20-50-26]Found the element returning it ,element ->[[ChromeDriver: chrome on windows (ca573ff1a4b0fff161c7c0900b363522)] -> id: p_36/range-slider_slider-item_lower-bound-slider]
20:50:42 [TestNG-test-Test-3] INFO  verifyingPriceSilderFunctionality_20-50-26 - [verifyingPriceSilderFunctionality_20-50-26] Successfully scrolled to element: By.id: p_36/range-slider_slider-item_lower-bound-slider
20:50:42 [TestNG-test-Test-3] INFO  verifyingPriceSilderFunctionality_20-50-26 - [verifyingPriceSilderFunctionality_20-50-26] Adding the data 'min','max','isValid' ,'mismatches' to 'result' Map->161
20:50:42 [TestNG-test-Test-3] INFO  verifyingPriceSilderFunctionality_20-50-26 - [verifyingPriceSilderFunctionality_20-50-26] Adding the 'results'  Map to the master 'allResults' i.e is List of maps->161
20:50:42 [TestNG-test-Test-3] INFO  verifyingPriceSilderFunctionality_20-50-26 - [verifyingPriceSilderFunctionality_20-50-26] Returning the data here in the end
20:50:42 [TestNG-test-Test-3] INFO  verifyingPriceSilderFunctionality_20-50-26 - [verifyingPriceSilderFunctionality_20-50-26]  Price range validated successfully: 61 - 81
20:50:42 [TestNG-test-Test-3] INFO  verifyingPriceSilderFunctionality_20-50-26 - [verifyingPriceSilderFunctionality_20-50-26] ------------------------------------------------------------
20:50:42 [TestNG-test-Test-3] INFO  verifyingPriceSilderFunctionality_20-50-26 - [verifyingPriceSilderFunctionality_20-50-26]  Price range validated successfully: 91 - 121
20:50:42 [TestNG-test-Test-3] INFO  verifyingPriceSilderFunctionality_20-50-26 - [verifyingPriceSilderFunctionality_20-50-26] ------------------------------------------------------------
20:50:42 [TestNG-test-Test-3] INFO  verifyingPriceSilderFunctionality_20-50-26 - [verifyingPriceSilderFunctionality_20-50-26]  Price range validated successfully: 131 - 161
20:50:42 [TestNG-test-Test-3] INFO  verifyingPriceSilderFunctionality_20-50-26 - [verifyingPriceSilderFunctionality_20-50-26] ------------------------------------------------------------
20:50:42 [TestNG-test-Test-3] INFO  verifyingPriceSilderFunctionality_20-50-26 - [verifyingPriceSilderFunctionality_20-50-26]  Asserting all soft assertions now...
