19:12:43 [TestNG-test-Test-1] INFO  verifyingPriceSilderFunctionality_19-12-43 - No existing WebDriver found for current thread. Initializing a new ChromeDriver...
19:12:43 [TestNG-test-Test-1] INFO  verifyingPriceSilderFunctionality_19-12-43 - WebDriverManager: chromedriver setup OK
19:12:45 [TestNG-test-Test-1] INFO  verifyingPriceSilderFunctionality_19-12-43 - ChromeDriver initialized successfully for thread: 34
19:12:49 [TestNG-test-Test-1] INFO  verifyingPriceSilderFunctionality_19-12-43 - [verifyingPriceSilderFunctionality_19-12-43] Opening amazon Landing page
19:12:49 [TestNG-test-Test-1] INFO  verifyingPriceSilderFunctionality_19-12-43 - [verifyingPriceSilderFunctionality_19-12-43] Within safeFindElement method
19:12:49 [TestNG-test-Test-1] INFO  verifyingPriceSilderFunctionality_19-12-43 - [verifyingPriceSilderFunctionality_19-12-43]Found the element returning it ,element ->[[ChromeDriver: chrome on windows (95a4d3094f37207f9987376476c734c1)] -> xpath: //a[@id='nav-logo-sprites']]
19:12:54 [TestNG-test-Test-1] INFO  verifyingPriceSilderFunctionality_19-12-43 - [verifyingPriceSilderFunctionality_19-12-43] Giving input within the search bar
19:12:54 [TestNG-test-Test-1] INFO  verifyingPriceSilderFunctionality_19-12-43 - [verifyingPriceSilderFunctionality_19-12-43] Within safeClick method
19:12:56 [TestNG-test-Test-1] INFO  verifyingPriceSilderFunctionality_19-12-43 - [verifyingPriceSilderFunctionality_19-12-43] Clicked the  [[ChromeDriver: chrome on windows (95a4d3094f37207f9987376476c734c1)] -> xpath: //input[@id='nav-search-submit-button']]   using safeClick
19:12:56 [TestNG-test-Test-1] INFO  verifyingPriceSilderFunctionality_19-12-43 - [verifyingPriceSilderFunctionality_19-12-43] Clicking on the submit in the search bar
19:12:57 [TestNG-test-Test-1] INFO  verifyingPriceSilderFunctionality_19-12-43 - [verifyingPriceSilderFunctionality_19-12-43] Within filterCheckUnderList method
19:12:57 [TestNG-test-Test-1] INFO  verifyingPriceSilderFunctionality_19-12-43 - [verifyingPriceSilderFunctionality_19-12-43] Found the Filter within the filter check List
19:12:57 [TestNG-test-Test-1] INFO  verifyingPriceSilderFunctionality_19-12-43 - [verifyingPriceSilderFunctionality_19-12-43] Within applyPriceSliderAndValidateWithResult method
19:12:57 [TestNG-test-Test-1] INFO  verifyingPriceSilderFunctionality_19-12-43 - [verifyingPriceSilderFunctionality_19-12-43] Within smoothScrollToElement method
19:12:57 [TestNG-test-Test-1] INFO  verifyingPriceSilderFunctionality_19-12-43 - [verifyingPriceSilderFunctionality_19-12-43] Within safeFindElement method
19:12:57 [TestNG-test-Test-1] INFO  verifyingPriceSilderFunctionality_19-12-43 - [verifyingPriceSilderFunctionality_19-12-43]Found the element returning it ,element ->[[ChromeDriver: chrome on windows (95a4d3094f37207f9987376476c734c1)] -> id: p_36/range-slider_slider-item_lower-bound-slider]
19:12:57 [TestNG-test-Test-1] INFO  verifyingPriceSilderFunctionality_19-12-43 - [verifyingPriceSilderFunctionality_19-12-43] Successfully scrolled to element: By.id: p_36/range-slider_slider-item_lower-bound-slider
19:12:57 [TestNG-test-Test-1] INFO  verifyingPriceSilderFunctionality_19-12-43 - [verifyingPriceSilderFunctionality_19-12-43] Within safeFindElement method
19:12:57 [TestNG-test-Test-1] INFO  verifyingPriceSilderFunctionality_19-12-43 - [verifyingPriceSilderFunctionality_19-12-43]Found the element returning it ,element ->[[ChromeDriver: chrome on windows (95a4d3094f37207f9987376476c734c1)] -> id: p_36/range-slider_slider-item_lower-bound-slider]
19:12:57 [TestNG-test-Test-1] INFO  verifyingPriceSilderFunctionality_19-12-43 - [verifyingPriceSilderFunctionality_19-12-43] Within safeFindElement method
19:12:57 [TestNG-test-Test-1] INFO  verifyingPriceSilderFunctionality_19-12-43 - [verifyingPriceSilderFunctionality_19-12-43]Found the element returning it ,element ->[[ChromeDriver: chrome on windows (95a4d3094f37207f9987376476c734c1)] -> id: p_36/range-slider_slider-item_upper-bound-slider]
19:12:57 [TestNG-test-Test-1] INFO  verifyingPriceSilderFunctionality_19-12-43 - [verifyingPriceSilderFunctionality_19-12-43] in the setSliderValue method with value 61
19:12:57 [TestNG-test-Test-1] INFO  verifyingPriceSilderFunctionality_19-12-43 - [verifyingPriceSilderFunctionality_19-12-43] in the setSliderValue method with value 81
19:12:57 [TestNG-test-Test-1] INFO  verifyingPriceSilderFunctionality_19-12-43 - [verifyingPriceSilderFunctionality_19-12-43] Within safeFindElement method
19:12:57 [TestNG-test-Test-1] INFO  verifyingPriceSilderFunctionality_19-12-43 - [verifyingPriceSilderFunctionality_19-12-43]Found the element returning it ,element ->[[ChromeDriver: chrome on windows (95a4d3094f37207f9987376476c734c1)] -> xpath: //label[@for='p_36/range-slider_slider-item_upper-bound-slider']]
19:12:57 [TestNG-test-Test-1] INFO  verifyingPriceSilderFunctionality_19-12-43 - [verifyingPriceSilderFunctionality_19-12-43] Within safeFindElement method
19:12:57 [TestNG-test-Test-1] INFO  verifyingPriceSilderFunctionality_19-12-43 - [verifyingPriceSilderFunctionality_19-12-43]Found the element returning it ,element ->[[ChromeDriver: chrome on windows (95a4d3094f37207f9987376476c734c1)] -> xpath: //label[@for='p_36/range-slider_slider-item_lower-bound-slider']]
19:12:58 [TestNG-test-Test-1] INFO  verifyingPriceSilderFunctionality_19-12-43 - [verifyingPriceSilderFunctionality_19-12-43] Within smoothScrollToElement method
19:12:58 [TestNG-test-Test-1] INFO  verifyingPriceSilderFunctionality_19-12-43 - [verifyingPriceSilderFunctionality_19-12-43] Within safeFindElement method
19:12:59 [TestNG-test-Test-1] INFO  verifyingPriceSilderFunctionality_19-12-43 - [verifyingPriceSilderFunctionality_19-12-43]Found the element returning it ,element ->[[ChromeDriver: chrome on windows (95a4d3094f37207f9987376476c734c1)] -> id: p_36/range-slider_slider-item_lower-bound-slider]
19:12:59 [TestNG-test-Test-1] INFO  verifyingPriceSilderFunctionality_19-12-43 - [verifyingPriceSilderFunctionality_19-12-43] Successfully scrolled to element: By.id: p_36/range-slider_slider-item_lower-bound-slider
19:12:59 [TestNG-test-Test-1] INFO  verifyingPriceSilderFunctionality_19-12-43 - [verifyingPriceSilderFunctionality_19-12-43] Adding the data 'min','max','isValid' ,'mismatches' to 'result' Map->81
19:12:59 [TestNG-test-Test-1] INFO  verifyingPriceSilderFunctionality_19-12-43 - [verifyingPriceSilderFunctionality_19-12-43] Adding the 'results'  Map to the master 'allResults' i.e is List of maps->81
19:12:59 [TestNG-test-Test-1] INFO  verifyingPriceSilderFunctionality_19-12-43 - [verifyingPriceSilderFunctionality_19-12-43] in the setSliderValue method with value 91
19:12:59 [TestNG-test-Test-1] INFO  verifyingPriceSilderFunctionality_19-12-43 - [verifyingPriceSilderFunctionality_19-12-43] in the setSliderValue method with value 121
19:12:59 [TestNG-test-Test-1] INFO  verifyingPriceSilderFunctionality_19-12-43 - [verifyingPriceSilderFunctionality_19-12-43] Within safeFindElement method
19:12:59 [TestNG-test-Test-1] INFO  verifyingPriceSilderFunctionality_19-12-43 - [verifyingPriceSilderFunctionality_19-12-43]Found the element returning it ,element ->[[ChromeDriver: chrome on windows (95a4d3094f37207f9987376476c734c1)] -> xpath: //label[@for='p_36/range-slider_slider-item_upper-bound-slider']]
19:12:59 [TestNG-test-Test-1] INFO  verifyingPriceSilderFunctionality_19-12-43 - [verifyingPriceSilderFunctionality_19-12-43] Within safeFindElement method
19:12:59 [TestNG-test-Test-1] INFO  verifyingPriceSilderFunctionality_19-12-43 - [verifyingPriceSilderFunctionality_19-12-43]Found the element returning it ,element ->[[ChromeDriver: chrome on windows (95a4d3094f37207f9987376476c734c1)] -> xpath: //label[@for='p_36/range-slider_slider-item_lower-bound-slider']]
19:13:00 [TestNG-test-Test-1] INFO  verifyingPriceSilderFunctionality_19-12-43 - [verifyingPriceSilderFunctionality_19-12-43] Within smoothScrollToElement method
19:13:00 [TestNG-test-Test-1] INFO  verifyingPriceSilderFunctionality_19-12-43 - [verifyingPriceSilderFunctionality_19-12-43] Within safeFindElement method
19:13:01 [TestNG-test-Test-1] INFO  verifyingPriceSilderFunctionality_19-12-43 - [verifyingPriceSilderFunctionality_19-12-43]Found the element returning it ,element ->[[ChromeDriver: chrome on windows (95a4d3094f37207f9987376476c734c1)] -> id: p_36/range-slider_slider-item_lower-bound-slider]
19:13:01 [TestNG-test-Test-1] INFO  verifyingPriceSilderFunctionality_19-12-43 - [verifyingPriceSilderFunctionality_19-12-43] Successfully scrolled to element: By.id: p_36/range-slider_slider-item_lower-bound-slider
19:13:01 [TestNG-test-Test-1] INFO  verifyingPriceSilderFunctionality_19-12-43 - [verifyingPriceSilderFunctionality_19-12-43] Adding the data 'min','max','isValid' ,'mismatches' to 'result' Map->121
19:13:01 [TestNG-test-Test-1] INFO  verifyingPriceSilderFunctionality_19-12-43 - [verifyingPriceSilderFunctionality_19-12-43] Adding the 'results'  Map to the master 'allResults' i.e is List of maps->121
19:13:01 [TestNG-test-Test-1] INFO  verifyingPriceSilderFunctionality_19-12-43 - [verifyingPriceSilderFunctionality_19-12-43] in the setSliderValue method with value 131
19:13:01 [TestNG-test-Test-1] INFO  verifyingPriceSilderFunctionality_19-12-43 - [verifyingPriceSilderFunctionality_19-12-43] in the setSliderValue method with value 161
19:13:01 [TestNG-test-Test-1] INFO  verifyingPriceSilderFunctionality_19-12-43 - [verifyingPriceSilderFunctionality_19-12-43] Within safeFindElement method
19:13:01 [TestNG-test-Test-1] INFO  verifyingPriceSilderFunctionality_19-12-43 - [verifyingPriceSilderFunctionality_19-12-43]Found the element returning it ,element ->[[ChromeDriver: chrome on windows (95a4d3094f37207f9987376476c734c1)] -> xpath: //label[@for='p_36/range-slider_slider-item_upper-bound-slider']]
19:13:01 [TestNG-test-Test-1] INFO  verifyingPriceSilderFunctionality_19-12-43 - [verifyingPriceSilderFunctionality_19-12-43] Within safeFindElement method
19:13:01 [TestNG-test-Test-1] INFO  verifyingPriceSilderFunctionality_19-12-43 - [verifyingPriceSilderFunctionality_19-12-43]Found the element returning it ,element ->[[ChromeDriver: chrome on windows (95a4d3094f37207f9987376476c734c1)] -> xpath: //label[@for='p_36/range-slider_slider-item_lower-bound-slider']]
19:13:02 [TestNG-test-Test-1] INFO  verifyingPriceSilderFunctionality_19-12-43 - [verifyingPriceSilderFunctionality_19-12-43] Within smoothScrollToElement method
19:13:02 [TestNG-test-Test-1] INFO  verifyingPriceSilderFunctionality_19-12-43 - [verifyingPriceSilderFunctionality_19-12-43] Within safeFindElement method
19:13:03 [TestNG-test-Test-1] INFO  verifyingPriceSilderFunctionality_19-12-43 - [verifyingPriceSilderFunctionality_19-12-43]Found the element returning it ,element ->[[ChromeDriver: chrome on windows (95a4d3094f37207f9987376476c734c1)] -> id: p_36/range-slider_slider-item_lower-bound-slider]
19:13:03 [TestNG-test-Test-1] INFO  verifyingPriceSilderFunctionality_19-12-43 - [verifyingPriceSilderFunctionality_19-12-43] Successfully scrolled to element: By.id: p_36/range-slider_slider-item_lower-bound-slider
19:13:03 [TestNG-test-Test-1] INFO  verifyingPriceSilderFunctionality_19-12-43 - [verifyingPriceSilderFunctionality_19-12-43] Adding the data 'min','max','isValid' ,'mismatches' to 'result' Map->161
19:13:03 [TestNG-test-Test-1] INFO  verifyingPriceSilderFunctionality_19-12-43 - [verifyingPriceSilderFunctionality_19-12-43] Adding the 'results'  Map to the master 'allResults' i.e is List of maps->161
19:13:03 [TestNG-test-Test-1] INFO  verifyingPriceSilderFunctionality_19-12-43 - [verifyingPriceSilderFunctionality_19-12-43] Returning the data here in the end
19:13:03 [TestNG-test-Test-1] INFO  verifyingPriceSilderFunctionality_19-12-43 - [verifyingPriceSilderFunctionality_19-12-43]  Price range validated successfully: 61 - 81
19:13:03 [TestNG-test-Test-1] INFO  verifyingPriceSilderFunctionality_19-12-43 - [verifyingPriceSilderFunctionality_19-12-43] ------------------------------------------------------------
19:13:03 [TestNG-test-Test-1] INFO  verifyingPriceSilderFunctionality_19-12-43 - [verifyingPriceSilderFunctionality_19-12-43]  Price range validated successfully: 91 - 121
19:13:03 [TestNG-test-Test-1] INFO  verifyingPriceSilderFunctionality_19-12-43 - [verifyingPriceSilderFunctionality_19-12-43] ------------------------------------------------------------
19:13:03 [TestNG-test-Test-1] INFO  verifyingPriceSilderFunctionality_19-12-43 - [verifyingPriceSilderFunctionality_19-12-43]  Price range validated successfully: 131 - 161
19:13:03 [TestNG-test-Test-1] INFO  verifyingPriceSilderFunctionality_19-12-43 - [verifyingPriceSilderFunctionality_19-12-43] ------------------------------------------------------------
19:13:03 [TestNG-test-Test-1] INFO  verifyingPriceSilderFunctionality_19-12-43 - [verifyingPriceSilderFunctionality_19-12-43]  Asserting all soft assertions now...
