20:33:14 [TestNG-test-Test-3] INFO  verifyingGetItByTomorrowFilterFunctionality_Mobile_20-33-14 - No existing WebDriver found for current thread. Initializing a new ChromeDriver...
20:33:14 [TestNG-test-Test-3] INFO  verifyingGetItByTomorrowFilterFunctionality_Mobile_20-33-14 - WebDriverManager: chromedriver setup OK
20:33:15 [TestNG-test-Test-3] INFO  verifyingGetItByTomorrowFilterFunctionality_Mobile_20-33-14 - ChromeDriver initialized successfully for thread: 36
20:33:16 [TestNG-test-Test-3] INFO  verifyingGetItByTomorrowFilterFunctionality_Mobile_20-33-14 - [verifyingGetItByTomorrowFilterFunctionality_Mobile_20-33-14] Opening amazon Landing page
20:33:16 [TestNG-test-Test-3] INFO  verifyingGetItByTomorrowFilterFunctionality_Mobile_20-33-14 - [verifyingGetItByTomorrowFilterFunctionality_Mobile_20-33-14] Within safeFindElement method
20:33:18 [TestNG-test-Test-3] INFO  verifyingGetItByTomorrowFilterFunctionality_Mobile_20-33-14 - [verifyingGetItByTomorrowFilterFunctionality_Mobile_20-33-14]Found the element returning it ,element ->[[ChromeDriver: chrome on windows (182767179a97a0df1134b1754bb66374)] -> xpath: //a[@id='nav-logo-sprites']]
20:33:19 [TestNG-test-Test-3] INFO  verifyingGetItByTomorrowFilterFunctionality_Mobile_20-33-14 - [verifyingGetItByTomorrowFilterFunctionality_Mobile_20-33-14] Giving input within the search bar
20:33:19 [TestNG-test-Test-3] INFO  verifyingGetItByTomorrowFilterFunctionality_Mobile_20-33-14 - [verifyingGetItByTomorrowFilterFunctionality_Mobile_20-33-14] Within safeClick method
20:33:22 [TestNG-test-Test-3] INFO  verifyingGetItByTomorrowFilterFunctionality_Mobile_20-33-14 - [verifyingGetItByTomorrowFilterFunctionality_Mobile_20-33-14] Clicked the  [[ChromeDriver: chrome on windows (182767179a97a0df1134b1754bb66374)] -> xpath: //input[@id='nav-search-submit-button']]   using safeClick
20:33:22 [TestNG-test-Test-3] INFO  verifyingGetItByTomorrowFilterFunctionality_Mobile_20-33-14 - [verifyingGetItByTomorrowFilterFunctionality_Mobile_20-33-14] Clicking on the submit in the search bar
20:33:23 [TestNG-test-Test-3] INFO  verifyingGetItByTomorrowFilterFunctionality_Mobile_20-33-14 - [verifyingGetItByTomorrowFilterFunctionality_Mobile_20-33-14] Waiting until element is visible in viewport
20:33:23 [TestNG-test-Test-3] INFO  verifyingGetItByTomorrowFilterFunctionality_Mobile_20-33-14 - [verifyingGetItByTomorrowFilterFunctionality_Mobile_20-33-14] Within validateDeliveryFilterOptionsWithResult method
20:33:23 [TestNG-test-Test-3] INFO  verifyingGetItByTomorrowFilterFunctionality_Mobile_20-33-14 - [verifyingGetItByTomorrowFilterFunctionality_Mobile_20-33-14] Within safeClick method
20:33:24 [TestNG-test-Test-3] INFO  verifyingGetItByTomorrowFilterFunctionality_Mobile_20-33-14 - [verifyingGetItByTomorrowFilterFunctionality_Mobile_20-33-14] Clicked the  [[ChromeDriver: chrome on windows (182767179a97a0df1134b1754bb66374)] -> xpath: //span[@class='a-size-base a-color-base puis-bold-weight-text' and text()='Delivery Day']/parent::div/following-sibling::ul//span[@class='a-size-base a-color-base' and text()='Get It by Tomorrow']]   using safeClick
20:33:24 [TestNG-test-Test-3] INFO  verifyingGetItByTomorrowFilterFunctionality_Mobile_20-33-14 - [verifyingGetItByTomorrowFilterFunctionality_Mobile_20-33-14] Within getMoreButtonByFilterTypeAndName method
20:33:24 [TestNG-test-Test-3] INFO  verifyingGetItByTomorrowFilterFunctionality_Mobile_20-33-14 - [verifyingGetItByTomorrowFilterFunctionality_Mobile_20-33-14] Clicked on By.xpath: //span[@class='a-size-base a-color-base puis-bold-weight-text' and text()='Delivery Day']/parent::div/following-sibling::ul//span[@class='a-size-base a-color-base' and text()='Get It by Tomorrow']
20:33:24 [TestNG-test-Test-3] INFO  verifyingGetItByTomorrowFilterFunctionality_Mobile_20-33-14 - [verifyingGetItByTomorrowFilterFunctionality_Mobile_20-33-14] Within safeFindElements 
20:33:25 [TestNG-test-Test-3] INFO  verifyingGetItByTomorrowFilterFunctionality_Mobile_20-33-14 - [verifyingGetItByTomorrowFilterFunctionality_Mobile_20-33-14] Returning the  [[[ChromeDriver: chrome on windows (182767179a97a0df1134b1754bb66374)] -> xpath: //div[@class='a-section a-spacing-small a-spacing-top-small']], [[ChromeDriver: chrome on windows (182767179a97a0df1134b1754bb66374)] -> xpath: //div[@class='a-section a-spacing-small a-spacing-top-small']], [[ChromeDriver: chrome on windows (182767179a97a0df1134b1754bb66374)] -> xpath: //div[@class='a-section a-spacing-small a-spacing-top-small']], [[ChromeDriver: chrome on windows (182767179a97a0df1134b1754bb66374)] -> xpath: //div[@class='a-section a-spacing-small a-spacing-top-small']]] from the safeFindElements method
20:33:25 [TestNG-test-Test-3] INFO  verifyingGetItByTomorrowFilterFunctionality_Mobile_20-33-14 - [verifyingGetItByTomorrowFilterFunctionality_Mobile_20-33-14] Created hashset with required data to assert with Within validateDeliveryFilterOptionsWithResult method
20:33:25 [TestNG-test-Test-3] INFO  verifyingGetItByTomorrowFilterFunctionality_Mobile_20-33-14 - [verifyingGetItByTomorrowFilterFunctionality_Mobile_20-33-14] this is the set  [Oct, Today, 03, 04, FREE delivery, Sat, Sun, Tomorrow]
20:33:25 [TestNG-test-Test-3] INFO  verifyingGetItByTomorrowFilterFunctionality_Mobile_20-33-14 - [verifyingGetItByTomorrowFilterFunctionality_Mobile_20-33-14] Within deliveryElements loop iterating over the products  Within validateDeliveryFilterOptionsWithResult method
20:33:25 [TestNG-test-Test-3] INFO  verifyingGetItByTomorrowFilterFunctionality_Mobile_20-33-14 - [verifyingGetItByTomorrowFilterFunctionality_Mobile_20-33-14] Checking if the allowedDateParts have the assert text — index 0, text: iQOO Z10 Lite 5G (Titanium Blue 2026, 4GB RAM, 64GB Storage) | Dimensity 6300 5G Processor | 50MP Sony AI Camera | 6000 mAh Battery | IP64 Rated & Military Grade Shock-Resistance*
4.2
(474)
1K+ bought in past month
Sale Price Live
₹16,997
M.R.P:
₹27,999 (39% off)
Up to 5% back with Amazon Pay ICICI card
FREE delivery Tue, 6 Oct
Or fastest delivery Today 4 pm - 8 pm
Add to cart
20:33:25 [TestNG-test-Test-3] INFO  verifyingGetItByTomorrowFilterFunctionality_Mobile_20-33-14 - [verifyingGetItByTomorrowFilterFunctionality_Mobile_20-33-14] Within deliveryElements loop iterating over the products  Within validateDeliveryFilterOptionsWithResult method
20:33:25 [TestNG-test-Test-3] INFO  verifyingGetItByTomorrowFilterFunctionality_Mobile_20-33-14 - [verifyingGetItByTomorrowFilterFunctionality_Mobile_20-33-14] Checking if the allowedDateParts have the assert text — index 1, text: OnePlus N6 Lite | 4GB+64GB | Neo Green | Massive 7000mAh Long-Lasting Battery | 120Hz Ultra Smooth Display | 36 Months Fast & Smooth | Military-Grade Durability
4.1
(23)
Limited time deal
₹16,999
M.R.P:
₹24,999 (32% off)
Up to 5% back with Amazon Pay ICI...
FREE delivery Tue, 6 Oct
Or fastest delivery Today 4 pm - 8 pm
Add to cart
20:33:25 [TestNG-test-Test-3] INFO  verifyingGetItByTomorrowFilterFunctionality_Mobile_20-33-14 - [verifyingGetItByTomorrowFilterFunctionality_Mobile_20-33-14] Within deliveryElements loop iterating over the products  Within validateDeliveryFilterOptionsWithResult method
20:33:26 [TestNG-test-Test-3] INFO  verifyingGetItByTomorrowFilterFunctionality_Mobile_20-33-14 - [verifyingGetItByTomorrowFilterFunctionality_Mobile_20-33-14] Checking if the allowedDateParts have the assert text — index 2, text: OnePlus 13s | Snapdragon® 8 Elite | Smarter with OnePlus AI | Lifetime Display Warranty | 12GB+512GB | Green Silk
4.6
(583)
200+ bought in past month
₹59,999
M.R.P:
₹62,999 (5% off)
Up to 5% back with Amazon Pay ICI...
FREE delivery Tue, 6 Oct
Or fastest delivery Today 4 pm - 8 pm
Add to cart
20:33:26 [TestNG-test-Test-3] INFO  verifyingGetItByTomorrowFilterFunctionality_Mobile_20-33-14 - [verifyingGetItByTomorrowFilterFunctionality_Mobile_20-33-14] Within deliveryElements loop iterating over the products  Within validateDeliveryFilterOptionsWithResult method
20:33:26 [TestNG-test-Test-3] INFO  verifyingGetItByTomorrowFilterFunctionality_Mobile_20-33-14 - [verifyingGetItByTomorrowFilterFunctionality_Mobile_20-33-14] Checking if the allowedDateParts have the assert text — index 3, text: Redmi 15C 5G Prime Edition (Midnight Black, 6GB + 128GB) | Massive 6000mAh Battery | Segment's Largest 17.53cm Display Up to 120Hz | MediaTek Dimensity 6300 | 33W Fast Charging | 50MP AI Dual Camera
4.1
(614)
1K+ bought in past month
Limited time deal
₹19,499
M.R.P:
₹31,999 (39% off)
Up to 5% back with Amazon Pay ICI...
FREE delivery Tue, 6 Oct
Or fastest delivery Today 4 pm - 8 pm
Add to cart
20:33:26 [TestNG-test-Test-3] INFO  verifyingGetItByTomorrowFilterFunctionality_Mobile_20-33-14 - [verifyingGetItByTomorrowFilterFunctionality_Mobile_20-33-14] Returning the list with boolean values   Within validateDeliveryFilterOptionsWithResult method
20:33:26 [TestNG-test-Test-3] INFO  verifyingGetItByTomorrowFilterFunctionality_Mobile_20-33-14 - [verifyingGetItByTomorrowFilterFunctionality_Mobile_20-33-14] Asserting delivery filter: isValid=true, index=-1, text=All the things are valid no errors
