20:17:02 [TestNG-test-Test-3] INFO  verifyingGetItByTomorrowFilterFunctionality_Tablet_20-17-02 - No existing WebDriver found for current thread. Initializing a new ChromeDriver...
20:17:02 [TestNG-test-Test-3] INFO  verifyingGetItByTomorrowFilterFunctionality_Tablet_20-17-02 - WebDriverManager: chromedriver setup OK
20:17:03 [TestNG-test-Test-3] INFO  verifyingGetItByTomorrowFilterFunctionality_Tablet_20-17-02 - ChromeDriver initialized successfully for thread: 36
20:17:04 [TestNG-test-Test-3] INFO  verifyingGetItByTomorrowFilterFunctionality_Tablet_20-17-02 - [verifyingGetItByTomorrowFilterFunctionality_Tablet_20-17-02] Opening amazon Landing page
20:17:04 [TestNG-test-Test-3] INFO  verifyingGetItByTomorrowFilterFunctionality_Tablet_20-17-02 - [verifyingGetItByTomorrowFilterFunctionality_Tablet_20-17-02] Within safeFindElement method
20:17:08 [TestNG-test-Test-3] INFO  verifyingGetItByTomorrowFilterFunctionality_Tablet_20-17-02 - [verifyingGetItByTomorrowFilterFunctionality_Tablet_20-17-02]Found the element returning it ,element ->[[ChromeDriver: chrome on windows (4de98089481a68f276d68317f445d77d)] -> xpath: //a[@id='nav-logo-sprites']]
20:17:09 [TestNG-test-Test-3] INFO  verifyingGetItByTomorrowFilterFunctionality_Tablet_20-17-02 - [verifyingGetItByTomorrowFilterFunctionality_Tablet_20-17-02] Giving input within the search bar
20:17:09 [TestNG-test-Test-3] INFO  verifyingGetItByTomorrowFilterFunctionality_Tablet_20-17-02 - [verifyingGetItByTomorrowFilterFunctionality_Tablet_20-17-02] Within safeClick method
20:17:11 [TestNG-test-Test-3] INFO  verifyingGetItByTomorrowFilterFunctionality_Tablet_20-17-02 - [verifyingGetItByTomorrowFilterFunctionality_Tablet_20-17-02] Clicked the  [[ChromeDriver: chrome on windows (4de98089481a68f276d68317f445d77d)] -> xpath: //input[@id='nav-search-submit-button']]   using safeClick
20:17:11 [TestNG-test-Test-3] INFO  verifyingGetItByTomorrowFilterFunctionality_Tablet_20-17-02 - [verifyingGetItByTomorrowFilterFunctionality_Tablet_20-17-02] Clicking on the submit in the search bar
20:17:11 [TestNG-test-Test-3] INFO  verifyingGetItByTomorrowFilterFunctionality_Tablet_20-17-02 - [verifyingGetItByTomorrowFilterFunctionality_Tablet_20-17-02] Waiting until element is visible in viewport
20:17:11 [TestNG-test-Test-3] INFO  verifyingGetItByTomorrowFilterFunctionality_Tablet_20-17-02 - [verifyingGetItByTomorrowFilterFunctionality_Tablet_20-17-02] Within validateDeliveryFilterOptionsWithResult method
20:17:11 [TestNG-test-Test-3] INFO  verifyingGetItByTomorrowFilterFunctionality_Tablet_20-17-02 - [verifyingGetItByTomorrowFilterFunctionality_Tablet_20-17-02] Within safeClick method
20:17:12 [TestNG-test-Test-3] INFO  verifyingGetItByTomorrowFilterFunctionality_Tablet_20-17-02 - [verifyingGetItByTomorrowFilterFunctionality_Tablet_20-17-02] Clicked the  [[ChromeDriver: chrome on windows (4de98089481a68f276d68317f445d77d)] -> xpath: //span[@class='a-size-base a-color-base puis-bold-weight-text' and text()='Delivery Day']/parent::div/following-sibling::ul//span[@class='a-size-base a-color-base' and text()='Get It by Tomorrow']]   using safeClick
20:17:12 [TestNG-test-Test-3] INFO  verifyingGetItByTomorrowFilterFunctionality_Tablet_20-17-02 - [verifyingGetItByTomorrowFilterFunctionality_Tablet_20-17-02] Within getMoreButtonByFilterTypeAndName method
20:17:12 [TestNG-test-Test-3] INFO  verifyingGetItByTomorrowFilterFunctionality_Tablet_20-17-02 - [verifyingGetItByTomorrowFilterFunctionality_Tablet_20-17-02] Clicked on By.xpath: //span[@class='a-size-base a-color-base puis-bold-weight-text' and text()='Delivery Day']/parent::div/following-sibling::ul//span[@class='a-size-base a-color-base' and text()='Get It by Tomorrow']
20:17:12 [TestNG-test-Test-3] INFO  verifyingGetItByTomorrowFilterFunctionality_Tablet_20-17-02 - [verifyingGetItByTomorrowFilterFunctionality_Tablet_20-17-02] Within safeFindElements 
20:17:13 [TestNG-test-Test-3] INFO  verifyingGetItByTomorrowFilterFunctionality_Tablet_20-17-02 - [verifyingGetItByTomorrowFilterFunctionality_Tablet_20-17-02] Returning the  [[[ChromeDriver: chrome on windows (4de98089481a68f276d68317f445d77d)] -> xpath: //div[@class='a-section a-spacing-small a-spacing-top-small']], [[ChromeDriver: chrome on windows (4de98089481a68f276d68317f445d77d)] -> xpath: //div[@class='a-section a-spacing-small a-spacing-top-small']], [[ChromeDriver: chrome on windows (4de98089481a68f276d68317f445d77d)] -> xpath: //div[@class='a-section a-spacing-small a-spacing-top-small']], [[ChromeDriver: chrome on windows (4de98089481a68f276d68317f445d77d)] -> xpath: //div[@class='a-section a-spacing-small a-spacing-top-small']], [[ChromeDriver: chrome on windows (4de98089481a68f276d68317f445d77d)] -> xpath: //div[@class='a-section a-spacing-small a-spacing-top-small']], [[ChromeDriver: chrome on windows (4de98089481a68f276d68317f445d77d)] -> xpath: //div[@class='a-section a-spacing-small a-spacing-top-small']], [[ChromeDriver: chrome on windows (4de98089481a68f276d68317f445d77d)] -> xpath: //div[@class='a-section a-spacing-small a-spacing-top-small']], [[ChromeDriver: chrome on windows (4de98089481a68f276d68317f445d77d)] -> xpath: //div[@class='a-section a-spacing-small a-spacing-top-small']], [[ChromeDriver: chrome on windows (4de98089481a68f276d68317f445d77d)] -> xpath: //div[@class='a-section a-spacing-small a-spacing-top-small']], [[ChromeDriver: chrome on windows (4de98089481a68f276d68317f445d77d)] -> xpath: //div[@class='a-section a-spacing-small a-spacing-top-small']], [[ChromeDriver: chrome on windows (4de98089481a68f276d68317f445d77d)] -> xpath: //div[@class='a-section a-spacing-small a-spacing-top-small']], [[ChromeDriver: chrome on windows (4de98089481a68f276d68317f445d77d)] -> xpath: //div[@class='a-section a-spacing-small a-spacing-top-small']], [[ChromeDriver: chrome on windows (4de98089481a68f276d68317f445d77d)] -> xpath: //div[@class='a-section a-spacing-small a-spacing-top-small']], [[ChromeDriver: chrome on windows (4de98089481a68f276d68317f445d77d)] -> xpath: //div[@class='a-section a-spacing-small a-spacing-top-small']], [[ChromeDriver: chrome on windows (4de98089481a68f276d68317f445d77d)] -> xpath: //div[@class='a-section a-spacing-small a-spacing-top-small']], [[ChromeDriver: chrome on windows (4de98089481a68f276d68317f445d77d)] -> xpath: //div[@class='a-section a-spacing-small a-spacing-top-small']]] from the safeFindElements method
20:17:13 [TestNG-test-Test-3] INFO  verifyingGetItByTomorrowFilterFunctionality_Tablet_20-17-02 - [verifyingGetItByTomorrowFilterFunctionality_Tablet_20-17-02] Created hashset with required data to assert with Within validateDeliveryFilterOptions method
20:17:13 [TestNG-test-Test-3] INFO  verifyingGetItByTomorrowFilterFunctionality_Tablet_20-17-02 - [verifyingGetItByTomorrowFilterFunctionality_Tablet_20-17-02] this is the set  [23, Jun, 24, Today, Tue, FREE delivery, Wed, Tomorrow]
20:17:13 [TestNG-test-Test-3] INFO  verifyingGetItByTomorrowFilterFunctionality_Tablet_20-17-02 - [verifyingGetItByTomorrowFilterFunctionality_Tablet_20-17-02] Within deliveryElements loop iterating over the products  Within validateDeliveryFilterOptions method
20:17:13 [TestNG-test-Test-3] INFO  verifyingGetItByTomorrowFilterFunctionality_Tablet_20-17-02 - [verifyingGetItByTomorrowFilterFunctionality_Tablet_20-17-02] Checking if the allowedDateParts have the assert text   Within validateDeliveryFilterOptions method
20:17:13 [TestNG-test-Test-3] INFO  verifyingGetItByTomorrowFilterFunctionality_Tablet_20-17-02 - [verifyingGetItByTomorrowFilterFunctionality_Tablet_20-17-02] Within deliveryElements loop iterating over the products  Within validateDeliveryFilterOptions method
20:17:13 [TestNG-test-Test-3] INFO  verifyingGetItByTomorrowFilterFunctionality_Tablet_20-17-02 - [verifyingGetItByTomorrowFilterFunctionality_Tablet_20-17-02] Checking if the allowedDateParts have the assert text   Within validateDeliveryFilterOptions method
20:17:13 [TestNG-test-Test-3] INFO  verifyingGetItByTomorrowFilterFunctionality_Tablet_20-17-02 - [verifyingGetItByTomorrowFilterFunctionality_Tablet_20-17-02] Within deliveryElements loop iterating over the products  Within validateDeliveryFilterOptions method
20:17:13 [TestNG-test-Test-3] INFO  verifyingGetItByTomorrowFilterFunctionality_Tablet_20-17-02 - [verifyingGetItByTomorrowFilterFunctionality_Tablet_20-17-02] Checking if the allowedDateParts have the assert text   Within validateDeliveryFilterOptions method
20:17:13 [TestNG-test-Test-3] INFO  verifyingGetItByTomorrowFilterFunctionality_Tablet_20-17-02 - [verifyingGetItByTomorrowFilterFunctionality_Tablet_20-17-02] Within deliveryElements loop iterating over the products  Within validateDeliveryFilterOptions method
20:17:13 [TestNG-test-Test-3] INFO  verifyingGetItByTomorrowFilterFunctionality_Tablet_20-17-02 - [verifyingGetItByTomorrowFilterFunctionality_Tablet_20-17-02] Checking if the allowedDateParts have the assert text   Within validateDeliveryFilterOptions method
20:17:13 [TestNG-test-Test-3] INFO  verifyingGetItByTomorrowFilterFunctionality_Tablet_20-17-02 - [verifyingGetItByTomorrowFilterFunctionality_Tablet_20-17-02] Within deliveryElements loop iterating over the products  Within validateDeliveryFilterOptions method
20:17:13 [TestNG-test-Test-3] INFO  verifyingGetItByTomorrowFilterFunctionality_Tablet_20-17-02 - [verifyingGetItByTomorrowFilterFunctionality_Tablet_20-17-02] Checking if the allowedDateParts have the assert text   Within validateDeliveryFilterOptions method
20:17:13 [TestNG-test-Test-3] INFO  verifyingGetItByTomorrowFilterFunctionality_Tablet_20-17-02 - [verifyingGetItByTomorrowFilterFunctionality_Tablet_20-17-02] Within deliveryElements loop iterating over the products  Within validateDeliveryFilterOptions method
20:17:13 [TestNG-test-Test-3] INFO  verifyingGetItByTomorrowFilterFunctionality_Tablet_20-17-02 - [verifyingGetItByTomorrowFilterFunctionality_Tablet_20-17-02] Checking if the allowedDateParts have the assert text   Within validateDeliveryFilterOptions method
20:17:13 [TestNG-test-Test-3] INFO  verifyingGetItByTomorrowFilterFunctionality_Tablet_20-17-02 - [verifyingGetItByTomorrowFilterFunctionality_Tablet_20-17-02] Within deliveryElements loop iterating over the products  Within validateDeliveryFilterOptions method
20:17:13 [TestNG-test-Test-3] INFO  verifyingGetItByTomorrowFilterFunctionality_Tablet_20-17-02 - [verifyingGetItByTomorrowFilterFunctionality_Tablet_20-17-02] Checking if the allowedDateParts have the assert text   Within validateDeliveryFilterOptions method
20:17:13 [TestNG-test-Test-3] INFO  verifyingGetItByTomorrowFilterFunctionality_Tablet_20-17-02 - [verifyingGetItByTomorrowFilterFunctionality_Tablet_20-17-02] Within deliveryElements loop iterating over the products  Within validateDeliveryFilterOptions method
20:17:13 [TestNG-test-Test-3] INFO  verifyingGetItByTomorrowFilterFunctionality_Tablet_20-17-02 - [verifyingGetItByTomorrowFilterFunctionality_Tablet_20-17-02] Checking if the allowedDateParts have the assert text   Within validateDeliveryFilterOptions method
20:17:13 [TestNG-test-Test-3] INFO  verifyingGetItByTomorrowFilterFunctionality_Tablet_20-17-02 - [verifyingGetItByTomorrowFilterFunctionality_Tablet_20-17-02] Within deliveryElements loop iterating over the products  Within validateDeliveryFilterOptions method
20:17:13 [TestNG-test-Test-3] INFO  verifyingGetItByTomorrowFilterFunctionality_Tablet_20-17-02 - [verifyingGetItByTomorrowFilterFunctionality_Tablet_20-17-02] Checking if the allowedDateParts have the assert text   Within validateDeliveryFilterOptions method
20:17:13 [TestNG-test-Test-3] INFO  verifyingGetItByTomorrowFilterFunctionality_Tablet_20-17-02 - [verifyingGetItByTomorrowFilterFunctionality_Tablet_20-17-02] Within deliveryElements loop iterating over the products  Within validateDeliveryFilterOptions method
20:17:13 [TestNG-test-Test-3] INFO  verifyingGetItByTomorrowFilterFunctionality_Tablet_20-17-02 - [verifyingGetItByTomorrowFilterFunctionality_Tablet_20-17-02] Checking if the allowedDateParts have the assert text   Within validateDeliveryFilterOptions method
20:17:13 [TestNG-test-Test-3] INFO  verifyingGetItByTomorrowFilterFunctionality_Tablet_20-17-02 - [verifyingGetItByTomorrowFilterFunctionality_Tablet_20-17-02] Within deliveryElements loop iterating over the products  Within validateDeliveryFilterOptions method
20:17:13 [TestNG-test-Test-3] INFO  verifyingGetItByTomorrowFilterFunctionality_Tablet_20-17-02 - [verifyingGetItByTomorrowFilterFunctionality_Tablet_20-17-02] Checking if the allowedDateParts have the assert text   Within validateDeliveryFilterOptions method
20:17:13 [TestNG-test-Test-3] INFO  verifyingGetItByTomorrowFilterFunctionality_Tablet_20-17-02 - [verifyingGetItByTomorrowFilterFunctionality_Tablet_20-17-02] Within deliveryElements loop iterating over the products  Within validateDeliveryFilterOptions method
20:17:13 [TestNG-test-Test-3] INFO  verifyingGetItByTomorrowFilterFunctionality_Tablet_20-17-02 - [verifyingGetItByTomorrowFilterFunctionality_Tablet_20-17-02] Checking if the allowedDateParts have the assert text   Within validateDeliveryFilterOptions method
20:17:13 [TestNG-test-Test-3] INFO  verifyingGetItByTomorrowFilterFunctionality_Tablet_20-17-02 - [verifyingGetItByTomorrowFilterFunctionality_Tablet_20-17-02] Within deliveryElements loop iterating over the products  Within validateDeliveryFilterOptions method
20:17:13 [TestNG-test-Test-3] INFO  verifyingGetItByTomorrowFilterFunctionality_Tablet_20-17-02 - [verifyingGetItByTomorrowFilterFunctionality_Tablet_20-17-02] Checking if the allowedDateParts have the assert text   Within validateDeliveryFilterOptions method
20:17:13 [TestNG-test-Test-3] INFO  verifyingGetItByTomorrowFilterFunctionality_Tablet_20-17-02 - [verifyingGetItByTomorrowFilterFunctionality_Tablet_20-17-02] Within deliveryElements loop iterating over the products  Within validateDeliveryFilterOptions method
20:17:13 [TestNG-test-Test-3] INFO  verifyingGetItByTomorrowFilterFunctionality_Tablet_20-17-02 - [verifyingGetItByTomorrowFilterFunctionality_Tablet_20-17-02] Checking if the allowedDateParts have the assert text   Within validateDeliveryFilterOptions method
20:17:13 [TestNG-test-Test-3] INFO  verifyingGetItByTomorrowFilterFunctionality_Tablet_20-17-02 - [verifyingGetItByTomorrowFilterFunctionality_Tablet_20-17-02] Within deliveryElements loop iterating over the products  Within validateDeliveryFilterOptions method
20:17:13 [TestNG-test-Test-3] INFO  verifyingGetItByTomorrowFilterFunctionality_Tablet_20-17-02 - [verifyingGetItByTomorrowFilterFunctionality_Tablet_20-17-02] Checking if the allowedDateParts have the assert text   Within validateDeliveryFilterOptions method
20:17:13 [TestNG-test-Test-3] INFO  verifyingGetItByTomorrowFilterFunctionality_Tablet_20-17-02 - [verifyingGetItByTomorrowFilterFunctionality_Tablet_20-17-02] Within deliveryElements loop iterating over the products  Within validateDeliveryFilterOptions method
20:17:13 [TestNG-test-Test-3] INFO  verifyingGetItByTomorrowFilterFunctionality_Tablet_20-17-02 - [verifyingGetItByTomorrowFilterFunctionality_Tablet_20-17-02] Checking if the allowedDateParts have the assert text   Within validateDeliveryFilterOptions method
20:17:13 [TestNG-test-Test-3] INFO  verifyingGetItByTomorrowFilterFunctionality_Tablet_20-17-02 - [verifyingGetItByTomorrowFilterFunctionality_Tablet_20-17-02] Returning the list with boolean values   Within validateDeliveryFilterOptions method
20:17:13 [TestNG-test-Test-3] INFO  verifyingGetItByTomorrowFilterFunctionality_Tablet_20-17-02 - [verifyingGetItByTomorrowFilterFunctionality_Tablet_20-17-02] Asserting delivery filter: isValid=true, index=-1, text=All the things are valid no errors
