19:43:32 [TestNG-test-Test-3] INFO  verifyingTheBrandsFilterFunctionality_Laptop_19-43-32 - No existing WebDriver found for current thread. Initializing a new ChromeDriver...
19:43:32 [TestNG-test-Test-3] INFO  verifyingTheBrandsFilterFunctionality_Laptop_19-43-32 - WebDriverManager: chromedriver setup OK
19:43:34 [TestNG-test-Test-3] INFO  verifyingTheBrandsFilterFunctionality_Laptop_19-43-32 - ChromeDriver initialized successfully for thread: 36
19:43:35 [TestNG-test-Test-3] INFO  verifyingTheBrandsFilterFunctionality_Laptop_19-43-32 - [verifyingTheBrandsFilterFunctionality_Laptop_19-43-32] Opening amazon Landing page
19:43:35 [TestNG-test-Test-3] INFO  verifyingTheBrandsFilterFunctionality_Laptop_19-43-32 - [verifyingTheBrandsFilterFunctionality_Laptop_19-43-32] Within safeFindElement method
19:43:38 [TestNG-test-Test-3] INFO  verifyingTheBrandsFilterFunctionality_Laptop_19-43-32 - [verifyingTheBrandsFilterFunctionality_Laptop_19-43-32]Found the element returning it ,element ->[[ChromeDriver: chrome on windows (d94606cd1711080bb6c239f3792add45)] -> xpath: //a[@id='nav-logo-sprites']]
19:43:39 [TestNG-test-Test-3] INFO  verifyingTheBrandsFilterFunctionality_Laptop_19-43-32 - [verifyingTheBrandsFilterFunctionality_Laptop_19-43-32] Giving input within the search bar
19:43:39 [TestNG-test-Test-3] INFO  verifyingTheBrandsFilterFunctionality_Laptop_19-43-32 - [verifyingTheBrandsFilterFunctionality_Laptop_19-43-32] Within safeClick method
19:43:41 [TestNG-test-Test-3] INFO  verifyingTheBrandsFilterFunctionality_Laptop_19-43-32 - [verifyingTheBrandsFilterFunctionality_Laptop_19-43-32] Clicked the  [[ChromeDriver: chrome on windows (d94606cd1711080bb6c239f3792add45)] -> xpath: //input[@id='nav-search-submit-button']]   using safeClick
19:43:41 [TestNG-test-Test-3] INFO  verifyingTheBrandsFilterFunctionality_Laptop_19-43-32 - [verifyingTheBrandsFilterFunctionality_Laptop_19-43-32] Clicking on the submit in the search bar
19:43:41 [TestNG-test-Test-3] INFO  verifyingTheBrandsFilterFunctionality_Laptop_19-43-32 - [verifyingTheBrandsFilterFunctionality_Laptop_19-43-32] Within filterCheckUnderList method
19:43:41 [TestNG-test-Test-3] INFO  verifyingTheBrandsFilterFunctionality_Laptop_19-43-32 - [verifyingTheBrandsFilterFunctionality_Laptop_19-43-32] Found the Filter within the filter check List
19:43:41 [TestNG-test-Test-3] INFO  verifyingTheBrandsFilterFunctionality_Laptop_19-43-32 - [verifyingTheBrandsFilterFunctionality_Laptop_19-43-32] Within safeFindElements 
19:43:47 [TestNG-test-Test-3] INFO  verifyingTheBrandsFilterFunctionality_Laptop_19-43-32 - [verifyingTheBrandsFilterFunctionality_Laptop_19-43-32] Retrying findElements for:By.xpath: //span[@class='a-size-base a-color-base puis-bold-weight-text' and text()='Brands']/parent::div/following-sibling::div[@class='a-section a-spacing-medium sf-navigation-searchable-content']//span[@class='a-size-base a-color-base']
19:43:48 [TestNG-test-Test-3] INFO  verifyingTheBrandsFilterFunctionality_Laptop_19-43-32 - [verifyingTheBrandsFilterFunctionality_Laptop_19-43-32] Refreshing the page while trying to find :By.xpath: //span[@class='a-size-base a-color-base puis-bold-weight-text' and text()='Brands']/parent::div/following-sibling::div[@class='a-section a-spacing-medium sf-navigation-searchable-content']//span[@class='a-size-base a-color-base']
19:43:48 [TestNG-test-Test-3] INFO  verifyingTheBrandsFilterFunctionality_Laptop_19-43-32 - [verifyingTheBrandsFilterFunctionality_Laptop_19-43-32] Skipping action Elements not found after1  Attempts
19:43:54 [TestNG-test-Test-3] INFO  verifyingTheBrandsFilterFunctionality_Laptop_19-43-32 - [verifyingTheBrandsFilterFunctionality_Laptop_19-43-32] Retrying findElements for:By.xpath: //span[@class='a-size-base a-color-base puis-bold-weight-text' and text()='Brands']/parent::div/following-sibling::div[@class='a-section a-spacing-medium sf-navigation-searchable-content']//span[@class='a-size-base a-color-base']
19:43:55 [TestNG-test-Test-3] INFO  verifyingTheBrandsFilterFunctionality_Laptop_19-43-32 - [verifyingTheBrandsFilterFunctionality_Laptop_19-43-32] Refreshing the page while trying to find :By.xpath: //span[@class='a-size-base a-color-base puis-bold-weight-text' and text()='Brands']/parent::div/following-sibling::div[@class='a-section a-spacing-medium sf-navigation-searchable-content']//span[@class='a-size-base a-color-base']
19:43:55 [TestNG-test-Test-3] INFO  verifyingTheBrandsFilterFunctionality_Laptop_19-43-32 - [verifyingTheBrandsFilterFunctionality_Laptop_19-43-32] Skipping action Elements not found after2  Attempts
19:43:55 [TestNG-test-Test-3] INFO  verifyingTheBrandsFilterFunctionality_Laptop_19-43-32 - [verifyingTheBrandsFilterFunctionality_Laptop_19-43-32] Within applyFilterAndValidateBrandsFilterWithResult method
19:43:55 [TestNG-test-Test-3] INFO  verifyingTheBrandsFilterFunctionality_Laptop_19-43-32 - [verifyingTheBrandsFilterFunctionality_Laptop_19-43-32] Scrolling to the 'More' Button under brands filter section
19:43:55 [TestNG-test-Test-3] INFO  verifyingTheBrandsFilterFunctionality_Laptop_19-43-32 - [verifyingTheBrandsFilterFunctionality_Laptop_19-43-32] Within safeFindElement method
19:43:55 [TestNG-test-Test-3] INFO  verifyingTheBrandsFilterFunctionality_Laptop_19-43-32 - [verifyingTheBrandsFilterFunctionality_Laptop_19-43-32]Found the element returning it ,element ->[[ChromeDriver: chrome on windows (d94606cd1711080bb6c239f3792add45)] -> xpath: //a[@aria-label='See more, Brands']]
19:43:55 [TestNG-test-Test-3] INFO  verifyingTheBrandsFilterFunctionality_Laptop_19-43-32 - [verifyingTheBrandsFilterFunctionality_Laptop_19-43-32] Within smoothScrollToElement method
19:43:55 [TestNG-test-Test-3] INFO  verifyingTheBrandsFilterFunctionality_Laptop_19-43-32 - [verifyingTheBrandsFilterFunctionality_Laptop_19-43-32] Within safeFindElement method
19:43:55 [TestNG-test-Test-3] INFO  verifyingTheBrandsFilterFunctionality_Laptop_19-43-32 - [verifyingTheBrandsFilterFunctionality_Laptop_19-43-32]Found the element returning it ,element ->[[ChromeDriver: chrome on windows (d94606cd1711080bb6c239f3792add45)] -> xpath: //a[@aria-label='See more, Brands']]
19:43:55 [TestNG-test-Test-3] INFO  verifyingTheBrandsFilterFunctionality_Laptop_19-43-32 - [verifyingTheBrandsFilterFunctionality_Laptop_19-43-32] Successfully scrolled to element: By.xpath: //a[@aria-label='See more, Brands']
19:43:55 [TestNG-test-Test-3] INFO  verifyingTheBrandsFilterFunctionality_Laptop_19-43-32 - [verifyingTheBrandsFilterFunctionality_Laptop_19-43-32] Within safeClick method
19:43:56 [TestNG-test-Test-3] INFO  verifyingTheBrandsFilterFunctionality_Laptop_19-43-32 - [verifyingTheBrandsFilterFunctionality_Laptop_19-43-32] Clicked the  [[ChromeDriver: chrome on windows (d94606cd1711080bb6c239f3792add45)] -> xpath: //a[@aria-label='See more, Brands']]   using safeClick
19:43:56 [TestNG-test-Test-3] INFO  verifyingTheBrandsFilterFunctionality_Laptop_19-43-32 - [verifyingTheBrandsFilterFunctionality_Laptop_19-43-32] Clicked the 'More' Button under brands filter section
19:43:56 [TestNG-test-Test-3] INFO  verifyingTheBrandsFilterFunctionality_Laptop_19-43-32 - [verifyingTheBrandsFilterFunctionality_Laptop_19-43-32] Within safeFindElements 
19:43:56 [TestNG-test-Test-3] INFO  verifyingTheBrandsFilterFunctionality_Laptop_19-43-32 - [verifyingTheBrandsFilterFunctionality_Laptop_19-43-32] Returning the  [[[ChromeDriver: chrome on windows (d94606cd1711080bb6c239f3792add45)] -> xpath: //ul[@id='filter-p_123']//span[@class='a-size-base a-color-base']], [[ChromeDriver: chrome on windows (d94606cd1711080bb6c239f3792add45)] -> xpath: //ul[@id='filter-p_123']//span[@class='a-size-base a-color-base']], [[ChromeDriver: chrome on windows (d94606cd1711080bb6c239f3792add45)] -> xpath: //ul[@id='filter-p_123']//span[@class='a-size-base a-color-base']], [[ChromeDriver: chrome on windows (d94606cd1711080bb6c239f3792add45)] -> xpath: //ul[@id='filter-p_123']//span[@class='a-size-base a-color-base']], [[ChromeDriver: chrome on windows (d94606cd1711080bb6c239f3792add45)] -> xpath: //ul[@id='filter-p_123']//span[@class='a-size-base a-color-base']], [[ChromeDriver: chrome on windows (d94606cd1711080bb6c239f3792add45)] -> xpath: //ul[@id='filter-p_123']//span[@class='a-size-base a-color-base']], [[ChromeDriver: chrome on windows (d94606cd1711080bb6c239f3792add45)] -> xpath: //ul[@id='filter-p_123']//span[@class='a-size-base a-color-base']], [[ChromeDriver: chrome on windows (d94606cd1711080bb6c239f3792add45)] -> xpath: //ul[@id='filter-p_123']//span[@class='a-size-base a-color-base']], [[ChromeDriver: chrome on windows (d94606cd1711080bb6c239f3792add45)] -> xpath: //ul[@id='filter-p_123']//span[@class='a-size-base a-color-base']], [[ChromeDriver: chrome on windows (d94606cd1711080bb6c239f3792add45)] -> xpath: //ul[@id='filter-p_123']//span[@class='a-size-base a-color-base']]] from the safeFindElements method
19:43:56 [TestNG-test-Test-3] INFO  verifyingTheBrandsFilterFunctionality_Laptop_19-43-32 - [verifyingTheBrandsFilterFunctionality_Laptop_19-43-32] Within the filterOptions loop 
19:43:56 [TestNG-test-Test-3] INFO  verifyingTheBrandsFilterFunctionality_Laptop_19-43-32 - [verifyingTheBrandsFilterFunctionality_Laptop_19-43-32] Within safeFindElements 
19:43:56 [TestNG-test-Test-3] INFO  verifyingTheBrandsFilterFunctionality_Laptop_19-43-32 - [verifyingTheBrandsFilterFunctionality_Laptop_19-43-32] Returning the  [[[ChromeDriver: chrome on windows (d94606cd1711080bb6c239f3792add45)] -> xpath: //ul[@id='filter-p_123']//span[@class='a-size-base a-color-base']], [[ChromeDriver: chrome on windows (d94606cd1711080bb6c239f3792add45)] -> xpath: //ul[@id='filter-p_123']//span[@class='a-size-base a-color-base']], [[ChromeDriver: chrome on windows (d94606cd1711080bb6c239f3792add45)] -> xpath: //ul[@id='filter-p_123']//span[@class='a-size-base a-color-base']], [[ChromeDriver: chrome on windows (d94606cd1711080bb6c239f3792add45)] -> xpath: //ul[@id='filter-p_123']//span[@class='a-size-base a-color-base']], [[ChromeDriver: chrome on windows (d94606cd1711080bb6c239f3792add45)] -> xpath: //ul[@id='filter-p_123']//span[@class='a-size-base a-color-base']], [[ChromeDriver: chrome on windows (d94606cd1711080bb6c239f3792add45)] -> xpath: //ul[@id='filter-p_123']//span[@class='a-size-base a-color-base']], [[ChromeDriver: chrome on windows (d94606cd1711080bb6c239f3792add45)] -> xpath: //ul[@id='filter-p_123']//span[@class='a-size-base a-color-base']], [[ChromeDriver: chrome on windows (d94606cd1711080bb6c239f3792add45)] -> xpath: //ul[@id='filter-p_123']//span[@class='a-size-base a-color-base']], [[ChromeDriver: chrome on windows (d94606cd1711080bb6c239f3792add45)] -> xpath: //ul[@id='filter-p_123']//span[@class='a-size-base a-color-base']], [[ChromeDriver: chrome on windows (d94606cd1711080bb6c239f3792add45)] -> xpath: //ul[@id='filter-p_123']//span[@class='a-size-base a-color-base']]] from the safeFindElements method
19:43:56 [TestNG-test-Test-3] INFO  verifyingTheBrandsFilterFunctionality_Laptop_19-43-32 - [verifyingTheBrandsFilterFunctionality_Laptop_19-43-32] Within safeFindElement method
19:43:56 [TestNG-test-Test-3] INFO  verifyingTheBrandsFilterFunctionality_Laptop_19-43-32 - [verifyingTheBrandsFilterFunctionality_Laptop_19-43-32]Found the element returning it ,element ->[[ChromeDriver: chrome on windows (d94606cd1711080bb6c239f3792add45)] -> xpath: //a[@aria-label='See more, Brands']]
19:43:56 [TestNG-test-Test-3] INFO  verifyingTheBrandsFilterFunctionality_Laptop_19-43-32 - [verifyingTheBrandsFilterFunctionality_Laptop_19-43-32] Within smoothScrollToElement method
19:43:56 [TestNG-test-Test-3] INFO  verifyingTheBrandsFilterFunctionality_Laptop_19-43-32 - [verifyingTheBrandsFilterFunctionality_Laptop_19-43-32] Within safeFindElement method
19:43:56 [TestNG-test-Test-3] INFO  verifyingTheBrandsFilterFunctionality_Laptop_19-43-32 - [verifyingTheBrandsFilterFunctionality_Laptop_19-43-32]Found the element returning it ,element ->[[ChromeDriver: chrome on windows (d94606cd1711080bb6c239f3792add45)] -> xpath: //a[@aria-label='See more, Brands']]
19:43:56 [TestNG-test-Test-3] INFO  verifyingTheBrandsFilterFunctionality_Laptop_19-43-32 - [verifyingTheBrandsFilterFunctionality_Laptop_19-43-32] Successfully scrolled to element: By.xpath: //a[@aria-label='See more, Brands']
19:43:56 [TestNG-test-Test-3] INFO  verifyingTheBrandsFilterFunctionality_Laptop_19-43-32 - [verifyingTheBrandsFilterFunctionality_Laptop_19-43-32] Within safeClick method
19:43:56 [TestNG-test-Test-3] INFO  verifyingTheBrandsFilterFunctionality_Laptop_19-43-32 - [verifyingTheBrandsFilterFunctionality_Laptop_19-43-32] Clicked the  [[ChromeDriver: chrome on windows (d94606cd1711080bb6c239f3792add45)] -> xpath: //a[@aria-label='See more, Brands']]   using safeClick
19:43:56 [TestNG-test-Test-3] INFO  verifyingTheBrandsFilterFunctionality_Laptop_19-43-32 - [verifyingTheBrandsFilterFunctionality_Laptop_19-43-32] Within safeFindElements 
19:43:56 [TestNG-test-Test-3] INFO  verifyingTheBrandsFilterFunctionality_Laptop_19-43-32 - [verifyingTheBrandsFilterFunctionality_Laptop_19-43-32] Returning the  [[[ChromeDriver: chrome on windows (d94606cd1711080bb6c239f3792add45)] -> xpath: //ul[@id='filter-p_123']//span[@class='a-size-base a-color-base']], [[ChromeDriver: chrome on windows (d94606cd1711080bb6c239f3792add45)] -> xpath: //ul[@id='filter-p_123']//span[@class='a-size-base a-color-base']], [[ChromeDriver: chrome on windows (d94606cd1711080bb6c239f3792add45)] -> xpath: //ul[@id='filter-p_123']//span[@class='a-size-base a-color-base']], [[ChromeDriver: chrome on windows (d94606cd1711080bb6c239f3792add45)] -> xpath: //ul[@id='filter-p_123']//span[@class='a-size-base a-color-base']], [[ChromeDriver: chrome on windows (d94606cd1711080bb6c239f3792add45)] -> xpath: //ul[@id='filter-p_123']//span[@class='a-size-base a-color-base']], [[ChromeDriver: chrome on windows (d94606cd1711080bb6c239f3792add45)] -> xpath: //ul[@id='filter-p_123']//span[@class='a-size-base a-color-base']], [[ChromeDriver: chrome on windows (d94606cd1711080bb6c239f3792add45)] -> xpath: //ul[@id='filter-p_123']//span[@class='a-size-base a-color-base']], [[ChromeDriver: chrome on windows (d94606cd1711080bb6c239f3792add45)] -> xpath: //ul[@id='filter-p_123']//span[@class='a-size-base a-color-base']], [[ChromeDriver: chrome on windows (d94606cd1711080bb6c239f3792add45)] -> xpath: //ul[@id='filter-p_123']//span[@class='a-size-base a-color-base']], [[ChromeDriver: chrome on windows (d94606cd1711080bb6c239f3792add45)] -> xpath: //ul[@id='filter-p_123']//span[@class='a-size-base a-color-base']]] from the safeFindElements method
19:43:56 [TestNG-test-Test-3] INFO  verifyingTheBrandsFilterFunctionality_Laptop_19-43-32 - [verifyingTheBrandsFilterFunctionality_Laptop_19-43-32] Within getfilterByTypeAndName method
19:43:56 [TestNG-test-Test-3] INFO  verifyingTheBrandsFilterFunctionality_Laptop_19-43-32 - [verifyingTheBrandsFilterFunctionality_Laptop_19-43-32] Within safeClickBooleanWithScreenShot method
19:43:56 [TestNG-test-Test-3] INFO  verifyingTheBrandsFilterFunctionality_Laptop_19-43-32 - [verifyingTheBrandsFilterFunctionality_Laptop_19-43-32] Within getAppliedfilterByTypeAndName method
19:43:56 [TestNG-test-Test-3] INFO  verifyingTheBrandsFilterFunctionality_Laptop_19-43-32 - [verifyingTheBrandsFilterFunctionality_Laptop_19-43-32] Within smoothScrollToElement method
19:43:56 [TestNG-test-Test-3] INFO  verifyingTheBrandsFilterFunctionality_Laptop_19-43-32 - [verifyingTheBrandsFilterFunctionality_Laptop_19-43-32] Within safeFindElement method
19:43:56 [TestNG-test-Test-3] INFO  verifyingTheBrandsFilterFunctionality_Laptop_19-43-32 - [verifyingTheBrandsFilterFunctionality_Laptop_19-43-32]Found the element returning it ,element ->[[ChromeDriver: chrome on windows (d94606cd1711080bb6c239f3792add45)] -> xpath: //span[@class='a-size-base a-color-base puis-bold-weight-text' and text()='Brands']]
19:43:56 [TestNG-test-Test-3] INFO  verifyingTheBrandsFilterFunctionality_Laptop_19-43-32 - [verifyingTheBrandsFilterFunctionality_Laptop_19-43-32] Successfully scrolled to element: By.xpath: //span[@class='a-size-base a-color-base puis-bold-weight-text' and text()='Brands']
19:43:56 [TestNG-test-Test-3] INFO  verifyingTheBrandsFilterFunctionality_Laptop_19-43-32 - [verifyingTheBrandsFilterFunctionality_Laptop_19-43-32] Within getMoreButtonByFilterTypeAndName method
19:43:56 [TestNG-test-Test-3] INFO  verifyingTheBrandsFilterFunctionality_Laptop_19-43-32 - [verifyingTheBrandsFilterFunctionality_Laptop_19-43-32] could not find more button
19:43:56 [TestNG-test-Test-3] INFO  verifyingTheBrandsFilterFunctionality_Laptop_19-43-32 - [verifyingTheBrandsFilterFunctionality_Laptop_19-43-32] Within getAppliedfilterByTypeAndName method
19:43:56 [TestNG-test-Test-3] INFO  verifyingTheBrandsFilterFunctionality_Laptop_19-43-32 - [verifyingTheBrandsFilterFunctionality_Laptop_19-43-32] Within smoothScrollToElement method
19:43:56 [TestNG-test-Test-3] INFO  verifyingTheBrandsFilterFunctionality_Laptop_19-43-32 - [verifyingTheBrandsFilterFunctionality_Laptop_19-43-32] Within safeFindElement method
19:43:57 [TestNG-test-Test-3] INFO  verifyingTheBrandsFilterFunctionality_Laptop_19-43-32 - [verifyingTheBrandsFilterFunctionality_Laptop_19-43-32]Found the element returning it ,element ->[[ChromeDriver: chrome on windows (d94606cd1711080bb6c239f3792add45)] -> xpath: //span[@class='a-size-base a-color-base puis-bold-weight-text' and text()='Brands']]
19:43:57 [TestNG-test-Test-3] INFO  verifyingTheBrandsFilterFunctionality_Laptop_19-43-32 - [verifyingTheBrandsFilterFunctionality_Laptop_19-43-32] Successfully scrolled to element: By.xpath: //span[@class='a-size-base a-color-base puis-bold-weight-text' and text()='Brands']
19:43:57 [TestNG-test-Test-3] INFO  verifyingTheBrandsFilterFunctionality_Laptop_19-43-32 - [verifyingTheBrandsFilterFunctionality_Laptop_19-43-32] Within getMoreButtonByFilterTypeAndName method
19:43:57 [TestNG-test-Test-3] INFO  verifyingTheBrandsFilterFunctionality_Laptop_19-43-32 - [verifyingTheBrandsFilterFunctionality_Laptop_19-43-32] could not find more button
19:43:57 [TestNG-test-Test-3] INFO  verifyingTheBrandsFilterFunctionality_Laptop_19-43-32 - [verifyingTheBrandsFilterFunctionality_Laptop_19-43-32] Within getfilterByTypeAndName method
19:43:57 [TestNG-test-Test-3] INFO  verifyingTheBrandsFilterFunctionality_Laptop_19-43-32 - [verifyingTheBrandsFilterFunctionality_Laptop_19-43-32] Within smoothScrollToElement method
19:43:57 [TestNG-test-Test-3] INFO  verifyingTheBrandsFilterFunctionality_Laptop_19-43-32 - [verifyingTheBrandsFilterFunctionality_Laptop_19-43-32] Within safeFindElement method
19:44:03 [TestNG-test-Test-3] INFO  verifyingTheBrandsFilterFunctionality_Laptop_19-43-32 - [verifyingTheBrandsFilterFunctionality_Laptop_19-43-32]Retrying findElement for: ->By.xpath: //ul[@id='filter-p_123']//span[@class='a-size-base a-color-base' and text()='ASUS']
19:44:04 [TestNG-test-Test-3] INFO  verifyingTheBrandsFilterFunctionality_Laptop_19-43-32 - [verifyingTheBrandsFilterFunctionality_Laptop_19-43-32]Refrehsing the page , while trying to safely find : ->By.xpath: //ul[@id='filter-p_123']//span[@class='a-size-base a-color-base' and text()='ASUS']
19:44:09 [TestNG-test-Test-3] INFO  verifyingTheBrandsFilterFunctionality_Laptop_19-43-32 - [verifyingTheBrandsFilterFunctionality_Laptop_19-43-32]Retrying findElement for: ->By.xpath: //ul[@id='filter-p_123']//span[@class='a-size-base a-color-base' and text()='ASUS']
19:44:10 [TestNG-test-Test-3] INFO  verifyingTheBrandsFilterFunctionality_Laptop_19-43-32 - [verifyingTheBrandsFilterFunctionality_Laptop_19-43-32]Refrehsing the page , while trying to safely find : ->By.xpath: //ul[@id='filter-p_123']//span[@class='a-size-base a-color-base' and text()='ASUS']
19:44:10 [TestNG-test-Test-3] INFO  verifyingTheBrandsFilterFunctionality_Laptop_19-43-32 - [verifyingTheBrandsFilterFunctionality_Laptop_19-43-32] Skipping action: Element not found after 2   attemps
19:44:10 [TestNG-test-Test-3] WARN  verifyingTheBrandsFilterFunctionality_Laptop_19-43-32 - [verifyingTheBrandsFilterFunctionality_Laptop_19-43-32] Element not found for locator: By.xpath: //ul[@id='filter-p_123']//span[@class='a-size-base a-color-base' and text()='ASUS']
19:44:10 [TestNG-test-Test-3] INFO  verifyingTheBrandsFilterFunctionality_Laptop_19-43-32 - [verifyingTheBrandsFilterFunctionality_Laptop_19-43-32] Clicked the element using safe click ,element is [[ChromeDriver: chrome on windows (d94606cd1711080bb6c239f3792add45)] -> xpath: //ul[@id='filter-p_123']//span[@class='a-size-base a-color-base' and text()='ASUS']]
19:44:10 [TestNG-test-Test-3] INFO  verifyingTheBrandsFilterFunctionality_Laptop_19-43-32 - [verifyingTheBrandsFilterFunctionality_Laptop_19-43-32] Clicked on ASUSWithin the filterOptions loop
19:44:10 [TestNG-test-Test-3] INFO  verifyingTheBrandsFilterFunctionality_Laptop_19-43-32 - [verifyingTheBrandsFilterFunctionality_Laptop_19-43-32] Within safeFindElements 
19:44:10 [TestNG-test-Test-3] INFO  verifyingTheBrandsFilterFunctionality_Laptop_19-43-32 - [verifyingTheBrandsFilterFunctionality_Laptop_19-43-32] Returning the  [[[ChromeDriver: chrome on windows (d94606cd1711080bb6c239f3792add45)] -> xpath: //div[@data-cy='title-recipe']], [[ChromeDriver: chrome on windows (d94606cd1711080bb6c239f3792add45)] -> xpath: //div[@data-cy='title-recipe']], [[ChromeDriver: chrome on windows (d94606cd1711080bb6c239f3792add45)] -> xpath: //div[@data-cy='title-recipe']], [[ChromeDriver: chrome on windows (d94606cd1711080bb6c239f3792add45)] -> xpath: //div[@data-cy='title-recipe']], [[ChromeDriver: chrome on windows (d94606cd1711080bb6c239f3792add45)] -> xpath: //div[@data-cy='title-recipe']], [[ChromeDriver: chrome on windows (d94606cd1711080bb6c239f3792add45)] -> xpath: //div[@data-cy='title-recipe']], [[ChromeDriver: chrome on windows (d94606cd1711080bb6c239f3792add45)] -> xpath: //div[@data-cy='title-recipe']], [[ChromeDriver: chrome on windows (d94606cd1711080bb6c239f3792add45)] -> xpath: //div[@data-cy='title-recipe']], [[ChromeDriver: chrome on windows (d94606cd1711080bb6c239f3792add45)] -> xpath: //div[@data-cy='title-recipe']], [[ChromeDriver: chrome on windows (d94606cd1711080bb6c239f3792add45)] -> xpath: //div[@data-cy='title-recipe']], [[ChromeDriver: chrome on windows (d94606cd1711080bb6c239f3792add45)] -> xpath: //div[@data-cy='title-recipe']], [[ChromeDriver: chrome on windows (d94606cd1711080bb6c239f3792add45)] -> xpath: //div[@data-cy='title-recipe']], [[ChromeDriver: chrome on windows (d94606cd1711080bb6c239f3792add45)] -> xpath: //div[@data-cy='title-recipe']], [[ChromeDriver: chrome on windows (d94606cd1711080bb6c239f3792add45)] -> xpath: //div[@data-cy='title-recipe']], [[ChromeDriver: chrome on windows (d94606cd1711080bb6c239f3792add45)] -> xpath: //div[@data-cy='title-recipe']], [[ChromeDriver: chrome on windows (d94606cd1711080bb6c239f3792add45)] -> xpath: //div[@data-cy='title-recipe']]] from the safeFindElements method
19:44:10 [TestNG-test-Test-3] INFO  verifyingTheBrandsFilterFunctionality_Laptop_19-43-32 - [verifyingTheBrandsFilterFunctionality_Laptop_19-43-32] Within productNameListingPage loop with product index 0and filter name ASUS
19:44:10 [TestNG-test-Test-3] INFO  verifyingTheBrandsFilterFunctionality_Laptop_19-43-32 - [verifyingTheBrandsFilterFunctionality_Laptop_19-43-32] Within productNameListingPage loop with product index 1and filter name ASUS
19:44:10 [TestNG-test-Test-3] INFO  verifyingTheBrandsFilterFunctionality_Laptop_19-43-32 - [verifyingTheBrandsFilterFunctionality_Laptop_19-43-32] Within productNameListingPage loop with product index 2and filter name ASUS
19:44:10 [TestNG-test-Test-3] INFO  verifyingTheBrandsFilterFunctionality_Laptop_19-43-32 - [verifyingTheBrandsFilterFunctionality_Laptop_19-43-32] Within productNameListingPage loop with product index 3and filter name ASUS
19:44:10 [TestNG-test-Test-3] INFO  verifyingTheBrandsFilterFunctionality_Laptop_19-43-32 - [verifyingTheBrandsFilterFunctionality_Laptop_19-43-32] Within productNameListingPage loop with product index 4and filter name ASUS
19:44:10 [TestNG-test-Test-3] INFO  verifyingTheBrandsFilterFunctionality_Laptop_19-43-32 - [verifyingTheBrandsFilterFunctionality_Laptop_19-43-32] Within productNameListingPage loop with product index 5and filter name ASUS
19:44:10 [TestNG-test-Test-3] INFO  verifyingTheBrandsFilterFunctionality_Laptop_19-43-32 - [verifyingTheBrandsFilterFunctionality_Laptop_19-43-32] Within productNameListingPage loop with product index 6and filter name ASUS
19:44:10 [TestNG-test-Test-3] INFO  verifyingTheBrandsFilterFunctionality_Laptop_19-43-32 - [verifyingTheBrandsFilterFunctionality_Laptop_19-43-32] Within productNameListingPage loop with product index 7and filter name ASUS
19:44:10 [TestNG-test-Test-3] INFO  verifyingTheBrandsFilterFunctionality_Laptop_19-43-32 - [verifyingTheBrandsFilterFunctionality_Laptop_19-43-32] Within productNameListingPage loop with product index 8and filter name ASUS
19:44:10 [TestNG-test-Test-3] INFO  verifyingTheBrandsFilterFunctionality_Laptop_19-43-32 - [verifyingTheBrandsFilterFunctionality_Laptop_19-43-32] Within productNameListingPage loop with product index 9and filter name ASUS
19:44:10 [TestNG-test-Test-3] INFO  verifyingTheBrandsFilterFunctionality_Laptop_19-43-32 - [verifyingTheBrandsFilterFunctionality_Laptop_19-43-32] Within productNameListingPage loop with product index 10and filter name ASUS
19:44:10 [TestNG-test-Test-3] INFO  verifyingTheBrandsFilterFunctionality_Laptop_19-43-32 - [verifyingTheBrandsFilterFunctionality_Laptop_19-43-32] Within productNameListingPage loop with product index 11and filter name ASUS
19:44:10 [TestNG-test-Test-3] INFO  verifyingTheBrandsFilterFunctionality_Laptop_19-43-32 - [verifyingTheBrandsFilterFunctionality_Laptop_19-43-32] Within productNameListingPage loop with product index 12and filter name ASUS
19:44:10 [TestNG-test-Test-3] INFO  verifyingTheBrandsFilterFunctionality_Laptop_19-43-32 - [verifyingTheBrandsFilterFunctionality_Laptop_19-43-32] Within productNameListingPage loop with product index 13and filter name ASUS
19:44:10 [TestNG-test-Test-3] INFO  verifyingTheBrandsFilterFunctionality_Laptop_19-43-32 - [verifyingTheBrandsFilterFunctionality_Laptop_19-43-32] Within productNameListingPage loop with product index 14and filter name ASUS
19:44:10 [TestNG-test-Test-3] INFO  verifyingTheBrandsFilterFunctionality_Laptop_19-43-32 - [verifyingTheBrandsFilterFunctionality_Laptop_19-43-32] Within productNameListingPage loop with product index 15and filter name ASUS
19:44:10 [TestNG-test-Test-3] INFO  verifyingTheBrandsFilterFunctionality_Laptop_19-43-32 - [verifyingTheBrandsFilterFunctionality_Laptop_19-43-32] Creating 'result' Map for storing ,'brand','isValid','mismatches list' with map size ->3
19:44:10 [TestNG-test-Test-3] INFO  verifyingTheBrandsFilterFunctionality_Laptop_19-43-32 - [verifyingTheBrandsFilterFunctionality_Laptop_19-43-32] Adding 'result' with the data into 'allResults' i.e list of Map3
19:44:10 [TestNG-test-Test-3] INFO  verifyingTheBrandsFilterFunctionality_Laptop_19-43-32 - [verifyingTheBrandsFilterFunctionality_Laptop_19-43-32] Waiting until element is visible in viewport
19:44:10 [TestNG-test-Test-3] INFO  verifyingTheBrandsFilterFunctionality_Laptop_19-43-32 - [verifyingTheBrandsFilterFunctionality_Laptop_19-43-32] Within safeClick method
19:44:11 [TestNG-test-Test-3] INFO  verifyingTheBrandsFilterFunctionality_Laptop_19-43-32 - [verifyingTheBrandsFilterFunctionality_Laptop_19-43-32] Clicked the  [[ChromeDriver: chrome on windows (d94606cd1711080bb6c239f3792add45)] -> xpath: //span[@class='a-size-base a-color-base' and text()='Clear']]   using safeClick
19:44:11 [TestNG-test-Test-3] INFO  verifyingTheBrandsFilterFunctionality_Laptop_19-43-32 - [verifyingTheBrandsFilterFunctionality_Laptop_19-43-32] Clicked clear button for the filter ->ASUS
19:44:11 [TestNG-test-Test-3] INFO  verifyingTheBrandsFilterFunctionality_Laptop_19-43-32 - [verifyingTheBrandsFilterFunctionality_Laptop_19-43-32] Within the filterOptions loop 
19:44:11 [TestNG-test-Test-3] INFO  verifyingTheBrandsFilterFunctionality_Laptop_19-43-32 - [verifyingTheBrandsFilterFunctionality_Laptop_19-43-32] Within safeFindElements 
19:44:12 [TestNG-test-Test-3] INFO  verifyingTheBrandsFilterFunctionality_Laptop_19-43-32 - [verifyingTheBrandsFilterFunctionality_Laptop_19-43-32] Returning the  [[[ChromeDriver: chrome on windows (d94606cd1711080bb6c239f3792add45)] -> xpath: //ul[@id='filter-p_123']//span[@class='a-size-base a-color-base']], [[ChromeDriver: chrome on windows (d94606cd1711080bb6c239f3792add45)] -> xpath: //ul[@id='filter-p_123']//span[@class='a-size-base a-color-base']], [[ChromeDriver: chrome on windows (d94606cd1711080bb6c239f3792add45)] -> xpath: //ul[@id='filter-p_123']//span[@class='a-size-base a-color-base']], [[ChromeDriver: chrome on windows (d94606cd1711080bb6c239f3792add45)] -> xpath: //ul[@id='filter-p_123']//span[@class='a-size-base a-color-base']], [[ChromeDriver: chrome on windows (d94606cd1711080bb6c239f3792add45)] -> xpath: //ul[@id='filter-p_123']//span[@class='a-size-base a-color-base']], [[ChromeDriver: chrome on windows (d94606cd1711080bb6c239f3792add45)] -> xpath: //ul[@id='filter-p_123']//span[@class='a-size-base a-color-base']], [[ChromeDriver: chrome on windows (d94606cd1711080bb6c239f3792add45)] -> xpath: //ul[@id='filter-p_123']//span[@class='a-size-base a-color-base']], [[ChromeDriver: chrome on windows (d94606cd1711080bb6c239f3792add45)] -> xpath: //ul[@id='filter-p_123']//span[@class='a-size-base a-color-base']], [[ChromeDriver: chrome on windows (d94606cd1711080bb6c239f3792add45)] -> xpath: //ul[@id='filter-p_123']//span[@class='a-size-base a-color-base']], [[ChromeDriver: chrome on windows (d94606cd1711080bb6c239f3792add45)] -> xpath: //ul[@id='filter-p_123']//span[@class='a-size-base a-color-base']]] from the safeFindElements method
19:44:12 [TestNG-test-Test-3] INFO  verifyingTheBrandsFilterFunctionality_Laptop_19-43-32 - [verifyingTheBrandsFilterFunctionality_Laptop_19-43-32] Within safeFindElement method
19:44:12 [TestNG-test-Test-3] INFO  verifyingTheBrandsFilterFunctionality_Laptop_19-43-32 - [verifyingTheBrandsFilterFunctionality_Laptop_19-43-32]Found the element returning it ,element ->[[ChromeDriver: chrome on windows (d94606cd1711080bb6c239f3792add45)] -> xpath: //a[@aria-label='See more, Brands']]
19:44:12 [TestNG-test-Test-3] INFO  verifyingTheBrandsFilterFunctionality_Laptop_19-43-32 - [verifyingTheBrandsFilterFunctionality_Laptop_19-43-32] Within smoothScrollToElement method
19:44:12 [TestNG-test-Test-3] INFO  verifyingTheBrandsFilterFunctionality_Laptop_19-43-32 - [verifyingTheBrandsFilterFunctionality_Laptop_19-43-32] Within safeFindElement method
19:44:12 [TestNG-test-Test-3] INFO  verifyingTheBrandsFilterFunctionality_Laptop_19-43-32 - [verifyingTheBrandsFilterFunctionality_Laptop_19-43-32]Found the element returning it ,element ->[[ChromeDriver: chrome on windows (d94606cd1711080bb6c239f3792add45)] -> xpath: //a[@aria-label='See more, Brands']]
19:44:12 [TestNG-test-Test-3] INFO  verifyingTheBrandsFilterFunctionality_Laptop_19-43-32 - [verifyingTheBrandsFilterFunctionality_Laptop_19-43-32] Successfully scrolled to element: By.xpath: //a[@aria-label='See more, Brands']
19:44:12 [TestNG-test-Test-3] INFO  verifyingTheBrandsFilterFunctionality_Laptop_19-43-32 - [verifyingTheBrandsFilterFunctionality_Laptop_19-43-32] Within safeClick method
19:44:12 [TestNG-test-Test-3] INFO  verifyingTheBrandsFilterFunctionality_Laptop_19-43-32 - [verifyingTheBrandsFilterFunctionality_Laptop_19-43-32] Clicked the  [[ChromeDriver: chrome on windows (d94606cd1711080bb6c239f3792add45)] -> xpath: //a[@aria-label='See more, Brands']]   using safeClick
19:44:12 [TestNG-test-Test-3] INFO  verifyingTheBrandsFilterFunctionality_Laptop_19-43-32 - [verifyingTheBrandsFilterFunctionality_Laptop_19-43-32] Within safeFindElements 
19:44:12 [TestNG-test-Test-3] INFO  verifyingTheBrandsFilterFunctionality_Laptop_19-43-32 - [verifyingTheBrandsFilterFunctionality_Laptop_19-43-32] Returning the  [[[ChromeDriver: chrome on windows (d94606cd1711080bb6c239f3792add45)] -> xpath: //ul[@id='filter-p_123']//span[@class='a-size-base a-color-base']], [[ChromeDriver: chrome on windows (d94606cd1711080bb6c239f3792add45)] -> xpath: //ul[@id='filter-p_123']//span[@class='a-size-base a-color-base']], [[ChromeDriver: chrome on windows (d94606cd1711080bb6c239f3792add45)] -> xpath: //ul[@id='filter-p_123']//span[@class='a-size-base a-color-base']], [[ChromeDriver: chrome on windows (d94606cd1711080bb6c239f3792add45)] -> xpath: //ul[@id='filter-p_123']//span[@class='a-size-base a-color-base']], [[ChromeDriver: chrome on windows (d94606cd1711080bb6c239f3792add45)] -> xpath: //ul[@id='filter-p_123']//span[@class='a-size-base a-color-base']], [[ChromeDriver: chrome on windows (d94606cd1711080bb6c239f3792add45)] -> xpath: //ul[@id='filter-p_123']//span[@class='a-size-base a-color-base']], [[ChromeDriver: chrome on windows (d94606cd1711080bb6c239f3792add45)] -> xpath: //ul[@id='filter-p_123']//span[@class='a-size-base a-color-base']], [[ChromeDriver: chrome on windows (d94606cd1711080bb6c239f3792add45)] -> xpath: //ul[@id='filter-p_123']//span[@class='a-size-base a-color-base']], [[ChromeDriver: chrome on windows (d94606cd1711080bb6c239f3792add45)] -> xpath: //ul[@id='filter-p_123']//span[@class='a-size-base a-color-base']], [[ChromeDriver: chrome on windows (d94606cd1711080bb6c239f3792add45)] -> xpath: //ul[@id='filter-p_123']//span[@class='a-size-base a-color-base']]] from the safeFindElements method
19:44:12 [TestNG-test-Test-3] INFO  verifyingTheBrandsFilterFunctionality_Laptop_19-43-32 - [verifyingTheBrandsFilterFunctionality_Laptop_19-43-32] Within getfilterByTypeAndName method
19:44:12 [TestNG-test-Test-3] INFO  verifyingTheBrandsFilterFunctionality_Laptop_19-43-32 - [verifyingTheBrandsFilterFunctionality_Laptop_19-43-32] Within safeClickBooleanWithScreenShot method
19:44:12 [TestNG-test-Test-3] INFO  verifyingTheBrandsFilterFunctionality_Laptop_19-43-32 - [verifyingTheBrandsFilterFunctionality_Laptop_19-43-32] Within getAppliedfilterByTypeAndName method
19:44:12 [TestNG-test-Test-3] INFO  verifyingTheBrandsFilterFunctionality_Laptop_19-43-32 - [verifyingTheBrandsFilterFunctionality_Laptop_19-43-32] Within smoothScrollToElement method
19:44:12 [TestNG-test-Test-3] INFO  verifyingTheBrandsFilterFunctionality_Laptop_19-43-32 - [verifyingTheBrandsFilterFunctionality_Laptop_19-43-32] Within safeFindElement method
19:44:12 [TestNG-test-Test-3] INFO  verifyingTheBrandsFilterFunctionality_Laptop_19-43-32 - [verifyingTheBrandsFilterFunctionality_Laptop_19-43-32]Found the element returning it ,element ->[[ChromeDriver: chrome on windows (d94606cd1711080bb6c239f3792add45)] -> xpath: //span[@class='a-size-base a-color-base puis-bold-weight-text' and text()='Brands']]
19:44:12 [TestNG-test-Test-3] INFO  verifyingTheBrandsFilterFunctionality_Laptop_19-43-32 - [verifyingTheBrandsFilterFunctionality_Laptop_19-43-32] Successfully scrolled to element: By.xpath: //span[@class='a-size-base a-color-base puis-bold-weight-text' and text()='Brands']
19:44:12 [TestNG-test-Test-3] INFO  verifyingTheBrandsFilterFunctionality_Laptop_19-43-32 - [verifyingTheBrandsFilterFunctionality_Laptop_19-43-32] Within getMoreButtonByFilterTypeAndName method
19:44:12 [TestNG-test-Test-3] INFO  verifyingTheBrandsFilterFunctionality_Laptop_19-43-32 - [verifyingTheBrandsFilterFunctionality_Laptop_19-43-32] could not find more button
19:44:13 [TestNG-test-Test-3] INFO  verifyingTheBrandsFilterFunctionality_Laptop_19-43-32 - [verifyingTheBrandsFilterFunctionality_Laptop_19-43-32] Within getAppliedfilterByTypeAndName method
19:44:13 [TestNG-test-Test-3] INFO  verifyingTheBrandsFilterFunctionality_Laptop_19-43-32 - [verifyingTheBrandsFilterFunctionality_Laptop_19-43-32] Within smoothScrollToElement method
19:44:13 [TestNG-test-Test-3] INFO  verifyingTheBrandsFilterFunctionality_Laptop_19-43-32 - [verifyingTheBrandsFilterFunctionality_Laptop_19-43-32] Within safeFindElement method
19:44:14 [TestNG-test-Test-3] INFO  verifyingTheBrandsFilterFunctionality_Laptop_19-43-32 - [verifyingTheBrandsFilterFunctionality_Laptop_19-43-32]Found the element returning it ,element ->[[ChromeDriver: chrome on windows (d94606cd1711080bb6c239f3792add45)] -> xpath: //span[@class='a-size-base a-color-base puis-bold-weight-text' and text()='Brands']]
19:44:14 [TestNG-test-Test-3] INFO  verifyingTheBrandsFilterFunctionality_Laptop_19-43-32 - [verifyingTheBrandsFilterFunctionality_Laptop_19-43-32] Successfully scrolled to element: By.xpath: //span[@class='a-size-base a-color-base puis-bold-weight-text' and text()='Brands']
19:44:14 [TestNG-test-Test-3] INFO  verifyingTheBrandsFilterFunctionality_Laptop_19-43-32 - [verifyingTheBrandsFilterFunctionality_Laptop_19-43-32] Within getMoreButtonByFilterTypeAndName method
19:44:14 [TestNG-test-Test-3] INFO  verifyingTheBrandsFilterFunctionality_Laptop_19-43-32 - [verifyingTheBrandsFilterFunctionality_Laptop_19-43-32] could not find more button
19:44:14 [TestNG-test-Test-3] INFO  verifyingTheBrandsFilterFunctionality_Laptop_19-43-32 - [verifyingTheBrandsFilterFunctionality_Laptop_19-43-32] Within getfilterByTypeAndName method
19:44:14 [TestNG-test-Test-3] INFO  verifyingTheBrandsFilterFunctionality_Laptop_19-43-32 - [verifyingTheBrandsFilterFunctionality_Laptop_19-43-32] Within smoothScrollToElement method
19:44:14 [TestNG-test-Test-3] INFO  verifyingTheBrandsFilterFunctionality_Laptop_19-43-32 - [verifyingTheBrandsFilterFunctionality_Laptop_19-43-32] Within safeFindElement method
19:44:19 [TestNG-test-Test-3] INFO  verifyingTheBrandsFilterFunctionality_Laptop_19-43-32 - [verifyingTheBrandsFilterFunctionality_Laptop_19-43-32]Retrying findElement for: ->By.xpath: //ul[@id='filter-p_123']//span[@class='a-size-base a-color-base' and text()='Acer']
19:44:20 [TestNG-test-Test-3] INFO  verifyingTheBrandsFilterFunctionality_Laptop_19-43-32 - [verifyingTheBrandsFilterFunctionality_Laptop_19-43-32]Refrehsing the page , while trying to safely find : ->By.xpath: //ul[@id='filter-p_123']//span[@class='a-size-base a-color-base' and text()='Acer']
19:44:26 [TestNG-test-Test-3] INFO  verifyingTheBrandsFilterFunctionality_Laptop_19-43-32 - [verifyingTheBrandsFilterFunctionality_Laptop_19-43-32]Retrying findElement for: ->By.xpath: //ul[@id='filter-p_123']//span[@class='a-size-base a-color-base' and text()='Acer']
19:44:27 [TestNG-test-Test-3] INFO  verifyingTheBrandsFilterFunctionality_Laptop_19-43-32 - [verifyingTheBrandsFilterFunctionality_Laptop_19-43-32]Refrehsing the page , while trying to safely find : ->By.xpath: //ul[@id='filter-p_123']//span[@class='a-size-base a-color-base' and text()='Acer']
19:44:27 [TestNG-test-Test-3] INFO  verifyingTheBrandsFilterFunctionality_Laptop_19-43-32 - [verifyingTheBrandsFilterFunctionality_Laptop_19-43-32] Skipping action: Element not found after 2   attemps
19:44:27 [TestNG-test-Test-3] WARN  verifyingTheBrandsFilterFunctionality_Laptop_19-43-32 - [verifyingTheBrandsFilterFunctionality_Laptop_19-43-32] Element not found for locator: By.xpath: //ul[@id='filter-p_123']//span[@class='a-size-base a-color-base' and text()='Acer']
19:44:27 [TestNG-test-Test-3] INFO  verifyingTheBrandsFilterFunctionality_Laptop_19-43-32 - [verifyingTheBrandsFilterFunctionality_Laptop_19-43-32] Clicked the element using safe click ,element is [[ChromeDriver: chrome on windows (d94606cd1711080bb6c239f3792add45)] -> xpath: //ul[@id='filter-p_123']//span[@class='a-size-base a-color-base' and text()='Acer']]
19:44:27 [TestNG-test-Test-3] INFO  verifyingTheBrandsFilterFunctionality_Laptop_19-43-32 - [verifyingTheBrandsFilterFunctionality_Laptop_19-43-32] Clicked on AcerWithin the filterOptions loop
19:44:27 [TestNG-test-Test-3] INFO  verifyingTheBrandsFilterFunctionality_Laptop_19-43-32 - [verifyingTheBrandsFilterFunctionality_Laptop_19-43-32] Within safeFindElements 
19:44:27 [TestNG-test-Test-3] INFO  verifyingTheBrandsFilterFunctionality_Laptop_19-43-32 - [verifyingTheBrandsFilterFunctionality_Laptop_19-43-32] Returning the  [[[ChromeDriver: chrome on windows (d94606cd1711080bb6c239f3792add45)] -> xpath: //div[@data-cy='title-recipe']], [[ChromeDriver: chrome on windows (d94606cd1711080bb6c239f3792add45)] -> xpath: //div[@data-cy='title-recipe']], [[ChromeDriver: chrome on windows (d94606cd1711080bb6c239f3792add45)] -> xpath: //div[@data-cy='title-recipe']], [[ChromeDriver: chrome on windows (d94606cd1711080bb6c239f3792add45)] -> xpath: //div[@data-cy='title-recipe']], [[ChromeDriver: chrome on windows (d94606cd1711080bb6c239f3792add45)] -> xpath: //div[@data-cy='title-recipe']], [[ChromeDriver: chrome on windows (d94606cd1711080bb6c239f3792add45)] -> xpath: //div[@data-cy='title-recipe']], [[ChromeDriver: chrome on windows (d94606cd1711080bb6c239f3792add45)] -> xpath: //div[@data-cy='title-recipe']], [[ChromeDriver: chrome on windows (d94606cd1711080bb6c239f3792add45)] -> xpath: //div[@data-cy='title-recipe']], [[ChromeDriver: chrome on windows (d94606cd1711080bb6c239f3792add45)] -> xpath: //div[@data-cy='title-recipe']], [[ChromeDriver: chrome on windows (d94606cd1711080bb6c239f3792add45)] -> xpath: //div[@data-cy='title-recipe']], [[ChromeDriver: chrome on windows (d94606cd1711080bb6c239f3792add45)] -> xpath: //div[@data-cy='title-recipe']], [[ChromeDriver: chrome on windows (d94606cd1711080bb6c239f3792add45)] -> xpath: //div[@data-cy='title-recipe']], [[ChromeDriver: chrome on windows (d94606cd1711080bb6c239f3792add45)] -> xpath: //div[@data-cy='title-recipe']], [[ChromeDriver: chrome on windows (d94606cd1711080bb6c239f3792add45)] -> xpath: //div[@data-cy='title-recipe']], [[ChromeDriver: chrome on windows (d94606cd1711080bb6c239f3792add45)] -> xpath: //div[@data-cy='title-recipe']], [[ChromeDriver: chrome on windows (d94606cd1711080bb6c239f3792add45)] -> xpath: //div[@data-cy='title-recipe']]] from the safeFindElements method
19:44:27 [TestNG-test-Test-3] INFO  verifyingTheBrandsFilterFunctionality_Laptop_19-43-32 - [verifyingTheBrandsFilterFunctionality_Laptop_19-43-32] Within productNameListingPage loop with product index 0and filter name Acer
19:44:27 [TestNG-test-Test-3] INFO  verifyingTheBrandsFilterFunctionality_Laptop_19-43-32 - [verifyingTheBrandsFilterFunctionality_Laptop_19-43-32] Within productNameListingPage loop with product index 1and filter name Acer
19:44:27 [TestNG-test-Test-3] INFO  verifyingTheBrandsFilterFunctionality_Laptop_19-43-32 - [verifyingTheBrandsFilterFunctionality_Laptop_19-43-32] Within productNameListingPage loop with product index 2and filter name Acer
19:44:27 [TestNG-test-Test-3] INFO  verifyingTheBrandsFilterFunctionality_Laptop_19-43-32 - [verifyingTheBrandsFilterFunctionality_Laptop_19-43-32] Within productNameListingPage loop with product index 3and filter name Acer
19:44:27 [TestNG-test-Test-3] INFO  verifyingTheBrandsFilterFunctionality_Laptop_19-43-32 - [verifyingTheBrandsFilterFunctionality_Laptop_19-43-32] Within productNameListingPage loop with product index 4and filter name Acer
19:44:27 [TestNG-test-Test-3] INFO  verifyingTheBrandsFilterFunctionality_Laptop_19-43-32 - [verifyingTheBrandsFilterFunctionality_Laptop_19-43-32] Within productNameListingPage loop with product index 5and filter name Acer
19:44:27 [TestNG-test-Test-3] INFO  verifyingTheBrandsFilterFunctionality_Laptop_19-43-32 - [verifyingTheBrandsFilterFunctionality_Laptop_19-43-32] Within productNameListingPage loop with product index 6and filter name Acer
19:44:27 [TestNG-test-Test-3] INFO  verifyingTheBrandsFilterFunctionality_Laptop_19-43-32 - [verifyingTheBrandsFilterFunctionality_Laptop_19-43-32] Within productNameListingPage loop with product index 7and filter name Acer
19:44:27 [TestNG-test-Test-3] INFO  verifyingTheBrandsFilterFunctionality_Laptop_19-43-32 - [verifyingTheBrandsFilterFunctionality_Laptop_19-43-32] Within productNameListingPage loop with product index 8and filter name Acer
19:44:27 [TestNG-test-Test-3] INFO  verifyingTheBrandsFilterFunctionality_Laptop_19-43-32 - [verifyingTheBrandsFilterFunctionality_Laptop_19-43-32] Within productNameListingPage loop with product index 9and filter name Acer
19:44:27 [TestNG-test-Test-3] INFO  verifyingTheBrandsFilterFunctionality_Laptop_19-43-32 - [verifyingTheBrandsFilterFunctionality_Laptop_19-43-32] Within productNameListingPage loop with product index 10and filter name Acer
19:44:27 [TestNG-test-Test-3] INFO  verifyingTheBrandsFilterFunctionality_Laptop_19-43-32 - [verifyingTheBrandsFilterFunctionality_Laptop_19-43-32] Within productNameListingPage loop with product index 11and filter name Acer
19:44:27 [TestNG-test-Test-3] INFO  verifyingTheBrandsFilterFunctionality_Laptop_19-43-32 - [verifyingTheBrandsFilterFunctionality_Laptop_19-43-32] Within productNameListingPage loop with product index 12and filter name Acer
19:44:27 [TestNG-test-Test-3] INFO  verifyingTheBrandsFilterFunctionality_Laptop_19-43-32 - [verifyingTheBrandsFilterFunctionality_Laptop_19-43-32] Within productNameListingPage loop with product index 13and filter name Acer
19:44:27 [TestNG-test-Test-3] INFO  verifyingTheBrandsFilterFunctionality_Laptop_19-43-32 - [verifyingTheBrandsFilterFunctionality_Laptop_19-43-32] Within productNameListingPage loop with product index 14and filter name Acer
19:44:27 [TestNG-test-Test-3] INFO  verifyingTheBrandsFilterFunctionality_Laptop_19-43-32 - [verifyingTheBrandsFilterFunctionality_Laptop_19-43-32] Within productNameListingPage loop with product index 15and filter name Acer
19:44:27 [TestNG-test-Test-3] INFO  verifyingTheBrandsFilterFunctionality_Laptop_19-43-32 - [verifyingTheBrandsFilterFunctionality_Laptop_19-43-32] Creating 'result' Map for storing ,'brand','isValid','mismatches list' with map size ->3
19:44:27 [TestNG-test-Test-3] INFO  verifyingTheBrandsFilterFunctionality_Laptop_19-43-32 - [verifyingTheBrandsFilterFunctionality_Laptop_19-43-32] Adding 'result' with the data into 'allResults' i.e list of Map3
19:44:27 [TestNG-test-Test-3] INFO  verifyingTheBrandsFilterFunctionality_Laptop_19-43-32 - [verifyingTheBrandsFilterFunctionality_Laptop_19-43-32] Waiting until element is visible in viewport
19:44:27 [TestNG-test-Test-3] INFO  verifyingTheBrandsFilterFunctionality_Laptop_19-43-32 - [verifyingTheBrandsFilterFunctionality_Laptop_19-43-32] Within safeClick method
19:44:28 [TestNG-test-Test-3] INFO  verifyingTheBrandsFilterFunctionality_Laptop_19-43-32 - [verifyingTheBrandsFilterFunctionality_Laptop_19-43-32] Clicked the  [[ChromeDriver: chrome on windows (d94606cd1711080bb6c239f3792add45)] -> xpath: //span[@class='a-size-base a-color-base' and text()='Clear']]   using safeClick
19:44:28 [TestNG-test-Test-3] INFO  verifyingTheBrandsFilterFunctionality_Laptop_19-43-32 - [verifyingTheBrandsFilterFunctionality_Laptop_19-43-32] Clicked clear button for the filter ->Acer
19:44:28 [TestNG-test-Test-3] INFO  verifyingTheBrandsFilterFunctionality_Laptop_19-43-32 - [verifyingTheBrandsFilterFunctionality_Laptop_19-43-32] Returning the allResults List of Maps containing the data
19:44:28 [TestNG-test-Test-3] INFO  verifyingTheBrandsFilterFunctionality_Laptop_19-43-32 - [verifyingTheBrandsFilterFunctionality_Laptop_19-43-32] All product titles matched for brand: 'ASUS'
19:44:28 [TestNG-test-Test-3] INFO  verifyingTheBrandsFilterFunctionality_Laptop_19-43-32 - [verifyingTheBrandsFilterFunctionality_Laptop_19-43-32] All product titles matched for brand: 'Acer'
19:44:28 [TestNG-test-Test-3] INFO  verifyingTheBrandsFilterFunctionality_Laptop_19-43-32 - [verifyingTheBrandsFilterFunctionality_Laptop_19-43-32]  Asserting all soft assertions now...
