19:25:16 [TestNG-test-Test-3] INFO  verifyingGetItIn2DaysFilterFunctionality_Mobile_19-25-16 - No existing WebDriver found for current thread. Initializing a new ChromeDriver...
19:25:16 [TestNG-test-Test-3] INFO  verifyingGetItIn2DaysFilterFunctionality_Mobile_19-25-16 - WebDriverManager: chromedriver setup OK
19:25:17 [TestNG-test-Test-3] INFO  verifyingGetItIn2DaysFilterFunctionality_Mobile_19-25-16 - ChromeDriver initialized successfully for thread: 36
19:25:19 [TestNG-test-Test-3] INFO  verifyingGetItIn2DaysFilterFunctionality_Mobile_19-25-16 - [verifyingGetItIn2DaysFilterFunctionality_Mobile_19-25-16] Opening amazon Landing page
19:25:19 [TestNG-test-Test-3] INFO  verifyingGetItIn2DaysFilterFunctionality_Mobile_19-25-16 - [verifyingGetItIn2DaysFilterFunctionality_Mobile_19-25-16] Within safeFindElement method
19:25:20 [TestNG-test-Test-3] INFO  verifyingGetItIn2DaysFilterFunctionality_Mobile_19-25-16 - [verifyingGetItIn2DaysFilterFunctionality_Mobile_19-25-16]Found the element returning it ,element ->[[ChromeDriver: chrome on windows (87c25c6d1d62f801bcf05c1cde57d81e)] -> xpath: //a[@id='nav-logo-sprites']]
19:25:21 [TestNG-test-Test-3] INFO  verifyingGetItIn2DaysFilterFunctionality_Mobile_19-25-16 - [verifyingGetItIn2DaysFilterFunctionality_Mobile_19-25-16] Giving input within the search bar
19:25:21 [TestNG-test-Test-3] INFO  verifyingGetItIn2DaysFilterFunctionality_Mobile_19-25-16 - [verifyingGetItIn2DaysFilterFunctionality_Mobile_19-25-16] Within safeClick method
19:25:23 [TestNG-test-Test-3] INFO  verifyingGetItIn2DaysFilterFunctionality_Mobile_19-25-16 - [verifyingGetItIn2DaysFilterFunctionality_Mobile_19-25-16] Clicked the  [[ChromeDriver: chrome on windows (87c25c6d1d62f801bcf05c1cde57d81e)] -> xpath: //input[@id='nav-search-submit-button']]   using safeClick
19:25:23 [TestNG-test-Test-3] INFO  verifyingGetItIn2DaysFilterFunctionality_Mobile_19-25-16 - [verifyingGetItIn2DaysFilterFunctionality_Mobile_19-25-16] Clicking on the submit in the search bar
19:25:23 [TestNG-test-Test-3] INFO  verifyingGetItIn2DaysFilterFunctionality_Mobile_19-25-16 - [verifyingGetItIn2DaysFilterFunctionality_Mobile_19-25-16] Waiting until element is visible in viewport
19:25:23 [TestNG-test-Test-3] INFO  verifyingGetItIn2DaysFilterFunctionality_Mobile_19-25-16 - [verifyingGetItIn2DaysFilterFunctionality_Mobile_19-25-16] Within validateDeliveryFilterOptionsWithResult method
19:25:23 [TestNG-test-Test-3] INFO  verifyingGetItIn2DaysFilterFunctionality_Mobile_19-25-16 - [verifyingGetItIn2DaysFilterFunctionality_Mobile_19-25-16] Within safeClick method
19:25:24 [TestNG-test-Test-3] INFO  verifyingGetItIn2DaysFilterFunctionality_Mobile_19-25-16 - [verifyingGetItIn2DaysFilterFunctionality_Mobile_19-25-16] Clicked the  [[ChromeDriver: chrome on windows (87c25c6d1d62f801bcf05c1cde57d81e)] -> xpath: //span[@class='a-size-base a-color-base puis-bold-weight-text' and text()='Delivery Day']/parent::div/following-sibling::ul//span[@class='a-size-base a-color-base' and text()='Get It in 2 Days']]   using safeClick
19:25:24 [TestNG-test-Test-3] INFO  verifyingGetItIn2DaysFilterFunctionality_Mobile_19-25-16 - [verifyingGetItIn2DaysFilterFunctionality_Mobile_19-25-16] Within getMoreButtonByFilterTypeAndName method
19:25:24 [TestNG-test-Test-3] INFO  verifyingGetItIn2DaysFilterFunctionality_Mobile_19-25-16 - [verifyingGetItIn2DaysFilterFunctionality_Mobile_19-25-16] Clicked on By.xpath: //span[@class='a-size-base a-color-base puis-bold-weight-text' and text()='Delivery Day']/parent::div/following-sibling::ul//span[@class='a-size-base a-color-base' and text()='Get It in 2 Days']
19:25:24 [TestNG-test-Test-3] INFO  verifyingGetItIn2DaysFilterFunctionality_Mobile_19-25-16 - [verifyingGetItIn2DaysFilterFunctionality_Mobile_19-25-16] Within safeFindElements 
19:25:24 [TestNG-test-Test-3] INFO  verifyingGetItIn2DaysFilterFunctionality_Mobile_19-25-16 - [verifyingGetItIn2DaysFilterFunctionality_Mobile_19-25-16] Returning the  [[[ChromeDriver: chrome on windows (87c25c6d1d62f801bcf05c1cde57d81e)] -> xpath: //div[@class='a-section a-spacing-small a-spacing-top-small']], [[ChromeDriver: chrome on windows (87c25c6d1d62f801bcf05c1cde57d81e)] -> xpath: //div[@class='a-section a-spacing-small a-spacing-top-small']], [[ChromeDriver: chrome on windows (87c25c6d1d62f801bcf05c1cde57d81e)] -> xpath: //div[@class='a-section a-spacing-small a-spacing-top-small']], [[ChromeDriver: chrome on windows (87c25c6d1d62f801bcf05c1cde57d81e)] -> xpath: //div[@class='a-section a-spacing-small a-spacing-top-small']], [[ChromeDriver: chrome on windows (87c25c6d1d62f801bcf05c1cde57d81e)] -> xpath: //div[@class='a-section a-spacing-small a-spacing-top-small']], [[ChromeDriver: chrome on windows (87c25c6d1d62f801bcf05c1cde57d81e)] -> xpath: //div[@class='a-section a-spacing-small a-spacing-top-small']], [[ChromeDriver: chrome on windows (87c25c6d1d62f801bcf05c1cde57d81e)] -> xpath: //div[@class='a-section a-spacing-small a-spacing-top-small']], [[ChromeDriver: chrome on windows (87c25c6d1d62f801bcf05c1cde57d81e)] -> xpath: //div[@class='a-section a-spacing-small a-spacing-top-small']]] from the safeFindElements method
19:25:24 [TestNG-test-Test-3] INFO  verifyingGetItIn2DaysFilterFunctionality_Mobile_19-25-16 - [verifyingGetItIn2DaysFilterFunctionality_Mobile_19-25-16] Created hashset with required data to assert with Within validateDeliveryFilterOptions method
19:25:24 [TestNG-test-Test-3] INFO  verifyingGetItIn2DaysFilterFunctionality_Mobile_19-25-16 - [verifyingGetItIn2DaysFilterFunctionality_Mobile_19-25-16] this is the set  [01, Aug, 02, Today, FREE delivery, Sat, Sun, Tomorrow]
19:25:24 [TestNG-test-Test-3] INFO  verifyingGetItIn2DaysFilterFunctionality_Mobile_19-25-16 - [verifyingGetItIn2DaysFilterFunctionality_Mobile_19-25-16] Within deliveryElements loop iterating over the products  Within validateDeliveryFilterOptions method
19:25:25 [TestNG-test-Test-3] INFO  verifyingGetItIn2DaysFilterFunctionality_Mobile_19-25-16 - [verifyingGetItIn2DaysFilterFunctionality_Mobile_19-25-16] Checking if the allowedDateParts have the assert text   Within validateDeliveryFilterOptions method
19:25:25 [TestNG-test-Test-3] INFO  verifyingGetItIn2DaysFilterFunctionality_Mobile_19-25-16 - [verifyingGetItIn2DaysFilterFunctionality_Mobile_19-25-16] Within deliveryElements loop iterating over the products  Within validateDeliveryFilterOptions method
19:25:25 [TestNG-test-Test-3] INFO  verifyingGetItIn2DaysFilterFunctionality_Mobile_19-25-16 - [verifyingGetItIn2DaysFilterFunctionality_Mobile_19-25-16] Checking if the allowedDateParts have the assert text   Within validateDeliveryFilterOptions method
19:25:25 [TestNG-test-Test-3] INFO  verifyingGetItIn2DaysFilterFunctionality_Mobile_19-25-16 - [verifyingGetItIn2DaysFilterFunctionality_Mobile_19-25-16] Within deliveryElements loop iterating over the products  Within validateDeliveryFilterOptions method
19:25:25 [TestNG-test-Test-3] INFO  verifyingGetItIn2DaysFilterFunctionality_Mobile_19-25-16 - [verifyingGetItIn2DaysFilterFunctionality_Mobile_19-25-16] Checking if the allowedDateParts have the assert text   Within validateDeliveryFilterOptions method
19:25:25 [TestNG-test-Test-3] INFO  verifyingGetItIn2DaysFilterFunctionality_Mobile_19-25-16 - [verifyingGetItIn2DaysFilterFunctionality_Mobile_19-25-16] Within deliveryElements loop iterating over the products  Within validateDeliveryFilterOptions method
19:25:25 [TestNG-test-Test-3] INFO  verifyingGetItIn2DaysFilterFunctionality_Mobile_19-25-16 - [verifyingGetItIn2DaysFilterFunctionality_Mobile_19-25-16] Checking if the allowedDateParts have the assert text   Within validateDeliveryFilterOptions method
19:25:25 [TestNG-test-Test-3] INFO  verifyingGetItIn2DaysFilterFunctionality_Mobile_19-25-16 - [verifyingGetItIn2DaysFilterFunctionality_Mobile_19-25-16] Within deliveryElements loop iterating over the products  Within validateDeliveryFilterOptions method
19:25:25 [TestNG-test-Test-3] INFO  verifyingGetItIn2DaysFilterFunctionality_Mobile_19-25-16 - [verifyingGetItIn2DaysFilterFunctionality_Mobile_19-25-16] Checking if the allowedDateParts have the assert text   Within validateDeliveryFilterOptions method
19:25:25 [TestNG-test-Test-3] INFO  verifyingGetItIn2DaysFilterFunctionality_Mobile_19-25-16 - [verifyingGetItIn2DaysFilterFunctionality_Mobile_19-25-16] Within deliveryElements loop iterating over the products  Within validateDeliveryFilterOptions method
19:25:25 [TestNG-test-Test-3] INFO  verifyingGetItIn2DaysFilterFunctionality_Mobile_19-25-16 - [verifyingGetItIn2DaysFilterFunctionality_Mobile_19-25-16] Checking if the allowedDateParts have the assert text   Within validateDeliveryFilterOptions method
19:25:25 [TestNG-test-Test-3] INFO  verifyingGetItIn2DaysFilterFunctionality_Mobile_19-25-16 - [verifyingGetItIn2DaysFilterFunctionality_Mobile_19-25-16] Within deliveryElements loop iterating over the products  Within validateDeliveryFilterOptions method
19:25:25 [TestNG-test-Test-3] INFO  verifyingGetItIn2DaysFilterFunctionality_Mobile_19-25-16 - [verifyingGetItIn2DaysFilterFunctionality_Mobile_19-25-16] Checking if the allowedDateParts have the assert text   Within validateDeliveryFilterOptions method
19:25:25 [TestNG-test-Test-3] INFO  verifyingGetItIn2DaysFilterFunctionality_Mobile_19-25-16 - [verifyingGetItIn2DaysFilterFunctionality_Mobile_19-25-16] Within deliveryElements loop iterating over the products  Within validateDeliveryFilterOptions method
19:25:25 [TestNG-test-Test-3] INFO  verifyingGetItIn2DaysFilterFunctionality_Mobile_19-25-16 - [verifyingGetItIn2DaysFilterFunctionality_Mobile_19-25-16] Checking if the allowedDateParts have the assert text   Within validateDeliveryFilterOptions method
19:25:25 [TestNG-test-Test-3] INFO  verifyingGetItIn2DaysFilterFunctionality_Mobile_19-25-16 - [verifyingGetItIn2DaysFilterFunctionality_Mobile_19-25-16] Returning the list with boolean values   Within validateDeliveryFilterOptions method
19:25:25 [TestNG-test-Test-3] INFO  verifyingGetItIn2DaysFilterFunctionality_Mobile_19-25-16 - [verifyingGetItIn2DaysFilterFunctionality_Mobile_19-25-16] Asserting delivery filter: isValid=true, index=-1, text=All the things are valid no errors
