19:26:27 [TestNG-test-Test-3] INFO  verifyingGetItByTodayFilterFunctionality_Tablet_19-26-27 - No existing WebDriver found for current thread. Initializing a new ChromeDriver...
19:26:27 [TestNG-test-Test-3] INFO  verifyingGetItByTodayFilterFunctionality_Tablet_19-26-27 - WebDriverManager: chromedriver setup OK
19:26:28 [TestNG-test-Test-3] INFO  verifyingGetItByTodayFilterFunctionality_Tablet_19-26-27 - ChromeDriver initialized successfully for thread: 36
19:26:31 [TestNG-test-Test-3] INFO  verifyingGetItByTodayFilterFunctionality_Tablet_19-26-27 - [verifyingGetItByTodayFilterFunctionality_Tablet_19-26-27] Opening amazon Landing page
19:26:32 [TestNG-test-Test-3] INFO  verifyingGetItByTodayFilterFunctionality_Tablet_19-26-27 - [verifyingGetItByTodayFilterFunctionality_Tablet_19-26-27] Within safeFindElement method
19:26:32 [TestNG-test-Test-3] INFO  verifyingGetItByTodayFilterFunctionality_Tablet_19-26-27 - [verifyingGetItByTodayFilterFunctionality_Tablet_19-26-27]Found the element returning it ,element ->[[ChromeDriver: chrome on windows (5bcf25b6b913456ff83c61dcc1c4a0c4)] -> xpath: //a[@id='nav-logo-sprites']]
19:26:33 [TestNG-test-Test-3] INFO  verifyingGetItByTodayFilterFunctionality_Tablet_19-26-27 - [verifyingGetItByTodayFilterFunctionality_Tablet_19-26-27] Giving input within the search bar
19:26:33 [TestNG-test-Test-3] INFO  verifyingGetItByTodayFilterFunctionality_Tablet_19-26-27 - [verifyingGetItByTodayFilterFunctionality_Tablet_19-26-27] Within safeClick method
19:26:35 [TestNG-test-Test-3] INFO  verifyingGetItByTodayFilterFunctionality_Tablet_19-26-27 - [verifyingGetItByTodayFilterFunctionality_Tablet_19-26-27] Clicked the  [[ChromeDriver: chrome on windows (5bcf25b6b913456ff83c61dcc1c4a0c4)] -> xpath: //input[@id='nav-search-submit-button']]   using safeClick
19:26:35 [TestNG-test-Test-3] INFO  verifyingGetItByTodayFilterFunctionality_Tablet_19-26-27 - [verifyingGetItByTodayFilterFunctionality_Tablet_19-26-27] Clicking on the submit in the search bar
19:26:36 [TestNG-test-Test-3] INFO  verifyingGetItByTodayFilterFunctionality_Tablet_19-26-27 - [verifyingGetItByTodayFilterFunctionality_Tablet_19-26-27] Waiting until element is visible in viewport
19:26:36 [TestNG-test-Test-3] INFO  verifyingGetItByTodayFilterFunctionality_Tablet_19-26-27 - [verifyingGetItByTodayFilterFunctionality_Tablet_19-26-27] Within validateDeliveryFilterOptionsWithResult method
19:26:36 [TestNG-test-Test-3] INFO  verifyingGetItByTodayFilterFunctionality_Tablet_19-26-27 - [verifyingGetItByTodayFilterFunctionality_Tablet_19-26-27] Within safeClick method
19:26:36 [TestNG-test-Test-3] INFO  verifyingGetItByTodayFilterFunctionality_Tablet_19-26-27 - [verifyingGetItByTodayFilterFunctionality_Tablet_19-26-27] Clicked the  [[ChromeDriver: chrome on windows (5bcf25b6b913456ff83c61dcc1c4a0c4)] -> xpath: //span[@class='a-size-base a-color-base puis-bold-weight-text' and text()='Delivery Day']/parent::div/following-sibling::ul//span[@class='a-size-base a-color-base' and text()='Get It Today']]   using safeClick
19:26:36 [TestNG-test-Test-3] INFO  verifyingGetItByTodayFilterFunctionality_Tablet_19-26-27 - [verifyingGetItByTodayFilterFunctionality_Tablet_19-26-27] Within getMoreButtonByFilterTypeAndName method
19:26:36 [TestNG-test-Test-3] INFO  verifyingGetItByTodayFilterFunctionality_Tablet_19-26-27 - [verifyingGetItByTodayFilterFunctionality_Tablet_19-26-27] Clicked on By.xpath: //span[@class='a-size-base a-color-base puis-bold-weight-text' and text()='Delivery Day']/parent::div/following-sibling::ul//span[@class='a-size-base a-color-base' and text()='Get It Today']
19:26:36 [TestNG-test-Test-3] INFO  verifyingGetItByTodayFilterFunctionality_Tablet_19-26-27 - [verifyingGetItByTodayFilterFunctionality_Tablet_19-26-27] Within safeFindElements 
19:26:37 [TestNG-test-Test-3] INFO  verifyingGetItByTodayFilterFunctionality_Tablet_19-26-27 - [verifyingGetItByTodayFilterFunctionality_Tablet_19-26-27] Returning the  [[[ChromeDriver: chrome on windows (5bcf25b6b913456ff83c61dcc1c4a0c4)] -> xpath: //div[@class='a-section a-spacing-small a-spacing-top-small']], [[ChromeDriver: chrome on windows (5bcf25b6b913456ff83c61dcc1c4a0c4)] -> xpath: //div[@class='a-section a-spacing-small a-spacing-top-small']], [[ChromeDriver: chrome on windows (5bcf25b6b913456ff83c61dcc1c4a0c4)] -> xpath: //div[@class='a-section a-spacing-small a-spacing-top-small']], [[ChromeDriver: chrome on windows (5bcf25b6b913456ff83c61dcc1c4a0c4)] -> xpath: //div[@class='a-section a-spacing-small a-spacing-top-small']], [[ChromeDriver: chrome on windows (5bcf25b6b913456ff83c61dcc1c4a0c4)] -> xpath: //div[@class='a-section a-spacing-small a-spacing-top-small']], [[ChromeDriver: chrome on windows (5bcf25b6b913456ff83c61dcc1c4a0c4)] -> xpath: //div[@class='a-section a-spacing-small a-spacing-top-small']], [[ChromeDriver: chrome on windows (5bcf25b6b913456ff83c61dcc1c4a0c4)] -> xpath: //div[@class='a-section a-spacing-small a-spacing-top-small']]] from the safeFindElements method
19:26:37 [TestNG-test-Test-3] INFO  verifyingGetItByTodayFilterFunctionality_Tablet_19-26-27 - [verifyingGetItByTodayFilterFunctionality_Tablet_19-26-27] Created hashset with required data to assert with Within validateDeliveryFilterOptions method
19:26:37 [TestNG-test-Test-3] INFO  verifyingGetItByTodayFilterFunctionality_Tablet_19-26-27 - [verifyingGetItByTodayFilterFunctionality_Tablet_19-26-27] this is the set  [Jul, Today, 25, 26, FREE delivery, Sat, Sun, Tomorrow]
19:26:37 [TestNG-test-Test-3] INFO  verifyingGetItByTodayFilterFunctionality_Tablet_19-26-27 - [verifyingGetItByTodayFilterFunctionality_Tablet_19-26-27] Within deliveryElements loop iterating over the products  Within validateDeliveryFilterOptions method
19:26:37 [TestNG-test-Test-3] INFO  verifyingGetItByTodayFilterFunctionality_Tablet_19-26-27 - [verifyingGetItByTodayFilterFunctionality_Tablet_19-26-27] Checking if the allowedDateParts have the assert text   Within validateDeliveryFilterOptions method
19:26:37 [TestNG-test-Test-3] INFO  verifyingGetItByTodayFilterFunctionality_Tablet_19-26-27 - [verifyingGetItByTodayFilterFunctionality_Tablet_19-26-27] Within deliveryElements loop iterating over the products  Within validateDeliveryFilterOptions method
19:26:37 [TestNG-test-Test-3] INFO  verifyingGetItByTodayFilterFunctionality_Tablet_19-26-27 - [verifyingGetItByTodayFilterFunctionality_Tablet_19-26-27] Checking if the allowedDateParts have the assert text   Within validateDeliveryFilterOptions method
19:26:37 [TestNG-test-Test-3] INFO  verifyingGetItByTodayFilterFunctionality_Tablet_19-26-27 - [verifyingGetItByTodayFilterFunctionality_Tablet_19-26-27] Within deliveryElements loop iterating over the products  Within validateDeliveryFilterOptions method
19:26:37 [TestNG-test-Test-3] INFO  verifyingGetItByTodayFilterFunctionality_Tablet_19-26-27 - [verifyingGetItByTodayFilterFunctionality_Tablet_19-26-27] Checking if the allowedDateParts have the assert text   Within validateDeliveryFilterOptions method
19:26:37 [TestNG-test-Test-3] INFO  verifyingGetItByTodayFilterFunctionality_Tablet_19-26-27 - [verifyingGetItByTodayFilterFunctionality_Tablet_19-26-27] Within deliveryElements loop iterating over the products  Within validateDeliveryFilterOptions method
19:26:37 [TestNG-test-Test-3] INFO  verifyingGetItByTodayFilterFunctionality_Tablet_19-26-27 - [verifyingGetItByTodayFilterFunctionality_Tablet_19-26-27] Checking if the allowedDateParts have the assert text   Within validateDeliveryFilterOptions method
19:26:37 [TestNG-test-Test-3] INFO  verifyingGetItByTodayFilterFunctionality_Tablet_19-26-27 - [verifyingGetItByTodayFilterFunctionality_Tablet_19-26-27] Within deliveryElements loop iterating over the products  Within validateDeliveryFilterOptions method
19:26:37 [TestNG-test-Test-3] INFO  verifyingGetItByTodayFilterFunctionality_Tablet_19-26-27 - [verifyingGetItByTodayFilterFunctionality_Tablet_19-26-27] Checking if the allowedDateParts have the assert text   Within validateDeliveryFilterOptions method
19:26:37 [TestNG-test-Test-3] INFO  verifyingGetItByTodayFilterFunctionality_Tablet_19-26-27 - [verifyingGetItByTodayFilterFunctionality_Tablet_19-26-27] Within deliveryElements loop iterating over the products  Within validateDeliveryFilterOptions method
19:26:37 [TestNG-test-Test-3] INFO  verifyingGetItByTodayFilterFunctionality_Tablet_19-26-27 - [verifyingGetItByTodayFilterFunctionality_Tablet_19-26-27] Checking if the allowedDateParts have the assert text   Within validateDeliveryFilterOptions method
19:26:37 [TestNG-test-Test-3] INFO  verifyingGetItByTodayFilterFunctionality_Tablet_19-26-27 - [verifyingGetItByTodayFilterFunctionality_Tablet_19-26-27] Within deliveryElements loop iterating over the products  Within validateDeliveryFilterOptions method
19:26:37 [TestNG-test-Test-3] INFO  verifyingGetItByTodayFilterFunctionality_Tablet_19-26-27 - [verifyingGetItByTodayFilterFunctionality_Tablet_19-26-27] Checking if the allowedDateParts have the assert text   Within validateDeliveryFilterOptions method
19:26:37 [TestNG-test-Test-3] INFO  verifyingGetItByTodayFilterFunctionality_Tablet_19-26-27 - [verifyingGetItByTodayFilterFunctionality_Tablet_19-26-27] Returning the list with boolean values   Within validateDeliveryFilterOptions method
19:26:37 [TestNG-test-Test-3] INFO  verifyingGetItByTodayFilterFunctionality_Tablet_19-26-27 - [verifyingGetItByTodayFilterFunctionality_Tablet_19-26-27] Asserting delivery filter: isValid=true, index=-1, text=All the things are valid no errors
