19:57:32 [TestNG-test-Test-3] INFO  verifyingGetItByTodayFilterFunctionality_Mobile_19-57-32 - No existing WebDriver found for current thread. Initializing a new ChromeDriver...
19:57:32 [TestNG-test-Test-3] INFO  verifyingGetItByTodayFilterFunctionality_Mobile_19-57-32 - WebDriverManager: chromedriver setup OK
19:57:33 [TestNG-test-Test-3] INFO  verifyingGetItByTodayFilterFunctionality_Mobile_19-57-32 - ChromeDriver initialized successfully for thread: 36
19:57:36 [TestNG-test-Test-3] INFO  verifyingGetItByTodayFilterFunctionality_Mobile_19-57-32 - [verifyingGetItByTodayFilterFunctionality_Mobile_19-57-32] Opening amazon Landing page
19:57:37 [TestNG-test-Test-3] INFO  verifyingGetItByTodayFilterFunctionality_Mobile_19-57-32 - [verifyingGetItByTodayFilterFunctionality_Mobile_19-57-32] Within safeFindElement method
19:57:37 [TestNG-test-Test-3] INFO  verifyingGetItByTodayFilterFunctionality_Mobile_19-57-32 - [verifyingGetItByTodayFilterFunctionality_Mobile_19-57-32]Found the element returning it ,element ->[[ChromeDriver: chrome on windows (342ed5a7e5f01bbf56d0a84264140b08)] -> xpath: //a[@id='nav-logo-sprites']]
19:57:38 [TestNG-test-Test-3] INFO  verifyingGetItByTodayFilterFunctionality_Mobile_19-57-32 - [verifyingGetItByTodayFilterFunctionality_Mobile_19-57-32] Giving input within the search bar
19:57:38 [TestNG-test-Test-3] INFO  verifyingGetItByTodayFilterFunctionality_Mobile_19-57-32 - [verifyingGetItByTodayFilterFunctionality_Mobile_19-57-32] Within safeClick method
19:57:40 [TestNG-test-Test-3] INFO  verifyingGetItByTodayFilterFunctionality_Mobile_19-57-32 - [verifyingGetItByTodayFilterFunctionality_Mobile_19-57-32] Clicked the  [[ChromeDriver: chrome on windows (342ed5a7e5f01bbf56d0a84264140b08)] -> xpath: //input[@id='nav-search-submit-button']]   using safeClick
19:57:40 [TestNG-test-Test-3] INFO  verifyingGetItByTodayFilterFunctionality_Mobile_19-57-32 - [verifyingGetItByTodayFilterFunctionality_Mobile_19-57-32] Clicking on the submit in the search bar
19:57:41 [TestNG-test-Test-3] INFO  verifyingGetItByTodayFilterFunctionality_Mobile_19-57-32 - [verifyingGetItByTodayFilterFunctionality_Mobile_19-57-32] Waiting until element is visible in viewport
19:57:41 [TestNG-test-Test-3] INFO  verifyingGetItByTodayFilterFunctionality_Mobile_19-57-32 - [verifyingGetItByTodayFilterFunctionality_Mobile_19-57-32] Within validateDeliveryFilterOptionsWithResult method
19:57:41 [TestNG-test-Test-3] INFO  verifyingGetItByTodayFilterFunctionality_Mobile_19-57-32 - [verifyingGetItByTodayFilterFunctionality_Mobile_19-57-32] Within safeClick method
19:57:41 [TestNG-test-Test-3] INFO  verifyingGetItByTodayFilterFunctionality_Mobile_19-57-32 - [verifyingGetItByTodayFilterFunctionality_Mobile_19-57-32] Clicked the  [[ChromeDriver: chrome on windows (342ed5a7e5f01bbf56d0a84264140b08)] -> xpath: //span[@class='a-size-base a-color-base puis-bold-weight-text' and text()='Delivery Day']/parent::div/following-sibling::ul//span[@class='a-size-base a-color-base' and text()='Get It Today']]   using safeClick
19:57:41 [TestNG-test-Test-3] INFO  verifyingGetItByTodayFilterFunctionality_Mobile_19-57-32 - [verifyingGetItByTodayFilterFunctionality_Mobile_19-57-32] Within getMoreButtonByFilterTypeAndName method
19:57:41 [TestNG-test-Test-3] INFO  verifyingGetItByTodayFilterFunctionality_Mobile_19-57-32 - [verifyingGetItByTodayFilterFunctionality_Mobile_19-57-32] Clicked on By.xpath: //span[@class='a-size-base a-color-base puis-bold-weight-text' and text()='Delivery Day']/parent::div/following-sibling::ul//span[@class='a-size-base a-color-base' and text()='Get It Today']
19:57:41 [TestNG-test-Test-3] INFO  verifyingGetItByTodayFilterFunctionality_Mobile_19-57-32 - [verifyingGetItByTodayFilterFunctionality_Mobile_19-57-32] Within safeFindElements 
19:57:42 [TestNG-test-Test-3] INFO  verifyingGetItByTodayFilterFunctionality_Mobile_19-57-32 - [verifyingGetItByTodayFilterFunctionality_Mobile_19-57-32] Returning the  [[[ChromeDriver: chrome on windows (342ed5a7e5f01bbf56d0a84264140b08)] -> xpath: //div[@class='a-section a-spacing-small a-spacing-top-small']], [[ChromeDriver: chrome on windows (342ed5a7e5f01bbf56d0a84264140b08)] -> xpath: //div[@class='a-section a-spacing-small a-spacing-top-small']], [[ChromeDriver: chrome on windows (342ed5a7e5f01bbf56d0a84264140b08)] -> xpath: //div[@class='a-section a-spacing-small a-spacing-top-small']], [[ChromeDriver: chrome on windows (342ed5a7e5f01bbf56d0a84264140b08)] -> xpath: //div[@class='a-section a-spacing-small a-spacing-top-small']], [[ChromeDriver: chrome on windows (342ed5a7e5f01bbf56d0a84264140b08)] -> xpath: //div[@class='a-section a-spacing-small a-spacing-top-small']], [[ChromeDriver: chrome on windows (342ed5a7e5f01bbf56d0a84264140b08)] -> xpath: //div[@class='a-section a-spacing-small a-spacing-top-small']], [[ChromeDriver: chrome on windows (342ed5a7e5f01bbf56d0a84264140b08)] -> xpath: //div[@class='a-section a-spacing-small a-spacing-top-small']], [[ChromeDriver: chrome on windows (342ed5a7e5f01bbf56d0a84264140b08)] -> xpath: //div[@class='a-section a-spacing-small a-spacing-top-small']], [[ChromeDriver: chrome on windows (342ed5a7e5f01bbf56d0a84264140b08)] -> xpath: //div[@class='a-section a-spacing-small a-spacing-top-small']], [[ChromeDriver: chrome on windows (342ed5a7e5f01bbf56d0a84264140b08)] -> xpath: //div[@class='a-section a-spacing-small a-spacing-top-small']], [[ChromeDriver: chrome on windows (342ed5a7e5f01bbf56d0a84264140b08)] -> xpath: //div[@class='a-section a-spacing-small a-spacing-top-small']]] from the safeFindElements method
19:57:42 [TestNG-test-Test-3] INFO  verifyingGetItByTodayFilterFunctionality_Mobile_19-57-32 - [verifyingGetItByTodayFilterFunctionality_Mobile_19-57-32] Created hashset with required data to assert with Within validateDeliveryFilterOptions method
19:57:42 [TestNG-test-Test-3] INFO  verifyingGetItByTodayFilterFunctionality_Mobile_19-57-32 - [verifyingGetItByTodayFilterFunctionality_Mobile_19-57-32] this is the set  [Jul, 01, Aug, Today, FREE delivery, Sat, Fri, Tomorrow, 31]
19:57:42 [TestNG-test-Test-3] INFO  verifyingGetItByTodayFilterFunctionality_Mobile_19-57-32 - [verifyingGetItByTodayFilterFunctionality_Mobile_19-57-32] Within deliveryElements loop iterating over the products  Within validateDeliveryFilterOptions method
19:57:42 [TestNG-test-Test-3] INFO  verifyingGetItByTodayFilterFunctionality_Mobile_19-57-32 - [verifyingGetItByTodayFilterFunctionality_Mobile_19-57-32] Checking if the allowedDateParts have the assert text   Within validateDeliveryFilterOptions method
19:57:42 [TestNG-test-Test-3] INFO  verifyingGetItByTodayFilterFunctionality_Mobile_19-57-32 - [verifyingGetItByTodayFilterFunctionality_Mobile_19-57-32] Within deliveryElements loop iterating over the products  Within validateDeliveryFilterOptions method
19:57:42 [TestNG-test-Test-3] INFO  verifyingGetItByTodayFilterFunctionality_Mobile_19-57-32 - [verifyingGetItByTodayFilterFunctionality_Mobile_19-57-32] Checking if the allowedDateParts have the assert text   Within validateDeliveryFilterOptions method
19:57:42 [TestNG-test-Test-3] INFO  verifyingGetItByTodayFilterFunctionality_Mobile_19-57-32 - [verifyingGetItByTodayFilterFunctionality_Mobile_19-57-32] Within deliveryElements loop iterating over the products  Within validateDeliveryFilterOptions method
19:57:42 [TestNG-test-Test-3] INFO  verifyingGetItByTodayFilterFunctionality_Mobile_19-57-32 - [verifyingGetItByTodayFilterFunctionality_Mobile_19-57-32] Checking if the allowedDateParts have the assert text   Within validateDeliveryFilterOptions method
19:57:42 [TestNG-test-Test-3] INFO  verifyingGetItByTodayFilterFunctionality_Mobile_19-57-32 - [verifyingGetItByTodayFilterFunctionality_Mobile_19-57-32] Within deliveryElements loop iterating over the products  Within validateDeliveryFilterOptions method
19:57:42 [TestNG-test-Test-3] INFO  verifyingGetItByTodayFilterFunctionality_Mobile_19-57-32 - [verifyingGetItByTodayFilterFunctionality_Mobile_19-57-32] Checking if the allowedDateParts have the assert text   Within validateDeliveryFilterOptions method
19:57:42 [TestNG-test-Test-3] INFO  verifyingGetItByTodayFilterFunctionality_Mobile_19-57-32 - [verifyingGetItByTodayFilterFunctionality_Mobile_19-57-32] Within deliveryElements loop iterating over the products  Within validateDeliveryFilterOptions method
19:57:42 [TestNG-test-Test-3] INFO  verifyingGetItByTodayFilterFunctionality_Mobile_19-57-32 - [verifyingGetItByTodayFilterFunctionality_Mobile_19-57-32] Checking if the allowedDateParts have the assert text   Within validateDeliveryFilterOptions method
19:57:42 [TestNG-test-Test-3] INFO  verifyingGetItByTodayFilterFunctionality_Mobile_19-57-32 - [verifyingGetItByTodayFilterFunctionality_Mobile_19-57-32] Within deliveryElements loop iterating over the products  Within validateDeliveryFilterOptions method
19:57:43 [TestNG-test-Test-3] INFO  verifyingGetItByTodayFilterFunctionality_Mobile_19-57-32 - [verifyingGetItByTodayFilterFunctionality_Mobile_19-57-32] Checking if the allowedDateParts have the assert text   Within validateDeliveryFilterOptions method
19:57:43 [TestNG-test-Test-3] INFO  verifyingGetItByTodayFilterFunctionality_Mobile_19-57-32 - [verifyingGetItByTodayFilterFunctionality_Mobile_19-57-32] Within deliveryElements loop iterating over the products  Within validateDeliveryFilterOptions method
19:57:43 [TestNG-test-Test-3] INFO  verifyingGetItByTodayFilterFunctionality_Mobile_19-57-32 - [verifyingGetItByTodayFilterFunctionality_Mobile_19-57-32] Checking if the allowedDateParts have the assert text   Within validateDeliveryFilterOptions method
19:57:43 [TestNG-test-Test-3] INFO  verifyingGetItByTodayFilterFunctionality_Mobile_19-57-32 - [verifyingGetItByTodayFilterFunctionality_Mobile_19-57-32] Within deliveryElements loop iterating over the products  Within validateDeliveryFilterOptions method
19:57:43 [TestNG-test-Test-3] INFO  verifyingGetItByTodayFilterFunctionality_Mobile_19-57-32 - [verifyingGetItByTodayFilterFunctionality_Mobile_19-57-32] Checking if the allowedDateParts have the assert text   Within validateDeliveryFilterOptions method
19:57:43 [TestNG-test-Test-3] INFO  verifyingGetItByTodayFilterFunctionality_Mobile_19-57-32 - [verifyingGetItByTodayFilterFunctionality_Mobile_19-57-32] Within deliveryElements loop iterating over the products  Within validateDeliveryFilterOptions method
19:57:43 [TestNG-test-Test-3] INFO  verifyingGetItByTodayFilterFunctionality_Mobile_19-57-32 - [verifyingGetItByTodayFilterFunctionality_Mobile_19-57-32] Checking if the allowedDateParts have the assert text   Within validateDeliveryFilterOptions method
19:57:43 [TestNG-test-Test-3] INFO  verifyingGetItByTodayFilterFunctionality_Mobile_19-57-32 - [verifyingGetItByTodayFilterFunctionality_Mobile_19-57-32] Within deliveryElements loop iterating over the products  Within validateDeliveryFilterOptions method
19:57:43 [TestNG-test-Test-3] INFO  verifyingGetItByTodayFilterFunctionality_Mobile_19-57-32 - [verifyingGetItByTodayFilterFunctionality_Mobile_19-57-32] Checking if the allowedDateParts have the assert text   Within validateDeliveryFilterOptions method
19:57:43 [TestNG-test-Test-3] INFO  verifyingGetItByTodayFilterFunctionality_Mobile_19-57-32 - [verifyingGetItByTodayFilterFunctionality_Mobile_19-57-32] Within deliveryElements loop iterating over the products  Within validateDeliveryFilterOptions method
19:57:43 [TestNG-test-Test-3] INFO  verifyingGetItByTodayFilterFunctionality_Mobile_19-57-32 - [verifyingGetItByTodayFilterFunctionality_Mobile_19-57-32] Checking if the allowedDateParts have the assert text   Within validateDeliveryFilterOptions method
19:57:43 [TestNG-test-Test-3] INFO  verifyingGetItByTodayFilterFunctionality_Mobile_19-57-32 - [verifyingGetItByTodayFilterFunctionality_Mobile_19-57-32] Returning the list with boolean values   Within validateDeliveryFilterOptions method
19:57:43 [TestNG-test-Test-3] INFO  verifyingGetItByTodayFilterFunctionality_Mobile_19-57-32 - [verifyingGetItByTodayFilterFunctionality_Mobile_19-57-32] Asserting delivery filter: isValid=true, index=-1, text=All the things are valid no errors
