20:51:29 [TestNG-test-Test-3] INFO  verifyingGetItIn2DaysFilterFunctionality_Tablet_20-51-29 - No existing WebDriver found for current thread. Initializing a new ChromeDriver...
20:51:29 [TestNG-test-Test-3] INFO  verifyingGetItIn2DaysFilterFunctionality_Tablet_20-51-29 - WebDriverManager: chromedriver setup OK
20:51:31 [TestNG-test-Test-3] INFO  verifyingGetItIn2DaysFilterFunctionality_Tablet_20-51-29 - ChromeDriver initialized successfully for thread: 36
20:51:32 [TestNG-test-Test-3] INFO  verifyingGetItIn2DaysFilterFunctionality_Tablet_20-51-29 - [verifyingGetItIn2DaysFilterFunctionality_Tablet_20-51-29] Opening amazon Landing page
20:51:32 [TestNG-test-Test-3] INFO  verifyingGetItIn2DaysFilterFunctionality_Tablet_20-51-29 - [verifyingGetItIn2DaysFilterFunctionality_Tablet_20-51-29] Within safeFindElement method
20:51:32 [TestNG-test-Test-3] INFO  verifyingGetItIn2DaysFilterFunctionality_Tablet_20-51-29 - [verifyingGetItIn2DaysFilterFunctionality_Tablet_20-51-29]Found the element returning it ,element ->[[ChromeDriver: chrome on windows (5d5d49a69c863319d8ee05566a4f486a)] -> xpath: //a[@id='nav-logo-sprites']]
20:51:34 [TestNG-test-Test-3] INFO  verifyingGetItIn2DaysFilterFunctionality_Tablet_20-51-29 - [verifyingGetItIn2DaysFilterFunctionality_Tablet_20-51-29] Giving input within the search bar
20:51:34 [TestNG-test-Test-3] INFO  verifyingGetItIn2DaysFilterFunctionality_Tablet_20-51-29 - [verifyingGetItIn2DaysFilterFunctionality_Tablet_20-51-29] Within safeClick method
20:51:38 [TestNG-test-Test-3] INFO  verifyingGetItIn2DaysFilterFunctionality_Tablet_20-51-29 - [verifyingGetItIn2DaysFilterFunctionality_Tablet_20-51-29] Clicked the  [[ChromeDriver: chrome on windows (5d5d49a69c863319d8ee05566a4f486a)] -> xpath: //input[@id='nav-search-submit-button']]   using safeClick
20:51:38 [TestNG-test-Test-3] INFO  verifyingGetItIn2DaysFilterFunctionality_Tablet_20-51-29 - [verifyingGetItIn2DaysFilterFunctionality_Tablet_20-51-29] Clicking on the submit in the search bar
20:51:39 [TestNG-test-Test-3] INFO  verifyingGetItIn2DaysFilterFunctionality_Tablet_20-51-29 - [verifyingGetItIn2DaysFilterFunctionality_Tablet_20-51-29] Waiting until element is visible in viewport
20:51:39 [TestNG-test-Test-3] INFO  verifyingGetItIn2DaysFilterFunctionality_Tablet_20-51-29 - [verifyingGetItIn2DaysFilterFunctionality_Tablet_20-51-29] Within validateDeliveryFilterOptionsWithResult method
20:51:39 [TestNG-test-Test-3] INFO  verifyingGetItIn2DaysFilterFunctionality_Tablet_20-51-29 - [verifyingGetItIn2DaysFilterFunctionality_Tablet_20-51-29] Within safeClick method
20:51:39 [TestNG-test-Test-3] INFO  verifyingGetItIn2DaysFilterFunctionality_Tablet_20-51-29 - [verifyingGetItIn2DaysFilterFunctionality_Tablet_20-51-29] Clicked the  [[ChromeDriver: chrome on windows (5d5d49a69c863319d8ee05566a4f486a)] -> xpath: //span[@class='a-size-base a-color-base puis-bold-weight-text' and text()='Delivery Day']/parent::div/following-sibling::ul//span[@class='a-size-base a-color-base' and text()='Get It in 2 Days']]   using safeClick
20:51:39 [TestNG-test-Test-3] INFO  verifyingGetItIn2DaysFilterFunctionality_Tablet_20-51-29 - [verifyingGetItIn2DaysFilterFunctionality_Tablet_20-51-29] Within getMoreButtonByFilterTypeAndName method
20:51:39 [TestNG-test-Test-3] INFO  verifyingGetItIn2DaysFilterFunctionality_Tablet_20-51-29 - [verifyingGetItIn2DaysFilterFunctionality_Tablet_20-51-29] Clicked on By.xpath: //span[@class='a-size-base a-color-base puis-bold-weight-text' and text()='Delivery Day']/parent::div/following-sibling::ul//span[@class='a-size-base a-color-base' and text()='Get It in 2 Days']
20:51:39 [TestNG-test-Test-3] INFO  verifyingGetItIn2DaysFilterFunctionality_Tablet_20-51-29 - [verifyingGetItIn2DaysFilterFunctionality_Tablet_20-51-29] Within safeFindElements 
20:51:40 [TestNG-test-Test-3] INFO  verifyingGetItIn2DaysFilterFunctionality_Tablet_20-51-29 - [verifyingGetItIn2DaysFilterFunctionality_Tablet_20-51-29] Returning the  [[[ChromeDriver: chrome on windows (5d5d49a69c863319d8ee05566a4f486a)] -> xpath: //div[@class='a-section a-spacing-small a-spacing-top-small']], [[ChromeDriver: chrome on windows (5d5d49a69c863319d8ee05566a4f486a)] -> xpath: //div[@class='a-section a-spacing-small a-spacing-top-small']], [[ChromeDriver: chrome on windows (5d5d49a69c863319d8ee05566a4f486a)] -> xpath: //div[@class='a-section a-spacing-small a-spacing-top-small']], [[ChromeDriver: chrome on windows (5d5d49a69c863319d8ee05566a4f486a)] -> xpath: //div[@class='a-section a-spacing-small a-spacing-top-small']], [[ChromeDriver: chrome on windows (5d5d49a69c863319d8ee05566a4f486a)] -> xpath: //div[@class='a-section a-spacing-small a-spacing-top-small']], [[ChromeDriver: chrome on windows (5d5d49a69c863319d8ee05566a4f486a)] -> xpath: //div[@class='a-section a-spacing-small a-spacing-top-small']], [[ChromeDriver: chrome on windows (5d5d49a69c863319d8ee05566a4f486a)] -> xpath: //div[@class='a-section a-spacing-small a-spacing-top-small']], [[ChromeDriver: chrome on windows (5d5d49a69c863319d8ee05566a4f486a)] -> xpath: //div[@class='a-section a-spacing-small a-spacing-top-small']], [[ChromeDriver: chrome on windows (5d5d49a69c863319d8ee05566a4f486a)] -> xpath: //div[@class='a-section a-spacing-small a-spacing-top-small']], [[ChromeDriver: chrome on windows (5d5d49a69c863319d8ee05566a4f486a)] -> xpath: //div[@class='a-section a-spacing-small a-spacing-top-small']], [[ChromeDriver: chrome on windows (5d5d49a69c863319d8ee05566a4f486a)] -> xpath: //div[@class='a-section a-spacing-small a-spacing-top-small']], [[ChromeDriver: chrome on windows (5d5d49a69c863319d8ee05566a4f486a)] -> xpath: //div[@class='a-section a-spacing-small a-spacing-top-small']], [[ChromeDriver: chrome on windows (5d5d49a69c863319d8ee05566a4f486a)] -> xpath: //div[@class='a-section a-spacing-small a-spacing-top-small']], [[ChromeDriver: chrome on windows (5d5d49a69c863319d8ee05566a4f486a)] -> xpath: //div[@class='a-section a-spacing-small a-spacing-top-small']], [[ChromeDriver: chrome on windows (5d5d49a69c863319d8ee05566a4f486a)] -> xpath: //div[@class='a-section a-spacing-small a-spacing-top-small']], [[ChromeDriver: chrome on windows (5d5d49a69c863319d8ee05566a4f486a)] -> xpath: //div[@class='a-section a-spacing-small a-spacing-top-small']]] from the safeFindElements method
20:51:40 [TestNG-test-Test-3] INFO  verifyingGetItIn2DaysFilterFunctionality_Tablet_20-51-29 - [verifyingGetItIn2DaysFilterFunctionality_Tablet_20-51-29] Created hashset with required data to assert with Within validateDeliveryFilterOptions method
20:51:40 [TestNG-test-Test-3] INFO  verifyingGetItIn2DaysFilterFunctionality_Tablet_20-51-29 - [verifyingGetItIn2DaysFilterFunctionality_Tablet_20-51-29] this is the set  [Today, Tue, FREE delivery, Wed, 08, 09, Tomorrow, Sep]
20:51:40 [TestNG-test-Test-3] INFO  verifyingGetItIn2DaysFilterFunctionality_Tablet_20-51-29 - [verifyingGetItIn2DaysFilterFunctionality_Tablet_20-51-29] Within deliveryElements loop iterating over the products  Within validateDeliveryFilterOptions method
20:51:40 [TestNG-test-Test-3] INFO  verifyingGetItIn2DaysFilterFunctionality_Tablet_20-51-29 - [verifyingGetItIn2DaysFilterFunctionality_Tablet_20-51-29] Checking if the allowedDateParts have the assert text   Within validateDeliveryFilterOptions method
20:51:40 [TestNG-test-Test-3] INFO  verifyingGetItIn2DaysFilterFunctionality_Tablet_20-51-29 - [verifyingGetItIn2DaysFilterFunctionality_Tablet_20-51-29] Within deliveryElements loop iterating over the products  Within validateDeliveryFilterOptions method
20:51:40 [TestNG-test-Test-3] INFO  verifyingGetItIn2DaysFilterFunctionality_Tablet_20-51-29 - [verifyingGetItIn2DaysFilterFunctionality_Tablet_20-51-29] Checking if the allowedDateParts have the assert text   Within validateDeliveryFilterOptions method
20:51:40 [TestNG-test-Test-3] INFO  verifyingGetItIn2DaysFilterFunctionality_Tablet_20-51-29 - [verifyingGetItIn2DaysFilterFunctionality_Tablet_20-51-29] Within deliveryElements loop iterating over the products  Within validateDeliveryFilterOptions method
20:51:40 [TestNG-test-Test-3] INFO  verifyingGetItIn2DaysFilterFunctionality_Tablet_20-51-29 - [verifyingGetItIn2DaysFilterFunctionality_Tablet_20-51-29] Checking if the allowedDateParts have the assert text   Within validateDeliveryFilterOptions method
20:51:40 [TestNG-test-Test-3] INFO  verifyingGetItIn2DaysFilterFunctionality_Tablet_20-51-29 - [verifyingGetItIn2DaysFilterFunctionality_Tablet_20-51-29] Within deliveryElements loop iterating over the products  Within validateDeliveryFilterOptions method
20:51:40 [TestNG-test-Test-3] INFO  verifyingGetItIn2DaysFilterFunctionality_Tablet_20-51-29 - [verifyingGetItIn2DaysFilterFunctionality_Tablet_20-51-29] Checking if the allowedDateParts have the assert text   Within validateDeliveryFilterOptions method
20:51:40 [TestNG-test-Test-3] INFO  verifyingGetItIn2DaysFilterFunctionality_Tablet_20-51-29 - [verifyingGetItIn2DaysFilterFunctionality_Tablet_20-51-29] Within deliveryElements loop iterating over the products  Within validateDeliveryFilterOptions method
20:51:41 [TestNG-test-Test-3] INFO  verifyingGetItIn2DaysFilterFunctionality_Tablet_20-51-29 - [verifyingGetItIn2DaysFilterFunctionality_Tablet_20-51-29] Checking if the allowedDateParts have the assert text   Within validateDeliveryFilterOptions method
20:51:41 [TestNG-test-Test-3] INFO  verifyingGetItIn2DaysFilterFunctionality_Tablet_20-51-29 - [verifyingGetItIn2DaysFilterFunctionality_Tablet_20-51-29] Within deliveryElements loop iterating over the products  Within validateDeliveryFilterOptions method
20:51:41 [TestNG-test-Test-3] INFO  verifyingGetItIn2DaysFilterFunctionality_Tablet_20-51-29 - [verifyingGetItIn2DaysFilterFunctionality_Tablet_20-51-29] Checking if the allowedDateParts have the assert text   Within validateDeliveryFilterOptions method
20:51:41 [TestNG-test-Test-3] INFO  verifyingGetItIn2DaysFilterFunctionality_Tablet_20-51-29 - [verifyingGetItIn2DaysFilterFunctionality_Tablet_20-51-29] Within deliveryElements loop iterating over the products  Within validateDeliveryFilterOptions method
20:51:41 [TestNG-test-Test-3] INFO  verifyingGetItIn2DaysFilterFunctionality_Tablet_20-51-29 - [verifyingGetItIn2DaysFilterFunctionality_Tablet_20-51-29] Checking if the allowedDateParts have the assert text   Within validateDeliveryFilterOptions method
20:51:41 [TestNG-test-Test-3] INFO  verifyingGetItIn2DaysFilterFunctionality_Tablet_20-51-29 - [verifyingGetItIn2DaysFilterFunctionality_Tablet_20-51-29] Within deliveryElements loop iterating over the products  Within validateDeliveryFilterOptions method
20:51:41 [TestNG-test-Test-3] INFO  verifyingGetItIn2DaysFilterFunctionality_Tablet_20-51-29 - [verifyingGetItIn2DaysFilterFunctionality_Tablet_20-51-29] Checking if the allowedDateParts have the assert text   Within validateDeliveryFilterOptions method
20:51:41 [TestNG-test-Test-3] INFO  verifyingGetItIn2DaysFilterFunctionality_Tablet_20-51-29 - [verifyingGetItIn2DaysFilterFunctionality_Tablet_20-51-29] Within deliveryElements loop iterating over the products  Within validateDeliveryFilterOptions method
20:51:41 [TestNG-test-Test-3] INFO  verifyingGetItIn2DaysFilterFunctionality_Tablet_20-51-29 - [verifyingGetItIn2DaysFilterFunctionality_Tablet_20-51-29] Checking if the allowedDateParts have the assert text   Within validateDeliveryFilterOptions method
20:51:41 [TestNG-test-Test-3] INFO  verifyingGetItIn2DaysFilterFunctionality_Tablet_20-51-29 - [verifyingGetItIn2DaysFilterFunctionality_Tablet_20-51-29] Within deliveryElements loop iterating over the products  Within validateDeliveryFilterOptions method
20:51:41 [TestNG-test-Test-3] INFO  verifyingGetItIn2DaysFilterFunctionality_Tablet_20-51-29 - [verifyingGetItIn2DaysFilterFunctionality_Tablet_20-51-29] Checking if the allowedDateParts have the assert text   Within validateDeliveryFilterOptions method
20:51:41 [TestNG-test-Test-3] INFO  verifyingGetItIn2DaysFilterFunctionality_Tablet_20-51-29 - [verifyingGetItIn2DaysFilterFunctionality_Tablet_20-51-29] Within deliveryElements loop iterating over the products  Within validateDeliveryFilterOptions method
20:51:41 [TestNG-test-Test-3] INFO  verifyingGetItIn2DaysFilterFunctionality_Tablet_20-51-29 - [verifyingGetItIn2DaysFilterFunctionality_Tablet_20-51-29] Checking if the allowedDateParts have the assert text   Within validateDeliveryFilterOptions method
20:51:41 [TestNG-test-Test-3] INFO  verifyingGetItIn2DaysFilterFunctionality_Tablet_20-51-29 - [verifyingGetItIn2DaysFilterFunctionality_Tablet_20-51-29] Within deliveryElements loop iterating over the products  Within validateDeliveryFilterOptions method
20:51:41 [TestNG-test-Test-3] INFO  verifyingGetItIn2DaysFilterFunctionality_Tablet_20-51-29 - [verifyingGetItIn2DaysFilterFunctionality_Tablet_20-51-29] Checking if the allowedDateParts have the assert text   Within validateDeliveryFilterOptions method
20:51:41 [TestNG-test-Test-3] INFO  verifyingGetItIn2DaysFilterFunctionality_Tablet_20-51-29 - [verifyingGetItIn2DaysFilterFunctionality_Tablet_20-51-29] Within deliveryElements loop iterating over the products  Within validateDeliveryFilterOptions method
20:51:41 [TestNG-test-Test-3] INFO  verifyingGetItIn2DaysFilterFunctionality_Tablet_20-51-29 - [verifyingGetItIn2DaysFilterFunctionality_Tablet_20-51-29] Checking if the allowedDateParts have the assert text   Within validateDeliveryFilterOptions method
20:51:41 [TestNG-test-Test-3] INFO  verifyingGetItIn2DaysFilterFunctionality_Tablet_20-51-29 - [verifyingGetItIn2DaysFilterFunctionality_Tablet_20-51-29] Within deliveryElements loop iterating over the products  Within validateDeliveryFilterOptions method
20:51:41 [TestNG-test-Test-3] INFO  verifyingGetItIn2DaysFilterFunctionality_Tablet_20-51-29 - [verifyingGetItIn2DaysFilterFunctionality_Tablet_20-51-29] Checking if the allowedDateParts have the assert text   Within validateDeliveryFilterOptions method
20:51:41 [TestNG-test-Test-3] INFO  verifyingGetItIn2DaysFilterFunctionality_Tablet_20-51-29 - [verifyingGetItIn2DaysFilterFunctionality_Tablet_20-51-29] Within deliveryElements loop iterating over the products  Within validateDeliveryFilterOptions method
20:51:41 [TestNG-test-Test-3] INFO  verifyingGetItIn2DaysFilterFunctionality_Tablet_20-51-29 - [verifyingGetItIn2DaysFilterFunctionality_Tablet_20-51-29] Checking if the allowedDateParts have the assert text   Within validateDeliveryFilterOptions method
20:51:41 [TestNG-test-Test-3] INFO  verifyingGetItIn2DaysFilterFunctionality_Tablet_20-51-29 - [verifyingGetItIn2DaysFilterFunctionality_Tablet_20-51-29] Within deliveryElements loop iterating over the products  Within validateDeliveryFilterOptions method
20:51:41 [TestNG-test-Test-3] INFO  verifyingGetItIn2DaysFilterFunctionality_Tablet_20-51-29 - [verifyingGetItIn2DaysFilterFunctionality_Tablet_20-51-29] Checking if the allowedDateParts have the assert text   Within validateDeliveryFilterOptions method
20:51:41 [TestNG-test-Test-3] INFO  verifyingGetItIn2DaysFilterFunctionality_Tablet_20-51-29 - [verifyingGetItIn2DaysFilterFunctionality_Tablet_20-51-29] Returning the list with boolean values   Within validateDeliveryFilterOptions method
20:51:41 [TestNG-test-Test-3] INFO  verifyingGetItIn2DaysFilterFunctionality_Tablet_20-51-29 - [verifyingGetItIn2DaysFilterFunctionality_Tablet_20-51-29] Asserting delivery filter: isValid=true, index=-1, text=All the things are valid no errors
