19:08:05 [TestNG-test-Test-1] INFO  verifyingPriceSilderFunctionality_19-08-05 - No existing WebDriver found for current thread. Initializing a new ChromeDriver...
19:08:05 [TestNG-test-Test-1] INFO  verifyingPriceSilderFunctionality_19-08-05 - WebDriverManager: chromedriver setup OK
19:08:06 [TestNG-test-Test-1] INFO  verifyingPriceSilderFunctionality_19-08-05 - ChromeDriver initialized successfully for thread: 34
19:08:07 [TestNG-test-Test-1] INFO  verifyingPriceSilderFunctionality_19-08-05 - [verifyingPriceSilderFunctionality_19-08-05] Opening amazon Landing page
19:08:08 [TestNG-test-Test-1] INFO  verifyingPriceSilderFunctionality_19-08-05 - [verifyingPriceSilderFunctionality_19-08-05] Within safeFindElement method
19:08:08 [TestNG-test-Test-1] INFO  verifyingPriceSilderFunctionality_19-08-05 - [verifyingPriceSilderFunctionality_19-08-05]Found the element returning it ,element ->[[ChromeDriver: chrome on windows (ea60b7c2772db217ad14d41db6e33286)] -> xpath: //a[@id='nav-logo-sprites']]
19:08:09 [TestNG-test-Test-1] INFO  verifyingPriceSilderFunctionality_19-08-05 - [verifyingPriceSilderFunctionality_19-08-05] Giving input within the search bar
19:08:09 [TestNG-test-Test-1] INFO  verifyingPriceSilderFunctionality_19-08-05 - [verifyingPriceSilderFunctionality_19-08-05] Within safeClick method
19:08:12 [TestNG-test-Test-1] INFO  verifyingPriceSilderFunctionality_19-08-05 - [verifyingPriceSilderFunctionality_19-08-05] Clicked the  [[ChromeDriver: chrome on windows (ea60b7c2772db217ad14d41db6e33286)] -> xpath: //input[@id='nav-search-submit-button']]   using safeClick
19:08:12 [TestNG-test-Test-1] INFO  verifyingPriceSilderFunctionality_19-08-05 - [verifyingPriceSilderFunctionality_19-08-05] Clicking on the submit in the search bar
19:08:12 [TestNG-test-Test-1] INFO  verifyingPriceSilderFunctionality_19-08-05 - [verifyingPriceSilderFunctionality_19-08-05] Within filterCheckUnderList method
19:08:13 [TestNG-test-Test-1] INFO  verifyingPriceSilderFunctionality_19-08-05 - [verifyingPriceSilderFunctionality_19-08-05] Found the Filter within the filter check List
19:08:13 [TestNG-test-Test-1] INFO  verifyingPriceSilderFunctionality_19-08-05 - [verifyingPriceSilderFunctionality_19-08-05] Within applyPriceSliderAndValidateWithResult method
19:08:13 [TestNG-test-Test-1] INFO  verifyingPriceSilderFunctionality_19-08-05 - [verifyingPriceSilderFunctionality_19-08-05] Within smoothScrollToElement method
19:08:13 [TestNG-test-Test-1] INFO  verifyingPriceSilderFunctionality_19-08-05 - [verifyingPriceSilderFunctionality_19-08-05] Within safeFindElement method
19:08:13 [TestNG-test-Test-1] INFO  verifyingPriceSilderFunctionality_19-08-05 - [verifyingPriceSilderFunctionality_19-08-05]Found the element returning it ,element ->[[ChromeDriver: chrome on windows (ea60b7c2772db217ad14d41db6e33286)] -> id: p_36/range-slider_slider-item_lower-bound-slider]
19:08:13 [TestNG-test-Test-1] INFO  verifyingPriceSilderFunctionality_19-08-05 - [verifyingPriceSilderFunctionality_19-08-05] Successfully scrolled to element: By.id: p_36/range-slider_slider-item_lower-bound-slider
19:08:13 [TestNG-test-Test-1] INFO  verifyingPriceSilderFunctionality_19-08-05 - [verifyingPriceSilderFunctionality_19-08-05] Within safeFindElement method
19:08:13 [TestNG-test-Test-1] INFO  verifyingPriceSilderFunctionality_19-08-05 - [verifyingPriceSilderFunctionality_19-08-05]Found the element returning it ,element ->[[ChromeDriver: chrome on windows (ea60b7c2772db217ad14d41db6e33286)] -> id: p_36/range-slider_slider-item_lower-bound-slider]
19:08:13 [TestNG-test-Test-1] INFO  verifyingPriceSilderFunctionality_19-08-05 - [verifyingPriceSilderFunctionality_19-08-05] Within safeFindElement method
19:08:13 [TestNG-test-Test-1] INFO  verifyingPriceSilderFunctionality_19-08-05 - [verifyingPriceSilderFunctionality_19-08-05]Found the element returning it ,element ->[[ChromeDriver: chrome on windows (ea60b7c2772db217ad14d41db6e33286)] -> id: p_36/range-slider_slider-item_upper-bound-slider]
19:08:13 [TestNG-test-Test-1] INFO  verifyingPriceSilderFunctionality_19-08-05 - [verifyingPriceSilderFunctionality_19-08-05] in the setSliderValue method with value 61
19:08:13 [TestNG-test-Test-1] INFO  verifyingPriceSilderFunctionality_19-08-05 - [verifyingPriceSilderFunctionality_19-08-05] in the setSliderValue method with value 81
19:08:13 [TestNG-test-Test-1] INFO  verifyingPriceSilderFunctionality_19-08-05 - [verifyingPriceSilderFunctionality_19-08-05] Within safeFindElement method
19:08:13 [TestNG-test-Test-1] INFO  verifyingPriceSilderFunctionality_19-08-05 - [verifyingPriceSilderFunctionality_19-08-05]Found the element returning it ,element ->[[ChromeDriver: chrome on windows (ea60b7c2772db217ad14d41db6e33286)] -> xpath: //label[@for='p_36/range-slider_slider-item_upper-bound-slider']]
19:08:13 [TestNG-test-Test-1] INFO  verifyingPriceSilderFunctionality_19-08-05 - [verifyingPriceSilderFunctionality_19-08-05] Within safeFindElement method
19:08:13 [TestNG-test-Test-1] INFO  verifyingPriceSilderFunctionality_19-08-05 - [verifyingPriceSilderFunctionality_19-08-05]Found the element returning it ,element ->[[ChromeDriver: chrome on windows (ea60b7c2772db217ad14d41db6e33286)] -> xpath: //label[@for='p_36/range-slider_slider-item_lower-bound-slider']]
19:08:14 [TestNG-test-Test-1] INFO  verifyingPriceSilderFunctionality_19-08-05 - [verifyingPriceSilderFunctionality_19-08-05] Within smoothScrollToElement method
19:08:14 [TestNG-test-Test-1] INFO  verifyingPriceSilderFunctionality_19-08-05 - [verifyingPriceSilderFunctionality_19-08-05] Within safeFindElement method
19:08:15 [TestNG-test-Test-1] INFO  verifyingPriceSilderFunctionality_19-08-05 - [verifyingPriceSilderFunctionality_19-08-05]Found the element returning it ,element ->[[ChromeDriver: chrome on windows (ea60b7c2772db217ad14d41db6e33286)] -> id: p_36/range-slider_slider-item_lower-bound-slider]
19:08:15 [TestNG-test-Test-1] INFO  verifyingPriceSilderFunctionality_19-08-05 - [verifyingPriceSilderFunctionality_19-08-05] Successfully scrolled to element: By.id: p_36/range-slider_slider-item_lower-bound-slider
19:08:15 [TestNG-test-Test-1] INFO  verifyingPriceSilderFunctionality_19-08-05 - [verifyingPriceSilderFunctionality_19-08-05] Adding the data 'min','max','isValid' ,'mismatches' to 'result' Map->81
19:08:15 [TestNG-test-Test-1] INFO  verifyingPriceSilderFunctionality_19-08-05 - [verifyingPriceSilderFunctionality_19-08-05] Adding the 'results'  Map to the master 'allResults' i.e is List of maps->81
19:08:15 [TestNG-test-Test-1] INFO  verifyingPriceSilderFunctionality_19-08-05 - [verifyingPriceSilderFunctionality_19-08-05] in the setSliderValue method with value 91
19:08:15 [TestNG-test-Test-1] INFO  verifyingPriceSilderFunctionality_19-08-05 - [verifyingPriceSilderFunctionality_19-08-05] in the setSliderValue method with value 121
19:08:15 [TestNG-test-Test-1] INFO  verifyingPriceSilderFunctionality_19-08-05 - [verifyingPriceSilderFunctionality_19-08-05] Within safeFindElement method
19:08:15 [TestNG-test-Test-1] INFO  verifyingPriceSilderFunctionality_19-08-05 - [verifyingPriceSilderFunctionality_19-08-05]Found the element returning it ,element ->[[ChromeDriver: chrome on windows (ea60b7c2772db217ad14d41db6e33286)] -> xpath: //label[@for='p_36/range-slider_slider-item_upper-bound-slider']]
19:08:15 [TestNG-test-Test-1] INFO  verifyingPriceSilderFunctionality_19-08-05 - [verifyingPriceSilderFunctionality_19-08-05] Within safeFindElement method
19:08:16 [TestNG-test-Test-1] INFO  verifyingPriceSilderFunctionality_19-08-05 - [verifyingPriceSilderFunctionality_19-08-05]Found the element returning it ,element ->[[ChromeDriver: chrome on windows (ea60b7c2772db217ad14d41db6e33286)] -> xpath: //label[@for='p_36/range-slider_slider-item_lower-bound-slider']]
19:08:16 [TestNG-test-Test-1] INFO  verifyingPriceSilderFunctionality_19-08-05 - [verifyingPriceSilderFunctionality_19-08-05] Within smoothScrollToElement method
19:08:16 [TestNG-test-Test-1] INFO  verifyingPriceSilderFunctionality_19-08-05 - [verifyingPriceSilderFunctionality_19-08-05] Within safeFindElement method
19:08:17 [TestNG-test-Test-1] INFO  verifyingPriceSilderFunctionality_19-08-05 - [verifyingPriceSilderFunctionality_19-08-05]Found the element returning it ,element ->[[ChromeDriver: chrome on windows (ea60b7c2772db217ad14d41db6e33286)] -> id: p_36/range-slider_slider-item_lower-bound-slider]
19:08:17 [TestNG-test-Test-1] INFO  verifyingPriceSilderFunctionality_19-08-05 - [verifyingPriceSilderFunctionality_19-08-05] Successfully scrolled to element: By.id: p_36/range-slider_slider-item_lower-bound-slider
19:08:18 [TestNG-test-Test-1] INFO  verifyingPriceSilderFunctionality_19-08-05 - [verifyingPriceSilderFunctionality_19-08-05] Adding the data 'min','max','isValid' ,'mismatches' to 'result' Map->121
19:08:18 [TestNG-test-Test-1] INFO  verifyingPriceSilderFunctionality_19-08-05 - [verifyingPriceSilderFunctionality_19-08-05] Adding the 'results'  Map to the master 'allResults' i.e is List of maps->121
19:08:18 [TestNG-test-Test-1] INFO  verifyingPriceSilderFunctionality_19-08-05 - [verifyingPriceSilderFunctionality_19-08-05] in the setSliderValue method with value 131
19:08:18 [TestNG-test-Test-1] INFO  verifyingPriceSilderFunctionality_19-08-05 - [verifyingPriceSilderFunctionality_19-08-05] in the setSliderValue method with value 161
19:08:18 [TestNG-test-Test-1] INFO  verifyingPriceSilderFunctionality_19-08-05 - [verifyingPriceSilderFunctionality_19-08-05] Within safeFindElement method
19:08:18 [TestNG-test-Test-1] INFO  verifyingPriceSilderFunctionality_19-08-05 - [verifyingPriceSilderFunctionality_19-08-05]Found the element returning it ,element ->[[ChromeDriver: chrome on windows (ea60b7c2772db217ad14d41db6e33286)] -> xpath: //label[@for='p_36/range-slider_slider-item_upper-bound-slider']]
19:08:18 [TestNG-test-Test-1] INFO  verifyingPriceSilderFunctionality_19-08-05 - [verifyingPriceSilderFunctionality_19-08-05] Within safeFindElement method
19:08:18 [TestNG-test-Test-1] INFO  verifyingPriceSilderFunctionality_19-08-05 - [verifyingPriceSilderFunctionality_19-08-05]Found the element returning it ,element ->[[ChromeDriver: chrome on windows (ea60b7c2772db217ad14d41db6e33286)] -> xpath: //label[@for='p_36/range-slider_slider-item_lower-bound-slider']]
19:08:18 [TestNG-test-Test-1] INFO  verifyingPriceSilderFunctionality_19-08-05 - [verifyingPriceSilderFunctionality_19-08-05] Within smoothScrollToElement method
19:08:18 [TestNG-test-Test-1] INFO  verifyingPriceSilderFunctionality_19-08-05 - [verifyingPriceSilderFunctionality_19-08-05] Within safeFindElement method
19:08:20 [TestNG-test-Test-1] INFO  verifyingPriceSilderFunctionality_19-08-05 - [verifyingPriceSilderFunctionality_19-08-05]Found the element returning it ,element ->[[ChromeDriver: chrome on windows (ea60b7c2772db217ad14d41db6e33286)] -> id: p_36/range-slider_slider-item_lower-bound-slider]
19:08:20 [TestNG-test-Test-1] INFO  verifyingPriceSilderFunctionality_19-08-05 - [verifyingPriceSilderFunctionality_19-08-05] Successfully scrolled to element: By.id: p_36/range-slider_slider-item_lower-bound-slider
19:08:20 [TestNG-test-Test-1] INFO  verifyingPriceSilderFunctionality_19-08-05 - [verifyingPriceSilderFunctionality_19-08-05] Adding the data 'min','max','isValid' ,'mismatches' to 'result' Map->161
19:08:20 [TestNG-test-Test-1] INFO  verifyingPriceSilderFunctionality_19-08-05 - [verifyingPriceSilderFunctionality_19-08-05] Adding the 'results'  Map to the master 'allResults' i.e is List of maps->161
19:08:20 [TestNG-test-Test-1] INFO  verifyingPriceSilderFunctionality_19-08-05 - [verifyingPriceSilderFunctionality_19-08-05] Returning the data here in the end
19:08:20 [TestNG-test-Test-1] INFO  verifyingPriceSilderFunctionality_19-08-05 - [verifyingPriceSilderFunctionality_19-08-05]  Price range validated successfully: 61 - 81
19:08:20 [TestNG-test-Test-1] INFO  verifyingPriceSilderFunctionality_19-08-05 - [verifyingPriceSilderFunctionality_19-08-05] ------------------------------------------------------------
19:08:20 [TestNG-test-Test-1] INFO  verifyingPriceSilderFunctionality_19-08-05 - [verifyingPriceSilderFunctionality_19-08-05]  Price range validated successfully: 91 - 121
19:08:20 [TestNG-test-Test-1] INFO  verifyingPriceSilderFunctionality_19-08-05 - [verifyingPriceSilderFunctionality_19-08-05] ------------------------------------------------------------
19:08:20 [TestNG-test-Test-1] INFO  verifyingPriceSilderFunctionality_19-08-05 - [verifyingPriceSilderFunctionality_19-08-05]  Price range validated successfully: 131 - 161
19:08:20 [TestNG-test-Test-1] INFO  verifyingPriceSilderFunctionality_19-08-05 - [verifyingPriceSilderFunctionality_19-08-05] ------------------------------------------------------------
19:08:20 [TestNG-test-Test-1] INFO  verifyingPriceSilderFunctionality_19-08-05 - [verifyingPriceSilderFunctionality_19-08-05]  Asserting all soft assertions now...
