20:06:58 [TestNG-test-Test-3] INFO  verifyingFreeDeliveryFilterFunctionality_Laptop_20-06-58 - No existing WebDriver found for current thread. Initializing a new ChromeDriver...
20:06:58 [TestNG-test-Test-3] INFO  verifyingFreeDeliveryFilterFunctionality_Laptop_20-06-58 - WebDriverManager: chromedriver setup OK
20:07:00 [TestNG-test-Test-3] INFO  verifyingFreeDeliveryFilterFunctionality_Laptop_20-06-58 - ChromeDriver initialized successfully for thread: 36
20:07:02 [TestNG-test-Test-3] INFO  verifyingFreeDeliveryFilterFunctionality_Laptop_20-06-58 - [verifyingFreeDeliveryFilterFunctionality_Laptop_20-06-58] Opening amazon Landing page
20:07:02 [TestNG-test-Test-3] INFO  verifyingFreeDeliveryFilterFunctionality_Laptop_20-06-58 - [verifyingFreeDeliveryFilterFunctionality_Laptop_20-06-58] Within safeFindElement method
20:07:02 [TestNG-test-Test-3] INFO  verifyingFreeDeliveryFilterFunctionality_Laptop_20-06-58 - [verifyingFreeDeliveryFilterFunctionality_Laptop_20-06-58]Found the element returning it ,element ->[[ChromeDriver: chrome on windows (a8c5014fc76a5738773d3aed3a1f5fa0)] -> xpath: //a[@id='nav-logo-sprites']]
20:07:03 [TestNG-test-Test-3] INFO  verifyingFreeDeliveryFilterFunctionality_Laptop_20-06-58 - [verifyingFreeDeliveryFilterFunctionality_Laptop_20-06-58] Giving input within the search bar
20:07:03 [TestNG-test-Test-3] INFO  verifyingFreeDeliveryFilterFunctionality_Laptop_20-06-58 - [verifyingFreeDeliveryFilterFunctionality_Laptop_20-06-58] Within safeClick method
20:07:06 [TestNG-test-Test-3] INFO  verifyingFreeDeliveryFilterFunctionality_Laptop_20-06-58 - [verifyingFreeDeliveryFilterFunctionality_Laptop_20-06-58] Clicked the  [[ChromeDriver: chrome on windows (a8c5014fc76a5738773d3aed3a1f5fa0)] -> xpath: //input[@id='nav-search-submit-button']]   using safeClick
20:07:06 [TestNG-test-Test-3] INFO  verifyingFreeDeliveryFilterFunctionality_Laptop_20-06-58 - [verifyingFreeDeliveryFilterFunctionality_Laptop_20-06-58] Clicking on the submit in the search bar
20:07:06 [TestNG-test-Test-3] INFO  verifyingFreeDeliveryFilterFunctionality_Laptop_20-06-58 - [verifyingFreeDeliveryFilterFunctionality_Laptop_20-06-58] Waiting until element is visible in viewport
20:07:06 [TestNG-test-Test-3] INFO  verifyingFreeDeliveryFilterFunctionality_Laptop_20-06-58 - [verifyingFreeDeliveryFilterFunctionality_Laptop_20-06-58] Within validateDeliveryFilterOptionsWithResult method
20:07:06 [TestNG-test-Test-3] INFO  verifyingFreeDeliveryFilterFunctionality_Laptop_20-06-58 - [verifyingFreeDeliveryFilterFunctionality_Laptop_20-06-58] Within safeClick method
20:07:07 [TestNG-test-Test-3] INFO  verifyingFreeDeliveryFilterFunctionality_Laptop_20-06-58 - [verifyingFreeDeliveryFilterFunctionality_Laptop_20-06-58] Clicked the  [[ChromeDriver: chrome on windows (a8c5014fc76a5738773d3aed3a1f5fa0)] -> xpath: //span[@class='a-size-base a-color-base puis-bold-weight-text' and text()='Eligible for Free Delivery']/parent::div/following-sibling::ul//span[@class='a-size-base a-color-base' and text()='Free Shipping']]   using safeClick
20:07:07 [TestNG-test-Test-3] INFO  verifyingFreeDeliveryFilterFunctionality_Laptop_20-06-58 - [verifyingFreeDeliveryFilterFunctionality_Laptop_20-06-58] Within getMoreButtonByFilterTypeAndName method
20:07:07 [TestNG-test-Test-3] INFO  verifyingFreeDeliveryFilterFunctionality_Laptop_20-06-58 - [verifyingFreeDeliveryFilterFunctionality_Laptop_20-06-58] Clicked on By.xpath: //span[@class='a-size-base a-color-base puis-bold-weight-text' and text()='Eligible for Free Delivery']/parent::div/following-sibling::ul//span[@class='a-size-base a-color-base' and text()='Free Shipping']
20:07:07 [TestNG-test-Test-3] INFO  verifyingFreeDeliveryFilterFunctionality_Laptop_20-06-58 - [verifyingFreeDeliveryFilterFunctionality_Laptop_20-06-58] Within safeFindElements 
20:07:07 [TestNG-test-Test-3] INFO  verifyingFreeDeliveryFilterFunctionality_Laptop_20-06-58 - [verifyingFreeDeliveryFilterFunctionality_Laptop_20-06-58] Returning the  [[[ChromeDriver: chrome on windows (a8c5014fc76a5738773d3aed3a1f5fa0)] -> xpath: //div[@class='a-section a-spacing-small a-spacing-top-small']], [[ChromeDriver: chrome on windows (a8c5014fc76a5738773d3aed3a1f5fa0)] -> xpath: //div[@class='a-section a-spacing-small a-spacing-top-small']], [[ChromeDriver: chrome on windows (a8c5014fc76a5738773d3aed3a1f5fa0)] -> xpath: //div[@class='a-section a-spacing-small a-spacing-top-small']], [[ChromeDriver: chrome on windows (a8c5014fc76a5738773d3aed3a1f5fa0)] -> xpath: //div[@class='a-section a-spacing-small a-spacing-top-small']], [[ChromeDriver: chrome on windows (a8c5014fc76a5738773d3aed3a1f5fa0)] -> xpath: //div[@class='a-section a-spacing-small a-spacing-top-small']], [[ChromeDriver: chrome on windows (a8c5014fc76a5738773d3aed3a1f5fa0)] -> xpath: //div[@class='a-section a-spacing-small a-spacing-top-small']], [[ChromeDriver: chrome on windows (a8c5014fc76a5738773d3aed3a1f5fa0)] -> xpath: //div[@class='a-section a-spacing-small a-spacing-top-small']], [[ChromeDriver: chrome on windows (a8c5014fc76a5738773d3aed3a1f5fa0)] -> xpath: //div[@class='a-section a-spacing-small a-spacing-top-small']], [[ChromeDriver: chrome on windows (a8c5014fc76a5738773d3aed3a1f5fa0)] -> xpath: //div[@class='a-section a-spacing-small a-spacing-top-small']], [[ChromeDriver: chrome on windows (a8c5014fc76a5738773d3aed3a1f5fa0)] -> xpath: //div[@class='a-section a-spacing-small a-spacing-top-small']], [[ChromeDriver: chrome on windows (a8c5014fc76a5738773d3aed3a1f5fa0)] -> xpath: //div[@class='a-section a-spacing-small a-spacing-top-small']], [[ChromeDriver: chrome on windows (a8c5014fc76a5738773d3aed3a1f5fa0)] -> xpath: //div[@class='a-section a-spacing-small a-spacing-top-small']], [[ChromeDriver: chrome on windows (a8c5014fc76a5738773d3aed3a1f5fa0)] -> xpath: //div[@class='a-section a-spacing-small a-spacing-top-small']]] from the safeFindElements method
20:07:07 [TestNG-test-Test-3] INFO  verifyingFreeDeliveryFilterFunctionality_Laptop_20-06-58 - [verifyingFreeDeliveryFilterFunctionality_Laptop_20-06-58] Created hashset with required data to assert with Within validateDeliveryFilterOptions method
20:07:07 [TestNG-test-Test-3] INFO  verifyingFreeDeliveryFilterFunctionality_Laptop_20-06-58 - [verifyingFreeDeliveryFilterFunctionality_Laptop_20-06-58] this is the set  [Thu, Jun, Today, 25, 26, FREE delivery, Fri, Tomorrow]
20:07:07 [TestNG-test-Test-3] INFO  verifyingFreeDeliveryFilterFunctionality_Laptop_20-06-58 - [verifyingFreeDeliveryFilterFunctionality_Laptop_20-06-58] Within deliveryElements loop iterating over the products  Within validateDeliveryFilterOptions method
20:07:07 [TestNG-test-Test-3] INFO  verifyingFreeDeliveryFilterFunctionality_Laptop_20-06-58 - [verifyingFreeDeliveryFilterFunctionality_Laptop_20-06-58] Checking if the allowedDateParts have the assert text   Within validateDeliveryFilterOptions method
20:07:07 [TestNG-test-Test-3] INFO  verifyingFreeDeliveryFilterFunctionality_Laptop_20-06-58 - [verifyingFreeDeliveryFilterFunctionality_Laptop_20-06-58] Within deliveryElements loop iterating over the products  Within validateDeliveryFilterOptions method
20:07:07 [TestNG-test-Test-3] INFO  verifyingFreeDeliveryFilterFunctionality_Laptop_20-06-58 - [verifyingFreeDeliveryFilterFunctionality_Laptop_20-06-58] Checking if the allowedDateParts have the assert text   Within validateDeliveryFilterOptions method
20:07:07 [TestNG-test-Test-3] INFO  verifyingFreeDeliveryFilterFunctionality_Laptop_20-06-58 - [verifyingFreeDeliveryFilterFunctionality_Laptop_20-06-58] Within deliveryElements loop iterating over the products  Within validateDeliveryFilterOptions method
20:07:08 [TestNG-test-Test-3] INFO  verifyingFreeDeliveryFilterFunctionality_Laptop_20-06-58 - [verifyingFreeDeliveryFilterFunctionality_Laptop_20-06-58] Checking if the allowedDateParts have the assert text   Within validateDeliveryFilterOptions method
20:07:08 [TestNG-test-Test-3] INFO  verifyingFreeDeliveryFilterFunctionality_Laptop_20-06-58 - [verifyingFreeDeliveryFilterFunctionality_Laptop_20-06-58] Within deliveryElements loop iterating over the products  Within validateDeliveryFilterOptions method
20:07:08 [TestNG-test-Test-3] INFO  verifyingFreeDeliveryFilterFunctionality_Laptop_20-06-58 - [verifyingFreeDeliveryFilterFunctionality_Laptop_20-06-58] Checking if the allowedDateParts have the assert text   Within validateDeliveryFilterOptions method
20:07:08 [TestNG-test-Test-3] INFO  verifyingFreeDeliveryFilterFunctionality_Laptop_20-06-58 - [verifyingFreeDeliveryFilterFunctionality_Laptop_20-06-58] Within deliveryElements loop iterating over the products  Within validateDeliveryFilterOptions method
20:07:08 [TestNG-test-Test-3] INFO  verifyingFreeDeliveryFilterFunctionality_Laptop_20-06-58 - [verifyingFreeDeliveryFilterFunctionality_Laptop_20-06-58] Checking if the allowedDateParts have the assert text   Within validateDeliveryFilterOptions method
20:07:08 [TestNG-test-Test-3] INFO  verifyingFreeDeliveryFilterFunctionality_Laptop_20-06-58 - [verifyingFreeDeliveryFilterFunctionality_Laptop_20-06-58] Within deliveryElements loop iterating over the products  Within validateDeliveryFilterOptions method
20:07:08 [TestNG-test-Test-3] INFO  verifyingFreeDeliveryFilterFunctionality_Laptop_20-06-58 - [verifyingFreeDeliveryFilterFunctionality_Laptop_20-06-58] Checking if the allowedDateParts have the assert text   Within validateDeliveryFilterOptions method
20:07:08 [TestNG-test-Test-3] INFO  verifyingFreeDeliveryFilterFunctionality_Laptop_20-06-58 - [verifyingFreeDeliveryFilterFunctionality_Laptop_20-06-58] Within deliveryElements loop iterating over the products  Within validateDeliveryFilterOptions method
20:07:08 [TestNG-test-Test-3] INFO  verifyingFreeDeliveryFilterFunctionality_Laptop_20-06-58 - [verifyingFreeDeliveryFilterFunctionality_Laptop_20-06-58] Checking if the allowedDateParts have the assert text   Within validateDeliveryFilterOptions method
20:07:08 [TestNG-test-Test-3] INFO  verifyingFreeDeliveryFilterFunctionality_Laptop_20-06-58 - [verifyingFreeDeliveryFilterFunctionality_Laptop_20-06-58] Within deliveryElements loop iterating over the products  Within validateDeliveryFilterOptions method
20:07:08 [TestNG-test-Test-3] INFO  verifyingFreeDeliveryFilterFunctionality_Laptop_20-06-58 - [verifyingFreeDeliveryFilterFunctionality_Laptop_20-06-58] Checking if the allowedDateParts have the assert text   Within validateDeliveryFilterOptions method
20:07:08 [TestNG-test-Test-3] INFO  verifyingFreeDeliveryFilterFunctionality_Laptop_20-06-58 - [verifyingFreeDeliveryFilterFunctionality_Laptop_20-06-58] Within deliveryElements loop iterating over the products  Within validateDeliveryFilterOptions method
20:07:08 [TestNG-test-Test-3] INFO  verifyingFreeDeliveryFilterFunctionality_Laptop_20-06-58 - [verifyingFreeDeliveryFilterFunctionality_Laptop_20-06-58] Checking if the allowedDateParts have the assert text   Within validateDeliveryFilterOptions method
20:07:08 [TestNG-test-Test-3] INFO  verifyingFreeDeliveryFilterFunctionality_Laptop_20-06-58 - [verifyingFreeDeliveryFilterFunctionality_Laptop_20-06-58] Within deliveryElements loop iterating over the products  Within validateDeliveryFilterOptions method
20:07:08 [TestNG-test-Test-3] INFO  verifyingFreeDeliveryFilterFunctionality_Laptop_20-06-58 - [verifyingFreeDeliveryFilterFunctionality_Laptop_20-06-58] Checking if the allowedDateParts have the assert text   Within validateDeliveryFilterOptions method
20:07:08 [TestNG-test-Test-3] INFO  verifyingFreeDeliveryFilterFunctionality_Laptop_20-06-58 - [verifyingFreeDeliveryFilterFunctionality_Laptop_20-06-58] Within deliveryElements loop iterating over the products  Within validateDeliveryFilterOptions method
20:07:08 [TestNG-test-Test-3] INFO  verifyingFreeDeliveryFilterFunctionality_Laptop_20-06-58 - [verifyingFreeDeliveryFilterFunctionality_Laptop_20-06-58] Checking if the allowedDateParts have the assert text   Within validateDeliveryFilterOptions method
20:07:08 [TestNG-test-Test-3] INFO  verifyingFreeDeliveryFilterFunctionality_Laptop_20-06-58 - [verifyingFreeDeliveryFilterFunctionality_Laptop_20-06-58] Within deliveryElements loop iterating over the products  Within validateDeliveryFilterOptions method
20:07:08 [TestNG-test-Test-3] INFO  verifyingFreeDeliveryFilterFunctionality_Laptop_20-06-58 - [verifyingFreeDeliveryFilterFunctionality_Laptop_20-06-58] Checking if the allowedDateParts have the assert text   Within validateDeliveryFilterOptions method
20:07:08 [TestNG-test-Test-3] INFO  verifyingFreeDeliveryFilterFunctionality_Laptop_20-06-58 - [verifyingFreeDeliveryFilterFunctionality_Laptop_20-06-58] Within deliveryElements loop iterating over the products  Within validateDeliveryFilterOptions method
20:07:08 [TestNG-test-Test-3] INFO  verifyingFreeDeliveryFilterFunctionality_Laptop_20-06-58 - [verifyingFreeDeliveryFilterFunctionality_Laptop_20-06-58] Checking if the allowedDateParts have the assert text   Within validateDeliveryFilterOptions method
20:07:08 [TestNG-test-Test-3] INFO  verifyingFreeDeliveryFilterFunctionality_Laptop_20-06-58 - [verifyingFreeDeliveryFilterFunctionality_Laptop_20-06-58] Returning the list with boolean values   Within validateDeliveryFilterOptions method
20:07:08 [TestNG-test-Test-3] INFO  verifyingFreeDeliveryFilterFunctionality_Laptop_20-06-58 - [verifyingFreeDeliveryFilterFunctionality_Laptop_20-06-58] Asserting delivery filter: isValid=true, index=-1, text=All the things are valid no errors
