21:56:24 [TestNG-test-Test-1] INFO  verifyingPriceSilderFunctionality_Tablet_21-56-24 - No existing WebDriver found for current thread. Initializing a new ChromeDriver...
21:56:24 [TestNG-test-Test-1] INFO  verifyingPriceSilderFunctionality_Tablet_21-56-24 - WebDriverManager: chromedriver setup OK
21:56:26 [TestNG-test-Test-1] INFO  verifyingPriceSilderFunctionality_Tablet_21-56-24 - ChromeDriver initialized successfully for thread: 34
21:56:29 [TestNG-test-Test-1] INFO  verifyingPriceSilderFunctionality_Tablet_21-56-24 - [verifyingPriceSilderFunctionality_Tablet_21-56-24] Opening amazon Landing page
21:56:29 [TestNG-test-Test-1] INFO  verifyingPriceSilderFunctionality_Tablet_21-56-24 - [verifyingPriceSilderFunctionality_Tablet_21-56-24] Within safeFindElement method
21:56:30 [TestNG-test-Test-1] INFO  verifyingPriceSilderFunctionality_Tablet_21-56-24 - [verifyingPriceSilderFunctionality_Tablet_21-56-24]Found the element returning it ,element ->[[ChromeDriver: chrome on windows (9d35ebf06fcb88e79b6ad696bd07a302)] -> xpath: //a[@id='nav-logo-sprites']]
21:56:31 [TestNG-test-Test-1] INFO  verifyingPriceSilderFunctionality_Tablet_21-56-24 - [verifyingPriceSilderFunctionality_Tablet_21-56-24] Giving input within the search bar
21:56:31 [TestNG-test-Test-1] INFO  verifyingPriceSilderFunctionality_Tablet_21-56-24 - [verifyingPriceSilderFunctionality_Tablet_21-56-24] Within safeClick method
21:56:34 [TestNG-test-Test-1] INFO  verifyingPriceSilderFunctionality_Tablet_21-56-24 - [verifyingPriceSilderFunctionality_Tablet_21-56-24] Clicked the  [[ChromeDriver: chrome on windows (9d35ebf06fcb88e79b6ad696bd07a302)] -> xpath: //input[@id='nav-search-submit-button']]   using safeClick
21:56:34 [TestNG-test-Test-1] INFO  verifyingPriceSilderFunctionality_Tablet_21-56-24 - [verifyingPriceSilderFunctionality_Tablet_21-56-24] Clicking on the submit in the search bar
21:56:35 [TestNG-test-Test-1] INFO  verifyingPriceSilderFunctionality_Tablet_21-56-24 - [verifyingPriceSilderFunctionality_Tablet_21-56-24] Within filterCheckUnderList method
21:56:35 [TestNG-test-Test-1] INFO  verifyingPriceSilderFunctionality_Tablet_21-56-24 - [verifyingPriceSilderFunctionality_Tablet_21-56-24] Found the Filter within the filter check List
21:56:35 [TestNG-test-Test-1] INFO  verifyingPriceSilderFunctionality_Tablet_21-56-24 - [verifyingPriceSilderFunctionality_Tablet_21-56-24] Within applyPriceSliderAndValidateWithResult method
21:56:35 [TestNG-test-Test-1] INFO  verifyingPriceSilderFunctionality_Tablet_21-56-24 - [verifyingPriceSilderFunctionality_Tablet_21-56-24] Within smoothScrollToElement method
21:56:35 [TestNG-test-Test-1] INFO  verifyingPriceSilderFunctionality_Tablet_21-56-24 - [verifyingPriceSilderFunctionality_Tablet_21-56-24] Within safeFindElement method
21:56:35 [TestNG-test-Test-1] INFO  verifyingPriceSilderFunctionality_Tablet_21-56-24 - [verifyingPriceSilderFunctionality_Tablet_21-56-24]Found the element returning it ,element ->[[ChromeDriver: chrome on windows (9d35ebf06fcb88e79b6ad696bd07a302)] -> id: p_36/range-slider_slider-item_lower-bound-slider]
21:56:35 [TestNG-test-Test-1] INFO  verifyingPriceSilderFunctionality_Tablet_21-56-24 - [verifyingPriceSilderFunctionality_Tablet_21-56-24] Successfully scrolled to element: By.id: p_36/range-slider_slider-item_lower-bound-slider
21:56:35 [TestNG-test-Test-1] INFO  verifyingPriceSilderFunctionality_Tablet_21-56-24 - [verifyingPriceSilderFunctionality_Tablet_21-56-24] Within safeFindElement method
21:56:35 [TestNG-test-Test-1] INFO  verifyingPriceSilderFunctionality_Tablet_21-56-24 - [verifyingPriceSilderFunctionality_Tablet_21-56-24]Found the element returning it ,element ->[[ChromeDriver: chrome on windows (9d35ebf06fcb88e79b6ad696bd07a302)] -> id: p_36/range-slider_slider-item_lower-bound-slider]
21:56:35 [TestNG-test-Test-1] INFO  verifyingPriceSilderFunctionality_Tablet_21-56-24 - [verifyingPriceSilderFunctionality_Tablet_21-56-24] in the setSliderValue method with value 61
21:56:35 [TestNG-test-Test-1] INFO  verifyingPriceSilderFunctionality_Tablet_21-56-24 - [verifyingPriceSilderFunctionality_Tablet_21-56-24] Within safeFindElement method
21:56:35 [TestNG-test-Test-1] INFO  verifyingPriceSilderFunctionality_Tablet_21-56-24 - [verifyingPriceSilderFunctionality_Tablet_21-56-24]Found the element returning it ,element ->[[ChromeDriver: chrome on windows (9d35ebf06fcb88e79b6ad696bd07a302)] -> id: p_36/range-slider_slider-item_upper-bound-slider]
21:56:35 [TestNG-test-Test-1] INFO  verifyingPriceSilderFunctionality_Tablet_21-56-24 - [verifyingPriceSilderFunctionality_Tablet_21-56-24] in the setSliderValue method with value 81
21:56:36 [TestNG-test-Test-1] INFO  verifyingPriceSilderFunctionality_Tablet_21-56-24 - [verifyingPriceSilderFunctionality_Tablet_21-56-24] Within safeFindElement method
21:56:37 [TestNG-test-Test-1] INFO  verifyingPriceSilderFunctionality_Tablet_21-56-24 - [verifyingPriceSilderFunctionality_Tablet_21-56-24]Found the element returning it ,element ->[[ChromeDriver: chrome on windows (9d35ebf06fcb88e79b6ad696bd07a302)] -> xpath: //label[@for='p_36/range-slider_slider-item_upper-bound-slider']]
21:56:37 [TestNG-test-Test-1] INFO  verifyingPriceSilderFunctionality_Tablet_21-56-24 - [verifyingPriceSilderFunctionality_Tablet_21-56-24] Within safeFindElement method
21:56:38 [TestNG-test-Test-1] INFO  verifyingPriceSilderFunctionality_Tablet_21-56-24 - [verifyingPriceSilderFunctionality_Tablet_21-56-24]Found the element returning it ,element ->[[ChromeDriver: chrome on windows (9d35ebf06fcb88e79b6ad696bd07a302)] -> xpath: //label[@for='p_36/range-slider_slider-item_lower-bound-slider']]
21:56:38 [TestNG-test-Test-1] INFO  verifyingPriceSilderFunctionality_Tablet_21-56-24 - [verifyingPriceSilderFunctionality_Tablet_21-56-24] Within safeFindElements 
21:56:38 [TestNG-test-Test-1] INFO  verifyingPriceSilderFunctionality_Tablet_21-56-24 - [verifyingPriceSilderFunctionality_Tablet_21-56-24] Returning the  [[[ChromeDriver: chrome on windows (9d35ebf06fcb88e79b6ad696bd07a302)] -> xpath: //span[@class='a-price-whole']], [[ChromeDriver: chrome on windows (9d35ebf06fcb88e79b6ad696bd07a302)] -> xpath: //span[@class='a-price-whole']], [[ChromeDriver: chrome on windows (9d35ebf06fcb88e79b6ad696bd07a302)] -> xpath: //span[@class='a-price-whole']], [[ChromeDriver: chrome on windows (9d35ebf06fcb88e79b6ad696bd07a302)] -> xpath: //span[@class='a-price-whole']], [[ChromeDriver: chrome on windows (9d35ebf06fcb88e79b6ad696bd07a302)] -> xpath: //span[@class='a-price-whole']], [[ChromeDriver: chrome on windows (9d35ebf06fcb88e79b6ad696bd07a302)] -> xpath: //span[@class='a-price-whole']], [[ChromeDriver: chrome on windows (9d35ebf06fcb88e79b6ad696bd07a302)] -> xpath: //span[@class='a-price-whole']], [[ChromeDriver: chrome on windows (9d35ebf06fcb88e79b6ad696bd07a302)] -> xpath: //span[@class='a-price-whole']], [[ChromeDriver: chrome on windows (9d35ebf06fcb88e79b6ad696bd07a302)] -> xpath: //span[@class='a-price-whole']], [[ChromeDriver: chrome on windows (9d35ebf06fcb88e79b6ad696bd07a302)] -> xpath: //span[@class='a-price-whole']], [[ChromeDriver: chrome on windows (9d35ebf06fcb88e79b6ad696bd07a302)] -> xpath: //span[@class='a-price-whole']], [[ChromeDriver: chrome on windows (9d35ebf06fcb88e79b6ad696bd07a302)] -> xpath: //span[@class='a-price-whole']], [[ChromeDriver: chrome on windows (9d35ebf06fcb88e79b6ad696bd07a302)] -> xpath: //span[@class='a-price-whole']], [[ChromeDriver: chrome on windows (9d35ebf06fcb88e79b6ad696bd07a302)] -> xpath: //span[@class='a-price-whole']], [[ChromeDriver: chrome on windows (9d35ebf06fcb88e79b6ad696bd07a302)] -> xpath: //span[@class='a-price-whole']], [[ChromeDriver: chrome on windows (9d35ebf06fcb88e79b6ad696bd07a302)] -> xpath: //span[@class='a-price-whole']], [[ChromeDriver: chrome on windows (9d35ebf06fcb88e79b6ad696bd07a302)] -> xpath: //span[@class='a-price-whole']]] from the safeFindElements method
21:56:38 [TestNG-test-Test-1] INFO  verifyingPriceSilderFunctionality_Tablet_21-56-24 - [verifyingPriceSilderFunctionality_Tablet_21-56-24] Min Price Applied is  ₹12,000   Product Price is 16,148  Max Price Applied is ₹23,700
21:56:38 [TestNG-test-Test-1] INFO  verifyingPriceSilderFunctionality_Tablet_21-56-24 - [verifyingPriceSilderFunctionality_Tablet_21-56-24] Min Price Applied is  ₹12,000   Product Price is 19,754  Max Price Applied is ₹23,700
21:56:38 [TestNG-test-Test-1] INFO  verifyingPriceSilderFunctionality_Tablet_21-56-24 - [verifyingPriceSilderFunctionality_Tablet_21-56-24] Min Price Applied is  ₹12,000   Product Price is 19,990  Max Price Applied is ₹23,700
21:56:38 [TestNG-test-Test-1] INFO  verifyingPriceSilderFunctionality_Tablet_21-56-24 - [verifyingPriceSilderFunctionality_Tablet_21-56-24] Min Price Applied is  ₹12,000   Product Price is 17,990  Max Price Applied is ₹23,700
21:56:38 [TestNG-test-Test-1] INFO  verifyingPriceSilderFunctionality_Tablet_21-56-24 - [verifyingPriceSilderFunctionality_Tablet_21-56-24] Min Price Applied is  ₹12,000   Product Price is 18,579  Max Price Applied is ₹23,700
21:56:38 [TestNG-test-Test-1] INFO  verifyingPriceSilderFunctionality_Tablet_21-56-24 - [verifyingPriceSilderFunctionality_Tablet_21-56-24] Min Price Applied is  ₹12,000   Product Price is 22,999  Max Price Applied is ₹23,700
21:56:38 [TestNG-test-Test-1] INFO  verifyingPriceSilderFunctionality_Tablet_21-56-24 - [verifyingPriceSilderFunctionality_Tablet_21-56-24] Min Price Applied is  ₹12,000   Product Price is 16,250  Max Price Applied is ₹23,700
21:56:38 [TestNG-test-Test-1] INFO  verifyingPriceSilderFunctionality_Tablet_21-56-24 - [verifyingPriceSilderFunctionality_Tablet_21-56-24] Min Price Applied is  ₹12,000   Product Price is 20,999  Max Price Applied is ₹23,700
21:56:38 [TestNG-test-Test-1] INFO  verifyingPriceSilderFunctionality_Tablet_21-56-24 - [verifyingPriceSilderFunctionality_Tablet_21-56-24] Min Price Applied is  ₹12,000   Product Price is 19,000  Max Price Applied is ₹23,700
21:56:38 [TestNG-test-Test-1] INFO  verifyingPriceSilderFunctionality_Tablet_21-56-24 - [verifyingPriceSilderFunctionality_Tablet_21-56-24] Min Price Applied is  ₹12,000   Product Price is 19,450  Max Price Applied is ₹23,700
21:56:38 [TestNG-test-Test-1] INFO  verifyingPriceSilderFunctionality_Tablet_21-56-24 - [verifyingPriceSilderFunctionality_Tablet_21-56-24] Min Price Applied is  ₹12,000   Product Price is 21,999  Max Price Applied is ₹23,700
21:56:38 [TestNG-test-Test-1] INFO  verifyingPriceSilderFunctionality_Tablet_21-56-24 - [verifyingPriceSilderFunctionality_Tablet_21-56-24] Min Price Applied is  ₹12,000   Product Price is 14,183  Max Price Applied is ₹23,700
21:56:38 [TestNG-test-Test-1] INFO  verifyingPriceSilderFunctionality_Tablet_21-56-24 - [verifyingPriceSilderFunctionality_Tablet_21-56-24] Min Price Applied is  ₹12,000   Product Price is 14,172  Max Price Applied is ₹23,700
21:56:38 [TestNG-test-Test-1] INFO  verifyingPriceSilderFunctionality_Tablet_21-56-24 - [verifyingPriceSilderFunctionality_Tablet_21-56-24] Min Price Applied is  ₹12,000   Product Price is 14,463  Max Price Applied is ₹23,700
21:56:38 [TestNG-test-Test-1] INFO  verifyingPriceSilderFunctionality_Tablet_21-56-24 - [verifyingPriceSilderFunctionality_Tablet_21-56-24] Min Price Applied is  ₹12,000   Product Price is 16,990  Max Price Applied is ₹23,700
21:56:38 [TestNG-test-Test-1] INFO  verifyingPriceSilderFunctionality_Tablet_21-56-24 - [verifyingPriceSilderFunctionality_Tablet_21-56-24] Min Price Applied is  ₹12,000   Product Price is 22,749  Max Price Applied is ₹23,700
21:56:38 [TestNG-test-Test-1] INFO  verifyingPriceSilderFunctionality_Tablet_21-56-24 - [verifyingPriceSilderFunctionality_Tablet_21-56-24] Min Price Applied is  ₹12,000   Product Price is 13,327  Max Price Applied is ₹23,700
21:56:38 [TestNG-test-Test-1] INFO  verifyingPriceSilderFunctionality_Tablet_21-56-24 - [verifyingPriceSilderFunctionality_Tablet_21-56-24] Within smoothScrollToElement method
21:56:38 [TestNG-test-Test-1] INFO  verifyingPriceSilderFunctionality_Tablet_21-56-24 - [verifyingPriceSilderFunctionality_Tablet_21-56-24] Within safeFindElement method
21:56:38 [TestNG-test-Test-1] INFO  verifyingPriceSilderFunctionality_Tablet_21-56-24 - [verifyingPriceSilderFunctionality_Tablet_21-56-24]Found the element returning it ,element ->[[ChromeDriver: chrome on windows (9d35ebf06fcb88e79b6ad696bd07a302)] -> id: p_36/range-slider_slider-item_lower-bound-slider]
21:56:38 [TestNG-test-Test-1] INFO  verifyingPriceSilderFunctionality_Tablet_21-56-24 - [verifyingPriceSilderFunctionality_Tablet_21-56-24] Successfully scrolled to element: By.id: p_36/range-slider_slider-item_lower-bound-slider
21:56:38 [TestNG-test-Test-1] INFO  verifyingPriceSilderFunctionality_Tablet_21-56-24 - [verifyingPriceSilderFunctionality_Tablet_21-56-24] Price Check <= Max & >= Min  Product Price is ->16148.0
21:56:38 [TestNG-test-Test-1] INFO  verifyingPriceSilderFunctionality_Tablet_21-56-24 - [verifyingPriceSilderFunctionality_Tablet_21-56-24] Min Price Applied is  12000.0   Product Price is 16,148  Max Price Applied is 23700.0
21:56:38 [TestNG-test-Test-1] INFO  verifyingPriceSilderFunctionality_Tablet_21-56-24 - [verifyingPriceSilderFunctionality_Tablet_21-56-24] Price Check <= Max & >= Min  Product Price is ->19754.0
21:56:38 [TestNG-test-Test-1] INFO  verifyingPriceSilderFunctionality_Tablet_21-56-24 - [verifyingPriceSilderFunctionality_Tablet_21-56-24] Min Price Applied is  12000.0   Product Price is 19,754  Max Price Applied is 23700.0
21:56:38 [TestNG-test-Test-1] INFO  verifyingPriceSilderFunctionality_Tablet_21-56-24 - [verifyingPriceSilderFunctionality_Tablet_21-56-24] Price Check <= Max & >= Min  Product Price is ->19990.0
21:56:38 [TestNG-test-Test-1] INFO  verifyingPriceSilderFunctionality_Tablet_21-56-24 - [verifyingPriceSilderFunctionality_Tablet_21-56-24] Min Price Applied is  12000.0   Product Price is 19,990  Max Price Applied is 23700.0
21:56:38 [TestNG-test-Test-1] INFO  verifyingPriceSilderFunctionality_Tablet_21-56-24 - [verifyingPriceSilderFunctionality_Tablet_21-56-24] Price Check <= Max & >= Min  Product Price is ->17990.0
21:56:38 [TestNG-test-Test-1] INFO  verifyingPriceSilderFunctionality_Tablet_21-56-24 - [verifyingPriceSilderFunctionality_Tablet_21-56-24] Min Price Applied is  12000.0   Product Price is 17,990  Max Price Applied is 23700.0
21:56:38 [TestNG-test-Test-1] INFO  verifyingPriceSilderFunctionality_Tablet_21-56-24 - [verifyingPriceSilderFunctionality_Tablet_21-56-24] Price Check <= Max & >= Min  Product Price is ->18579.0
21:56:38 [TestNG-test-Test-1] INFO  verifyingPriceSilderFunctionality_Tablet_21-56-24 - [verifyingPriceSilderFunctionality_Tablet_21-56-24] Min Price Applied is  12000.0   Product Price is 18,579  Max Price Applied is 23700.0
21:56:38 [TestNG-test-Test-1] INFO  verifyingPriceSilderFunctionality_Tablet_21-56-24 - [verifyingPriceSilderFunctionality_Tablet_21-56-24] Price Check <= Max & >= Min  Product Price is ->22999.0
21:56:38 [TestNG-test-Test-1] INFO  verifyingPriceSilderFunctionality_Tablet_21-56-24 - [verifyingPriceSilderFunctionality_Tablet_21-56-24] Min Price Applied is  12000.0   Product Price is 22,999  Max Price Applied is 23700.0
21:56:38 [TestNG-test-Test-1] INFO  verifyingPriceSilderFunctionality_Tablet_21-56-24 - [verifyingPriceSilderFunctionality_Tablet_21-56-24] Price Check <= Max & >= Min  Product Price is ->16250.0
21:56:38 [TestNG-test-Test-1] INFO  verifyingPriceSilderFunctionality_Tablet_21-56-24 - [verifyingPriceSilderFunctionality_Tablet_21-56-24] Min Price Applied is  12000.0   Product Price is 16,250  Max Price Applied is 23700.0
21:56:38 [TestNG-test-Test-1] INFO  verifyingPriceSilderFunctionality_Tablet_21-56-24 - [verifyingPriceSilderFunctionality_Tablet_21-56-24] Price Check <= Max & >= Min  Product Price is ->20999.0
21:56:38 [TestNG-test-Test-1] INFO  verifyingPriceSilderFunctionality_Tablet_21-56-24 - [verifyingPriceSilderFunctionality_Tablet_21-56-24] Min Price Applied is  12000.0   Product Price is 20,999  Max Price Applied is 23700.0
21:56:38 [TestNG-test-Test-1] INFO  verifyingPriceSilderFunctionality_Tablet_21-56-24 - [verifyingPriceSilderFunctionality_Tablet_21-56-24] Price Check <= Max & >= Min  Product Price is ->19000.0
21:56:38 [TestNG-test-Test-1] INFO  verifyingPriceSilderFunctionality_Tablet_21-56-24 - [verifyingPriceSilderFunctionality_Tablet_21-56-24] Min Price Applied is  12000.0   Product Price is 19,000  Max Price Applied is 23700.0
21:56:38 [TestNG-test-Test-1] INFO  verifyingPriceSilderFunctionality_Tablet_21-56-24 - [verifyingPriceSilderFunctionality_Tablet_21-56-24] Price Check <= Max & >= Min  Product Price is ->19450.0
21:56:38 [TestNG-test-Test-1] INFO  verifyingPriceSilderFunctionality_Tablet_21-56-24 - [verifyingPriceSilderFunctionality_Tablet_21-56-24] Min Price Applied is  12000.0   Product Price is 19,450  Max Price Applied is 23700.0
21:56:38 [TestNG-test-Test-1] INFO  verifyingPriceSilderFunctionality_Tablet_21-56-24 - [verifyingPriceSilderFunctionality_Tablet_21-56-24] Price Check <= Max & >= Min  Product Price is ->21999.0
21:56:38 [TestNG-test-Test-1] INFO  verifyingPriceSilderFunctionality_Tablet_21-56-24 - [verifyingPriceSilderFunctionality_Tablet_21-56-24] Min Price Applied is  12000.0   Product Price is 21,999  Max Price Applied is 23700.0
21:56:38 [TestNG-test-Test-1] INFO  verifyingPriceSilderFunctionality_Tablet_21-56-24 - [verifyingPriceSilderFunctionality_Tablet_21-56-24] Price Check <= Max & >= Min  Product Price is ->14183.0
21:56:38 [TestNG-test-Test-1] INFO  verifyingPriceSilderFunctionality_Tablet_21-56-24 - [verifyingPriceSilderFunctionality_Tablet_21-56-24] Min Price Applied is  12000.0   Product Price is 14,183  Max Price Applied is 23700.0
21:56:38 [TestNG-test-Test-1] INFO  verifyingPriceSilderFunctionality_Tablet_21-56-24 - [verifyingPriceSilderFunctionality_Tablet_21-56-24] Price Check <= Max & >= Min  Product Price is ->14172.0
21:56:38 [TestNG-test-Test-1] INFO  verifyingPriceSilderFunctionality_Tablet_21-56-24 - [verifyingPriceSilderFunctionality_Tablet_21-56-24] Min Price Applied is  12000.0   Product Price is 14,172  Max Price Applied is 23700.0
21:56:38 [TestNG-test-Test-1] INFO  verifyingPriceSilderFunctionality_Tablet_21-56-24 - [verifyingPriceSilderFunctionality_Tablet_21-56-24] Price Check <= Max & >= Min  Product Price is ->14463.0
21:56:38 [TestNG-test-Test-1] INFO  verifyingPriceSilderFunctionality_Tablet_21-56-24 - [verifyingPriceSilderFunctionality_Tablet_21-56-24] Min Price Applied is  12000.0   Product Price is 14,463  Max Price Applied is 23700.0
21:56:38 [TestNG-test-Test-1] INFO  verifyingPriceSilderFunctionality_Tablet_21-56-24 - [verifyingPriceSilderFunctionality_Tablet_21-56-24] Price Check <= Max & >= Min  Product Price is ->16990.0
21:56:38 [TestNG-test-Test-1] INFO  verifyingPriceSilderFunctionality_Tablet_21-56-24 - [verifyingPriceSilderFunctionality_Tablet_21-56-24] Min Price Applied is  12000.0   Product Price is 16,990  Max Price Applied is 23700.0
21:56:38 [TestNG-test-Test-1] INFO  verifyingPriceSilderFunctionality_Tablet_21-56-24 - [verifyingPriceSilderFunctionality_Tablet_21-56-24] Price Check <= Max & >= Min  Product Price is ->22749.0
21:56:38 [TestNG-test-Test-1] INFO  verifyingPriceSilderFunctionality_Tablet_21-56-24 - [verifyingPriceSilderFunctionality_Tablet_21-56-24] Min Price Applied is  12000.0   Product Price is 22,749  Max Price Applied is 23700.0
21:56:38 [TestNG-test-Test-1] INFO  verifyingPriceSilderFunctionality_Tablet_21-56-24 - [verifyingPriceSilderFunctionality_Tablet_21-56-24] Price Check <= Max & >= Min  Product Price is ->13327.0
21:56:38 [TestNG-test-Test-1] INFO  verifyingPriceSilderFunctionality_Tablet_21-56-24 - [verifyingPriceSilderFunctionality_Tablet_21-56-24] Min Price Applied is  12000.0   Product Price is 13,327  Max Price Applied is 23700.0
21:56:38 [TestNG-test-Test-1] INFO  verifyingPriceSilderFunctionality_Tablet_21-56-24 - [verifyingPriceSilderFunctionality_Tablet_21-56-24] Adding the data 'min','max','isValid' ,'mismatches' to 'result' Map->81
21:56:38 [TestNG-test-Test-1] INFO  verifyingPriceSilderFunctionality_Tablet_21-56-24 - [verifyingPriceSilderFunctionality_Tablet_21-56-24] Adding the 'results'  Map to the master 'allResults' i.e is List of maps->81
21:56:38 [TestNG-test-Test-1] INFO  verifyingPriceSilderFunctionality_Tablet_21-56-24 - [verifyingPriceSilderFunctionality_Tablet_21-56-24] Within safeFindElement method
21:56:38 [TestNG-test-Test-1] INFO  verifyingPriceSilderFunctionality_Tablet_21-56-24 - [verifyingPriceSilderFunctionality_Tablet_21-56-24]Found the element returning it ,element ->[[ChromeDriver: chrome on windows (9d35ebf06fcb88e79b6ad696bd07a302)] -> id: p_36/range-slider_slider-item_lower-bound-slider]
21:56:38 [TestNG-test-Test-1] INFO  verifyingPriceSilderFunctionality_Tablet_21-56-24 - [verifyingPriceSilderFunctionality_Tablet_21-56-24] in the setSliderValue method with value 91
21:56:38 [TestNG-test-Test-1] INFO  verifyingPriceSilderFunctionality_Tablet_21-56-24 - [verifyingPriceSilderFunctionality_Tablet_21-56-24] Within safeFindElement method
21:56:38 [TestNG-test-Test-1] INFO  verifyingPriceSilderFunctionality_Tablet_21-56-24 - [verifyingPriceSilderFunctionality_Tablet_21-56-24]Found the element returning it ,element ->[[ChromeDriver: chrome on windows (9d35ebf06fcb88e79b6ad696bd07a302)] -> id: p_36/range-slider_slider-item_upper-bound-slider]
21:56:38 [TestNG-test-Test-1] INFO  verifyingPriceSilderFunctionality_Tablet_21-56-24 - [verifyingPriceSilderFunctionality_Tablet_21-56-24] in the setSliderValue method with value 121
21:56:39 [TestNG-test-Test-1] INFO  verifyingPriceSilderFunctionality_Tablet_21-56-24 - [verifyingPriceSilderFunctionality_Tablet_21-56-24] Within safeFindElement method
21:56:40 [TestNG-test-Test-1] INFO  verifyingPriceSilderFunctionality_Tablet_21-56-24 - [verifyingPriceSilderFunctionality_Tablet_21-56-24]Found the element returning it ,element ->[[ChromeDriver: chrome on windows (9d35ebf06fcb88e79b6ad696bd07a302)] -> xpath: //label[@for='p_36/range-slider_slider-item_upper-bound-slider']]
21:56:40 [TestNG-test-Test-1] INFO  verifyingPriceSilderFunctionality_Tablet_21-56-24 - [verifyingPriceSilderFunctionality_Tablet_21-56-24] Within safeFindElement method
21:56:40 [TestNG-test-Test-1] INFO  verifyingPriceSilderFunctionality_Tablet_21-56-24 - [verifyingPriceSilderFunctionality_Tablet_21-56-24]Found the element returning it ,element ->[[ChromeDriver: chrome on windows (9d35ebf06fcb88e79b6ad696bd07a302)] -> xpath: //label[@for='p_36/range-slider_slider-item_lower-bound-slider']]
21:56:40 [TestNG-test-Test-1] INFO  verifyingPriceSilderFunctionality_Tablet_21-56-24 - [verifyingPriceSilderFunctionality_Tablet_21-56-24] Within safeFindElements 
21:56:40 [TestNG-test-Test-1] INFO  verifyingPriceSilderFunctionality_Tablet_21-56-24 - [verifyingPriceSilderFunctionality_Tablet_21-56-24] Returning the  [[[ChromeDriver: chrome on windows (9d35ebf06fcb88e79b6ad696bd07a302)] -> xpath: //span[@class='a-price-whole']], [[ChromeDriver: chrome on windows (9d35ebf06fcb88e79b6ad696bd07a302)] -> xpath: //span[@class='a-price-whole']], [[ChromeDriver: chrome on windows (9d35ebf06fcb88e79b6ad696bd07a302)] -> xpath: //span[@class='a-price-whole']], [[ChromeDriver: chrome on windows (9d35ebf06fcb88e79b6ad696bd07a302)] -> xpath: //span[@class='a-price-whole']], [[ChromeDriver: chrome on windows (9d35ebf06fcb88e79b6ad696bd07a302)] -> xpath: //span[@class='a-price-whole']], [[ChromeDriver: chrome on windows (9d35ebf06fcb88e79b6ad696bd07a302)] -> xpath: //span[@class='a-price-whole']], [[ChromeDriver: chrome on windows (9d35ebf06fcb88e79b6ad696bd07a302)] -> xpath: //span[@class='a-price-whole']], [[ChromeDriver: chrome on windows (9d35ebf06fcb88e79b6ad696bd07a302)] -> xpath: //span[@class='a-price-whole']], [[ChromeDriver: chrome on windows (9d35ebf06fcb88e79b6ad696bd07a302)] -> xpath: //span[@class='a-price-whole']], [[ChromeDriver: chrome on windows (9d35ebf06fcb88e79b6ad696bd07a302)] -> xpath: //span[@class='a-price-whole']], [[ChromeDriver: chrome on windows (9d35ebf06fcb88e79b6ad696bd07a302)] -> xpath: //span[@class='a-price-whole']], [[ChromeDriver: chrome on windows (9d35ebf06fcb88e79b6ad696bd07a302)] -> xpath: //span[@class='a-price-whole']], [[ChromeDriver: chrome on windows (9d35ebf06fcb88e79b6ad696bd07a302)] -> xpath: //span[@class='a-price-whole']], [[ChromeDriver: chrome on windows (9d35ebf06fcb88e79b6ad696bd07a302)] -> xpath: //span[@class='a-price-whole']], [[ChromeDriver: chrome on windows (9d35ebf06fcb88e79b6ad696bd07a302)] -> xpath: //span[@class='a-price-whole']], [[ChromeDriver: chrome on windows (9d35ebf06fcb88e79b6ad696bd07a302)] -> xpath: //span[@class='a-price-whole']], [[ChromeDriver: chrome on windows (9d35ebf06fcb88e79b6ad696bd07a302)] -> xpath: //span[@class='a-price-whole']], [[ChromeDriver: chrome on windows (9d35ebf06fcb88e79b6ad696bd07a302)] -> xpath: //span[@class='a-price-whole']]] from the safeFindElements method
21:56:40 [TestNG-test-Test-1] INFO  verifyingPriceSilderFunctionality_Tablet_21-56-24 - [verifyingPriceSilderFunctionality_Tablet_21-56-24] Min Price Applied is  ₹17,300   Product Price is 25,999  Max Price Applied is ₹63,000
21:56:40 [TestNG-test-Test-1] INFO  verifyingPriceSilderFunctionality_Tablet_21-56-24 - [verifyingPriceSilderFunctionality_Tablet_21-56-24] Min Price Applied is  ₹17,300   Product Price is 17,990  Max Price Applied is ₹63,000
21:56:40 [TestNG-test-Test-1] INFO  verifyingPriceSilderFunctionality_Tablet_21-56-24 - [verifyingPriceSilderFunctionality_Tablet_21-56-24] Min Price Applied is  ₹17,300   Product Price is 29,999  Max Price Applied is ₹63,000
21:56:40 [TestNG-test-Test-1] INFO  verifyingPriceSilderFunctionality_Tablet_21-56-24 - [verifyingPriceSilderFunctionality_Tablet_21-56-24] Min Price Applied is  ₹17,300   Product Price is 48,999  Max Price Applied is ₹63,000
21:56:40 [TestNG-test-Test-1] INFO  verifyingPriceSilderFunctionality_Tablet_21-56-24 - [verifyingPriceSilderFunctionality_Tablet_21-56-24] Min Price Applied is  ₹17,300   Product Price is 31,999  Max Price Applied is ₹63,000
21:56:40 [TestNG-test-Test-1] INFO  verifyingPriceSilderFunctionality_Tablet_21-56-24 - [verifyingPriceSilderFunctionality_Tablet_21-56-24] Min Price Applied is  ₹17,300   Product Price is 18,999  Max Price Applied is ₹63,000
21:56:40 [TestNG-test-Test-1] INFO  verifyingPriceSilderFunctionality_Tablet_21-56-24 - [verifyingPriceSilderFunctionality_Tablet_21-56-24] Min Price Applied is  ₹17,300   Product Price is 18,579  Max Price Applied is ₹63,000
21:56:40 [TestNG-test-Test-1] INFO  verifyingPriceSilderFunctionality_Tablet_21-56-24 - [verifyingPriceSilderFunctionality_Tablet_21-56-24] Min Price Applied is  ₹17,300   Product Price is 23,750  Max Price Applied is ₹63,000
21:56:40 [TestNG-test-Test-1] INFO  verifyingPriceSilderFunctionality_Tablet_21-56-24 - [verifyingPriceSilderFunctionality_Tablet_21-56-24] Min Price Applied is  ₹17,300   Product Price is 25,999  Max Price Applied is ₹63,000
21:56:40 [TestNG-test-Test-1] INFO  verifyingPriceSilderFunctionality_Tablet_21-56-24 - [verifyingPriceSilderFunctionality_Tablet_21-56-24] Min Price Applied is  ₹17,300   Product Price is 26,999  Max Price Applied is ₹63,000
21:56:40 [TestNG-test-Test-1] INFO  verifyingPriceSilderFunctionality_Tablet_21-56-24 - [verifyingPriceSilderFunctionality_Tablet_21-56-24] Min Price Applied is  ₹17,300   Product Price is 19,000  Max Price Applied is ₹63,000
21:56:40 [TestNG-test-Test-1] INFO  verifyingPriceSilderFunctionality_Tablet_21-56-24 - [verifyingPriceSilderFunctionality_Tablet_21-56-24] Min Price Applied is  ₹17,300   Product Price is 19,450  Max Price Applied is ₹63,000
21:56:40 [TestNG-test-Test-1] INFO  verifyingPriceSilderFunctionality_Tablet_21-56-24 - [verifyingPriceSilderFunctionality_Tablet_21-56-24] Min Price Applied is  ₹17,300   Product Price is 29,999  Max Price Applied is ₹63,000
21:56:40 [TestNG-test-Test-1] INFO  verifyingPriceSilderFunctionality_Tablet_21-56-24 - [verifyingPriceSilderFunctionality_Tablet_21-56-24] Min Price Applied is  ₹17,300   Product Price is 29,999  Max Price Applied is ₹63,000
21:56:40 [TestNG-test-Test-1] INFO  verifyingPriceSilderFunctionality_Tablet_21-56-24 - [verifyingPriceSilderFunctionality_Tablet_21-56-24] Min Price Applied is  ₹17,300   Product Price is 27,999  Max Price Applied is ₹63,000
21:56:40 [TestNG-test-Test-1] INFO  verifyingPriceSilderFunctionality_Tablet_21-56-24 - [verifyingPriceSilderFunctionality_Tablet_21-56-24] Min Price Applied is  ₹17,300   Product Price is 41,999  Max Price Applied is ₹63,000
21:56:40 [TestNG-test-Test-1] INFO  verifyingPriceSilderFunctionality_Tablet_21-56-24 - [verifyingPriceSilderFunctionality_Tablet_21-56-24] Min Price Applied is  ₹17,300   Product Price is 28,999  Max Price Applied is ₹63,000
21:56:40 [TestNG-test-Test-1] INFO  verifyingPriceSilderFunctionality_Tablet_21-56-24 - [verifyingPriceSilderFunctionality_Tablet_21-56-24] Min Price Applied is  ₹17,300   Product Price is 42,999  Max Price Applied is ₹63,000
21:56:40 [TestNG-test-Test-1] INFO  verifyingPriceSilderFunctionality_Tablet_21-56-24 - [verifyingPriceSilderFunctionality_Tablet_21-56-24] Within smoothScrollToElement method
21:56:40 [TestNG-test-Test-1] INFO  verifyingPriceSilderFunctionality_Tablet_21-56-24 - [verifyingPriceSilderFunctionality_Tablet_21-56-24] Within safeFindElement method
21:56:41 [TestNG-test-Test-1] INFO  verifyingPriceSilderFunctionality_Tablet_21-56-24 - [verifyingPriceSilderFunctionality_Tablet_21-56-24]Found the element returning it ,element ->[[ChromeDriver: chrome on windows (9d35ebf06fcb88e79b6ad696bd07a302)] -> id: p_36/range-slider_slider-item_lower-bound-slider]
21:56:42 [TestNG-test-Test-1] INFO  verifyingPriceSilderFunctionality_Tablet_21-56-24 - [verifyingPriceSilderFunctionality_Tablet_21-56-24] Successfully scrolled to element: By.id: p_36/range-slider_slider-item_lower-bound-slider
21:56:42 [TestNG-test-Test-1] INFO  verifyingPriceSilderFunctionality_Tablet_21-56-24 - [verifyingPriceSilderFunctionality_Tablet_21-56-24] Price Check <= Max & >= Min  Product Price is ->25999.0
21:56:42 [TestNG-test-Test-1] INFO  verifyingPriceSilderFunctionality_Tablet_21-56-24 - [verifyingPriceSilderFunctionality_Tablet_21-56-24] Min Price Applied is  17300.0   Product Price is 25,999  Max Price Applied is 63000.0
21:56:42 [TestNG-test-Test-1] INFO  verifyingPriceSilderFunctionality_Tablet_21-56-24 - [verifyingPriceSilderFunctionality_Tablet_21-56-24] Price Check <= Max & >= Min  Product Price is ->17990.0
21:56:42 [TestNG-test-Test-1] INFO  verifyingPriceSilderFunctionality_Tablet_21-56-24 - [verifyingPriceSilderFunctionality_Tablet_21-56-24] Min Price Applied is  17300.0   Product Price is 17,990  Max Price Applied is 63000.0
21:56:42 [TestNG-test-Test-1] INFO  verifyingPriceSilderFunctionality_Tablet_21-56-24 - [verifyingPriceSilderFunctionality_Tablet_21-56-24] Price Check <= Max & >= Min  Product Price is ->29999.0
21:56:42 [TestNG-test-Test-1] INFO  verifyingPriceSilderFunctionality_Tablet_21-56-24 - [verifyingPriceSilderFunctionality_Tablet_21-56-24] Min Price Applied is  17300.0   Product Price is 29,999  Max Price Applied is 63000.0
21:56:42 [TestNG-test-Test-1] INFO  verifyingPriceSilderFunctionality_Tablet_21-56-24 - [verifyingPriceSilderFunctionality_Tablet_21-56-24] Price Check <= Max & >= Min  Product Price is ->48999.0
21:56:42 [TestNG-test-Test-1] INFO  verifyingPriceSilderFunctionality_Tablet_21-56-24 - [verifyingPriceSilderFunctionality_Tablet_21-56-24] Min Price Applied is  17300.0   Product Price is 48,999  Max Price Applied is 63000.0
21:56:42 [TestNG-test-Test-1] INFO  verifyingPriceSilderFunctionality_Tablet_21-56-24 - [verifyingPriceSilderFunctionality_Tablet_21-56-24] Price Check <= Max & >= Min  Product Price is ->31999.0
21:56:42 [TestNG-test-Test-1] INFO  verifyingPriceSilderFunctionality_Tablet_21-56-24 - [verifyingPriceSilderFunctionality_Tablet_21-56-24] Min Price Applied is  17300.0   Product Price is 31,999  Max Price Applied is 63000.0
21:56:42 [TestNG-test-Test-1] INFO  verifyingPriceSilderFunctionality_Tablet_21-56-24 - [verifyingPriceSilderFunctionality_Tablet_21-56-24] Price Check <= Max & >= Min  Product Price is ->18999.0
21:56:42 [TestNG-test-Test-1] INFO  verifyingPriceSilderFunctionality_Tablet_21-56-24 - [verifyingPriceSilderFunctionality_Tablet_21-56-24] Min Price Applied is  17300.0   Product Price is 18,999  Max Price Applied is 63000.0
21:56:42 [TestNG-test-Test-1] INFO  verifyingPriceSilderFunctionality_Tablet_21-56-24 - [verifyingPriceSilderFunctionality_Tablet_21-56-24] Price Check <= Max & >= Min  Product Price is ->18579.0
21:56:42 [TestNG-test-Test-1] INFO  verifyingPriceSilderFunctionality_Tablet_21-56-24 - [verifyingPriceSilderFunctionality_Tablet_21-56-24] Min Price Applied is  17300.0   Product Price is 18,579  Max Price Applied is 63000.0
21:56:42 [TestNG-test-Test-1] INFO  verifyingPriceSilderFunctionality_Tablet_21-56-24 - [verifyingPriceSilderFunctionality_Tablet_21-56-24] Price Check <= Max & >= Min  Product Price is ->23750.0
21:56:42 [TestNG-test-Test-1] INFO  verifyingPriceSilderFunctionality_Tablet_21-56-24 - [verifyingPriceSilderFunctionality_Tablet_21-56-24] Min Price Applied is  17300.0   Product Price is 23,750  Max Price Applied is 63000.0
21:56:42 [TestNG-test-Test-1] INFO  verifyingPriceSilderFunctionality_Tablet_21-56-24 - [verifyingPriceSilderFunctionality_Tablet_21-56-24] Price Check <= Max & >= Min  Product Price is ->25999.0
21:56:42 [TestNG-test-Test-1] INFO  verifyingPriceSilderFunctionality_Tablet_21-56-24 - [verifyingPriceSilderFunctionality_Tablet_21-56-24] Min Price Applied is  17300.0   Product Price is 25,999  Max Price Applied is 63000.0
21:56:42 [TestNG-test-Test-1] INFO  verifyingPriceSilderFunctionality_Tablet_21-56-24 - [verifyingPriceSilderFunctionality_Tablet_21-56-24] Price Check <= Max & >= Min  Product Price is ->26999.0
21:56:42 [TestNG-test-Test-1] INFO  verifyingPriceSilderFunctionality_Tablet_21-56-24 - [verifyingPriceSilderFunctionality_Tablet_21-56-24] Min Price Applied is  17300.0   Product Price is 26,999  Max Price Applied is 63000.0
21:56:42 [TestNG-test-Test-1] INFO  verifyingPriceSilderFunctionality_Tablet_21-56-24 - [verifyingPriceSilderFunctionality_Tablet_21-56-24] Price Check <= Max & >= Min  Product Price is ->19000.0
21:56:42 [TestNG-test-Test-1] INFO  verifyingPriceSilderFunctionality_Tablet_21-56-24 - [verifyingPriceSilderFunctionality_Tablet_21-56-24] Min Price Applied is  17300.0   Product Price is 19,000  Max Price Applied is 63000.0
21:56:42 [TestNG-test-Test-1] INFO  verifyingPriceSilderFunctionality_Tablet_21-56-24 - [verifyingPriceSilderFunctionality_Tablet_21-56-24] Price Check <= Max & >= Min  Product Price is ->19450.0
21:56:42 [TestNG-test-Test-1] INFO  verifyingPriceSilderFunctionality_Tablet_21-56-24 - [verifyingPriceSilderFunctionality_Tablet_21-56-24] Min Price Applied is  17300.0   Product Price is 19,450  Max Price Applied is 63000.0
21:56:42 [TestNG-test-Test-1] INFO  verifyingPriceSilderFunctionality_Tablet_21-56-24 - [verifyingPriceSilderFunctionality_Tablet_21-56-24] Price Check <= Max & >= Min  Product Price is ->29999.0
21:56:42 [TestNG-test-Test-1] INFO  verifyingPriceSilderFunctionality_Tablet_21-56-24 - [verifyingPriceSilderFunctionality_Tablet_21-56-24] Min Price Applied is  17300.0   Product Price is 29,999  Max Price Applied is 63000.0
21:56:42 [TestNG-test-Test-1] INFO  verifyingPriceSilderFunctionality_Tablet_21-56-24 - [verifyingPriceSilderFunctionality_Tablet_21-56-24] Price Check <= Max & >= Min  Product Price is ->29999.0
21:56:42 [TestNG-test-Test-1] INFO  verifyingPriceSilderFunctionality_Tablet_21-56-24 - [verifyingPriceSilderFunctionality_Tablet_21-56-24] Min Price Applied is  17300.0   Product Price is 29,999  Max Price Applied is 63000.0
21:56:42 [TestNG-test-Test-1] INFO  verifyingPriceSilderFunctionality_Tablet_21-56-24 - [verifyingPriceSilderFunctionality_Tablet_21-56-24] Price Check <= Max & >= Min  Product Price is ->27999.0
21:56:42 [TestNG-test-Test-1] INFO  verifyingPriceSilderFunctionality_Tablet_21-56-24 - [verifyingPriceSilderFunctionality_Tablet_21-56-24] Min Price Applied is  17300.0   Product Price is 27,999  Max Price Applied is 63000.0
21:56:42 [TestNG-test-Test-1] INFO  verifyingPriceSilderFunctionality_Tablet_21-56-24 - [verifyingPriceSilderFunctionality_Tablet_21-56-24] Price Check <= Max & >= Min  Product Price is ->41999.0
21:56:42 [TestNG-test-Test-1] INFO  verifyingPriceSilderFunctionality_Tablet_21-56-24 - [verifyingPriceSilderFunctionality_Tablet_21-56-24] Min Price Applied is  17300.0   Product Price is 41,999  Max Price Applied is 63000.0
21:56:42 [TestNG-test-Test-1] INFO  verifyingPriceSilderFunctionality_Tablet_21-56-24 - [verifyingPriceSilderFunctionality_Tablet_21-56-24] Price Check <= Max & >= Min  Product Price is ->28999.0
21:56:42 [TestNG-test-Test-1] INFO  verifyingPriceSilderFunctionality_Tablet_21-56-24 - [verifyingPriceSilderFunctionality_Tablet_21-56-24] Min Price Applied is  17300.0   Product Price is 28,999  Max Price Applied is 63000.0
21:56:42 [TestNG-test-Test-1] INFO  verifyingPriceSilderFunctionality_Tablet_21-56-24 - [verifyingPriceSilderFunctionality_Tablet_21-56-24] Price Check <= Max & >= Min  Product Price is ->42999.0
21:56:42 [TestNG-test-Test-1] INFO  verifyingPriceSilderFunctionality_Tablet_21-56-24 - [verifyingPriceSilderFunctionality_Tablet_21-56-24] Min Price Applied is  17300.0   Product Price is 42,999  Max Price Applied is 63000.0
21:56:42 [TestNG-test-Test-1] INFO  verifyingPriceSilderFunctionality_Tablet_21-56-24 - [verifyingPriceSilderFunctionality_Tablet_21-56-24] Adding the data 'min','max','isValid' ,'mismatches' to 'result' Map->121
21:56:42 [TestNG-test-Test-1] INFO  verifyingPriceSilderFunctionality_Tablet_21-56-24 - [verifyingPriceSilderFunctionality_Tablet_21-56-24] Adding the 'results'  Map to the master 'allResults' i.e is List of maps->121
21:56:42 [TestNG-test-Test-1] INFO  verifyingPriceSilderFunctionality_Tablet_21-56-24 - [verifyingPriceSilderFunctionality_Tablet_21-56-24] Within safeFindElement method
21:56:42 [TestNG-test-Test-1] INFO  verifyingPriceSilderFunctionality_Tablet_21-56-24 - [verifyingPriceSilderFunctionality_Tablet_21-56-24]Found the element returning it ,element ->[[ChromeDriver: chrome on windows (9d35ebf06fcb88e79b6ad696bd07a302)] -> id: p_36/range-slider_slider-item_lower-bound-slider]
21:56:42 [TestNG-test-Test-1] INFO  verifyingPriceSilderFunctionality_Tablet_21-56-24 - [verifyingPriceSilderFunctionality_Tablet_21-56-24] in the setSliderValue method with value 131
21:56:42 [TestNG-test-Test-1] INFO  verifyingPriceSilderFunctionality_Tablet_21-56-24 - [verifyingPriceSilderFunctionality_Tablet_21-56-24] Within safeFindElement method
21:56:42 [TestNG-test-Test-1] INFO  verifyingPriceSilderFunctionality_Tablet_21-56-24 - [verifyingPriceSilderFunctionality_Tablet_21-56-24]Found the element returning it ,element ->[[ChromeDriver: chrome on windows (9d35ebf06fcb88e79b6ad696bd07a302)] -> id: p_36/range-slider_slider-item_upper-bound-slider]
21:56:42 [TestNG-test-Test-1] INFO  verifyingPriceSilderFunctionality_Tablet_21-56-24 - [verifyingPriceSilderFunctionality_Tablet_21-56-24] in the setSliderValue method with value 161
21:56:43 [TestNG-test-Test-1] INFO  verifyingPriceSilderFunctionality_Tablet_21-56-24 - [verifyingPriceSilderFunctionality_Tablet_21-56-24] Within safeFindElement method
21:56:48 [TestNG-test-Test-1] INFO  verifyingPriceSilderFunctionality_Tablet_21-56-24 - [verifyingPriceSilderFunctionality_Tablet_21-56-24]Retrying findElement for: ->By.xpath: //label[@for='p_36/range-slider_slider-item_upper-bound-slider']
21:56:49 [TestNG-test-Test-1] INFO  verifyingPriceSilderFunctionality_Tablet_21-56-24 - [verifyingPriceSilderFunctionality_Tablet_21-56-24]Refrehsing the page , while trying to safely find : ->By.xpath: //label[@for='p_36/range-slider_slider-item_upper-bound-slider']
21:56:50 [TestNG-test-Test-1] INFO  verifyingPriceSilderFunctionality_Tablet_21-56-24 - [verifyingPriceSilderFunctionality_Tablet_21-56-24]Found the element returning it ,element ->[[ChromeDriver: chrome on windows (9d35ebf06fcb88e79b6ad696bd07a302)] -> xpath: //label[@for='p_36/range-slider_slider-item_upper-bound-slider']]
21:56:50 [TestNG-test-Test-1] INFO  verifyingPriceSilderFunctionality_Tablet_21-56-24 - [verifyingPriceSilderFunctionality_Tablet_21-56-24] Within safeFindElement method
21:56:50 [TestNG-test-Test-1] INFO  verifyingPriceSilderFunctionality_Tablet_21-56-24 - [verifyingPriceSilderFunctionality_Tablet_21-56-24]Found the element returning it ,element ->[[ChromeDriver: chrome on windows (9d35ebf06fcb88e79b6ad696bd07a302)] -> xpath: //label[@for='p_36/range-slider_slider-item_lower-bound-slider']]
21:56:50 [TestNG-test-Test-1] INFO  verifyingPriceSilderFunctionality_Tablet_21-56-24 - [verifyingPriceSilderFunctionality_Tablet_21-56-24] Within safeFindElements 
21:56:50 [TestNG-test-Test-1] INFO  verifyingPriceSilderFunctionality_Tablet_21-56-24 - [verifyingPriceSilderFunctionality_Tablet_21-56-24] Returning the  [[[ChromeDriver: chrome on windows (9d35ebf06fcb88e79b6ad696bd07a302)] -> xpath: //span[@class='a-price-whole']], [[ChromeDriver: chrome on windows (9d35ebf06fcb88e79b6ad696bd07a302)] -> xpath: //span[@class='a-price-whole']], [[ChromeDriver: chrome on windows (9d35ebf06fcb88e79b6ad696bd07a302)] -> xpath: //span[@class='a-price-whole']], [[ChromeDriver: chrome on windows (9d35ebf06fcb88e79b6ad696bd07a302)] -> xpath: //span[@class='a-price-whole']], [[ChromeDriver: chrome on windows (9d35ebf06fcb88e79b6ad696bd07a302)] -> xpath: //span[@class='a-price-whole']], [[ChromeDriver: chrome on windows (9d35ebf06fcb88e79b6ad696bd07a302)] -> xpath: //span[@class='a-price-whole']], [[ChromeDriver: chrome on windows (9d35ebf06fcb88e79b6ad696bd07a302)] -> xpath: //span[@class='a-price-whole']], [[ChromeDriver: chrome on windows (9d35ebf06fcb88e79b6ad696bd07a302)] -> xpath: //span[@class='a-price-whole']], [[ChromeDriver: chrome on windows (9d35ebf06fcb88e79b6ad696bd07a302)] -> xpath: //span[@class='a-price-whole']], [[ChromeDriver: chrome on windows (9d35ebf06fcb88e79b6ad696bd07a302)] -> xpath: //span[@class='a-price-whole']], [[ChromeDriver: chrome on windows (9d35ebf06fcb88e79b6ad696bd07a302)] -> xpath: //span[@class='a-price-whole']], [[ChromeDriver: chrome on windows (9d35ebf06fcb88e79b6ad696bd07a302)] -> xpath: //span[@class='a-price-whole']], [[ChromeDriver: chrome on windows (9d35ebf06fcb88e79b6ad696bd07a302)] -> xpath: //span[@class='a-price-whole']], [[ChromeDriver: chrome on windows (9d35ebf06fcb88e79b6ad696bd07a302)] -> xpath: //span[@class='a-price-whole']], [[ChromeDriver: chrome on windows (9d35ebf06fcb88e79b6ad696bd07a302)] -> xpath: //span[@class='a-price-whole']], [[ChromeDriver: chrome on windows (9d35ebf06fcb88e79b6ad696bd07a302)] -> xpath: //span[@class='a-price-whole']], [[ChromeDriver: chrome on windows (9d35ebf06fcb88e79b6ad696bd07a302)] -> xpath: //span[@class='a-price-whole']]] from the safeFindElements method
21:56:50 [TestNG-test-Test-1] INFO  verifyingPriceSilderFunctionality_Tablet_21-56-24 - [verifyingPriceSilderFunctionality_Tablet_21-56-24] Min Price Applied is  ₹51,000   Product Price is 51,999  Max Price Applied is ₹127,100
21:56:50 [TestNG-test-Test-1] INFO  verifyingPriceSilderFunctionality_Tablet_21-56-24 - [verifyingPriceSilderFunctionality_Tablet_21-56-24] Min Price Applied is  ₹51,000   Product Price is 62,990  Max Price Applied is ₹127,100
21:56:50 [TestNG-test-Test-1] INFO  verifyingPriceSilderFunctionality_Tablet_21-56-24 - [verifyingPriceSilderFunctionality_Tablet_21-56-24] Min Price Applied is  ₹51,000   Product Price is 69,957  Max Price Applied is ₹127,100
21:56:50 [TestNG-test-Test-1] INFO  verifyingPriceSilderFunctionality_Tablet_21-56-24 - [verifyingPriceSilderFunctionality_Tablet_21-56-24] Min Price Applied is  ₹51,000   Product Price is 49,990  Max Price Applied is ₹127,100
21:56:50 [TestNG-test-Test-1] INFO  verifyingPriceSilderFunctionality_Tablet_21-56-24 - [verifyingPriceSilderFunctionality_Tablet_21-56-24] Min Price Applied is  ₹51,000   Product Price is 79,999  Max Price Applied is ₹127,100
21:56:50 [TestNG-test-Test-1] INFO  verifyingPriceSilderFunctionality_Tablet_21-56-24 - [verifyingPriceSilderFunctionality_Tablet_21-56-24] Min Price Applied is  ₹51,000   Product Price is 62,999  Max Price Applied is ₹127,100
21:56:50 [TestNG-test-Test-1] INFO  verifyingPriceSilderFunctionality_Tablet_21-56-24 - [verifyingPriceSilderFunctionality_Tablet_21-56-24] Min Price Applied is  ₹51,000   Product Price is 64,999  Max Price Applied is ₹127,100
21:56:50 [TestNG-test-Test-1] INFO  verifyingPriceSilderFunctionality_Tablet_21-56-24 - [verifyingPriceSilderFunctionality_Tablet_21-56-24] Min Price Applied is  ₹51,000   Product Price is 52,999  Max Price Applied is ₹127,100
21:56:50 [TestNG-test-Test-1] INFO  verifyingPriceSilderFunctionality_Tablet_21-56-24 - [verifyingPriceSilderFunctionality_Tablet_21-56-24] Min Price Applied is  ₹51,000   Product Price is 80,999  Max Price Applied is ₹127,100
21:56:50 [TestNG-test-Test-1] INFO  verifyingPriceSilderFunctionality_Tablet_21-56-24 - [verifyingPriceSilderFunctionality_Tablet_21-56-24] Min Price Applied is  ₹51,000   Product Price is 62,999  Max Price Applied is ₹127,100
21:56:50 [TestNG-test-Test-1] INFO  verifyingPriceSilderFunctionality_Tablet_21-56-24 - [verifyingPriceSilderFunctionality_Tablet_21-56-24] Min Price Applied is  ₹51,000   Product Price is 79,999  Max Price Applied is ₹127,100
21:56:50 [TestNG-test-Test-1] INFO  verifyingPriceSilderFunctionality_Tablet_21-56-24 - [verifyingPriceSilderFunctionality_Tablet_21-56-24] Min Price Applied is  ₹51,000   Product Price is 56,490  Max Price Applied is ₹127,100
21:56:50 [TestNG-test-Test-1] INFO  verifyingPriceSilderFunctionality_Tablet_21-56-24 - [verifyingPriceSilderFunctionality_Tablet_21-56-24] Min Price Applied is  ₹51,000   Product Price is 69,999  Max Price Applied is ₹127,100
21:56:50 [TestNG-test-Test-1] INFO  verifyingPriceSilderFunctionality_Tablet_21-56-24 - [verifyingPriceSilderFunctionality_Tablet_21-56-24] Min Price Applied is  ₹51,000   Product Price is 52,506  Max Price Applied is ₹127,100
21:56:50 [TestNG-test-Test-1] INFO  verifyingPriceSilderFunctionality_Tablet_21-56-24 - [verifyingPriceSilderFunctionality_Tablet_21-56-24] Min Price Applied is  ₹51,000   Product Price is 75,999  Max Price Applied is ₹127,100
21:56:50 [TestNG-test-Test-1] INFO  verifyingPriceSilderFunctionality_Tablet_21-56-24 - [verifyingPriceSilderFunctionality_Tablet_21-56-24] Min Price Applied is  ₹51,000   Product Price is 54,999  Max Price Applied is ₹127,100
21:56:50 [TestNG-test-Test-1] INFO  verifyingPriceSilderFunctionality_Tablet_21-56-24 - [verifyingPriceSilderFunctionality_Tablet_21-56-24] Min Price Applied is  ₹51,000   Product Price is 85,490  Max Price Applied is ₹127,100
21:56:50 [TestNG-test-Test-1] INFO  verifyingPriceSilderFunctionality_Tablet_21-56-24 - [verifyingPriceSilderFunctionality_Tablet_21-56-24] Within smoothScrollToElement method
21:56:50 [TestNG-test-Test-1] INFO  verifyingPriceSilderFunctionality_Tablet_21-56-24 - [verifyingPriceSilderFunctionality_Tablet_21-56-24] Within safeFindElement method
21:56:50 [TestNG-test-Test-1] INFO  verifyingPriceSilderFunctionality_Tablet_21-56-24 - [verifyingPriceSilderFunctionality_Tablet_21-56-24]Found the element returning it ,element ->[[ChromeDriver: chrome on windows (9d35ebf06fcb88e79b6ad696bd07a302)] -> id: p_36/range-slider_slider-item_lower-bound-slider]
21:56:50 [TestNG-test-Test-1] INFO  verifyingPriceSilderFunctionality_Tablet_21-56-24 - [verifyingPriceSilderFunctionality_Tablet_21-56-24] Successfully scrolled to element: By.id: p_36/range-slider_slider-item_lower-bound-slider
21:56:50 [TestNG-test-Test-1] INFO  verifyingPriceSilderFunctionality_Tablet_21-56-24 - [verifyingPriceSilderFunctionality_Tablet_21-56-24] Price Check <= Max & >= Min  Product Price is ->51999.0
21:56:50 [TestNG-test-Test-1] INFO  verifyingPriceSilderFunctionality_Tablet_21-56-24 - [verifyingPriceSilderFunctionality_Tablet_21-56-24] Min Price Applied is  51000.0   Product Price is 51,999  Max Price Applied is 127100.0
21:56:50 [TestNG-test-Test-1] INFO  verifyingPriceSilderFunctionality_Tablet_21-56-24 - [verifyingPriceSilderFunctionality_Tablet_21-56-24] Price Check <= Max & >= Min  Product Price is ->62990.0
21:56:50 [TestNG-test-Test-1] INFO  verifyingPriceSilderFunctionality_Tablet_21-56-24 - [verifyingPriceSilderFunctionality_Tablet_21-56-24] Min Price Applied is  51000.0   Product Price is 62,990  Max Price Applied is 127100.0
21:56:50 [TestNG-test-Test-1] INFO  verifyingPriceSilderFunctionality_Tablet_21-56-24 - [verifyingPriceSilderFunctionality_Tablet_21-56-24] Price Check <= Max & >= Min  Product Price is ->69957.0
21:56:50 [TestNG-test-Test-1] INFO  verifyingPriceSilderFunctionality_Tablet_21-56-24 - [verifyingPriceSilderFunctionality_Tablet_21-56-24] Min Price Applied is  51000.0   Product Price is 69,957  Max Price Applied is 127100.0
21:56:50 [TestNG-test-Test-1] INFO  verifyingPriceSilderFunctionality_Tablet_21-56-24 - [verifyingPriceSilderFunctionality_Tablet_21-56-24] Product Price Not Under the Range of Min & Max
21:56:50 [TestNG-test-Test-1] INFO  verifyingPriceSilderFunctionality_Tablet_21-56-24 - [verifyingPriceSilderFunctionality_Tablet_21-56-24] Min Price Applied is  51000.0   Product Price is 49,990  Max Price Applied is 127100.0
21:56:50 [TestNG-test-Test-1] INFO  verifyingPriceSilderFunctionality_Tablet_21-56-24 - [verifyingPriceSilderFunctionality_Tablet_21-56-24] Price Check <= Max & >= Min  Product Price is ->79999.0
21:56:50 [TestNG-test-Test-1] INFO  verifyingPriceSilderFunctionality_Tablet_21-56-24 - [verifyingPriceSilderFunctionality_Tablet_21-56-24] Min Price Applied is  51000.0   Product Price is 79,999  Max Price Applied is 127100.0
21:56:50 [TestNG-test-Test-1] INFO  verifyingPriceSilderFunctionality_Tablet_21-56-24 - [verifyingPriceSilderFunctionality_Tablet_21-56-24] Price Check <= Max & >= Min  Product Price is ->62999.0
21:56:50 [TestNG-test-Test-1] INFO  verifyingPriceSilderFunctionality_Tablet_21-56-24 - [verifyingPriceSilderFunctionality_Tablet_21-56-24] Min Price Applied is  51000.0   Product Price is 62,999  Max Price Applied is 127100.0
21:56:50 [TestNG-test-Test-1] INFO  verifyingPriceSilderFunctionality_Tablet_21-56-24 - [verifyingPriceSilderFunctionality_Tablet_21-56-24] Price Check <= Max & >= Min  Product Price is ->64999.0
21:56:50 [TestNG-test-Test-1] INFO  verifyingPriceSilderFunctionality_Tablet_21-56-24 - [verifyingPriceSilderFunctionality_Tablet_21-56-24] Min Price Applied is  51000.0   Product Price is 64,999  Max Price Applied is 127100.0
21:56:50 [TestNG-test-Test-1] INFO  verifyingPriceSilderFunctionality_Tablet_21-56-24 - [verifyingPriceSilderFunctionality_Tablet_21-56-24] Price Check <= Max & >= Min  Product Price is ->52999.0
21:56:50 [TestNG-test-Test-1] INFO  verifyingPriceSilderFunctionality_Tablet_21-56-24 - [verifyingPriceSilderFunctionality_Tablet_21-56-24] Min Price Applied is  51000.0   Product Price is 52,999  Max Price Applied is 127100.0
21:56:50 [TestNG-test-Test-1] INFO  verifyingPriceSilderFunctionality_Tablet_21-56-24 - [verifyingPriceSilderFunctionality_Tablet_21-56-24] Price Check <= Max & >= Min  Product Price is ->80999.0
21:56:50 [TestNG-test-Test-1] INFO  verifyingPriceSilderFunctionality_Tablet_21-56-24 - [verifyingPriceSilderFunctionality_Tablet_21-56-24] Min Price Applied is  51000.0   Product Price is 80,999  Max Price Applied is 127100.0
21:56:50 [TestNG-test-Test-1] INFO  verifyingPriceSilderFunctionality_Tablet_21-56-24 - [verifyingPriceSilderFunctionality_Tablet_21-56-24] Price Check <= Max & >= Min  Product Price is ->62999.0
21:56:50 [TestNG-test-Test-1] INFO  verifyingPriceSilderFunctionality_Tablet_21-56-24 - [verifyingPriceSilderFunctionality_Tablet_21-56-24] Min Price Applied is  51000.0   Product Price is 62,999  Max Price Applied is 127100.0
21:56:50 [TestNG-test-Test-1] INFO  verifyingPriceSilderFunctionality_Tablet_21-56-24 - [verifyingPriceSilderFunctionality_Tablet_21-56-24] Price Check <= Max & >= Min  Product Price is ->79999.0
21:56:50 [TestNG-test-Test-1] INFO  verifyingPriceSilderFunctionality_Tablet_21-56-24 - [verifyingPriceSilderFunctionality_Tablet_21-56-24] Min Price Applied is  51000.0   Product Price is 79,999  Max Price Applied is 127100.0
21:56:50 [TestNG-test-Test-1] INFO  verifyingPriceSilderFunctionality_Tablet_21-56-24 - [verifyingPriceSilderFunctionality_Tablet_21-56-24] Price Check <= Max & >= Min  Product Price is ->56490.0
21:56:50 [TestNG-test-Test-1] INFO  verifyingPriceSilderFunctionality_Tablet_21-56-24 - [verifyingPriceSilderFunctionality_Tablet_21-56-24] Min Price Applied is  51000.0   Product Price is 56,490  Max Price Applied is 127100.0
21:56:50 [TestNG-test-Test-1] INFO  verifyingPriceSilderFunctionality_Tablet_21-56-24 - [verifyingPriceSilderFunctionality_Tablet_21-56-24] Price Check <= Max & >= Min  Product Price is ->69999.0
21:56:50 [TestNG-test-Test-1] INFO  verifyingPriceSilderFunctionality_Tablet_21-56-24 - [verifyingPriceSilderFunctionality_Tablet_21-56-24] Min Price Applied is  51000.0   Product Price is 69,999  Max Price Applied is 127100.0
21:56:50 [TestNG-test-Test-1] INFO  verifyingPriceSilderFunctionality_Tablet_21-56-24 - [verifyingPriceSilderFunctionality_Tablet_21-56-24] Price Check <= Max & >= Min  Product Price is ->52506.0
21:56:50 [TestNG-test-Test-1] INFO  verifyingPriceSilderFunctionality_Tablet_21-56-24 - [verifyingPriceSilderFunctionality_Tablet_21-56-24] Min Price Applied is  51000.0   Product Price is 52,506  Max Price Applied is 127100.0
21:56:50 [TestNG-test-Test-1] INFO  verifyingPriceSilderFunctionality_Tablet_21-56-24 - [verifyingPriceSilderFunctionality_Tablet_21-56-24] Price Check <= Max & >= Min  Product Price is ->75999.0
21:56:50 [TestNG-test-Test-1] INFO  verifyingPriceSilderFunctionality_Tablet_21-56-24 - [verifyingPriceSilderFunctionality_Tablet_21-56-24] Min Price Applied is  51000.0   Product Price is 75,999  Max Price Applied is 127100.0
21:56:50 [TestNG-test-Test-1] INFO  verifyingPriceSilderFunctionality_Tablet_21-56-24 - [verifyingPriceSilderFunctionality_Tablet_21-56-24] Price Check <= Max & >= Min  Product Price is ->54999.0
21:56:50 [TestNG-test-Test-1] INFO  verifyingPriceSilderFunctionality_Tablet_21-56-24 - [verifyingPriceSilderFunctionality_Tablet_21-56-24] Min Price Applied is  51000.0   Product Price is 54,999  Max Price Applied is 127100.0
21:56:50 [TestNG-test-Test-1] INFO  verifyingPriceSilderFunctionality_Tablet_21-56-24 - [verifyingPriceSilderFunctionality_Tablet_21-56-24] Price Check <= Max & >= Min  Product Price is ->85490.0
21:56:50 [TestNG-test-Test-1] INFO  verifyingPriceSilderFunctionality_Tablet_21-56-24 - [verifyingPriceSilderFunctionality_Tablet_21-56-24] Min Price Applied is  51000.0   Product Price is 85,490  Max Price Applied is 127100.0
21:56:50 [TestNG-test-Test-1] INFO  verifyingPriceSilderFunctionality_Tablet_21-56-24 - [verifyingPriceSilderFunctionality_Tablet_21-56-24] Adding the data 'min','max','isValid' ,'mismatches' to 'result' Map->161
21:56:50 [TestNG-test-Test-1] INFO  verifyingPriceSilderFunctionality_Tablet_21-56-24 - [verifyingPriceSilderFunctionality_Tablet_21-56-24] Adding the 'results'  Map to the master 'allResults' i.e is List of maps->161
21:56:50 [TestNG-test-Test-1] INFO  verifyingPriceSilderFunctionality_Tablet_21-56-24 - [verifyingPriceSilderFunctionality_Tablet_21-56-24] Returning the data here in the end
21:56:50 [TestNG-test-Test-1] INFO  verifyingPriceSilderFunctionality_Tablet_21-56-24 - [verifyingPriceSilderFunctionality_Tablet_21-56-24]  Price range validated successfully: 61 - 81
21:56:50 [TestNG-test-Test-1] INFO  verifyingPriceSilderFunctionality_Tablet_21-56-24 - [verifyingPriceSilderFunctionality_Tablet_21-56-24] ------------------------------------------------------------
21:56:50 [TestNG-test-Test-1] INFO  verifyingPriceSilderFunctionality_Tablet_21-56-24 - [verifyingPriceSilderFunctionality_Tablet_21-56-24]  Price range validated successfully: 91 - 121
21:56:50 [TestNG-test-Test-1] INFO  verifyingPriceSilderFunctionality_Tablet_21-56-24 - [verifyingPriceSilderFunctionality_Tablet_21-56-24] ------------------------------------------------------------
21:56:50 [TestNG-test-Test-1] ERROR verifyingPriceSilderFunctionality_Tablet_21-56-24 - [verifyingPriceSilderFunctionality_Tablet_21-56-24]  Validation failed for price range: 131 - 161
21:56:50 [TestNG-test-Test-1] ERROR verifyingPriceSilderFunctionality_Tablet_21-56-24 - [verifyingPriceSilderFunctionality_Tablet_21-56-24]  Price out of range: ProductIndex=3, AppliedMin=51000.0, AppliedMax=127100.0, ActualPrice=49990.0
21:56:50 [TestNG-test-Test-1] INFO  verifyingPriceSilderFunctionality_Tablet_21-56-24 - [verifyingPriceSilderFunctionality_Tablet_21-56-24] ------------------------------------------------------------
21:56:50 [TestNG-test-Test-1] INFO  verifyingPriceSilderFunctionality_Tablet_21-56-24 - [verifyingPriceSilderFunctionality_Tablet_21-56-24]  Asserting all soft assertions now...
