21:19:58 [TestNG-test-Test-3] INFO  verifyingPriceSilderFunctionality_Mobile_21-19-58 - No existing WebDriver found for current thread. Initializing a new ChromeDriver...
21:19:58 [TestNG-test-Test-3] INFO  verifyingPriceSilderFunctionality_Mobile_21-19-58 - WebDriverManager: chromedriver setup OK
21:19:59 [TestNG-test-Test-3] INFO  verifyingPriceSilderFunctionality_Mobile_21-19-58 - ChromeDriver initialized successfully for thread: 36
21:20:01 [TestNG-test-Test-3] INFO  verifyingPriceSilderFunctionality_Mobile_21-19-58 - [verifyingPriceSilderFunctionality_Mobile_21-19-58] Opening amazon Landing page
21:20:02 [TestNG-test-Test-3] INFO  verifyingPriceSilderFunctionality_Mobile_21-19-58 - [verifyingPriceSilderFunctionality_Mobile_21-19-58] Within safeFindElement method
21:20:02 [TestNG-test-Test-3] INFO  verifyingPriceSilderFunctionality_Mobile_21-19-58 - [verifyingPriceSilderFunctionality_Mobile_21-19-58]Found the element returning it ,element ->[[ChromeDriver: chrome on windows (c3e51a296ca0b229102053d5d0287bf0)] -> xpath: //a[@id='nav-logo-sprites']]
21:20:03 [TestNG-test-Test-3] INFO  verifyingPriceSilderFunctionality_Mobile_21-19-58 - [verifyingPriceSilderFunctionality_Mobile_21-19-58] Giving input within the search bar
21:20:03 [TestNG-test-Test-3] INFO  verifyingPriceSilderFunctionality_Mobile_21-19-58 - [verifyingPriceSilderFunctionality_Mobile_21-19-58] Within safeClick method
21:20:06 [TestNG-test-Test-3] INFO  verifyingPriceSilderFunctionality_Mobile_21-19-58 - [verifyingPriceSilderFunctionality_Mobile_21-19-58] Clicked the  [[ChromeDriver: chrome on windows (c3e51a296ca0b229102053d5d0287bf0)] -> xpath: //input[@id='nav-search-submit-button']]   using safeClick
21:20:06 [TestNG-test-Test-3] INFO  verifyingPriceSilderFunctionality_Mobile_21-19-58 - [verifyingPriceSilderFunctionality_Mobile_21-19-58] Clicking on the submit in the search bar
21:20:06 [TestNG-test-Test-3] INFO  verifyingPriceSilderFunctionality_Mobile_21-19-58 - [verifyingPriceSilderFunctionality_Mobile_21-19-58] Within filterCheckUnderList method
21:20:06 [TestNG-test-Test-3] INFO  verifyingPriceSilderFunctionality_Mobile_21-19-58 - [verifyingPriceSilderFunctionality_Mobile_21-19-58] Found the Filter within the filter check List
21:20:06 [TestNG-test-Test-3] INFO  verifyingPriceSilderFunctionality_Mobile_21-19-58 - [verifyingPriceSilderFunctionality_Mobile_21-19-58] Within applyPriceSliderAndValidateWithResult method
21:20:06 [TestNG-test-Test-3] INFO  verifyingPriceSilderFunctionality_Mobile_21-19-58 - [verifyingPriceSilderFunctionality_Mobile_21-19-58] Within smoothScrollToElement method
21:20:06 [TestNG-test-Test-3] INFO  verifyingPriceSilderFunctionality_Mobile_21-19-58 - [verifyingPriceSilderFunctionality_Mobile_21-19-58] Within safeFindElement method
21:20:07 [TestNG-test-Test-3] INFO  verifyingPriceSilderFunctionality_Mobile_21-19-58 - [verifyingPriceSilderFunctionality_Mobile_21-19-58]Found the element returning it ,element ->[[ChromeDriver: chrome on windows (c3e51a296ca0b229102053d5d0287bf0)] -> id: p_36/range-slider_slider-item_lower-bound-slider]
21:20:07 [TestNG-test-Test-3] INFO  verifyingPriceSilderFunctionality_Mobile_21-19-58 - [verifyingPriceSilderFunctionality_Mobile_21-19-58] Successfully scrolled to element: By.id: p_36/range-slider_slider-item_lower-bound-slider
21:20:07 [TestNG-test-Test-3] INFO  verifyingPriceSilderFunctionality_Mobile_21-19-58 - [verifyingPriceSilderFunctionality_Mobile_21-19-58] Within safeFindElement method
21:20:07 [TestNG-test-Test-3] INFO  verifyingPriceSilderFunctionality_Mobile_21-19-58 - [verifyingPriceSilderFunctionality_Mobile_21-19-58]Found the element returning it ,element ->[[ChromeDriver: chrome on windows (c3e51a296ca0b229102053d5d0287bf0)] -> id: p_36/range-slider_slider-item_lower-bound-slider]
21:20:07 [TestNG-test-Test-3] INFO  verifyingPriceSilderFunctionality_Mobile_21-19-58 - [verifyingPriceSilderFunctionality_Mobile_21-19-58] in the setSliderValue method with value 61
21:20:07 [TestNG-test-Test-3] INFO  verifyingPriceSilderFunctionality_Mobile_21-19-58 - [verifyingPriceSilderFunctionality_Mobile_21-19-58] Within safeFindElement method
21:20:07 [TestNG-test-Test-3] INFO  verifyingPriceSilderFunctionality_Mobile_21-19-58 - [verifyingPriceSilderFunctionality_Mobile_21-19-58]Found the element returning it ,element ->[[ChromeDriver: chrome on windows (c3e51a296ca0b229102053d5d0287bf0)] -> id: p_36/range-slider_slider-item_upper-bound-slider]
21:20:07 [TestNG-test-Test-3] INFO  verifyingPriceSilderFunctionality_Mobile_21-19-58 - [verifyingPriceSilderFunctionality_Mobile_21-19-58] in the setSliderValue method with value 81
21:20:08 [TestNG-test-Test-3] INFO  verifyingPriceSilderFunctionality_Mobile_21-19-58 - [verifyingPriceSilderFunctionality_Mobile_21-19-58] Within safeFindElement method
21:20:10 [TestNG-test-Test-3] INFO  verifyingPriceSilderFunctionality_Mobile_21-19-58 - [verifyingPriceSilderFunctionality_Mobile_21-19-58]Found the element returning it ,element ->[[ChromeDriver: chrome on windows (c3e51a296ca0b229102053d5d0287bf0)] -> xpath: //label[@for='p_36/range-slider_slider-item_upper-bound-slider']]
21:20:10 [TestNG-test-Test-3] INFO  verifyingPriceSilderFunctionality_Mobile_21-19-58 - [verifyingPriceSilderFunctionality_Mobile_21-19-58] Within safeFindElement method
21:20:10 [TestNG-test-Test-3] INFO  verifyingPriceSilderFunctionality_Mobile_21-19-58 - [verifyingPriceSilderFunctionality_Mobile_21-19-58]Found the element returning it ,element ->[[ChromeDriver: chrome on windows (c3e51a296ca0b229102053d5d0287bf0)] -> xpath: //label[@for='p_36/range-slider_slider-item_lower-bound-slider']]
21:20:10 [TestNG-test-Test-3] INFO  verifyingPriceSilderFunctionality_Mobile_21-19-58 - [verifyingPriceSilderFunctionality_Mobile_21-19-58] Within safeFindElements 
21:20:10 [TestNG-test-Test-3] INFO  verifyingPriceSilderFunctionality_Mobile_21-19-58 - [verifyingPriceSilderFunctionality_Mobile_21-19-58] Returning the  [[[ChromeDriver: chrome on windows (c3e51a296ca0b229102053d5d0287bf0)] -> xpath: //span[@class='a-price-whole']], [[ChromeDriver: chrome on windows (c3e51a296ca0b229102053d5d0287bf0)] -> xpath: //span[@class='a-price-whole']], [[ChromeDriver: chrome on windows (c3e51a296ca0b229102053d5d0287bf0)] -> xpath: //span[@class='a-price-whole']], [[ChromeDriver: chrome on windows (c3e51a296ca0b229102053d5d0287bf0)] -> xpath: //span[@class='a-price-whole']], [[ChromeDriver: chrome on windows (c3e51a296ca0b229102053d5d0287bf0)] -> xpath: //span[@class='a-price-whole']], [[ChromeDriver: chrome on windows (c3e51a296ca0b229102053d5d0287bf0)] -> xpath: //span[@class='a-price-whole']], [[ChromeDriver: chrome on windows (c3e51a296ca0b229102053d5d0287bf0)] -> xpath: //span[@class='a-price-whole']], [[ChromeDriver: chrome on windows (c3e51a296ca0b229102053d5d0287bf0)] -> xpath: //span[@class='a-price-whole']], [[ChromeDriver: chrome on windows (c3e51a296ca0b229102053d5d0287bf0)] -> xpath: //span[@class='a-price-whole']], [[ChromeDriver: chrome on windows (c3e51a296ca0b229102053d5d0287bf0)] -> xpath: //span[@class='a-price-whole']], [[ChromeDriver: chrome on windows (c3e51a296ca0b229102053d5d0287bf0)] -> xpath: //span[@class='a-price-whole']], [[ChromeDriver: chrome on windows (c3e51a296ca0b229102053d5d0287bf0)] -> xpath: //span[@class='a-price-whole']], [[ChromeDriver: chrome on windows (c3e51a296ca0b229102053d5d0287bf0)] -> xpath: //span[@class='a-price-whole']], [[ChromeDriver: chrome on windows (c3e51a296ca0b229102053d5d0287bf0)] -> xpath: //span[@class='a-price-whole']], [[ChromeDriver: chrome on windows (c3e51a296ca0b229102053d5d0287bf0)] -> xpath: //span[@class='a-price-whole']], [[ChromeDriver: chrome on windows (c3e51a296ca0b229102053d5d0287bf0)] -> xpath: //span[@class='a-price-whole']], [[ChromeDriver: chrome on windows (c3e51a296ca0b229102053d5d0287bf0)] -> xpath: //span[@class='a-price-whole']]] from the safeFindElements method
21:20:10 [TestNG-test-Test-3] INFO  verifyingPriceSilderFunctionality_Mobile_21-19-58 - [verifyingPriceSilderFunctionality_Mobile_21-19-58] Min Price Applied is  ₹16,200   Product Price is 16,997  Max Price Applied is ₹32,900
21:20:10 [TestNG-test-Test-3] INFO  verifyingPriceSilderFunctionality_Mobile_21-19-58 - [verifyingPriceSilderFunctionality_Mobile_21-19-58] Min Price Applied is  ₹16,200   Product Price is 19,499  Max Price Applied is ₹32,900
21:20:10 [TestNG-test-Test-3] INFO  verifyingPriceSilderFunctionality_Mobile_21-19-58 - [verifyingPriceSilderFunctionality_Mobile_21-19-58] Min Price Applied is  ₹16,200   Product Price is 16,999  Max Price Applied is ₹32,900
21:20:10 [TestNG-test-Test-3] INFO  verifyingPriceSilderFunctionality_Mobile_21-19-58 - [verifyingPriceSilderFunctionality_Mobile_21-19-58] Min Price Applied is  ₹16,200   Product Price is 30,999  Max Price Applied is ₹32,900
21:20:10 [TestNG-test-Test-3] INFO  verifyingPriceSilderFunctionality_Mobile_21-19-58 - [verifyingPriceSilderFunctionality_Mobile_21-19-58] Min Price Applied is  ₹16,200   Product Price is 16,249  Max Price Applied is ₹32,900
21:20:10 [TestNG-test-Test-3] INFO  verifyingPriceSilderFunctionality_Mobile_21-19-58 - [verifyingPriceSilderFunctionality_Mobile_21-19-58] Min Price Applied is  ₹16,200   Product Price is 28,799  Max Price Applied is ₹32,900
21:20:10 [TestNG-test-Test-3] INFO  verifyingPriceSilderFunctionality_Mobile_21-19-58 - [verifyingPriceSilderFunctionality_Mobile_21-19-58] Min Price Applied is  ₹16,200   Product Price is 24,999  Max Price Applied is ₹32,900
21:20:10 [TestNG-test-Test-3] INFO  verifyingPriceSilderFunctionality_Mobile_21-19-58 - [verifyingPriceSilderFunctionality_Mobile_21-19-58] Min Price Applied is  ₹16,200   Product Price is 16,999  Max Price Applied is ₹32,900
21:20:10 [TestNG-test-Test-3] INFO  verifyingPriceSilderFunctionality_Mobile_21-19-58 - [verifyingPriceSilderFunctionality_Mobile_21-19-58] Min Price Applied is  ₹16,200   Product Price is 23,499  Max Price Applied is ₹32,900
21:20:10 [TestNG-test-Test-3] INFO  verifyingPriceSilderFunctionality_Mobile_21-19-58 - [verifyingPriceSilderFunctionality_Mobile_21-19-58] Min Price Applied is  ₹16,200   Product Price is 16,249  Max Price Applied is ₹32,900
21:20:10 [TestNG-test-Test-3] INFO  verifyingPriceSilderFunctionality_Mobile_21-19-58 - [verifyingPriceSilderFunctionality_Mobile_21-19-58] Min Price Applied is  ₹16,200   Product Price is 25,250  Max Price Applied is ₹32,900
21:20:10 [TestNG-test-Test-3] INFO  verifyingPriceSilderFunctionality_Mobile_21-19-58 - [verifyingPriceSilderFunctionality_Mobile_21-19-58] Min Price Applied is  ₹16,200   Product Price is 21,299  Max Price Applied is ₹32,900
21:20:10 [TestNG-test-Test-3] INFO  verifyingPriceSilderFunctionality_Mobile_21-19-58 - [verifyingPriceSilderFunctionality_Mobile_21-19-58] Min Price Applied is  ₹16,200   Product Price is 21,290  Max Price Applied is ₹32,900
21:20:10 [TestNG-test-Test-3] INFO  verifyingPriceSilderFunctionality_Mobile_21-19-58 - [verifyingPriceSilderFunctionality_Mobile_21-19-58] Min Price Applied is  ₹16,200   Product Price is 20,000  Max Price Applied is ₹32,900
21:20:10 [TestNG-test-Test-3] INFO  verifyingPriceSilderFunctionality_Mobile_21-19-58 - [verifyingPriceSilderFunctionality_Mobile_21-19-58] Min Price Applied is  ₹16,200   Product Price is 20,299  Max Price Applied is ₹32,900
21:20:10 [TestNG-test-Test-3] INFO  verifyingPriceSilderFunctionality_Mobile_21-19-58 - [verifyingPriceSilderFunctionality_Mobile_21-19-58] Min Price Applied is  ₹16,200   Product Price is 17,995  Max Price Applied is ₹32,900
21:20:10 [TestNG-test-Test-3] INFO  verifyingPriceSilderFunctionality_Mobile_21-19-58 - [verifyingPriceSilderFunctionality_Mobile_21-19-58] Min Price Applied is  ₹16,200   Product Price is 19,999  Max Price Applied is ₹32,900
21:20:10 [TestNG-test-Test-3] INFO  verifyingPriceSilderFunctionality_Mobile_21-19-58 - [verifyingPriceSilderFunctionality_Mobile_21-19-58] Within smoothScrollToElement method
21:20:10 [TestNG-test-Test-3] INFO  verifyingPriceSilderFunctionality_Mobile_21-19-58 - [verifyingPriceSilderFunctionality_Mobile_21-19-58] Within safeFindElement method
21:20:10 [TestNG-test-Test-3] INFO  verifyingPriceSilderFunctionality_Mobile_21-19-58 - [verifyingPriceSilderFunctionality_Mobile_21-19-58]Found the element returning it ,element ->[[ChromeDriver: chrome on windows (c3e51a296ca0b229102053d5d0287bf0)] -> id: p_36/range-slider_slider-item_lower-bound-slider]
21:20:10 [TestNG-test-Test-3] INFO  verifyingPriceSilderFunctionality_Mobile_21-19-58 - [verifyingPriceSilderFunctionality_Mobile_21-19-58] Successfully scrolled to element: By.id: p_36/range-slider_slider-item_lower-bound-slider
21:20:11 [TestNG-test-Test-3] INFO  verifyingPriceSilderFunctionality_Mobile_21-19-58 - [verifyingPriceSilderFunctionality_Mobile_21-19-58] Price Check <= Max & >= Min  Product Price is ->16997.0
21:20:11 [TestNG-test-Test-3] INFO  verifyingPriceSilderFunctionality_Mobile_21-19-58 - [verifyingPriceSilderFunctionality_Mobile_21-19-58] Min Price Applied is  16200.0   Product Price is 16,997  Max Price Applied is 32900.0
21:20:11 [TestNG-test-Test-3] INFO  verifyingPriceSilderFunctionality_Mobile_21-19-58 - [verifyingPriceSilderFunctionality_Mobile_21-19-58] Price Check <= Max & >= Min  Product Price is ->19499.0
21:20:11 [TestNG-test-Test-3] INFO  verifyingPriceSilderFunctionality_Mobile_21-19-58 - [verifyingPriceSilderFunctionality_Mobile_21-19-58] Min Price Applied is  16200.0   Product Price is 19,499  Max Price Applied is 32900.0
21:20:11 [TestNG-test-Test-3] INFO  verifyingPriceSilderFunctionality_Mobile_21-19-58 - [verifyingPriceSilderFunctionality_Mobile_21-19-58] Price Check <= Max & >= Min  Product Price is ->16999.0
21:20:11 [TestNG-test-Test-3] INFO  verifyingPriceSilderFunctionality_Mobile_21-19-58 - [verifyingPriceSilderFunctionality_Mobile_21-19-58] Min Price Applied is  16200.0   Product Price is 16,999  Max Price Applied is 32900.0
21:20:11 [TestNG-test-Test-3] INFO  verifyingPriceSilderFunctionality_Mobile_21-19-58 - [verifyingPriceSilderFunctionality_Mobile_21-19-58] Price Check <= Max & >= Min  Product Price is ->30999.0
21:20:11 [TestNG-test-Test-3] INFO  verifyingPriceSilderFunctionality_Mobile_21-19-58 - [verifyingPriceSilderFunctionality_Mobile_21-19-58] Min Price Applied is  16200.0   Product Price is 30,999  Max Price Applied is 32900.0
21:20:11 [TestNG-test-Test-3] INFO  verifyingPriceSilderFunctionality_Mobile_21-19-58 - [verifyingPriceSilderFunctionality_Mobile_21-19-58] Price Check <= Max & >= Min  Product Price is ->16249.0
21:20:11 [TestNG-test-Test-3] INFO  verifyingPriceSilderFunctionality_Mobile_21-19-58 - [verifyingPriceSilderFunctionality_Mobile_21-19-58] Min Price Applied is  16200.0   Product Price is 16,249  Max Price Applied is 32900.0
21:20:11 [TestNG-test-Test-3] INFO  verifyingPriceSilderFunctionality_Mobile_21-19-58 - [verifyingPriceSilderFunctionality_Mobile_21-19-58] Price Check <= Max & >= Min  Product Price is ->28799.0
21:20:11 [TestNG-test-Test-3] INFO  verifyingPriceSilderFunctionality_Mobile_21-19-58 - [verifyingPriceSilderFunctionality_Mobile_21-19-58] Min Price Applied is  16200.0   Product Price is 28,799  Max Price Applied is 32900.0
21:20:11 [TestNG-test-Test-3] INFO  verifyingPriceSilderFunctionality_Mobile_21-19-58 - [verifyingPriceSilderFunctionality_Mobile_21-19-58] Price Check <= Max & >= Min  Product Price is ->24999.0
21:20:11 [TestNG-test-Test-3] INFO  verifyingPriceSilderFunctionality_Mobile_21-19-58 - [verifyingPriceSilderFunctionality_Mobile_21-19-58] Min Price Applied is  16200.0   Product Price is 24,999  Max Price Applied is 32900.0
21:20:11 [TestNG-test-Test-3] INFO  verifyingPriceSilderFunctionality_Mobile_21-19-58 - [verifyingPriceSilderFunctionality_Mobile_21-19-58] Price Check <= Max & >= Min  Product Price is ->16999.0
21:20:11 [TestNG-test-Test-3] INFO  verifyingPriceSilderFunctionality_Mobile_21-19-58 - [verifyingPriceSilderFunctionality_Mobile_21-19-58] Min Price Applied is  16200.0   Product Price is 16,999  Max Price Applied is 32900.0
21:20:11 [TestNG-test-Test-3] INFO  verifyingPriceSilderFunctionality_Mobile_21-19-58 - [verifyingPriceSilderFunctionality_Mobile_21-19-58] Price Check <= Max & >= Min  Product Price is ->23499.0
21:20:11 [TestNG-test-Test-3] INFO  verifyingPriceSilderFunctionality_Mobile_21-19-58 - [verifyingPriceSilderFunctionality_Mobile_21-19-58] Min Price Applied is  16200.0   Product Price is 23,499  Max Price Applied is 32900.0
21:20:11 [TestNG-test-Test-3] INFO  verifyingPriceSilderFunctionality_Mobile_21-19-58 - [verifyingPriceSilderFunctionality_Mobile_21-19-58] Price Check <= Max & >= Min  Product Price is ->16249.0
21:20:11 [TestNG-test-Test-3] INFO  verifyingPriceSilderFunctionality_Mobile_21-19-58 - [verifyingPriceSilderFunctionality_Mobile_21-19-58] Min Price Applied is  16200.0   Product Price is 16,249  Max Price Applied is 32900.0
21:20:11 [TestNG-test-Test-3] INFO  verifyingPriceSilderFunctionality_Mobile_21-19-58 - [verifyingPriceSilderFunctionality_Mobile_21-19-58] Price Check <= Max & >= Min  Product Price is ->25250.0
21:20:11 [TestNG-test-Test-3] INFO  verifyingPriceSilderFunctionality_Mobile_21-19-58 - [verifyingPriceSilderFunctionality_Mobile_21-19-58] Min Price Applied is  16200.0   Product Price is 25,250  Max Price Applied is 32900.0
21:20:11 [TestNG-test-Test-3] INFO  verifyingPriceSilderFunctionality_Mobile_21-19-58 - [verifyingPriceSilderFunctionality_Mobile_21-19-58] Price Check <= Max & >= Min  Product Price is ->21299.0
21:20:11 [TestNG-test-Test-3] INFO  verifyingPriceSilderFunctionality_Mobile_21-19-58 - [verifyingPriceSilderFunctionality_Mobile_21-19-58] Min Price Applied is  16200.0   Product Price is 21,299  Max Price Applied is 32900.0
21:20:11 [TestNG-test-Test-3] INFO  verifyingPriceSilderFunctionality_Mobile_21-19-58 - [verifyingPriceSilderFunctionality_Mobile_21-19-58] Price Check <= Max & >= Min  Product Price is ->21290.0
21:20:11 [TestNG-test-Test-3] INFO  verifyingPriceSilderFunctionality_Mobile_21-19-58 - [verifyingPriceSilderFunctionality_Mobile_21-19-58] Min Price Applied is  16200.0   Product Price is 21,290  Max Price Applied is 32900.0
21:20:11 [TestNG-test-Test-3] INFO  verifyingPriceSilderFunctionality_Mobile_21-19-58 - [verifyingPriceSilderFunctionality_Mobile_21-19-58] Price Check <= Max & >= Min  Product Price is ->20000.0
21:20:11 [TestNG-test-Test-3] INFO  verifyingPriceSilderFunctionality_Mobile_21-19-58 - [verifyingPriceSilderFunctionality_Mobile_21-19-58] Min Price Applied is  16200.0   Product Price is 20,000  Max Price Applied is 32900.0
21:20:11 [TestNG-test-Test-3] INFO  verifyingPriceSilderFunctionality_Mobile_21-19-58 - [verifyingPriceSilderFunctionality_Mobile_21-19-58] Price Check <= Max & >= Min  Product Price is ->20299.0
21:20:11 [TestNG-test-Test-3] INFO  verifyingPriceSilderFunctionality_Mobile_21-19-58 - [verifyingPriceSilderFunctionality_Mobile_21-19-58] Min Price Applied is  16200.0   Product Price is 20,299  Max Price Applied is 32900.0
21:20:11 [TestNG-test-Test-3] INFO  verifyingPriceSilderFunctionality_Mobile_21-19-58 - [verifyingPriceSilderFunctionality_Mobile_21-19-58] Price Check <= Max & >= Min  Product Price is ->17995.0
21:20:11 [TestNG-test-Test-3] INFO  verifyingPriceSilderFunctionality_Mobile_21-19-58 - [verifyingPriceSilderFunctionality_Mobile_21-19-58] Min Price Applied is  16200.0   Product Price is 17,995  Max Price Applied is 32900.0
21:20:11 [TestNG-test-Test-3] INFO  verifyingPriceSilderFunctionality_Mobile_21-19-58 - [verifyingPriceSilderFunctionality_Mobile_21-19-58] Price Check <= Max & >= Min  Product Price is ->19999.0
21:20:11 [TestNG-test-Test-3] INFO  verifyingPriceSilderFunctionality_Mobile_21-19-58 - [verifyingPriceSilderFunctionality_Mobile_21-19-58] Min Price Applied is  16200.0   Product Price is 19,999  Max Price Applied is 32900.0
21:20:11 [TestNG-test-Test-3] INFO  verifyingPriceSilderFunctionality_Mobile_21-19-58 - [verifyingPriceSilderFunctionality_Mobile_21-19-58] Adding the data 'min','max','isValid' ,'mismatches' to 'result' Map->81
21:20:11 [TestNG-test-Test-3] INFO  verifyingPriceSilderFunctionality_Mobile_21-19-58 - [verifyingPriceSilderFunctionality_Mobile_21-19-58] Adding the 'results'  Map to the master 'allResults' i.e is List of maps->81
21:20:11 [TestNG-test-Test-3] INFO  verifyingPriceSilderFunctionality_Mobile_21-19-58 - [verifyingPriceSilderFunctionality_Mobile_21-19-58] Within safeFindElement method
21:20:11 [TestNG-test-Test-3] INFO  verifyingPriceSilderFunctionality_Mobile_21-19-58 - [verifyingPriceSilderFunctionality_Mobile_21-19-58]Found the element returning it ,element ->[[ChromeDriver: chrome on windows (c3e51a296ca0b229102053d5d0287bf0)] -> id: p_36/range-slider_slider-item_lower-bound-slider]
21:20:11 [TestNG-test-Test-3] INFO  verifyingPriceSilderFunctionality_Mobile_21-19-58 - [verifyingPriceSilderFunctionality_Mobile_21-19-58] in the setSliderValue method with value 91
21:20:11 [TestNG-test-Test-3] INFO  verifyingPriceSilderFunctionality_Mobile_21-19-58 - [verifyingPriceSilderFunctionality_Mobile_21-19-58] Within safeFindElement method
21:20:11 [TestNG-test-Test-3] INFO  verifyingPriceSilderFunctionality_Mobile_21-19-58 - [verifyingPriceSilderFunctionality_Mobile_21-19-58]Found the element returning it ,element ->[[ChromeDriver: chrome on windows (c3e51a296ca0b229102053d5d0287bf0)] -> id: p_36/range-slider_slider-item_upper-bound-slider]
21:20:11 [TestNG-test-Test-3] INFO  verifyingPriceSilderFunctionality_Mobile_21-19-58 - [verifyingPriceSilderFunctionality_Mobile_21-19-58] in the setSliderValue method with value 121
21:20:11 [TestNG-test-Test-3] INFO  verifyingPriceSilderFunctionality_Mobile_21-19-58 - [verifyingPriceSilderFunctionality_Mobile_21-19-58] Within safeFindElement method
21:20:13 [TestNG-test-Test-3] INFO  verifyingPriceSilderFunctionality_Mobile_21-19-58 - [verifyingPriceSilderFunctionality_Mobile_21-19-58]Found the element returning it ,element ->[[ChromeDriver: chrome on windows (c3e51a296ca0b229102053d5d0287bf0)] -> xpath: //label[@for='p_36/range-slider_slider-item_upper-bound-slider']]
21:20:13 [TestNG-test-Test-3] INFO  verifyingPriceSilderFunctionality_Mobile_21-19-58 - [verifyingPriceSilderFunctionality_Mobile_21-19-58] Within safeFindElement method
21:20:13 [TestNG-test-Test-3] INFO  verifyingPriceSilderFunctionality_Mobile_21-19-58 - [verifyingPriceSilderFunctionality_Mobile_21-19-58]Found the element returning it ,element ->[[ChromeDriver: chrome on windows (c3e51a296ca0b229102053d5d0287bf0)] -> xpath: //label[@for='p_36/range-slider_slider-item_lower-bound-slider']]
21:20:13 [TestNG-test-Test-3] INFO  verifyingPriceSilderFunctionality_Mobile_21-19-58 - [verifyingPriceSilderFunctionality_Mobile_21-19-58] Within safeFindElements 
21:20:13 [TestNG-test-Test-3] INFO  verifyingPriceSilderFunctionality_Mobile_21-19-58 - [verifyingPriceSilderFunctionality_Mobile_21-19-58] Returning the  [[[ChromeDriver: chrome on windows (c3e51a296ca0b229102053d5d0287bf0)] -> xpath: //span[@class='a-price-whole']], [[ChromeDriver: chrome on windows (c3e51a296ca0b229102053d5d0287bf0)] -> xpath: //span[@class='a-price-whole']], [[ChromeDriver: chrome on windows (c3e51a296ca0b229102053d5d0287bf0)] -> xpath: //span[@class='a-price-whole']], [[ChromeDriver: chrome on windows (c3e51a296ca0b229102053d5d0287bf0)] -> xpath: //span[@class='a-price-whole']], [[ChromeDriver: chrome on windows (c3e51a296ca0b229102053d5d0287bf0)] -> xpath: //span[@class='a-price-whole']], [[ChromeDriver: chrome on windows (c3e51a296ca0b229102053d5d0287bf0)] -> xpath: //span[@class='a-price-whole']], [[ChromeDriver: chrome on windows (c3e51a296ca0b229102053d5d0287bf0)] -> xpath: //span[@class='a-price-whole']], [[ChromeDriver: chrome on windows (c3e51a296ca0b229102053d5d0287bf0)] -> xpath: //span[@class='a-price-whole']], [[ChromeDriver: chrome on windows (c3e51a296ca0b229102053d5d0287bf0)] -> xpath: //span[@class='a-price-whole']], [[ChromeDriver: chrome on windows (c3e51a296ca0b229102053d5d0287bf0)] -> xpath: //span[@class='a-price-whole']], [[ChromeDriver: chrome on windows (c3e51a296ca0b229102053d5d0287bf0)] -> xpath: //span[@class='a-price-whole']], [[ChromeDriver: chrome on windows (c3e51a296ca0b229102053d5d0287bf0)] -> xpath: //span[@class='a-price-whole']], [[ChromeDriver: chrome on windows (c3e51a296ca0b229102053d5d0287bf0)] -> xpath: //span[@class='a-price-whole']], [[ChromeDriver: chrome on windows (c3e51a296ca0b229102053d5d0287bf0)] -> xpath: //span[@class='a-price-whole']], [[ChromeDriver: chrome on windows (c3e51a296ca0b229102053d5d0287bf0)] -> xpath: //span[@class='a-price-whole']], [[ChromeDriver: chrome on windows (c3e51a296ca0b229102053d5d0287bf0)] -> xpath: //span[@class='a-price-whole']], [[ChromeDriver: chrome on windows (c3e51a296ca0b229102053d5d0287bf0)] -> xpath: //span[@class='a-price-whole']], [[ChromeDriver: chrome on windows (c3e51a296ca0b229102053d5d0287bf0)] -> xpath: //span[@class='a-price-whole']], [[ChromeDriver: chrome on windows (c3e51a296ca0b229102053d5d0287bf0)] -> xpath: //span[@class='a-price-whole']]] from the safeFindElements method
21:20:13 [TestNG-test-Test-3] INFO  verifyingPriceSilderFunctionality_Mobile_21-19-58 - [verifyingPriceSilderFunctionality_Mobile_21-19-58] Min Price Applied is  ₹23,700   Product Price is 36,999  Max Price Applied is ₹89,700
21:20:13 [TestNG-test-Test-3] INFO  verifyingPriceSilderFunctionality_Mobile_21-19-58 - [verifyingPriceSilderFunctionality_Mobile_21-19-58] Min Price Applied is  ₹23,700   Product Price is   Max Price Applied is ₹89,700
21:20:13 [TestNG-test-Test-3] INFO  verifyingPriceSilderFunctionality_Mobile_21-19-58 - [verifyingPriceSilderFunctionality_Mobile_21-19-58] Min Price Applied is  ₹23,700   Product Price is   Max Price Applied is ₹89,700
21:20:13 [TestNG-test-Test-3] INFO  verifyingPriceSilderFunctionality_Mobile_21-19-58 - [verifyingPriceSilderFunctionality_Mobile_21-19-58] Min Price Applied is  ₹23,700   Product Price is 24,999  Max Price Applied is ₹89,700
21:20:13 [TestNG-test-Test-3] INFO  verifyingPriceSilderFunctionality_Mobile_21-19-58 - [verifyingPriceSilderFunctionality_Mobile_21-19-58] Min Price Applied is  ₹23,700   Product Price is 30,999  Max Price Applied is ₹89,700
21:20:13 [TestNG-test-Test-3] INFO  verifyingPriceSilderFunctionality_Mobile_21-19-58 - [verifyingPriceSilderFunctionality_Mobile_21-19-58] Min Price Applied is  ₹23,700   Product Price is 28,799  Max Price Applied is ₹89,700
21:20:13 [TestNG-test-Test-3] INFO  verifyingPriceSilderFunctionality_Mobile_21-19-58 - [verifyingPriceSilderFunctionality_Mobile_21-19-58] Min Price Applied is  ₹23,700   Product Price is 25,499  Max Price Applied is ₹89,700
21:20:13 [TestNG-test-Test-3] INFO  verifyingPriceSilderFunctionality_Mobile_21-19-58 - [verifyingPriceSilderFunctionality_Mobile_21-19-58] Min Price Applied is  ₹23,700   Product Price is 24,999  Max Price Applied is ₹89,700
21:20:13 [TestNG-test-Test-3] INFO  verifyingPriceSilderFunctionality_Mobile_21-19-58 - [verifyingPriceSilderFunctionality_Mobile_21-19-58] Min Price Applied is  ₹23,700   Product Price is 59,999  Max Price Applied is ₹89,700
21:20:13 [TestNG-test-Test-3] INFO  verifyingPriceSilderFunctionality_Mobile_21-19-58 - [verifyingPriceSilderFunctionality_Mobile_21-19-58] Min Price Applied is  ₹23,700   Product Price is 26,499  Max Price Applied is ₹89,700
21:20:13 [TestNG-test-Test-3] INFO  verifyingPriceSilderFunctionality_Mobile_21-19-58 - [verifyingPriceSilderFunctionality_Mobile_21-19-58] Min Price Applied is  ₹23,700   Product Price is 25,250  Max Price Applied is ₹89,700
21:20:13 [TestNG-test-Test-3] INFO  verifyingPriceSilderFunctionality_Mobile_21-19-58 - [verifyingPriceSilderFunctionality_Mobile_21-19-58] Min Price Applied is  ₹23,700   Product Price is 40,999  Max Price Applied is ₹89,700
21:20:13 [TestNG-test-Test-3] INFO  verifyingPriceSilderFunctionality_Mobile_21-19-58 - [verifyingPriceSilderFunctionality_Mobile_21-19-58] Min Price Applied is  ₹23,700   Product Price is 33,099  Max Price Applied is ₹89,700
21:20:13 [TestNG-test-Test-3] INFO  verifyingPriceSilderFunctionality_Mobile_21-19-58 - [verifyingPriceSilderFunctionality_Mobile_21-19-58] Min Price Applied is  ₹23,700   Product Price is 41,999  Max Price Applied is ₹89,700
21:20:13 [TestNG-test-Test-3] INFO  verifyingPriceSilderFunctionality_Mobile_21-19-58 - [verifyingPriceSilderFunctionality_Mobile_21-19-58] Min Price Applied is  ₹23,700   Product Price is 43,999  Max Price Applied is ₹89,700
21:20:13 [TestNG-test-Test-3] INFO  verifyingPriceSilderFunctionality_Mobile_21-19-58 - [verifyingPriceSilderFunctionality_Mobile_21-19-58] Min Price Applied is  ₹23,700   Product Price is 26,999  Max Price Applied is ₹89,700
21:20:13 [TestNG-test-Test-3] INFO  verifyingPriceSilderFunctionality_Mobile_21-19-58 - [verifyingPriceSilderFunctionality_Mobile_21-19-58] Min Price Applied is  ₹23,700   Product Price is 46,999  Max Price Applied is ₹89,700
21:20:13 [TestNG-test-Test-3] INFO  verifyingPriceSilderFunctionality_Mobile_21-19-58 - [verifyingPriceSilderFunctionality_Mobile_21-19-58] Min Price Applied is  ₹23,700   Product Price is 28,999  Max Price Applied is ₹89,700
21:20:13 [TestNG-test-Test-3] INFO  verifyingPriceSilderFunctionality_Mobile_21-19-58 - [verifyingPriceSilderFunctionality_Mobile_21-19-58] Min Price Applied is  ₹23,700   Product Price is 59,999  Max Price Applied is ₹89,700
21:20:13 [TestNG-test-Test-3] INFO  verifyingPriceSilderFunctionality_Mobile_21-19-58 - [verifyingPriceSilderFunctionality_Mobile_21-19-58] Within smoothScrollToElement method
21:20:13 [TestNG-test-Test-3] INFO  verifyingPriceSilderFunctionality_Mobile_21-19-58 - [verifyingPriceSilderFunctionality_Mobile_21-19-58] Within safeFindElement method
21:20:13 [TestNG-test-Test-3] INFO  verifyingPriceSilderFunctionality_Mobile_21-19-58 - [verifyingPriceSilderFunctionality_Mobile_21-19-58]Found the element returning it ,element ->[[ChromeDriver: chrome on windows (c3e51a296ca0b229102053d5d0287bf0)] -> id: p_36/range-slider_slider-item_lower-bound-slider]
21:20:13 [TestNG-test-Test-3] INFO  verifyingPriceSilderFunctionality_Mobile_21-19-58 - [verifyingPriceSilderFunctionality_Mobile_21-19-58] Successfully scrolled to element: By.id: p_36/range-slider_slider-item_lower-bound-slider
21:20:14 [TestNG-test-Test-3] INFO  verifyingPriceSilderFunctionality_Mobile_21-19-58 - [verifyingPriceSilderFunctionality_Mobile_21-19-58] Price Check <= Max & >= Min  Product Price is ->36999.0
21:20:14 [TestNG-test-Test-3] INFO  verifyingPriceSilderFunctionality_Mobile_21-19-58 - [verifyingPriceSilderFunctionality_Mobile_21-19-58] Min Price Applied is  23700.0   Product Price is 36,999  Max Price Applied is 89700.0
21:20:14 [TestNG-test-Test-3] WARN  verifyingPriceSilderFunctionality_Mobile_21-19-58 - [verifyingPriceSilderFunctionality_Mobile_21-19-58] Skipping product at index 1: could not extract a price from '' - Cannot extract price: no digits found in input ''
21:20:14 [TestNG-test-Test-3] WARN  verifyingPriceSilderFunctionality_Mobile_21-19-58 - [verifyingPriceSilderFunctionality_Mobile_21-19-58] Skipping product at index 2: could not extract a price from '' - Cannot extract price: no digits found in input ''
21:20:14 [TestNG-test-Test-3] INFO  verifyingPriceSilderFunctionality_Mobile_21-19-58 - [verifyingPriceSilderFunctionality_Mobile_21-19-58] Price Check <= Max & >= Min  Product Price is ->24999.0
21:20:14 [TestNG-test-Test-3] INFO  verifyingPriceSilderFunctionality_Mobile_21-19-58 - [verifyingPriceSilderFunctionality_Mobile_21-19-58] Min Price Applied is  23700.0   Product Price is 24,999  Max Price Applied is 89700.0
21:20:14 [TestNG-test-Test-3] INFO  verifyingPriceSilderFunctionality_Mobile_21-19-58 - [verifyingPriceSilderFunctionality_Mobile_21-19-58] Price Check <= Max & >= Min  Product Price is ->30999.0
21:20:14 [TestNG-test-Test-3] INFO  verifyingPriceSilderFunctionality_Mobile_21-19-58 - [verifyingPriceSilderFunctionality_Mobile_21-19-58] Min Price Applied is  23700.0   Product Price is 30,999  Max Price Applied is 89700.0
21:20:14 [TestNG-test-Test-3] INFO  verifyingPriceSilderFunctionality_Mobile_21-19-58 - [verifyingPriceSilderFunctionality_Mobile_21-19-58] Price Check <= Max & >= Min  Product Price is ->28799.0
21:20:14 [TestNG-test-Test-3] INFO  verifyingPriceSilderFunctionality_Mobile_21-19-58 - [verifyingPriceSilderFunctionality_Mobile_21-19-58] Min Price Applied is  23700.0   Product Price is 28,799  Max Price Applied is 89700.0
21:20:14 [TestNG-test-Test-3] INFO  verifyingPriceSilderFunctionality_Mobile_21-19-58 - [verifyingPriceSilderFunctionality_Mobile_21-19-58] Price Check <= Max & >= Min  Product Price is ->25499.0
21:20:14 [TestNG-test-Test-3] INFO  verifyingPriceSilderFunctionality_Mobile_21-19-58 - [verifyingPriceSilderFunctionality_Mobile_21-19-58] Min Price Applied is  23700.0   Product Price is 25,499  Max Price Applied is 89700.0
21:20:14 [TestNG-test-Test-3] INFO  verifyingPriceSilderFunctionality_Mobile_21-19-58 - [verifyingPriceSilderFunctionality_Mobile_21-19-58] Price Check <= Max & >= Min  Product Price is ->24999.0
21:20:14 [TestNG-test-Test-3] INFO  verifyingPriceSilderFunctionality_Mobile_21-19-58 - [verifyingPriceSilderFunctionality_Mobile_21-19-58] Min Price Applied is  23700.0   Product Price is 24,999  Max Price Applied is 89700.0
21:20:14 [TestNG-test-Test-3] INFO  verifyingPriceSilderFunctionality_Mobile_21-19-58 - [verifyingPriceSilderFunctionality_Mobile_21-19-58] Price Check <= Max & >= Min  Product Price is ->59999.0
21:20:14 [TestNG-test-Test-3] INFO  verifyingPriceSilderFunctionality_Mobile_21-19-58 - [verifyingPriceSilderFunctionality_Mobile_21-19-58] Min Price Applied is  23700.0   Product Price is 59,999  Max Price Applied is 89700.0
21:20:14 [TestNG-test-Test-3] INFO  verifyingPriceSilderFunctionality_Mobile_21-19-58 - [verifyingPriceSilderFunctionality_Mobile_21-19-58] Price Check <= Max & >= Min  Product Price is ->26499.0
21:20:14 [TestNG-test-Test-3] INFO  verifyingPriceSilderFunctionality_Mobile_21-19-58 - [verifyingPriceSilderFunctionality_Mobile_21-19-58] Min Price Applied is  23700.0   Product Price is 26,499  Max Price Applied is 89700.0
21:20:14 [TestNG-test-Test-3] INFO  verifyingPriceSilderFunctionality_Mobile_21-19-58 - [verifyingPriceSilderFunctionality_Mobile_21-19-58] Price Check <= Max & >= Min  Product Price is ->25250.0
21:20:14 [TestNG-test-Test-3] INFO  verifyingPriceSilderFunctionality_Mobile_21-19-58 - [verifyingPriceSilderFunctionality_Mobile_21-19-58] Min Price Applied is  23700.0   Product Price is 25,250  Max Price Applied is 89700.0
21:20:14 [TestNG-test-Test-3] INFO  verifyingPriceSilderFunctionality_Mobile_21-19-58 - [verifyingPriceSilderFunctionality_Mobile_21-19-58] Price Check <= Max & >= Min  Product Price is ->40999.0
21:20:14 [TestNG-test-Test-3] INFO  verifyingPriceSilderFunctionality_Mobile_21-19-58 - [verifyingPriceSilderFunctionality_Mobile_21-19-58] Min Price Applied is  23700.0   Product Price is 40,999  Max Price Applied is 89700.0
21:20:14 [TestNG-test-Test-3] INFO  verifyingPriceSilderFunctionality_Mobile_21-19-58 - [verifyingPriceSilderFunctionality_Mobile_21-19-58] Price Check <= Max & >= Min  Product Price is ->33099.0
21:20:14 [TestNG-test-Test-3] INFO  verifyingPriceSilderFunctionality_Mobile_21-19-58 - [verifyingPriceSilderFunctionality_Mobile_21-19-58] Min Price Applied is  23700.0   Product Price is 33,099  Max Price Applied is 89700.0
21:20:14 [TestNG-test-Test-3] INFO  verifyingPriceSilderFunctionality_Mobile_21-19-58 - [verifyingPriceSilderFunctionality_Mobile_21-19-58] Price Check <= Max & >= Min  Product Price is ->41999.0
21:20:14 [TestNG-test-Test-3] INFO  verifyingPriceSilderFunctionality_Mobile_21-19-58 - [verifyingPriceSilderFunctionality_Mobile_21-19-58] Min Price Applied is  23700.0   Product Price is 41,999  Max Price Applied is 89700.0
21:20:14 [TestNG-test-Test-3] INFO  verifyingPriceSilderFunctionality_Mobile_21-19-58 - [verifyingPriceSilderFunctionality_Mobile_21-19-58] Price Check <= Max & >= Min  Product Price is ->43999.0
21:20:14 [TestNG-test-Test-3] INFO  verifyingPriceSilderFunctionality_Mobile_21-19-58 - [verifyingPriceSilderFunctionality_Mobile_21-19-58] Min Price Applied is  23700.0   Product Price is 43,999  Max Price Applied is 89700.0
21:20:14 [TestNG-test-Test-3] INFO  verifyingPriceSilderFunctionality_Mobile_21-19-58 - [verifyingPriceSilderFunctionality_Mobile_21-19-58] Price Check <= Max & >= Min  Product Price is ->26999.0
21:20:14 [TestNG-test-Test-3] INFO  verifyingPriceSilderFunctionality_Mobile_21-19-58 - [verifyingPriceSilderFunctionality_Mobile_21-19-58] Min Price Applied is  23700.0   Product Price is 26,999  Max Price Applied is 89700.0
21:20:14 [TestNG-test-Test-3] INFO  verifyingPriceSilderFunctionality_Mobile_21-19-58 - [verifyingPriceSilderFunctionality_Mobile_21-19-58] Price Check <= Max & >= Min  Product Price is ->46999.0
21:20:14 [TestNG-test-Test-3] INFO  verifyingPriceSilderFunctionality_Mobile_21-19-58 - [verifyingPriceSilderFunctionality_Mobile_21-19-58] Min Price Applied is  23700.0   Product Price is 46,999  Max Price Applied is 89700.0
21:20:14 [TestNG-test-Test-3] INFO  verifyingPriceSilderFunctionality_Mobile_21-19-58 - [verifyingPriceSilderFunctionality_Mobile_21-19-58] Price Check <= Max & >= Min  Product Price is ->28999.0
21:20:14 [TestNG-test-Test-3] INFO  verifyingPriceSilderFunctionality_Mobile_21-19-58 - [verifyingPriceSilderFunctionality_Mobile_21-19-58] Min Price Applied is  23700.0   Product Price is 28,999  Max Price Applied is 89700.0
21:20:14 [TestNG-test-Test-3] INFO  verifyingPriceSilderFunctionality_Mobile_21-19-58 - [verifyingPriceSilderFunctionality_Mobile_21-19-58] Price Check <= Max & >= Min  Product Price is ->59999.0
21:20:14 [TestNG-test-Test-3] INFO  verifyingPriceSilderFunctionality_Mobile_21-19-58 - [verifyingPriceSilderFunctionality_Mobile_21-19-58] Min Price Applied is  23700.0   Product Price is 59,999  Max Price Applied is 89700.0
21:20:14 [TestNG-test-Test-3] INFO  verifyingPriceSilderFunctionality_Mobile_21-19-58 - [verifyingPriceSilderFunctionality_Mobile_21-19-58] Adding the data 'min','max','isValid' ,'mismatches' to 'result' Map->121
21:20:14 [TestNG-test-Test-3] INFO  verifyingPriceSilderFunctionality_Mobile_21-19-58 - [verifyingPriceSilderFunctionality_Mobile_21-19-58] Adding the 'results'  Map to the master 'allResults' i.e is List of maps->121
21:20:14 [TestNG-test-Test-3] INFO  verifyingPriceSilderFunctionality_Mobile_21-19-58 - [verifyingPriceSilderFunctionality_Mobile_21-19-58] Within safeFindElement method
21:20:14 [TestNG-test-Test-3] INFO  verifyingPriceSilderFunctionality_Mobile_21-19-58 - [verifyingPriceSilderFunctionality_Mobile_21-19-58]Found the element returning it ,element ->[[ChromeDriver: chrome on windows (c3e51a296ca0b229102053d5d0287bf0)] -> id: p_36/range-slider_slider-item_lower-bound-slider]
21:20:14 [TestNG-test-Test-3] INFO  verifyingPriceSilderFunctionality_Mobile_21-19-58 - [verifyingPriceSilderFunctionality_Mobile_21-19-58] in the setSliderValue method with value 131
21:20:14 [TestNG-test-Test-3] INFO  verifyingPriceSilderFunctionality_Mobile_21-19-58 - [verifyingPriceSilderFunctionality_Mobile_21-19-58] Within safeFindElement method
21:20:14 [TestNG-test-Test-3] INFO  verifyingPriceSilderFunctionality_Mobile_21-19-58 - [verifyingPriceSilderFunctionality_Mobile_21-19-58]Found the element returning it ,element ->[[ChromeDriver: chrome on windows (c3e51a296ca0b229102053d5d0287bf0)] -> id: p_36/range-slider_slider-item_upper-bound-slider]
21:20:14 [TestNG-test-Test-3] INFO  verifyingPriceSilderFunctionality_Mobile_21-19-58 - [verifyingPriceSilderFunctionality_Mobile_21-19-58] in the setSliderValue method with value 161
21:20:14 [TestNG-test-Test-3] INFO  verifyingPriceSilderFunctionality_Mobile_21-19-58 - [verifyingPriceSilderFunctionality_Mobile_21-19-58] Within safeFindElement method
21:20:16 [TestNG-test-Test-3] INFO  verifyingPriceSilderFunctionality_Mobile_21-19-58 - [verifyingPriceSilderFunctionality_Mobile_21-19-58]Found the element returning it ,element ->[[ChromeDriver: chrome on windows (c3e51a296ca0b229102053d5d0287bf0)] -> xpath: //label[@for='p_36/range-slider_slider-item_upper-bound-slider']]
21:20:16 [TestNG-test-Test-3] INFO  verifyingPriceSilderFunctionality_Mobile_21-19-58 - [verifyingPriceSilderFunctionality_Mobile_21-19-58] Within safeFindElement method
21:20:16 [TestNG-test-Test-3] INFO  verifyingPriceSilderFunctionality_Mobile_21-19-58 - [verifyingPriceSilderFunctionality_Mobile_21-19-58]Found the element returning it ,element ->[[ChromeDriver: chrome on windows (c3e51a296ca0b229102053d5d0287bf0)] -> xpath: //label[@for='p_36/range-slider_slider-item_lower-bound-slider']]
21:20:16 [TestNG-test-Test-3] INFO  verifyingPriceSilderFunctionality_Mobile_21-19-58 - [verifyingPriceSilderFunctionality_Mobile_21-19-58] Within safeFindElements 
21:20:16 [TestNG-test-Test-3] INFO  verifyingPriceSilderFunctionality_Mobile_21-19-58 - [verifyingPriceSilderFunctionality_Mobile_21-19-58] Returning the  [[[ChromeDriver: chrome on windows (c3e51a296ca0b229102053d5d0287bf0)] -> xpath: //span[@class='a-price-whole']], [[ChromeDriver: chrome on windows (c3e51a296ca0b229102053d5d0287bf0)] -> xpath: //span[@class='a-price-whole']], [[ChromeDriver: chrome on windows (c3e51a296ca0b229102053d5d0287bf0)] -> xpath: //span[@class='a-price-whole']], [[ChromeDriver: chrome on windows (c3e51a296ca0b229102053d5d0287bf0)] -> xpath: //span[@class='a-price-whole']], [[ChromeDriver: chrome on windows (c3e51a296ca0b229102053d5d0287bf0)] -> xpath: //span[@class='a-price-whole']], [[ChromeDriver: chrome on windows (c3e51a296ca0b229102053d5d0287bf0)] -> xpath: //span[@class='a-price-whole']], [[ChromeDriver: chrome on windows (c3e51a296ca0b229102053d5d0287bf0)] -> xpath: //span[@class='a-price-whole']], [[ChromeDriver: chrome on windows (c3e51a296ca0b229102053d5d0287bf0)] -> xpath: //span[@class='a-price-whole']], [[ChromeDriver: chrome on windows (c3e51a296ca0b229102053d5d0287bf0)] -> xpath: //span[@class='a-price-whole']], [[ChromeDriver: chrome on windows (c3e51a296ca0b229102053d5d0287bf0)] -> xpath: //span[@class='a-price-whole']], [[ChromeDriver: chrome on windows (c3e51a296ca0b229102053d5d0287bf0)] -> xpath: //span[@class='a-price-whole']], [[ChromeDriver: chrome on windows (c3e51a296ca0b229102053d5d0287bf0)] -> xpath: //span[@class='a-price-whole']], [[ChromeDriver: chrome on windows (c3e51a296ca0b229102053d5d0287bf0)] -> xpath: //span[@class='a-price-whole']], [[ChromeDriver: chrome on windows (c3e51a296ca0b229102053d5d0287bf0)] -> xpath: //span[@class='a-price-whole']], [[ChromeDriver: chrome on windows (c3e51a296ca0b229102053d5d0287bf0)] -> xpath: //span[@class='a-price-whole']], [[ChromeDriver: chrome on windows (c3e51a296ca0b229102053d5d0287bf0)] -> xpath: //span[@class='a-price-whole']]] from the safeFindElements method
21:20:16 [TestNG-test-Test-3] INFO  verifyingPriceSilderFunctionality_Mobile_21-19-58 - [verifyingPriceSilderFunctionality_Mobile_21-19-58] Min Price Applied is  ₹72,300   Product Price is 86,900  Max Price Applied is ₹183,100
21:20:16 [TestNG-test-Test-3] INFO  verifyingPriceSilderFunctionality_Mobile_21-19-58 - [verifyingPriceSilderFunctionality_Mobile_21-19-58] Min Price Applied is  ₹72,300   Product Price is 79,900  Max Price Applied is ₹183,100
21:20:16 [TestNG-test-Test-3] INFO  verifyingPriceSilderFunctionality_Mobile_21-19-58 - [verifyingPriceSilderFunctionality_Mobile_21-19-58] Min Price Applied is  ₹72,300   Product Price is 99,999  Max Price Applied is ₹183,100
21:20:16 [TestNG-test-Test-3] INFO  verifyingPriceSilderFunctionality_Mobile_21-19-58 - [verifyingPriceSilderFunctionality_Mobile_21-19-58] Min Price Applied is  ₹72,300   Product Price is 79,900  Max Price Applied is ₹183,100
21:20:16 [TestNG-test-Test-3] INFO  verifyingPriceSilderFunctionality_Mobile_21-19-58 - [verifyingPriceSilderFunctionality_Mobile_21-19-58] Min Price Applied is  ₹72,300   Product Price is 90,099  Max Price Applied is ₹183,100
21:20:16 [TestNG-test-Test-3] INFO  verifyingPriceSilderFunctionality_Mobile_21-19-58 - [verifyingPriceSilderFunctionality_Mobile_21-19-58] Min Price Applied is  ₹72,300   Product Price is 85,999  Max Price Applied is ₹183,100
21:20:16 [TestNG-test-Test-3] INFO  verifyingPriceSilderFunctionality_Mobile_21-19-58 - [verifyingPriceSilderFunctionality_Mobile_21-19-58] Min Price Applied is  ₹72,300   Product Price is 94,999  Max Price Applied is ₹183,100
21:20:16 [TestNG-test-Test-3] INFO  verifyingPriceSilderFunctionality_Mobile_21-19-58 - [verifyingPriceSilderFunctionality_Mobile_21-19-58] Min Price Applied is  ₹72,300   Product Price is 99,999  Max Price Applied is ₹183,100
21:20:16 [TestNG-test-Test-3] INFO  verifyingPriceSilderFunctionality_Mobile_21-19-58 - [verifyingPriceSilderFunctionality_Mobile_21-19-58] Min Price Applied is  ₹72,300   Product Price is 76,000  Max Price Applied is ₹183,100
21:20:16 [TestNG-test-Test-3] INFO  verifyingPriceSilderFunctionality_Mobile_21-19-58 - [verifyingPriceSilderFunctionality_Mobile_21-19-58] Min Price Applied is  ₹72,300   Product Price is 99,999  Max Price Applied is ₹183,100
21:20:16 [TestNG-test-Test-3] INFO  verifyingPriceSilderFunctionality_Mobile_21-19-58 - [verifyingPriceSilderFunctionality_Mobile_21-19-58] Min Price Applied is  ₹72,300   Product Price is 1,04,999  Max Price Applied is ₹183,100
21:20:16 [TestNG-test-Test-3] INFO  verifyingPriceSilderFunctionality_Mobile_21-19-58 - [verifyingPriceSilderFunctionality_Mobile_21-19-58] Min Price Applied is  ₹72,300   Product Price is 72,999  Max Price Applied is ₹183,100
21:20:16 [TestNG-test-Test-3] INFO  verifyingPriceSilderFunctionality_Mobile_21-19-58 - [verifyingPriceSilderFunctionality_Mobile_21-19-58] Min Price Applied is  ₹72,300   Product Price is 76,999  Max Price Applied is ₹183,100
21:20:16 [TestNG-test-Test-3] INFO  verifyingPriceSilderFunctionality_Mobile_21-19-58 - [verifyingPriceSilderFunctionality_Mobile_21-19-58] Min Price Applied is  ₹72,300   Product Price is 99,900  Max Price Applied is ₹183,100
21:20:16 [TestNG-test-Test-3] INFO  verifyingPriceSilderFunctionality_Mobile_21-19-58 - [verifyingPriceSilderFunctionality_Mobile_21-19-58] Min Price Applied is  ₹72,300   Product Price is 84,999  Max Price Applied is ₹183,100
21:20:16 [TestNG-test-Test-3] INFO  verifyingPriceSilderFunctionality_Mobile_21-19-58 - [verifyingPriceSilderFunctionality_Mobile_21-19-58] Min Price Applied is  ₹72,300   Product Price is 94,999  Max Price Applied is ₹183,100
21:20:16 [TestNG-test-Test-3] INFO  verifyingPriceSilderFunctionality_Mobile_21-19-58 - [verifyingPriceSilderFunctionality_Mobile_21-19-58] Within smoothScrollToElement method
21:20:16 [TestNG-test-Test-3] INFO  verifyingPriceSilderFunctionality_Mobile_21-19-58 - [verifyingPriceSilderFunctionality_Mobile_21-19-58] Within safeFindElement method
21:20:16 [TestNG-test-Test-3] INFO  verifyingPriceSilderFunctionality_Mobile_21-19-58 - [verifyingPriceSilderFunctionality_Mobile_21-19-58]Found the element returning it ,element ->[[ChromeDriver: chrome on windows (c3e51a296ca0b229102053d5d0287bf0)] -> id: p_36/range-slider_slider-item_lower-bound-slider]
21:20:16 [TestNG-test-Test-3] INFO  verifyingPriceSilderFunctionality_Mobile_21-19-58 - [verifyingPriceSilderFunctionality_Mobile_21-19-58] Successfully scrolled to element: By.id: p_36/range-slider_slider-item_lower-bound-slider
21:20:16 [TestNG-test-Test-3] INFO  verifyingPriceSilderFunctionality_Mobile_21-19-58 - [verifyingPriceSilderFunctionality_Mobile_21-19-58] Price Check <= Max & >= Min  Product Price is ->86900.0
21:20:16 [TestNG-test-Test-3] INFO  verifyingPriceSilderFunctionality_Mobile_21-19-58 - [verifyingPriceSilderFunctionality_Mobile_21-19-58] Min Price Applied is  72300.0   Product Price is 86,900  Max Price Applied is 183100.0
21:20:16 [TestNG-test-Test-3] INFO  verifyingPriceSilderFunctionality_Mobile_21-19-58 - [verifyingPriceSilderFunctionality_Mobile_21-19-58] Price Check <= Max & >= Min  Product Price is ->79900.0
21:20:16 [TestNG-test-Test-3] INFO  verifyingPriceSilderFunctionality_Mobile_21-19-58 - [verifyingPriceSilderFunctionality_Mobile_21-19-58] Min Price Applied is  72300.0   Product Price is 79,900  Max Price Applied is 183100.0
21:20:16 [TestNG-test-Test-3] INFO  verifyingPriceSilderFunctionality_Mobile_21-19-58 - [verifyingPriceSilderFunctionality_Mobile_21-19-58] Price Check <= Max & >= Min  Product Price is ->99999.0
21:20:16 [TestNG-test-Test-3] INFO  verifyingPriceSilderFunctionality_Mobile_21-19-58 - [verifyingPriceSilderFunctionality_Mobile_21-19-58] Min Price Applied is  72300.0   Product Price is 99,999  Max Price Applied is 183100.0
21:20:16 [TestNG-test-Test-3] INFO  verifyingPriceSilderFunctionality_Mobile_21-19-58 - [verifyingPriceSilderFunctionality_Mobile_21-19-58] Price Check <= Max & >= Min  Product Price is ->79900.0
21:20:16 [TestNG-test-Test-3] INFO  verifyingPriceSilderFunctionality_Mobile_21-19-58 - [verifyingPriceSilderFunctionality_Mobile_21-19-58] Min Price Applied is  72300.0   Product Price is 79,900  Max Price Applied is 183100.0
21:20:16 [TestNG-test-Test-3] INFO  verifyingPriceSilderFunctionality_Mobile_21-19-58 - [verifyingPriceSilderFunctionality_Mobile_21-19-58] Price Check <= Max & >= Min  Product Price is ->90099.0
21:20:16 [TestNG-test-Test-3] INFO  verifyingPriceSilderFunctionality_Mobile_21-19-58 - [verifyingPriceSilderFunctionality_Mobile_21-19-58] Min Price Applied is  72300.0   Product Price is 90,099  Max Price Applied is 183100.0
21:20:16 [TestNG-test-Test-3] INFO  verifyingPriceSilderFunctionality_Mobile_21-19-58 - [verifyingPriceSilderFunctionality_Mobile_21-19-58] Price Check <= Max & >= Min  Product Price is ->85999.0
21:20:16 [TestNG-test-Test-3] INFO  verifyingPriceSilderFunctionality_Mobile_21-19-58 - [verifyingPriceSilderFunctionality_Mobile_21-19-58] Min Price Applied is  72300.0   Product Price is 85,999  Max Price Applied is 183100.0
21:20:16 [TestNG-test-Test-3] INFO  verifyingPriceSilderFunctionality_Mobile_21-19-58 - [verifyingPriceSilderFunctionality_Mobile_21-19-58] Price Check <= Max & >= Min  Product Price is ->94999.0
21:20:16 [TestNG-test-Test-3] INFO  verifyingPriceSilderFunctionality_Mobile_21-19-58 - [verifyingPriceSilderFunctionality_Mobile_21-19-58] Min Price Applied is  72300.0   Product Price is 94,999  Max Price Applied is 183100.0
21:20:16 [TestNG-test-Test-3] INFO  verifyingPriceSilderFunctionality_Mobile_21-19-58 - [verifyingPriceSilderFunctionality_Mobile_21-19-58] Price Check <= Max & >= Min  Product Price is ->99999.0
21:20:16 [TestNG-test-Test-3] INFO  verifyingPriceSilderFunctionality_Mobile_21-19-58 - [verifyingPriceSilderFunctionality_Mobile_21-19-58] Min Price Applied is  72300.0   Product Price is 99,999  Max Price Applied is 183100.0
21:20:16 [TestNG-test-Test-3] INFO  verifyingPriceSilderFunctionality_Mobile_21-19-58 - [verifyingPriceSilderFunctionality_Mobile_21-19-58] Price Check <= Max & >= Min  Product Price is ->76000.0
21:20:16 [TestNG-test-Test-3] INFO  verifyingPriceSilderFunctionality_Mobile_21-19-58 - [verifyingPriceSilderFunctionality_Mobile_21-19-58] Min Price Applied is  72300.0   Product Price is 76,000  Max Price Applied is 183100.0
21:20:16 [TestNG-test-Test-3] INFO  verifyingPriceSilderFunctionality_Mobile_21-19-58 - [verifyingPriceSilderFunctionality_Mobile_21-19-58] Price Check <= Max & >= Min  Product Price is ->99999.0
21:20:16 [TestNG-test-Test-3] INFO  verifyingPriceSilderFunctionality_Mobile_21-19-58 - [verifyingPriceSilderFunctionality_Mobile_21-19-58] Min Price Applied is  72300.0   Product Price is 99,999  Max Price Applied is 183100.0
21:20:16 [TestNG-test-Test-3] INFO  verifyingPriceSilderFunctionality_Mobile_21-19-58 - [verifyingPriceSilderFunctionality_Mobile_21-19-58] Price Check <= Max & >= Min  Product Price is ->104999.0
21:20:16 [TestNG-test-Test-3] INFO  verifyingPriceSilderFunctionality_Mobile_21-19-58 - [verifyingPriceSilderFunctionality_Mobile_21-19-58] Min Price Applied is  72300.0   Product Price is 1,04,999  Max Price Applied is 183100.0
21:20:16 [TestNG-test-Test-3] INFO  verifyingPriceSilderFunctionality_Mobile_21-19-58 - [verifyingPriceSilderFunctionality_Mobile_21-19-58] Price Check <= Max & >= Min  Product Price is ->72999.0
21:20:16 [TestNG-test-Test-3] INFO  verifyingPriceSilderFunctionality_Mobile_21-19-58 - [verifyingPriceSilderFunctionality_Mobile_21-19-58] Min Price Applied is  72300.0   Product Price is 72,999  Max Price Applied is 183100.0
21:20:16 [TestNG-test-Test-3] INFO  verifyingPriceSilderFunctionality_Mobile_21-19-58 - [verifyingPriceSilderFunctionality_Mobile_21-19-58] Price Check <= Max & >= Min  Product Price is ->76999.0
21:20:16 [TestNG-test-Test-3] INFO  verifyingPriceSilderFunctionality_Mobile_21-19-58 - [verifyingPriceSilderFunctionality_Mobile_21-19-58] Min Price Applied is  72300.0   Product Price is 76,999  Max Price Applied is 183100.0
21:20:16 [TestNG-test-Test-3] INFO  verifyingPriceSilderFunctionality_Mobile_21-19-58 - [verifyingPriceSilderFunctionality_Mobile_21-19-58] Price Check <= Max & >= Min  Product Price is ->99900.0
21:20:16 [TestNG-test-Test-3] INFO  verifyingPriceSilderFunctionality_Mobile_21-19-58 - [verifyingPriceSilderFunctionality_Mobile_21-19-58] Min Price Applied is  72300.0   Product Price is 99,900  Max Price Applied is 183100.0
21:20:16 [TestNG-test-Test-3] INFO  verifyingPriceSilderFunctionality_Mobile_21-19-58 - [verifyingPriceSilderFunctionality_Mobile_21-19-58] Price Check <= Max & >= Min  Product Price is ->84999.0
21:20:16 [TestNG-test-Test-3] INFO  verifyingPriceSilderFunctionality_Mobile_21-19-58 - [verifyingPriceSilderFunctionality_Mobile_21-19-58] Min Price Applied is  72300.0   Product Price is 84,999  Max Price Applied is 183100.0
21:20:16 [TestNG-test-Test-3] INFO  verifyingPriceSilderFunctionality_Mobile_21-19-58 - [verifyingPriceSilderFunctionality_Mobile_21-19-58] Price Check <= Max & >= Min  Product Price is ->94999.0
21:20:16 [TestNG-test-Test-3] INFO  verifyingPriceSilderFunctionality_Mobile_21-19-58 - [verifyingPriceSilderFunctionality_Mobile_21-19-58] Min Price Applied is  72300.0   Product Price is 94,999  Max Price Applied is 183100.0
21:20:16 [TestNG-test-Test-3] INFO  verifyingPriceSilderFunctionality_Mobile_21-19-58 - [verifyingPriceSilderFunctionality_Mobile_21-19-58] Adding the data 'min','max','isValid' ,'mismatches' to 'result' Map->161
21:20:16 [TestNG-test-Test-3] INFO  verifyingPriceSilderFunctionality_Mobile_21-19-58 - [verifyingPriceSilderFunctionality_Mobile_21-19-58] Adding the 'results'  Map to the master 'allResults' i.e is List of maps->161
21:20:16 [TestNG-test-Test-3] INFO  verifyingPriceSilderFunctionality_Mobile_21-19-58 - [verifyingPriceSilderFunctionality_Mobile_21-19-58] Returning the data here in the end
21:20:16 [TestNG-test-Test-3] INFO  verifyingPriceSilderFunctionality_Mobile_21-19-58 - [verifyingPriceSilderFunctionality_Mobile_21-19-58]  Price range validated successfully: 61 - 81
21:20:16 [TestNG-test-Test-3] INFO  verifyingPriceSilderFunctionality_Mobile_21-19-58 - [verifyingPriceSilderFunctionality_Mobile_21-19-58] ------------------------------------------------------------
21:20:16 [TestNG-test-Test-3] INFO  verifyingPriceSilderFunctionality_Mobile_21-19-58 - [verifyingPriceSilderFunctionality_Mobile_21-19-58]  Price range validated successfully: 91 - 121
21:20:16 [TestNG-test-Test-3] INFO  verifyingPriceSilderFunctionality_Mobile_21-19-58 - [verifyingPriceSilderFunctionality_Mobile_21-19-58] ------------------------------------------------------------
21:20:16 [TestNG-test-Test-3] INFO  verifyingPriceSilderFunctionality_Mobile_21-19-58 - [verifyingPriceSilderFunctionality_Mobile_21-19-58]  Price range validated successfully: 131 - 161
21:20:16 [TestNG-test-Test-3] INFO  verifyingPriceSilderFunctionality_Mobile_21-19-58 - [verifyingPriceSilderFunctionality_Mobile_21-19-58] ------------------------------------------------------------
21:20:16 [TestNG-test-Test-3] INFO  verifyingPriceSilderFunctionality_Mobile_21-19-58 - [verifyingPriceSilderFunctionality_Mobile_21-19-58]  Asserting all soft assertions now...
