22:56:22 [TestNG-test-Test-1] INFO  verifyingGetItByTodayFilterFunctionality_Tablet_22-56-22 - No existing WebDriver found for current thread. Initializing a new ChromeDriver...
22:56:22 [TestNG-test-Test-1] INFO  verifyingGetItByTodayFilterFunctionality_Tablet_22-56-22 - WebDriverManager: chromedriver setup OK
22:56:23 [TestNG-test-Test-1] INFO  verifyingGetItByTodayFilterFunctionality_Tablet_22-56-22 - ChromeDriver initialized successfully for thread: 34
22:56:25 [TestNG-test-Test-1] INFO  verifyingGetItByTodayFilterFunctionality_Tablet_22-56-22 - [verifyingGetItByTodayFilterFunctionality_Tablet_22-56-22] Opening amazon Landing page
22:56:25 [TestNG-test-Test-1] INFO  verifyingGetItByTodayFilterFunctionality_Tablet_22-56-22 - [verifyingGetItByTodayFilterFunctionality_Tablet_22-56-22] Within safeFindElement method
22:56:25 [TestNG-test-Test-1] INFO  verifyingGetItByTodayFilterFunctionality_Tablet_22-56-22 - [verifyingGetItByTodayFilterFunctionality_Tablet_22-56-22]Found the element returning it ,element ->[[ChromeDriver: chrome on windows (4362433ea80b4d4510b3bd78ea04a5e8)] -> xpath: //a[@id='nav-logo-sprites']]
22:56:26 [TestNG-test-Test-1] INFO  verifyingGetItByTodayFilterFunctionality_Tablet_22-56-22 - [verifyingGetItByTodayFilterFunctionality_Tablet_22-56-22] Giving input within the search bar
22:56:26 [TestNG-test-Test-1] INFO  verifyingGetItByTodayFilterFunctionality_Tablet_22-56-22 - [verifyingGetItByTodayFilterFunctionality_Tablet_22-56-22] Within safeClick method
22:56:28 [TestNG-test-Test-1] INFO  verifyingGetItByTodayFilterFunctionality_Tablet_22-56-22 - [verifyingGetItByTodayFilterFunctionality_Tablet_22-56-22] Clicked the  [[ChromeDriver: chrome on windows (4362433ea80b4d4510b3bd78ea04a5e8)] -> xpath: //input[@id='nav-search-submit-button']]   using safeClick
22:56:28 [TestNG-test-Test-1] INFO  verifyingGetItByTodayFilterFunctionality_Tablet_22-56-22 - [verifyingGetItByTodayFilterFunctionality_Tablet_22-56-22] Clicking on the submit in the search bar
22:56:28 [TestNG-test-Test-1] INFO  verifyingGetItByTodayFilterFunctionality_Tablet_22-56-22 - [verifyingGetItByTodayFilterFunctionality_Tablet_22-56-22] Waiting until element is visible in viewport
22:56:29 [TestNG-test-Test-1] INFO  verifyingGetItByTodayFilterFunctionality_Tablet_22-56-22 - [verifyingGetItByTodayFilterFunctionality_Tablet_22-56-22] Within validateDeliveryFilterOptionsWithResult method
22:56:29 [TestNG-test-Test-1] INFO  verifyingGetItByTodayFilterFunctionality_Tablet_22-56-22 - [verifyingGetItByTodayFilterFunctionality_Tablet_22-56-22] Within safeClick method
22:56:29 [TestNG-test-Test-1] INFO  verifyingGetItByTodayFilterFunctionality_Tablet_22-56-22 - [verifyingGetItByTodayFilterFunctionality_Tablet_22-56-22] Clicked the  [[ChromeDriver: chrome on windows (4362433ea80b4d4510b3bd78ea04a5e8)] -> xpath: //span[@class='a-size-base a-color-base puis-bold-weight-text' and text()='Delivery Day']/parent::div/following-sibling::ul//span[@class='a-size-base a-color-base' and text()='Get It Today']]   using safeClick
22:56:29 [TestNG-test-Test-1] INFO  verifyingGetItByTodayFilterFunctionality_Tablet_22-56-22 - [verifyingGetItByTodayFilterFunctionality_Tablet_22-56-22] Within getMoreButtonByFilterTypeAndName method
22:56:29 [TestNG-test-Test-1] INFO  verifyingGetItByTodayFilterFunctionality_Tablet_22-56-22 - [verifyingGetItByTodayFilterFunctionality_Tablet_22-56-22] Clicked on By.xpath: //span[@class='a-size-base a-color-base puis-bold-weight-text' and text()='Delivery Day']/parent::div/following-sibling::ul//span[@class='a-size-base a-color-base' and text()='Get It Today']
22:56:29 [TestNG-test-Test-1] INFO  verifyingGetItByTodayFilterFunctionality_Tablet_22-56-22 - [verifyingGetItByTodayFilterFunctionality_Tablet_22-56-22] Within safeFindElements 
22:56:30 [TestNG-test-Test-1] INFO  verifyingGetItByTodayFilterFunctionality_Tablet_22-56-22 - [verifyingGetItByTodayFilterFunctionality_Tablet_22-56-22] Returning the  [[[ChromeDriver: chrome on windows (4362433ea80b4d4510b3bd78ea04a5e8)] -> xpath: //div[@class='a-section a-spacing-small a-spacing-top-small']], [[ChromeDriver: chrome on windows (4362433ea80b4d4510b3bd78ea04a5e8)] -> xpath: //div[@class='a-section a-spacing-small a-spacing-top-small']], [[ChromeDriver: chrome on windows (4362433ea80b4d4510b3bd78ea04a5e8)] -> xpath: //div[@class='a-section a-spacing-small a-spacing-top-small']], [[ChromeDriver: chrome on windows (4362433ea80b4d4510b3bd78ea04a5e8)] -> xpath: //div[@class='a-section a-spacing-small a-spacing-top-small']], [[ChromeDriver: chrome on windows (4362433ea80b4d4510b3bd78ea04a5e8)] -> xpath: //div[@class='a-section a-spacing-small a-spacing-top-small']], [[ChromeDriver: chrome on windows (4362433ea80b4d4510b3bd78ea04a5e8)] -> xpath: //div[@class='a-section a-spacing-small a-spacing-top-small']], [[ChromeDriver: chrome on windows (4362433ea80b4d4510b3bd78ea04a5e8)] -> xpath: //div[@class='a-section a-spacing-small a-spacing-top-small']], [[ChromeDriver: chrome on windows (4362433ea80b4d4510b3bd78ea04a5e8)] -> xpath: //div[@class='a-section a-spacing-small a-spacing-top-small']], [[ChromeDriver: chrome on windows (4362433ea80b4d4510b3bd78ea04a5e8)] -> xpath: //div[@class='a-section a-spacing-small a-spacing-top-small']], [[ChromeDriver: chrome on windows (4362433ea80b4d4510b3bd78ea04a5e8)] -> xpath: //div[@class='a-section a-spacing-small a-spacing-top-small']], [[ChromeDriver: chrome on windows (4362433ea80b4d4510b3bd78ea04a5e8)] -> xpath: //div[@class='a-section a-spacing-small a-spacing-top-small']], [[ChromeDriver: chrome on windows (4362433ea80b4d4510b3bd78ea04a5e8)] -> xpath: //div[@class='a-section a-spacing-small a-spacing-top-small']], [[ChromeDriver: chrome on windows (4362433ea80b4d4510b3bd78ea04a5e8)] -> xpath: //div[@class='a-section a-spacing-small a-spacing-top-small']], [[ChromeDriver: chrome on windows (4362433ea80b4d4510b3bd78ea04a5e8)] -> xpath: //div[@class='a-section a-spacing-small a-spacing-top-small']], [[ChromeDriver: chrome on windows (4362433ea80b4d4510b3bd78ea04a5e8)] -> xpath: //div[@class='a-section a-spacing-small a-spacing-top-small']], [[ChromeDriver: chrome on windows (4362433ea80b4d4510b3bd78ea04a5e8)] -> xpath: //div[@class='a-section a-spacing-small a-spacing-top-small']]] from the safeFindElements method
22:56:30 [TestNG-test-Test-1] INFO  verifyingGetItByTodayFilterFunctionality_Tablet_22-56-22 - [verifyingGetItByTodayFilterFunctionality_Tablet_22-56-22] Created hashset with required data to assert with Within validateDeliveryFilterOptionsWithResult method
22:56:30 [TestNG-test-Test-1] INFO  verifyingGetItByTodayFilterFunctionality_Tablet_22-56-22 - [verifyingGetItByTodayFilterFunctionality_Tablet_22-56-22] this is the set  [Today, Tue, FREE delivery, 28, 29, Mon, Tomorrow, Sep]
22:56:30 [TestNG-test-Test-1] INFO  verifyingGetItByTodayFilterFunctionality_Tablet_22-56-22 - [verifyingGetItByTodayFilterFunctionality_Tablet_22-56-22] Within deliveryElements loop iterating over the products  Within validateDeliveryFilterOptionsWithResult method
22:56:30 [TestNG-test-Test-1] INFO  verifyingGetItByTodayFilterFunctionality_Tablet_22-56-22 - [verifyingGetItByTodayFilterFunctionality_Tablet_22-56-22] Checking if the allowedDateParts have the assert text — index 0, text: Lenovo Tab (Smartchoice) | 10.1 Inch Display| Wi-Fi Only| 4 GB RAM + 64 GB ROM (Expandable up to 1 TB)| Metal Body| Dual Speakers with Dolby Atmos| Android 14| Color: Polar Blue
4.2
(647)
300+ bought in past month
₹16,999
M.R.P:
₹18,000 (6% off)
Up to 5% back with Amazon Pay ICI...
FREE delivery Thu, 1 Oct
Or fastest delivery Today 4 pm - 8 pm
Add to cart
22:56:30 [TestNG-test-Test-1] INFO  verifyingGetItByTodayFilterFunctionality_Tablet_22-56-22 - [verifyingGetItByTodayFilterFunctionality_Tablet_22-56-22] Within deliveryElements loop iterating over the products  Within validateDeliveryFilterOptionsWithResult method
22:56:30 [TestNG-test-Test-1] INFO  verifyingGetItByTodayFilterFunctionality_Tablet_22-56-22 - [verifyingGetItByTodayFilterFunctionality_Tablet_22-56-22] Checking if the allowedDateParts have the assert text — index 1, text: OnePlus Pad 2 (12.1 Inch),12GB RAM, 256GB Storage Snapdragon 8 Gen 3,144Hz Refresh Rate, 6 Speakers, 3K 12.1 Display, AI Features, 9610 mAh Battery, Wi-Fi with Cellular Data Sharing [Nimbus Gray]
4.4
(848)
2K+ bought in past month
Sale Price Live
₹31,999
M.R.P:
₹47,999 (33% off)
FREE delivery Thu, 1 Oct
Or fastest delivery Today 4 pm - 8 pm
Add to cart
22:56:30 [TestNG-test-Test-1] INFO  verifyingGetItByTodayFilterFunctionality_Tablet_22-56-22 - [verifyingGetItByTodayFilterFunctionality_Tablet_22-56-22] Within deliveryElements loop iterating over the products  Within validateDeliveryFilterOptionsWithResult method
22:56:30 [TestNG-test-Test-1] INFO  verifyingGetItByTodayFilterFunctionality_Tablet_22-56-22 - [verifyingGetItByTodayFilterFunctionality_Tablet_22-56-22] Checking if the allowedDateParts have the assert text — index 2, text: Redmi Pad 2, 11-inch (27.94 CM), LCD Display - 2.5K Sharp & Clear, 6GB RAM, 128GB ROM, Wi-Fi + Cellular (4G), Quad Speakers, Dolby Atmos, Sky Blue, AI Enabled
4.3
(907)
300+ bought in past month
₹23,999
M.R.P:
₹30,999 (23% off)
Up to 5% back with Amazon Pay ICI...
FREE delivery Thu, 1 Oct
Or fastest delivery Today 4 pm - 8 pm
Add to cart
22:56:30 [TestNG-test-Test-1] INFO  verifyingGetItByTodayFilterFunctionality_Tablet_22-56-22 - [verifyingGetItByTodayFilterFunctionality_Tablet_22-56-22] Within deliveryElements loop iterating over the products  Within validateDeliveryFilterOptionsWithResult method
22:56:30 [TestNG-test-Test-1] INFO  verifyingGetItByTodayFilterFunctionality_Tablet_22-56-22 - [verifyingGetItByTodayFilterFunctionality_Tablet_22-56-22] Checking if the allowedDateParts have the assert text — index 3, text: Samsung Galaxy Tab A11+ [Smartchoice], 11-inch (27.82 CM), LCD Display, 6GB RAM, 128GB ROM, Wi-Fi, Quad Speakers, Dolby Atmos, Gray, AI Enabled
4.4
(253)
400+ bought in past month
₹25,999
M.R.P:
₹27,999 (7% off)
Up to 5% back with Amazon Pay ICI...
FREE delivery Thu, 1 Oct
Or fastest delivery Today 4 pm - 8 pm
Add to cart
22:56:30 [TestNG-test-Test-1] INFO  verifyingGetItByTodayFilterFunctionality_Tablet_22-56-22 - [verifyingGetItByTodayFilterFunctionality_Tablet_22-56-22] Within deliveryElements loop iterating over the products  Within validateDeliveryFilterOptionsWithResult method
22:56:30 [TestNG-test-Test-1] INFO  verifyingGetItByTodayFilterFunctionality_Tablet_22-56-22 - [verifyingGetItByTodayFilterFunctionality_Tablet_22-56-22] Checking if the allowedDateParts have the assert text — index 4, text: Lenovo Idea Tab Smartchoice |11-inch 2.5K Clear Display, 90Hz Refresh Rate, 8GB RAM, 256GB ROM| MediaTek Dimensity 6300| 7040mAh Battery|4 Speakers| USB-C |Wi-Fi |AI-Enabled, Dolby Atmos, Luna Grey
4.4
(380)
200+ bought in past month
₹24,000
Up to 5% back with Amazon Pay ICI...
FREE delivery Thu, 1 Oct
Or fastest delivery Today 4 pm - 8 pm
Add to cart
22:56:30 [TestNG-test-Test-1] INFO  verifyingGetItByTodayFilterFunctionality_Tablet_22-56-22 - [verifyingGetItByTodayFilterFunctionality_Tablet_22-56-22] Within deliveryElements loop iterating over the products  Within validateDeliveryFilterOptionsWithResult method
22:56:30 [TestNG-test-Test-1] INFO  verifyingGetItByTodayFilterFunctionality_Tablet_22-56-22 - [verifyingGetItByTodayFilterFunctionality_Tablet_22-56-22] Checking if the allowedDateParts have the assert text — index 5, text: Lenovo {Smartchoice} Idea Tab Pro with Pen Plus|12.7" 3K Display|144 Hz Refresh|8 GB RAM, 128 GB ROM|AI-Enabled| MediaTek Dimensity 8300| Quad JBL Speakers| 10200 mAh Battery with 45 W Charger|WiFi 6e
4.2
(432)
500+ bought in past month
₹29,999
M.R.P:
₹43,999 (32% off)
Save extra with No Cost EMI
FREE delivery Thu, 1 Oct
Or fastest delivery Today 4 pm - 8 pm
Add to cart
22:56:30 [TestNG-test-Test-1] INFO  verifyingGetItByTodayFilterFunctionality_Tablet_22-56-22 - [verifyingGetItByTodayFilterFunctionality_Tablet_22-56-22] Within deliveryElements loop iterating over the products  Within validateDeliveryFilterOptionsWithResult method
22:56:30 [TestNG-test-Test-1] INFO  verifyingGetItByTodayFilterFunctionality_Tablet_22-56-22 - [verifyingGetItByTodayFilterFunctionality_Tablet_22-56-22] Checking if the allowedDateParts have the assert text — index 6, text: Lenovo Idea Tab (Smartchoice) with Folio Keyboard + Tab Pen | Wi-Fi + 5G |11" Display, 2.5K Resolution, 90Hz Refresh|8GB RAM, 256GB ROM| MediaTek Dimensity 6300| 7040mAh|4 Speakers| USB-C| Luna Grey
4.3
(71)
400+ bought in past month
₹35,998
M.R.P:
₹52,000 (31% off)
Up to 5% back with Amazon Pay ICI...
FREE delivery Thu, 1 Oct
Or fastest delivery Today 4 pm - 8 pm
Add to cart
22:56:30 [TestNG-test-Test-1] INFO  verifyingGetItByTodayFilterFunctionality_Tablet_22-56-22 - [verifyingGetItByTodayFilterFunctionality_Tablet_22-56-22] Within deliveryElements loop iterating over the products  Within validateDeliveryFilterOptionsWithResult method
22:56:30 [TestNG-test-Test-1] INFO  verifyingGetItByTodayFilterFunctionality_Tablet_22-56-22 - [verifyingGetItByTodayFilterFunctionality_Tablet_22-56-22] Checking if the allowedDateParts have the assert text — index 7, text: Samsung Galaxy Tab S10 Lite [Smartchoice], 10.9-inch (27.7 CM), LCD Display, 6GB RAM, 128GB ROM, Wi-Fi+5G, Dual Speakers, S Pen, Silver, AI Enabled
4.4
(269)
200+ bought in past month
₹38,999
M.R.P:
₹41,999 (7% off)
Save extra with No Cost EMI
FREE delivery Thu, 1 Oct
Or fastest delivery Today 4 pm - 8 pm
Add to cart
22:56:30 [TestNG-test-Test-1] INFO  verifyingGetItByTodayFilterFunctionality_Tablet_22-56-22 - [verifyingGetItByTodayFilterFunctionality_Tablet_22-56-22] Within deliveryElements loop iterating over the products  Within validateDeliveryFilterOptionsWithResult method
22:56:30 [TestNG-test-Test-1] INFO  verifyingGetItByTodayFilterFunctionality_Tablet_22-56-22 - [verifyingGetItByTodayFilterFunctionality_Tablet_22-56-22] Checking if the allowedDateParts have the assert text — index 8, text: OnePlus,Pad Lite, 11-inch (27.94 CM CM), LCD, 8GB RAM, 128GB ROM, WiFi + LTE, Quad Speakers, 9340mAh Battery, Aero Blue, Not AI Enabled
4.4
(895)
300+ bought in past month
₹26,999
M.R.P:
₹29,999 (10% off)
Up to 5% back with Amazon Pay ICI...
FREE delivery Thu, 1 Oct
Or fastest delivery Today 4 pm - 8 pm
Add to cart
22:56:30 [TestNG-test-Test-1] INFO  verifyingGetItByTodayFilterFunctionality_Tablet_22-56-22 - [verifyingGetItByTodayFilterFunctionality_Tablet_22-56-22] Within deliveryElements loop iterating over the products  Within validateDeliveryFilterOptionsWithResult method
22:56:30 [TestNG-test-Test-1] INFO  verifyingGetItByTodayFilterFunctionality_Tablet_22-56-22 - [verifyingGetItByTodayFilterFunctionality_Tablet_22-56-22] Checking if the allowedDateParts have the assert text — index 9, text: Lenovo Idea Tab Plus with Pen |Wifi +5G |12.1" 2.5K Display, 800nits Peak Brightness |8GB RAM + 256GB ROM (Expandable upto 2TB)| MediaTek Dimensity 6400| 10200mAh|4 Speakers with Dolby Atmos|Luna Grey
4.2
(115)
50+ bought in past month
₹33,299
M.R.P:
₹41,000 (19% off)
Up to 5% back with Amazon Pay ICI...
FREE delivery Thu, 1 Oct
Or fastest delivery Today 4 pm - 8 pm
Add to cart
22:56:30 [TestNG-test-Test-1] INFO  verifyingGetItByTodayFilterFunctionality_Tablet_22-56-22 - [verifyingGetItByTodayFilterFunctionality_Tablet_22-56-22] Within deliveryElements loop iterating over the products  Within validateDeliveryFilterOptionsWithResult method
22:56:30 [TestNG-test-Test-1] INFO  verifyingGetItByTodayFilterFunctionality_Tablet_22-56-22 - [verifyingGetItByTodayFilterFunctionality_Tablet_22-56-22] Checking if the allowedDateParts have the assert text — index 10, text: OnePlus, Pad Go 2, 12.1 inch (30.73 CM), LCD, 8GB RAM, 128GB ROM, Wi-Fi, Quad Speakers, Eye Care,Shadow Black, AI Enabled
4.2
(933)
400+ bought in past month
₹29,999
Up to 5% back with Amazon Pay ICI...
FREE delivery Thu, 1 Oct
Or fastest delivery Today 4 pm - 8 pm
Add to cart
22:56:30 [TestNG-test-Test-1] INFO  verifyingGetItByTodayFilterFunctionality_Tablet_22-56-22 - [verifyingGetItByTodayFilterFunctionality_Tablet_22-56-22] Within deliveryElements loop iterating over the products  Within validateDeliveryFilterOptionsWithResult method
22:56:30 [TestNG-test-Test-1] INFO  verifyingGetItByTodayFilterFunctionality_Tablet_22-56-22 - [verifyingGetItByTodayFilterFunctionality_Tablet_22-56-22] Checking if the allowedDateParts have the assert text — index 11, text: Apple iPad 11″: A16 chip, 27.69 cm (11″) Model, Liquid Retina Display, 128GB, Wi-Fi 6, 12MP Front/12MP Back Camera, Touch ID, All-Day Battery Life — Yellow
4.5
(134)
200+ bought in past month
₹49,900
Up to 5% back with Amazon Pay ICI...
FREE delivery Thu, 1 Oct
Or fastest delivery Today 4 pm - 8 pm
Add to cart
22:56:30 [TestNG-test-Test-1] INFO  verifyingGetItByTodayFilterFunctionality_Tablet_22-56-22 - [verifyingGetItByTodayFilterFunctionality_Tablet_22-56-22] Within deliveryElements loop iterating over the products  Within validateDeliveryFilterOptionsWithResult method
22:56:30 [TestNG-test-Test-1] INFO  verifyingGetItByTodayFilterFunctionality_Tablet_22-56-22 - [verifyingGetItByTodayFilterFunctionality_Tablet_22-56-22] Checking if the allowedDateParts have the assert text — index 12, text: Redmi Pad 2 Pro, 12.1-inch (30.73 CM), LCD Display - 2.5K Sharp & Clear, 8GB RAM, 128GB ROM, Wi-Fi, Quad Speakers, Dolby Atmos, Graphite Grey, AI Enabled
4.0
(331)
400+ bought in past month
₹28,999
M.R.P:
₹39,999 (28% off)
Up to 5% back with Amazon Pay ICI...
FREE delivery Thu, 1 Oct
Or fastest delivery Today 4 pm - 8 pm
Add to cart
22:56:30 [TestNG-test-Test-1] INFO  verifyingGetItByTodayFilterFunctionality_Tablet_22-56-22 - [verifyingGetItByTodayFilterFunctionality_Tablet_22-56-22] Within deliveryElements loop iterating over the products  Within validateDeliveryFilterOptionsWithResult method
22:56:30 [TestNG-test-Test-1] INFO  verifyingGetItByTodayFilterFunctionality_Tablet_22-56-22 - [verifyingGetItByTodayFilterFunctionality_Tablet_22-56-22] Checking if the allowedDateParts have the assert text — index 13, text: Samsung Galaxy Tab S10 Plus [Smartchoice], S Pen in-Box, 31.5 cm (12.4 inch) Dynamic AMOLED 2X Display, 12 GB RAM, 256 GB Storage, Wi-Fi Tablet, Moonstone Gray
4.4
(85)
200+ bought in past month
₹79,999
M.R.P:
₹1,01,999 (22% off)
Save extra with No Cost EMI
FREE delivery Thu, 1 Oct
Or fastest delivery Today 4 pm - 8 pm
Add to cart
22:56:30 [TestNG-test-Test-1] INFO  verifyingGetItByTodayFilterFunctionality_Tablet_22-56-22 - [verifyingGetItByTodayFilterFunctionality_Tablet_22-56-22] Within deliveryElements loop iterating over the products  Within validateDeliveryFilterOptionsWithResult method
22:56:31 [TestNG-test-Test-1] INFO  verifyingGetItByTodayFilterFunctionality_Tablet_22-56-22 - [verifyingGetItByTodayFilterFunctionality_Tablet_22-56-22] Checking if the allowedDateParts have the assert text — index 14, text: OnePlus, Pad 4, 13.2 inch (33.53 CM), LCD, 8GB RAM, 256GB ROM, WiFi, 8 Speakers, Snapdragon 8 Elite Gen 5, Dune Glow, AI Enabled
4.6
(48)
50+ bought in past month
₹62,999
Up to 5% back with Amazon Pay ICI...
FREE delivery Thu, 1 Oct
Or fastest delivery Today 4 pm - 8 pm
Add to cart
22:56:31 [TestNG-test-Test-1] INFO  verifyingGetItByTodayFilterFunctionality_Tablet_22-56-22 - [verifyingGetItByTodayFilterFunctionality_Tablet_22-56-22] Within deliveryElements loop iterating over the products  Within validateDeliveryFilterOptionsWithResult method
22:56:31 [TestNG-test-Test-1] INFO  verifyingGetItByTodayFilterFunctionality_Tablet_22-56-22 - [verifyingGetItByTodayFilterFunctionality_Tablet_22-56-22] Checking if the allowedDateParts have the assert text — index 15, text: XIAOMI Pad 8 Creator's Edition with Focus Pen Pro, 11.2 -inch (28.44 CM), LCD 3.2K, 12GB RAM, 256GB ROM, Wi-Fi, Quad Speakers Dolby Atmos, Graphite Grey, AI Enabled
4.3
(129)
50+ bought in past month
₹51,999
M.R.P:
₹63,999 (19% off)
Up to 5% back with Amazon Pay ICI...
FREE delivery Thu, 1 Oct
Or fastest delivery Today 4 pm - 8 pm
Add to cart
22:56:31 [TestNG-test-Test-1] INFO  verifyingGetItByTodayFilterFunctionality_Tablet_22-56-22 - [verifyingGetItByTodayFilterFunctionality_Tablet_22-56-22] Returning the list with boolean values   Within validateDeliveryFilterOptionsWithResult method
22:56:31 [TestNG-test-Test-1] INFO  verifyingGetItByTodayFilterFunctionality_Tablet_22-56-22 - [verifyingGetItByTodayFilterFunctionality_Tablet_22-56-22] Asserting delivery filter: isValid=true, index=-1, text=All the things are valid no errors
