21:12:11 [TestNG-test-Test-3] INFO  verifyingFreeDeliveryFilterFunctionality_Tablet_21-12-11 - No existing WebDriver found for current thread. Initializing a new ChromeDriver...
21:12:11 [TestNG-test-Test-3] INFO  verifyingFreeDeliveryFilterFunctionality_Tablet_21-12-11 - WebDriverManager: chromedriver setup OK
21:12:13 [TestNG-test-Test-3] INFO  verifyingFreeDeliveryFilterFunctionality_Tablet_21-12-11 - ChromeDriver initialized successfully for thread: 36
21:12:15 [TestNG-test-Test-3] INFO  verifyingFreeDeliveryFilterFunctionality_Tablet_21-12-11 - [verifyingFreeDeliveryFilterFunctionality_Tablet_21-12-11] Opening amazon Landing page
21:12:15 [TestNG-test-Test-3] INFO  verifyingFreeDeliveryFilterFunctionality_Tablet_21-12-11 - [verifyingFreeDeliveryFilterFunctionality_Tablet_21-12-11] Within safeFindElement method
21:12:15 [TestNG-test-Test-3] INFO  verifyingFreeDeliveryFilterFunctionality_Tablet_21-12-11 - [verifyingFreeDeliveryFilterFunctionality_Tablet_21-12-11]Found the element returning it ,element ->[[ChromeDriver: chrome on windows (ec180d6fe91fbdfc18f660f40e37337e)] -> xpath: //a[@id='nav-logo-sprites']]
21:12:16 [TestNG-test-Test-3] INFO  verifyingFreeDeliveryFilterFunctionality_Tablet_21-12-11 - [verifyingFreeDeliveryFilterFunctionality_Tablet_21-12-11] Giving input within the search bar
21:12:16 [TestNG-test-Test-3] INFO  verifyingFreeDeliveryFilterFunctionality_Tablet_21-12-11 - [verifyingFreeDeliveryFilterFunctionality_Tablet_21-12-11] Within safeClick method
21:12:18 [TestNG-test-Test-3] INFO  verifyingFreeDeliveryFilterFunctionality_Tablet_21-12-11 - [verifyingFreeDeliveryFilterFunctionality_Tablet_21-12-11] Clicked the  [[ChromeDriver: chrome on windows (ec180d6fe91fbdfc18f660f40e37337e)] -> xpath: //input[@id='nav-search-submit-button']]   using safeClick
21:12:18 [TestNG-test-Test-3] INFO  verifyingFreeDeliveryFilterFunctionality_Tablet_21-12-11 - [verifyingFreeDeliveryFilterFunctionality_Tablet_21-12-11] Clicking on the submit in the search bar
21:12:18 [TestNG-test-Test-3] INFO  verifyingFreeDeliveryFilterFunctionality_Tablet_21-12-11 - [verifyingFreeDeliveryFilterFunctionality_Tablet_21-12-11] Waiting until element is visible in viewport
21:12:18 [TestNG-test-Test-3] INFO  verifyingFreeDeliveryFilterFunctionality_Tablet_21-12-11 - [verifyingFreeDeliveryFilterFunctionality_Tablet_21-12-11] Within validateDeliveryFilterOptionsWithResult method
21:12:18 [TestNG-test-Test-3] INFO  verifyingFreeDeliveryFilterFunctionality_Tablet_21-12-11 - [verifyingFreeDeliveryFilterFunctionality_Tablet_21-12-11] Within safeClick method
21:12:19 [TestNG-test-Test-3] INFO  verifyingFreeDeliveryFilterFunctionality_Tablet_21-12-11 - [verifyingFreeDeliveryFilterFunctionality_Tablet_21-12-11] Clicked the  [[ChromeDriver: chrome on windows (ec180d6fe91fbdfc18f660f40e37337e)] -> xpath: //span[@class='a-size-base a-color-base puis-bold-weight-text' and text()='Eligible for Free Delivery']/parent::div/following-sibling::ul//span[@class='a-size-base a-color-base' and text()='Free Shipping']]   using safeClick
21:12:19 [TestNG-test-Test-3] INFO  verifyingFreeDeliveryFilterFunctionality_Tablet_21-12-11 - [verifyingFreeDeliveryFilterFunctionality_Tablet_21-12-11] Within getMoreButtonByFilterTypeAndName method
21:12:19 [TestNG-test-Test-3] INFO  verifyingFreeDeliveryFilterFunctionality_Tablet_21-12-11 - [verifyingFreeDeliveryFilterFunctionality_Tablet_21-12-11] Clicked on By.xpath: //span[@class='a-size-base a-color-base puis-bold-weight-text' and text()='Eligible for Free Delivery']/parent::div/following-sibling::ul//span[@class='a-size-base a-color-base' and text()='Free Shipping']
21:12:19 [TestNG-test-Test-3] INFO  verifyingFreeDeliveryFilterFunctionality_Tablet_21-12-11 - [verifyingFreeDeliveryFilterFunctionality_Tablet_21-12-11] Within safeFindElements 
21:12:20 [TestNG-test-Test-3] INFO  verifyingFreeDeliveryFilterFunctionality_Tablet_21-12-11 - [verifyingFreeDeliveryFilterFunctionality_Tablet_21-12-11] Returning the  [[[ChromeDriver: chrome on windows (ec180d6fe91fbdfc18f660f40e37337e)] -> xpath: //div[@class='a-section a-spacing-small a-spacing-top-small']], [[ChromeDriver: chrome on windows (ec180d6fe91fbdfc18f660f40e37337e)] -> xpath: //div[@class='a-section a-spacing-small a-spacing-top-small']], [[ChromeDriver: chrome on windows (ec180d6fe91fbdfc18f660f40e37337e)] -> xpath: //div[@class='a-section a-spacing-small a-spacing-top-small']], [[ChromeDriver: chrome on windows (ec180d6fe91fbdfc18f660f40e37337e)] -> xpath: //div[@class='a-section a-spacing-small a-spacing-top-small']], [[ChromeDriver: chrome on windows (ec180d6fe91fbdfc18f660f40e37337e)] -> xpath: //div[@class='a-section a-spacing-small a-spacing-top-small']], [[ChromeDriver: chrome on windows (ec180d6fe91fbdfc18f660f40e37337e)] -> xpath: //div[@class='a-section a-spacing-small a-spacing-top-small']], [[ChromeDriver: chrome on windows (ec180d6fe91fbdfc18f660f40e37337e)] -> xpath: //div[@class='a-section a-spacing-small a-spacing-top-small']], [[ChromeDriver: chrome on windows (ec180d6fe91fbdfc18f660f40e37337e)] -> xpath: //div[@class='a-section a-spacing-small a-spacing-top-small']], [[ChromeDriver: chrome on windows (ec180d6fe91fbdfc18f660f40e37337e)] -> xpath: //div[@class='a-section a-spacing-small a-spacing-top-small']], [[ChromeDriver: chrome on windows (ec180d6fe91fbdfc18f660f40e37337e)] -> xpath: //div[@class='a-section a-spacing-small a-spacing-top-small']], [[ChromeDriver: chrome on windows (ec180d6fe91fbdfc18f660f40e37337e)] -> xpath: //div[@class='a-section a-spacing-small a-spacing-top-small']], [[ChromeDriver: chrome on windows (ec180d6fe91fbdfc18f660f40e37337e)] -> xpath: //div[@class='a-section a-spacing-small a-spacing-top-small']], [[ChromeDriver: chrome on windows (ec180d6fe91fbdfc18f660f40e37337e)] -> xpath: //div[@class='a-section a-spacing-small a-spacing-top-small']], [[ChromeDriver: chrome on windows (ec180d6fe91fbdfc18f660f40e37337e)] -> xpath: //div[@class='a-section a-spacing-small a-spacing-top-small']], [[ChromeDriver: chrome on windows (ec180d6fe91fbdfc18f660f40e37337e)] -> xpath: //div[@class='a-section a-spacing-small a-spacing-top-small']], [[ChromeDriver: chrome on windows (ec180d6fe91fbdfc18f660f40e37337e)] -> xpath: //div[@class='a-section a-spacing-small a-spacing-top-small']]] from the safeFindElements method
21:12:20 [TestNG-test-Test-3] INFO  verifyingFreeDeliveryFilterFunctionality_Tablet_21-12-11 - [verifyingFreeDeliveryFilterFunctionality_Tablet_21-12-11] Created hashset with required data to assert with Within validateDeliveryFilterOptions method
21:12:20 [TestNG-test-Test-3] INFO  verifyingFreeDeliveryFilterFunctionality_Tablet_21-12-11 - [verifyingFreeDeliveryFilterFunctionality_Tablet_21-12-11] this is the set  [Today, Tue, FREE delivery, 07, 08, Mon, Tomorrow, Sep]
21:12:20 [TestNG-test-Test-3] INFO  verifyingFreeDeliveryFilterFunctionality_Tablet_21-12-11 - [verifyingFreeDeliveryFilterFunctionality_Tablet_21-12-11] Within deliveryElements loop iterating over the products  Within validateDeliveryFilterOptions method
21:12:20 [TestNG-test-Test-3] INFO  verifyingFreeDeliveryFilterFunctionality_Tablet_21-12-11 - [verifyingFreeDeliveryFilterFunctionality_Tablet_21-12-11] Checking if the allowedDateParts have the assert text   Within validateDeliveryFilterOptions method
21:12:20 [TestNG-test-Test-3] INFO  verifyingFreeDeliveryFilterFunctionality_Tablet_21-12-11 - [verifyingFreeDeliveryFilterFunctionality_Tablet_21-12-11] Within deliveryElements loop iterating over the products  Within validateDeliveryFilterOptions method
21:12:20 [TestNG-test-Test-3] INFO  verifyingFreeDeliveryFilterFunctionality_Tablet_21-12-11 - [verifyingFreeDeliveryFilterFunctionality_Tablet_21-12-11] Checking if the allowedDateParts have the assert text   Within validateDeliveryFilterOptions method
21:12:20 [TestNG-test-Test-3] INFO  verifyingFreeDeliveryFilterFunctionality_Tablet_21-12-11 - [verifyingFreeDeliveryFilterFunctionality_Tablet_21-12-11] Within deliveryElements loop iterating over the products  Within validateDeliveryFilterOptions method
21:12:20 [TestNG-test-Test-3] INFO  verifyingFreeDeliveryFilterFunctionality_Tablet_21-12-11 - [verifyingFreeDeliveryFilterFunctionality_Tablet_21-12-11] Checking if the allowedDateParts have the assert text   Within validateDeliveryFilterOptions method
21:12:20 [TestNG-test-Test-3] INFO  verifyingFreeDeliveryFilterFunctionality_Tablet_21-12-11 - [verifyingFreeDeliveryFilterFunctionality_Tablet_21-12-11] Within deliveryElements loop iterating over the products  Within validateDeliveryFilterOptions method
21:12:20 [TestNG-test-Test-3] INFO  verifyingFreeDeliveryFilterFunctionality_Tablet_21-12-11 - [verifyingFreeDeliveryFilterFunctionality_Tablet_21-12-11] Checking if the allowedDateParts have the assert text   Within validateDeliveryFilterOptions method
21:12:20 [TestNG-test-Test-3] INFO  verifyingFreeDeliveryFilterFunctionality_Tablet_21-12-11 - [verifyingFreeDeliveryFilterFunctionality_Tablet_21-12-11] Within deliveryElements loop iterating over the products  Within validateDeliveryFilterOptions method
21:12:20 [TestNG-test-Test-3] INFO  verifyingFreeDeliveryFilterFunctionality_Tablet_21-12-11 - [verifyingFreeDeliveryFilterFunctionality_Tablet_21-12-11] Checking if the allowedDateParts have the assert text   Within validateDeliveryFilterOptions method
21:12:20 [TestNG-test-Test-3] INFO  verifyingFreeDeliveryFilterFunctionality_Tablet_21-12-11 - [verifyingFreeDeliveryFilterFunctionality_Tablet_21-12-11] Within deliveryElements loop iterating over the products  Within validateDeliveryFilterOptions method
21:12:20 [TestNG-test-Test-3] INFO  verifyingFreeDeliveryFilterFunctionality_Tablet_21-12-11 - [verifyingFreeDeliveryFilterFunctionality_Tablet_21-12-11] Checking if the allowedDateParts have the assert text   Within validateDeliveryFilterOptions method
21:12:20 [TestNG-test-Test-3] INFO  verifyingFreeDeliveryFilterFunctionality_Tablet_21-12-11 - [verifyingFreeDeliveryFilterFunctionality_Tablet_21-12-11] Within deliveryElements loop iterating over the products  Within validateDeliveryFilterOptions method
21:12:20 [TestNG-test-Test-3] INFO  verifyingFreeDeliveryFilterFunctionality_Tablet_21-12-11 - [verifyingFreeDeliveryFilterFunctionality_Tablet_21-12-11] Checking if the allowedDateParts have the assert text   Within validateDeliveryFilterOptions method
21:12:20 [TestNG-test-Test-3] INFO  verifyingFreeDeliveryFilterFunctionality_Tablet_21-12-11 - [verifyingFreeDeliveryFilterFunctionality_Tablet_21-12-11] Within deliveryElements loop iterating over the products  Within validateDeliveryFilterOptions method
21:12:20 [TestNG-test-Test-3] INFO  verifyingFreeDeliveryFilterFunctionality_Tablet_21-12-11 - [verifyingFreeDeliveryFilterFunctionality_Tablet_21-12-11] Checking if the allowedDateParts have the assert text   Within validateDeliveryFilterOptions method
21:12:20 [TestNG-test-Test-3] INFO  verifyingFreeDeliveryFilterFunctionality_Tablet_21-12-11 - [verifyingFreeDeliveryFilterFunctionality_Tablet_21-12-11] Within deliveryElements loop iterating over the products  Within validateDeliveryFilterOptions method
21:12:20 [TestNG-test-Test-3] INFO  verifyingFreeDeliveryFilterFunctionality_Tablet_21-12-11 - [verifyingFreeDeliveryFilterFunctionality_Tablet_21-12-11] Checking if the allowedDateParts have the assert text   Within validateDeliveryFilterOptions method
21:12:20 [TestNG-test-Test-3] INFO  verifyingFreeDeliveryFilterFunctionality_Tablet_21-12-11 - [verifyingFreeDeliveryFilterFunctionality_Tablet_21-12-11] Within deliveryElements loop iterating over the products  Within validateDeliveryFilterOptions method
21:12:21 [TestNG-test-Test-3] INFO  verifyingFreeDeliveryFilterFunctionality_Tablet_21-12-11 - [verifyingFreeDeliveryFilterFunctionality_Tablet_21-12-11] Checking if the allowedDateParts have the assert text   Within validateDeliveryFilterOptions method
21:12:21 [TestNG-test-Test-3] INFO  verifyingFreeDeliveryFilterFunctionality_Tablet_21-12-11 - [verifyingFreeDeliveryFilterFunctionality_Tablet_21-12-11] Within deliveryElements loop iterating over the products  Within validateDeliveryFilterOptions method
21:12:21 [TestNG-test-Test-3] INFO  verifyingFreeDeliveryFilterFunctionality_Tablet_21-12-11 - [verifyingFreeDeliveryFilterFunctionality_Tablet_21-12-11] Checking if the allowedDateParts have the assert text   Within validateDeliveryFilterOptions method
21:12:21 [TestNG-test-Test-3] INFO  verifyingFreeDeliveryFilterFunctionality_Tablet_21-12-11 - [verifyingFreeDeliveryFilterFunctionality_Tablet_21-12-11] Within deliveryElements loop iterating over the products  Within validateDeliveryFilterOptions method
21:12:21 [TestNG-test-Test-3] INFO  verifyingFreeDeliveryFilterFunctionality_Tablet_21-12-11 - [verifyingFreeDeliveryFilterFunctionality_Tablet_21-12-11] Checking if the allowedDateParts have the assert text   Within validateDeliveryFilterOptions method
21:12:21 [TestNG-test-Test-3] INFO  verifyingFreeDeliveryFilterFunctionality_Tablet_21-12-11 - [verifyingFreeDeliveryFilterFunctionality_Tablet_21-12-11] Within deliveryElements loop iterating over the products  Within validateDeliveryFilterOptions method
21:12:21 [TestNG-test-Test-3] INFO  verifyingFreeDeliveryFilterFunctionality_Tablet_21-12-11 - [verifyingFreeDeliveryFilterFunctionality_Tablet_21-12-11] Checking if the allowedDateParts have the assert text   Within validateDeliveryFilterOptions method
21:12:21 [TestNG-test-Test-3] INFO  verifyingFreeDeliveryFilterFunctionality_Tablet_21-12-11 - [verifyingFreeDeliveryFilterFunctionality_Tablet_21-12-11] Within deliveryElements loop iterating over the products  Within validateDeliveryFilterOptions method
21:12:21 [TestNG-test-Test-3] INFO  verifyingFreeDeliveryFilterFunctionality_Tablet_21-12-11 - [verifyingFreeDeliveryFilterFunctionality_Tablet_21-12-11] Checking if the allowedDateParts have the assert text   Within validateDeliveryFilterOptions method
21:12:21 [TestNG-test-Test-3] INFO  verifyingFreeDeliveryFilterFunctionality_Tablet_21-12-11 - [verifyingFreeDeliveryFilterFunctionality_Tablet_21-12-11] Within deliveryElements loop iterating over the products  Within validateDeliveryFilterOptions method
21:12:21 [TestNG-test-Test-3] INFO  verifyingFreeDeliveryFilterFunctionality_Tablet_21-12-11 - [verifyingFreeDeliveryFilterFunctionality_Tablet_21-12-11] Checking if the allowedDateParts have the assert text   Within validateDeliveryFilterOptions method
21:12:21 [TestNG-test-Test-3] INFO  verifyingFreeDeliveryFilterFunctionality_Tablet_21-12-11 - [verifyingFreeDeliveryFilterFunctionality_Tablet_21-12-11] Within deliveryElements loop iterating over the products  Within validateDeliveryFilterOptions method
21:12:21 [TestNG-test-Test-3] INFO  verifyingFreeDeliveryFilterFunctionality_Tablet_21-12-11 - [verifyingFreeDeliveryFilterFunctionality_Tablet_21-12-11] Checking if the allowedDateParts have the assert text   Within validateDeliveryFilterOptions method
21:12:21 [TestNG-test-Test-3] INFO  verifyingFreeDeliveryFilterFunctionality_Tablet_21-12-11 - [verifyingFreeDeliveryFilterFunctionality_Tablet_21-12-11] Returning the list with boolean values   Within validateDeliveryFilterOptions method
21:12:21 [TestNG-test-Test-3] INFO  verifyingFreeDeliveryFilterFunctionality_Tablet_21-12-11 - [verifyingFreeDeliveryFilterFunctionality_Tablet_21-12-11] Asserting delivery filter: isValid=true, index=-1, text=All the things are valid no errors
