19:26:30 [TestNG-test-Test-3] INFO  verifyingFreeDeliveryFilterFunctionality_Laptop_19-26-30 - No existing WebDriver found for current thread. Initializing a new ChromeDriver...
19:26:30 [TestNG-test-Test-3] INFO  verifyingFreeDeliveryFilterFunctionality_Laptop_19-26-30 - WebDriverManager: chromedriver setup OK
19:26:31 [TestNG-test-Test-3] INFO  verifyingFreeDeliveryFilterFunctionality_Laptop_19-26-30 - ChromeDriver initialized successfully for thread: 36
19:26:32 [TestNG-test-Test-3] INFO  verifyingFreeDeliveryFilterFunctionality_Laptop_19-26-30 - [verifyingFreeDeliveryFilterFunctionality_Laptop_19-26-30] Opening amazon Landing page
19:26:32 [TestNG-test-Test-3] INFO  verifyingFreeDeliveryFilterFunctionality_Laptop_19-26-30 - [verifyingFreeDeliveryFilterFunctionality_Laptop_19-26-30] Within safeFindElement method
19:26:37 [TestNG-test-Test-3] INFO  verifyingFreeDeliveryFilterFunctionality_Laptop_19-26-30 - [verifyingFreeDeliveryFilterFunctionality_Laptop_19-26-30]Retrying findElement for: ->By.xpath: //a[@id='nav-logo-sprites']
19:26:38 [TestNG-test-Test-3] INFO  verifyingFreeDeliveryFilterFunctionality_Laptop_19-26-30 - [verifyingFreeDeliveryFilterFunctionality_Laptop_19-26-30]Refrehsing the page , while trying to safely find : ->By.xpath: //a[@id='nav-logo-sprites']
19:26:39 [TestNG-test-Test-3] INFO  verifyingFreeDeliveryFilterFunctionality_Laptop_19-26-30 - [verifyingFreeDeliveryFilterFunctionality_Laptop_19-26-30]Found the element returning it ,element ->[[ChromeDriver: chrome on windows (a44e10bf5033fa5a1cdb52311353941b)] -> xpath: //a[@id='nav-logo-sprites']]
19:26:40 [TestNG-test-Test-3] INFO  verifyingFreeDeliveryFilterFunctionality_Laptop_19-26-30 - [verifyingFreeDeliveryFilterFunctionality_Laptop_19-26-30] Giving input within the search bar
19:26:40 [TestNG-test-Test-3] INFO  verifyingFreeDeliveryFilterFunctionality_Laptop_19-26-30 - [verifyingFreeDeliveryFilterFunctionality_Laptop_19-26-30] Within safeClick method
19:26:42 [TestNG-test-Test-3] INFO  verifyingFreeDeliveryFilterFunctionality_Laptop_19-26-30 - [verifyingFreeDeliveryFilterFunctionality_Laptop_19-26-30] Clicked the  [[ChromeDriver: chrome on windows (a44e10bf5033fa5a1cdb52311353941b)] -> xpath: //input[@id='nav-search-submit-button']]   using safeClick
19:26:42 [TestNG-test-Test-3] INFO  verifyingFreeDeliveryFilterFunctionality_Laptop_19-26-30 - [verifyingFreeDeliveryFilterFunctionality_Laptop_19-26-30] Clicking on the submit in the search bar
19:26:43 [TestNG-test-Test-3] INFO  verifyingFreeDeliveryFilterFunctionality_Laptop_19-26-30 - [verifyingFreeDeliveryFilterFunctionality_Laptop_19-26-30] Waiting until element is visible in viewport
19:26:43 [TestNG-test-Test-3] INFO  verifyingFreeDeliveryFilterFunctionality_Laptop_19-26-30 - [verifyingFreeDeliveryFilterFunctionality_Laptop_19-26-30] Within validateDeliveryFilterOptionsWithResult method
19:26:43 [TestNG-test-Test-3] INFO  verifyingFreeDeliveryFilterFunctionality_Laptop_19-26-30 - [verifyingFreeDeliveryFilterFunctionality_Laptop_19-26-30] Within safeClick method
19:26:44 [TestNG-test-Test-3] INFO  verifyingFreeDeliveryFilterFunctionality_Laptop_19-26-30 - [verifyingFreeDeliveryFilterFunctionality_Laptop_19-26-30] Clicked the  [[ChromeDriver: chrome on windows (a44e10bf5033fa5a1cdb52311353941b)] -> xpath: //span[@class='a-size-base a-color-base puis-bold-weight-text' and text()='Eligible for Free Delivery']/parent::div/following-sibling::ul//span[@class='a-size-base a-color-base' and text()='Free Shipping']]   using safeClick
19:26:44 [TestNG-test-Test-3] INFO  verifyingFreeDeliveryFilterFunctionality_Laptop_19-26-30 - [verifyingFreeDeliveryFilterFunctionality_Laptop_19-26-30] Within getMoreButtonByFilterTypeAndName method
19:26:44 [TestNG-test-Test-3] INFO  verifyingFreeDeliveryFilterFunctionality_Laptop_19-26-30 - [verifyingFreeDeliveryFilterFunctionality_Laptop_19-26-30] Clicked on By.xpath: //span[@class='a-size-base a-color-base puis-bold-weight-text' and text()='Eligible for Free Delivery']/parent::div/following-sibling::ul//span[@class='a-size-base a-color-base' and text()='Free Shipping']
19:26:44 [TestNG-test-Test-3] INFO  verifyingFreeDeliveryFilterFunctionality_Laptop_19-26-30 - [verifyingFreeDeliveryFilterFunctionality_Laptop_19-26-30] Within safeFindElements 
19:26:45 [TestNG-test-Test-3] INFO  verifyingFreeDeliveryFilterFunctionality_Laptop_19-26-30 - [verifyingFreeDeliveryFilterFunctionality_Laptop_19-26-30] Returning the  [[[ChromeDriver: chrome on windows (a44e10bf5033fa5a1cdb52311353941b)] -> xpath: //div[@class='a-section a-spacing-small a-spacing-top-small']], [[ChromeDriver: chrome on windows (a44e10bf5033fa5a1cdb52311353941b)] -> xpath: //div[@class='a-section a-spacing-small a-spacing-top-small']], [[ChromeDriver: chrome on windows (a44e10bf5033fa5a1cdb52311353941b)] -> xpath: //div[@class='a-section a-spacing-small a-spacing-top-small']], [[ChromeDriver: chrome on windows (a44e10bf5033fa5a1cdb52311353941b)] -> xpath: //div[@class='a-section a-spacing-small a-spacing-top-small']], [[ChromeDriver: chrome on windows (a44e10bf5033fa5a1cdb52311353941b)] -> xpath: //div[@class='a-section a-spacing-small a-spacing-top-small']], [[ChromeDriver: chrome on windows (a44e10bf5033fa5a1cdb52311353941b)] -> xpath: //div[@class='a-section a-spacing-small a-spacing-top-small']], [[ChromeDriver: chrome on windows (a44e10bf5033fa5a1cdb52311353941b)] -> xpath: //div[@class='a-section a-spacing-small a-spacing-top-small']], [[ChromeDriver: chrome on windows (a44e10bf5033fa5a1cdb52311353941b)] -> xpath: //div[@class='a-section a-spacing-small a-spacing-top-small']], [[ChromeDriver: chrome on windows (a44e10bf5033fa5a1cdb52311353941b)] -> xpath: //div[@class='a-section a-spacing-small a-spacing-top-small']], [[ChromeDriver: chrome on windows (a44e10bf5033fa5a1cdb52311353941b)] -> xpath: //div[@class='a-section a-spacing-small a-spacing-top-small']], [[ChromeDriver: chrome on windows (a44e10bf5033fa5a1cdb52311353941b)] -> xpath: //div[@class='a-section a-spacing-small a-spacing-top-small']], [[ChromeDriver: chrome on windows (a44e10bf5033fa5a1cdb52311353941b)] -> xpath: //div[@class='a-section a-spacing-small a-spacing-top-small']], [[ChromeDriver: chrome on windows (a44e10bf5033fa5a1cdb52311353941b)] -> xpath: //div[@class='a-section a-spacing-small a-spacing-top-small']], [[ChromeDriver: chrome on windows (a44e10bf5033fa5a1cdb52311353941b)] -> xpath: //div[@class='a-section a-spacing-small a-spacing-top-small']], [[ChromeDriver: chrome on windows (a44e10bf5033fa5a1cdb52311353941b)] -> xpath: //div[@class='a-section a-spacing-small a-spacing-top-small']], [[ChromeDriver: chrome on windows (a44e10bf5033fa5a1cdb52311353941b)] -> xpath: //div[@class='a-section a-spacing-small a-spacing-top-small']]] from the safeFindElements method
19:26:45 [TestNG-test-Test-3] INFO  verifyingFreeDeliveryFilterFunctionality_Laptop_19-26-30 - [verifyingFreeDeliveryFilterFunctionality_Laptop_19-26-30] Created hashset with required data to assert with Within validateDeliveryFilterOptions method
19:26:45 [TestNG-test-Test-3] INFO  verifyingFreeDeliveryFilterFunctionality_Laptop_19-26-30 - [verifyingFreeDeliveryFilterFunctionality_Laptop_19-26-30] this is the set  [Jul, Today, 04, 05, FREE delivery, Sat, Sun, Tomorrow]
19:26:45 [TestNG-test-Test-3] INFO  verifyingFreeDeliveryFilterFunctionality_Laptop_19-26-30 - [verifyingFreeDeliveryFilterFunctionality_Laptop_19-26-30] Within deliveryElements loop iterating over the products  Within validateDeliveryFilterOptions method
19:26:45 [TestNG-test-Test-3] INFO  verifyingFreeDeliveryFilterFunctionality_Laptop_19-26-30 - [verifyingFreeDeliveryFilterFunctionality_Laptop_19-26-30] Checking if the allowedDateParts have the assert text   Within validateDeliveryFilterOptions method
19:26:45 [TestNG-test-Test-3] INFO  verifyingFreeDeliveryFilterFunctionality_Laptop_19-26-30 - [verifyingFreeDeliveryFilterFunctionality_Laptop_19-26-30] Within deliveryElements loop iterating over the products  Within validateDeliveryFilterOptions method
19:26:45 [TestNG-test-Test-3] INFO  verifyingFreeDeliveryFilterFunctionality_Laptop_19-26-30 - [verifyingFreeDeliveryFilterFunctionality_Laptop_19-26-30] Checking if the allowedDateParts have the assert text   Within validateDeliveryFilterOptions method
19:26:45 [TestNG-test-Test-3] INFO  verifyingFreeDeliveryFilterFunctionality_Laptop_19-26-30 - [verifyingFreeDeliveryFilterFunctionality_Laptop_19-26-30] Within deliveryElements loop iterating over the products  Within validateDeliveryFilterOptions method
19:26:45 [TestNG-test-Test-3] INFO  verifyingFreeDeliveryFilterFunctionality_Laptop_19-26-30 - [verifyingFreeDeliveryFilterFunctionality_Laptop_19-26-30] Checking if the allowedDateParts have the assert text   Within validateDeliveryFilterOptions method
19:26:45 [TestNG-test-Test-3] INFO  verifyingFreeDeliveryFilterFunctionality_Laptop_19-26-30 - [verifyingFreeDeliveryFilterFunctionality_Laptop_19-26-30] Within deliveryElements loop iterating over the products  Within validateDeliveryFilterOptions method
19:26:45 [TestNG-test-Test-3] INFO  verifyingFreeDeliveryFilterFunctionality_Laptop_19-26-30 - [verifyingFreeDeliveryFilterFunctionality_Laptop_19-26-30] Checking if the allowedDateParts have the assert text   Within validateDeliveryFilterOptions method
19:26:45 [TestNG-test-Test-3] INFO  verifyingFreeDeliveryFilterFunctionality_Laptop_19-26-30 - [verifyingFreeDeliveryFilterFunctionality_Laptop_19-26-30] Within deliveryElements loop iterating over the products  Within validateDeliveryFilterOptions method
19:26:45 [TestNG-test-Test-3] INFO  verifyingFreeDeliveryFilterFunctionality_Laptop_19-26-30 - [verifyingFreeDeliveryFilterFunctionality_Laptop_19-26-30] Assert text not found wihtin AllowedDateParts
19:26:45 [TestNG-test-Test-3] INFO  verifyingFreeDeliveryFilterFunctionality_Laptop_19-26-30 - [verifyingFreeDeliveryFilterFunctionality_Laptop_19-26-30] Asserting delivery filter: isValid=false, index=4, text=ASUS Vivobook 15, Smartchoice,Intel Core i5 13th Gen 13420H,16GB RAM, 512GB SSD, FHD 15.6",Windows 11, Office Home 2024, Quiet Blue, 1.70 kg, X1502VA-BQ836WS,Intel UHD iGPU, M365 Basic (1Year)* Laptop
4.2
(684)
400+ bought in past month
₹64,990
M.R.P.:
₹69,990 (7% off)
Save extra with No Cost EMI
See options
+3 other colors/patterns
