20:30:19 [TestNG-test-Test-1] INFO  verifyingPriceSilderFunctionality_20-30-19 - No existing WebDriver found for current thread. Initializing a new ChromeDriver...
20:30:19 [TestNG-test-Test-1] INFO  verifyingPriceSilderFunctionality_20-30-19 - WebDriverManager: chromedriver setup OK
20:30:22 [TestNG-test-Test-1] INFO  verifyingPriceSilderFunctionality_20-30-19 - ChromeDriver initialized successfully for thread: 34
20:30:22 [TestNG-test-Test-1] INFO  verifyingPriceSilderFunctionality_20-30-19 - [verifyingPriceSilderFunctionality_20-30-19] Opening amazon Landing page
20:30:22 [TestNG-test-Test-1] INFO  verifyingPriceSilderFunctionality_20-30-19 - [verifyingPriceSilderFunctionality_20-30-19] Within safeFindElement method
20:30:25 [TestNG-test-Test-1] INFO  verifyingPriceSilderFunctionality_20-30-19 - [verifyingPriceSilderFunctionality_20-30-19]Found the element returning it ,element ->[[ChromeDriver: chrome on windows (5557b44d408f528b4108937b51a5a41d)] -> xpath: //a[@id='nav-logo-sprites']]
20:30:26 [TestNG-test-Test-1] INFO  verifyingPriceSilderFunctionality_20-30-19 - [verifyingPriceSilderFunctionality_20-30-19] Giving input within the search bar
20:30:26 [TestNG-test-Test-1] INFO  verifyingPriceSilderFunctionality_20-30-19 - [verifyingPriceSilderFunctionality_20-30-19] Within safeClick method
20:30:28 [TestNG-test-Test-1] INFO  verifyingPriceSilderFunctionality_20-30-19 - [verifyingPriceSilderFunctionality_20-30-19] Clicked the  [[ChromeDriver: chrome on windows (5557b44d408f528b4108937b51a5a41d)] -> xpath: //input[@id='nav-search-submit-button']]   using safeClick
20:30:28 [TestNG-test-Test-1] INFO  verifyingPriceSilderFunctionality_20-30-19 - [verifyingPriceSilderFunctionality_20-30-19] Clicking on the submit in the search bar
20:30:29 [TestNG-test-Test-1] INFO  verifyingPriceSilderFunctionality_20-30-19 - [verifyingPriceSilderFunctionality_20-30-19] Within filterCheckUnderList method
20:30:29 [TestNG-test-Test-1] INFO  verifyingPriceSilderFunctionality_20-30-19 - [verifyingPriceSilderFunctionality_20-30-19] Found the Filter within the filter check List
20:30:29 [TestNG-test-Test-1] INFO  verifyingPriceSilderFunctionality_20-30-19 - [verifyingPriceSilderFunctionality_20-30-19] Within applyPriceSliderAndValidateWithResult method
20:30:29 [TestNG-test-Test-1] INFO  verifyingPriceSilderFunctionality_20-30-19 - [verifyingPriceSilderFunctionality_20-30-19] Within smoothScrollToElement method
20:30:29 [TestNG-test-Test-1] INFO  verifyingPriceSilderFunctionality_20-30-19 - [verifyingPriceSilderFunctionality_20-30-19] Within safeFindElement method
20:30:29 [TestNG-test-Test-1] INFO  verifyingPriceSilderFunctionality_20-30-19 - [verifyingPriceSilderFunctionality_20-30-19]Found the element returning it ,element ->[[ChromeDriver: chrome on windows (5557b44d408f528b4108937b51a5a41d)] -> id: p_36/range-slider_slider-item_lower-bound-slider]
20:30:29 [TestNG-test-Test-1] INFO  verifyingPriceSilderFunctionality_20-30-19 - [verifyingPriceSilderFunctionality_20-30-19] Successfully scrolled to element: By.id: p_36/range-slider_slider-item_lower-bound-slider
20:30:29 [TestNG-test-Test-1] INFO  verifyingPriceSilderFunctionality_20-30-19 - [verifyingPriceSilderFunctionality_20-30-19] Within safeFindElement method
20:30:29 [TestNG-test-Test-1] INFO  verifyingPriceSilderFunctionality_20-30-19 - [verifyingPriceSilderFunctionality_20-30-19]Found the element returning it ,element ->[[ChromeDriver: chrome on windows (5557b44d408f528b4108937b51a5a41d)] -> id: p_36/range-slider_slider-item_lower-bound-slider]
20:30:29 [TestNG-test-Test-1] INFO  verifyingPriceSilderFunctionality_20-30-19 - [verifyingPriceSilderFunctionality_20-30-19] Within safeFindElement method
20:30:29 [TestNG-test-Test-1] INFO  verifyingPriceSilderFunctionality_20-30-19 - [verifyingPriceSilderFunctionality_20-30-19]Found the element returning it ,element ->[[ChromeDriver: chrome on windows (5557b44d408f528b4108937b51a5a41d)] -> id: p_36/range-slider_slider-item_upper-bound-slider]
20:30:29 [TestNG-test-Test-1] INFO  verifyingPriceSilderFunctionality_20-30-19 - [verifyingPriceSilderFunctionality_20-30-19] in the setSliderValue method with value 61
20:30:29 [TestNG-test-Test-1] INFO  verifyingPriceSilderFunctionality_20-30-19 - [verifyingPriceSilderFunctionality_20-30-19] in the setSliderValue method with value 81
20:30:29 [TestNG-test-Test-1] INFO  verifyingPriceSilderFunctionality_20-30-19 - [verifyingPriceSilderFunctionality_20-30-19] Within safeFindElement method
20:30:29 [TestNG-test-Test-1] INFO  verifyingPriceSilderFunctionality_20-30-19 - [verifyingPriceSilderFunctionality_20-30-19]Found the element returning it ,element ->[[ChromeDriver: chrome on windows (5557b44d408f528b4108937b51a5a41d)] -> xpath: //label[@for='p_36/range-slider_slider-item_upper-bound-slider']]
20:30:29 [TestNG-test-Test-1] INFO  verifyingPriceSilderFunctionality_20-30-19 - [verifyingPriceSilderFunctionality_20-30-19] Within safeFindElement method
20:30:29 [TestNG-test-Test-1] INFO  verifyingPriceSilderFunctionality_20-30-19 - [verifyingPriceSilderFunctionality_20-30-19]Found the element returning it ,element ->[[ChromeDriver: chrome on windows (5557b44d408f528b4108937b51a5a41d)] -> xpath: //label[@for='p_36/range-slider_slider-item_lower-bound-slider']]
20:30:30 [TestNG-test-Test-1] INFO  verifyingPriceSilderFunctionality_20-30-19 - [verifyingPriceSilderFunctionality_20-30-19] Within smoothScrollToElement method
20:30:30 [TestNG-test-Test-1] INFO  verifyingPriceSilderFunctionality_20-30-19 - [verifyingPriceSilderFunctionality_20-30-19] Within safeFindElement method
20:30:31 [TestNG-test-Test-1] INFO  verifyingPriceSilderFunctionality_20-30-19 - [verifyingPriceSilderFunctionality_20-30-19]Found the element returning it ,element ->[[ChromeDriver: chrome on windows (5557b44d408f528b4108937b51a5a41d)] -> id: p_36/range-slider_slider-item_lower-bound-slider]
20:30:31 [TestNG-test-Test-1] INFO  verifyingPriceSilderFunctionality_20-30-19 - [verifyingPriceSilderFunctionality_20-30-19] Successfully scrolled to element: By.id: p_36/range-slider_slider-item_lower-bound-slider
20:30:31 [TestNG-test-Test-1] INFO  verifyingPriceSilderFunctionality_20-30-19 - [verifyingPriceSilderFunctionality_20-30-19] Adding the data 'min','max','isValid' ,'mismatches' to 'result' Map->81
20:30:31 [TestNG-test-Test-1] INFO  verifyingPriceSilderFunctionality_20-30-19 - [verifyingPriceSilderFunctionality_20-30-19] Adding the 'results'  Map to the master 'allResults' i.e is List of maps->81
20:30:31 [TestNG-test-Test-1] INFO  verifyingPriceSilderFunctionality_20-30-19 - [verifyingPriceSilderFunctionality_20-30-19] in the setSliderValue method with value 91
20:30:31 [TestNG-test-Test-1] INFO  verifyingPriceSilderFunctionality_20-30-19 - [verifyingPriceSilderFunctionality_20-30-19] in the setSliderValue method with value 121
20:30:31 [TestNG-test-Test-1] INFO  verifyingPriceSilderFunctionality_20-30-19 - [verifyingPriceSilderFunctionality_20-30-19] Within safeFindElement method
20:30:31 [TestNG-test-Test-1] INFO  verifyingPriceSilderFunctionality_20-30-19 - [verifyingPriceSilderFunctionality_20-30-19]Found the element returning it ,element ->[[ChromeDriver: chrome on windows (5557b44d408f528b4108937b51a5a41d)] -> xpath: //label[@for='p_36/range-slider_slider-item_upper-bound-slider']]
20:30:31 [TestNG-test-Test-1] INFO  verifyingPriceSilderFunctionality_20-30-19 - [verifyingPriceSilderFunctionality_20-30-19] Within safeFindElement method
20:30:31 [TestNG-test-Test-1] INFO  verifyingPriceSilderFunctionality_20-30-19 - [verifyingPriceSilderFunctionality_20-30-19]Found the element returning it ,element ->[[ChromeDriver: chrome on windows (5557b44d408f528b4108937b51a5a41d)] -> xpath: //label[@for='p_36/range-slider_slider-item_lower-bound-slider']]
20:30:32 [TestNG-test-Test-1] INFO  verifyingPriceSilderFunctionality_20-30-19 - [verifyingPriceSilderFunctionality_20-30-19] Within smoothScrollToElement method
20:30:32 [TestNG-test-Test-1] INFO  verifyingPriceSilderFunctionality_20-30-19 - [verifyingPriceSilderFunctionality_20-30-19] Within safeFindElement method
20:30:33 [TestNG-test-Test-1] INFO  verifyingPriceSilderFunctionality_20-30-19 - [verifyingPriceSilderFunctionality_20-30-19]Found the element returning it ,element ->[[ChromeDriver: chrome on windows (5557b44d408f528b4108937b51a5a41d)] -> id: p_36/range-slider_slider-item_lower-bound-slider]
20:30:33 [TestNG-test-Test-1] INFO  verifyingPriceSilderFunctionality_20-30-19 - [verifyingPriceSilderFunctionality_20-30-19] Successfully scrolled to element: By.id: p_36/range-slider_slider-item_lower-bound-slider
20:30:33 [TestNG-test-Test-1] INFO  verifyingPriceSilderFunctionality_20-30-19 - [verifyingPriceSilderFunctionality_20-30-19] Adding the data 'min','max','isValid' ,'mismatches' to 'result' Map->121
20:30:33 [TestNG-test-Test-1] INFO  verifyingPriceSilderFunctionality_20-30-19 - [verifyingPriceSilderFunctionality_20-30-19] Adding the 'results'  Map to the master 'allResults' i.e is List of maps->121
20:30:33 [TestNG-test-Test-1] INFO  verifyingPriceSilderFunctionality_20-30-19 - [verifyingPriceSilderFunctionality_20-30-19] in the setSliderValue method with value 131
20:30:33 [TestNG-test-Test-1] INFO  verifyingPriceSilderFunctionality_20-30-19 - [verifyingPriceSilderFunctionality_20-30-19] in the setSliderValue method with value 161
20:30:33 [TestNG-test-Test-1] INFO  verifyingPriceSilderFunctionality_20-30-19 - [verifyingPriceSilderFunctionality_20-30-19] Within safeFindElement method
20:30:33 [TestNG-test-Test-1] INFO  verifyingPriceSilderFunctionality_20-30-19 - [verifyingPriceSilderFunctionality_20-30-19]Found the element returning it ,element ->[[ChromeDriver: chrome on windows (5557b44d408f528b4108937b51a5a41d)] -> xpath: //label[@for='p_36/range-slider_slider-item_upper-bound-slider']]
20:30:33 [TestNG-test-Test-1] INFO  verifyingPriceSilderFunctionality_20-30-19 - [verifyingPriceSilderFunctionality_20-30-19] Within safeFindElement method
20:30:33 [TestNG-test-Test-1] INFO  verifyingPriceSilderFunctionality_20-30-19 - [verifyingPriceSilderFunctionality_20-30-19]Found the element returning it ,element ->[[ChromeDriver: chrome on windows (5557b44d408f528b4108937b51a5a41d)] -> xpath: //label[@for='p_36/range-slider_slider-item_lower-bound-slider']]
20:30:34 [TestNG-test-Test-1] INFO  verifyingPriceSilderFunctionality_20-30-19 - [verifyingPriceSilderFunctionality_20-30-19] Within smoothScrollToElement method
20:30:34 [TestNG-test-Test-1] INFO  verifyingPriceSilderFunctionality_20-30-19 - [verifyingPriceSilderFunctionality_20-30-19] Within safeFindElement method
20:30:35 [TestNG-test-Test-1] INFO  verifyingPriceSilderFunctionality_20-30-19 - [verifyingPriceSilderFunctionality_20-30-19]Found the element returning it ,element ->[[ChromeDriver: chrome on windows (5557b44d408f528b4108937b51a5a41d)] -> id: p_36/range-slider_slider-item_lower-bound-slider]
20:30:35 [TestNG-test-Test-1] INFO  verifyingPriceSilderFunctionality_20-30-19 - [verifyingPriceSilderFunctionality_20-30-19] Successfully scrolled to element: By.id: p_36/range-slider_slider-item_lower-bound-slider
20:30:35 [TestNG-test-Test-1] INFO  verifyingPriceSilderFunctionality_20-30-19 - [verifyingPriceSilderFunctionality_20-30-19] Adding the data 'min','max','isValid' ,'mismatches' to 'result' Map->161
20:30:35 [TestNG-test-Test-1] INFO  verifyingPriceSilderFunctionality_20-30-19 - [verifyingPriceSilderFunctionality_20-30-19] Adding the 'results'  Map to the master 'allResults' i.e is List of maps->161
20:30:35 [TestNG-test-Test-1] INFO  verifyingPriceSilderFunctionality_20-30-19 - [verifyingPriceSilderFunctionality_20-30-19] Returning the data here in the end
20:30:35 [TestNG-test-Test-1] INFO  verifyingPriceSilderFunctionality_20-30-19 - [verifyingPriceSilderFunctionality_20-30-19]  Price range validated successfully: 61 - 81
20:30:35 [TestNG-test-Test-1] INFO  verifyingPriceSilderFunctionality_20-30-19 - [verifyingPriceSilderFunctionality_20-30-19] ------------------------------------------------------------
20:30:35 [TestNG-test-Test-1] INFO  verifyingPriceSilderFunctionality_20-30-19 - [verifyingPriceSilderFunctionality_20-30-19]  Price range validated successfully: 91 - 121
20:30:35 [TestNG-test-Test-1] INFO  verifyingPriceSilderFunctionality_20-30-19 - [verifyingPriceSilderFunctionality_20-30-19] ------------------------------------------------------------
20:30:35 [TestNG-test-Test-1] INFO  verifyingPriceSilderFunctionality_20-30-19 - [verifyingPriceSilderFunctionality_20-30-19]  Price range validated successfully: 131 - 161
20:30:35 [TestNG-test-Test-1] INFO  verifyingPriceSilderFunctionality_20-30-19 - [verifyingPriceSilderFunctionality_20-30-19] ------------------------------------------------------------
20:30:35 [TestNG-test-Test-1] INFO  verifyingPriceSilderFunctionality_20-30-19 - [verifyingPriceSilderFunctionality_20-30-19]  Asserting all soft assertions now...
