19:31:34 [TestNG-test-Test-3] INFO  verifyingFreeDeliveryFilterFunctionality_Laptop_19-31-34 - No existing WebDriver found for current thread. Initializing a new ChromeDriver...
19:31:34 [TestNG-test-Test-3] INFO  verifyingFreeDeliveryFilterFunctionality_Laptop_19-31-34 - WebDriverManager: chromedriver setup OK
19:31:35 [TestNG-test-Test-3] INFO  verifyingFreeDeliveryFilterFunctionality_Laptop_19-31-34 - ChromeDriver initialized successfully for thread: 36
19:31:36 [TestNG-test-Test-3] INFO  verifyingFreeDeliveryFilterFunctionality_Laptop_19-31-34 - [verifyingFreeDeliveryFilterFunctionality_Laptop_19-31-34] Opening amazon Landing page
19:31:36 [TestNG-test-Test-3] INFO  verifyingFreeDeliveryFilterFunctionality_Laptop_19-31-34 - [verifyingFreeDeliveryFilterFunctionality_Laptop_19-31-34] Within safeFindElement method
19:31:41 [TestNG-test-Test-3] INFO  verifyingFreeDeliveryFilterFunctionality_Laptop_19-31-34 - [verifyingFreeDeliveryFilterFunctionality_Laptop_19-31-34]Retrying findElement for: ->By.xpath: //a[@id='nav-logo-sprites']
19:31:41 [TestNG-test-Test-3] INFO  verifyingFreeDeliveryFilterFunctionality_Laptop_19-31-34 - [verifyingFreeDeliveryFilterFunctionality_Laptop_19-31-34]Refrehsing the page , while trying to safely find : ->By.xpath: //a[@id='nav-logo-sprites']
19:31:47 [TestNG-test-Test-3] INFO  verifyingFreeDeliveryFilterFunctionality_Laptop_19-31-34 - [verifyingFreeDeliveryFilterFunctionality_Laptop_19-31-34]Retrying findElement for: ->By.xpath: //a[@id='nav-logo-sprites']
19:31:47 [TestNG-test-Test-3] INFO  verifyingFreeDeliveryFilterFunctionality_Laptop_19-31-34 - [verifyingFreeDeliveryFilterFunctionality_Laptop_19-31-34]Refrehsing the page , while trying to safely find : ->By.xpath: //a[@id='nav-logo-sprites']
19:31:47 [TestNG-test-Test-3] INFO  verifyingFreeDeliveryFilterFunctionality_Laptop_19-31-34 - [verifyingFreeDeliveryFilterFunctionality_Laptop_19-31-34] Skipping action: Element not found after 2   attemps
19:31:51 [TestNG-test-Test-3] INFO  verifyingFreeDeliveryFilterFunctionality_Laptop_19-31-34 - [verifyingFreeDeliveryFilterFunctionality_Laptop_19-31-34] Giving input within the search bar
19:31:51 [TestNG-test-Test-3] INFO  verifyingFreeDeliveryFilterFunctionality_Laptop_19-31-34 - [verifyingFreeDeliveryFilterFunctionality_Laptop_19-31-34] Within safeClick method
19:31:51 [TestNG-test-Test-3] INFO  verifyingFreeDeliveryFilterFunctionality_Laptop_19-31-34 - [verifyingFreeDeliveryFilterFunctionality_Laptop_19-31-34] Clicked the  [[ChromeDriver: chrome on windows (300c5676cc185379c08d20e72d4316f7)] -> xpath: //input[@id='nav-search-submit-button']]   using safeClick
19:31:51 [TestNG-test-Test-3] INFO  verifyingFreeDeliveryFilterFunctionality_Laptop_19-31-34 - [verifyingFreeDeliveryFilterFunctionality_Laptop_19-31-34] Clicking on the submit in the search bar
19:31:53 [TestNG-test-Test-3] INFO  verifyingFreeDeliveryFilterFunctionality_Laptop_19-31-34 - [verifyingFreeDeliveryFilterFunctionality_Laptop_19-31-34] Waiting until element is visible in viewport
19:31:53 [TestNG-test-Test-3] INFO  verifyingFreeDeliveryFilterFunctionality_Laptop_19-31-34 - [verifyingFreeDeliveryFilterFunctionality_Laptop_19-31-34] Within validateDeliveryFilterOptionsWithResult method
19:31:53 [TestNG-test-Test-3] INFO  verifyingFreeDeliveryFilterFunctionality_Laptop_19-31-34 - [verifyingFreeDeliveryFilterFunctionality_Laptop_19-31-34] Within safeClick method
19:31:53 [TestNG-test-Test-3] INFO  verifyingFreeDeliveryFilterFunctionality_Laptop_19-31-34 - [verifyingFreeDeliveryFilterFunctionality_Laptop_19-31-34] Clicked the  [[ChromeDriver: chrome on windows (300c5676cc185379c08d20e72d4316f7)] -> xpath: //span[@class='a-size-base a-color-base puis-bold-weight-text' and text()='Eligible for Free Delivery']/parent::div/following-sibling::ul//span[@class='a-size-base a-color-base' and text()='Free Shipping']]   using safeClick
19:31:53 [TestNG-test-Test-3] INFO  verifyingFreeDeliveryFilterFunctionality_Laptop_19-31-34 - [verifyingFreeDeliveryFilterFunctionality_Laptop_19-31-34] Within getMoreButtonByFilterTypeAndName method
19:31:53 [TestNG-test-Test-3] INFO  verifyingFreeDeliveryFilterFunctionality_Laptop_19-31-34 - [verifyingFreeDeliveryFilterFunctionality_Laptop_19-31-34] Clicked on By.xpath: //span[@class='a-size-base a-color-base puis-bold-weight-text' and text()='Eligible for Free Delivery']/parent::div/following-sibling::ul//span[@class='a-size-base a-color-base' and text()='Free Shipping']
19:31:53 [TestNG-test-Test-3] INFO  verifyingFreeDeliveryFilterFunctionality_Laptop_19-31-34 - [verifyingFreeDeliveryFilterFunctionality_Laptop_19-31-34] Within safeFindElements 
19:31:54 [TestNG-test-Test-3] INFO  verifyingFreeDeliveryFilterFunctionality_Laptop_19-31-34 - [verifyingFreeDeliveryFilterFunctionality_Laptop_19-31-34] Returning the  [[[ChromeDriver: chrome on windows (300c5676cc185379c08d20e72d4316f7)] -> xpath: //div[@class='a-section a-spacing-small a-spacing-top-small']], [[ChromeDriver: chrome on windows (300c5676cc185379c08d20e72d4316f7)] -> xpath: //div[@class='a-section a-spacing-small a-spacing-top-small']], [[ChromeDriver: chrome on windows (300c5676cc185379c08d20e72d4316f7)] -> xpath: //div[@class='a-section a-spacing-small a-spacing-top-small']], [[ChromeDriver: chrome on windows (300c5676cc185379c08d20e72d4316f7)] -> xpath: //div[@class='a-section a-spacing-small a-spacing-top-small']], [[ChromeDriver: chrome on windows (300c5676cc185379c08d20e72d4316f7)] -> xpath: //div[@class='a-section a-spacing-small a-spacing-top-small']], [[ChromeDriver: chrome on windows (300c5676cc185379c08d20e72d4316f7)] -> xpath: //div[@class='a-section a-spacing-small a-spacing-top-small']], [[ChromeDriver: chrome on windows (300c5676cc185379c08d20e72d4316f7)] -> xpath: //div[@class='a-section a-spacing-small a-spacing-top-small']], [[ChromeDriver: chrome on windows (300c5676cc185379c08d20e72d4316f7)] -> xpath: //div[@class='a-section a-spacing-small a-spacing-top-small']], [[ChromeDriver: chrome on windows (300c5676cc185379c08d20e72d4316f7)] -> xpath: //div[@class='a-section a-spacing-small a-spacing-top-small']], [[ChromeDriver: chrome on windows (300c5676cc185379c08d20e72d4316f7)] -> xpath: //div[@class='a-section a-spacing-small a-spacing-top-small']], [[ChromeDriver: chrome on windows (300c5676cc185379c08d20e72d4316f7)] -> xpath: //div[@class='a-section a-spacing-small a-spacing-top-small']], [[ChromeDriver: chrome on windows (300c5676cc185379c08d20e72d4316f7)] -> xpath: //div[@class='a-section a-spacing-small a-spacing-top-small']], [[ChromeDriver: chrome on windows (300c5676cc185379c08d20e72d4316f7)] -> xpath: //div[@class='a-section a-spacing-small a-spacing-top-small']], [[ChromeDriver: chrome on windows (300c5676cc185379c08d20e72d4316f7)] -> xpath: //div[@class='a-section a-spacing-small a-spacing-top-small']], [[ChromeDriver: chrome on windows (300c5676cc185379c08d20e72d4316f7)] -> xpath: //div[@class='a-section a-spacing-small a-spacing-top-small']], [[ChromeDriver: chrome on windows (300c5676cc185379c08d20e72d4316f7)] -> xpath: //div[@class='a-section a-spacing-small a-spacing-top-small']]] from the safeFindElements method
19:31:54 [TestNG-test-Test-3] INFO  verifyingFreeDeliveryFilterFunctionality_Laptop_19-31-34 - [verifyingFreeDeliveryFilterFunctionality_Laptop_19-31-34] Created hashset with required data to assert with Within validateDeliveryFilterOptions method
19:31:54 [TestNG-test-Test-3] INFO  verifyingFreeDeliveryFilterFunctionality_Laptop_19-31-34 - [verifyingFreeDeliveryFilterFunctionality_Laptop_19-31-34] this is the set  [22, Jul, Thu, 23, Today, FREE delivery, Wed, Tomorrow]
19:31:54 [TestNG-test-Test-3] INFO  verifyingFreeDeliveryFilterFunctionality_Laptop_19-31-34 - [verifyingFreeDeliveryFilterFunctionality_Laptop_19-31-34] Within deliveryElements loop iterating over the products  Within validateDeliveryFilterOptions method
19:31:54 [TestNG-test-Test-3] INFO  verifyingFreeDeliveryFilterFunctionality_Laptop_19-31-34 - [verifyingFreeDeliveryFilterFunctionality_Laptop_19-31-34] Checking if the allowedDateParts have the assert text   Within validateDeliveryFilterOptions method
19:31:54 [TestNG-test-Test-3] INFO  verifyingFreeDeliveryFilterFunctionality_Laptop_19-31-34 - [verifyingFreeDeliveryFilterFunctionality_Laptop_19-31-34] Within deliveryElements loop iterating over the products  Within validateDeliveryFilterOptions method
19:31:54 [TestNG-test-Test-3] INFO  verifyingFreeDeliveryFilterFunctionality_Laptop_19-31-34 - [verifyingFreeDeliveryFilterFunctionality_Laptop_19-31-34] Checking if the allowedDateParts have the assert text   Within validateDeliveryFilterOptions method
19:31:54 [TestNG-test-Test-3] INFO  verifyingFreeDeliveryFilterFunctionality_Laptop_19-31-34 - [verifyingFreeDeliveryFilterFunctionality_Laptop_19-31-34] Within deliveryElements loop iterating over the products  Within validateDeliveryFilterOptions method
19:31:54 [TestNG-test-Test-3] INFO  verifyingFreeDeliveryFilterFunctionality_Laptop_19-31-34 - [verifyingFreeDeliveryFilterFunctionality_Laptop_19-31-34] Checking if the allowedDateParts have the assert text   Within validateDeliveryFilterOptions method
19:31:54 [TestNG-test-Test-3] INFO  verifyingFreeDeliveryFilterFunctionality_Laptop_19-31-34 - [verifyingFreeDeliveryFilterFunctionality_Laptop_19-31-34] Within deliveryElements loop iterating over the products  Within validateDeliveryFilterOptions method
19:31:54 [TestNG-test-Test-3] INFO  verifyingFreeDeliveryFilterFunctionality_Laptop_19-31-34 - [verifyingFreeDeliveryFilterFunctionality_Laptop_19-31-34] Checking if the allowedDateParts have the assert text   Within validateDeliveryFilterOptions method
19:31:54 [TestNG-test-Test-3] INFO  verifyingFreeDeliveryFilterFunctionality_Laptop_19-31-34 - [verifyingFreeDeliveryFilterFunctionality_Laptop_19-31-34] Within deliveryElements loop iterating over the products  Within validateDeliveryFilterOptions method
19:31:54 [TestNG-test-Test-3] INFO  verifyingFreeDeliveryFilterFunctionality_Laptop_19-31-34 - [verifyingFreeDeliveryFilterFunctionality_Laptop_19-31-34] Checking if the allowedDateParts have the assert text   Within validateDeliveryFilterOptions method
19:31:54 [TestNG-test-Test-3] INFO  verifyingFreeDeliveryFilterFunctionality_Laptop_19-31-34 - [verifyingFreeDeliveryFilterFunctionality_Laptop_19-31-34] Within deliveryElements loop iterating over the products  Within validateDeliveryFilterOptions method
19:31:54 [TestNG-test-Test-3] INFO  verifyingFreeDeliveryFilterFunctionality_Laptop_19-31-34 - [verifyingFreeDeliveryFilterFunctionality_Laptop_19-31-34] Checking if the allowedDateParts have the assert text   Within validateDeliveryFilterOptions method
19:31:54 [TestNG-test-Test-3] INFO  verifyingFreeDeliveryFilterFunctionality_Laptop_19-31-34 - [verifyingFreeDeliveryFilterFunctionality_Laptop_19-31-34] Within deliveryElements loop iterating over the products  Within validateDeliveryFilterOptions method
19:31:54 [TestNG-test-Test-3] INFO  verifyingFreeDeliveryFilterFunctionality_Laptop_19-31-34 - [verifyingFreeDeliveryFilterFunctionality_Laptop_19-31-34] Checking if the allowedDateParts have the assert text   Within validateDeliveryFilterOptions method
19:31:54 [TestNG-test-Test-3] INFO  verifyingFreeDeliveryFilterFunctionality_Laptop_19-31-34 - [verifyingFreeDeliveryFilterFunctionality_Laptop_19-31-34] Within deliveryElements loop iterating over the products  Within validateDeliveryFilterOptions method
19:31:54 [TestNG-test-Test-3] INFO  verifyingFreeDeliveryFilterFunctionality_Laptop_19-31-34 - [verifyingFreeDeliveryFilterFunctionality_Laptop_19-31-34] Checking if the allowedDateParts have the assert text   Within validateDeliveryFilterOptions method
19:31:54 [TestNG-test-Test-3] INFO  verifyingFreeDeliveryFilterFunctionality_Laptop_19-31-34 - [verifyingFreeDeliveryFilterFunctionality_Laptop_19-31-34] Within deliveryElements loop iterating over the products  Within validateDeliveryFilterOptions method
19:31:54 [TestNG-test-Test-3] INFO  verifyingFreeDeliveryFilterFunctionality_Laptop_19-31-34 - [verifyingFreeDeliveryFilterFunctionality_Laptop_19-31-34] Checking if the allowedDateParts have the assert text   Within validateDeliveryFilterOptions method
19:31:54 [TestNG-test-Test-3] INFO  verifyingFreeDeliveryFilterFunctionality_Laptop_19-31-34 - [verifyingFreeDeliveryFilterFunctionality_Laptop_19-31-34] Within deliveryElements loop iterating over the products  Within validateDeliveryFilterOptions method
19:31:55 [TestNG-test-Test-3] INFO  verifyingFreeDeliveryFilterFunctionality_Laptop_19-31-34 - [verifyingFreeDeliveryFilterFunctionality_Laptop_19-31-34] Checking if the allowedDateParts have the assert text   Within validateDeliveryFilterOptions method
19:31:55 [TestNG-test-Test-3] INFO  verifyingFreeDeliveryFilterFunctionality_Laptop_19-31-34 - [verifyingFreeDeliveryFilterFunctionality_Laptop_19-31-34] Within deliveryElements loop iterating over the products  Within validateDeliveryFilterOptions method
19:31:55 [TestNG-test-Test-3] INFO  verifyingFreeDeliveryFilterFunctionality_Laptop_19-31-34 - [verifyingFreeDeliveryFilterFunctionality_Laptop_19-31-34] Checking if the allowedDateParts have the assert text   Within validateDeliveryFilterOptions method
19:31:55 [TestNG-test-Test-3] INFO  verifyingFreeDeliveryFilterFunctionality_Laptop_19-31-34 - [verifyingFreeDeliveryFilterFunctionality_Laptop_19-31-34] Within deliveryElements loop iterating over the products  Within validateDeliveryFilterOptions method
19:31:55 [TestNG-test-Test-3] INFO  verifyingFreeDeliveryFilterFunctionality_Laptop_19-31-34 - [verifyingFreeDeliveryFilterFunctionality_Laptop_19-31-34] Checking if the allowedDateParts have the assert text   Within validateDeliveryFilterOptions method
19:31:55 [TestNG-test-Test-3] INFO  verifyingFreeDeliveryFilterFunctionality_Laptop_19-31-34 - [verifyingFreeDeliveryFilterFunctionality_Laptop_19-31-34] Within deliveryElements loop iterating over the products  Within validateDeliveryFilterOptions method
19:31:55 [TestNG-test-Test-3] INFO  verifyingFreeDeliveryFilterFunctionality_Laptop_19-31-34 - [verifyingFreeDeliveryFilterFunctionality_Laptop_19-31-34] Checking if the allowedDateParts have the assert text   Within validateDeliveryFilterOptions method
19:31:55 [TestNG-test-Test-3] INFO  verifyingFreeDeliveryFilterFunctionality_Laptop_19-31-34 - [verifyingFreeDeliveryFilterFunctionality_Laptop_19-31-34] Within deliveryElements loop iterating over the products  Within validateDeliveryFilterOptions method
19:31:55 [TestNG-test-Test-3] INFO  verifyingFreeDeliveryFilterFunctionality_Laptop_19-31-34 - [verifyingFreeDeliveryFilterFunctionality_Laptop_19-31-34] Checking if the allowedDateParts have the assert text   Within validateDeliveryFilterOptions method
19:31:55 [TestNG-test-Test-3] INFO  verifyingFreeDeliveryFilterFunctionality_Laptop_19-31-34 - [verifyingFreeDeliveryFilterFunctionality_Laptop_19-31-34] Within deliveryElements loop iterating over the products  Within validateDeliveryFilterOptions method
19:31:55 [TestNG-test-Test-3] INFO  verifyingFreeDeliveryFilterFunctionality_Laptop_19-31-34 - [verifyingFreeDeliveryFilterFunctionality_Laptop_19-31-34] Checking if the allowedDateParts have the assert text   Within validateDeliveryFilterOptions method
19:31:55 [TestNG-test-Test-3] INFO  verifyingFreeDeliveryFilterFunctionality_Laptop_19-31-34 - [verifyingFreeDeliveryFilterFunctionality_Laptop_19-31-34] Within deliveryElements loop iterating over the products  Within validateDeliveryFilterOptions method
19:31:55 [TestNG-test-Test-3] INFO  verifyingFreeDeliveryFilterFunctionality_Laptop_19-31-34 - [verifyingFreeDeliveryFilterFunctionality_Laptop_19-31-34] Checking if the allowedDateParts have the assert text   Within validateDeliveryFilterOptions method
19:31:55 [TestNG-test-Test-3] INFO  verifyingFreeDeliveryFilterFunctionality_Laptop_19-31-34 - [verifyingFreeDeliveryFilterFunctionality_Laptop_19-31-34] Returning the list with boolean values   Within validateDeliveryFilterOptions method
19:31:55 [TestNG-test-Test-3] INFO  verifyingFreeDeliveryFilterFunctionality_Laptop_19-31-34 - [verifyingFreeDeliveryFilterFunctionality_Laptop_19-31-34] Asserting delivery filter: isValid=true, index=-1, text=All the things are valid no errors
