21:20:34 [TestNG-test-Test-3] INFO  verifyingPriceSilderFunctionality_Tablet_21-20-34 - No existing WebDriver found for current thread. Initializing a new ChromeDriver...
21:20:34 [TestNG-test-Test-3] INFO  verifyingPriceSilderFunctionality_Tablet_21-20-34 - WebDriverManager: chromedriver setup OK
21:20:35 [TestNG-test-Test-3] INFO  verifyingPriceSilderFunctionality_Tablet_21-20-34 - ChromeDriver initialized successfully for thread: 36
21:20:36 [TestNG-test-Test-3] INFO  verifyingPriceSilderFunctionality_Tablet_21-20-34 - [verifyingPriceSilderFunctionality_Tablet_21-20-34] Opening amazon Landing page
21:20:38 [TestNG-test-Test-3] INFO  verifyingPriceSilderFunctionality_Tablet_21-20-34 - [verifyingPriceSilderFunctionality_Tablet_21-20-34] Within safeFindElement method
21:20:40 [TestNG-test-Test-3] INFO  verifyingPriceSilderFunctionality_Tablet_21-20-34 - [verifyingPriceSilderFunctionality_Tablet_21-20-34]Found the element returning it ,element ->[[ChromeDriver: chrome on windows (6fd6750d1f247d3ff4973aef1120d0ce)] -> xpath: //a[@id='nav-logo-sprites']]
21:20:41 [TestNG-test-Test-3] INFO  verifyingPriceSilderFunctionality_Tablet_21-20-34 - [verifyingPriceSilderFunctionality_Tablet_21-20-34] Giving input within the search bar
21:20:41 [TestNG-test-Test-3] INFO  verifyingPriceSilderFunctionality_Tablet_21-20-34 - [verifyingPriceSilderFunctionality_Tablet_21-20-34] Within safeClick method
21:20:43 [TestNG-test-Test-3] INFO  verifyingPriceSilderFunctionality_Tablet_21-20-34 - [verifyingPriceSilderFunctionality_Tablet_21-20-34] Clicked the  [[ChromeDriver: chrome on windows (6fd6750d1f247d3ff4973aef1120d0ce)] -> xpath: //input[@id='nav-search-submit-button']]   using safeClick
21:20:43 [TestNG-test-Test-3] INFO  verifyingPriceSilderFunctionality_Tablet_21-20-34 - [verifyingPriceSilderFunctionality_Tablet_21-20-34] Clicking on the submit in the search bar
21:20:43 [TestNG-test-Test-3] INFO  verifyingPriceSilderFunctionality_Tablet_21-20-34 - [verifyingPriceSilderFunctionality_Tablet_21-20-34] Within filterCheckUnderList method
21:20:44 [TestNG-test-Test-3] INFO  verifyingPriceSilderFunctionality_Tablet_21-20-34 - [verifyingPriceSilderFunctionality_Tablet_21-20-34] Found the Filter within the filter check List
21:20:44 [TestNG-test-Test-3] INFO  verifyingPriceSilderFunctionality_Tablet_21-20-34 - [verifyingPriceSilderFunctionality_Tablet_21-20-34] Within applyPriceSliderAndValidateWithResult method
21:20:44 [TestNG-test-Test-3] INFO  verifyingPriceSilderFunctionality_Tablet_21-20-34 - [verifyingPriceSilderFunctionality_Tablet_21-20-34] Within smoothScrollToElement method
21:20:44 [TestNG-test-Test-3] INFO  verifyingPriceSilderFunctionality_Tablet_21-20-34 - [verifyingPriceSilderFunctionality_Tablet_21-20-34] Within safeFindElement method
21:20:44 [TestNG-test-Test-3] INFO  verifyingPriceSilderFunctionality_Tablet_21-20-34 - [verifyingPriceSilderFunctionality_Tablet_21-20-34]Found the element returning it ,element ->[[ChromeDriver: chrome on windows (6fd6750d1f247d3ff4973aef1120d0ce)] -> id: p_36/range-slider_slider-item_lower-bound-slider]
21:20:44 [TestNG-test-Test-3] INFO  verifyingPriceSilderFunctionality_Tablet_21-20-34 - [verifyingPriceSilderFunctionality_Tablet_21-20-34] Successfully scrolled to element: By.id: p_36/range-slider_slider-item_lower-bound-slider
21:20:44 [TestNG-test-Test-3] INFO  verifyingPriceSilderFunctionality_Tablet_21-20-34 - [verifyingPriceSilderFunctionality_Tablet_21-20-34] Within safeFindElement method
21:20:44 [TestNG-test-Test-3] INFO  verifyingPriceSilderFunctionality_Tablet_21-20-34 - [verifyingPriceSilderFunctionality_Tablet_21-20-34]Found the element returning it ,element ->[[ChromeDriver: chrome on windows (6fd6750d1f247d3ff4973aef1120d0ce)] -> id: p_36/range-slider_slider-item_lower-bound-slider]
21:20:44 [TestNG-test-Test-3] INFO  verifyingPriceSilderFunctionality_Tablet_21-20-34 - [verifyingPriceSilderFunctionality_Tablet_21-20-34] in the setSliderValue method with value 61
21:20:44 [TestNG-test-Test-3] INFO  verifyingPriceSilderFunctionality_Tablet_21-20-34 - [verifyingPriceSilderFunctionality_Tablet_21-20-34] Within safeFindElement method
21:20:44 [TestNG-test-Test-3] INFO  verifyingPriceSilderFunctionality_Tablet_21-20-34 - [verifyingPriceSilderFunctionality_Tablet_21-20-34]Found the element returning it ,element ->[[ChromeDriver: chrome on windows (6fd6750d1f247d3ff4973aef1120d0ce)] -> id: p_36/range-slider_slider-item_upper-bound-slider]
21:20:44 [TestNG-test-Test-3] INFO  verifyingPriceSilderFunctionality_Tablet_21-20-34 - [verifyingPriceSilderFunctionality_Tablet_21-20-34] in the setSliderValue method with value 81
21:20:44 [TestNG-test-Test-3] INFO  verifyingPriceSilderFunctionality_Tablet_21-20-34 - [verifyingPriceSilderFunctionality_Tablet_21-20-34] Within safeFindElement method
21:20:46 [TestNG-test-Test-3] INFO  verifyingPriceSilderFunctionality_Tablet_21-20-34 - [verifyingPriceSilderFunctionality_Tablet_21-20-34]Found the element returning it ,element ->[[ChromeDriver: chrome on windows (6fd6750d1f247d3ff4973aef1120d0ce)] -> xpath: //label[@for='p_36/range-slider_slider-item_upper-bound-slider']]
21:20:46 [TestNG-test-Test-3] INFO  verifyingPriceSilderFunctionality_Tablet_21-20-34 - [verifyingPriceSilderFunctionality_Tablet_21-20-34] Within safeFindElement method
21:20:46 [TestNG-test-Test-3] INFO  verifyingPriceSilderFunctionality_Tablet_21-20-34 - [verifyingPriceSilderFunctionality_Tablet_21-20-34]Found the element returning it ,element ->[[ChromeDriver: chrome on windows (6fd6750d1f247d3ff4973aef1120d0ce)] -> xpath: //label[@for='p_36/range-slider_slider-item_lower-bound-slider']]
21:20:46 [TestNG-test-Test-3] INFO  verifyingPriceSilderFunctionality_Tablet_21-20-34 - [verifyingPriceSilderFunctionality_Tablet_21-20-34] Within safeFindElements 
21:20:46 [TestNG-test-Test-3] INFO  verifyingPriceSilderFunctionality_Tablet_21-20-34 - [verifyingPriceSilderFunctionality_Tablet_21-20-34] Returning the  [[[ChromeDriver: chrome on windows (6fd6750d1f247d3ff4973aef1120d0ce)] -> xpath: //span[@class='a-price-whole']], [[ChromeDriver: chrome on windows (6fd6750d1f247d3ff4973aef1120d0ce)] -> xpath: //span[@class='a-price-whole']], [[ChromeDriver: chrome on windows (6fd6750d1f247d3ff4973aef1120d0ce)] -> xpath: //span[@class='a-price-whole']], [[ChromeDriver: chrome on windows (6fd6750d1f247d3ff4973aef1120d0ce)] -> xpath: //span[@class='a-price-whole']], [[ChromeDriver: chrome on windows (6fd6750d1f247d3ff4973aef1120d0ce)] -> xpath: //span[@class='a-price-whole']], [[ChromeDriver: chrome on windows (6fd6750d1f247d3ff4973aef1120d0ce)] -> xpath: //span[@class='a-price-whole']], [[ChromeDriver: chrome on windows (6fd6750d1f247d3ff4973aef1120d0ce)] -> xpath: //span[@class='a-price-whole']], [[ChromeDriver: chrome on windows (6fd6750d1f247d3ff4973aef1120d0ce)] -> xpath: //span[@class='a-price-whole']], [[ChromeDriver: chrome on windows (6fd6750d1f247d3ff4973aef1120d0ce)] -> xpath: //span[@class='a-price-whole']], [[ChromeDriver: chrome on windows (6fd6750d1f247d3ff4973aef1120d0ce)] -> xpath: //span[@class='a-price-whole']], [[ChromeDriver: chrome on windows (6fd6750d1f247d3ff4973aef1120d0ce)] -> xpath: //span[@class='a-price-whole']], [[ChromeDriver: chrome on windows (6fd6750d1f247d3ff4973aef1120d0ce)] -> xpath: //span[@class='a-price-whole']], [[ChromeDriver: chrome on windows (6fd6750d1f247d3ff4973aef1120d0ce)] -> xpath: //span[@class='a-price-whole']], [[ChromeDriver: chrome on windows (6fd6750d1f247d3ff4973aef1120d0ce)] -> xpath: //span[@class='a-price-whole']], [[ChromeDriver: chrome on windows (6fd6750d1f247d3ff4973aef1120d0ce)] -> xpath: //span[@class='a-price-whole']], [[ChromeDriver: chrome on windows (6fd6750d1f247d3ff4973aef1120d0ce)] -> xpath: //span[@class='a-price-whole']]] from the safeFindElements method
21:20:46 [TestNG-test-Test-3] INFO  verifyingPriceSilderFunctionality_Tablet_21-20-34 - [verifyingPriceSilderFunctionality_Tablet_21-20-34] Min Price Applied is  ₹14,600   Product Price is 16,148  Max Price Applied is ₹29,300
21:20:46 [TestNG-test-Test-3] INFO  verifyingPriceSilderFunctionality_Tablet_21-20-34 - [verifyingPriceSilderFunctionality_Tablet_21-20-34] Min Price Applied is  ₹14,600   Product Price is 25,999  Max Price Applied is ₹29,300
21:20:46 [TestNG-test-Test-3] INFO  verifyingPriceSilderFunctionality_Tablet_21-20-34 - [verifyingPriceSilderFunctionality_Tablet_21-20-34] Min Price Applied is  ₹14,600   Product Price is 23,999  Max Price Applied is ₹29,300
21:20:46 [TestNG-test-Test-3] INFO  verifyingPriceSilderFunctionality_Tablet_21-20-34 - [verifyingPriceSilderFunctionality_Tablet_21-20-34] Min Price Applied is  ₹14,600   Product Price is 24,000  Max Price Applied is ₹29,300
21:20:46 [TestNG-test-Test-3] INFO  verifyingPriceSilderFunctionality_Tablet_21-20-34 - [verifyingPriceSilderFunctionality_Tablet_21-20-34] Min Price Applied is  ₹14,600   Product Price is 26,999  Max Price Applied is ₹29,300
21:20:46 [TestNG-test-Test-3] INFO  verifyingPriceSilderFunctionality_Tablet_21-20-34 - [verifyingPriceSilderFunctionality_Tablet_21-20-34] Min Price Applied is  ₹14,600   Product Price is 19,999  Max Price Applied is ₹29,300
21:20:46 [TestNG-test-Test-3] INFO  verifyingPriceSilderFunctionality_Tablet_21-20-34 - [verifyingPriceSilderFunctionality_Tablet_21-20-34] Min Price Applied is  ₹14,600   Product Price is 15,550  Max Price Applied is ₹29,300
21:20:46 [TestNG-test-Test-3] INFO  verifyingPriceSilderFunctionality_Tablet_21-20-34 - [verifyingPriceSilderFunctionality_Tablet_21-20-34] Min Price Applied is  ₹14,600   Product Price is 20,999  Max Price Applied is ₹29,300
21:20:46 [TestNG-test-Test-3] INFO  verifyingPriceSilderFunctionality_Tablet_21-20-34 - [verifyingPriceSilderFunctionality_Tablet_21-20-34] Min Price Applied is  ₹14,600   Product Price is 19,649  Max Price Applied is ₹29,300
21:20:46 [TestNG-test-Test-3] INFO  verifyingPriceSilderFunctionality_Tablet_21-20-34 - [verifyingPriceSilderFunctionality_Tablet_21-20-34] Min Price Applied is  ₹14,600   Product Price is 28,999  Max Price Applied is ₹29,300
21:20:46 [TestNG-test-Test-3] INFO  verifyingPriceSilderFunctionality_Tablet_21-20-34 - [verifyingPriceSilderFunctionality_Tablet_21-20-34] Min Price Applied is  ₹14,600   Product Price is 15,499  Max Price Applied is ₹29,300
21:20:46 [TestNG-test-Test-3] INFO  verifyingPriceSilderFunctionality_Tablet_21-20-34 - [verifyingPriceSilderFunctionality_Tablet_21-20-34] Min Price Applied is  ₹14,600   Product Price is 22,999  Max Price Applied is ₹29,300
21:20:46 [TestNG-test-Test-3] INFO  verifyingPriceSilderFunctionality_Tablet_21-20-34 - [verifyingPriceSilderFunctionality_Tablet_21-20-34] Min Price Applied is  ₹14,600   Product Price is 25,490  Max Price Applied is ₹29,300
21:20:46 [TestNG-test-Test-3] INFO  verifyingPriceSilderFunctionality_Tablet_21-20-34 - [verifyingPriceSilderFunctionality_Tablet_21-20-34] Min Price Applied is  ₹14,600   Product Price is 20,990  Max Price Applied is ₹29,300
21:20:46 [TestNG-test-Test-3] INFO  verifyingPriceSilderFunctionality_Tablet_21-20-34 - [verifyingPriceSilderFunctionality_Tablet_21-20-34] Min Price Applied is  ₹14,600   Product Price is 28,800  Max Price Applied is ₹29,300
21:20:46 [TestNG-test-Test-3] INFO  verifyingPriceSilderFunctionality_Tablet_21-20-34 - [verifyingPriceSilderFunctionality_Tablet_21-20-34] Min Price Applied is  ₹14,600   Product Price is 25,999  Max Price Applied is ₹29,300
21:20:46 [TestNG-test-Test-3] INFO  verifyingPriceSilderFunctionality_Tablet_21-20-34 - [verifyingPriceSilderFunctionality_Tablet_21-20-34] Within smoothScrollToElement method
21:20:46 [TestNG-test-Test-3] INFO  verifyingPriceSilderFunctionality_Tablet_21-20-34 - [verifyingPriceSilderFunctionality_Tablet_21-20-34] Within safeFindElement method
21:20:46 [TestNG-test-Test-3] INFO  verifyingPriceSilderFunctionality_Tablet_21-20-34 - [verifyingPriceSilderFunctionality_Tablet_21-20-34]Found the element returning it ,element ->[[ChromeDriver: chrome on windows (6fd6750d1f247d3ff4973aef1120d0ce)] -> id: p_36/range-slider_slider-item_lower-bound-slider]
21:20:46 [TestNG-test-Test-3] INFO  verifyingPriceSilderFunctionality_Tablet_21-20-34 - [verifyingPriceSilderFunctionality_Tablet_21-20-34] Successfully scrolled to element: By.id: p_36/range-slider_slider-item_lower-bound-slider
21:20:46 [TestNG-test-Test-3] INFO  verifyingPriceSilderFunctionality_Tablet_21-20-34 - [verifyingPriceSilderFunctionality_Tablet_21-20-34] Price Check <= Max & >= Min  Product Price is ->16148.0
21:20:46 [TestNG-test-Test-3] INFO  verifyingPriceSilderFunctionality_Tablet_21-20-34 - [verifyingPriceSilderFunctionality_Tablet_21-20-34] Min Price Applied is  14600.0   Product Price is 16,148  Max Price Applied is 29300.0
21:20:46 [TestNG-test-Test-3] INFO  verifyingPriceSilderFunctionality_Tablet_21-20-34 - [verifyingPriceSilderFunctionality_Tablet_21-20-34] Price Check <= Max & >= Min  Product Price is ->25999.0
21:20:46 [TestNG-test-Test-3] INFO  verifyingPriceSilderFunctionality_Tablet_21-20-34 - [verifyingPriceSilderFunctionality_Tablet_21-20-34] Min Price Applied is  14600.0   Product Price is 25,999  Max Price Applied is 29300.0
21:20:46 [TestNG-test-Test-3] INFO  verifyingPriceSilderFunctionality_Tablet_21-20-34 - [verifyingPriceSilderFunctionality_Tablet_21-20-34] Price Check <= Max & >= Min  Product Price is ->23999.0
21:20:46 [TestNG-test-Test-3] INFO  verifyingPriceSilderFunctionality_Tablet_21-20-34 - [verifyingPriceSilderFunctionality_Tablet_21-20-34] Min Price Applied is  14600.0   Product Price is 23,999  Max Price Applied is 29300.0
21:20:46 [TestNG-test-Test-3] INFO  verifyingPriceSilderFunctionality_Tablet_21-20-34 - [verifyingPriceSilderFunctionality_Tablet_21-20-34] Price Check <= Max & >= Min  Product Price is ->24000.0
21:20:46 [TestNG-test-Test-3] INFO  verifyingPriceSilderFunctionality_Tablet_21-20-34 - [verifyingPriceSilderFunctionality_Tablet_21-20-34] Min Price Applied is  14600.0   Product Price is 24,000  Max Price Applied is 29300.0
21:20:46 [TestNG-test-Test-3] INFO  verifyingPriceSilderFunctionality_Tablet_21-20-34 - [verifyingPriceSilderFunctionality_Tablet_21-20-34] Price Check <= Max & >= Min  Product Price is ->26999.0
21:20:46 [TestNG-test-Test-3] INFO  verifyingPriceSilderFunctionality_Tablet_21-20-34 - [verifyingPriceSilderFunctionality_Tablet_21-20-34] Min Price Applied is  14600.0   Product Price is 26,999  Max Price Applied is 29300.0
21:20:46 [TestNG-test-Test-3] INFO  verifyingPriceSilderFunctionality_Tablet_21-20-34 - [verifyingPriceSilderFunctionality_Tablet_21-20-34] Price Check <= Max & >= Min  Product Price is ->19999.0
21:20:46 [TestNG-test-Test-3] INFO  verifyingPriceSilderFunctionality_Tablet_21-20-34 - [verifyingPriceSilderFunctionality_Tablet_21-20-34] Min Price Applied is  14600.0   Product Price is 19,999  Max Price Applied is 29300.0
21:20:46 [TestNG-test-Test-3] INFO  verifyingPriceSilderFunctionality_Tablet_21-20-34 - [verifyingPriceSilderFunctionality_Tablet_21-20-34] Price Check <= Max & >= Min  Product Price is ->15550.0
21:20:46 [TestNG-test-Test-3] INFO  verifyingPriceSilderFunctionality_Tablet_21-20-34 - [verifyingPriceSilderFunctionality_Tablet_21-20-34] Min Price Applied is  14600.0   Product Price is 15,550  Max Price Applied is 29300.0
21:20:46 [TestNG-test-Test-3] INFO  verifyingPriceSilderFunctionality_Tablet_21-20-34 - [verifyingPriceSilderFunctionality_Tablet_21-20-34] Price Check <= Max & >= Min  Product Price is ->20999.0
21:20:46 [TestNG-test-Test-3] INFO  verifyingPriceSilderFunctionality_Tablet_21-20-34 - [verifyingPriceSilderFunctionality_Tablet_21-20-34] Min Price Applied is  14600.0   Product Price is 20,999  Max Price Applied is 29300.0
21:20:46 [TestNG-test-Test-3] INFO  verifyingPriceSilderFunctionality_Tablet_21-20-34 - [verifyingPriceSilderFunctionality_Tablet_21-20-34] Price Check <= Max & >= Min  Product Price is ->19649.0
21:20:46 [TestNG-test-Test-3] INFO  verifyingPriceSilderFunctionality_Tablet_21-20-34 - [verifyingPriceSilderFunctionality_Tablet_21-20-34] Min Price Applied is  14600.0   Product Price is 19,649  Max Price Applied is 29300.0
21:20:46 [TestNG-test-Test-3] INFO  verifyingPriceSilderFunctionality_Tablet_21-20-34 - [verifyingPriceSilderFunctionality_Tablet_21-20-34] Price Check <= Max & >= Min  Product Price is ->28999.0
21:20:46 [TestNG-test-Test-3] INFO  verifyingPriceSilderFunctionality_Tablet_21-20-34 - [verifyingPriceSilderFunctionality_Tablet_21-20-34] Min Price Applied is  14600.0   Product Price is 28,999  Max Price Applied is 29300.0
21:20:46 [TestNG-test-Test-3] INFO  verifyingPriceSilderFunctionality_Tablet_21-20-34 - [verifyingPriceSilderFunctionality_Tablet_21-20-34] Price Check <= Max & >= Min  Product Price is ->15499.0
21:20:46 [TestNG-test-Test-3] INFO  verifyingPriceSilderFunctionality_Tablet_21-20-34 - [verifyingPriceSilderFunctionality_Tablet_21-20-34] Min Price Applied is  14600.0   Product Price is 15,499  Max Price Applied is 29300.0
21:20:46 [TestNG-test-Test-3] INFO  verifyingPriceSilderFunctionality_Tablet_21-20-34 - [verifyingPriceSilderFunctionality_Tablet_21-20-34] Price Check <= Max & >= Min  Product Price is ->22999.0
21:20:46 [TestNG-test-Test-3] INFO  verifyingPriceSilderFunctionality_Tablet_21-20-34 - [verifyingPriceSilderFunctionality_Tablet_21-20-34] Min Price Applied is  14600.0   Product Price is 22,999  Max Price Applied is 29300.0
21:20:46 [TestNG-test-Test-3] INFO  verifyingPriceSilderFunctionality_Tablet_21-20-34 - [verifyingPriceSilderFunctionality_Tablet_21-20-34] Price Check <= Max & >= Min  Product Price is ->25490.0
21:20:46 [TestNG-test-Test-3] INFO  verifyingPriceSilderFunctionality_Tablet_21-20-34 - [verifyingPriceSilderFunctionality_Tablet_21-20-34] Min Price Applied is  14600.0   Product Price is 25,490  Max Price Applied is 29300.0
21:20:46 [TestNG-test-Test-3] INFO  verifyingPriceSilderFunctionality_Tablet_21-20-34 - [verifyingPriceSilderFunctionality_Tablet_21-20-34] Price Check <= Max & >= Min  Product Price is ->20990.0
21:20:46 [TestNG-test-Test-3] INFO  verifyingPriceSilderFunctionality_Tablet_21-20-34 - [verifyingPriceSilderFunctionality_Tablet_21-20-34] Min Price Applied is  14600.0   Product Price is 20,990  Max Price Applied is 29300.0
21:20:46 [TestNG-test-Test-3] INFO  verifyingPriceSilderFunctionality_Tablet_21-20-34 - [verifyingPriceSilderFunctionality_Tablet_21-20-34] Price Check <= Max & >= Min  Product Price is ->28800.0
21:20:46 [TestNG-test-Test-3] INFO  verifyingPriceSilderFunctionality_Tablet_21-20-34 - [verifyingPriceSilderFunctionality_Tablet_21-20-34] Min Price Applied is  14600.0   Product Price is 28,800  Max Price Applied is 29300.0
21:20:46 [TestNG-test-Test-3] INFO  verifyingPriceSilderFunctionality_Tablet_21-20-34 - [verifyingPriceSilderFunctionality_Tablet_21-20-34] Price Check <= Max & >= Min  Product Price is ->25999.0
21:20:46 [TestNG-test-Test-3] INFO  verifyingPriceSilderFunctionality_Tablet_21-20-34 - [verifyingPriceSilderFunctionality_Tablet_21-20-34] Min Price Applied is  14600.0   Product Price is 25,999  Max Price Applied is 29300.0
21:20:46 [TestNG-test-Test-3] INFO  verifyingPriceSilderFunctionality_Tablet_21-20-34 - [verifyingPriceSilderFunctionality_Tablet_21-20-34] Adding the data 'min','max','isValid' ,'mismatches' to 'result' Map->81
21:20:46 [TestNG-test-Test-3] INFO  verifyingPriceSilderFunctionality_Tablet_21-20-34 - [verifyingPriceSilderFunctionality_Tablet_21-20-34] Adding the 'results'  Map to the master 'allResults' i.e is List of maps->81
21:20:46 [TestNG-test-Test-3] INFO  verifyingPriceSilderFunctionality_Tablet_21-20-34 - [verifyingPriceSilderFunctionality_Tablet_21-20-34] Within safeFindElement method
21:20:46 [TestNG-test-Test-3] INFO  verifyingPriceSilderFunctionality_Tablet_21-20-34 - [verifyingPriceSilderFunctionality_Tablet_21-20-34]Found the element returning it ,element ->[[ChromeDriver: chrome on windows (6fd6750d1f247d3ff4973aef1120d0ce)] -> id: p_36/range-slider_slider-item_lower-bound-slider]
21:20:46 [TestNG-test-Test-3] INFO  verifyingPriceSilderFunctionality_Tablet_21-20-34 - [verifyingPriceSilderFunctionality_Tablet_21-20-34] in the setSliderValue method with value 91
21:20:46 [TestNG-test-Test-3] INFO  verifyingPriceSilderFunctionality_Tablet_21-20-34 - [verifyingPriceSilderFunctionality_Tablet_21-20-34] Within safeFindElement method
21:20:46 [TestNG-test-Test-3] INFO  verifyingPriceSilderFunctionality_Tablet_21-20-34 - [verifyingPriceSilderFunctionality_Tablet_21-20-34]Found the element returning it ,element ->[[ChromeDriver: chrome on windows (6fd6750d1f247d3ff4973aef1120d0ce)] -> id: p_36/range-slider_slider-item_upper-bound-slider]
21:20:46 [TestNG-test-Test-3] INFO  verifyingPriceSilderFunctionality_Tablet_21-20-34 - [verifyingPriceSilderFunctionality_Tablet_21-20-34] in the setSliderValue method with value 121
21:20:47 [TestNG-test-Test-3] INFO  verifyingPriceSilderFunctionality_Tablet_21-20-34 - [verifyingPriceSilderFunctionality_Tablet_21-20-34] Within safeFindElement method
21:20:48 [TestNG-test-Test-3] INFO  verifyingPriceSilderFunctionality_Tablet_21-20-34 - [verifyingPriceSilderFunctionality_Tablet_21-20-34]Found the element returning it ,element ->[[ChromeDriver: chrome on windows (6fd6750d1f247d3ff4973aef1120d0ce)] -> xpath: //label[@for='p_36/range-slider_slider-item_upper-bound-slider']]
21:20:48 [TestNG-test-Test-3] INFO  verifyingPriceSilderFunctionality_Tablet_21-20-34 - [verifyingPriceSilderFunctionality_Tablet_21-20-34] Within safeFindElement method
21:20:48 [TestNG-test-Test-3] INFO  verifyingPriceSilderFunctionality_Tablet_21-20-34 - [verifyingPriceSilderFunctionality_Tablet_21-20-34]Found the element returning it ,element ->[[ChromeDriver: chrome on windows (6fd6750d1f247d3ff4973aef1120d0ce)] -> xpath: //label[@for='p_36/range-slider_slider-item_lower-bound-slider']]
21:20:48 [TestNG-test-Test-3] INFO  verifyingPriceSilderFunctionality_Tablet_21-20-34 - [verifyingPriceSilderFunctionality_Tablet_21-20-34] Within safeFindElements 
21:20:48 [TestNG-test-Test-3] INFO  verifyingPriceSilderFunctionality_Tablet_21-20-34 - [verifyingPriceSilderFunctionality_Tablet_21-20-34] Returning the  [[[ChromeDriver: chrome on windows (6fd6750d1f247d3ff4973aef1120d0ce)] -> xpath: //span[@class='a-price-whole']], [[ChromeDriver: chrome on windows (6fd6750d1f247d3ff4973aef1120d0ce)] -> xpath: //span[@class='a-price-whole']], [[ChromeDriver: chrome on windows (6fd6750d1f247d3ff4973aef1120d0ce)] -> xpath: //span[@class='a-price-whole']], [[ChromeDriver: chrome on windows (6fd6750d1f247d3ff4973aef1120d0ce)] -> xpath: //span[@class='a-price-whole']], [[ChromeDriver: chrome on windows (6fd6750d1f247d3ff4973aef1120d0ce)] -> xpath: //span[@class='a-price-whole']], [[ChromeDriver: chrome on windows (6fd6750d1f247d3ff4973aef1120d0ce)] -> xpath: //span[@class='a-price-whole']], [[ChromeDriver: chrome on windows (6fd6750d1f247d3ff4973aef1120d0ce)] -> xpath: //span[@class='a-price-whole']], [[ChromeDriver: chrome on windows (6fd6750d1f247d3ff4973aef1120d0ce)] -> xpath: //span[@class='a-price-whole']], [[ChromeDriver: chrome on windows (6fd6750d1f247d3ff4973aef1120d0ce)] -> xpath: //span[@class='a-price-whole']], [[ChromeDriver: chrome on windows (6fd6750d1f247d3ff4973aef1120d0ce)] -> xpath: //span[@class='a-price-whole']], [[ChromeDriver: chrome on windows (6fd6750d1f247d3ff4973aef1120d0ce)] -> xpath: //span[@class='a-price-whole']], [[ChromeDriver: chrome on windows (6fd6750d1f247d3ff4973aef1120d0ce)] -> xpath: //span[@class='a-price-whole']], [[ChromeDriver: chrome on windows (6fd6750d1f247d3ff4973aef1120d0ce)] -> xpath: //span[@class='a-price-whole']], [[ChromeDriver: chrome on windows (6fd6750d1f247d3ff4973aef1120d0ce)] -> xpath: //span[@class='a-price-whole']], [[ChromeDriver: chrome on windows (6fd6750d1f247d3ff4973aef1120d0ce)] -> xpath: //span[@class='a-price-whole']], [[ChromeDriver: chrome on windows (6fd6750d1f247d3ff4973aef1120d0ce)] -> xpath: //span[@class='a-price-whole']], [[ChromeDriver: chrome on windows (6fd6750d1f247d3ff4973aef1120d0ce)] -> xpath: //span[@class='a-price-whole']], [[ChromeDriver: chrome on windows (6fd6750d1f247d3ff4973aef1120d0ce)] -> xpath: //span[@class='a-price-whole']], [[ChromeDriver: chrome on windows (6fd6750d1f247d3ff4973aef1120d0ce)] -> xpath: //span[@class='a-price-whole']], [[ChromeDriver: chrome on windows (6fd6750d1f247d3ff4973aef1120d0ce)] -> xpath: //span[@class='a-price-whole']], [[ChromeDriver: chrome on windows (6fd6750d1f247d3ff4973aef1120d0ce)] -> xpath: //span[@class='a-price-whole']], [[ChromeDriver: chrome on windows (6fd6750d1f247d3ff4973aef1120d0ce)] -> xpath: //span[@class='a-price-whole']]] from the safeFindElements method
21:20:48 [TestNG-test-Test-3] INFO  verifyingPriceSilderFunctionality_Tablet_21-20-34 - [verifyingPriceSilderFunctionality_Tablet_21-20-34] Min Price Applied is  ₹21,200   Product Price is 25,999  Max Price Applied is ₹79,100
21:20:48 [TestNG-test-Test-3] INFO  verifyingPriceSilderFunctionality_Tablet_21-20-34 - [verifyingPriceSilderFunctionality_Tablet_21-20-34] Min Price Applied is  ₹21,200   Product Price is 38,999  Max Price Applied is ₹79,100
21:20:48 [TestNG-test-Test-3] INFO  verifyingPriceSilderFunctionality_Tablet_21-20-34 - [verifyingPriceSilderFunctionality_Tablet_21-20-34] Min Price Applied is  ₹21,200   Product Price is 25,999  Max Price Applied is ₹79,100
21:20:48 [TestNG-test-Test-3] INFO  verifyingPriceSilderFunctionality_Tablet_21-20-34 - [verifyingPriceSilderFunctionality_Tablet_21-20-34] Min Price Applied is  ₹21,200   Product Price is 23,999  Max Price Applied is ₹79,100
21:20:48 [TestNG-test-Test-3] INFO  verifyingPriceSilderFunctionality_Tablet_21-20-34 - [verifyingPriceSilderFunctionality_Tablet_21-20-34] Min Price Applied is  ₹21,200   Product Price is 48,990  Max Price Applied is ₹79,100
21:20:48 [TestNG-test-Test-3] INFO  verifyingPriceSilderFunctionality_Tablet_21-20-34 - [verifyingPriceSilderFunctionality_Tablet_21-20-34] Min Price Applied is  ₹21,200   Product Price is 58,999  Max Price Applied is ₹79,100
21:20:48 [TestNG-test-Test-3] INFO  verifyingPriceSilderFunctionality_Tablet_21-20-34 - [verifyingPriceSilderFunctionality_Tablet_21-20-34] Min Price Applied is  ₹21,200   Product Price is 24,000  Max Price Applied is ₹79,100
21:20:48 [TestNG-test-Test-3] INFO  verifyingPriceSilderFunctionality_Tablet_21-20-34 - [verifyingPriceSilderFunctionality_Tablet_21-20-34] Min Price Applied is  ₹21,200   Product Price is 31,999  Max Price Applied is ₹79,100
21:20:48 [TestNG-test-Test-3] INFO  verifyingPriceSilderFunctionality_Tablet_21-20-34 - [verifyingPriceSilderFunctionality_Tablet_21-20-34] Min Price Applied is  ₹21,200   Product Price is 34,199  Max Price Applied is ₹79,100
21:20:48 [TestNG-test-Test-3] INFO  verifyingPriceSilderFunctionality_Tablet_21-20-34 - [verifyingPriceSilderFunctionality_Tablet_21-20-34] Min Price Applied is  ₹21,200   Product Price is 26,990  Max Price Applied is ₹79,100
21:20:48 [TestNG-test-Test-3] INFO  verifyingPriceSilderFunctionality_Tablet_21-20-34 - [verifyingPriceSilderFunctionality_Tablet_21-20-34] Min Price Applied is  ₹21,200   Product Price is 26,999  Max Price Applied is ₹79,100
21:20:48 [TestNG-test-Test-3] INFO  verifyingPriceSilderFunctionality_Tablet_21-20-34 - [verifyingPriceSilderFunctionality_Tablet_21-20-34] Min Price Applied is  ₹21,200   Product Price is 35,999  Max Price Applied is ₹79,100
21:20:48 [TestNG-test-Test-3] INFO  verifyingPriceSilderFunctionality_Tablet_21-20-34 - [verifyingPriceSilderFunctionality_Tablet_21-20-34] Min Price Applied is  ₹21,200   Product Price is 34,199  Max Price Applied is ₹79,100
21:20:48 [TestNG-test-Test-3] INFO  verifyingPriceSilderFunctionality_Tablet_21-20-34 - [verifyingPriceSilderFunctionality_Tablet_21-20-34] Min Price Applied is  ₹21,200   Product Price is 35,999  Max Price Applied is ₹79,100
21:20:48 [TestNG-test-Test-3] INFO  verifyingPriceSilderFunctionality_Tablet_21-20-34 - [verifyingPriceSilderFunctionality_Tablet_21-20-34] Min Price Applied is  ₹21,200   Product Price is 33,299  Max Price Applied is ₹79,100
21:20:48 [TestNG-test-Test-3] INFO  verifyingPriceSilderFunctionality_Tablet_21-20-34 - [verifyingPriceSilderFunctionality_Tablet_21-20-34] Min Price Applied is  ₹21,200   Product Price is 25,490  Max Price Applied is ₹79,100
21:20:48 [TestNG-test-Test-3] INFO  verifyingPriceSilderFunctionality_Tablet_21-20-34 - [verifyingPriceSilderFunctionality_Tablet_21-20-34] Min Price Applied is  ₹21,200   Product Price is 49,900  Max Price Applied is ₹79,100
21:20:48 [TestNG-test-Test-3] INFO  verifyingPriceSilderFunctionality_Tablet_21-20-34 - [verifyingPriceSilderFunctionality_Tablet_21-20-34] Min Price Applied is  ₹21,200   Product Price is 28,999  Max Price Applied is ₹79,100
21:20:48 [TestNG-test-Test-3] INFO  verifyingPriceSilderFunctionality_Tablet_21-20-34 - [verifyingPriceSilderFunctionality_Tablet_21-20-34] Min Price Applied is  ₹21,200   Product Price is 28,800  Max Price Applied is ₹79,100
21:20:48 [TestNG-test-Test-3] INFO  verifyingPriceSilderFunctionality_Tablet_21-20-34 - [verifyingPriceSilderFunctionality_Tablet_21-20-34] Min Price Applied is  ₹21,200   Product Price is 21,999  Max Price Applied is ₹79,100
21:20:48 [TestNG-test-Test-3] INFO  verifyingPriceSilderFunctionality_Tablet_21-20-34 - [verifyingPriceSilderFunctionality_Tablet_21-20-34] Min Price Applied is  ₹21,200   Product Price is 42,999  Max Price Applied is ₹79,100
21:20:48 [TestNG-test-Test-3] INFO  verifyingPriceSilderFunctionality_Tablet_21-20-34 - [verifyingPriceSilderFunctionality_Tablet_21-20-34] Min Price Applied is  ₹21,200   Product Price is 41,999  Max Price Applied is ₹79,100
21:20:48 [TestNG-test-Test-3] INFO  verifyingPriceSilderFunctionality_Tablet_21-20-34 - [verifyingPriceSilderFunctionality_Tablet_21-20-34] Within smoothScrollToElement method
21:20:48 [TestNG-test-Test-3] INFO  verifyingPriceSilderFunctionality_Tablet_21-20-34 - [verifyingPriceSilderFunctionality_Tablet_21-20-34] Within safeFindElement method
21:20:48 [TestNG-test-Test-3] INFO  verifyingPriceSilderFunctionality_Tablet_21-20-34 - [verifyingPriceSilderFunctionality_Tablet_21-20-34]Found the element returning it ,element ->[[ChromeDriver: chrome on windows (6fd6750d1f247d3ff4973aef1120d0ce)] -> id: p_36/range-slider_slider-item_lower-bound-slider]
21:20:48 [TestNG-test-Test-3] INFO  verifyingPriceSilderFunctionality_Tablet_21-20-34 - [verifyingPriceSilderFunctionality_Tablet_21-20-34] Successfully scrolled to element: By.id: p_36/range-slider_slider-item_lower-bound-slider
21:20:49 [TestNG-test-Test-3] INFO  verifyingPriceSilderFunctionality_Tablet_21-20-34 - [verifyingPriceSilderFunctionality_Tablet_21-20-34] Price Check <= Max & >= Min  Product Price is ->25999.0
21:20:49 [TestNG-test-Test-3] INFO  verifyingPriceSilderFunctionality_Tablet_21-20-34 - [verifyingPriceSilderFunctionality_Tablet_21-20-34] Min Price Applied is  21200.0   Product Price is 25,999  Max Price Applied is 79100.0
21:20:49 [TestNG-test-Test-3] INFO  verifyingPriceSilderFunctionality_Tablet_21-20-34 - [verifyingPriceSilderFunctionality_Tablet_21-20-34] Price Check <= Max & >= Min  Product Price is ->38999.0
21:20:49 [TestNG-test-Test-3] INFO  verifyingPriceSilderFunctionality_Tablet_21-20-34 - [verifyingPriceSilderFunctionality_Tablet_21-20-34] Min Price Applied is  21200.0   Product Price is 38,999  Max Price Applied is 79100.0
21:20:49 [TestNG-test-Test-3] INFO  verifyingPriceSilderFunctionality_Tablet_21-20-34 - [verifyingPriceSilderFunctionality_Tablet_21-20-34] Price Check <= Max & >= Min  Product Price is ->25999.0
21:20:49 [TestNG-test-Test-3] INFO  verifyingPriceSilderFunctionality_Tablet_21-20-34 - [verifyingPriceSilderFunctionality_Tablet_21-20-34] Min Price Applied is  21200.0   Product Price is 25,999  Max Price Applied is 79100.0
21:20:49 [TestNG-test-Test-3] INFO  verifyingPriceSilderFunctionality_Tablet_21-20-34 - [verifyingPriceSilderFunctionality_Tablet_21-20-34] Price Check <= Max & >= Min  Product Price is ->23999.0
21:20:49 [TestNG-test-Test-3] INFO  verifyingPriceSilderFunctionality_Tablet_21-20-34 - [verifyingPriceSilderFunctionality_Tablet_21-20-34] Min Price Applied is  21200.0   Product Price is 23,999  Max Price Applied is 79100.0
21:20:49 [TestNG-test-Test-3] INFO  verifyingPriceSilderFunctionality_Tablet_21-20-34 - [verifyingPriceSilderFunctionality_Tablet_21-20-34] Price Check <= Max & >= Min  Product Price is ->48990.0
21:20:49 [TestNG-test-Test-3] INFO  verifyingPriceSilderFunctionality_Tablet_21-20-34 - [verifyingPriceSilderFunctionality_Tablet_21-20-34] Min Price Applied is  21200.0   Product Price is 48,990  Max Price Applied is 79100.0
21:20:49 [TestNG-test-Test-3] INFO  verifyingPriceSilderFunctionality_Tablet_21-20-34 - [verifyingPriceSilderFunctionality_Tablet_21-20-34] Price Check <= Max & >= Min  Product Price is ->58999.0
21:20:49 [TestNG-test-Test-3] INFO  verifyingPriceSilderFunctionality_Tablet_21-20-34 - [verifyingPriceSilderFunctionality_Tablet_21-20-34] Min Price Applied is  21200.0   Product Price is 58,999  Max Price Applied is 79100.0
21:20:49 [TestNG-test-Test-3] INFO  verifyingPriceSilderFunctionality_Tablet_21-20-34 - [verifyingPriceSilderFunctionality_Tablet_21-20-34] Price Check <= Max & >= Min  Product Price is ->24000.0
21:20:49 [TestNG-test-Test-3] INFO  verifyingPriceSilderFunctionality_Tablet_21-20-34 - [verifyingPriceSilderFunctionality_Tablet_21-20-34] Min Price Applied is  21200.0   Product Price is 24,000  Max Price Applied is 79100.0
21:20:49 [TestNG-test-Test-3] INFO  verifyingPriceSilderFunctionality_Tablet_21-20-34 - [verifyingPriceSilderFunctionality_Tablet_21-20-34] Price Check <= Max & >= Min  Product Price is ->31999.0
21:20:49 [TestNG-test-Test-3] INFO  verifyingPriceSilderFunctionality_Tablet_21-20-34 - [verifyingPriceSilderFunctionality_Tablet_21-20-34] Min Price Applied is  21200.0   Product Price is 31,999  Max Price Applied is 79100.0
21:20:49 [TestNG-test-Test-3] INFO  verifyingPriceSilderFunctionality_Tablet_21-20-34 - [verifyingPriceSilderFunctionality_Tablet_21-20-34] Price Check <= Max & >= Min  Product Price is ->34199.0
21:20:49 [TestNG-test-Test-3] INFO  verifyingPriceSilderFunctionality_Tablet_21-20-34 - [verifyingPriceSilderFunctionality_Tablet_21-20-34] Min Price Applied is  21200.0   Product Price is 34,199  Max Price Applied is 79100.0
21:20:49 [TestNG-test-Test-3] INFO  verifyingPriceSilderFunctionality_Tablet_21-20-34 - [verifyingPriceSilderFunctionality_Tablet_21-20-34] Price Check <= Max & >= Min  Product Price is ->26990.0
21:20:49 [TestNG-test-Test-3] INFO  verifyingPriceSilderFunctionality_Tablet_21-20-34 - [verifyingPriceSilderFunctionality_Tablet_21-20-34] Min Price Applied is  21200.0   Product Price is 26,990  Max Price Applied is 79100.0
21:20:49 [TestNG-test-Test-3] INFO  verifyingPriceSilderFunctionality_Tablet_21-20-34 - [verifyingPriceSilderFunctionality_Tablet_21-20-34] Price Check <= Max & >= Min  Product Price is ->26999.0
21:20:49 [TestNG-test-Test-3] INFO  verifyingPriceSilderFunctionality_Tablet_21-20-34 - [verifyingPriceSilderFunctionality_Tablet_21-20-34] Min Price Applied is  21200.0   Product Price is 26,999  Max Price Applied is 79100.0
21:20:49 [TestNG-test-Test-3] INFO  verifyingPriceSilderFunctionality_Tablet_21-20-34 - [verifyingPriceSilderFunctionality_Tablet_21-20-34] Price Check <= Max & >= Min  Product Price is ->35999.0
21:20:49 [TestNG-test-Test-3] INFO  verifyingPriceSilderFunctionality_Tablet_21-20-34 - [verifyingPriceSilderFunctionality_Tablet_21-20-34] Min Price Applied is  21200.0   Product Price is 35,999  Max Price Applied is 79100.0
21:20:49 [TestNG-test-Test-3] INFO  verifyingPriceSilderFunctionality_Tablet_21-20-34 - [verifyingPriceSilderFunctionality_Tablet_21-20-34] Price Check <= Max & >= Min  Product Price is ->34199.0
21:20:49 [TestNG-test-Test-3] INFO  verifyingPriceSilderFunctionality_Tablet_21-20-34 - [verifyingPriceSilderFunctionality_Tablet_21-20-34] Min Price Applied is  21200.0   Product Price is 34,199  Max Price Applied is 79100.0
21:20:49 [TestNG-test-Test-3] INFO  verifyingPriceSilderFunctionality_Tablet_21-20-34 - [verifyingPriceSilderFunctionality_Tablet_21-20-34] Price Check <= Max & >= Min  Product Price is ->35999.0
21:20:49 [TestNG-test-Test-3] INFO  verifyingPriceSilderFunctionality_Tablet_21-20-34 - [verifyingPriceSilderFunctionality_Tablet_21-20-34] Min Price Applied is  21200.0   Product Price is 35,999  Max Price Applied is 79100.0
21:20:49 [TestNG-test-Test-3] INFO  verifyingPriceSilderFunctionality_Tablet_21-20-34 - [verifyingPriceSilderFunctionality_Tablet_21-20-34] Price Check <= Max & >= Min  Product Price is ->33299.0
21:20:49 [TestNG-test-Test-3] INFO  verifyingPriceSilderFunctionality_Tablet_21-20-34 - [verifyingPriceSilderFunctionality_Tablet_21-20-34] Min Price Applied is  21200.0   Product Price is 33,299  Max Price Applied is 79100.0
21:20:49 [TestNG-test-Test-3] INFO  verifyingPriceSilderFunctionality_Tablet_21-20-34 - [verifyingPriceSilderFunctionality_Tablet_21-20-34] Price Check <= Max & >= Min  Product Price is ->25490.0
21:20:49 [TestNG-test-Test-3] INFO  verifyingPriceSilderFunctionality_Tablet_21-20-34 - [verifyingPriceSilderFunctionality_Tablet_21-20-34] Min Price Applied is  21200.0   Product Price is 25,490  Max Price Applied is 79100.0
21:20:49 [TestNG-test-Test-3] INFO  verifyingPriceSilderFunctionality_Tablet_21-20-34 - [verifyingPriceSilderFunctionality_Tablet_21-20-34] Price Check <= Max & >= Min  Product Price is ->49900.0
21:20:49 [TestNG-test-Test-3] INFO  verifyingPriceSilderFunctionality_Tablet_21-20-34 - [verifyingPriceSilderFunctionality_Tablet_21-20-34] Min Price Applied is  21200.0   Product Price is 49,900  Max Price Applied is 79100.0
21:20:49 [TestNG-test-Test-3] INFO  verifyingPriceSilderFunctionality_Tablet_21-20-34 - [verifyingPriceSilderFunctionality_Tablet_21-20-34] Price Check <= Max & >= Min  Product Price is ->28999.0
21:20:49 [TestNG-test-Test-3] INFO  verifyingPriceSilderFunctionality_Tablet_21-20-34 - [verifyingPriceSilderFunctionality_Tablet_21-20-34] Min Price Applied is  21200.0   Product Price is 28,999  Max Price Applied is 79100.0
21:20:49 [TestNG-test-Test-3] INFO  verifyingPriceSilderFunctionality_Tablet_21-20-34 - [verifyingPriceSilderFunctionality_Tablet_21-20-34] Price Check <= Max & >= Min  Product Price is ->28800.0
21:20:49 [TestNG-test-Test-3] INFO  verifyingPriceSilderFunctionality_Tablet_21-20-34 - [verifyingPriceSilderFunctionality_Tablet_21-20-34] Min Price Applied is  21200.0   Product Price is 28,800  Max Price Applied is 79100.0
21:20:49 [TestNG-test-Test-3] INFO  verifyingPriceSilderFunctionality_Tablet_21-20-34 - [verifyingPriceSilderFunctionality_Tablet_21-20-34] Price Check <= Max & >= Min  Product Price is ->21999.0
21:20:49 [TestNG-test-Test-3] INFO  verifyingPriceSilderFunctionality_Tablet_21-20-34 - [verifyingPriceSilderFunctionality_Tablet_21-20-34] Min Price Applied is  21200.0   Product Price is 21,999  Max Price Applied is 79100.0
21:20:49 [TestNG-test-Test-3] INFO  verifyingPriceSilderFunctionality_Tablet_21-20-34 - [verifyingPriceSilderFunctionality_Tablet_21-20-34] Price Check <= Max & >= Min  Product Price is ->42999.0
21:20:49 [TestNG-test-Test-3] INFO  verifyingPriceSilderFunctionality_Tablet_21-20-34 - [verifyingPriceSilderFunctionality_Tablet_21-20-34] Min Price Applied is  21200.0   Product Price is 42,999  Max Price Applied is 79100.0
21:20:49 [TestNG-test-Test-3] INFO  verifyingPriceSilderFunctionality_Tablet_21-20-34 - [verifyingPriceSilderFunctionality_Tablet_21-20-34] Price Check <= Max & >= Min  Product Price is ->41999.0
21:20:49 [TestNG-test-Test-3] INFO  verifyingPriceSilderFunctionality_Tablet_21-20-34 - [verifyingPriceSilderFunctionality_Tablet_21-20-34] Min Price Applied is  21200.0   Product Price is 41,999  Max Price Applied is 79100.0
21:20:49 [TestNG-test-Test-3] INFO  verifyingPriceSilderFunctionality_Tablet_21-20-34 - [verifyingPriceSilderFunctionality_Tablet_21-20-34] Adding the data 'min','max','isValid' ,'mismatches' to 'result' Map->121
21:20:49 [TestNG-test-Test-3] INFO  verifyingPriceSilderFunctionality_Tablet_21-20-34 - [verifyingPriceSilderFunctionality_Tablet_21-20-34] Adding the 'results'  Map to the master 'allResults' i.e is List of maps->121
21:20:49 [TestNG-test-Test-3] INFO  verifyingPriceSilderFunctionality_Tablet_21-20-34 - [verifyingPriceSilderFunctionality_Tablet_21-20-34] Within safeFindElement method
21:20:49 [TestNG-test-Test-3] INFO  verifyingPriceSilderFunctionality_Tablet_21-20-34 - [verifyingPriceSilderFunctionality_Tablet_21-20-34]Found the element returning it ,element ->[[ChromeDriver: chrome on windows (6fd6750d1f247d3ff4973aef1120d0ce)] -> id: p_36/range-slider_slider-item_lower-bound-slider]
21:20:49 [TestNG-test-Test-3] INFO  verifyingPriceSilderFunctionality_Tablet_21-20-34 - [verifyingPriceSilderFunctionality_Tablet_21-20-34] in the setSliderValue method with value 131
21:20:49 [TestNG-test-Test-3] INFO  verifyingPriceSilderFunctionality_Tablet_21-20-34 - [verifyingPriceSilderFunctionality_Tablet_21-20-34] Within safeFindElement method
21:20:49 [TestNG-test-Test-3] INFO  verifyingPriceSilderFunctionality_Tablet_21-20-34 - [verifyingPriceSilderFunctionality_Tablet_21-20-34]Found the element returning it ,element ->[[ChromeDriver: chrome on windows (6fd6750d1f247d3ff4973aef1120d0ce)] -> id: p_36/range-slider_slider-item_upper-bound-slider]
21:20:49 [TestNG-test-Test-3] INFO  verifyingPriceSilderFunctionality_Tablet_21-20-34 - [verifyingPriceSilderFunctionality_Tablet_21-20-34] in the setSliderValue method with value 161
21:20:49 [TestNG-test-Test-3] INFO  verifyingPriceSilderFunctionality_Tablet_21-20-34 - [verifyingPriceSilderFunctionality_Tablet_21-20-34] Within safeFindElement method
21:20:50 [TestNG-test-Test-3] INFO  verifyingPriceSilderFunctionality_Tablet_21-20-34 - [verifyingPriceSilderFunctionality_Tablet_21-20-34]Found the element returning it ,element ->[[ChromeDriver: chrome on windows (6fd6750d1f247d3ff4973aef1120d0ce)] -> xpath: //label[@for='p_36/range-slider_slider-item_upper-bound-slider']]
21:20:50 [TestNG-test-Test-3] INFO  verifyingPriceSilderFunctionality_Tablet_21-20-34 - [verifyingPriceSilderFunctionality_Tablet_21-20-34] Within safeFindElement method
21:20:50 [TestNG-test-Test-3] INFO  verifyingPriceSilderFunctionality_Tablet_21-20-34 - [verifyingPriceSilderFunctionality_Tablet_21-20-34]Found the element returning it ,element ->[[ChromeDriver: chrome on windows (6fd6750d1f247d3ff4973aef1120d0ce)] -> xpath: //label[@for='p_36/range-slider_slider-item_lower-bound-slider']]
21:20:50 [TestNG-test-Test-3] INFO  verifyingPriceSilderFunctionality_Tablet_21-20-34 - [verifyingPriceSilderFunctionality_Tablet_21-20-34] Within safeFindElements 
21:20:50 [TestNG-test-Test-3] INFO  verifyingPriceSilderFunctionality_Tablet_21-20-34 - [verifyingPriceSilderFunctionality_Tablet_21-20-34] Returning the  [[[ChromeDriver: chrome on windows (6fd6750d1f247d3ff4973aef1120d0ce)] -> xpath: //span[@class='a-price-whole']], [[ChromeDriver: chrome on windows (6fd6750d1f247d3ff4973aef1120d0ce)] -> xpath: //span[@class='a-price-whole']], [[ChromeDriver: chrome on windows (6fd6750d1f247d3ff4973aef1120d0ce)] -> xpath: //span[@class='a-price-whole']], [[ChromeDriver: chrome on windows (6fd6750d1f247d3ff4973aef1120d0ce)] -> xpath: //span[@class='a-price-whole']], [[ChromeDriver: chrome on windows (6fd6750d1f247d3ff4973aef1120d0ce)] -> xpath: //span[@class='a-price-whole']], [[ChromeDriver: chrome on windows (6fd6750d1f247d3ff4973aef1120d0ce)] -> xpath: //span[@class='a-price-whole']], [[ChromeDriver: chrome on windows (6fd6750d1f247d3ff4973aef1120d0ce)] -> xpath: //span[@class='a-price-whole']], [[ChromeDriver: chrome on windows (6fd6750d1f247d3ff4973aef1120d0ce)] -> xpath: //span[@class='a-price-whole']], [[ChromeDriver: chrome on windows (6fd6750d1f247d3ff4973aef1120d0ce)] -> xpath: //span[@class='a-price-whole']], [[ChromeDriver: chrome on windows (6fd6750d1f247d3ff4973aef1120d0ce)] -> xpath: //span[@class='a-price-whole']], [[ChromeDriver: chrome on windows (6fd6750d1f247d3ff4973aef1120d0ce)] -> xpath: //span[@class='a-price-whole']], [[ChromeDriver: chrome on windows (6fd6750d1f247d3ff4973aef1120d0ce)] -> xpath: //span[@class='a-price-whole']], [[ChromeDriver: chrome on windows (6fd6750d1f247d3ff4973aef1120d0ce)] -> xpath: //span[@class='a-price-whole']], [[ChromeDriver: chrome on windows (6fd6750d1f247d3ff4973aef1120d0ce)] -> xpath: //span[@class='a-price-whole']], [[ChromeDriver: chrome on windows (6fd6750d1f247d3ff4973aef1120d0ce)] -> xpath: //span[@class='a-price-whole']], [[ChromeDriver: chrome on windows (6fd6750d1f247d3ff4973aef1120d0ce)] -> xpath: //span[@class='a-price-whole']]] from the safeFindElements method
21:20:51 [TestNG-test-Test-3] INFO  verifyingPriceSilderFunctionality_Tablet_21-20-34 - [verifyingPriceSilderFunctionality_Tablet_21-20-34] Min Price Applied is  ₹63,900   Product Price is 72,999  Max Price Applied is ₹160,600
21:20:51 [TestNG-test-Test-3] INFO  verifyingPriceSilderFunctionality_Tablet_21-20-34 - [verifyingPriceSilderFunctionality_Tablet_21-20-34] Min Price Applied is  ₹63,900   Product Price is 79,999  Max Price Applied is ₹160,600
21:20:51 [TestNG-test-Test-3] INFO  verifyingPriceSilderFunctionality_Tablet_21-20-34 - [verifyingPriceSilderFunctionality_Tablet_21-20-34] Min Price Applied is  ₹63,900   Product Price is 69,999  Max Price Applied is ₹160,600
21:20:51 [TestNG-test-Test-3] INFO  verifyingPriceSilderFunctionality_Tablet_21-20-34 - [verifyingPriceSilderFunctionality_Tablet_21-20-34] Min Price Applied is  ₹63,900   Product Price is 72,999  Max Price Applied is ₹160,600
21:20:51 [TestNG-test-Test-3] INFO  verifyingPriceSilderFunctionality_Tablet_21-20-34 - [verifyingPriceSilderFunctionality_Tablet_21-20-34] Min Price Applied is  ₹63,900   Product Price is 67,999  Max Price Applied is ₹160,600
21:20:51 [TestNG-test-Test-3] INFO  verifyingPriceSilderFunctionality_Tablet_21-20-34 - [verifyingPriceSilderFunctionality_Tablet_21-20-34] Min Price Applied is  ₹63,900   Product Price is 72,999  Max Price Applied is ₹160,600
21:20:51 [TestNG-test-Test-3] INFO  verifyingPriceSilderFunctionality_Tablet_21-20-34 - [verifyingPriceSilderFunctionality_Tablet_21-20-34] Min Price Applied is  ₹63,900   Product Price is 69,999  Max Price Applied is ₹160,600
21:20:51 [TestNG-test-Test-3] INFO  verifyingPriceSilderFunctionality_Tablet_21-20-34 - [verifyingPriceSilderFunctionality_Tablet_21-20-34] Min Price Applied is  ₹63,900   Product Price is 79,999  Max Price Applied is ₹160,600
21:20:51 [TestNG-test-Test-3] INFO  verifyingPriceSilderFunctionality_Tablet_21-20-34 - [verifyingPriceSilderFunctionality_Tablet_21-20-34] Min Price Applied is  ₹63,900   Product Price is 69,900  Max Price Applied is ₹160,600
21:20:51 [TestNG-test-Test-3] INFO  verifyingPriceSilderFunctionality_Tablet_21-20-34 - [verifyingPriceSilderFunctionality_Tablet_21-20-34] Min Price Applied is  ₹63,900   Product Price is 79,990  Max Price Applied is ₹160,600
21:20:51 [TestNG-test-Test-3] INFO  verifyingPriceSilderFunctionality_Tablet_21-20-34 - [verifyingPriceSilderFunctionality_Tablet_21-20-34] Min Price Applied is  ₹63,900   Product Price is 66,000  Max Price Applied is ₹160,600
21:20:51 [TestNG-test-Test-3] INFO  verifyingPriceSilderFunctionality_Tablet_21-20-34 - [verifyingPriceSilderFunctionality_Tablet_21-20-34] Min Price Applied is  ₹63,900   Product Price is 64,999  Max Price Applied is ₹160,600
21:20:51 [TestNG-test-Test-3] INFO  verifyingPriceSilderFunctionality_Tablet_21-20-34 - [verifyingPriceSilderFunctionality_Tablet_21-20-34] Min Price Applied is  ₹63,900   Product Price is 75,850  Max Price Applied is ₹160,600
21:20:51 [TestNG-test-Test-3] INFO  verifyingPriceSilderFunctionality_Tablet_21-20-34 - [verifyingPriceSilderFunctionality_Tablet_21-20-34] Min Price Applied is  ₹63,900   Product Price is 67,599  Max Price Applied is ₹160,600
21:20:51 [TestNG-test-Test-3] INFO  verifyingPriceSilderFunctionality_Tablet_21-20-34 - [verifyingPriceSilderFunctionality_Tablet_21-20-34] Min Price Applied is  ₹63,900   Product Price is 1,36,900  Max Price Applied is ₹160,600
21:20:51 [TestNG-test-Test-3] INFO  verifyingPriceSilderFunctionality_Tablet_21-20-34 - [verifyingPriceSilderFunctionality_Tablet_21-20-34] Min Price Applied is  ₹63,900   Product Price is 70,473  Max Price Applied is ₹160,600
21:20:51 [TestNG-test-Test-3] INFO  verifyingPriceSilderFunctionality_Tablet_21-20-34 - [verifyingPriceSilderFunctionality_Tablet_21-20-34] Within smoothScrollToElement method
21:20:51 [TestNG-test-Test-3] INFO  verifyingPriceSilderFunctionality_Tablet_21-20-34 - [verifyingPriceSilderFunctionality_Tablet_21-20-34] Within safeFindElement method
21:20:51 [TestNG-test-Test-3] INFO  verifyingPriceSilderFunctionality_Tablet_21-20-34 - [verifyingPriceSilderFunctionality_Tablet_21-20-34]Found the element returning it ,element ->[[ChromeDriver: chrome on windows (6fd6750d1f247d3ff4973aef1120d0ce)] -> id: p_36/range-slider_slider-item_lower-bound-slider]
21:20:51 [TestNG-test-Test-3] INFO  verifyingPriceSilderFunctionality_Tablet_21-20-34 - [verifyingPriceSilderFunctionality_Tablet_21-20-34] Successfully scrolled to element: By.id: p_36/range-slider_slider-item_lower-bound-slider
21:20:51 [TestNG-test-Test-3] INFO  verifyingPriceSilderFunctionality_Tablet_21-20-34 - [verifyingPriceSilderFunctionality_Tablet_21-20-34] Price Check <= Max & >= Min  Product Price is ->72999.0
21:20:51 [TestNG-test-Test-3] INFO  verifyingPriceSilderFunctionality_Tablet_21-20-34 - [verifyingPriceSilderFunctionality_Tablet_21-20-34] Min Price Applied is  63900.0   Product Price is 72,999  Max Price Applied is 160600.0
21:20:51 [TestNG-test-Test-3] INFO  verifyingPriceSilderFunctionality_Tablet_21-20-34 - [verifyingPriceSilderFunctionality_Tablet_21-20-34] Price Check <= Max & >= Min  Product Price is ->79999.0
21:20:51 [TestNG-test-Test-3] INFO  verifyingPriceSilderFunctionality_Tablet_21-20-34 - [verifyingPriceSilderFunctionality_Tablet_21-20-34] Min Price Applied is  63900.0   Product Price is 79,999  Max Price Applied is 160600.0
21:20:51 [TestNG-test-Test-3] INFO  verifyingPriceSilderFunctionality_Tablet_21-20-34 - [verifyingPriceSilderFunctionality_Tablet_21-20-34] Price Check <= Max & >= Min  Product Price is ->69999.0
21:20:51 [TestNG-test-Test-3] INFO  verifyingPriceSilderFunctionality_Tablet_21-20-34 - [verifyingPriceSilderFunctionality_Tablet_21-20-34] Min Price Applied is  63900.0   Product Price is 69,999  Max Price Applied is 160600.0
21:20:51 [TestNG-test-Test-3] INFO  verifyingPriceSilderFunctionality_Tablet_21-20-34 - [verifyingPriceSilderFunctionality_Tablet_21-20-34] Price Check <= Max & >= Min  Product Price is ->72999.0
21:20:51 [TestNG-test-Test-3] INFO  verifyingPriceSilderFunctionality_Tablet_21-20-34 - [verifyingPriceSilderFunctionality_Tablet_21-20-34] Min Price Applied is  63900.0   Product Price is 72,999  Max Price Applied is 160600.0
21:20:51 [TestNG-test-Test-3] INFO  verifyingPriceSilderFunctionality_Tablet_21-20-34 - [verifyingPriceSilderFunctionality_Tablet_21-20-34] Price Check <= Max & >= Min  Product Price is ->67999.0
21:20:51 [TestNG-test-Test-3] INFO  verifyingPriceSilderFunctionality_Tablet_21-20-34 - [verifyingPriceSilderFunctionality_Tablet_21-20-34] Min Price Applied is  63900.0   Product Price is 67,999  Max Price Applied is 160600.0
21:20:51 [TestNG-test-Test-3] INFO  verifyingPriceSilderFunctionality_Tablet_21-20-34 - [verifyingPriceSilderFunctionality_Tablet_21-20-34] Price Check <= Max & >= Min  Product Price is ->72999.0
21:20:51 [TestNG-test-Test-3] INFO  verifyingPriceSilderFunctionality_Tablet_21-20-34 - [verifyingPriceSilderFunctionality_Tablet_21-20-34] Min Price Applied is  63900.0   Product Price is 72,999  Max Price Applied is 160600.0
21:20:51 [TestNG-test-Test-3] INFO  verifyingPriceSilderFunctionality_Tablet_21-20-34 - [verifyingPriceSilderFunctionality_Tablet_21-20-34] Price Check <= Max & >= Min  Product Price is ->69999.0
21:20:51 [TestNG-test-Test-3] INFO  verifyingPriceSilderFunctionality_Tablet_21-20-34 - [verifyingPriceSilderFunctionality_Tablet_21-20-34] Min Price Applied is  63900.0   Product Price is 69,999  Max Price Applied is 160600.0
21:20:51 [TestNG-test-Test-3] INFO  verifyingPriceSilderFunctionality_Tablet_21-20-34 - [verifyingPriceSilderFunctionality_Tablet_21-20-34] Price Check <= Max & >= Min  Product Price is ->79999.0
21:20:51 [TestNG-test-Test-3] INFO  verifyingPriceSilderFunctionality_Tablet_21-20-34 - [verifyingPriceSilderFunctionality_Tablet_21-20-34] Min Price Applied is  63900.0   Product Price is 79,999  Max Price Applied is 160600.0
21:20:51 [TestNG-test-Test-3] INFO  verifyingPriceSilderFunctionality_Tablet_21-20-34 - [verifyingPriceSilderFunctionality_Tablet_21-20-34] Price Check <= Max & >= Min  Product Price is ->69900.0
21:20:51 [TestNG-test-Test-3] INFO  verifyingPriceSilderFunctionality_Tablet_21-20-34 - [verifyingPriceSilderFunctionality_Tablet_21-20-34] Min Price Applied is  63900.0   Product Price is 69,900  Max Price Applied is 160600.0
21:20:51 [TestNG-test-Test-3] INFO  verifyingPriceSilderFunctionality_Tablet_21-20-34 - [verifyingPriceSilderFunctionality_Tablet_21-20-34] Price Check <= Max & >= Min  Product Price is ->79990.0
21:20:51 [TestNG-test-Test-3] INFO  verifyingPriceSilderFunctionality_Tablet_21-20-34 - [verifyingPriceSilderFunctionality_Tablet_21-20-34] Min Price Applied is  63900.0   Product Price is 79,990  Max Price Applied is 160600.0
21:20:51 [TestNG-test-Test-3] INFO  verifyingPriceSilderFunctionality_Tablet_21-20-34 - [verifyingPriceSilderFunctionality_Tablet_21-20-34] Price Check <= Max & >= Min  Product Price is ->66000.0
21:20:51 [TestNG-test-Test-3] INFO  verifyingPriceSilderFunctionality_Tablet_21-20-34 - [verifyingPriceSilderFunctionality_Tablet_21-20-34] Min Price Applied is  63900.0   Product Price is 66,000  Max Price Applied is 160600.0
21:20:51 [TestNG-test-Test-3] INFO  verifyingPriceSilderFunctionality_Tablet_21-20-34 - [verifyingPriceSilderFunctionality_Tablet_21-20-34] Price Check <= Max & >= Min  Product Price is ->64999.0
21:20:51 [TestNG-test-Test-3] INFO  verifyingPriceSilderFunctionality_Tablet_21-20-34 - [verifyingPriceSilderFunctionality_Tablet_21-20-34] Min Price Applied is  63900.0   Product Price is 64,999  Max Price Applied is 160600.0
21:20:51 [TestNG-test-Test-3] INFO  verifyingPriceSilderFunctionality_Tablet_21-20-34 - [verifyingPriceSilderFunctionality_Tablet_21-20-34] Price Check <= Max & >= Min  Product Price is ->75850.0
21:20:51 [TestNG-test-Test-3] INFO  verifyingPriceSilderFunctionality_Tablet_21-20-34 - [verifyingPriceSilderFunctionality_Tablet_21-20-34] Min Price Applied is  63900.0   Product Price is 75,850  Max Price Applied is 160600.0
21:20:51 [TestNG-test-Test-3] INFO  verifyingPriceSilderFunctionality_Tablet_21-20-34 - [verifyingPriceSilderFunctionality_Tablet_21-20-34] Price Check <= Max & >= Min  Product Price is ->67599.0
21:20:51 [TestNG-test-Test-3] INFO  verifyingPriceSilderFunctionality_Tablet_21-20-34 - [verifyingPriceSilderFunctionality_Tablet_21-20-34] Min Price Applied is  63900.0   Product Price is 67,599  Max Price Applied is 160600.0
21:20:51 [TestNG-test-Test-3] INFO  verifyingPriceSilderFunctionality_Tablet_21-20-34 - [verifyingPriceSilderFunctionality_Tablet_21-20-34] Price Check <= Max & >= Min  Product Price is ->136900.0
21:20:51 [TestNG-test-Test-3] INFO  verifyingPriceSilderFunctionality_Tablet_21-20-34 - [verifyingPriceSilderFunctionality_Tablet_21-20-34] Min Price Applied is  63900.0   Product Price is 1,36,900  Max Price Applied is 160600.0
21:20:51 [TestNG-test-Test-3] INFO  verifyingPriceSilderFunctionality_Tablet_21-20-34 - [verifyingPriceSilderFunctionality_Tablet_21-20-34] Price Check <= Max & >= Min  Product Price is ->70473.0
21:20:51 [TestNG-test-Test-3] INFO  verifyingPriceSilderFunctionality_Tablet_21-20-34 - [verifyingPriceSilderFunctionality_Tablet_21-20-34] Min Price Applied is  63900.0   Product Price is 70,473  Max Price Applied is 160600.0
21:20:51 [TestNG-test-Test-3] INFO  verifyingPriceSilderFunctionality_Tablet_21-20-34 - [verifyingPriceSilderFunctionality_Tablet_21-20-34] Adding the data 'min','max','isValid' ,'mismatches' to 'result' Map->161
21:20:51 [TestNG-test-Test-3] INFO  verifyingPriceSilderFunctionality_Tablet_21-20-34 - [verifyingPriceSilderFunctionality_Tablet_21-20-34] Adding the 'results'  Map to the master 'allResults' i.e is List of maps->161
21:20:51 [TestNG-test-Test-3] INFO  verifyingPriceSilderFunctionality_Tablet_21-20-34 - [verifyingPriceSilderFunctionality_Tablet_21-20-34] Returning the data here in the end
21:20:51 [TestNG-test-Test-3] INFO  verifyingPriceSilderFunctionality_Tablet_21-20-34 - [verifyingPriceSilderFunctionality_Tablet_21-20-34]  Price range validated successfully: 61 - 81
21:20:51 [TestNG-test-Test-3] INFO  verifyingPriceSilderFunctionality_Tablet_21-20-34 - [verifyingPriceSilderFunctionality_Tablet_21-20-34] ------------------------------------------------------------
21:20:51 [TestNG-test-Test-3] INFO  verifyingPriceSilderFunctionality_Tablet_21-20-34 - [verifyingPriceSilderFunctionality_Tablet_21-20-34]  Price range validated successfully: 91 - 121
21:20:51 [TestNG-test-Test-3] INFO  verifyingPriceSilderFunctionality_Tablet_21-20-34 - [verifyingPriceSilderFunctionality_Tablet_21-20-34] ------------------------------------------------------------
21:20:51 [TestNG-test-Test-3] INFO  verifyingPriceSilderFunctionality_Tablet_21-20-34 - [verifyingPriceSilderFunctionality_Tablet_21-20-34]  Price range validated successfully: 131 - 161
21:20:51 [TestNG-test-Test-3] INFO  verifyingPriceSilderFunctionality_Tablet_21-20-34 - [verifyingPriceSilderFunctionality_Tablet_21-20-34] ------------------------------------------------------------
21:20:51 [TestNG-test-Test-3] INFO  verifyingPriceSilderFunctionality_Tablet_21-20-34 - [verifyingPriceSilderFunctionality_Tablet_21-20-34]  Asserting all soft assertions now...
