19:32:10 [TestNG-test-Test-3] INFO  verifyingGetItByTodayFilterFunctionality_Mobile_19-32-10 - No existing WebDriver found for current thread. Initializing a new ChromeDriver...
19:32:10 [TestNG-test-Test-3] INFO  verifyingGetItByTodayFilterFunctionality_Mobile_19-32-10 - WebDriverManager: chromedriver setup OK
19:32:11 [TestNG-test-Test-3] INFO  verifyingGetItByTodayFilterFunctionality_Mobile_19-32-10 - ChromeDriver initialized successfully for thread: 36
19:32:11 [TestNG-test-Test-3] INFO  verifyingGetItByTodayFilterFunctionality_Mobile_19-32-10 - [verifyingGetItByTodayFilterFunctionality_Mobile_19-32-10] Opening amazon Landing page
19:32:12 [TestNG-test-Test-3] INFO  verifyingGetItByTodayFilterFunctionality_Mobile_19-32-10 - [verifyingGetItByTodayFilterFunctionality_Mobile_19-32-10] Within safeFindElement method
19:32:22 [TestNG-test-Test-3] INFO  verifyingGetItByTodayFilterFunctionality_Mobile_19-32-10 - [verifyingGetItByTodayFilterFunctionality_Mobile_19-32-10]Retrying findElement for: ->By.xpath: //a[@id='nav-logo-sprites']
19:32:25 [TestNG-test-Test-3] INFO  verifyingGetItByTodayFilterFunctionality_Mobile_19-32-10 - [verifyingGetItByTodayFilterFunctionality_Mobile_19-32-10]Refrehsing the page , while trying to safely find : ->By.xpath: //a[@id='nav-logo-sprites']
19:32:30 [TestNG-test-Test-3] INFO  verifyingGetItByTodayFilterFunctionality_Mobile_19-32-10 - [verifyingGetItByTodayFilterFunctionality_Mobile_19-32-10]Retrying findElement for: ->By.xpath: //a[@id='nav-logo-sprites']
19:32:30 [TestNG-test-Test-3] INFO  verifyingGetItByTodayFilterFunctionality_Mobile_19-32-10 - [verifyingGetItByTodayFilterFunctionality_Mobile_19-32-10]Refrehsing the page , while trying to safely find : ->By.xpath: //a[@id='nav-logo-sprites']
19:32:30 [TestNG-test-Test-3] INFO  verifyingGetItByTodayFilterFunctionality_Mobile_19-32-10 - [verifyingGetItByTodayFilterFunctionality_Mobile_19-32-10] Skipping action: Element not found after 2   attemps
19:32:35 [TestNG-test-Test-3] INFO  verifyingGetItByTodayFilterFunctionality_Mobile_19-32-10 - [verifyingGetItByTodayFilterFunctionality_Mobile_19-32-10] Giving input within the search bar
19:32:35 [TestNG-test-Test-3] INFO  verifyingGetItByTodayFilterFunctionality_Mobile_19-32-10 - [verifyingGetItByTodayFilterFunctionality_Mobile_19-32-10] Within safeClick method
19:32:38 [TestNG-test-Test-3] INFO  verifyingGetItByTodayFilterFunctionality_Mobile_19-32-10 - [verifyingGetItByTodayFilterFunctionality_Mobile_19-32-10] Clicked the  [[ChromeDriver: chrome on windows (1da93dd78036ce5b944b8cb89f569db0)] -> xpath: //input[@id='nav-search-submit-button']]   using safeClick
19:32:38 [TestNG-test-Test-3] INFO  verifyingGetItByTodayFilterFunctionality_Mobile_19-32-10 - [verifyingGetItByTodayFilterFunctionality_Mobile_19-32-10] Clicking on the submit in the search bar
19:32:39 [TestNG-test-Test-3] INFO  verifyingGetItByTodayFilterFunctionality_Mobile_19-32-10 - [verifyingGetItByTodayFilterFunctionality_Mobile_19-32-10] Waiting until element is visible in viewport
19:32:39 [TestNG-test-Test-3] INFO  verifyingGetItByTodayFilterFunctionality_Mobile_19-32-10 - [verifyingGetItByTodayFilterFunctionality_Mobile_19-32-10] Within validateDeliveryFilterOptionsWithResult method
19:32:39 [TestNG-test-Test-3] INFO  verifyingGetItByTodayFilterFunctionality_Mobile_19-32-10 - [verifyingGetItByTodayFilterFunctionality_Mobile_19-32-10] Within safeClick method
19:32:40 [TestNG-test-Test-3] INFO  verifyingGetItByTodayFilterFunctionality_Mobile_19-32-10 - [verifyingGetItByTodayFilterFunctionality_Mobile_19-32-10] Clicked the  [[ChromeDriver: chrome on windows (1da93dd78036ce5b944b8cb89f569db0)] -> xpath: //span[@class='a-size-base a-color-base puis-bold-weight-text' and text()='Delivery Day']/parent::div/following-sibling::ul//span[@class='a-size-base a-color-base' and text()='Get It Today']]   using safeClick
19:32:40 [TestNG-test-Test-3] INFO  verifyingGetItByTodayFilterFunctionality_Mobile_19-32-10 - [verifyingGetItByTodayFilterFunctionality_Mobile_19-32-10] Within getMoreButtonByFilterTypeAndName method
19:32:40 [TestNG-test-Test-3] INFO  verifyingGetItByTodayFilterFunctionality_Mobile_19-32-10 - [verifyingGetItByTodayFilterFunctionality_Mobile_19-32-10] Clicked on By.xpath: //span[@class='a-size-base a-color-base puis-bold-weight-text' and text()='Delivery Day']/parent::div/following-sibling::ul//span[@class='a-size-base a-color-base' and text()='Get It Today']
19:32:40 [TestNG-test-Test-3] INFO  verifyingGetItByTodayFilterFunctionality_Mobile_19-32-10 - [verifyingGetItByTodayFilterFunctionality_Mobile_19-32-10] Within safeFindElements 
19:32:41 [TestNG-test-Test-3] INFO  verifyingGetItByTodayFilterFunctionality_Mobile_19-32-10 - [verifyingGetItByTodayFilterFunctionality_Mobile_19-32-10] Returning the  [[[ChromeDriver: chrome on windows (1da93dd78036ce5b944b8cb89f569db0)] -> xpath: //div[@class='a-section a-spacing-small a-spacing-top-small']], [[ChromeDriver: chrome on windows (1da93dd78036ce5b944b8cb89f569db0)] -> xpath: //div[@class='a-section a-spacing-small a-spacing-top-small']], [[ChromeDriver: chrome on windows (1da93dd78036ce5b944b8cb89f569db0)] -> xpath: //div[@class='a-section a-spacing-small a-spacing-top-small']], [[ChromeDriver: chrome on windows (1da93dd78036ce5b944b8cb89f569db0)] -> xpath: //div[@class='a-section a-spacing-small a-spacing-top-small']], [[ChromeDriver: chrome on windows (1da93dd78036ce5b944b8cb89f569db0)] -> xpath: //div[@class='a-section a-spacing-small a-spacing-top-small']], [[ChromeDriver: chrome on windows (1da93dd78036ce5b944b8cb89f569db0)] -> xpath: //div[@class='a-section a-spacing-small a-spacing-top-small']], [[ChromeDriver: chrome on windows (1da93dd78036ce5b944b8cb89f569db0)] -> xpath: //div[@class='a-section a-spacing-small a-spacing-top-small']], [[ChromeDriver: chrome on windows (1da93dd78036ce5b944b8cb89f569db0)] -> xpath: //div[@class='a-section a-spacing-small a-spacing-top-small']], [[ChromeDriver: chrome on windows (1da93dd78036ce5b944b8cb89f569db0)] -> xpath: //div[@class='a-section a-spacing-small a-spacing-top-small']], [[ChromeDriver: chrome on windows (1da93dd78036ce5b944b8cb89f569db0)] -> xpath: //div[@class='a-section a-spacing-small a-spacing-top-small']], [[ChromeDriver: chrome on windows (1da93dd78036ce5b944b8cb89f569db0)] -> xpath: //div[@class='a-section a-spacing-small a-spacing-top-small']], [[ChromeDriver: chrome on windows (1da93dd78036ce5b944b8cb89f569db0)] -> xpath: //div[@class='a-section a-spacing-small a-spacing-top-small']], [[ChromeDriver: chrome on windows (1da93dd78036ce5b944b8cb89f569db0)] -> xpath: //div[@class='a-section a-spacing-small a-spacing-top-small']], [[ChromeDriver: chrome on windows (1da93dd78036ce5b944b8cb89f569db0)] -> xpath: //div[@class='a-section a-spacing-small a-spacing-top-small']], [[ChromeDriver: chrome on windows (1da93dd78036ce5b944b8cb89f569db0)] -> xpath: //div[@class='a-section a-spacing-small a-spacing-top-small']], [[ChromeDriver: chrome on windows (1da93dd78036ce5b944b8cb89f569db0)] -> xpath: //div[@class='a-section a-spacing-small a-spacing-top-small']]] from the safeFindElements method
19:32:41 [TestNG-test-Test-3] INFO  verifyingGetItByTodayFilterFunctionality_Mobile_19-32-10 - [verifyingGetItByTodayFilterFunctionality_Mobile_19-32-10] Created hashset with required data to assert with Within validateDeliveryFilterOptions method
19:32:41 [TestNG-test-Test-3] INFO  verifyingGetItByTodayFilterFunctionality_Mobile_19-32-10 - [verifyingGetItByTodayFilterFunctionality_Mobile_19-32-10] this is the set  [22, Jul, Thu, 23, Today, FREE delivery, Wed, Tomorrow]
19:32:41 [TestNG-test-Test-3] INFO  verifyingGetItByTodayFilterFunctionality_Mobile_19-32-10 - [verifyingGetItByTodayFilterFunctionality_Mobile_19-32-10] Within deliveryElements loop iterating over the products  Within validateDeliveryFilterOptions method
19:32:41 [TestNG-test-Test-3] INFO  verifyingGetItByTodayFilterFunctionality_Mobile_19-32-10 - [verifyingGetItByTodayFilterFunctionality_Mobile_19-32-10] Checking if the allowedDateParts have the assert text   Within validateDeliveryFilterOptions method
19:32:41 [TestNG-test-Test-3] INFO  verifyingGetItByTodayFilterFunctionality_Mobile_19-32-10 - [verifyingGetItByTodayFilterFunctionality_Mobile_19-32-10] Within deliveryElements loop iterating over the products  Within validateDeliveryFilterOptions method
19:32:41 [TestNG-test-Test-3] INFO  verifyingGetItByTodayFilterFunctionality_Mobile_19-32-10 - [verifyingGetItByTodayFilterFunctionality_Mobile_19-32-10] Checking if the allowedDateParts have the assert text   Within validateDeliveryFilterOptions method
19:32:41 [TestNG-test-Test-3] INFO  verifyingGetItByTodayFilterFunctionality_Mobile_19-32-10 - [verifyingGetItByTodayFilterFunctionality_Mobile_19-32-10] Within deliveryElements loop iterating over the products  Within validateDeliveryFilterOptions method
19:32:41 [TestNG-test-Test-3] INFO  verifyingGetItByTodayFilterFunctionality_Mobile_19-32-10 - [verifyingGetItByTodayFilterFunctionality_Mobile_19-32-10] Checking if the allowedDateParts have the assert text   Within validateDeliveryFilterOptions method
19:32:41 [TestNG-test-Test-3] INFO  verifyingGetItByTodayFilterFunctionality_Mobile_19-32-10 - [verifyingGetItByTodayFilterFunctionality_Mobile_19-32-10] Within deliveryElements loop iterating over the products  Within validateDeliveryFilterOptions method
19:32:41 [TestNG-test-Test-3] INFO  verifyingGetItByTodayFilterFunctionality_Mobile_19-32-10 - [verifyingGetItByTodayFilterFunctionality_Mobile_19-32-10] Checking if the allowedDateParts have the assert text   Within validateDeliveryFilterOptions method
19:32:41 [TestNG-test-Test-3] INFO  verifyingGetItByTodayFilterFunctionality_Mobile_19-32-10 - [verifyingGetItByTodayFilterFunctionality_Mobile_19-32-10] Within deliveryElements loop iterating over the products  Within validateDeliveryFilterOptions method
19:32:41 [TestNG-test-Test-3] INFO  verifyingGetItByTodayFilterFunctionality_Mobile_19-32-10 - [verifyingGetItByTodayFilterFunctionality_Mobile_19-32-10] Checking if the allowedDateParts have the assert text   Within validateDeliveryFilterOptions method
19:32:41 [TestNG-test-Test-3] INFO  verifyingGetItByTodayFilterFunctionality_Mobile_19-32-10 - [verifyingGetItByTodayFilterFunctionality_Mobile_19-32-10] Within deliveryElements loop iterating over the products  Within validateDeliveryFilterOptions method
19:32:41 [TestNG-test-Test-3] INFO  verifyingGetItByTodayFilterFunctionality_Mobile_19-32-10 - [verifyingGetItByTodayFilterFunctionality_Mobile_19-32-10] Checking if the allowedDateParts have the assert text   Within validateDeliveryFilterOptions method
19:32:41 [TestNG-test-Test-3] INFO  verifyingGetItByTodayFilterFunctionality_Mobile_19-32-10 - [verifyingGetItByTodayFilterFunctionality_Mobile_19-32-10] Within deliveryElements loop iterating over the products  Within validateDeliveryFilterOptions method
19:32:42 [TestNG-test-Test-3] INFO  verifyingGetItByTodayFilterFunctionality_Mobile_19-32-10 - [verifyingGetItByTodayFilterFunctionality_Mobile_19-32-10] Checking if the allowedDateParts have the assert text   Within validateDeliveryFilterOptions method
19:32:42 [TestNG-test-Test-3] INFO  verifyingGetItByTodayFilterFunctionality_Mobile_19-32-10 - [verifyingGetItByTodayFilterFunctionality_Mobile_19-32-10] Within deliveryElements loop iterating over the products  Within validateDeliveryFilterOptions method
19:32:42 [TestNG-test-Test-3] INFO  verifyingGetItByTodayFilterFunctionality_Mobile_19-32-10 - [verifyingGetItByTodayFilterFunctionality_Mobile_19-32-10] Checking if the allowedDateParts have the assert text   Within validateDeliveryFilterOptions method
19:32:42 [TestNG-test-Test-3] INFO  verifyingGetItByTodayFilterFunctionality_Mobile_19-32-10 - [verifyingGetItByTodayFilterFunctionality_Mobile_19-32-10] Within deliveryElements loop iterating over the products  Within validateDeliveryFilterOptions method
19:32:42 [TestNG-test-Test-3] INFO  verifyingGetItByTodayFilterFunctionality_Mobile_19-32-10 - [verifyingGetItByTodayFilterFunctionality_Mobile_19-32-10] Checking if the allowedDateParts have the assert text   Within validateDeliveryFilterOptions method
19:32:42 [TestNG-test-Test-3] INFO  verifyingGetItByTodayFilterFunctionality_Mobile_19-32-10 - [verifyingGetItByTodayFilterFunctionality_Mobile_19-32-10] Within deliveryElements loop iterating over the products  Within validateDeliveryFilterOptions method
19:32:42 [TestNG-test-Test-3] INFO  verifyingGetItByTodayFilterFunctionality_Mobile_19-32-10 - [verifyingGetItByTodayFilterFunctionality_Mobile_19-32-10] Checking if the allowedDateParts have the assert text   Within validateDeliveryFilterOptions method
19:32:42 [TestNG-test-Test-3] INFO  verifyingGetItByTodayFilterFunctionality_Mobile_19-32-10 - [verifyingGetItByTodayFilterFunctionality_Mobile_19-32-10] Within deliveryElements loop iterating over the products  Within validateDeliveryFilterOptions method
19:32:42 [TestNG-test-Test-3] INFO  verifyingGetItByTodayFilterFunctionality_Mobile_19-32-10 - [verifyingGetItByTodayFilterFunctionality_Mobile_19-32-10] Checking if the allowedDateParts have the assert text   Within validateDeliveryFilterOptions method
19:32:42 [TestNG-test-Test-3] INFO  verifyingGetItByTodayFilterFunctionality_Mobile_19-32-10 - [verifyingGetItByTodayFilterFunctionality_Mobile_19-32-10] Within deliveryElements loop iterating over the products  Within validateDeliveryFilterOptions method
19:32:42 [TestNG-test-Test-3] INFO  verifyingGetItByTodayFilterFunctionality_Mobile_19-32-10 - [verifyingGetItByTodayFilterFunctionality_Mobile_19-32-10] Checking if the allowedDateParts have the assert text   Within validateDeliveryFilterOptions method
19:32:42 [TestNG-test-Test-3] INFO  verifyingGetItByTodayFilterFunctionality_Mobile_19-32-10 - [verifyingGetItByTodayFilterFunctionality_Mobile_19-32-10] Within deliveryElements loop iterating over the products  Within validateDeliveryFilterOptions method
19:32:42 [TestNG-test-Test-3] INFO  verifyingGetItByTodayFilterFunctionality_Mobile_19-32-10 - [verifyingGetItByTodayFilterFunctionality_Mobile_19-32-10] Checking if the allowedDateParts have the assert text   Within validateDeliveryFilterOptions method
19:32:42 [TestNG-test-Test-3] INFO  verifyingGetItByTodayFilterFunctionality_Mobile_19-32-10 - [verifyingGetItByTodayFilterFunctionality_Mobile_19-32-10] Within deliveryElements loop iterating over the products  Within validateDeliveryFilterOptions method
19:32:42 [TestNG-test-Test-3] INFO  verifyingGetItByTodayFilterFunctionality_Mobile_19-32-10 - [verifyingGetItByTodayFilterFunctionality_Mobile_19-32-10] Checking if the allowedDateParts have the assert text   Within validateDeliveryFilterOptions method
19:32:42 [TestNG-test-Test-3] INFO  verifyingGetItByTodayFilterFunctionality_Mobile_19-32-10 - [verifyingGetItByTodayFilterFunctionality_Mobile_19-32-10] Within deliveryElements loop iterating over the products  Within validateDeliveryFilterOptions method
19:32:42 [TestNG-test-Test-3] INFO  verifyingGetItByTodayFilterFunctionality_Mobile_19-32-10 - [verifyingGetItByTodayFilterFunctionality_Mobile_19-32-10] Checking if the allowedDateParts have the assert text   Within validateDeliveryFilterOptions method
19:32:42 [TestNG-test-Test-3] INFO  verifyingGetItByTodayFilterFunctionality_Mobile_19-32-10 - [verifyingGetItByTodayFilterFunctionality_Mobile_19-32-10] Within deliveryElements loop iterating over the products  Within validateDeliveryFilterOptions method
19:32:42 [TestNG-test-Test-3] INFO  verifyingGetItByTodayFilterFunctionality_Mobile_19-32-10 - [verifyingGetItByTodayFilterFunctionality_Mobile_19-32-10] Checking if the allowedDateParts have the assert text   Within validateDeliveryFilterOptions method
19:32:42 [TestNG-test-Test-3] INFO  verifyingGetItByTodayFilterFunctionality_Mobile_19-32-10 - [verifyingGetItByTodayFilterFunctionality_Mobile_19-32-10] Returning the list with boolean values   Within validateDeliveryFilterOptions method
19:32:42 [TestNG-test-Test-3] INFO  verifyingGetItByTodayFilterFunctionality_Mobile_19-32-10 - [verifyingGetItByTodayFilterFunctionality_Mobile_19-32-10] Asserting delivery filter: isValid=true, index=-1, text=All the things are valid no errors
