19:39:36 [TestNG-test-Test-3] INFO  verifyingFreeDeliveryFilterFunctionality_Tablet_19-39-36 - No existing WebDriver found for current thread. Initializing a new ChromeDriver...
19:39:36 [TestNG-test-Test-3] INFO  verifyingFreeDeliveryFilterFunctionality_Tablet_19-39-36 - WebDriverManager: chromedriver setup OK
19:39:37 [TestNG-test-Test-3] INFO  verifyingFreeDeliveryFilterFunctionality_Tablet_19-39-36 - ChromeDriver initialized successfully for thread: 36
19:39:38 [TestNG-test-Test-3] INFO  verifyingFreeDeliveryFilterFunctionality_Tablet_19-39-36 - [verifyingFreeDeliveryFilterFunctionality_Tablet_19-39-36] Opening amazon Landing page
19:39:38 [TestNG-test-Test-3] INFO  verifyingFreeDeliveryFilterFunctionality_Tablet_19-39-36 - [verifyingFreeDeliveryFilterFunctionality_Tablet_19-39-36] Within safeFindElement method
19:39:41 [TestNG-test-Test-3] INFO  verifyingFreeDeliveryFilterFunctionality_Tablet_19-39-36 - [verifyingFreeDeliveryFilterFunctionality_Tablet_19-39-36]Found the element returning it ,element ->[[ChromeDriver: chrome on windows (cb5a9184b432b3903618754081047ace)] -> xpath: //a[@id='nav-logo-sprites']]
19:39:41 [TestNG-test-Test-3] INFO  verifyingFreeDeliveryFilterFunctionality_Tablet_19-39-36 - [verifyingFreeDeliveryFilterFunctionality_Tablet_19-39-36] Giving input within the search bar
19:39:41 [TestNG-test-Test-3] INFO  verifyingFreeDeliveryFilterFunctionality_Tablet_19-39-36 - [verifyingFreeDeliveryFilterFunctionality_Tablet_19-39-36] Within safeClick method
19:39:44 [TestNG-test-Test-3] INFO  verifyingFreeDeliveryFilterFunctionality_Tablet_19-39-36 - [verifyingFreeDeliveryFilterFunctionality_Tablet_19-39-36] Clicked the  [[ChromeDriver: chrome on windows (cb5a9184b432b3903618754081047ace)] -> xpath: //input[@id='nav-search-submit-button']]   using safeClick
19:39:44 [TestNG-test-Test-3] INFO  verifyingFreeDeliveryFilterFunctionality_Tablet_19-39-36 - [verifyingFreeDeliveryFilterFunctionality_Tablet_19-39-36] Clicking on the submit in the search bar
19:39:44 [TestNG-test-Test-3] INFO  verifyingFreeDeliveryFilterFunctionality_Tablet_19-39-36 - [verifyingFreeDeliveryFilterFunctionality_Tablet_19-39-36] Waiting until element is visible in viewport
19:39:44 [TestNG-test-Test-3] INFO  verifyingFreeDeliveryFilterFunctionality_Tablet_19-39-36 - [verifyingFreeDeliveryFilterFunctionality_Tablet_19-39-36] Within validateDeliveryFilterOptionsWithResult method
19:39:44 [TestNG-test-Test-3] INFO  verifyingFreeDeliveryFilterFunctionality_Tablet_19-39-36 - [verifyingFreeDeliveryFilterFunctionality_Tablet_19-39-36] Within safeClick method
19:39:44 [TestNG-test-Test-3] INFO  verifyingFreeDeliveryFilterFunctionality_Tablet_19-39-36 - [verifyingFreeDeliveryFilterFunctionality_Tablet_19-39-36] Clicked the  [[ChromeDriver: chrome on windows (cb5a9184b432b3903618754081047ace)] -> xpath: //span[@class='a-size-base a-color-base puis-bold-weight-text' and text()='Eligible for Free Delivery']/parent::div/following-sibling::ul//span[@class='a-size-base a-color-base' and text()='Free Shipping']]   using safeClick
19:39:44 [TestNG-test-Test-3] INFO  verifyingFreeDeliveryFilterFunctionality_Tablet_19-39-36 - [verifyingFreeDeliveryFilterFunctionality_Tablet_19-39-36] Within getMoreButtonByFilterTypeAndName method
19:39:44 [TestNG-test-Test-3] INFO  verifyingFreeDeliveryFilterFunctionality_Tablet_19-39-36 - [verifyingFreeDeliveryFilterFunctionality_Tablet_19-39-36] Clicked on By.xpath: //span[@class='a-size-base a-color-base puis-bold-weight-text' and text()='Eligible for Free Delivery']/parent::div/following-sibling::ul//span[@class='a-size-base a-color-base' and text()='Free Shipping']
19:39:44 [TestNG-test-Test-3] INFO  verifyingFreeDeliveryFilterFunctionality_Tablet_19-39-36 - [verifyingFreeDeliveryFilterFunctionality_Tablet_19-39-36] Within safeFindElements 
19:39:45 [TestNG-test-Test-3] INFO  verifyingFreeDeliveryFilterFunctionality_Tablet_19-39-36 - [verifyingFreeDeliveryFilterFunctionality_Tablet_19-39-36] Returning the  [[[ChromeDriver: chrome on windows (cb5a9184b432b3903618754081047ace)] -> xpath: //div[@class='a-section a-spacing-small a-spacing-top-small']], [[ChromeDriver: chrome on windows (cb5a9184b432b3903618754081047ace)] -> xpath: //div[@class='a-section a-spacing-small a-spacing-top-small']], [[ChromeDriver: chrome on windows (cb5a9184b432b3903618754081047ace)] -> xpath: //div[@class='a-section a-spacing-small a-spacing-top-small']], [[ChromeDriver: chrome on windows (cb5a9184b432b3903618754081047ace)] -> xpath: //div[@class='a-section a-spacing-small a-spacing-top-small']], [[ChromeDriver: chrome on windows (cb5a9184b432b3903618754081047ace)] -> xpath: //div[@class='a-section a-spacing-small a-spacing-top-small']], [[ChromeDriver: chrome on windows (cb5a9184b432b3903618754081047ace)] -> xpath: //div[@class='a-section a-spacing-small a-spacing-top-small']], [[ChromeDriver: chrome on windows (cb5a9184b432b3903618754081047ace)] -> xpath: //div[@class='a-section a-spacing-small a-spacing-top-small']], [[ChromeDriver: chrome on windows (cb5a9184b432b3903618754081047ace)] -> xpath: //div[@class='a-section a-spacing-small a-spacing-top-small']]] from the safeFindElements method
19:39:45 [TestNG-test-Test-3] INFO  verifyingFreeDeliveryFilterFunctionality_Tablet_19-39-36 - [verifyingFreeDeliveryFilterFunctionality_Tablet_19-39-36] Created hashset with required data to assert with Within validateDeliveryFilterOptions method
19:39:45 [TestNG-test-Test-3] INFO  verifyingFreeDeliveryFilterFunctionality_Tablet_19-39-36 - [verifyingFreeDeliveryFilterFunctionality_Tablet_19-39-36] this is the set  [Jun, Today, FREE delivery, Sat, Sun, Tomorrow, 20, 21]
19:39:45 [TestNG-test-Test-3] INFO  verifyingFreeDeliveryFilterFunctionality_Tablet_19-39-36 - [verifyingFreeDeliveryFilterFunctionality_Tablet_19-39-36] Within deliveryElements loop iterating over the products  Within validateDeliveryFilterOptions method
19:39:45 [TestNG-test-Test-3] INFO  verifyingFreeDeliveryFilterFunctionality_Tablet_19-39-36 - [verifyingFreeDeliveryFilterFunctionality_Tablet_19-39-36] Checking if the allowedDateParts have the assert text   Within validateDeliveryFilterOptions method
19:39:45 [TestNG-test-Test-3] INFO  verifyingFreeDeliveryFilterFunctionality_Tablet_19-39-36 - [verifyingFreeDeliveryFilterFunctionality_Tablet_19-39-36] Within deliveryElements loop iterating over the products  Within validateDeliveryFilterOptions method
19:39:45 [TestNG-test-Test-3] INFO  verifyingFreeDeliveryFilterFunctionality_Tablet_19-39-36 - [verifyingFreeDeliveryFilterFunctionality_Tablet_19-39-36] Checking if the allowedDateParts have the assert text   Within validateDeliveryFilterOptions method
19:39:45 [TestNG-test-Test-3] INFO  verifyingFreeDeliveryFilterFunctionality_Tablet_19-39-36 - [verifyingFreeDeliveryFilterFunctionality_Tablet_19-39-36] Within deliveryElements loop iterating over the products  Within validateDeliveryFilterOptions method
19:39:45 [TestNG-test-Test-3] INFO  verifyingFreeDeliveryFilterFunctionality_Tablet_19-39-36 - [verifyingFreeDeliveryFilterFunctionality_Tablet_19-39-36] Checking if the allowedDateParts have the assert text   Within validateDeliveryFilterOptions method
19:39:45 [TestNG-test-Test-3] INFO  verifyingFreeDeliveryFilterFunctionality_Tablet_19-39-36 - [verifyingFreeDeliveryFilterFunctionality_Tablet_19-39-36] Within deliveryElements loop iterating over the products  Within validateDeliveryFilterOptions method
19:39:45 [TestNG-test-Test-3] INFO  verifyingFreeDeliveryFilterFunctionality_Tablet_19-39-36 - [verifyingFreeDeliveryFilterFunctionality_Tablet_19-39-36] Checking if the allowedDateParts have the assert text   Within validateDeliveryFilterOptions method
19:39:45 [TestNG-test-Test-3] INFO  verifyingFreeDeliveryFilterFunctionality_Tablet_19-39-36 - [verifyingFreeDeliveryFilterFunctionality_Tablet_19-39-36] Within deliveryElements loop iterating over the products  Within validateDeliveryFilterOptions method
19:39:45 [TestNG-test-Test-3] INFO  verifyingFreeDeliveryFilterFunctionality_Tablet_19-39-36 - [verifyingFreeDeliveryFilterFunctionality_Tablet_19-39-36] Checking if the allowedDateParts have the assert text   Within validateDeliveryFilterOptions method
19:39:45 [TestNG-test-Test-3] INFO  verifyingFreeDeliveryFilterFunctionality_Tablet_19-39-36 - [verifyingFreeDeliveryFilterFunctionality_Tablet_19-39-36] Within deliveryElements loop iterating over the products  Within validateDeliveryFilterOptions method
19:39:45 [TestNG-test-Test-3] INFO  verifyingFreeDeliveryFilterFunctionality_Tablet_19-39-36 - [verifyingFreeDeliveryFilterFunctionality_Tablet_19-39-36] Checking if the allowedDateParts have the assert text   Within validateDeliveryFilterOptions method
19:39:45 [TestNG-test-Test-3] INFO  verifyingFreeDeliveryFilterFunctionality_Tablet_19-39-36 - [verifyingFreeDeliveryFilterFunctionality_Tablet_19-39-36] Within deliveryElements loop iterating over the products  Within validateDeliveryFilterOptions method
19:39:45 [TestNG-test-Test-3] INFO  verifyingFreeDeliveryFilterFunctionality_Tablet_19-39-36 - [verifyingFreeDeliveryFilterFunctionality_Tablet_19-39-36] Checking if the allowedDateParts have the assert text   Within validateDeliveryFilterOptions method
19:39:45 [TestNG-test-Test-3] INFO  verifyingFreeDeliveryFilterFunctionality_Tablet_19-39-36 - [verifyingFreeDeliveryFilterFunctionality_Tablet_19-39-36] Within deliveryElements loop iterating over the products  Within validateDeliveryFilterOptions method
19:39:45 [TestNG-test-Test-3] INFO  verifyingFreeDeliveryFilterFunctionality_Tablet_19-39-36 - [verifyingFreeDeliveryFilterFunctionality_Tablet_19-39-36] Checking if the allowedDateParts have the assert text   Within validateDeliveryFilterOptions method
19:39:45 [TestNG-test-Test-3] INFO  verifyingFreeDeliveryFilterFunctionality_Tablet_19-39-36 - [verifyingFreeDeliveryFilterFunctionality_Tablet_19-39-36] Returning the list with boolean values   Within validateDeliveryFilterOptions method
19:39:45 [TestNG-test-Test-3] INFO  verifyingFreeDeliveryFilterFunctionality_Tablet_19-39-36 - [verifyingFreeDeliveryFilterFunctionality_Tablet_19-39-36] Asserting delivery filter: isValid=true, index=-1, text=All the things are valid no errors
